I1006 02:24:16.012198 2047873024 master_component.cc:1436] RegularizeModelArgs: rwt_target_name=rwt, pwt_source_name=pwt, nwt_source_name=nwt
I1006 02:24:16.012217 2047873024 master_component.cc:976] MasterComponent: start regularizing model pwt
I1006 02:24:16.035538 25919488 processor.cc:740] No data in processing queue, waiting...
I1006 02:24:16.130841 2047873024 master_component.cc:1002] MasterComponent: complete regularizing model pwt
I1006 02:24:16.130861 2047873024 master_component.cc:1449] NormalizeModelArgs: pwt_target_name=pwt, nwt_source_name=nwt, rwt_source_name=rwt
I1006 02:24:16.130867 2047873024 master_component.cc:1006] MasterComponent: start normalizing model nwt
I1006 02:24:16.218677 2047873024 master_component.cc:1034] MasterComponent: complete normalizing model nwt
I1006 02:24:16.310356 2047873024 master_component.cc:1473] DisposeModel rwt
I1006 02:24:16.327826 2047873024 master_component.cc:1059] FitOffline: ItemsProcessed, num_items=1728, num_batches=2, token_weight=808522, token_weight_in_effect=808522
I1006 02:24:16.328080 2047873024 c_interface.cc:389] Pass FitOfflineMasterModelArgs, batch_filename_size=2, batch_weight_size=2, num_collection_passes=1, reset_nwt=yes to MN4artm4core15MasterComponentEFvRKNS_25FitOfflineMasterModelArgsEE
I1006 02:24:16.328094 2047873024 master_component.cc:1398] ProcessBatchesArgs: nwt_target_name=nwt, batch_filename_size=2, batch_size=0, batch_weight_size=2, pwt_source_name=pwt, num_document_passes=1, regularizer=(name:SmoothSparsePhi_bcg, tau:100000), class=(text:1), class=(author:1), reuse_theta=yes, opt_for_avx=yes, predict_class_id=, reset_nwt=yes
I1006 02:24:16.347080 28065792 processor.cc:747] Processing queue has data, processing started
I1006 02:24:16.347105 28602368 processor.cc:747] Processing queue has data, processing started
I1006 02:24:16.362308 28065792 processor.cc:820] Processor: start processing batch dd744804-9833-470b-bd4a-9bfd8d8763fe into model nwt
I1006 02:24:16.373078 28602368 processor.cc:820] Processor: start processing batch 1807f09b-437d-4c03-b47a-c2a2e773c2dd into model nwt
I1006 02:24:16.524569 28065792 processor.cc:925] Processor: complete processing batch dd744804-9833-470b-bd4a-9bfd8d8763fe into model nwt
I1006 02:24:16.529079 28065792 cuckoo_watch.h:45] 181ms in ProcessBatch(lectures_batches/aaaaaa.batch) [including 15ms in LoadMessage; 8ms in InitializeSparseNdw; 0ms in FindReuseThetaCacheEntry; 8ms in InitializeTheta; 0ms in CreateRegularizerAgents; 88ms in InferThetaAndUpdateNwtSparse; 0ms in UpdateCacheEntry; 4ms in CalculateScore(sparsity_theta_score); 51ms in CalculateScore(^^^ItemsProcessedScore^^^); ]
I1006 02:24:16.552295 28065792 processor.cc:740] No data in processing queue, waiting...
I1006 02:24:16.691308 28602368 processor.cc:925] Processor: complete processing batch 1807f09b-437d-4c03-b47a-c2a2e773c2dd into model nwt
I1006 02:24:16.698654 28602368 cuckoo_watch.h:45] 351ms in ProcessBatch(lectures_batches/aaaaab.batch) [including 25ms in LoadMessage; 21ms in InitializeSparseNdw; 0ms in FindReuseThetaCacheEntry; 4ms in InitializeTheta; 0ms in CreateRegularizerAgents; 185ms in InferThetaAndUpdateNwtSparse; 0ms in UpdateCacheEntry; 5ms in CalculateScore(sparsity_theta_score); 101ms in CalculateScore(^^^ItemsProcessedScore^^^); ]
I1006 02:24:16.700079 2047873024 master_component.cc:1436] RegularizeModelArgs: rwt_target_name=rwt, pwt_source_name=pwt, nwt_source_name=nwt
I1006 02:24:16.700114 2047873024 master_component.cc:976] MasterComponent: start regularizing model pwt
I1006 02:24:16.722954 28602368 processor.cc:740] No data in processing queue, waiting...
I1006 02:24:16.823310 2047873024 master_component.cc:1002] MasterComponent: complete regularizing model pwt
I1006 02:24:16.823331 2047873024 master_component.cc:1449] NormalizeModelArgs: pwt_target_name=pwt, nwt_source_name=nwt, rwt_source_name=rwt
I1006 02:24:16.823338 2047873024 master_component.cc:1006] MasterComponent: start normalizing model nwt
I1006 02:24:16.915894 2047873024 master_component.cc:1034] MasterComponent: complete normalizing model nwt
I1006 02:24:17.003005 2047873024 master_component.cc:1473] DisposeModel rwt
I1006 02:24:17.025100 2047873024 master_component.cc:1059] FitOffline: ItemsProcessed, num_items=1728, num_batches=2, token_weight=808522, token_weight_in_effect=808522
I1006 02:24:17.025421 2047873024 c_interface.cc:389] Pass FitOfflineMasterModelArgs, batch_filename_size=2, batch_weight_size=2, num_collection_passes=1, reset_nwt=yes to MN4artm4core15MasterComponentEFvRKNS_25FitOfflineMasterModelArgsEE
I1006 02:24:17.025454 2047873024 master_component.cc:1398] ProcessBatchesArgs: nwt_target_name=nwt, batch_filename_size=2, batch_size=0, batch_weight_size=2, pwt_source_name=pwt, num_document_passes=1, regularizer=(name:SmoothSparsePhi_bcg, tau:100000), class=(text:1), class=(author:1), reuse_theta=yes, opt_for_avx=yes, predict_class_id=, reset_nwt=yes
I1006 02:24:17.045240 25919488 processor.cc:747] Processing queue has data, processing started
I1006 02:24:17.045240 27529216 processor.cc:747] Processing queue has data, processing started
I1006 02:24:17.058553 27529216 processor.cc:820] Processor: start processing batch dd744804-9833-470b-bd4a-9bfd8d8763fe into model nwt
I1006 02:24:17.069663 25919488 processor.cc:820] Processor: start processing batch 1807f09b-437d-4c03-b47a-c2a2e773c2dd into model nwt
I1006 02:24:17.227499 27529216 processor.cc:925] Processor: complete processing batch dd744804-9833-470b-bd4a-9bfd8d8763fe into model nwt
I1006 02:24:17.232630 27529216 cuckoo_watch.h:45] 187ms in ProcessBatch(lectures_batches/aaaaaa.batch) [including 13ms in LoadMessage; 8ms in InitializeSparseNdw; 0ms in FindReuseThetaCacheEntry; 9ms in InitializeTheta; 0ms in CreateRegularizerAgents; 92ms in InferThetaAndUpdateNwtSparse; 0ms in UpdateCacheEntry; 4ms in CalculateScore(sparsity_theta_score); 53ms in CalculateScore(^^^ItemsProcessedScore^^^); ]
I1006 02:24:17.257058 27529216 processor.cc:740] No data in processing queue, waiting...
I1006 02:24:17.400934 25919488 processor.cc:925] Processor: complete processing batch 1807f09b-437d-4c03-b47a-c2a2e773c2dd into model nwt
I1006 02:24:17.407469 25919488 cuckoo_watch.h:45] 362ms in ProcessBatch(lectures_batches/aaaaab.batch) [including 24ms in LoadMessage; 20ms in InitializeSparseNdw; 0ms in FindReuseThetaCacheEntry; 4ms in InitializeTheta; 0ms in CreateRegularizerAgents; 189ms in InferThetaAndUpdateNwtSparse; 0ms in UpdateCacheEntry; 5ms in CalculateScore(sparsity_theta_score); 109ms in CalculateScore(^^^ItemsProcessedScore^^^); ]
I1006 02:24:17.408083 2047873024 master_component.cc:1436] RegularizeModelArgs: rwt_target_name=rwt, pwt_source_name=pwt, nwt_source_name=nwt
I1006 02:24:17.408116 2047873024 master_component.cc:976] MasterComponent: start regularizing model pwt
I1006 02:24:17.431823 25919488 processor.cc:740] No data in processing queue, waiting...
I1006 02:24:17.525852 2047873024 master_component.cc:1002] MasterComponent: complete regularizing model pwt
I1006 02:24:17.525873 2047873024 master_component.cc:1449] NormalizeModelArgs: pwt_target_name=pwt, nwt_source_name=nwt, rwt_source_name=rwt
I1006 02:24:17.525879 2047873024 master_component.cc:1006] MasterComponent: start normalizing model nwt
I1006 02:24:17.617992 2047873024 master_component.cc:1034] MasterComponent: complete normalizing model nwt
I1006 02:24:17.713780 2047873024 master_component.cc:1473] DisposeModel rwt
I1006 02:24:17.731339 2047873024 master_component.cc:1059] FitOffline: ItemsProcessed, num_items=1728, num_batches=2, token_weight=808522, token_weight_in_effect=808522
I1006 02:24:17.739279 2047873024 c_interface.cc:231] ArtmCopyRequestedMessage is copying 1271 bytes...
I1006 02:24:17.761389 2047873024 c_interface.cc:231] ArtmCopyRequestedMessage is copying 1230 bytes...
I1006 02:24:17.767055 2047873024 c_interface.cc:231] ArtmCopyRequestedMessage is copying 1271 bytes...
I1006 02:24:17.769287 2047873024 c_interface.cc:231] ArtmCopyRequestedMessage is copying 1230 bytes...
I1006 02:24:17.959794 2047873024 c_interface.cc:389] Pass MasterModelConfig: topic_name_size=30, class=(text:1), class=(author:1), score_config_size=6, num_processors=0, pwt_name=pwt, nwt_name=nwt, num_document_passes=1, regularizer=(SmoothSparsePhi_bcg:100000), regularizer=(SmoothSparsePhi_sbj:-100000), reuse_theta=yes, cache_theta=yes, opt_for_avx=yes, disk_cache_path= to MN4artm4core15MasterComponentEFvRKNS_17MasterModelConfigEE
I1006 02:24:17.959872 2047873024 instance.cc:401] MasterModelConfig.processors_count is automatically set to 8
I1006 02:24:17.960002 2047873024 instance.cc:232] Regularizer 'SmoothSparsePhi_bcg' was cold-reconfigured
I1006 02:24:17.960031 2047873024 instance.cc:232] Regularizer 'SmoothSparsePhi_sbj' was cold-reconfigured
I1006 02:24:17.968554 2047873024 c_interface.cc:389] Pass MasterModelConfig: topic_name_size=30, class=(text:1), class=(author:1), score_config_size=6, num_processors=0, pwt_name=pwt, nwt_name=nwt, num_document_passes=1, regularizer=(SmoothSparsePhi_bcg:100000), regularizer=(SmoothSparsePhi_sbj:-500000), reuse_theta=yes, cache_theta=yes, opt_for_avx=yes, disk_cache_path= to MN4artm4core15MasterComponentEFvRKNS_17MasterModelConfigEE
I1006 02:24:17.968613 2047873024 instance.cc:401] MasterModelConfig.processors_count is automatically set to 8
I1006 02:24:17.968737 2047873024 instance.cc:232] Regularizer 'SmoothSparsePhi_bcg' was cold-reconfigured
I1006 02:24:17.968768 2047873024 instance.cc:232] Regularizer 'SmoothSparsePhi_sbj' was cold-reconfigured
I1006 02:24:17.977890 2047873024 c_interface.cc:389] Pass FitOfflineMasterModelArgs, batch_filename_size=2, batch_weight_size=2, num_collection_passes=1, reset_nwt=yes to MN4artm4core15MasterComponentEFvRKNS_25FitOfflineMasterModelArgsEE
I1006 02:24:17.977916 2047873024 master_component.cc:1398] ProcessBatchesArgs: nwt_target_name=nwt, batch_filename_size=2, batch_size=0, batch_weight_size=2, pwt_source_name=pwt, num_document_passes=1, regularizer=(name:SmoothSparsePhi_bcg, tau:100000), regularizer=(name:SmoothSparsePhi_sbj, tau:-500000), class=(text:1), class=(author:1), reuse_theta=yes, opt_for_avx=yes, predict_class_id=, reset_nwt=yes
I1006 02:24:17.997584 24846336 processor.cc:747] Processing queue has data, processing started
I1006 02:24:17.997750 26992640 processor.cc:747] Processing queue has data, processing started
I1006 02:24:18.013437 24846336 processor.cc:820] Processor: start processing batch dd744804-9833-470b-bd4a-9bfd8d8763fe into model nwt
I1006 02:24:18.028338 26992640 processor.cc:820] Processor: start processing batch 1807f09b-437d-4c03-b47a-c2a2e773c2dd into model nwt
I1006 02:24:18.185642 24846336 processor.cc:925] Processor: complete processing batch dd744804-9833-470b-bd4a-9bfd8d8763fe into model nwt
I1006 02:24:18.190722 24846336 cuckoo_watch.h:45] 193ms in ProcessBatch(lectures_batches/aaaaaa.batch) [including 15ms in LoadMessage; 11ms in InitializeSparseNdw; 0ms in FindReuseThetaCacheEntry; 9ms in InitializeTheta; 0ms in CreateRegularizerAgents; 94ms in InferThetaAndUpdateNwtSparse; 0ms in UpdateCacheEntry; 3ms in CalculateScore(sparsity_theta_score); 52ms in CalculateScore(^^^ItemsProcessedScore^^^); ]
I1006 02:24:18.214663 24846336 processor.cc:740] No data in processing queue, waiting...
I1006 02:24:18.363430 26992640 processor.cc:925] Processor: complete processing batch 1807f09b-437d-4c03-b47a-c2a2e773c2dd into model nwt
I1006 02:24:18.371004 26992640 cuckoo_watch.h:45] 373ms in ProcessBatch(lectures_batches/aaaaab.batch) [including 30ms in LoadMessage; 24ms in InitializeSparseNdw; 0ms in FindReuseThetaCacheEntry; 3ms in InitializeTheta; 0ms in CreateRegularizerAgents; 185ms in InferThetaAndUpdateNwtSparse; 0ms in UpdateCacheEntry; 6ms in CalculateScore(sparsity_theta_score); 115ms in CalculateScore(^^^ItemsProcessedScore^^^); ]
I1006 02:24:18.371140 2047873024 master_component.cc:1436] RegularizeModelArgs: rwt_target_name=rwt, pwt_source_name=pwt, nwt_source_name=nwt
I1006 02:24:18.371170 2047873024 master_component.cc:976] MasterComponent: start regularizing model pwt
I1006 02:24:18.395042 26992640 processor.cc:740] No data in processing queue, waiting...
I1006 02:24:18.539428 2047873024 master_component.cc:1002] MasterComponent: complete regularizing model pwt
I1006 02:24:18.539448 2047873024 master_component.cc:1449] NormalizeModelArgs: pwt_target_name=pwt, nwt_source_name=nwt, rwt_source_name=rwt
I1006 02:24:18.539454 2047873024 master_component.cc:1006] MasterComponent: start normalizing model nwt
I1006 02:24:18.625351 2047873024 master_component.cc:1034] MasterComponent: complete normalizing model nwt
I1006 02:24:18.689064 2047873024 master_component.cc:1473] DisposeModel rwt
I1006 02:24:18.708873 2047873024 master_component.cc:1059] FitOffline: ItemsProcessed, num_items=1728, num_batches=2, token_weight=808522, token_weight_in_effect=808522
I1006 02:24:18.709265 2047873024 c_interface.cc:389] Pass FitOfflineMasterModelArgs, batch_filename_size=2, batch_weight_size=2, num_collection_passes=1, reset_nwt=yes to MN4artm4core15MasterComponentEFvRKNS_25FitOfflineMasterModelArgsEE
I1006 02:24:18.709285 2047873024 master_component.cc:1398] ProcessBatchesArgs: nwt_target_name=nwt, batch_filename_size=2, batch_size=0, batch_weight_size=2, pwt_source_name=pwt, num_document_passes=1, regularizer=(name:SmoothSparsePhi_bcg, tau:100000), regularizer=(name:SmoothSparsePhi_sbj, tau:-500000), class=(text:1), class=(author:1), reuse_theta=yes, opt_for_avx=yes, predict_class_id=, reset_nwt=yes
I1006 02:24:18.730974 25382912 processor.cc:747] Processing queue has data, processing started
I1006 02:24:18.730986 26456064 processor.cc:747] Processing queue has data, processing started
I1006 02:24:18.744267 25382912 processor.cc:820] Processor: start processing batch dd744804-9833-470b-bd4a-9bfd8d8763fe into model nwt
I1006 02:24:18.754549 26456064 processor.cc:820] Processor: start processing batch 1807f09b-437d-4c03-b47a-c2a2e773c2dd into model nwt
I1006 02:24:18.908955 25382912 processor.cc:925] Processor: complete processing batch dd744804-9833-470b-bd4a-9bfd8d8763fe into model nwt
I1006 02:24:18.914110 25382912 cuckoo_watch.h:45] 183ms in ProcessBatch(lectures_batches/aaaaaa.batch) [including 13ms in LoadMessage; 8ms in InitializeSparseNdw; 0ms in FindReuseThetaCacheEntry; 10ms in InitializeTheta; 0ms in CreateRegularizerAgents; 89ms in InferThetaAndUpdateNwtSparse; 0ms in UpdateCacheEntry; 4ms in CalculateScore(sparsity_theta_score); 51ms in CalculateScore(^^^ItemsProcessedScore^^^); ]
I1006 02:24:18.938249 25382912 processor.cc:740] No data in processing queue, waiting...
I1006 02:24:19.070289 26456064 processor.cc:925] Processor: complete processing batch 1807f09b-437d-4c03-b47a-c2a2e773c2dd into model nwt
I1006 02:24:19.076654 26456064 cuckoo_watch.h:45] 345ms in ProcessBatch(lectures_batches/aaaaab.batch) [including 23ms in LoadMessage; 20ms in InitializeSparseNdw; 0ms in FindReuseThetaCacheEntry; 4ms in InitializeTheta; 0ms in CreateRegularizerAgents; 175ms in InferThetaAndUpdateNwtSparse; 0ms in UpdateCacheEntry; 5ms in CalculateScore(sparsity_theta_score); 109ms in CalculateScore(^^^ItemsProcessedScore^^^); ]
I1006 02:24:19.078080 2047873024 master_component.cc:1436] RegularizeModelArgs: rwt_target_name=rwt, pwt_source_name=pwt, nwt_source_name=nwt
I1006 02:24:19.078142 2047873024 master_component.cc:976] MasterComponent: start regularizing model pwt
I1006 02:24:19.100841 26456064 processor.cc:740] No data in processing queue, waiting...
I1006 02:24:19.248473 2047873024 master_component.cc:1002] MasterComponent: complete regularizing model pwt
I1006 02:24:19.248492 2047873024 master_component.cc:1449] NormalizeModelArgs: pwt_target_name=pwt, nwt_source_name=nwt, rwt_source_name=rwt
I1006 02:24:19.248499 2047873024 master_component.cc:1006] MasterComponent: start normalizing model nwt
I1006 02:24:19.331615 2047873024 master_component.cc:1034] MasterComponent: complete normalizing model nwt
I1006 02:24:19.399504 2047873024 master_component.cc:1473] DisposeModel rwt
I1006 02:24:19.420518 2047873024 master_component.cc:1059] FitOffline: ItemsProcessed, num_items=1728, num_batches=2, token_weight=808522, token_weight_in_effect=808522
I1006 02:24:19.420763 2047873024 c_interface.cc:389] Pass FitOfflineMasterModelArgs, batch_filename_size=2, batch_weight_size=2, num_collection_passes=1, reset_nwt=yes to MN4artm4core15MasterComponentEFvRKNS_25FitOfflineMasterModelArgsEE
I1006 02:24:19.420776 2047873024 master_component.cc:1398] ProcessBatchesArgs: nwt_target_name=nwt, batch_filename_size=2, batch_size=0, batch_weight_size=2, pwt_source_name=pwt, num_document_passes=1, regularizer=(name:SmoothSparsePhi_bcg, tau:100000), regularizer=(name:SmoothSparsePhi_sbj, tau:-500000), class=(text:1), class=(author:1), reuse_theta=yes, opt_for_avx=yes, predict_class_id=, reset_nwt=yes
I1006 02:24:19.440820 27529216 processor.cc:747] Processing queue has data, processing started
I1006 02:24:19.440848 26992640 processor.cc:747] Processing queue has data, processing started
I1006 02:24:19.454978 27529216 processor.cc:820] Processor: start processing batch dd744804-9833-470b-bd4a-9bfd8d8763fe into model nwt
I1006 02:24:19.464802 26992640 processor.cc:820] Processor: start processing batch 1807f09b-437d-4c03-b47a-c2a2e773c2dd into model nwt
I1006 02:24:19.615099 27529216 processor.cc:925] Processor: complete processing batch dd744804-9833-470b-bd4a-9bfd8d8763fe into model nwt
I1006 02:24:19.620376 27529216 cuckoo_watch.h:45] 179ms in ProcessBatch(lectures_batches/aaaaaa.batch) [including 14ms in LoadMessage; 7ms in InitializeSparseNdw; 0ms in FindReuseThetaCacheEntry; 8ms in InitializeTheta; 0ms in CreateRegularizerAgents; 87ms in InferThetaAndUpdateNwtSparse; 0ms in UpdateCacheEntry; 4ms in CalculateScore(sparsity_theta_score); 51ms in CalculateScore(^^^ItemsProcessedScore^^^); ]
I1006 02:24:19.644377 27529216 processor.cc:740] No data in processing queue, waiting...
I1006 02:24:19.785020 26992640 processor.cc:925] Processor: complete processing batch 1807f09b-437d-4c03-b47a-c2a2e773c2dd into model nwt
I1006 02:24:19.791503 26992640 cuckoo_watch.h:45] 350ms in ProcessBatch(lectures_batches/aaaaab.batch) [including 23ms in LoadMessage; 18ms in InitializeSparseNdw; 0ms in FindReuseThetaCacheEntry; 4ms in InitializeTheta; 0ms in CreateRegularizerAgents; 174ms in InferThetaAndUpdateNwtSparse; 0ms in UpdateCacheEntry; 5ms in CalculateScore(sparsity_theta_score); 115ms in CalculateScore(^^^ItemsProcessedScore^^^); ]
I1006 02:24:19.792520 2047873024 master_component.cc:1436] RegularizeModelArgs: rwt_target_name=rwt, pwt_source_name=pwt, nwt_source_name=nwt
I1006 02:24:19.792575 2047873024 master_component.cc:976] MasterComponent: start regularizing model pwt
I1006 02:24:19.815779 26992640 processor.cc:740] No data in processing queue, waiting...
I1006 02:24:19.953773 2047873024 master_component.cc:1002] MasterComponent: complete regularizing model pwt
I1006 02:24:19.953794 2047873024 master_component.cc:1449] NormalizeModelArgs: pwt_target_name=pwt, nwt_source_name=nwt, rwt_source_name=rwt
I1006 02:24:19.953830 2047873024 master_component.cc:1006] MasterComponent: start normalizing model nwt
I1006 02:24:20.033046 2047873024 master_component.cc:1034] MasterComponent: complete normalizing model nwt
I1006 02:24:20.096284 2047873024 master_component.cc:1473] DisposeModel rwt
I1006 02:24:20.116363 2047873024 master_component.cc:1059] FitOffline: ItemsProcessed, num_items=1728, num_batches=2, token_weight=808522, token_weight_in_effect=808522
I1006 02:24:20.116641 2047873024 c_interface.cc:389] Pass FitOfflineMasterModelArgs, batch_filename_size=2, batch_weight_size=2, num_collection_passes=1, reset_nwt=yes to MN4artm4core15MasterComponentEFvRKNS_25FitOfflineMasterModelArgsEE
I1006 02:24:20.116657 2047873024 master_component.cc:1398] ProcessBatchesArgs: nwt_target_name=nwt, batch_filename_size=2, batch_size=0, batch_weight_size=2, pwt_source_name=pwt, num_document_passes=1, regularizer=(name:SmoothSparsePhi_bcg, tau:100000), regularizer=(name:SmoothSparsePhi_sbj, tau:-500000), class=(text:1), class=(author:1), reuse_theta=yes, opt_for_avx=yes, predict_class_id=, reset_nwt=yes
I1006 02:24:20.135376 28065792 processor.cc:747] Processing queue has data, processing started
I1006 02:24:20.135370 24846336 processor.cc:747] Processing queue has data, processing started
I1006 02:24:20.148963 24846336 processor.cc:820] Processor: start processing batch dd744804-9833-470b-bd4a-9bfd8d8763fe into model nwt
I1006 02:24:20.160522 28065792 processor.cc:820] Processor: start processing batch 1807f09b-437d-4c03-b47a-c2a2e773c2dd into model nwt
I1006 02:24:20.307911 24846336 processor.cc:925] Processor: complete processing batch dd744804-9833-470b-bd4a-9bfd8d8763fe into model nwt
I1006 02:24:20.313066 24846336 cuckoo_watch.h:45] 177ms in ProcessBatch(lectures_batches/aaaaaa.batch) [including 13ms in LoadMessage; 9ms in InitializeSparseNdw; 0ms in FindReuseThetaCacheEntry; 9ms in InitializeTheta; 0ms in CreateRegularizerAgents; 87ms in InferThetaAndUpdateNwtSparse; 0ms in UpdateCacheEntry; 4ms in CalculateScore(sparsity_theta_score); 48ms in CalculateScore(^^^ItemsProcessedScore^^^); ]
I1006 02:24:20.337252 24846336 processor.cc:740] No data in processing queue, waiting...
I1006 02:24:20.469606 28065792 processor.cc:925] Processor: complete processing batch 1807f09b-437d-4c03-b47a-c2a2e773c2dd into model nwt
I1006 02:24:20.476997 28065792 cuckoo_watch.h:45] 341ms in ProcessBatch(lectures_batches/aaaaab.batch) [including 25ms in LoadMessage; 20ms in InitializeSparseNdw; 0ms in FindReuseThetaCacheEntry; 4ms in InitializeTheta; 0ms in CreateRegularizerAgents; 174ms in InferThetaAndUpdateNwtSparse; 0ms in UpdateCacheEntry; 5ms in CalculateScore(sparsity_theta_score); 104ms in CalculateScore(^^^ItemsProcessedScore^^^); ]
I1006 02:24:20.477107 2047873024 master_component.cc:1436] RegularizeModelArgs: rwt_target_name=rwt, pwt_source_name=pwt, nwt_source_name=nwt
I1006 02:24:20.477130 2047873024 master_component.cc:976] MasterComponent: start regularizing model pwt
I1006 02:24:20.501291 28065792 processor.cc:740] No data in processing queue, waiting...
I1006 02:24:20.643651 2047873024 master_component.cc:1002] MasterComponent: complete regularizing model pwt
I1006 02:24:20.643672 2047873024 master_component.cc:1449] NormalizeModelArgs: pwt_target_name=pwt, nwt_source_name=nwt, rwt_source_name=rwt
I1006 02:24:20.643678 2047873024 master_component.cc:1006] MasterComponent: start normalizing model nwt
I1006 02:24:20.731556 2047873024 master_component.cc:1034] MasterComponent: complete normalizing model nwt
I1006 02:24:20.794615 2047873024 master_component.cc:1473] DisposeModel rwt
I1006 02:24:20.813925 2047873024 master_component.cc:1059] FitOffline: ItemsProcessed, num_items=1728, num_batches=2, token_weight=808522, token_weight_in_effect=808522
I1006 02:24:20.814174 2047873024 c_interface.cc:389] Pass FitOfflineMasterModelArgs, batch_filename_size=2, batch_weight_size=2, num_collection_passes=1, reset_nwt=yes to MN4artm4core15MasterComponentEFvRKNS_25FitOfflineMasterModelArgsEE
I1006 02:24:20.814188 2047873024 master_component.cc:1398] ProcessBatchesArgs: nwt_target_name=nwt, batch_filename_size=2, batch_size=0, batch_weight_size=2, pwt_source_name=pwt, num_document_passes=1, regularizer=(name:SmoothSparsePhi_bcg, tau:100000), regularizer=(name:SmoothSparsePhi_sbj, tau:-500000), class=(text:1), class=(author:1), reuse_theta=yes, opt_for_avx=yes, predict_class_id=, reset_nwt=yes
I1006 02:24:20.835142 28602368 processor.cc:747] Processing queue has data, processing started
I1006 02:24:20.835144 26456064 processor.cc:747] Processing queue has data, processing started
I1006 02:24:20.848561 28602368 processor.cc:820] Processor: start processing batch dd744804-9833-470b-bd4a-9bfd8d8763fe into model nwt
I1006 02:24:20.859462 26456064 processor.cc:820] Processor: start processing batch 1807f09b-437d-4c03-b47a-c2a2e773c2dd into model nwt
I1006 02:24:21.002746 28602368 processor.cc:925] Processor: complete processing batch dd744804-9833-470b-bd4a-9bfd8d8763fe into model nwt
I1006 02:24:21.008325 28602368 cuckoo_watch.h:45] 173ms in ProcessBatch(lectures_batches/aaaaaa.batch) [including 13ms in LoadMessage; 8ms in InitializeSparseNdw; 0ms in FindReuseThetaCacheEntry; 10ms in InitializeTheta; 0ms in CreateRegularizerAgents; 83ms in InferThetaAndUpdateNwtSparse; 0ms in UpdateCacheEntry; 3ms in CalculateScore(sparsity_theta_score); 47ms in CalculateScore(^^^ItemsProcessedScore^^^); ]
I1006 02:24:21.032465 28602368 processor.cc:740] No data in processing queue, waiting...
I1006 02:24:21.155457 26456064 processor.cc:925] Processor: complete processing batch 1807f09b-437d-4c03-b47a-c2a2e773c2dd into model nwt
I1006 02:24:21.162163 26456064 cuckoo_watch.h:45] 326ms in ProcessBatch(lectures_batches/aaaaab.batch) [including 24ms in LoadMessage; 20ms in InitializeSparseNdw; 0ms in FindReuseThetaCacheEntry; 4ms in InitializeTheta; 0ms in CreateRegularizerAgents; 167ms in InferThetaAndUpdateNwtSparse; 0ms in UpdateCacheEntry; 4ms in CalculateScore(sparsity_theta_score); 98ms in CalculateScore(^^^ItemsProcessedScore^^^); ]
I1006 02:24:21.162755 2047873024 master_component.cc:1436] RegularizeModelArgs: rwt_target_name=rwt, pwt_source_name=pwt, nwt_source_name=nwt
I1006 02:24:21.162791 2047873024 master_component.cc:976] MasterComponent: start regularizing model pwt
I1006 02:24:21.186538 26456064 processor.cc:740] No data in processing queue, waiting...
I1006 02:24:21.324446 2047873024 master_component.cc:1002] MasterComponent: complete regularizing model pwt
I1006 02:24:21.324467 2047873024 master_component.cc:1449] NormalizeModelArgs: pwt_target_name=pwt, nwt_source_name=nwt, rwt_source_name=rwt
I1006 02:24:21.324476 2047873024 master_component.cc:1006] MasterComponent: start normalizing model nwt
I1006 02:24:21.409306 2047873024 master_component.cc:1034] MasterComponent: complete normalizing model nwt
I1006 02:24:21.478137 2047873024 master_component.cc:1473] DisposeModel rwt
I1006 02:24:21.500741 2047873024 master_component.cc:1059] FitOffline: ItemsProcessed, num_items=1728, num_batches=2, token_weight=808522, token_weight_in_effect=808522
I1006 02:24:21.501020 2047873024 c_interface.cc:389] Pass FitOfflineMasterModelArgs, batch_filename_size=2, batch_weight_size=2, num_collection_passes=1, reset_nwt=yes to MN4artm4core15MasterComponentEFvRKNS_25FitOfflineMasterModelArgsEE
I1006 02:24:21.501039 2047873024 master_component.cc:1398] ProcessBatchesArgs: nwt_target_name=nwt, batch_filename_size=2, batch_size=0, batch_weight_size=2, pwt_source_name=pwt, num_document_passes=1, regularizer=(name:SmoothSparsePhi_bcg, tau:100000), regularizer=(name:SmoothSparsePhi_sbj, tau:-500000), class=(text:1), class=(author:1), reuse_theta=yes, opt_for_avx=yes, predict_class_id=, reset_nwt=yes
I1006 02:24:21.521121 25382912 processor.cc:747] Processing queue has data, processing started
I1006 02:24:21.521121 27529216 processor.cc:747] Processing queue has data, processing started
I1006 02:24:21.535809 25382912 processor.cc:820] Processor: start processing batch dd744804-9833-470b-bd4a-9bfd8d8763fe into model nwt
I1006 02:24:21.545887 27529216 processor.cc:820] Processor: start processing batch 1807f09b-437d-4c03-b47a-c2a2e773c2dd into model nwt
I1006 02:24:21.690150 25382912 processor.cc:925] Processor: complete processing batch dd744804-9833-470b-bd4a-9bfd8d8763fe into model nwt
I1006 02:24:21.695915 25382912 cuckoo_watch.h:45] 174ms in ProcessBatch(lectures_batches/aaaaaa.batch) [including 14ms in LoadMessage; 7ms in InitializeSparseNdw; 0ms in FindReuseThetaCacheEntry; 8ms in InitializeTheta; 0ms in CreateRegularizerAgents; 82ms in InferThetaAndUpdateNwtSparse; 0ms in UpdateCacheEntry; 5ms in CalculateScore(sparsity_theta_score); 50ms in CalculateScore(^^^ItemsProcessedScore^^^); ]
I1006 02:24:21.720234 25382912 processor.cc:740] No data in processing queue, waiting...
I1006 02:24:21.845139 27529216 processor.cc:925] Processor: complete processing batch 1807f09b-437d-4c03-b47a-c2a2e773c2dd into model nwt
I1006 02:24:21.852725 27529216 cuckoo_watch.h:45] 331ms in ProcessBatch(lectures_batches/aaaaab.batch) [including 24ms in LoadMessage; 19ms in InitializeSparseNdw; 0ms in FindReuseThetaCacheEntry; 3ms in InitializeTheta; 0ms in CreateRegularizerAgents; 169ms in InferThetaAndUpdateNwtSparse; 0ms in UpdateCacheEntry; 5ms in CalculateScore(sparsity_theta_score); 99ms in CalculateScore(^^^ItemsProcessedScore^^^); ]
I1006 02:24:21.853472 2047873024 master_component.cc:1436] RegularizeModelArgs: rwt_target_name=rwt, pwt_source_name=pwt, nwt_source_name=nwt
I1006 02:24:21.853510 2047873024 master_component.cc:976] MasterComponent: start regularizing model pwt
I1006 02:24:21.877104 27529216 processor.cc:740] No data in processing queue, waiting...
I1006 02:24:22.017968 2047873024 master_component.cc:1002] MasterComponent: complete regularizing model pwt
I1006 02:24:22.017985 2047873024 master_component.cc:1449] NormalizeModelArgs: pwt_target_name=pwt, nwt_source_name=nwt, rwt_source_name=rwt
I1006 02:24:22.017992 2047873024 master_component.cc:1006] MasterComponent: start normalizing model nwt
I1006 02:24:22.097461 2047873024 master_component.cc:1034] MasterComponent: complete normalizing model nwt
I1006 02:24:22.161382 2047873024 master_component.cc:1473] DisposeModel rwt
I1006 02:24:22.182914 2047873024 master_component.cc:1059] FitOffline: ItemsProcessed, num_items=1728, num_batches=2, token_weight=808522, token_weight_in_effect=808522
I1006 02:24:22.183161 2047873024 c_interface.cc:389] Pass FitOfflineMasterModelArgs, batch_filename_size=2, batch_weight_size=2, num_collection_passes=1, reset_nwt=yes to MN4artm4core15MasterComponentEFvRKNS_25FitOfflineMasterModelArgsEE
I1006 02:24:22.183176 2047873024 master_component.cc:1398] ProcessBatchesArgs: nwt_target_name=nwt, batch_filename_size=2, batch_size=0, batch_weight_size=2, pwt_source_name=pwt, num_document_passes=1, regularizer=(name:SmoothSparsePhi_bcg, tau:100000), regularizer=(name:SmoothSparsePhi_sbj, tau:-500000), class=(text:1), class=(author:1), reuse_theta=yes, opt_for_avx=yes, predict_class_id=, reset_nwt=yes
I1006 02:24:22.205286 28602368 processor.cc:747] Processing queue has data, processing started
I1006 02:24:22.205307 26456064 processor.cc:747] Processing queue has data, processing started
I1006 02:24:22.220016 28602368 processor.cc:820] Processor: start processing batch dd744804-9833-470b-bd4a-9bfd8d8763fe into model nwt
I1006 02:24:22.230599 26456064 processor.cc:820] Processor: start processing batch 1807f09b-437d-4c03-b47a-c2a2e773c2dd into model nwt
I1006 02:24:22.381729 28602368 processor.cc:925] Processor: complete processing batch dd744804-9833-470b-bd4a-9bfd8d8763fe into model nwt
I1006 02:24:22.386420 28602368 cuckoo_watch.h:45] 181ms in ProcessBatch(lectures_batches/aaaaaa.batch) [including 14ms in LoadMessage; 8ms in InitializeSparseNdw; 0ms in FindReuseThetaCacheEntry; 9ms in InitializeTheta; 0ms in CreateRegularizerAgents; 86ms in InferThetaAndUpdateNwtSparse; 0ms in UpdateCacheEntry; 4ms in CalculateScore(sparsity_theta_score); 52ms in CalculateScore(^^^ItemsProcessedScore^^^); ]
I1006 02:24:22.410526 28602368 processor.cc:740] No data in processing queue, waiting...
I1006 02:24:22.547458 26456064 processor.cc:925] Processor: complete processing batch 1807f09b-437d-4c03-b47a-c2a2e773c2dd into model nwt
I1006 02:24:22.554965 26456064 cuckoo_watch.h:45] 349ms in ProcessBatch(lectures_batches/aaaaab.batch) [including 25ms in LoadMessage; 20ms in InitializeSparseNdw; 0ms in FindReuseThetaCacheEntry; 5ms in InitializeTheta; 0ms in CreateRegularizerAgents; 176ms in InferThetaAndUpdateNwtSparse; 0ms in UpdateCacheEntry; 6ms in CalculateScore(sparsity_theta_score); 106ms in CalculateScore(^^^ItemsProcessedScore^^^); ]
I1006 02:24:22.556018 2047873024 master_component.cc:1436] RegularizeModelArgs: rwt_target_name=rwt, pwt_source_name=pwt, nwt_source_name=nwt
I1006 02:24:22.556054 2047873024 master_component.cc:976] MasterComponent: start regularizing model pwt
I1006 02:24:22.578974 26456064 processor.cc:740] No data in processing queue, waiting...
I1006 02:24:22.724007 2047873024 master_component.cc:1002] MasterComponent: complete regularizing model pwt
I1006 02:24:22.724027 2047873024 master_component.cc:1449] NormalizeModelArgs: pwt_target_name=pwt, nwt_source_name=nwt, rwt_source_name=rwt
I1006 02:24:22.724033 2047873024 master_component.cc:1006] MasterComponent: start normalizing model nwt
I1006 02:24:22.803640 2047873024 master_component.cc:1034] MasterComponent: complete normalizing model nwt
I1006 02:24:22.870494 2047873024 master_component.cc:1473] DisposeModel rwt
I1006 02:24:22.894474 2047873024 master_component.cc:1059] FitOffline: ItemsProcessed, num_items=1728, num_batches=2, token_weight=808522, token_weight_in_effect=808522
I1006 02:24:22.894752 2047873024 c_interface.cc:389] Pass FitOfflineMasterModelArgs, batch_filename_size=2, batch_weight_size=2, num_collection_passes=1, reset_nwt=yes to MN4artm4core15MasterComponentEFvRKNS_25FitOfflineMasterModelArgsEE
I1006 02:24:22.894769 2047873024 master_component.cc:1398] ProcessBatchesArgs: nwt_target_name=nwt, batch_filename_size=2, batch_size=0, batch_weight_size=2, pwt_source_name=pwt, num_document_passes=1, regularizer=(name:SmoothSparsePhi_bcg, tau:100000), regularizer=(name:SmoothSparsePhi_sbj, tau:-500000), class=(text:1), class=(author:1), reuse_theta=yes, opt_for_avx=yes, predict_class_id=, reset_nwt=yes
I1006 02:24:22.912811 25919488 processor.cc:747] Processing queue has data, processing started
I1006 02:24:22.912825 24846336 processor.cc:747] Processing queue has data, processing started
I1006 02:24:22.926623 25919488 processor.cc:820] Processor: start processing batch dd744804-9833-470b-bd4a-9bfd8d8763fe into model nwt
I1006 02:24:22.938557 24846336 processor.cc:820] Processor: start processing batch 1807f09b-437d-4c03-b47a-c2a2e773c2dd into model nwt
I1006 02:24:23.091898 25919488 processor.cc:925] Processor: complete processing batch dd744804-9833-470b-bd4a-9bfd8d8763fe into model nwt
I1006 02:24:23.096957 25919488 cuckoo_watch.h:45] 184ms in ProcessBatch(lectures_batches/aaaaaa.batch) [including 13ms in LoadMessage; 9ms in InitializeSparseNdw; 0ms in FindReuseThetaCacheEntry; 11ms in InitializeTheta; 0ms in CreateRegularizerAgents; 88ms in InferThetaAndUpdateNwtSparse; 0ms in UpdateCacheEntry; 3ms in CalculateScore(sparsity_theta_score); 51ms in CalculateScore(^^^ItemsProcessedScore^^^); ]
I1006 02:24:23.121073 25919488 processor.cc:740] No data in processing queue, waiting...
I1006 02:24:23.254971 24846336 processor.cc:925] Processor: complete processing batch 1807f09b-437d-4c03-b47a-c2a2e773c2dd into model nwt
I1006 02:24:23.262667 24846336 cuckoo_watch.h:45] 349ms in ProcessBatch(lectures_batches/aaaaab.batch) [including 25ms in LoadMessage; 21ms in InitializeSparseNdw; 0ms in FindReuseThetaCacheEntry; 4ms in InitializeTheta; 0ms in CreateRegularizerAgents; 178ms in InferThetaAndUpdateNwtSparse; 0ms in UpdateCacheEntry; 6ms in CalculateScore(sparsity_theta_score); 105ms in CalculateScore(^^^ItemsProcessedScore^^^); ]
I1006 02:24:23.263204 2047873024 master_component.cc:1436] RegularizeModelArgs: rwt_target_name=rwt, pwt_source_name=pwt, nwt_source_name=nwt
I1006 02:24:23.263236 2047873024 master_component.cc:976] MasterComponent: start regularizing model pwt
I1006 02:24:23.287001 24846336 processor.cc:740] No data in processing queue, waiting...
I1006 02:24:23.420747 2047873024 master_component.cc:1002] MasterComponent: complete regularizing model pwt
I1006 02:24:23.420768 2047873024 master_component.cc:1449] NormalizeModelArgs: pwt_target_name=pwt, nwt_source_name=nwt, rwt_source_name=rwt
I1006 02:24:23.420775 2047873024 master_component.cc:1006] MasterComponent: start normalizing model nwt
I1006 02:24:23.508575 2047873024 master_component.cc:1034] MasterComponent: complete normalizing model nwt
I1006 02:24:23.577257 2047873024 master_component.cc:1473] DisposeModel rwt
I1006 02:24:23.600853 2047873024 master_component.cc:1059] FitOffline: ItemsProcessed, num_items=1728, num_batches=2, token_weight=808522, token_weight_in_effect=808522
I1006 02:24:23.601181 2047873024 c_interface.cc:389] Pass FitOfflineMasterModelArgs, batch_filename_size=2, batch_weight_size=2, num_collection_passes=1, reset_nwt=yes to MN4artm4core15MasterComponentEFvRKNS_25FitOfflineMasterModelArgsEE
I1006 02:24:23.601197 2047873024 master_component.cc:1398] ProcessBatchesArgs: nwt_target_name=nwt, batch_filename_size=2, batch_size=0, batch_weight_size=2, pwt_source_name=pwt, num_document_passes=1, regularizer=(name:SmoothSparsePhi_bcg, tau:100000), regularizer=(name:SmoothSparsePhi_sbj, tau:-500000), class=(text:1), class=(author:1), reuse_theta=yes, opt_for_avx=yes, predict_class_id=, reset_nwt=yes
I1006 02:24:23.620414 26992640 processor.cc:747] Processing queue has data, processing started
I1006 02:24:23.620425 27529216 processor.cc:747] Processing queue has data, processing started
I1006 02:24:23.633843 26992640 processor.cc:820] Processor: start processing batch dd744804-9833-470b-bd4a-9bfd8d8763fe into model nwt
I1006 02:24:23.644238 27529216 processor.cc:820] Processor: start processing batch 1807f09b-437d-4c03-b47a-c2a2e773c2dd into model nwt
I1006 02:24:23.788390 26992640 processor.cc:925] Processor: complete processing batch dd744804-9833-470b-bd4a-9bfd8d8763fe into model nwt
I1006 02:24:23.793419 26992640 cuckoo_watch.h:45] 172ms in ProcessBatch(lectures_batches/aaaaaa.batch) [including 13ms in LoadMessage; 8ms in InitializeSparseNdw; 0ms in FindReuseThetaCacheEntry; 8ms in InitializeTheta; 0ms in CreateRegularizerAgents; 86ms in InferThetaAndUpdateNwtSparse; 0ms in UpdateCacheEntry; 4ms in CalculateScore(sparsity_theta_score); 46ms in CalculateScore(^^^ItemsProcessedScore^^^); ]
I1006 02:24:23.817577 26992640 processor.cc:740] No data in processing queue, waiting...
I1006 02:24:23.940259 27529216 processor.cc:925] Processor: complete processing batch 1807f09b-437d-4c03-b47a-c2a2e773c2dd into model nwt
I1006 02:24:23.946166 27529216 cuckoo_watch.h:45] 325ms in ProcessBatch(lectures_batches/aaaaab.batch) [including 23ms in LoadMessage; 20ms in InitializeSparseNdw; 0ms in FindReuseThetaCacheEntry; 4ms in InitializeTheta; 0ms in CreateRegularizerAgents; 170ms in InferThetaAndUpdateNwtSparse; 0ms in UpdateCacheEntry; 4ms in CalculateScore(sparsity_theta_score); 95ms in CalculateScore(^^^ItemsProcessedScore^^^); ]
I1006 02:24:23.946403 2047873024 master_component.cc:1436] RegularizeModelArgs: rwt_target_name=rwt, pwt_source_name=pwt, nwt_source_name=nwt
I1006 02:24:23.946432 2047873024 master_component.cc:976] MasterComponent: start regularizing model pwt
I1006 02:24:23.970513 27529216 processor.cc:740] No data in processing queue, waiting...
I1006 02:24:24.111671 2047873024 master_component.cc:1002] MasterComponent: complete regularizing model pwt
I1006 02:24:24.111692 2047873024 master_component.cc:1449] NormalizeModelArgs: pwt_target_name=pwt, nwt_source_name=nwt, rwt_source_name=rwt
I1006 02:24:24.111698 2047873024 master_component.cc:1006] MasterComponent: start normalizing model nwt
I1006 02:24:24.193148 2047873024 master_component.cc:1034] MasterComponent: complete normalizing model nwt
I1006 02:24:24.255743 2047873024 master_component.cc:1473] DisposeModel rwt
I1006 02:24:24.276089 2047873024 master_component.cc:1059] FitOffline: ItemsProcessed, num_items=1728, num_batches=2, token_weight=808522, token_weight_in_effect=808522
I1006 02:24:24.276379 2047873024 c_interface.cc:389] Pass FitOfflineMasterModelArgs, batch_filename_size=2, batch_weight_size=2, num_collection_passes=1, reset_nwt=yes to MN4artm4core15MasterComponentEFvRKNS_25FitOfflineMasterModelArgsEE
I1006 02:24:24.276396 2047873024 master_component.cc:1398] ProcessBatchesArgs: nwt_target_name=nwt, batch_filename_size=2, batch_size=0, batch_weight_size=2, pwt_source_name=pwt, num_document_passes=1, regularizer=(name:SmoothSparsePhi_bcg, tau:100000), regularizer=(name:SmoothSparsePhi_sbj, tau:-500000), class=(text:1), class=(author:1), reuse_theta=yes, opt_for_avx=yes, predict_class_id=, reset_nwt=yes
I1006 02:24:24.294999 25919488 processor.cc:747] Processing queue has data, processing started
I1006 02:24:24.295001 26456064 processor.cc:747] Processing queue has data, processing started
I1006 02:24:24.308275 25919488 processor.cc:820] Processor: start processing batch dd744804-9833-470b-bd4a-9bfd8d8763fe into model nwt
I1006 02:24:24.321069 26456064 processor.cc:820] Processor: start processing batch 1807f09b-437d-4c03-b47a-c2a2e773c2dd into model nwt
I1006 02:24:24.474781 25919488 processor.cc:925] Processor: complete processing batch dd744804-9833-470b-bd4a-9bfd8d8763fe into model nwt
I1006 02:24:24.479692 25919488 cuckoo_watch.h:45] 184ms in ProcessBatch(lectures_batches/aaaaaa.batch) [including 13ms in LoadMessage; 9ms in InitializeSparseNdw; 0ms in FindReuseThetaCacheEntry; 11ms in InitializeTheta; 0ms in CreateRegularizerAgents; 89ms in InferThetaAndUpdateNwtSparse; 0ms in UpdateCacheEntry; 4ms in CalculateScore(sparsity_theta_score); 50ms in CalculateScore(^^^ItemsProcessedScore^^^); ]
I1006 02:24:24.503980 25919488 processor.cc:740] No data in processing queue, waiting...
I1006 02:24:24.627904 26456064 processor.cc:925] Processor: complete processing batch 1807f09b-437d-4c03-b47a-c2a2e773c2dd into model nwt
I1006 02:24:24.634198 26456064 cuckoo_watch.h:45] 339ms in ProcessBatch(lectures_batches/aaaaab.batch) [including 26ms in LoadMessage; 21ms in InitializeSparseNdw; 0ms in FindReuseThetaCacheEntry; 3ms in InitializeTheta; 0ms in CreateRegularizerAgents; 175ms in InferThetaAndUpdateNwtSparse; 0ms in UpdateCacheEntry; 5ms in CalculateScore(sparsity_theta_score); 99ms in CalculateScore(^^^ItemsProcessedScore^^^); ]
I1006 02:24:24.634300 2047873024 master_component.cc:1436] RegularizeModelArgs: rwt_target_name=rwt, pwt_source_name=pwt, nwt_source_name=nwt
I1006 02:24:24.634321 2047873024 master_component.cc:976] MasterComponent: start regularizing model pwt
I1006 02:24:24.658480 26456064 processor.cc:740] No data in processing queue, waiting...
I1006 02:24:24.802129 2047873024 master_component.cc:1002] MasterComponent: complete regularizing model pwt
I1006 02:24:24.802152 2047873024 master_component.cc:1449] NormalizeModelArgs: pwt_target_name=pwt, nwt_source_name=nwt, rwt_source_name=rwt
I1006 02:24:24.802160 2047873024 master_component.cc:1006] MasterComponent: start normalizing model nwt
I1006 02:24:24.879927 2047873024 master_component.cc:1034] MasterComponent: complete normalizing model nwt
I1006 02:24:24.945451 2047873024 master_component.cc:1473] DisposeModel rwt
I1006 02:24:24.966933 2047873024 master_component.cc:1059] FitOffline: ItemsProcessed, num_items=1728, num_batches=2, token_weight=808522, token_weight_in_effect=808522
I1006 02:24:24.967196 2047873024 c_interface.cc:389] Pass FitOfflineMasterModelArgs, batch_filename_size=2, batch_weight_size=2, num_collection_passes=1, reset_nwt=yes to MN4artm4core15MasterComponentEFvRKNS_25FitOfflineMasterModelArgsEE
I1006 02:24:24.967211 2047873024 master_component.cc:1398] ProcessBatchesArgs: nwt_target_name=nwt, batch_filename_size=2, batch_size=0, batch_weight_size=2, pwt_source_name=pwt, num_document_passes=1, regularizer=(name:SmoothSparsePhi_bcg, tau:100000), regularizer=(name:SmoothSparsePhi_sbj, tau:-500000), class=(text:1), class=(author:1), reuse_theta=yes, opt_for_avx=yes, predict_class_id=, reset_nwt=yes
I1006 02:24:24.988237 26992640 processor.cc:747] Processing queue has data, processing started
I1006 02:24:24.988237 28602368 processor.cc:747] Processing queue has data, processing started
I1006 02:24:25.001957 26992640 processor.cc:820] Processor: start processing batch dd744804-9833-470b-bd4a-9bfd8d8763fe into model nwt
I1006 02:24:25.012907 28602368 processor.cc:820] Processor: start processing batch 1807f09b-437d-4c03-b47a-c2a2e773c2dd into model nwt
I1006 02:24:25.162411 26992640 processor.cc:925] Processor: complete processing batch dd744804-9833-470b-bd4a-9bfd8d8763fe into model nwt
I1006 02:24:25.168428 26992640 cuckoo_watch.h:45] 180ms in ProcessBatch(lectures_batches/aaaaaa.batch) [including 13ms in LoadMessage; 8ms in InitializeSparseNdw; 0ms in FindReuseThetaCacheEntry; 10ms in InitializeTheta; 0ms in CreateRegularizerAgents; 88ms in InferThetaAndUpdateNwtSparse; 0ms in UpdateCacheEntry; 4ms in CalculateScore(sparsity_theta_score); 47ms in CalculateScore(^^^ItemsProcessedScore^^^); ]
I1006 02:24:25.192512 26992640 processor.cc:740] No data in processing queue, waiting...
I1006 02:24:25.312180 28602368 processor.cc:925] Processor: complete processing batch 1807f09b-437d-4c03-b47a-c2a2e773c2dd into model nwt
I1006 02:24:25.319269 28602368 cuckoo_watch.h:45] 330ms in ProcessBatch(lectures_batches/aaaaab.batch) [including 24ms in LoadMessage; 19ms in InitializeSparseNdw; 0ms in FindReuseThetaCacheEntry; 4ms in InitializeTheta; 0ms in CreateRegularizerAgents; 172ms in InferThetaAndUpdateNwtSparse; 0ms in UpdateCacheEntry; 5ms in CalculateScore(sparsity_theta_score); 96ms in CalculateScore(^^^ItemsProcessedScore^^^); ]
I1006 02:24:25.319933 2047873024 master_component.cc:1436] RegularizeModelArgs: rwt_target_name=rwt, pwt_source_name=pwt, nwt_source_name=nwt
I1006 02:24:25.319969 2047873024 master_component.cc:976] MasterComponent: start regularizing model pwt
I1006 02:24:25.343679 28602368 processor.cc:740] No data in processing queue, waiting...
I1006 02:24:25.489827 2047873024 master_component.cc:1002] MasterComponent: complete regularizing model pwt
I1006 02:24:25.489846 2047873024 master_component.cc:1449] NormalizeModelArgs: pwt_target_name=pwt, nwt_source_name=nwt, rwt_source_name=rwt
I1006 02:24:25.489853 2047873024 master_component.cc:1006] MasterComponent: start normalizing model nwt
I1006 02:24:25.568624 2047873024 master_component.cc:1034] MasterComponent: complete normalizing model nwt
I1006 02:24:25.634409 2047873024 master_component.cc:1473] DisposeModel rwt
I1006 02:24:25.655903 2047873024 master_component.cc:1059] FitOffline: ItemsProcessed, num_items=1728, num_batches=2, token_weight=808522, token_weight_in_effect=808522
I1006 02:24:25.656270 2047873024 c_interface.cc:389] Pass FitOfflineMasterModelArgs, batch_filename_size=2, batch_weight_size=2, num_collection_passes=1, reset_nwt=yes to MN4artm4core15MasterComponentEFvRKNS_25FitOfflineMasterModelArgsEE
I1006 02:24:25.656291 2047873024 master_component.cc:1398] ProcessBatchesArgs: nwt_target_name=nwt, batch_filename_size=2, batch_size=0, batch_weight_size=2, pwt_source_name=pwt, num_document_passes=1, regularizer=(name:SmoothSparsePhi_bcg, tau:100000), regularizer=(name:SmoothSparsePhi_sbj, tau:-500000), class=(text:1), class=(author:1), reuse_theta=yes, opt_for_avx=yes, predict_class_id=, reset_nwt=yes
I1006 02:24:25.678941 25919488 processor.cc:747] Processing queue has data, processing started
I1006 02:24:25.678932 28065792 processor.cc:747] Processing queue has data, processing started
I1006 02:24:25.693464 28065792 processor.cc:820] Processor: start processing batch dd744804-9833-470b-bd4a-9bfd8d8763fe into model nwt
I1006 02:24:25.704407 25919488 processor.cc:820] Processor: start processing batch 1807f09b-437d-4c03-b47a-c2a2e773c2dd into model nwt
I1006 02:24:25.856017 28065792 processor.cc:925] Processor: complete processing batch dd744804-9833-470b-bd4a-9bfd8d8763fe into model nwt
I1006 02:24:25.860991 28065792 cuckoo_watch.h:45] 181ms in ProcessBatch(lectures_batches/aaaaaa.batch) [including 14ms in LoadMessage; 8ms in InitializeSparseNdw; 0ms in FindReuseThetaCacheEntry; 9ms in InitializeTheta; 0ms in CreateRegularizerAgents; 89ms in InferThetaAndUpdateNwtSparse; 0ms in UpdateCacheEntry; 4ms in CalculateScore(sparsity_theta_score); 50ms in CalculateScore(^^^ItemsProcessedScore^^^); ]
I1006 02:24:25.885006 28065792 processor.cc:740] No data in processing queue, waiting...
I1006 02:24:26.020051 25919488 processor.cc:925] Processor: complete processing batch 1807f09b-437d-4c03-b47a-c2a2e773c2dd into model nwt
I1006 02:24:26.026830 25919488 cuckoo_watch.h:45] 347ms in ProcessBatch(lectures_batches/aaaaab.batch) [including 25ms in LoadMessage; 20ms in InitializeSparseNdw; 0ms in FindReuseThetaCacheEntry; 4ms in InitializeTheta; 0ms in CreateRegularizerAgents; 177ms in InferThetaAndUpdateNwtSparse; 0ms in UpdateCacheEntry; 5ms in CalculateScore(sparsity_theta_score); 107ms in CalculateScore(^^^ItemsProcessedScore^^^); ]
I1006 02:24:26.027747 2047873024 master_component.cc:1436] RegularizeModelArgs: rwt_target_name=rwt, pwt_source_name=pwt, nwt_source_name=nwt
I1006 02:24:26.027781 2047873024 master_component.cc:976] MasterComponent: start regularizing model pwt
I1006 02:24:26.050370 25919488 processor.cc:740] No data in processing queue, waiting...
I1006 02:24:26.194244 2047873024 master_component.cc:1002] MasterComponent: complete regularizing model pwt
I1006 02:24:26.194265 2047873024 master_component.cc:1449] NormalizeModelArgs: pwt_target_name=pwt, nwt_source_name=nwt, rwt_source_name=rwt
I1006 02:24:26.194272 2047873024 master_component.cc:1006] MasterComponent: start normalizing model nwt
I1006 02:24:26.275940 2047873024 master_component.cc:1034] MasterComponent: complete normalizing model nwt
I1006 02:24:26.343750 2047873024 master_component.cc:1473] DisposeModel rwt
I1006 02:24:26.363126 2047873024 master_component.cc:1059] FitOffline: ItemsProcessed, num_items=1728, num_batches=2, token_weight=808522, token_weight_in_effect=808522
I1006 02:24:26.363378 2047873024 c_interface.cc:389] Pass FitOfflineMasterModelArgs, batch_filename_size=2, batch_weight_size=2, num_collection_passes=1, reset_nwt=yes to MN4artm4core15MasterComponentEFvRKNS_25FitOfflineMasterModelArgsEE
