I1006 02:24:05.589455 26456064 processor.cc:740] No data in processing queue, waiting...
I1006 02:24:05.717110 24846336 processor.cc:925] Processor: complete processing batch 1807f09b-437d-4c03-b47a-c2a2e773c2dd into model nwt
I1006 02:24:05.722929 24846336 cuckoo_watch.h:45] 338ms in ProcessBatch(lectures_batches/aaaaab.batch) [including 24ms in LoadMessage; 20ms in InitializeSparseNdw; 0ms in FindReuseThetaCacheEntry; 4ms in InitializeTheta; 0ms in CreateRegularizerAgents; 172ms in InferThetaAndUpdateNwtSparse; 0ms in UpdateCacheEntry; 4ms in CalculateScore(sparsity_theta_score); 105ms in CalculateScore(^^^ItemsProcessedScore^^^); ]
I1006 02:24:05.723582 2047873024 master_component.cc:1436] RegularizeModelArgs: rwt_target_name=rwt, pwt_source_name=pwt, nwt_source_name=nwt
I1006 02:24:05.723599 2047873024 master_component.cc:976] MasterComponent: start regularizing model pwt
I1006 02:24:05.742835 24846336 processor.cc:740] No data in processing queue, waiting...
I1006 02:24:05.825770 2047873024 master_component.cc:1002] MasterComponent: complete regularizing model pwt
I1006 02:24:05.825790 2047873024 master_component.cc:1449] NormalizeModelArgs: pwt_target_name=pwt, nwt_source_name=nwt, rwt_source_name=rwt
I1006 02:24:05.825798 2047873024 master_component.cc:1006] MasterComponent: start normalizing model nwt
I1006 02:24:05.891059 2047873024 master_component.cc:1034] MasterComponent: complete normalizing model nwt
I1006 02:24:05.977157 2047873024 master_component.cc:1473] DisposeModel rwt
I1006 02:24:05.994381 2047873024 master_component.cc:1059] FitOffline: ItemsProcessed, num_items=1728, num_batches=2, token_weight=808522, token_weight_in_effect=808522
I1006 02:24:05.994673 2047873024 c_interface.cc:389] Pass FitOfflineMasterModelArgs, batch_filename_size=2, batch_weight_size=2, num_collection_passes=1, reset_nwt=yes to MN4artm4core15MasterComponentEFvRKNS_25FitOfflineMasterModelArgsEE
I1006 02:24:05.994688 2047873024 master_component.cc:1398] ProcessBatchesArgs: nwt_target_name=nwt, batch_filename_size=2, batch_size=0, batch_weight_size=2, pwt_source_name=pwt, num_document_passes=1, regularizer=(name:SmoothSparsePhi_bcg, tau:100000), class=(text:1), class=(author:1), reuse_theta=yes, opt_for_avx=yes, predict_class_id=, reset_nwt=yes
I1006 02:24:06.010530 27529216 processor.cc:747] Processing queue has data, processing started
I1006 02:24:06.010872 28602368 processor.cc:747] Processing queue has data, processing started
I1006 02:24:06.024013 27529216 processor.cc:820] Processor: start processing batch dd744804-9833-470b-bd4a-9bfd8d8763fe into model nwt
I1006 02:24:06.035133 28602368 processor.cc:820] Processor: start processing batch 1807f09b-437d-4c03-b47a-c2a2e773c2dd into model nwt
I1006 02:24:06.181283 27529216 processor.cc:925] Processor: complete processing batch dd744804-9833-470b-bd4a-9bfd8d8763fe into model nwt
I1006 02:24:06.185180 27529216 cuckoo_watch.h:45] 174ms in ProcessBatch(lectures_batches/aaaaaa.batch) [including 13ms in LoadMessage; 7ms in InitializeSparseNdw; 0ms in FindReuseThetaCacheEntry; 8ms in InitializeTheta; 0ms in CreateRegularizerAgents; 85ms in InferThetaAndUpdateNwtSparse; 0ms in UpdateCacheEntry; 4ms in CalculateScore(sparsity_theta_score); 51ms in CalculateScore(^^^ItemsProcessedScore^^^); ]
I1006 02:24:06.205296 27529216 processor.cc:740] No data in processing queue, waiting...
I1006 02:24:06.334869 28602368 processor.cc:925] Processor: complete processing batch 1807f09b-437d-4c03-b47a-c2a2e773c2dd into model nwt
I1006 02:24:06.341917 28602368 cuckoo_watch.h:45] 331ms in ProcessBatch(lectures_batches/aaaaab.batch) [including 24ms in LoadMessage; 20ms in InitializeSparseNdw; 0ms in FindReuseThetaCacheEntry; 3ms in InitializeTheta; 0ms in CreateRegularizerAgents; 173ms in InferThetaAndUpdateNwtSparse; 0ms in UpdateCacheEntry; 4ms in CalculateScore(sparsity_theta_score); 97ms in CalculateScore(^^^ItemsProcessedScore^^^); ]
I1006 02:24:06.342162 2047873024 master_component.cc:1436] RegularizeModelArgs: rwt_target_name=rwt, pwt_source_name=pwt, nwt_source_name=nwt
I1006 02:24:06.342212 2047873024 master_component.cc:976] MasterComponent: start regularizing model pwt
I1006 02:24:06.364468 28602368 processor.cc:740] No data in processing queue, waiting...
I1006 02:24:06.447669 2047873024 master_component.cc:1002] MasterComponent: complete regularizing model pwt
I1006 02:24:06.447746 2047873024 master_component.cc:1449] NormalizeModelArgs: pwt_target_name=pwt, nwt_source_name=nwt, rwt_source_name=rwt
I1006 02:24:06.447755 2047873024 master_component.cc:1006] MasterComponent: start normalizing model nwt
I1006 02:24:06.523903 2047873024 master_component.cc:1034] MasterComponent: complete normalizing model nwt
I1006 02:24:06.625701 2047873024 master_component.cc:1473] DisposeModel rwt
I1006 02:24:06.644994 2047873024 master_component.cc:1059] FitOffline: ItemsProcessed, num_items=1728, num_batches=2, token_weight=808522, token_weight_in_effect=808522
I1006 02:24:06.645257 2047873024 c_interface.cc:389] Pass FitOfflineMasterModelArgs, batch_filename_size=2, batch_weight_size=2, num_collection_passes=1, reset_nwt=yes to MN4artm4core15MasterComponentEFvRKNS_25FitOfflineMasterModelArgsEE
I1006 02:24:06.645272 2047873024 master_component.cc:1398] ProcessBatchesArgs: nwt_target_name=nwt, batch_filename_size=2, batch_size=0, batch_weight_size=2, pwt_source_name=pwt, num_document_passes=1, regularizer=(name:SmoothSparsePhi_bcg, tau:100000), class=(text:1), class=(author:1), reuse_theta=yes, opt_for_avx=yes, predict_class_id=, reset_nwt=yes
I1006 02:24:06.663231 26992640 processor.cc:747] Processing queue has data, processing started
I1006 02:24:06.663276 26456064 processor.cc:747] Processing queue has data, processing started
I1006 02:24:06.678059 26992640 processor.cc:820] Processor: start processing batch dd744804-9833-470b-bd4a-9bfd8d8763fe into model nwt
I1006 02:24:06.688859 26456064 processor.cc:820] Processor: start processing batch 1807f09b-437d-4c03-b47a-c2a2e773c2dd into model nwt
I1006 02:24:06.836740 26992640 processor.cc:925] Processor: complete processing batch dd744804-9833-470b-bd4a-9bfd8d8763fe into model nwt
I1006 02:24:06.841004 26992640 cuckoo_watch.h:45] 177ms in ProcessBatch(lectures_batches/aaaaaa.batch) [including 14ms in LoadMessage; 8ms in InitializeSparseNdw; 0ms in FindReuseThetaCacheEntry; 8ms in InitializeTheta; 0ms in CreateRegularizerAgents; 87ms in InferThetaAndUpdateNwtSparse; 0ms in UpdateCacheEntry; 3ms in CalculateScore(sparsity_theta_score); 50ms in CalculateScore(^^^ItemsProcessedScore^^^); ]
I1006 02:24:06.865370 26992640 processor.cc:740] No data in processing queue, waiting...
I1006 02:24:07.010980 26456064 processor.cc:925] Processor: complete processing batch 1807f09b-437d-4c03-b47a-c2a2e773c2dd into model nwt
I1006 02:24:07.016772 26456064 cuckoo_watch.h:45] 353ms in ProcessBatch(lectures_batches/aaaaab.batch) [including 25ms in LoadMessage; 20ms in InitializeSparseNdw; 0ms in FindReuseThetaCacheEntry; 4ms in InitializeTheta; 0ms in CreateRegularizerAgents; 180ms in InferThetaAndUpdateNwtSparse; 0ms in UpdateCacheEntry; 7ms in CalculateScore(sparsity_theta_score); 109ms in CalculateScore(^^^ItemsProcessedScore^^^); ]
I1006 02:24:07.017274 2047873024 master_component.cc:1436] RegularizeModelArgs: rwt_target_name=rwt, pwt_source_name=pwt, nwt_source_name=nwt
I1006 02:24:07.017319 2047873024 master_component.cc:976] MasterComponent: start regularizing model pwt
I1006 02:24:07.040920 26456064 processor.cc:740] No data in processing queue, waiting...
I1006 02:24:07.125169 2047873024 master_component.cc:1002] MasterComponent: complete regularizing model pwt
I1006 02:24:07.125219 2047873024 master_component.cc:1449] NormalizeModelArgs: pwt_target_name=pwt, nwt_source_name=nwt, rwt_source_name=rwt
I1006 02:24:07.125227 2047873024 master_component.cc:1006] MasterComponent: start normalizing model nwt
I1006 02:24:07.198786 2047873024 master_component.cc:1034] MasterComponent: complete normalizing model nwt
I1006 02:24:07.299942 2047873024 master_component.cc:1473] DisposeModel rwt
I1006 02:24:07.317054 2047873024 master_component.cc:1059] FitOffline: ItemsProcessed, num_items=1728, num_batches=2, token_weight=808522, token_weight_in_effect=808522
I1006 02:24:07.317289 2047873024 c_interface.cc:389] Pass FitOfflineMasterModelArgs, batch_filename_size=2, batch_weight_size=2, num_collection_passes=1, reset_nwt=yes to MN4artm4core15MasterComponentEFvRKNS_25FitOfflineMasterModelArgsEE
I1006 02:24:07.317302 2047873024 master_component.cc:1398] ProcessBatchesArgs: nwt_target_name=nwt, batch_filename_size=2, batch_size=0, batch_weight_size=2, pwt_source_name=pwt, num_document_passes=1, regularizer=(name:SmoothSparsePhi_bcg, tau:100000), class=(text:1), class=(author:1), reuse_theta=yes, opt_for_avx=yes, predict_class_id=, reset_nwt=yes
I1006 02:24:07.333120 28602368 processor.cc:747] Processing queue has data, processing started
I1006 02:24:07.333115 25919488 processor.cc:747] Processing queue has data, processing started
I1006 02:24:07.346429 25919488 processor.cc:820] Processor: start processing batch dd744804-9833-470b-bd4a-9bfd8d8763fe into model nwt
I1006 02:24:07.357496 28602368 processor.cc:820] Processor: start processing batch 1807f09b-437d-4c03-b47a-c2a2e773c2dd into model nwt
I1006 02:24:07.509949 25919488 processor.cc:925] Processor: complete processing batch dd744804-9833-470b-bd4a-9bfd8d8763fe into model nwt
I1006 02:24:07.513914 25919488 cuckoo_watch.h:45] 180ms in ProcessBatch(lectures_batches/aaaaaa.batch) [including 13ms in LoadMessage; 7ms in InitializeSparseNdw; 0ms in FindReuseThetaCacheEntry; 9ms in InitializeTheta; 0ms in CreateRegularizerAgents; 88ms in InferThetaAndUpdateNwtSparse; 1ms in UpdateCacheEntry; 3ms in CalculateScore(sparsity_theta_score); 52ms in CalculateScore(^^^ItemsProcessedScore^^^); ]
I1006 02:24:07.538308 25919488 processor.cc:740] No data in processing queue, waiting...
I1006 02:24:07.673868 28602368 processor.cc:925] Processor: complete processing batch 1807f09b-437d-4c03-b47a-c2a2e773c2dd into model nwt
I1006 02:24:07.679780 28602368 cuckoo_watch.h:45] 346ms in ProcessBatch(lectures_batches/aaaaab.batch) [including 24ms in LoadMessage; 22ms in InitializeSparseNdw; 0ms in FindReuseThetaCacheEntry; 3ms in InitializeTheta; 0ms in CreateRegularizerAgents; 181ms in InferThetaAndUpdateNwtSparse; 0ms in UpdateCacheEntry; 4ms in CalculateScore(sparsity_theta_score); 103ms in CalculateScore(^^^ItemsProcessedScore^^^); ]
I1006 02:24:07.680284 2047873024 master_component.cc:1436] RegularizeModelArgs: rwt_target_name=rwt, pwt_source_name=pwt, nwt_source_name=nwt
I1006 02:24:07.680315 2047873024 master_component.cc:976] MasterComponent: start regularizing model pwt
I1006 02:24:07.704107 28602368 processor.cc:740] No data in processing queue, waiting...
I1006 02:24:07.799170 2047873024 master_component.cc:1002] MasterComponent: complete regularizing model pwt
I1006 02:24:07.799192 2047873024 master_component.cc:1449] NormalizeModelArgs: pwt_target_name=pwt, nwt_source_name=nwt, rwt_source_name=rwt
I1006 02:24:07.799199 2047873024 master_component.cc:1006] MasterComponent: start normalizing model nwt
I1006 02:24:07.876883 2047873024 master_component.cc:1034] MasterComponent: complete normalizing model nwt
I1006 02:24:07.988570 2047873024 master_component.cc:1473] DisposeModel rwt
I1006 02:24:08.006713 2047873024 master_component.cc:1059] FitOffline: ItemsProcessed, num_items=1728, num_batches=2, token_weight=808522, token_weight_in_effect=808522
I1006 02:24:08.006978 2047873024 c_interface.cc:389] Pass FitOfflineMasterModelArgs, batch_filename_size=2, batch_weight_size=2, num_collection_passes=1, reset_nwt=yes to MN4artm4core15MasterComponentEFvRKNS_25FitOfflineMasterModelArgsEE
I1006 02:24:08.007019 2047873024 master_component.cc:1398] ProcessBatchesArgs: nwt_target_name=nwt, batch_filename_size=2, batch_size=0, batch_weight_size=2, pwt_source_name=pwt, num_document_passes=1, regularizer=(name:SmoothSparsePhi_bcg, tau:100000), class=(text:1), class=(author:1), reuse_theta=yes, opt_for_avx=yes, predict_class_id=, reset_nwt=yes
I1006 02:24:08.024313 26456064 processor.cc:747] Processing queue has data, processing started
I1006 02:24:08.024328 26992640 processor.cc:747] Processing queue has data, processing started
I1006 02:24:08.037849 26456064 processor.cc:820] Processor: start processing batch dd744804-9833-470b-bd4a-9bfd8d8763fe into model nwt
I1006 02:24:08.049783 26992640 processor.cc:820] Processor: start processing batch 1807f09b-437d-4c03-b47a-c2a2e773c2dd into model nwt
I1006 02:24:08.199060 26456064 processor.cc:925] Processor: complete processing batch dd744804-9833-470b-bd4a-9bfd8d8763fe into model nwt
I1006 02:24:08.203948 26456064 cuckoo_watch.h:45] 179ms in ProcessBatch(lectures_batches/aaaaaa.batch) [including 13ms in LoadMessage; 8ms in InitializeSparseNdw; 0ms in FindReuseThetaCacheEntry; 10ms in InitializeTheta; 0ms in CreateRegularizerAgents; 87ms in InferThetaAndUpdateNwtSparse; 0ms in UpdateCacheEntry; 3ms in CalculateScore(sparsity_theta_score); 51ms in CalculateScore(^^^ItemsProcessedScore^^^); ]
I1006 02:24:08.227927 26456064 processor.cc:740] No data in processing queue, waiting...
I1006 02:24:08.350795 26992640 processor.cc:925] Processor: complete processing batch 1807f09b-437d-4c03-b47a-c2a2e773c2dd into model nwt
I1006 02:24:08.356824 26992640 cuckoo_watch.h:45] 332ms in ProcessBatch(lectures_batches/aaaaab.batch) [including 25ms in LoadMessage; 21ms in InitializeSparseNdw; 0ms in FindReuseThetaCacheEntry; 4ms in InitializeTheta; 0ms in CreateRegularizerAgents; 176ms in InferThetaAndUpdateNwtSparse; 0ms in UpdateCacheEntry; 4ms in CalculateScore(sparsity_theta_score); 93ms in CalculateScore(^^^ItemsProcessedScore^^^); ]
I1006 02:24:08.356973 2047873024 master_component.cc:1436] RegularizeModelArgs: rwt_target_name=rwt, pwt_source_name=pwt, nwt_source_name=nwt
I1006 02:24:08.356992 2047873024 master_component.cc:976] MasterComponent: start regularizing model pwt
I1006 02:24:08.381038 26992640 processor.cc:740] No data in processing queue, waiting...
I1006 02:24:08.472378 2047873024 master_component.cc:1002] MasterComponent: complete regularizing model pwt
I1006 02:24:08.472398 2047873024 master_component.cc:1449] NormalizeModelArgs: pwt_target_name=pwt, nwt_source_name=nwt, rwt_source_name=rwt
I1006 02:24:08.472404 2047873024 master_component.cc:1006] MasterComponent: start normalizing model nwt
I1006 02:24:08.549612 2047873024 master_component.cc:1034] MasterComponent: complete normalizing model nwt
I1006 02:24:08.649899 2047873024 master_component.cc:1473] DisposeModel rwt
I1006 02:24:08.669925 2047873024 master_component.cc:1059] FitOffline: ItemsProcessed, num_items=1728, num_batches=2, token_weight=808522, token_weight_in_effect=808522
I1006 02:24:08.670248 2047873024 c_interface.cc:389] Pass FitOfflineMasterModelArgs, batch_filename_size=2, batch_weight_size=2, num_collection_passes=1, reset_nwt=yes to MN4artm4core15MasterComponentEFvRKNS_25FitOfflineMasterModelArgsEE
I1006 02:24:08.670264 2047873024 master_component.cc:1398] ProcessBatchesArgs: nwt_target_name=nwt, batch_filename_size=2, batch_size=0, batch_weight_size=2, pwt_source_name=pwt, num_document_passes=1, regularizer=(name:SmoothSparsePhi_bcg, tau:100000), class=(text:1), class=(author:1), reuse_theta=yes, opt_for_avx=yes, predict_class_id=, reset_nwt=yes
I1006 02:24:08.688145 26456064 processor.cc:747] Processing queue has data, processing started
I1006 02:24:08.688156 25382912 processor.cc:747] Processing queue has data, processing started
I1006 02:24:08.701414 26456064 processor.cc:820] Processor: start processing batch dd744804-9833-470b-bd4a-9bfd8d8763fe into model nwt
I1006 02:24:08.711603 25382912 processor.cc:820] Processor: start processing batch 1807f09b-437d-4c03-b47a-c2a2e773c2dd into model nwt
I1006 02:24:08.855294 26456064 processor.cc:925] Processor: complete processing batch dd744804-9833-470b-bd4a-9bfd8d8763fe into model nwt
I1006 02:24:08.859587 26456064 cuckoo_watch.h:45] 171ms in ProcessBatch(lectures_batches/aaaaaa.batch) [including 13ms in LoadMessage; 7ms in InitializeSparseNdw; 0ms in FindReuseThetaCacheEntry; 9ms in InitializeTheta; 0ms in CreateRegularizerAgents; 83ms in InferThetaAndUpdateNwtSparse; 0ms in UpdateCacheEntry; 3ms in CalculateScore(sparsity_theta_score); 49ms in CalculateScore(^^^ItemsProcessedScore^^^); ]
I1006 02:24:08.883952 26456064 processor.cc:740] No data in processing queue, waiting...
I1006 02:24:09.015141 25382912 processor.cc:925] Processor: complete processing batch 1807f09b-437d-4c03-b47a-c2a2e773c2dd into model nwt
I1006 02:24:09.021636 25382912 cuckoo_watch.h:45] 333ms in ProcessBatch(lectures_batches/aaaaab.batch) [including 23ms in LoadMessage; 19ms in InitializeSparseNdw; 0ms in FindReuseThetaCacheEntry; 3ms in InitializeTheta; 0ms in CreateRegularizerAgents; 170ms in InferThetaAndUpdateNwtSparse; 0ms in UpdateCacheEntry; 6ms in CalculateScore(sparsity_theta_score); 102ms in CalculateScore(^^^ItemsProcessedScore^^^); ]
I1006 02:24:09.022625 2047873024 master_component.cc:1436] RegularizeModelArgs: rwt_target_name=rwt, pwt_source_name=pwt, nwt_source_name=nwt
I1006 02:24:09.022647 2047873024 master_component.cc:976] MasterComponent: start regularizing model pwt
I1006 02:24:09.045226 25382912 processor.cc:740] No data in processing queue, waiting...
I1006 02:24:09.142659 2047873024 master_component.cc:1002] MasterComponent: complete regularizing model pwt
I1006 02:24:09.142679 2047873024 master_component.cc:1449] NormalizeModelArgs: pwt_target_name=pwt, nwt_source_name=nwt, rwt_source_name=rwt
I1006 02:24:09.142688 2047873024 master_component.cc:1006] MasterComponent: start normalizing model nwt
I1006 02:24:09.228760 2047873024 master_component.cc:1034] MasterComponent: complete normalizing model nwt
I1006 02:24:09.326236 2047873024 master_component.cc:1473] DisposeModel rwt
I1006 02:24:09.345923 2047873024 master_component.cc:1059] FitOffline: ItemsProcessed, num_items=1728, num_batches=2, token_weight=808522, token_weight_in_effect=808522
I1006 02:24:09.346163 2047873024 c_interface.cc:389] Pass FitOfflineMasterModelArgs, batch_filename_size=2, batch_weight_size=2, num_collection_passes=1, reset_nwt=yes to MN4artm4core15MasterComponentEFvRKNS_25FitOfflineMasterModelArgsEE
I1006 02:24:09.346175 2047873024 master_component.cc:1398] ProcessBatchesArgs: nwt_target_name=nwt, batch_filename_size=2, batch_size=0, batch_weight_size=2, pwt_source_name=pwt, num_document_passes=1, regularizer=(name:SmoothSparsePhi_bcg, tau:100000), class=(text:1), class=(author:1), reuse_theta=yes, opt_for_avx=yes, predict_class_id=, reset_nwt=yes
I1006 02:24:09.363680 28065792 processor.cc:747] Processing queue has data, processing started
I1006 02:24:09.363713 25919488 processor.cc:747] Processing queue has data, processing started
I1006 02:24:09.377274 28065792 processor.cc:820] Processor: start processing batch dd744804-9833-470b-bd4a-9bfd8d8763fe into model nwt
I1006 02:24:09.388208 25919488 processor.cc:820] Processor: start processing batch 1807f09b-437d-4c03-b47a-c2a2e773c2dd into model nwt
I1006 02:24:09.538465 28065792 processor.cc:925] Processor: complete processing batch dd744804-9833-470b-bd4a-9bfd8d8763fe into model nwt
I1006 02:24:09.542820 28065792 cuckoo_watch.h:45] 179ms in ProcessBatch(lectures_batches/aaaaaa.batch) [including 13ms in LoadMessage; 8ms in InitializeSparseNdw; 0ms in FindReuseThetaCacheEntry; 8ms in InitializeTheta; 0ms in CreateRegularizerAgents; 88ms in InferThetaAndUpdateNwtSparse; 0ms in UpdateCacheEntry; 4ms in CalculateScore(sparsity_theta_score); 50ms in CalculateScore(^^^ItemsProcessedScore^^^); ]
I1006 02:24:09.567134 28065792 processor.cc:740] No data in processing queue, waiting...
I1006 02:24:09.695607 25919488 processor.cc:925] Processor: complete processing batch 1807f09b-437d-4c03-b47a-c2a2e773c2dd into model nwt
I1006 02:24:09.702229 25919488 cuckoo_watch.h:45] 338ms in ProcessBatch(lectures_batches/aaaaab.batch) [including 24ms in LoadMessage; 21ms in InitializeSparseNdw; 0ms in FindReuseThetaCacheEntry; 3ms in InitializeTheta; 0ms in CreateRegularizerAgents; 178ms in InferThetaAndUpdateNwtSparse; 0ms in UpdateCacheEntry; 4ms in CalculateScore(sparsity_theta_score); 98ms in CalculateScore(^^^ItemsProcessedScore^^^); ]
I1006 02:24:09.703616 2047873024 master_component.cc:1436] RegularizeModelArgs: rwt_target_name=rwt, pwt_source_name=pwt, nwt_source_name=nwt
I1006 02:24:09.703656 2047873024 master_component.cc:976] MasterComponent: start regularizing model pwt
I1006 02:24:09.726554 25919488 processor.cc:740] No data in processing queue, waiting...
I1006 02:24:09.829331 2047873024 master_component.cc:1002] MasterComponent: complete regularizing model pwt
I1006 02:24:09.829352 2047873024 master_component.cc:1449] NormalizeModelArgs: pwt_target_name=pwt, nwt_source_name=nwt, rwt_source_name=rwt
I1006 02:24:09.829360 2047873024 master_component.cc:1006] MasterComponent: start normalizing model nwt
I1006 02:24:09.918505 2047873024 master_component.cc:1034] MasterComponent: complete normalizing model nwt
I1006 02:24:10.020035 2047873024 master_component.cc:1473] DisposeModel rwt
I1006 02:24:10.037155 2047873024 master_component.cc:1059] FitOffline: ItemsProcessed, num_items=1728, num_batches=2, token_weight=808522, token_weight_in_effect=808522
I1006 02:24:10.037425 2047873024 c_interface.cc:389] Pass FitOfflineMasterModelArgs, batch_filename_size=2, batch_weight_size=2, num_collection_passes=1, reset_nwt=yes to MN4artm4core15MasterComponentEFvRKNS_25FitOfflineMasterModelArgsEE
I1006 02:24:10.037438 2047873024 master_component.cc:1398] ProcessBatchesArgs: nwt_target_name=nwt, batch_filename_size=2, batch_size=0, batch_weight_size=2, pwt_source_name=pwt, num_document_passes=1, regularizer=(name:SmoothSparsePhi_bcg, tau:100000), class=(text:1), class=(author:1), reuse_theta=yes, opt_for_avx=yes, predict_class_id=, reset_nwt=yes
I1006 02:24:10.054777 25382912 processor.cc:747] Processing queue has data, processing started
I1006 02:24:10.054805 27529216 processor.cc:747] Processing queue has data, processing started
I1006 02:24:10.068198 25382912 processor.cc:820] Processor: start processing batch dd744804-9833-470b-bd4a-9bfd8d8763fe into model nwt
I1006 02:24:10.079618 27529216 processor.cc:820] Processor: start processing batch 1807f09b-437d-4c03-b47a-c2a2e773c2dd into model nwt
I1006 02:24:10.227362 25382912 processor.cc:925] Processor: complete processing batch dd744804-9833-470b-bd4a-9bfd8d8763fe into model nwt
I1006 02:24:10.231328 25382912 cuckoo_watch.h:45] 176ms in ProcessBatch(lectures_batches/aaaaaa.batch) [including 13ms in LoadMessage; 8ms in InitializeSparseNdw; 0ms in FindReuseThetaCacheEntry; 9ms in InitializeTheta; 0ms in CreateRegularizerAgents; 91ms in InferThetaAndUpdateNwtSparse; 0ms in UpdateCacheEntry; 3ms in CalculateScore(sparsity_theta_score); 45ms in CalculateScore(^^^ItemsProcessedScore^^^); ]
I1006 02:24:10.255791 25382912 processor.cc:740] No data in processing queue, waiting...
I1006 02:24:10.381129 27529216 processor.cc:925] Processor: complete processing batch 1807f09b-437d-4c03-b47a-c2a2e773c2dd into model nwt
I1006 02:24:10.386822 27529216 cuckoo_watch.h:45] 331ms in ProcessBatch(lectures_batches/aaaaab.batch) [including 24ms in LoadMessage; 23ms in InitializeSparseNdw; 0ms in FindReuseThetaCacheEntry; 3ms in InitializeTheta; 0ms in CreateRegularizerAgents; 175ms in InferThetaAndUpdateNwtSparse; 0ms in UpdateCacheEntry; 5ms in CalculateScore(sparsity_theta_score); 93ms in CalculateScore(^^^ItemsProcessedScore^^^); ]
I1006 02:24:10.387488 2047873024 master_component.cc:1436] RegularizeModelArgs: rwt_target_name=rwt, pwt_source_name=pwt, nwt_source_name=nwt
I1006 02:24:10.387529 2047873024 master_component.cc:976] MasterComponent: start regularizing model pwt
I1006 02:24:10.411243 27529216 processor.cc:740] No data in processing queue, waiting...
I1006 02:24:10.513119 2047873024 master_component.cc:1002] MasterComponent: complete regularizing model pwt
I1006 02:24:10.513195 2047873024 master_component.cc:1449] NormalizeModelArgs: pwt_target_name=pwt, nwt_source_name=nwt, rwt_source_name=rwt
I1006 02:24:10.513211 2047873024 master_component.cc:1006] MasterComponent: start normalizing model nwt
I1006 02:24:10.598670 2047873024 master_component.cc:1034] MasterComponent: complete normalizing model nwt
I1006 02:24:10.701711 2047873024 master_component.cc:1473] DisposeModel rwt
I1006 02:24:10.718924 2047873024 master_component.cc:1059] FitOffline: ItemsProcessed, num_items=1728, num_batches=2, token_weight=808522, token_weight_in_effect=808522
I1006 02:24:10.719166 2047873024 c_interface.cc:389] Pass FitOfflineMasterModelArgs, batch_filename_size=2, batch_weight_size=2, num_collection_passes=1, reset_nwt=yes to MN4artm4core15MasterComponentEFvRKNS_25FitOfflineMasterModelArgsEE
I1006 02:24:10.719177 2047873024 master_component.cc:1398] ProcessBatchesArgs: nwt_target_name=nwt, batch_filename_size=2, batch_size=0, batch_weight_size=2, pwt_source_name=pwt, num_document_passes=1, regularizer=(name:SmoothSparsePhi_bcg, tau:100000), class=(text:1), class=(author:1), reuse_theta=yes, opt_for_avx=yes, predict_class_id=, reset_nwt=yes
I1006 02:24:10.736868 26456064 processor.cc:747] Processing queue has data, processing started
I1006 02:24:10.736868 24846336 processor.cc:747] Processing queue has data, processing started
I1006 02:24:10.750478 26456064 processor.cc:820] Processor: start processing batch dd744804-9833-470b-bd4a-9bfd8d8763fe into model nwt
I1006 02:24:10.761287 24846336 processor.cc:820] Processor: start processing batch 1807f09b-437d-4c03-b47a-c2a2e773c2dd into model nwt
I1006 02:24:10.911716 26456064 processor.cc:925] Processor: complete processing batch dd744804-9833-470b-bd4a-9bfd8d8763fe into model nwt
I1006 02:24:10.916132 26456064 cuckoo_watch.h:45] 179ms in ProcessBatch(lectures_batches/aaaaaa.batch) [including 13ms in LoadMessage; 7ms in InitializeSparseNdw; 0ms in FindReuseThetaCacheEntry; 8ms in InitializeTheta; 0ms in CreateRegularizerAgents; 89ms in InferThetaAndUpdateNwtSparse; 0ms in UpdateCacheEntry; 4ms in CalculateScore(sparsity_theta_score); 50ms in CalculateScore(^^^ItemsProcessedScore^^^); ]
I1006 02:24:10.940594 26456064 processor.cc:740] No data in processing queue, waiting...
I1006 02:24:11.100575 24846336 processor.cc:925] Processor: complete processing batch 1807f09b-437d-4c03-b47a-c2a2e773c2dd into model nwt
I1006 02:24:11.107261 24846336 cuckoo_watch.h:45] 370ms in ProcessBatch(lectures_batches/aaaaab.batch) [including 24ms in LoadMessage; 20ms in InitializeSparseNdw; 0ms in FindReuseThetaCacheEntry; 4ms in InitializeTheta; 0ms in CreateRegularizerAgents; 194ms in InferThetaAndUpdateNwtSparse; 0ms in UpdateCacheEntry; 5ms in CalculateScore(sparsity_theta_score); 113ms in CalculateScore(^^^ItemsProcessedScore^^^); ]
I1006 02:24:11.107890 2047873024 master_component.cc:1436] RegularizeModelArgs: rwt_target_name=rwt, pwt_source_name=pwt, nwt_source_name=nwt
I1006 02:24:11.107928 2047873024 master_component.cc:976] MasterComponent: start regularizing model pwt
I1006 02:24:11.131592 24846336 processor.cc:740] No data in processing queue, waiting...
I1006 02:24:11.222371 2047873024 master_component.cc:1002] MasterComponent: complete regularizing model pwt
I1006 02:24:11.222393 2047873024 master_component.cc:1449] NormalizeModelArgs: pwt_target_name=pwt, nwt_source_name=nwt, rwt_source_name=rwt
I1006 02:24:11.222399 2047873024 master_component.cc:1006] MasterComponent: start normalizing model nwt
I1006 02:24:11.307917 2047873024 master_component.cc:1034] MasterComponent: complete normalizing model nwt
I1006 02:24:11.406618 2047873024 master_component.cc:1473] DisposeModel rwt
I1006 02:24:11.424115 2047873024 master_component.cc:1059] FitOffline: ItemsProcessed, num_items=1728, num_batches=2, token_weight=808522, token_weight_in_effect=808522
I1006 02:24:11.424361 2047873024 c_interface.cc:389] Pass FitOfflineMasterModelArgs, batch_filename_size=2, batch_weight_size=2, num_collection_passes=1, reset_nwt=yes to MN4artm4core15MasterComponentEFvRKNS_25FitOfflineMasterModelArgsEE
I1006 02:24:11.424403 2047873024 master_component.cc:1398] ProcessBatchesArgs: nwt_target_name=nwt, batch_filename_size=2, batch_size=0, batch_weight_size=2, pwt_source_name=pwt, num_document_passes=1, regularizer=(name:SmoothSparsePhi_bcg, tau:100000), class=(text:1), class=(author:1), reuse_theta=yes, opt_for_avx=yes, predict_class_id=, reset_nwt=yes
I1006 02:24:11.443205 28602368 processor.cc:747] Processing queue has data, processing started
I1006 02:24:11.443228 25382912 processor.cc:747] Processing queue has data, processing started
I1006 02:24:11.457913 28602368 processor.cc:820] Processor: start processing batch dd744804-9833-470b-bd4a-9bfd8d8763fe into model nwt
I1006 02:24:11.468922 25382912 processor.cc:820] Processor: start processing batch 1807f09b-437d-4c03-b47a-c2a2e773c2dd into model nwt
I1006 02:24:11.620093 28602368 processor.cc:925] Processor: complete processing batch dd744804-9833-470b-bd4a-9bfd8d8763fe into model nwt
I1006 02:24:11.625118 28602368 cuckoo_watch.h:45] 181ms in ProcessBatch(lectures_batches/aaaaaa.batch) [including 14ms in LoadMessage; 8ms in InitializeSparseNdw; 0ms in FindReuseThetaCacheEntry; 8ms in InitializeTheta; 0ms in CreateRegularizerAgents; 90ms in InferThetaAndUpdateNwtSparse; 0ms in UpdateCacheEntry; 3ms in CalculateScore(sparsity_theta_score); 50ms in CalculateScore(^^^ItemsProcessedScore^^^); ]
I1006 02:24:11.649488 28602368 processor.cc:740] No data in processing queue, waiting...
I1006 02:24:11.794689 25382912 processor.cc:925] Processor: complete processing batch 1807f09b-437d-4c03-b47a-c2a2e773c2dd into model nwt
I1006 02:24:11.802278 25382912 cuckoo_watch.h:45] 359ms in ProcessBatch(lectures_batches/aaaaab.batch) [including 25ms in LoadMessage; 21ms in InitializeSparseNdw; 0ms in FindReuseThetaCacheEntry; 4ms in InitializeTheta; 0ms in CreateRegularizerAgents; 183ms in InferThetaAndUpdateNwtSparse; 0ms in UpdateCacheEntry; 5ms in CalculateScore(sparsity_theta_score); 110ms in CalculateScore(^^^ItemsProcessedScore^^^); ]
I1006 02:24:11.803370 2047873024 master_component.cc:1436] RegularizeModelArgs: rwt_target_name=rwt, pwt_source_name=pwt, nwt_source_name=nwt
I1006 02:24:11.803421 2047873024 master_component.cc:976] MasterComponent: start regularizing model pwt
I1006 02:24:11.826254 25382912 processor.cc:740] No data in processing queue, waiting...
I1006 02:24:11.927072 2047873024 master_component.cc:1002] MasterComponent: complete regularizing model pwt
I1006 02:24:11.927093 2047873024 master_component.cc:1449] NormalizeModelArgs: pwt_target_name=pwt, nwt_source_name=nwt, rwt_source_name=rwt
I1006 02:24:11.927101 2047873024 master_component.cc:1006] MasterComponent: start normalizing model nwt
I1006 02:24:12.019044 2047873024 master_component.cc:1034] MasterComponent: complete normalizing model nwt
I1006 02:24:12.114253 2047873024 master_component.cc:1473] DisposeModel rwt
I1006 02:24:12.132027 2047873024 master_component.cc:1059] FitOffline: ItemsProcessed, num_items=1728, num_batches=2, token_weight=808522, token_weight_in_effect=808522
I1006 02:24:12.132269 2047873024 c_interface.cc:389] Pass FitOfflineMasterModelArgs, batch_filename_size=2, batch_weight_size=2, num_collection_passes=1, reset_nwt=yes to MN4artm4core15MasterComponentEFvRKNS_25FitOfflineMasterModelArgsEE
I1006 02:24:12.132282 2047873024 master_component.cc:1398] ProcessBatchesArgs: nwt_target_name=nwt, batch_filename_size=2, batch_size=0, batch_weight_size=2, pwt_source_name=pwt, num_document_passes=1, regularizer=(name:SmoothSparsePhi_bcg, tau:100000), class=(text:1), class=(author:1), reuse_theta=yes, opt_for_avx=yes, predict_class_id=, reset_nwt=yes
I1006 02:24:12.151335 26992640 processor.cc:747] Processing queue has data, processing started
I1006 02:24:12.151343 25919488 processor.cc:747] Processing queue has data, processing started
I1006 02:24:12.164815 26992640 processor.cc:820] Processor: start processing batch dd744804-9833-470b-bd4a-9bfd8d8763fe into model nwt
I1006 02:24:12.175549 25919488 processor.cc:820] Processor: start processing batch 1807f09b-437d-4c03-b47a-c2a2e773c2dd into model nwt
I1006 02:24:12.317976 26992640 processor.cc:925] Processor: complete processing batch dd744804-9833-470b-bd4a-9bfd8d8763fe into model nwt
I1006 02:24:12.322671 26992640 cuckoo_watch.h:45] 171ms in ProcessBatch(lectures_batches/aaaaaa.batch) [including 13ms in LoadMessage; 8ms in InitializeSparseNdw; 0ms in FindReuseThetaCacheEntry; 8ms in InitializeTheta; 0ms in CreateRegularizerAgents; 86ms in InferThetaAndUpdateNwtSparse; 0ms in UpdateCacheEntry; 3ms in CalculateScore(sparsity_theta_score); 45ms in CalculateScore(^^^ItemsProcessedScore^^^); ]
I1006 02:24:12.346932 26992640 processor.cc:740] No data in processing queue, waiting...
I1006 02:24:12.490700 25919488 processor.cc:925] Processor: complete processing batch 1807f09b-437d-4c03-b47a-c2a2e773c2dd into model nwt
I1006 02:24:12.497273 25919488 cuckoo_watch.h:45] 345ms in ProcessBatch(lectures_batches/aaaaab.batch) [including 24ms in LoadMessage; 20ms in InitializeSparseNdw; 0ms in FindReuseThetaCacheEntry; 4ms in InitializeTheta; 0ms in CreateRegularizerAgents; 172ms in InferThetaAndUpdateNwtSparse; 0ms in UpdateCacheEntry; 5ms in CalculateScore(sparsity_theta_score); 111ms in CalculateScore(^^^ItemsProcessedScore^^^); ]
I1006 02:24:12.497408 2047873024 master_component.cc:1436] RegularizeModelArgs: rwt_target_name=rwt, pwt_source_name=pwt, nwt_source_name=nwt
I1006 02:24:12.497426 2047873024 master_component.cc:976] MasterComponent: start regularizing model pwt
I1006 02:24:12.521615 25919488 processor.cc:740] No data in processing queue, waiting...
I1006 02:24:12.615630 2047873024 master_component.cc:1002] MasterComponent: complete regularizing model pwt
I1006 02:24:12.615664 2047873024 master_component.cc:1449] NormalizeModelArgs: pwt_target_name=pwt, nwt_source_name=nwt, rwt_source_name=rwt
I1006 02:24:12.615672 2047873024 master_component.cc:1006] MasterComponent: start normalizing model nwt
I1006 02:24:12.708528 2047873024 master_component.cc:1034] MasterComponent: complete normalizing model nwt
I1006 02:24:12.806849 2047873024 master_component.cc:1473] DisposeModel rwt
I1006 02:24:12.826310 2047873024 master_component.cc:1059] FitOffline: ItemsProcessed, num_items=1728, num_batches=2, token_weight=808522, token_weight_in_effect=808522
I1006 02:24:12.826620 2047873024 c_interface.cc:389] Pass FitOfflineMasterModelArgs, batch_filename_size=2, batch_weight_size=2, num_collection_passes=1, reset_nwt=yes to MN4artm4core15MasterComponentEFvRKNS_25FitOfflineMasterModelArgsEE
I1006 02:24:12.826637 2047873024 master_component.cc:1398] ProcessBatchesArgs: nwt_target_name=nwt, batch_filename_size=2, batch_size=0, batch_weight_size=2, pwt_source_name=pwt, num_document_passes=1, regularizer=(name:SmoothSparsePhi_bcg, tau:100000), class=(text:1), class=(author:1), reuse_theta=yes, opt_for_avx=yes, predict_class_id=, reset_nwt=yes
I1006 02:24:12.845590 24846336 processor.cc:747] Processing queue has data, processing started
I1006 02:24:12.845597 25382912 processor.cc:747] Processing queue has data, processing started
I1006 02:24:12.858760 24846336 processor.cc:820] Processor: start processing batch dd744804-9833-470b-bd4a-9bfd8d8763fe into model nwt
I1006 02:24:12.869909 25382912 processor.cc:820] Processor: start processing batch 1807f09b-437d-4c03-b47a-c2a2e773c2dd into model nwt
I1006 02:24:13.023104 24846336 processor.cc:925] Processor: complete processing batch dd744804-9833-470b-bd4a-9bfd8d8763fe into model nwt
I1006 02:24:13.028074 24846336 cuckoo_watch.h:45] 182ms in ProcessBatch(lectures_batches/aaaaaa.batch) [including 13ms in LoadMessage; 8ms in InitializeSparseNdw; 0ms in FindReuseThetaCacheEntry; 8ms in InitializeTheta; 0ms in CreateRegularizerAgents; 91ms in InferThetaAndUpdateNwtSparse; 0ms in UpdateCacheEntry; 4ms in CalculateScore(sparsity_theta_score); 50ms in CalculateScore(^^^ItemsProcessedScore^^^); ]
I1006 02:24:13.052211 24846336 processor.cc:740] No data in processing queue, waiting...
I1006 02:24:13.194636 25382912 processor.cc:925] Processor: complete processing batch 1807f09b-437d-4c03-b47a-c2a2e773c2dd into model nwt
I1006 02:24:13.201503 25382912 cuckoo_watch.h:45] 355ms in ProcessBatch(lectures_batches/aaaaab.batch) [including 24ms in LoadMessage; 23ms in InitializeSparseNdw; 0ms in FindReuseThetaCacheEntry; 4ms in InitializeTheta; 0ms in CreateRegularizerAgents; 180ms in InferThetaAndUpdateNwtSparse; 0ms in UpdateCacheEntry; 5ms in CalculateScore(sparsity_theta_score); 110ms in CalculateScore(^^^ItemsProcessedScore^^^); ]
I1006 02:24:13.202623 2047873024 master_component.cc:1436] RegularizeModelArgs: rwt_target_name=rwt, pwt_source_name=pwt, nwt_source_name=nwt
I1006 02:24:13.202654 2047873024 master_component.cc:976] MasterComponent: start regularizing model pwt
I1006 02:24:13.225601 25382912 processor.cc:740] No data in processing queue, waiting...
I1006 02:24:13.322851 2047873024 master_component.cc:1002] MasterComponent: complete regularizing model pwt
I1006 02:24:13.322872 2047873024 master_component.cc:1449] NormalizeModelArgs: pwt_target_name=pwt, nwt_source_name=nwt, rwt_source_name=rwt
I1006 02:24:13.322880 2047873024 master_component.cc:1006] MasterComponent: start normalizing model nwt
I1006 02:24:13.416399 2047873024 master_component.cc:1034] MasterComponent: complete normalizing model nwt
I1006 02:24:13.514570 2047873024 master_component.cc:1473] DisposeModel rwt
I1006 02:24:13.533071 2047873024 master_component.cc:1059] FitOffline: ItemsProcessed, num_items=1728, num_batches=2, token_weight=808522, token_weight_in_effect=808522
I1006 02:24:13.533303 2047873024 c_interface.cc:389] Pass FitOfflineMasterModelArgs, batch_filename_size=2, batch_weight_size=2, num_collection_passes=1, reset_nwt=yes to MN4artm4core15MasterComponentEFvRKNS_25FitOfflineMasterModelArgsEE
I1006 02:24:13.533315 2047873024 master_component.cc:1398] ProcessBatchesArgs: nwt_target_name=nwt, batch_filename_size=2, batch_size=0, batch_weight_size=2, pwt_source_name=pwt, num_document_passes=1, regularizer=(name:SmoothSparsePhi_bcg, tau:100000), class=(text:1), class=(author:1), reuse_theta=yes, opt_for_avx=yes, predict_class_id=, reset_nwt=yes
I1006 02:24:13.552995 26456064 processor.cc:747] Processing queue has data, processing started
I1006 02:24:13.553015 27529216 processor.cc:747] Processing queue has data, processing started
I1006 02:24:13.568123 26456064 processor.cc:820] Processor: start processing batch dd744804-9833-470b-bd4a-9bfd8d8763fe into model nwt
I1006 02:24:13.578325 27529216 processor.cc:820] Processor: start processing batch 1807f09b-437d-4c03-b47a-c2a2e773c2dd into model nwt
I1006 02:24:13.719980 26456064 processor.cc:925] Processor: complete processing batch dd744804-9833-470b-bd4a-9bfd8d8763fe into model nwt
I1006 02:24:13.724470 26456064 cuckoo_watch.h:45] 171ms in ProcessBatch(lectures_batches/aaaaaa.batch) [including 15ms in LoadMessage; 8ms in InitializeSparseNdw; 0ms in FindReuseThetaCacheEntry; 8ms in InitializeTheta; 0ms in CreateRegularizerAgents; 83ms in InferThetaAndUpdateNwtSparse; 0ms in UpdateCacheEntry; 4ms in CalculateScore(sparsity_theta_score); 45ms in CalculateScore(^^^ItemsProcessedScore^^^); ]
I1006 02:24:13.748720 26456064 processor.cc:740] No data in processing queue, waiting...
I1006 02:24:13.876091 27529216 processor.cc:925] Processor: complete processing batch 1807f09b-437d-4c03-b47a-c2a2e773c2dd into model nwt
I1006 02:24:13.883644 27529216 cuckoo_watch.h:45] 330ms in ProcessBatch(lectures_batches/aaaaab.batch) [including 25ms in LoadMessage; 19ms in InitializeSparseNdw; 0ms in FindReuseThetaCacheEntry; 3ms in InitializeTheta; 0ms in CreateRegularizerAgents; 171ms in InferThetaAndUpdateNwtSparse; 0ms in UpdateCacheEntry; 4ms in CalculateScore(sparsity_theta_score); 97ms in CalculateScore(^^^ItemsProcessedScore^^^); ]
I1006 02:24:13.884251 2047873024 master_component.cc:1436] RegularizeModelArgs: rwt_target_name=rwt, pwt_source_name=pwt, nwt_source_name=nwt
I1006 02:24:13.884284 2047873024 master_component.cc:976] MasterComponent: start regularizing model pwt
I1006 02:24:13.908169 27529216 processor.cc:740] No data in processing queue, waiting...
I1006 02:24:14.011893 2047873024 master_component.cc:1002] MasterComponent: complete regularizing model pwt
I1006 02:24:14.011912 2047873024 master_component.cc:1449] NormalizeModelArgs: pwt_target_name=pwt, nwt_source_name=nwt, rwt_source_name=rwt
I1006 02:24:14.011919 2047873024 master_component.cc:1006] MasterComponent: start normalizing model nwt
I1006 02:24:14.097697 2047873024 master_component.cc:1034] MasterComponent: complete normalizing model nwt
I1006 02:24:14.191699 2047873024 master_component.cc:1473] DisposeModel rwt
I1006 02:24:14.213227 2047873024 master_component.cc:1059] FitOffline: ItemsProcessed, num_items=1728, num_batches=2, token_weight=808522, token_weight_in_effect=808522
I1006 02:24:14.213476 2047873024 c_interface.cc:389] Pass FitOfflineMasterModelArgs, batch_filename_size=2, batch_weight_size=2, num_collection_passes=1, reset_nwt=yes to MN4artm4core15MasterComponentEFvRKNS_25FitOfflineMasterModelArgsEE
I1006 02:24:14.213490 2047873024 master_component.cc:1398] ProcessBatchesArgs: nwt_target_name=nwt, batch_filename_size=2, batch_size=0, batch_weight_size=2, pwt_source_name=pwt, num_document_passes=1, regularizer=(name:SmoothSparsePhi_bcg, tau:100000), class=(text:1), class=(author:1), reuse_theta=yes, opt_for_avx=yes, predict_class_id=, reset_nwt=yes
I1006 02:24:14.232218 26456064 processor.cc:747] Processing queue has data, processing started
I1006 02:24:14.232218 25919488 processor.cc:747] Processing queue has data, processing started
I1006 02:24:14.247028 26456064 processor.cc:820] Processor: start processing batch dd744804-9833-470b-bd4a-9bfd8d8763fe into model nwt
I1006 02:24:14.258623 25919488 processor.cc:820] Processor: start processing batch 1807f09b-437d-4c03-b47a-c2a2e773c2dd into model nwt
I1006 02:24:14.414192 26456064 processor.cc:925] Processor: complete processing batch dd744804-9833-470b-bd4a-9bfd8d8763fe into model nwt
I1006 02:24:14.419132 26456064 cuckoo_watch.h:45] 186ms in ProcessBatch(lectures_batches/aaaaaa.batch) [including 14ms in LoadMessage; 8ms in InitializeSparseNdw; 0ms in FindReuseThetaCacheEntry; 8ms in InitializeTheta; 0ms in CreateRegularizerAgents; 93ms in InferThetaAndUpdateNwtSparse; 0ms in UpdateCacheEntry; 4ms in CalculateScore(sparsity_theta_score); 52ms in CalculateScore(^^^ItemsProcessedScore^^^); ]
I1006 02:24:14.443470 26456064 processor.cc:740] No data in processing queue, waiting...
I1006 02:24:14.581383 25919488 processor.cc:925] Processor: complete processing batch 1807f09b-437d-4c03-b47a-c2a2e773c2dd into model nwt
I1006 02:24:14.587832 25919488 cuckoo_watch.h:45] 355ms in ProcessBatch(lectures_batches/aaaaab.batch) [including 26ms in LoadMessage; 22ms in InitializeSparseNdw; 0ms in FindReuseThetaCacheEntry; 3ms in InitializeTheta; 0ms in CreateRegularizerAgents; 186ms in InferThetaAndUpdateNwtSparse; 0ms in UpdateCacheEntry; 5ms in CalculateScore(sparsity_theta_score); 104ms in CalculateScore(^^^ItemsProcessedScore^^^); ]
I1006 02:24:14.588697 2047873024 master_component.cc:1436] RegularizeModelArgs: rwt_target_name=rwt, pwt_source_name=pwt, nwt_source_name=nwt
I1006 02:24:14.588742 2047873024 master_component.cc:976] MasterComponent: start regularizing model pwt
I1006 02:24:14.611688 25919488 processor.cc:740] No data in processing queue, waiting...
I1006 02:24:14.717669 2047873024 master_component.cc:1002] MasterComponent: complete regularizing model pwt
I1006 02:24:14.717692 2047873024 master_component.cc:1449] NormalizeModelArgs: pwt_target_name=pwt, nwt_source_name=nwt, rwt_source_name=rwt
I1006 02:24:14.717700 2047873024 master_component.cc:1006] MasterComponent: start normalizing model nwt
I1006 02:24:14.810075 2047873024 master_component.cc:1034] MasterComponent: complete normalizing model nwt
I1006 02:24:14.899760 2047873024 master_component.cc:1473] DisposeModel rwt
I1006 02:24:14.917834 2047873024 master_component.cc:1059] FitOffline: ItemsProcessed, num_items=1728, num_batches=2, token_weight=808522, token_weight_in_effect=808522
I1006 02:24:14.918068 2047873024 c_interface.cc:389] Pass FitOfflineMasterModelArgs, batch_filename_size=2, batch_weight_size=2, num_collection_passes=1, reset_nwt=yes to MN4artm4core15MasterComponentEFvRKNS_25FitOfflineMasterModelArgsEE
I1006 02:24:14.918107 2047873024 master_component.cc:1398] ProcessBatchesArgs: nwt_target_name=nwt, batch_filename_size=2, batch_size=0, batch_weight_size=2, pwt_source_name=pwt, num_document_passes=1, regularizer=(name:SmoothSparsePhi_bcg, tau:100000), class=(text:1), class=(author:1), reuse_theta=yes, opt_for_avx=yes, predict_class_id=, reset_nwt=yes
I1006 02:24:14.937233 25382912 processor.cc:747] Processing queue has data, processing started
I1006 02:24:14.937247 27529216 processor.cc:747] Processing queue has data, processing started
I1006 02:24:14.950770 25382912 processor.cc:820] Processor: start processing batch dd744804-9833-470b-bd4a-9bfd8d8763fe into model nwt
I1006 02:24:14.962064 27529216 processor.cc:820] Processor: start processing batch 1807f09b-437d-4c03-b47a-c2a2e773c2dd into model nwt
I1006 02:24:15.117905 25382912 processor.cc:925] Processor: complete processing batch dd744804-9833-470b-bd4a-9bfd8d8763fe into model nwt
I1006 02:24:15.122558 25382912 cuckoo_watch.h:45] 185ms in ProcessBatch(lectures_batches/aaaaaa.batch) [including 13ms in LoadMessage; 8ms in InitializeSparseNdw; 0ms in FindReuseThetaCacheEntry; 9ms in InitializeTheta; 0ms in CreateRegularizerAgents; 91ms in InferThetaAndUpdateNwtSparse; 0ms in UpdateCacheEntry; 4ms in CalculateScore(sparsity_theta_score); 52ms in CalculateScore(^^^ItemsProcessedScore^^^); ]
I1006 02:24:15.146893 25382912 processor.cc:740] No data in processing queue, waiting...
I1006 02:24:15.288414 27529216 processor.cc:925] Processor: complete processing batch 1807f09b-437d-4c03-b47a-c2a2e773c2dd into model nwt
I1006 02:24:15.294946 27529216 cuckoo_watch.h:45] 357ms in ProcessBatch(lectures_batches/aaaaab.batch) [including 24ms in LoadMessage; 22ms in InitializeSparseNdw; 0ms in FindReuseThetaCacheEntry; 3ms in InitializeTheta; 0ms in CreateRegularizerAgents; 186ms in InferThetaAndUpdateNwtSparse; 0ms in UpdateCacheEntry; 5ms in CalculateScore(sparsity_theta_score); 108ms in CalculateScore(^^^ItemsProcessedScore^^^); ]
I1006 02:24:15.296051 2047873024 master_component.cc:1436] RegularizeModelArgs: rwt_target_name=rwt, pwt_source_name=pwt, nwt_source_name=nwt
I1006 02:24:15.296084 2047873024 master_component.cc:976] MasterComponent: start regularizing model pwt
I1006 02:24:15.319089 27529216 processor.cc:740] No data in processing queue, waiting...
I1006 02:24:15.424523 2047873024 master_component.cc:1002] MasterComponent: complete regularizing model pwt
I1006 02:24:15.424544 2047873024 master_component.cc:1449] NormalizeModelArgs: pwt_target_name=pwt, nwt_source_name=nwt, rwt_source_name=rwt
I1006 02:24:15.424551 2047873024 master_component.cc:1006] MasterComponent: start normalizing model nwt
I1006 02:24:15.514008 2047873024 master_component.cc:1034] MasterComponent: complete normalizing model nwt
I1006 02:24:15.614301 2047873024 master_component.cc:1473] DisposeModel rwt
I1006 02:24:15.632696 2047873024 master_component.cc:1059] FitOffline: ItemsProcessed, num_items=1728, num_batches=2, token_weight=808522, token_weight_in_effect=808522
I1006 02:24:15.632928 2047873024 c_interface.cc:389] Pass FitOfflineMasterModelArgs, batch_filename_size=2, batch_weight_size=2, num_collection_passes=1, reset_nwt=yes to MN4artm4core15MasterComponentEFvRKNS_25FitOfflineMasterModelArgsEE
I1006 02:24:15.632941 2047873024 master_component.cc:1398] ProcessBatchesArgs: nwt_target_name=nwt, batch_filename_size=2, batch_size=0, batch_weight_size=2, pwt_source_name=pwt, num_document_passes=1, regularizer=(name:SmoothSparsePhi_bcg, tau:100000), class=(text:1), class=(author:1), reuse_theta=yes, opt_for_avx=yes, predict_class_id=, reset_nwt=yes
I1006 02:24:15.652941 26992640 processor.cc:747] Processing queue has data, processing started
I1006 02:24:15.652954 25919488 processor.cc:747] Processing queue has data, processing started
I1006 02:24:15.667829 26992640 processor.cc:820] Processor: start processing batch dd744804-9833-470b-bd4a-9bfd8d8763fe into model nwt
I1006 02:24:15.678792 25919488 processor.cc:820] Processor: start processing batch 1807f09b-437d-4c03-b47a-c2a2e773c2dd into model nwt
I1006 02:24:15.834941 26992640 processor.cc:925] Processor: complete processing batch dd744804-9833-470b-bd4a-9bfd8d8763fe into model nwt
I1006 02:24:15.839179 26992640 cuckoo_watch.h:45] 186ms in ProcessBatch(lectures_batches/aaaaaa.batch) [including 14ms in LoadMessage; 8ms in InitializeSparseNdw; 0ms in FindReuseThetaCacheEntry; 9ms in InitializeTheta; 0ms in CreateRegularizerAgents; 92ms in InferThetaAndUpdateNwtSparse; 0ms in UpdateCacheEntry; 4ms in CalculateScore(sparsity_theta_score); 50ms in CalculateScore(^^^ItemsProcessedScore^^^); ]
I1006 02:24:15.863494 26992640 processor.cc:740] No data in processing queue, waiting...
I1006 02:24:16.003737 25919488 processor.cc:925] Processor: complete processing batch 1807f09b-437d-4c03-b47a-c2a2e773c2dd into model nwt
I1006 02:24:16.011271 25919488 cuckoo_watch.h:45] 358ms in ProcessBatch(lectures_batches/aaaaab.batch) [including 25ms in LoadMessage; 23ms in InitializeSparseNdw; 0ms in FindReuseThetaCacheEntry; 4ms in InitializeTheta; 0ms in CreateRegularizerAgents; 187ms in InferThetaAndUpdateNwtSparse; 0ms in UpdateCacheEntry; 5ms in CalculateScore(sparsity_theta_score); 102ms in CalculateScore(^^^ItemsProcessedScore^^^); ]
