Log file created at: 2018/10/05 15:06:23
Running on machine: artems-MBP.Dlink
Log line format: [IWEF]mmdd hh:mm:ss.uuuuuu threadid file:line] msg
I1005 15:06:23.782603 2047873024 c_interface.cc:127] Logging enabled to .
I1005 15:06:23.783939 2047873024 c_interface.cc:128] BigARTM version: v0.9.0
I1005 15:06:23.783984 2047873024 c_interface.cc:271] Pass MasterModelConfig: topic_name_size=0, score_config_size=1, num_processors=0, pwt_name=pwt, nwt_name=nwt, num_document_passes=0, reuse_theta=no, cache_theta=no, opt_for_avx=yes, disk_cache_path= to ArtmCreateMasterModel
I1005 15:06:23.784019 2047873024 c_interface.cc:274] Creating MasterModel (id=1)...
I1005 15:06:23.784694 2047873024 collection_parser.cc:557] CollectionParserConfig.num_threads is automatically set to 8
W1005 15:06:23.860898 26456064 helpers.cc:221] File already exists: school_batches/aaaaaa.batch
W1005 15:06:23.869063 26992640 helpers.cc:221] File already exists: school_batches/aaaaab.batch
W1005 15:06:23.878172 28602368 helpers.cc:221] File already exists: school_batches/aaaaae.batch
W1005 15:06:23.887863 27529216 helpers.cc:221] File already exists: school_batches/aaaaac.batch
W1005 15:06:23.897631 28065792 helpers.cc:221] File already exists: school_batches/aaaaad.batch
I1005 15:06:23.907524 2047873024 c_interface.cc:375] Pass aaa90c7d-59ab-4172-820a-395568cb1bfb to MN4artm4core15MasterComponentEFvRKNSt3__112basic_stringIcNS2_11char_traitsIcEENS2_9allocatorIcEEEEE
I1005 15:06:23.907676 2047873024 c_interface.cc:389] Pass GatherDictionaryArgs: dictionary_target_name=aaa90c7d-59ab-4172-820a-395568cb1bfb, data_path=school_batches, symmetric_cooc_values=0 to MN4artm4core15MasterComponentEFvRKNS_20GatherDictionaryArgsEE
I1005 15:06:23.907778 2047873024 dictionary_operations.cc:261] Found 5 batches in 'school_batches' folder
I1005 15:06:23.939165 2047873024 dictionary_operations.cc:325] Find 16099 unique tokens in 476 items
I1005 15:06:23.953519 2047873024 dictionary_operations.cc:589] Dictionary name='aaa90c7d-59ab-4172-820a-395568cb1bfb' contains entries: text:16099; 
I1005 15:06:25.385359 2047873024 c_interface.cc:271] Pass MasterModelConfig: topic_name_size=10, class=(text:1), score_config_size=1, num_processors=0, pwt_name=pwt, nwt_name=nwt, num_document_passes=1, reuse_theta=yes, cache_theta=yes, opt_for_avx=yes, disk_cache_path= to ArtmCreateMasterModel
I1005 15:06:25.385383 2047873024 instance.cc:401] MasterModelConfig.processors_count is automatically set to 8
I1005 15:06:25.385470 26456064 processor.cc:724] Processor thread started
I1005 15:06:25.385473 26992640 processor.cc:724] Processor thread started
I1005 15:06:25.385490 27529216 processor.cc:724] Processor thread started
I1005 15:06:25.385511 28065792 processor.cc:724] Processor thread started
I1005 15:06:25.385519 28602368 processor.cc:724] Processor thread started
I1005 15:06:25.385540 29138944 processor.cc:724] Processor thread started
I1005 15:06:25.385551 29675520 processor.cc:724] Processor thread started
I1005 15:06:25.385561 2047873024 c_interface.cc:274] Creating MasterModel (id=2)...
I1005 15:06:25.385572 30212096 processor.cc:724] Processor thread started
I1005 15:06:25.408697 26992640 processor.cc:740] No data in processing queue, waiting...
I1005 15:06:25.408702 26456064 processor.cc:740] No data in processing queue, waiting...
I1005 15:06:25.408701 28065792 processor.cc:740] No data in processing queue, waiting...
I1005 15:06:25.408711 30212096 processor.cc:740] No data in processing queue, waiting...
I1005 15:06:25.408722 29675520 processor.cc:740] No data in processing queue, waiting...
I1005 15:06:25.408735 29138944 processor.cc:740] No data in processing queue, waiting...
I1005 15:06:25.408741 28602368 processor.cc:740] No data in processing queue, waiting...
I1005 15:06:25.408743 27529216 processor.cc:740] No data in processing queue, waiting...
I1005 15:06:26.782904 2047873024 c_interface.cc:271] Pass MasterModelConfig: topic_name_size=0, score_config_size=1, num_processors=0, pwt_name=pwt, nwt_name=nwt, num_document_passes=0, reuse_theta=no, cache_theta=no, opt_for_avx=yes, disk_cache_path= to ArtmCreateMasterModel
I1005 15:06:26.782923 2047873024 c_interface.cc:274] Creating MasterModel (id=3)...
I1005 15:06:26.783383 2047873024 c_interface.cc:375] Pass dictionary to MN4artm4core15MasterComponentEFvRKNSt3__112basic_stringIcNS2_11char_traitsIcEENS2_9allocatorIcEEEEE
I1005 15:06:26.783545 2047873024 c_interface.cc:389] Pass GatherDictionaryArgs: dictionary_target_name=dictionary, data_path=school_batches, symmetric_cooc_values=0 to MN4artm4core15MasterComponentEFvRKNS_20GatherDictionaryArgsEE
I1005 15:06:26.783655 2047873024 dictionary_operations.cc:261] Found 5 batches in 'school_batches' folder
I1005 15:06:26.815449 2047873024 dictionary_operations.cc:325] Find 16099 unique tokens in 476 items
I1005 15:06:26.829488 2047873024 dictionary_operations.cc:589] Dictionary name='dictionary' contains entries: text:16099; 
I1005 15:06:27.151461 2047873024 c_interface.cc:389] Pass MasterModelConfig: topic_name_size=10, class=(text:1), score_config_size=2, num_processors=0, pwt_name=pwt, nwt_name=nwt, num_document_passes=1, reuse_theta=yes, cache_theta=yes, opt_for_avx=yes, disk_cache_path= to MN4artm4core15MasterComponentEFvRKNS_17MasterModelConfigEE
I1005 15:06:27.151487 2047873024 instance.cc:401] MasterModelConfig.processors_count is automatically set to 8
I1005 15:06:27.151505 2047873024 perplexity.cc:26] Perplexity score calculator created: model_type=1, dictionary_name=dictionary
I1005 15:06:27.152074 2047873024 c_interface.cc:389] Pass MasterModelConfig: topic_name_size=10, class=(text:1), score_config_size=3, num_processors=0, pwt_name=pwt, nwt_name=nwt, num_document_passes=1, reuse_theta=yes, cache_theta=yes, opt_for_avx=yes, disk_cache_path= to MN4artm4core15MasterComponentEFvRKNS_17MasterModelConfigEE
I1005 15:06:27.152099 2047873024 instance.cc:401] MasterModelConfig.processors_count is automatically set to 8
I1005 15:06:27.152112 2047873024 perplexity.cc:26] Perplexity score calculator created: model_type=1, dictionary_name=dictionary
I1005 15:06:27.152546 2047873024 c_interface.cc:389] Pass MasterModelConfig: topic_name_size=10, class=(text:1), score_config_size=4, num_processors=0, pwt_name=pwt, nwt_name=nwt, num_document_passes=1, reuse_theta=yes, cache_theta=yes, opt_for_avx=yes, disk_cache_path= to MN4artm4core15MasterComponentEFvRKNS_17MasterModelConfigEE
I1005 15:06:27.152562 2047873024 instance.cc:401] MasterModelConfig.processors_count is automatically set to 8
I1005 15:06:27.152573 2047873024 perplexity.cc:26] Perplexity score calculator created: model_type=1, dictionary_name=dictionary
I1005 15:06:27.153161 2047873024 c_interface.cc:389] Pass MasterModelConfig: topic_name_size=10, class=(text:1), score_config_size=5, num_processors=0, pwt_name=pwt, nwt_name=nwt, num_document_passes=1, reuse_theta=yes, cache_theta=yes, opt_for_avx=yes, disk_cache_path= to MN4artm4core15MasterComponentEFvRKNS_17MasterModelConfigEE
I1005 15:06:27.153184 2047873024 instance.cc:401] MasterModelConfig.processors_count is automatically set to 8
I1005 15:06:27.153201 2047873024 perplexity.cc:26] Perplexity score calculator created: model_type=1, dictionary_name=dictionary
I1005 15:06:30.814335 2047873024 c_interface.cc:375] Pass pwt to MN4artm4core15MasterComponentEFvRKNSt3__112basic_stringIcNS2_11char_traitsIcEENS2_9allocatorIcEEEEE
I1005 15:06:30.814537 2047873024 c_interface.cc:375] Pass nwt to MN4artm4core15MasterComponentEFvRKNSt3__112basic_stringIcNS2_11char_traitsIcEENS2_9allocatorIcEEEEE
I1005 15:06:30.815116 2047873024 c_interface.cc:389] Pass InitializeModelArgs: model_name=pwt, dictionary_name=dictionary, topic_name_size=10, seed=-1 to MN4artm4core15MasterComponentEFvRKNS_19InitializeModelArgsEE
I1005 15:06:30.885915 2047873024 master_component.cc:664] InitializeModel() created matrix pwt with 10 topics and 16099 tokens; 
I1005 15:06:30.886152 2047873024 c_interface.cc:389] Pass InitializeModelArgs: model_name=nwt, dictionary_name=dictionary, topic_name_size=10, seed=-1 to MN4artm4core15MasterComponentEFvRKNS_19InitializeModelArgsEE
I1005 15:06:30.951999 2047873024 master_component.cc:664] InitializeModel() created matrix nwt with 10 topics and 16099 tokens; 
I1005 15:06:30.952188 2047873024 c_interface.cc:231] ArtmCopyRequestedMessage is copying 296 bytes...
I1005 15:06:40.198827 2047873024 c_interface.cc:389] Pass MasterModelConfig: topic_name_size=10, class=(text:1), score_config_size=5, num_processors=0, pwt_name=pwt, nwt_name=nwt, num_document_passes=1, regularizer=(SparsePhi:-100), reuse_theta=yes, cache_theta=yes, opt_for_avx=yes, disk_cache_path= to MN4artm4core15MasterComponentEFvRKNS_17MasterModelConfigEE
I1005 15:06:40.198882 2047873024 instance.cc:401] MasterModelConfig.processors_count is automatically set to 8
I1005 15:06:40.198911 2047873024 perplexity.cc:26] Perplexity score calculator created: model_type=1, dictionary_name=dictionary
I1005 15:06:40.198938 2047873024 instance.cc:232] Regularizer 'SparsePhi' was cold-reconfigured
I1005 15:06:40.955392 2047873024 c_interface.cc:389] Pass FitOfflineMasterModelArgs, batch_filename_size=5, batch_weight_size=5, num_collection_passes=1, reset_nwt=yes to MN4artm4core15MasterComponentEFvRKNS_25FitOfflineMasterModelArgsEE
I1005 15:06:40.955417 2047873024 master_component.cc:1398] ProcessBatchesArgs: nwt_target_name=nwt, batch_filename_size=5, batch_size=0, batch_weight_size=5, pwt_source_name=pwt, num_document_passes=1, regularizer=(name:SparsePhi, tau:-100), class=(text:1), reuse_theta=yes, opt_for_avx=yes, predict_class_id=, reset_nwt=yes
I1005 15:06:40.958760 2047873024 master_component.cc:826] Batches count (=5) is smaller than num processors (=8), which may cause suboptimal performance.
I1005 15:06:40.959784 29138944 processor.cc:747] Processing queue has data, processing started
I1005 15:06:40.959801 27529216 processor.cc:747] Processing queue has data, processing started
I1005 15:06:40.960064 26992640 processor.cc:747] Processing queue has data, processing started
I1005 15:06:40.960067 28065792 processor.cc:747] Processing queue has data, processing started
I1005 15:06:40.960068 29675520 processor.cc:747] Processing queue has data, processing started
I1005 15:06:40.963716 26992640 processor.cc:820] Processor: start processing batch eab02b5c-6a45-4195-9501-94fd6689e760 into model nwt
I1005 15:06:40.963815 27529216 processor.cc:820] Processor: start processing batch c9b607f8-4938-4861-9f12-8c6dcfabee41 into model nwt
I1005 15:06:40.963876 29138944 processor.cc:820] Processor: start processing batch c10f3d5b-9c8b-4a2c-a788-09a9100ffdaf into model nwt
I1005 15:06:40.964083 29675520 processor.cc:820] Processor: start processing batch f49e2b66-2935-4601-a664-cf93afbfbc39 into model nwt
I1005 15:06:40.964416 28065792 processor.cc:820] Processor: start processing batch 43359c6b-281d-4846-9aec-ddef8a5c0a6a into model nwt
I1005 15:06:40.996970 29675520 processor.cc:925] Processor: complete processing batch f49e2b66-2935-4601-a664-cf93afbfbc39 into model nwt
I1005 15:06:40.997962 29675520 cuckoo_watch.h:45] 37ms in ProcessBatch(school_batches/aaaaae.batch) [including 3ms in LoadMessage; 1ms in InitializeSparseNdw; 0ms in FindReuseThetaCacheEntry; 0ms in InitializeTheta; 0ms in CreateRegularizerAgents; 12ms in InferThetaAndUpdateNwtSparse; 0ms in UpdateCacheEntry; 12ms in CalculateScore(PerplexityScore); 0ms in CalculateScore(SparsityThetaScore); 5ms in CalculateScore(^^^ItemsProcessedScore^^^); ]
I1005 15:06:40.998508 29138944 processor.cc:925] Processor: complete processing batch c10f3d5b-9c8b-4a2c-a788-09a9100ffdaf into model nwt
I1005 15:06:40.999177 27529216 processor.cc:925] Processor: complete processing batch c9b607f8-4938-4861-9f12-8c6dcfabee41 into model nwt
I1005 15:06:41.000421 29138944 cuckoo_watch.h:45] 40ms in ProcessBatch(school_batches/aaaaaa.batch) [including 4ms in LoadMessage; 1ms in InitializeSparseNdw; 0ms in FindReuseThetaCacheEntry; 0ms in InitializeTheta; 0ms in CreateRegularizerAgents; 10ms in InferThetaAndUpdateNwtSparse; 0ms in UpdateCacheEntry; 14ms in CalculateScore(PerplexityScore); 1ms in CalculateScore(SparsityThetaScore); 6ms in CalculateScore(^^^ItemsProcessedScore^^^); ]
I1005 15:06:41.000638 27529216 cuckoo_watch.h:45] 40ms in ProcessBatch(school_batches/aaaaab.batch) [including 3ms in LoadMessage; 1ms in InitializeSparseNdw; 0ms in FindReuseThetaCacheEntry; 0ms in InitializeTheta; 0ms in CreateRegularizerAgents; 10ms in InferThetaAndUpdateNwtSparse; 0ms in UpdateCacheEntry; 14ms in CalculateScore(PerplexityScore); 1ms in CalculateScore(SparsityThetaScore); 7ms in CalculateScore(^^^ItemsProcessedScore^^^); ]
I1005 15:06:41.001178 28065792 processor.cc:925] Processor: complete processing batch 43359c6b-281d-4846-9aec-ddef8a5c0a6a into model nwt
I1005 15:06:41.001551 26992640 processor.cc:925] Processor: complete processing batch eab02b5c-6a45-4195-9501-94fd6689e760 into model nwt
I1005 15:06:41.002319 28065792 cuckoo_watch.h:45] 42ms in ProcessBatch(school_batches/aaaaad.batch) [including 4ms in LoadMessage; 1ms in InitializeSparseNdw; 0ms in FindReuseThetaCacheEntry; 0ms in InitializeTheta; 0ms in CreateRegularizerAgents; 11ms in InferThetaAndUpdateNwtSparse; 0ms in UpdateCacheEntry; 15ms in CalculateScore(PerplexityScore); 0ms in CalculateScore(SparsityThetaScore); 7ms in CalculateScore(^^^ItemsProcessedScore^^^); ]
I1005 15:06:41.002811 26992640 cuckoo_watch.h:45] 42ms in ProcessBatch(school_batches/aaaaac.batch) [including 3ms in LoadMessage; 2ms in InitializeSparseNdw; 0ms in FindReuseThetaCacheEntry; 0ms in InitializeTheta; 0ms in CreateRegularizerAgents; 12ms in InferThetaAndUpdateNwtSparse; 0ms in UpdateCacheEntry; 14ms in CalculateScore(PerplexityScore); 1ms in CalculateScore(SparsityThetaScore); 7ms in CalculateScore(^^^ItemsProcessedScore^^^); ]
I1005 15:06:41.003657 2047873024 master_component.cc:1436] RegularizeModelArgs: rwt_target_name=rwt, pwt_source_name=pwt, nwt_source_name=nwt
I1005 15:06:41.003681 2047873024 master_component.cc:976] MasterComponent: start regularizing model pwt
I1005 15:06:41.021303 29675520 processor.cc:740] No data in processing queue, waiting...
I1005 15:06:41.023762 29138944 processor.cc:740] No data in processing queue, waiting...
I1005 15:06:41.023779 27529216 processor.cc:740] No data in processing queue, waiting...
I1005 15:06:41.026262 28065792 processor.cc:740] No data in processing queue, waiting...
I1005 15:06:41.026295 26992640 processor.cc:740] No data in processing queue, waiting...
I1005 15:06:41.048916 2047873024 master_component.cc:1002] MasterComponent: complete regularizing model pwt
I1005 15:06:41.048933 2047873024 master_component.cc:1449] NormalizeModelArgs: pwt_target_name=pwt, nwt_source_name=nwt, rwt_source_name=rwt
I1005 15:06:41.048939 2047873024 master_component.cc:1006] MasterComponent: start normalizing model nwt
I1005 15:06:41.071606 2047873024 master_component.cc:1034] MasterComponent: complete normalizing model nwt
I1005 15:06:41.086285 2047873024 master_component.cc:1473] DisposeModel rwt
I1005 15:06:41.093276 2047873024 master_component.cc:1059] FitOffline: ItemsProcessed, num_items=476, num_batches=5, token_weight=160411, token_weight_in_effect=160411
I1005 15:06:41.093569 2047873024 c_interface.cc:389] Pass FitOfflineMasterModelArgs, batch_filename_size=5, batch_weight_size=5, num_collection_passes=1, reset_nwt=yes to MN4artm4core15MasterComponentEFvRKNS_25FitOfflineMasterModelArgsEE
I1005 15:06:41.093588 2047873024 master_component.cc:1398] ProcessBatchesArgs: nwt_target_name=nwt, batch_filename_size=5, batch_size=0, batch_weight_size=5, pwt_source_name=pwt, num_document_passes=1, regularizer=(name:SparsePhi, tau:-100), class=(text:1), reuse_theta=yes, opt_for_avx=yes, predict_class_id=, reset_nwt=yes
I1005 15:06:41.098455 28602368 processor.cc:747] Processing queue has data, processing started
I1005 15:06:41.098470 27529216 processor.cc:747] Processing queue has data, processing started
I1005 15:06:41.098489 29138944 processor.cc:747] Processing queue has data, processing started
I1005 15:06:41.098500 30212096 processor.cc:747] Processing queue has data, processing started
I1005 15:06:41.098510 26992640 processor.cc:747] Processing queue has data, processing started
I1005 15:06:41.101263 27529216 processor.cc:820] Processor: start processing batch c9b607f8-4938-4861-9f12-8c6dcfabee41 into model nwt
I1005 15:06:41.101300 30212096 processor.cc:820] Processor: start processing batch 43359c6b-281d-4846-9aec-ddef8a5c0a6a into model nwt
I1005 15:06:41.101310 29138944 processor.cc:820] Processor: start processing batch eab02b5c-6a45-4195-9501-94fd6689e760 into model nwt
I1005 15:06:41.102560 26992640 processor.cc:820] Processor: start processing batch f49e2b66-2935-4601-a664-cf93afbfbc39 into model nwt
I1005 15:06:41.102866 28602368 processor.cc:820] Processor: start processing batch c10f3d5b-9c8b-4a2c-a788-09a9100ffdaf into model nwt
I1005 15:06:41.131676 26992640 processor.cc:925] Processor: complete processing batch f49e2b66-2935-4601-a664-cf93afbfbc39 into model nwt
I1005 15:06:41.132683 26992640 cuckoo_watch.h:45] 34ms in ProcessBatch(school_batches/aaaaae.batch) [including 4ms in LoadMessage; 1ms in InitializeSparseNdw; 0ms in FindReuseThetaCacheEntry; 0ms in InitializeTheta; 0ms in CreateRegularizerAgents; 10ms in InferThetaAndUpdateNwtSparse; 0ms in UpdateCacheEntry; 9ms in CalculateScore(PerplexityScore); 0ms in CalculateScore(SparsityThetaScore); 6ms in CalculateScore(^^^ItemsProcessedScore^^^); ]
I1005 15:06:41.134172 29138944 processor.cc:925] Processor: complete processing batch eab02b5c-6a45-4195-9501-94fd6689e760 into model nwt
I1005 15:06:41.134672 30212096 processor.cc:925] Processor: complete processing batch 43359c6b-281d-4846-9aec-ddef8a5c0a6a into model nwt
I1005 15:06:41.136278 29138944 cuckoo_watch.h:45] 37ms in ProcessBatch(school_batches/aaaaac.batch) [including 2ms in LoadMessage; 0ms in InitializeSparseNdw; 0ms in FindReuseThetaCacheEntry; 0ms in InitializeTheta; 0ms in CreateRegularizerAgents; 11ms in InferThetaAndUpdateNwtSparse; 0ms in UpdateCacheEntry; 13ms in CalculateScore(PerplexityScore); 1ms in CalculateScore(SparsityThetaScore); 6ms in CalculateScore(^^^ItemsProcessedScore^^^); ]
I1005 15:06:41.136317 27529216 processor.cc:925] Processor: complete processing batch c9b607f8-4938-4861-9f12-8c6dcfabee41 into model nwt
I1005 15:06:41.136634 30212096 cuckoo_watch.h:45] 38ms in ProcessBatch(school_batches/aaaaad.batch) [including 2ms in LoadMessage; 0ms in InitializeSparseNdw; 0ms in FindReuseThetaCacheEntry; 0ms in InitializeTheta; 0ms in CreateRegularizerAgents; 10ms in InferThetaAndUpdateNwtSparse; 0ms in UpdateCacheEntry; 13ms in CalculateScore(PerplexityScore); 1ms in CalculateScore(SparsityThetaScore); 7ms in CalculateScore(^^^ItemsProcessedScore^^^); ]
I1005 15:06:41.137392 27529216 cuckoo_watch.h:45] 38ms in ProcessBatch(school_batches/aaaaab.batch) [including 2ms in LoadMessage; 0ms in InitializeSparseNdw; 0ms in FindReuseThetaCacheEntry; 0ms in InitializeTheta; 0ms in CreateRegularizerAgents; 11ms in InferThetaAndUpdateNwtSparse; 0ms in UpdateCacheEntry; 13ms in CalculateScore(PerplexityScore); 1ms in CalculateScore(SparsityThetaScore); 8ms in CalculateScore(^^^ItemsProcessedScore^^^); ]
I1005 15:06:41.137740 28602368 processor.cc:925] Processor: complete processing batch c10f3d5b-9c8b-4a2c-a788-09a9100ffdaf into model nwt
I1005 15:06:41.138824 28602368 cuckoo_watch.h:45] 40ms in ProcessBatch(school_batches/aaaaaa.batch) [including 4ms in LoadMessage; 1ms in InitializeSparseNdw; 0ms in FindReuseThetaCacheEntry; 0ms in InitializeTheta; 0ms in CreateRegularizerAgents; 11ms in InferThetaAndUpdateNwtSparse; 0ms in UpdateCacheEntry; 13ms in CalculateScore(PerplexityScore); 1ms in CalculateScore(SparsityThetaScore); 7ms in CalculateScore(^^^ItemsProcessedScore^^^); ]
I1005 15:06:41.139837 2047873024 master_component.cc:1436] RegularizeModelArgs: rwt_target_name=rwt, pwt_source_name=pwt, nwt_source_name=nwt
I1005 15:06:41.139871 2047873024 master_component.cc:976] MasterComponent: start regularizing model pwt
I1005 15:06:41.156458 26992640 processor.cc:740] No data in processing queue, waiting...
I1005 15:06:41.160269 29138944 processor.cc:740] No data in processing queue, waiting...
I1005 15:06:41.161063 30212096 processor.cc:740] No data in processing queue, waiting...
I1005 15:06:41.161509 27529216 processor.cc:740] No data in processing queue, waiting...
I1005 15:06:41.162768 28602368 processor.cc:740] No data in processing queue, waiting...
I1005 15:06:41.182572 2047873024 master_component.cc:1002] MasterComponent: complete regularizing model pwt
I1005 15:06:41.182591 2047873024 master_component.cc:1449] NormalizeModelArgs: pwt_target_name=pwt, nwt_source_name=nwt, rwt_source_name=rwt
I1005 15:06:41.182626 2047873024 master_component.cc:1006] MasterComponent: start normalizing model nwt
I1005 15:06:41.206998 2047873024 master_component.cc:1034] MasterComponent: complete normalizing model nwt
I1005 15:06:41.221643 2047873024 master_component.cc:1473] DisposeModel rwt
I1005 15:06:41.227023 2047873024 master_component.cc:1059] FitOffline: ItemsProcessed, num_items=476, num_batches=5, token_weight=160411, token_weight_in_effect=160411
I1005 15:06:41.227259 2047873024 c_interface.cc:389] Pass FitOfflineMasterModelArgs, batch_filename_size=5, batch_weight_size=5, num_collection_passes=1, reset_nwt=yes to MN4artm4core15MasterComponentEFvRKNS_25FitOfflineMasterModelArgsEE
I1005 15:06:41.227278 2047873024 master_component.cc:1398] ProcessBatchesArgs: nwt_target_name=nwt, batch_filename_size=5, batch_size=0, batch_weight_size=5, pwt_source_name=pwt, num_document_passes=1, regularizer=(name:SparsePhi, tau:-100), class=(text:1), reuse_theta=yes, opt_for_avx=yes, predict_class_id=, reset_nwt=yes
I1005 15:06:41.231568 30212096 processor.cc:747] Processing queue has data, processing started
I1005 15:06:41.232580 29138944 processor.cc:747] Processing queue has data, processing started
I1005 15:06:41.232604 26456064 processor.cc:747] Processing queue has data, processing started
I1005 15:06:41.232594 29675520 processor.cc:747] Processing queue has data, processing started
I1005 15:06:41.232610 27529216 processor.cc:747] Processing queue has data, processing started
I1005 15:06:41.234949 27529216 processor.cc:820] Processor: start processing batch f49e2b66-2935-4601-a664-cf93afbfbc39 into model nwt
I1005 15:06:41.235019 30212096 processor.cc:820] Processor: start processing batch c10f3d5b-9c8b-4a2c-a788-09a9100ffdaf into model nwt
I1005 15:06:41.235155 26456064 processor.cc:820] Processor: start processing batch 43359c6b-281d-4846-9aec-ddef8a5c0a6a into model nwt
I1005 15:06:41.235191 29675520 processor.cc:820] Processor: start processing batch eab02b5c-6a45-4195-9501-94fd6689e760 into model nwt
I1005 15:06:41.236320 29138944 processor.cc:820] Processor: start processing batch c9b607f8-4938-4861-9f12-8c6dcfabee41 into model nwt
I1005 15:06:41.265534 29138944 processor.cc:925] Processor: complete processing batch c9b607f8-4938-4861-9f12-8c6dcfabee41 into model nwt
I1005 15:06:41.265676 27529216 processor.cc:925] Processor: complete processing batch f49e2b66-2935-4601-a664-cf93afbfbc39 into model nwt
I1005 15:06:41.266683 29138944 cuckoo_watch.h:45] 34ms in ProcessBatch(school_batches/aaaaab.batch) [including 3ms in LoadMessage; 0ms in InitializeSparseNdw; 0ms in FindReuseThetaCacheEntry; 0ms in InitializeTheta; 0ms in CreateRegularizerAgents; 9ms in InferThetaAndUpdateNwtSparse; 0ms in UpdateCacheEntry; 12ms in CalculateScore(PerplexityScore); 1ms in CalculateScore(SparsityThetaScore); 6ms in CalculateScore(^^^ItemsProcessedScore^^^); ]
I1005 15:06:41.267192 29675520 processor.cc:925] Processor: complete processing batch eab02b5c-6a45-4195-9501-94fd6689e760 into model nwt
I1005 15:06:41.267413 27529216 cuckoo_watch.h:45] 34ms in ProcessBatch(school_batches/aaaaae.batch) [including 2ms in LoadMessage; 0ms in InitializeSparseNdw; 0ms in FindReuseThetaCacheEntry; 0ms in InitializeTheta; 0ms in CreateRegularizerAgents; 10ms in InferThetaAndUpdateNwtSparse; 0ms in UpdateCacheEntry; 12ms in CalculateScore(PerplexityScore); 1ms in CalculateScore(SparsityThetaScore); 5ms in CalculateScore(^^^ItemsProcessedScore^^^); ]
I1005 15:06:41.268230 29675520 cuckoo_watch.h:45] 35ms in ProcessBatch(school_batches/aaaaac.batch) [including 2ms in LoadMessage; 0ms in InitializeSparseNdw; 0ms in FindReuseThetaCacheEntry; 0ms in InitializeTheta; 0ms in CreateRegularizerAgents; 10ms in InferThetaAndUpdateNwtSparse; 0ms in UpdateCacheEntry; 11ms in CalculateScore(PerplexityScore); 1ms in CalculateScore(SparsityThetaScore); 7ms in CalculateScore(^^^ItemsProcessedScore^^^); ]
I1005 15:06:41.269593 30212096 processor.cc:925] Processor: complete processing batch c10f3d5b-9c8b-4a2c-a788-09a9100ffdaf into model nwt
I1005 15:06:41.270668 26456064 processor.cc:925] Processor: complete processing batch 43359c6b-281d-4846-9aec-ddef8a5c0a6a into model nwt
I1005 15:06:41.270696 30212096 cuckoo_watch.h:45] 39ms in ProcessBatch(school_batches/aaaaaa.batch) [including 3ms in LoadMessage; 1ms in InitializeSparseNdw; 0ms in FindReuseThetaCacheEntry; 0ms in InitializeTheta; 0ms in CreateRegularizerAgents; 11ms in InferThetaAndUpdateNwtSparse; 0ms in UpdateCacheEntry; 11ms in CalculateScore(PerplexityScore); 1ms in CalculateScore(SparsityThetaScore); 8ms in CalculateScore(^^^ItemsProcessedScore^^^); ]
I1005 15:06:41.271808 26456064 cuckoo_watch.h:45] 39ms in ProcessBatch(school_batches/aaaaad.batch) [including 2ms in LoadMessage; 1ms in InitializeSparseNdw; 0ms in FindReuseThetaCacheEntry; 0ms in InitializeTheta; 0ms in CreateRegularizerAgents; 12ms in InferThetaAndUpdateNwtSparse; 0ms in UpdateCacheEntry; 15ms in CalculateScore(PerplexityScore); 0ms in CalculateScore(SparsityThetaScore); 5ms in CalculateScore(^^^ItemsProcessedScore^^^); ]
I1005 15:06:41.272955 2047873024 master_component.cc:1436] RegularizeModelArgs: rwt_target_name=rwt, pwt_source_name=pwt, nwt_source_name=nwt
I1005 15:06:41.272979 2047873024 master_component.cc:976] MasterComponent: start regularizing model pwt
I1005 15:06:41.290757 29138944 processor.cc:740] No data in processing queue, waiting...
I1005 15:06:41.291765 27529216 processor.cc:740] No data in processing queue, waiting...
I1005 15:06:41.292050 29675520 processor.cc:740] No data in processing queue, waiting...
I1005 15:06:41.294654 30212096 processor.cc:740] No data in processing queue, waiting...
I1005 15:06:41.295653 26456064 processor.cc:740] No data in processing queue, waiting...
I1005 15:06:41.318131 2047873024 master_component.cc:1002] MasterComponent: complete regularizing model pwt
I1005 15:06:41.318152 2047873024 master_component.cc:1449] NormalizeModelArgs: pwt_target_name=pwt, nwt_source_name=nwt, rwt_source_name=rwt
I1005 15:06:41.318158 2047873024 master_component.cc:1006] MasterComponent: start normalizing model nwt
I1005 15:06:41.340288 2047873024 master_component.cc:1034] MasterComponent: complete normalizing model nwt
I1005 15:06:41.356986 2047873024 master_component.cc:1473] DisposeModel rwt
I1005 15:06:41.363726 2047873024 master_component.cc:1059] FitOffline: ItemsProcessed, num_items=476, num_batches=5, token_weight=160411, token_weight_in_effect=160411
I1005 15:06:41.364009 2047873024 c_interface.cc:389] Pass FitOfflineMasterModelArgs, batch_filename_size=5, batch_weight_size=5, num_collection_passes=1, reset_nwt=yes to MN4artm4core15MasterComponentEFvRKNS_25FitOfflineMasterModelArgsEE
I1005 15:06:41.364025 2047873024 master_component.cc:1398] ProcessBatchesArgs: nwt_target_name=nwt, batch_filename_size=5, batch_size=0, batch_weight_size=5, pwt_source_name=pwt, num_document_passes=1, regularizer=(name:SparsePhi, tau:-100), class=(text:1), reuse_theta=yes, opt_for_avx=yes, predict_class_id=, reset_nwt=yes
I1005 15:06:41.369112 30212096 processor.cc:747] Processing queue has data, processing started
I1005 15:06:41.369117 29138944 processor.cc:747] Processing queue has data, processing started
I1005 15:06:41.369132 26456064 processor.cc:747] Processing queue has data, processing started
I1005 15:06:41.369140 27529216 processor.cc:747] Processing queue has data, processing started
I1005 15:06:41.369150 29675520 processor.cc:747] Processing queue has data, processing started
I1005 15:06:41.371827 29675520 processor.cc:820] Processor: start processing batch f49e2b66-2935-4601-a664-cf93afbfbc39 into model nwt
I1005 15:06:41.372011 29138944 processor.cc:820] Processor: start processing batch c9b607f8-4938-4861-9f12-8c6dcfabee41 into model nwt
I1005 15:06:41.372032 26456064 processor.cc:820] Processor: start processing batch eab02b5c-6a45-4195-9501-94fd6689e760 into model nwt
I1005 15:06:41.373833 27529216 processor.cc:820] Processor: start processing batch 43359c6b-281d-4846-9aec-ddef8a5c0a6a into model nwt
I1005 15:06:41.373838 30212096 processor.cc:820] Processor: start processing batch c10f3d5b-9c8b-4a2c-a788-09a9100ffdaf into model nwt
I1005 15:06:41.401111 29138944 processor.cc:925] Processor: complete processing batch c9b607f8-4938-4861-9f12-8c6dcfabee41 into model nwt
I1005 15:06:41.401501 26456064 processor.cc:925] Processor: complete processing batch eab02b5c-6a45-4195-9501-94fd6689e760 into model nwt
I1005 15:06:41.402698 26456064 cuckoo_watch.h:45] 33ms in ProcessBatch(school_batches/aaaaac.batch) [including 2ms in LoadMessage; 0ms in InitializeSparseNdw; 0ms in FindReuseThetaCacheEntry; 0ms in InitializeTheta; 0ms in CreateRegularizerAgents; 9ms in InferThetaAndUpdateNwtSparse; 0ms in UpdateCacheEntry; 10ms in CalculateScore(PerplexityScore); 1ms in CalculateScore(SparsityThetaScore); 6ms in CalculateScore(^^^ItemsProcessedScore^^^); ]
I1005 15:06:41.403030 29138944 cuckoo_watch.h:45] 33ms in ProcessBatch(school_batches/aaaaab.batch) [including 2ms in LoadMessage; 0ms in InitializeSparseNdw; 0ms in FindReuseThetaCacheEntry; 0ms in InitializeTheta; 0ms in CreateRegularizerAgents; 9ms in InferThetaAndUpdateNwtSparse; 0ms in UpdateCacheEntry; 10ms in CalculateScore(PerplexityScore); 1ms in CalculateScore(SparsityThetaScore); 6ms in CalculateScore(^^^ItemsProcessedScore^^^); ]
I1005 15:06:41.405051 29675520 processor.cc:925] Processor: complete processing batch f49e2b66-2935-4601-a664-cf93afbfbc39 into model nwt
I1005 15:06:41.406082 29675520 cuckoo_watch.h:45] 36ms in ProcessBatch(school_batches/aaaaae.batch) [including 2ms in LoadMessage; 0ms in InitializeSparseNdw; 0ms in FindReuseThetaCacheEntry; 0ms in InitializeTheta; 0ms in CreateRegularizerAgents; 10ms in InferThetaAndUpdateNwtSparse; 0ms in UpdateCacheEntry; 12ms in CalculateScore(PerplexityScore); 1ms in CalculateScore(SparsityThetaScore); 6ms in CalculateScore(^^^ItemsProcessedScore^^^); ]
I1005 15:06:41.407050 30212096 processor.cc:925] Processor: complete processing batch c10f3d5b-9c8b-4a2c-a788-09a9100ffdaf into model nwt
I1005 15:06:41.408107 30212096 cuckoo_watch.h:45] 38ms in ProcessBatch(school_batches/aaaaaa.batch) [including 4ms in LoadMessage; 1ms in InitializeSparseNdw; 0ms in FindReuseThetaCacheEntry; 0ms in InitializeTheta; 0ms in CreateRegularizerAgents; 9ms in InferThetaAndUpdateNwtSparse; 0ms in UpdateCacheEntry; 13ms in CalculateScore(PerplexityScore); 1ms in CalculateScore(SparsityThetaScore); 6ms in CalculateScore(^^^ItemsProcessedScore^^^); ]
I1005 15:06:41.408345 27529216 processor.cc:925] Processor: complete processing batch 43359c6b-281d-4846-9aec-ddef8a5c0a6a into model nwt
I1005 15:06:41.409407 27529216 cuckoo_watch.h:45] 40ms in ProcessBatch(school_batches/aaaaad.batch) [including 4ms in LoadMessage; 1ms in InitializeSparseNdw; 0ms in FindReuseThetaCacheEntry; 0ms in InitializeTheta; 0ms in CreateRegularizerAgents; 11ms in InferThetaAndUpdateNwtSparse; 0ms in UpdateCacheEntry; 14ms in CalculateScore(PerplexityScore); 0ms in CalculateScore(SparsityThetaScore); 5ms in CalculateScore(^^^ItemsProcessedScore^^^); ]
I1005 15:06:41.410535 2047873024 master_component.cc:1436] RegularizeModelArgs: rwt_target_name=rwt, pwt_source_name=pwt, nwt_source_name=nwt
I1005 15:06:41.410585 2047873024 master_component.cc:976] MasterComponent: start regularizing model pwt
I1005 15:06:41.426985 26456064 processor.cc:740] No data in processing queue, waiting...
I1005 15:06:41.427009 29138944 processor.cc:740] No data in processing queue, waiting...
I1005 15:06:41.430550 29675520 processor.cc:740] No data in processing queue, waiting...
I1005 15:06:41.432185 30212096 processor.cc:740] No data in processing queue, waiting...
I1005 15:06:41.433096 27529216 processor.cc:740] No data in processing queue, waiting...
I1005 15:06:41.455140 2047873024 master_component.cc:1002] MasterComponent: complete regularizing model pwt
I1005 15:06:41.455170 2047873024 master_component.cc:1449] NormalizeModelArgs: pwt_target_name=pwt, nwt_source_name=nwt, rwt_source_name=rwt
I1005 15:06:41.455178 2047873024 master_component.cc:1006] MasterComponent: start normalizing model nwt
I1005 15:06:41.481472 2047873024 master_component.cc:1034] MasterComponent: complete normalizing model nwt
I1005 15:06:41.498086 2047873024 master_component.cc:1473] DisposeModel rwt
I1005 15:06:41.503924 2047873024 master_component.cc:1059] FitOffline: ItemsProcessed, num_items=476, num_batches=5, token_weight=160411, token_weight_in_effect=160411
I1005 15:06:41.504168 2047873024 c_interface.cc:389] Pass FitOfflineMasterModelArgs, batch_filename_size=5, batch_weight_size=5, num_collection_passes=1, reset_nwt=yes to MN4artm4core15MasterComponentEFvRKNS_25FitOfflineMasterModelArgsEE
I1005 15:06:41.504190 2047873024 master_component.cc:1398] ProcessBatchesArgs: nwt_target_name=nwt, batch_filename_size=5, batch_size=0, batch_weight_size=5, pwt_source_name=pwt, num_document_passes=1, regularizer=(name:SparsePhi, tau:-100), class=(text:1), reuse_theta=yes, opt_for_avx=yes, predict_class_id=, reset_nwt=yes
I1005 15:06:41.508647 28602368 processor.cc:747] Processing queue has data, processing started
I1005 15:06:41.508677 26992640 processor.cc:747] Processing queue has data, processing started
I1005 15:06:41.508695 27529216 processor.cc:747] Processing queue has data, processing started
I1005 15:06:41.508683 29138944 processor.cc:747] Processing queue has data, processing started
I1005 15:06:41.508709 28065792 processor.cc:747] Processing queue has data, processing started
I1005 15:06:41.511755 28065792 processor.cc:820] Processor: start processing batch f49e2b66-2935-4601-a664-cf93afbfbc39 into model nwt
I1005 15:06:41.511971 26992640 processor.cc:820] Processor: start processing batch c9b607f8-4938-4861-9f12-8c6dcfabee41 into model nwt
I1005 15:06:41.511989 29138944 processor.cc:820] Processor: start processing batch eab02b5c-6a45-4195-9501-94fd6689e760 into model nwt
I1005 15:06:41.513797 27529216 processor.cc:820] Processor: start processing batch 43359c6b-281d-4846-9aec-ddef8a5c0a6a into model nwt
I1005 15:06:41.513921 28602368 processor.cc:820] Processor: start processing batch c10f3d5b-9c8b-4a2c-a788-09a9100ffdaf into model nwt
I1005 15:06:41.538362 28065792 processor.cc:925] Processor: complete processing batch f49e2b66-2935-4601-a664-cf93afbfbc39 into model nwt
I1005 15:06:41.539757 28065792 cuckoo_watch.h:45] 31ms in ProcessBatch(school_batches/aaaaae.batch) [including 3ms in LoadMessage; 0ms in InitializeSparseNdw; 0ms in FindReuseThetaCacheEntry; 0ms in InitializeTheta; 0ms in CreateRegularizerAgents; 9ms in InferThetaAndUpdateNwtSparse; 0ms in UpdateCacheEntry; 9ms in CalculateScore(PerplexityScore); 0ms in CalculateScore(SparsityThetaScore); 5ms in CalculateScore(^^^ItemsProcessedScore^^^); ]
I1005 15:06:41.545759 29138944 processor.cc:925] Processor: complete processing batch eab02b5c-6a45-4195-9501-94fd6689e760 into model nwt
I1005 15:06:41.546151 26992640 processor.cc:925] Processor: complete processing batch c9b607f8-4938-4861-9f12-8c6dcfabee41 into model nwt
I1005 15:06:41.546964 27529216 processor.cc:925] Processor: complete processing batch 43359c6b-281d-4846-9aec-ddef8a5c0a6a into model nwt
I1005 15:06:41.547433 26992640 cuckoo_watch.h:45] 38ms in ProcessBatch(school_batches/aaaaab.batch) [including 3ms in LoadMessage; 0ms in InitializeSparseNdw; 0ms in FindReuseThetaCacheEntry; 0ms in InitializeTheta; 0ms in CreateRegularizerAgents; 10ms in InferThetaAndUpdateNwtSparse; 0ms in UpdateCacheEntry; 14ms in CalculateScore(PerplexityScore); 1ms in CalculateScore(SparsityThetaScore); 6ms in CalculateScore(^^^ItemsProcessedScore^^^); ]
I1005 15:06:41.547941 29138944 cuckoo_watch.h:45] 39ms in ProcessBatch(school_batches/aaaaac.batch) [including 3ms in LoadMessage; 0ms in InitializeSparseNdw; 0ms in FindReuseThetaCacheEntry; 0ms in InitializeTheta; 0ms in CreateRegularizerAgents; 10ms in InferThetaAndUpdateNwtSparse; 0ms in UpdateCacheEntry; 14ms in CalculateScore(PerplexityScore); 1ms in CalculateScore(SparsityThetaScore); 6ms in CalculateScore(^^^ItemsProcessedScore^^^); ]
I1005 15:06:41.548224 28602368 processor.cc:925] Processor: complete processing batch c10f3d5b-9c8b-4a2c-a788-09a9100ffdaf into model nwt
I1005 15:06:41.548375 27529216 cuckoo_watch.h:45] 39ms in ProcessBatch(school_batches/aaaaad.batch) [including 5ms in LoadMessage; 1ms in InitializeSparseNdw; 0ms in FindReuseThetaCacheEntry; 0ms in InitializeTheta; 0ms in CreateRegularizerAgents; 11ms in InferThetaAndUpdateNwtSparse; 0ms in UpdateCacheEntry; 12ms in CalculateScore(PerplexityScore); 0ms in CalculateScore(SparsityThetaScore); 6ms in CalculateScore(^^^ItemsProcessedScore^^^); ]
I1005 15:06:41.549445 28602368 cuckoo_watch.h:45] 40ms in ProcessBatch(school_batches/aaaaaa.batch) [including 5ms in LoadMessage; 1ms in InitializeSparseNdw; 0ms in FindReuseThetaCacheEntry; 0ms in InitializeTheta; 0ms in CreateRegularizerAgents; 12ms in InferThetaAndUpdateNwtSparse; 0ms in UpdateCacheEntry; 12ms in CalculateScore(PerplexityScore); 1ms in CalculateScore(SparsityThetaScore); 6ms in CalculateScore(^^^ItemsProcessedScore^^^); ]
I1005 15:06:41.550611 2047873024 master_component.cc:1436] RegularizeModelArgs: rwt_target_name=rwt, pwt_source_name=pwt, nwt_source_name=nwt
I1005 15:06:41.550643 2047873024 master_component.cc:976] MasterComponent: start regularizing model pwt
I1005 15:06:41.563921 28065792 processor.cc:740] No data in processing queue, waiting...
I1005 15:06:41.571681 26992640 processor.cc:740] No data in processing queue, waiting...
I1005 15:06:41.572525 29138944 processor.cc:740] No data in processing queue, waiting...
I1005 15:06:41.572960 27529216 processor.cc:740] No data in processing queue, waiting...
I1005 15:06:41.573804 28602368 processor.cc:740] No data in processing queue, waiting...
I1005 15:06:41.599145 2047873024 master_component.cc:1002] MasterComponent: complete regularizing model pwt
I1005 15:06:41.599167 2047873024 master_component.cc:1449] NormalizeModelArgs: pwt_target_name=pwt, nwt_source_name=nwt, rwt_source_name=rwt
I1005 15:06:41.599175 2047873024 master_component.cc:1006] MasterComponent: start normalizing model nwt
I1005 15:06:41.626616 2047873024 master_component.cc:1034] MasterComponent: complete normalizing model nwt
I1005 15:06:41.643002 2047873024 master_component.cc:1473] DisposeModel rwt
I1005 15:06:41.650676 2047873024 master_component.cc:1059] FitOffline: ItemsProcessed, num_items=476, num_batches=5, token_weight=160411, token_weight_in_effect=160411
I1005 15:06:41.650957 2047873024 c_interface.cc:389] Pass FitOfflineMasterModelArgs, batch_filename_size=5, batch_weight_size=5, num_collection_passes=1, reset_nwt=yes to MN4artm4core15MasterComponentEFvRKNS_25FitOfflineMasterModelArgsEE
I1005 15:06:41.650975 2047873024 master_component.cc:1398] ProcessBatchesArgs: nwt_target_name=nwt, batch_filename_size=5, batch_size=0, batch_weight_size=5, pwt_source_name=pwt, num_document_passes=1, regularizer=(name:SparsePhi, tau:-100), class=(text:1), reuse_theta=yes, opt_for_avx=yes, predict_class_id=, reset_nwt=yes
I1005 15:06:41.656965 30212096 processor.cc:747] Processing queue has data, processing started
I1005 15:06:41.656975 28065792 processor.cc:747] Processing queue has data, processing started
I1005 15:06:41.656978 26456064 processor.cc:747] Processing queue has data, processing started
I1005 15:06:41.656985 26992640 processor.cc:747] Processing queue has data, processing started
I1005 15:06:41.656965 28602368 processor.cc:747] Processing queue has data, processing started
I1005 15:06:41.659670 26992640 processor.cc:820] Processor: start processing batch f49e2b66-2935-4601-a664-cf93afbfbc39 into model nwt
I1005 15:06:41.659855 26456064 processor.cc:820] Processor: start processing batch 43359c6b-281d-4846-9aec-ddef8a5c0a6a into model nwt
I1005 15:06:41.660403 28065792 processor.cc:820] Processor: start processing batch eab02b5c-6a45-4195-9501-94fd6689e760 into model nwt
I1005 15:06:41.660588 30212096 processor.cc:820] Processor: start processing batch c10f3d5b-9c8b-4a2c-a788-09a9100ffdaf into model nwt
I1005 15:06:41.661447 28602368 processor.cc:820] Processor: start processing batch c9b607f8-4938-4861-9f12-8c6dcfabee41 into model nwt
I1005 15:06:41.690148 28065792 processor.cc:925] Processor: complete processing batch eab02b5c-6a45-4195-9501-94fd6689e760 into model nwt
I1005 15:06:41.690977 28602368 processor.cc:925] Processor: complete processing batch c9b607f8-4938-4861-9f12-8c6dcfabee41 into model nwt
I1005 15:06:41.691493 28065792 cuckoo_watch.h:45] 34ms in ProcessBatch(school_batches/aaaaac.batch) [including 3ms in LoadMessage; 0ms in InitializeSparseNdw; 0ms in FindReuseThetaCacheEntry; 0ms in InitializeTheta; 0ms in CreateRegularizerAgents; 10ms in InferThetaAndUpdateNwtSparse; 0ms in UpdateCacheEntry; 11ms in CalculateScore(PerplexityScore); 1ms in CalculateScore(SparsityThetaScore); 6ms in CalculateScore(^^^ItemsProcessedScore^^^); ]
I1005 15:06:41.692056 28602368 cuckoo_watch.h:45] 35ms in ProcessBatch(school_batches/aaaaab.batch) [including 4ms in LoadMessage; 1ms in InitializeSparseNdw; 0ms in FindReuseThetaCacheEntry; 0ms in InitializeTheta; 0ms in CreateRegularizerAgents; 9ms in InferThetaAndUpdateNwtSparse; 0ms in UpdateCacheEntry; 11ms in CalculateScore(PerplexityScore); 1ms in CalculateScore(SparsityThetaScore); 6ms in CalculateScore(^^^ItemsProcessedScore^^^); ]
I1005 15:06:41.693488 26456064 processor.cc:925] Processor: complete processing batch 43359c6b-281d-4846-9aec-ddef8a5c0a6a into model nwt
I1005 15:06:41.694064 26992640 processor.cc:925] Processor: complete processing batch f49e2b66-2935-4601-a664-cf93afbfbc39 into model nwt
I1005 15:06:41.694438 30212096 processor.cc:925] Processor: complete processing batch c10f3d5b-9c8b-4a2c-a788-09a9100ffdaf into model nwt
I1005 15:06:41.694908 26456064 cuckoo_watch.h:45] 37ms in ProcessBatch(school_batches/aaaaad.batch) [including 2ms in LoadMessage; 0ms in InitializeSparseNdw; 0ms in FindReuseThetaCacheEntry; 0ms in InitializeTheta; 0ms in CreateRegularizerAgents; 12ms in InferThetaAndUpdateNwtSparse; 0ms in UpdateCacheEntry; 13ms in CalculateScore(PerplexityScore); 1ms in CalculateScore(SparsityThetaScore); 6ms in CalculateScore(^^^ItemsProcessedScore^^^); ]
I1005 15:06:41.695260 26992640 cuckoo_watch.h:45] 38ms in ProcessBatch(school_batches/aaaaae.batch) [including 2ms in LoadMessage; 0ms in InitializeSparseNdw; 0ms in FindReuseThetaCacheEntry; 0ms in InitializeTheta; 0ms in CreateRegularizerAgents; 11ms in InferThetaAndUpdateNwtSparse; 0ms in UpdateCacheEntry; 14ms in CalculateScore(PerplexityScore); 1ms in CalculateScore(SparsityThetaScore); 6ms in CalculateScore(^^^ItemsProcessedScore^^^); ]
I1005 15:06:41.695585 30212096 cuckoo_watch.h:45] 38ms in ProcessBatch(school_batches/aaaaaa.batch) [including 3ms in LoadMessage; 1ms in InitializeSparseNdw; 0ms in FindReuseThetaCacheEntry; 0ms in InitializeTheta; 0ms in CreateRegularizerAgents; 9ms in InferThetaAndUpdateNwtSparse; 0ms in UpdateCacheEntry; 12ms in CalculateScore(PerplexityScore); 1ms in CalculateScore(SparsityThetaScore); 7ms in CalculateScore(^^^ItemsProcessedScore^^^); ]
I1005 15:06:41.695749 2047873024 master_component.cc:1436] RegularizeModelArgs: rwt_target_name=rwt, pwt_source_name=pwt, nwt_source_name=nwt
I1005 15:06:41.695775 2047873024 master_component.cc:976] MasterComponent: start regularizing model pwt
I1005 15:06:41.715786 28065792 processor.cc:740] No data in processing queue, waiting...
I1005 15:06:41.716215 28602368 processor.cc:740] No data in processing queue, waiting...
I1005 15:06:41.719297 26456064 processor.cc:740] No data in processing queue, waiting...
I1005 15:06:41.719600 26992640 processor.cc:740] No data in processing queue, waiting...
I1005 15:06:41.720074 30212096 processor.cc:740] No data in processing queue, waiting...
I1005 15:06:41.745406 2047873024 master_component.cc:1002] MasterComponent: complete regularizing model pwt
I1005 15:06:41.745427 2047873024 master_component.cc:1449] NormalizeModelArgs: pwt_target_name=pwt, nwt_source_name=nwt, rwt_source_name=rwt
I1005 15:06:41.745434 2047873024 master_component.cc:1006] MasterComponent: start normalizing model nwt
I1005 15:06:41.772549 2047873024 master_component.cc:1034] MasterComponent: complete normalizing model nwt
I1005 15:06:41.787366 2047873024 master_component.cc:1473] DisposeModel rwt
I1005 15:06:41.793967 2047873024 master_component.cc:1059] FitOffline: ItemsProcessed, num_items=476, num_batches=5, token_weight=160411, token_weight_in_effect=160411
I1005 15:06:41.794286 2047873024 c_interface.cc:389] Pass FitOfflineMasterModelArgs, batch_filename_size=5, batch_weight_size=5, num_collection_passes=1, reset_nwt=yes to MN4artm4core15MasterComponentEFvRKNS_25FitOfflineMasterModelArgsEE
I1005 15:06:41.794328 2047873024 master_component.cc:1398] ProcessBatchesArgs: nwt_target_name=nwt, batch_filename_size=5, batch_size=0, batch_weight_size=5, pwt_source_name=pwt, num_document_passes=1, regularizer=(name:SparsePhi, tau:-100), class=(text:1), reuse_theta=yes, opt_for_avx=yes, predict_class_id=, reset_nwt=yes
I1005 15:06:41.799695 27529216 processor.cc:747] Processing queue has data, processing started
I1005 15:06:41.799692 29675520 processor.cc:747] Processing queue has data, processing started
I1005 15:06:41.799726 26456064 processor.cc:747] Processing queue has data, processing started
I1005 15:06:41.799762 30212096 processor.cc:747] Processing queue has data, processing started
I1005 15:06:41.799768 26992640 processor.cc:747] Processing queue has data, processing started
I1005 15:06:41.802230 26992640 processor.cc:820] Processor: start processing batch f49e2b66-2935-4601-a664-cf93afbfbc39 into model nwt
I1005 15:06:41.802721 29675520 processor.cc:820] Processor: start processing batch c10f3d5b-9c8b-4a2c-a788-09a9100ffdaf into model nwt
I1005 15:06:41.802855 26456064 processor.cc:820] Processor: start processing batch eab02b5c-6a45-4195-9501-94fd6689e760 into model nwt
I1005 15:06:41.803288 27529216 processor.cc:820] Processor: start processing batch c9b607f8-4938-4861-9f12-8c6dcfabee41 into model nwt
I1005 15:06:41.803328 30212096 processor.cc:820] Processor: start processing batch 43359c6b-281d-4846-9aec-ddef8a5c0a6a into model nwt
I1005 15:06:41.831835 29675520 processor.cc:925] Processor: complete processing batch c10f3d5b-9c8b-4a2c-a788-09a9100ffdaf into model nwt
I1005 15:06:41.834360 27529216 processor.cc:925] Processor: complete processing batch c9b607f8-4938-4861-9f12-8c6dcfabee41 into model nwt
I1005 15:06:41.834867 29675520 cuckoo_watch.h:45] 35ms in ProcessBatch(school_batches/aaaaaa.batch) [including 2ms in LoadMessage; 0ms in InitializeSparseNdw; 0ms in FindReuseThetaCacheEntry; 0ms in InitializeTheta; 0ms in CreateRegularizerAgents; 10ms in InferThetaAndUpdateNwtSparse; 0ms in UpdateCacheEntry; 10ms in CalculateScore(PerplexityScore); 1ms in CalculateScore(SparsityThetaScore); 6ms in CalculateScore(^^^ItemsProcessedScore^^^); ]
I1005 15:06:41.835672 27529216 cuckoo_watch.h:45] 35ms in ProcessBatch(school_batches/aaaaab.batch) [including 3ms in LoadMessage; 1ms in InitializeSparseNdw; 0ms in FindReuseThetaCacheEntry; 0ms in InitializeTheta; 0ms in CreateRegularizerAgents; 10ms in InferThetaAndUpdateNwtSparse; 0ms in UpdateCacheEntry; 10ms in CalculateScore(PerplexityScore); 0ms in CalculateScore(SparsityThetaScore); 7ms in CalculateScore(^^^ItemsProcessedScore^^^); ]
I1005 15:06:41.837122 26992640 processor.cc:925] Processor: complete processing batch f49e2b66-2935-4601-a664-cf93afbfbc39 into model nwt
I1005 15:06:41.838238 26992640 cuckoo_watch.h:45] 38ms in ProcessBatch(school_batches/aaaaae.batch) [including 2ms in LoadMessage; 0ms in InitializeSparseNdw; 0ms in FindReuseThetaCacheEntry; 0ms in InitializeTheta; 0ms in CreateRegularizerAgents; 11ms in InferThetaAndUpdateNwtSparse; 0ms in UpdateCacheEntry; 14ms in CalculateScore(PerplexityScore); 1ms in CalculateScore(SparsityThetaScore); 6ms in CalculateScore(^^^ItemsProcessedScore^^^); ]
I1005 15:06:41.839246 26456064 processor.cc:925] Processor: complete processing batch eab02b5c-6a45-4195-9501-94fd6689e760 into model nwt
I1005 15:06:41.839933 30212096 processor.cc:925] Processor: complete processing batch 43359c6b-281d-4846-9aec-ddef8a5c0a6a into model nwt
I1005 15:06:41.840342 26456064 cuckoo_watch.h:45] 40ms in ProcessBatch(school_batches/aaaaac.batch) [including 3ms in LoadMessage; 0ms in InitializeSparseNdw; 0ms in FindReuseThetaCacheEntry; 0ms in InitializeTheta; 0ms in CreateRegularizerAgents; 10ms in InferThetaAndUpdateNwtSparse; 0ms in UpdateCacheEntry; 15ms in CalculateScore(PerplexityScore); 1ms in CalculateScore(SparsityThetaScore); 7ms in CalculateScore(^^^ItemsProcessedScore^^^); ]
