Log file created at: 2018/10/06 02:23:55
Running on machine: artems-MBP.Dlink
Log line format: [IWEF]mmdd hh:mm:ss.uuuuuu threadid file:line] msg
I1006 02:23:55.668692 2047873024 c_interface.cc:127] Logging enabled to .
I1006 02:23:55.670708 2047873024 c_interface.cc:128] BigARTM version: v0.9.0
I1006 02:23:55.670790 2047873024 c_interface.cc:271] Pass MasterModelConfig: topic_name_size=0, score_config_size=1, num_processors=0, pwt_name=pwt, nwt_name=nwt, num_document_passes=0, reuse_theta=no, cache_theta=no, opt_for_avx=yes, disk_cache_path= to ArtmCreateMasterModel
I1006 02:23:55.670840 2047873024 c_interface.cc:274] Creating MasterModel (id=1)...
I1006 02:23:55.672148 2047873024 collection_parser.cc:557] CollectionParserConfig.num_threads is automatically set to 8
W1006 02:23:56.179426 24846336 helpers.cc:221] File already exists: lectures_batches/aaaaaa.batch
W1006 02:23:56.897445 25382912 helpers.cc:221] File already exists: lectures_batches/aaaaab.batch
I1006 02:23:56.989148 2047873024 c_interface.cc:375] Pass c2c468aa-1dd2-48e6-9b33-d19703badd34 to MN4artm4core15MasterComponentEFvRKNSt3__112basic_stringIcNS2_11char_traitsIcEENS2_9allocatorIcEEEEE
I1006 02:23:56.989301 2047873024 c_interface.cc:389] Pass GatherDictionaryArgs: dictionary_target_name=c2c468aa-1dd2-48e6-9b33-d19703badd34, data_path=lectures_batches, symmetric_cooc_values=0 to MN4artm4core15MasterComponentEFvRKNS_20GatherDictionaryArgsEE
I1006 02:23:56.989395 2047873024 dictionary_operations.cc:261] Found 2 batches in 'lectures_batches' folder
I1006 02:23:57.090863 2047873024 dictionary_operations.cc:325] Find 26866 unique tokens in 1728 items
I1006 02:23:57.123723 2047873024 dictionary_operations.cc:589] Dictionary name='c2c468aa-1dd2-48e6-9b33-d19703badd34' contains entries: author:539; text:26327; 
I1006 02:23:57.131711 2047873024 c_interface.cc:271] Pass MasterModelConfig: topic_name_size=30, class=(text:1), class=(author:1), score_config_size=1, num_processors=0, pwt_name=pwt, nwt_name=nwt, num_document_passes=1, reuse_theta=yes, cache_theta=yes, opt_for_avx=yes, disk_cache_path= to ArtmCreateMasterModel
I1006 02:23:57.131731 2047873024 instance.cc:401] MasterModelConfig.processors_count is automatically set to 8
I1006 02:23:57.131803 24846336 processor.cc:724] Processor thread started
I1006 02:23:57.131808 25382912 processor.cc:724] Processor thread started
I1006 02:23:57.131816 25919488 processor.cc:724] Processor thread started
I1006 02:23:57.131834 26456064 processor.cc:724] Processor thread started
I1006 02:23:57.131846 26992640 processor.cc:724] Processor thread started
I1006 02:23:57.131857 27529216 processor.cc:724] Processor thread started
I1006 02:23:57.131866 2047873024 c_interface.cc:274] Creating MasterModel (id=2)...
I1006 02:23:57.131862 28065792 processor.cc:724] Processor thread started
I1006 02:23:57.131878 28602368 processor.cc:724] Processor thread started
I1006 02:23:57.138712 2047873024 c_interface.cc:271] Pass MasterModelConfig: topic_name_size=0, score_config_size=1, num_processors=0, pwt_name=pwt, nwt_name=nwt, num_document_passes=0, reuse_theta=no, cache_theta=no, opt_for_avx=yes, disk_cache_path= to ArtmCreateMasterModel
I1006 02:23:57.138743 2047873024 c_interface.cc:274] Creating MasterModel (id=3)...
I1006 02:23:57.139037 2047873024 c_interface.cc:375] Pass dictionary to MN4artm4core15MasterComponentEFvRKNSt3__112basic_stringIcNS2_11char_traitsIcEENS2_9allocatorIcEEEEE
I1006 02:23:57.139250 2047873024 c_interface.cc:389] Pass GatherDictionaryArgs: dictionary_target_name=dictionary, data_path=lectures_batches, symmetric_cooc_values=0 to MN4artm4core15MasterComponentEFvRKNS_20GatherDictionaryArgsEE
I1006 02:23:57.139420 2047873024 dictionary_operations.cc:261] Found 2 batches in 'lectures_batches' folder
I1006 02:23:57.153833 26992640 processor.cc:740] No data in processing queue, waiting...
I1006 02:23:57.153833 25919488 processor.cc:740] No data in processing queue, waiting...
I1006 02:23:57.154727 28602368 processor.cc:740] No data in processing queue, waiting...
I1006 02:23:57.154731 26456064 processor.cc:740] No data in processing queue, waiting...
I1006 02:23:57.154743 28065792 processor.cc:740] No data in processing queue, waiting...
I1006 02:23:57.154759 25382912 processor.cc:740] No data in processing queue, waiting...
I1006 02:23:57.155094 27529216 processor.cc:740] No data in processing queue, waiting...
I1006 02:23:57.155117 24846336 processor.cc:740] No data in processing queue, waiting...
I1006 02:23:57.241046 2047873024 dictionary_operations.cc:325] Find 26866 unique tokens in 1728 items
I1006 02:23:57.272615 2047873024 dictionary_operations.cc:589] Dictionary name='dictionary' contains entries: author:539; text:26327; 
I1006 02:23:57.272830 2047873024 c_interface.cc:375] Pass pwt to MN4artm4core15MasterComponentEFvRKNSt3__112basic_stringIcNS2_11char_traitsIcEENS2_9allocatorIcEEEEE
I1006 02:23:57.272861 2047873024 c_interface.cc:375] Pass nwt to MN4artm4core15MasterComponentEFvRKNSt3__112basic_stringIcNS2_11char_traitsIcEENS2_9allocatorIcEEEEE
I1006 02:23:57.273077 2047873024 c_interface.cc:389] Pass InitializeModelArgs: model_name=pwt, dictionary_name=dictionary, topic_name_size=30, seed=-1 to MN4artm4core15MasterComponentEFvRKNS_19InitializeModelArgsEE
I1006 02:23:57.423183 2047873024 master_component.cc:664] InitializeModel() created matrix pwt with 30 topics and 26866 tokens; 
I1006 02:23:57.423449 2047873024 c_interface.cc:389] Pass InitializeModelArgs: model_name=nwt, dictionary_name=dictionary, topic_name_size=30, seed=-1 to MN4artm4core15MasterComponentEFvRKNS_19InitializeModelArgsEE
I1006 02:23:57.562618 2047873024 master_component.cc:664] InitializeModel() created matrix nwt with 30 topics and 26866 tokens; 
I1006 02:23:57.562829 2047873024 c_interface.cc:231] ArtmCopyRequestedMessage is copying 309 bytes...
I1006 02:23:57.581904 2047873024 c_interface.cc:389] Pass MasterModelConfig: topic_name_size=30, class=(text:1), class=(author:1), score_config_size=2, num_processors=0, pwt_name=pwt, nwt_name=nwt, num_document_passes=1, reuse_theta=yes, cache_theta=yes, opt_for_avx=yes, disk_cache_path= to MN4artm4core15MasterComponentEFvRKNS_17MasterModelConfigEE
I1006 02:23:57.582031 2047873024 instance.cc:401] MasterModelConfig.processors_count is automatically set to 8
I1006 02:23:57.582676 2047873024 c_interface.cc:389] Pass MasterModelConfig: topic_name_size=30, class=(text:1), class=(author:1), score_config_size=3, num_processors=0, pwt_name=pwt, nwt_name=nwt, num_document_passes=1, reuse_theta=yes, cache_theta=yes, opt_for_avx=yes, disk_cache_path= to MN4artm4core15MasterComponentEFvRKNS_17MasterModelConfigEE
I1006 02:23:57.582779 2047873024 instance.cc:401] MasterModelConfig.processors_count is automatically set to 8
I1006 02:23:57.583490 2047873024 c_interface.cc:389] Pass MasterModelConfig: topic_name_size=30, class=(text:1), class=(author:1), score_config_size=4, num_processors=0, pwt_name=pwt, nwt_name=nwt, num_document_passes=1, reuse_theta=yes, cache_theta=yes, opt_for_avx=yes, disk_cache_path= to MN4artm4core15MasterComponentEFvRKNS_17MasterModelConfigEE
I1006 02:23:57.583547 2047873024 instance.cc:401] MasterModelConfig.processors_count is automatically set to 8
I1006 02:23:57.584035 2047873024 c_interface.cc:389] Pass MasterModelConfig: topic_name_size=30, class=(text:1), class=(author:1), score_config_size=5, num_processors=0, pwt_name=pwt, nwt_name=nwt, num_document_passes=1, reuse_theta=yes, cache_theta=yes, opt_for_avx=yes, disk_cache_path= to MN4artm4core15MasterComponentEFvRKNS_17MasterModelConfigEE
I1006 02:23:57.584074 2047873024 instance.cc:401] MasterModelConfig.processors_count is automatically set to 8
I1006 02:23:57.584580 2047873024 c_interface.cc:389] Pass MasterModelConfig: topic_name_size=30, class=(text:1), class=(author:1), score_config_size=6, num_processors=0, pwt_name=pwt, nwt_name=nwt, num_document_passes=1, reuse_theta=yes, cache_theta=yes, opt_for_avx=yes, disk_cache_path= to MN4artm4core15MasterComponentEFvRKNS_17MasterModelConfigEE
I1006 02:23:57.584596 2047873024 instance.cc:401] MasterModelConfig.processors_count is automatically set to 8
I1006 02:23:57.592330 2047873024 c_interface.cc:389] Pass MasterModelConfig: topic_name_size=30, class=(text:1), class=(author:1), score_config_size=6, num_processors=0, pwt_name=pwt, nwt_name=nwt, num_document_passes=1, regularizer=(SmoothSparsePhi_bcg:100000), reuse_theta=yes, cache_theta=yes, opt_for_avx=yes, disk_cache_path= to MN4artm4core15MasterComponentEFvRKNS_17MasterModelConfigEE
I1006 02:23:57.592447 2047873024 instance.cc:401] MasterModelConfig.processors_count is automatically set to 8
I1006 02:23:57.592566 2047873024 instance.cc:232] Regularizer 'SmoothSparsePhi_bcg' was cold-reconfigured
I1006 02:23:57.610400 2047873024 c_interface.cc:389] Pass FitOfflineMasterModelArgs, batch_filename_size=2, batch_weight_size=2, num_collection_passes=1, reset_nwt=yes to MN4artm4core15MasterComponentEFvRKNS_25FitOfflineMasterModelArgsEE
I1006 02:23:57.610424 2047873024 master_component.cc:1398] ProcessBatchesArgs: nwt_target_name=nwt, batch_filename_size=2, batch_size=0, batch_weight_size=2, pwt_source_name=pwt, num_document_passes=1, regularizer=(name:SmoothSparsePhi_bcg, tau:100000), class=(text:1), class=(author:1), reuse_theta=yes, opt_for_avx=yes, predict_class_id=, reset_nwt=yes
I1006 02:23:57.622500 2047873024 master_component.cc:826] Batches count (=2) is smaller than num processors (=8), which may cause suboptimal performance.
I1006 02:23:57.622812 24846336 processor.cc:747] Processing queue has data, processing started
I1006 02:23:57.622818 28065792 processor.cc:747] Processing queue has data, processing started
I1006 02:23:57.637058 24846336 processor.cc:820] Processor: start processing batch dd744804-9833-470b-bd4a-9bfd8d8763fe into model nwt
I1006 02:23:57.649343 28065792 processor.cc:820] Processor: start processing batch 1807f09b-437d-4c03-b47a-c2a2e773c2dd into model nwt
I1006 02:23:57.791779 24846336 processor.cc:925] Processor: complete processing batch dd744804-9833-470b-bd4a-9bfd8d8763fe into model nwt
I1006 02:23:57.795029 24846336 cuckoo_watch.h:45] 172ms in ProcessBatch(lectures_batches/aaaaaa.batch) [including 14ms in LoadMessage; 12ms in InitializeSparseNdw; 0ms in FindReuseThetaCacheEntry; 0ms in InitializeTheta; 0ms in CreateRegularizerAgents; 90ms in InferThetaAndUpdateNwtSparse; 0ms in UpdateCacheEntry; 3ms in CalculateScore(sparsity_theta_score); 47ms in CalculateScore(^^^ItemsProcessedScore^^^); ]
I1006 02:23:57.819350 24846336 processor.cc:740] No data in processing queue, waiting...
I1006 02:23:57.945413 28065792 processor.cc:925] Processor: complete processing batch 1807f09b-437d-4c03-b47a-c2a2e773c2dd into model nwt
I1006 02:23:57.951083 28065792 cuckoo_watch.h:45] 328ms in ProcessBatch(lectures_batches/aaaaab.batch) [including 26ms in LoadMessage; 25ms in InitializeSparseNdw; 0ms in FindReuseThetaCacheEntry; 0ms in InitializeTheta; 0ms in CreateRegularizerAgents; 172ms in InferThetaAndUpdateNwtSparse; 0ms in UpdateCacheEntry; 4ms in CalculateScore(sparsity_theta_score); 93ms in CalculateScore(^^^ItemsProcessedScore^^^); ]
I1006 02:23:57.952320 2047873024 master_component.cc:1436] RegularizeModelArgs: rwt_target_name=rwt, pwt_source_name=pwt, nwt_source_name=nwt
I1006 02:23:57.952368 2047873024 master_component.cc:976] MasterComponent: start regularizing model pwt
I1006 02:23:57.975292 28065792 processor.cc:740] No data in processing queue, waiting...
I1006 02:23:58.065193 2047873024 master_component.cc:1002] MasterComponent: complete regularizing model pwt
I1006 02:23:58.065215 2047873024 master_component.cc:1449] NormalizeModelArgs: pwt_target_name=pwt, nwt_source_name=nwt, rwt_source_name=rwt
I1006 02:23:58.065223 2047873024 master_component.cc:1006] MasterComponent: start normalizing model nwt
I1006 02:23:58.133779 2047873024 master_component.cc:1034] MasterComponent: complete normalizing model nwt
I1006 02:23:58.222401 2047873024 master_component.cc:1473] DisposeModel rwt
I1006 02:23:58.238932 2047873024 master_component.cc:1059] FitOffline: ItemsProcessed, num_items=1728, num_batches=2, token_weight=808522, token_weight_in_effect=808522
I1006 02:23:58.239202 2047873024 c_interface.cc:389] Pass FitOfflineMasterModelArgs, batch_filename_size=2, batch_weight_size=2, num_collection_passes=1, reset_nwt=yes to MN4artm4core15MasterComponentEFvRKNS_25FitOfflineMasterModelArgsEE
I1006 02:23:58.239215 2047873024 master_component.cc:1398] ProcessBatchesArgs: nwt_target_name=nwt, batch_filename_size=2, batch_size=0, batch_weight_size=2, pwt_source_name=pwt, num_document_passes=1, regularizer=(name:SmoothSparsePhi_bcg, tau:100000), class=(text:1), class=(author:1), reuse_theta=yes, opt_for_avx=yes, predict_class_id=, reset_nwt=yes
I1006 02:23:58.254165 28602368 processor.cc:747] Processing queue has data, processing started
I1006 02:23:58.254160 24846336 processor.cc:747] Processing queue has data, processing started
I1006 02:23:58.267287 24846336 processor.cc:820] Processor: start processing batch dd744804-9833-470b-bd4a-9bfd8d8763fe into model nwt
I1006 02:23:58.278473 28602368 processor.cc:820] Processor: start processing batch 1807f09b-437d-4c03-b47a-c2a2e773c2dd into model nwt
I1006 02:23:58.424680 24846336 processor.cc:925] Processor: complete processing batch dd744804-9833-470b-bd4a-9bfd8d8763fe into model nwt
I1006 02:23:58.428331 24846336 cuckoo_watch.h:45] 174ms in ProcessBatch(lectures_batches/aaaaaa.batch) [including 13ms in LoadMessage; 7ms in InitializeSparseNdw; 0ms in FindReuseThetaCacheEntry; 8ms in InitializeTheta; 0ms in CreateRegularizerAgents; 88ms in InferThetaAndUpdateNwtSparse; 0ms in UpdateCacheEntry; 3ms in CalculateScore(sparsity_theta_score); 48ms in CalculateScore(^^^ItemsProcessedScore^^^); ]
I1006 02:23:58.452774 24846336 processor.cc:740] No data in processing queue, waiting...
I1006 02:23:58.588398 28602368 processor.cc:925] Processor: complete processing batch 1807f09b-437d-4c03-b47a-c2a2e773c2dd into model nwt
I1006 02:23:58.594388 28602368 cuckoo_watch.h:45] 340ms in ProcessBatch(lectures_batches/aaaaab.batch) [including 24ms in LoadMessage; 22ms in InitializeSparseNdw; 0ms in FindReuseThetaCacheEntry; 4ms in InitializeTheta; 0ms in CreateRegularizerAgents; 177ms in InferThetaAndUpdateNwtSparse; 0ms in UpdateCacheEntry; 6ms in CalculateScore(sparsity_theta_score); 98ms in CalculateScore(^^^ItemsProcessedScore^^^); ]
I1006 02:23:58.595657 2047873024 master_component.cc:1436] RegularizeModelArgs: rwt_target_name=rwt, pwt_source_name=pwt, nwt_source_name=nwt
I1006 02:23:58.595701 2047873024 master_component.cc:976] MasterComponent: start regularizing model pwt
I1006 02:23:58.618515 28602368 processor.cc:740] No data in processing queue, waiting...
I1006 02:23:58.707455 2047873024 master_component.cc:1002] MasterComponent: complete regularizing model pwt
I1006 02:23:58.707478 2047873024 master_component.cc:1449] NormalizeModelArgs: pwt_target_name=pwt, nwt_source_name=nwt, rwt_source_name=rwt
I1006 02:23:58.707486 2047873024 master_component.cc:1006] MasterComponent: start normalizing model nwt
I1006 02:23:58.772017 2047873024 master_component.cc:1034] MasterComponent: complete normalizing model nwt
I1006 02:23:58.877450 2047873024 master_component.cc:1473] DisposeModel rwt
I1006 02:23:58.897151 2047873024 master_component.cc:1059] FitOffline: ItemsProcessed, num_items=1728, num_batches=2, token_weight=808522, token_weight_in_effect=808522
I1006 02:23:58.897431 2047873024 c_interface.cc:389] Pass FitOfflineMasterModelArgs, batch_filename_size=2, batch_weight_size=2, num_collection_passes=1, reset_nwt=yes to MN4artm4core15MasterComponentEFvRKNS_25FitOfflineMasterModelArgsEE
I1006 02:23:58.897449 2047873024 master_component.cc:1398] ProcessBatchesArgs: nwt_target_name=nwt, batch_filename_size=2, batch_size=0, batch_weight_size=2, pwt_source_name=pwt, num_document_passes=1, regularizer=(name:SmoothSparsePhi_bcg, tau:100000), class=(text:1), class=(author:1), reuse_theta=yes, opt_for_avx=yes, predict_class_id=, reset_nwt=yes
I1006 02:23:58.914485 25382912 processor.cc:747] Processing queue has data, processing started
I1006 02:23:58.914707 27529216 processor.cc:747] Processing queue has data, processing started
I1006 02:23:58.928860 25382912 processor.cc:820] Processor: start processing batch dd744804-9833-470b-bd4a-9bfd8d8763fe into model nwt
I1006 02:23:58.941185 27529216 processor.cc:820] Processor: start processing batch 1807f09b-437d-4c03-b47a-c2a2e773c2dd into model nwt
I1006 02:23:59.080338 25382912 processor.cc:925] Processor: complete processing batch dd744804-9833-470b-bd4a-9bfd8d8763fe into model nwt
I1006 02:23:59.084637 25382912 cuckoo_watch.h:45] 170ms in ProcessBatch(lectures_batches/aaaaaa.batch) [including 14ms in LoadMessage; 7ms in InitializeSparseNdw; 0ms in FindReuseThetaCacheEntry; 9ms in InitializeTheta; 0ms in CreateRegularizerAgents; 80ms in InferThetaAndUpdateNwtSparse; 0ms in UpdateCacheEntry; 3ms in CalculateScore(sparsity_theta_score); 49ms in CalculateScore(^^^ItemsProcessedScore^^^); ]
I1006 02:23:59.108309 25382912 processor.cc:740] No data in processing queue, waiting...
I1006 02:23:59.232010 27529216 processor.cc:925] Processor: complete processing batch 1807f09b-437d-4c03-b47a-c2a2e773c2dd into model nwt
I1006 02:23:59.237713 27529216 cuckoo_watch.h:45] 322ms in ProcessBatch(lectures_batches/aaaaab.batch) [including 26ms in LoadMessage; 19ms in InitializeSparseNdw; 0ms in FindReuseThetaCacheEntry; 3ms in InitializeTheta; 0ms in CreateRegularizerAgents; 167ms in InferThetaAndUpdateNwtSparse; 0ms in UpdateCacheEntry; 5ms in CalculateScore(sparsity_theta_score); 93ms in CalculateScore(^^^ItemsProcessedScore^^^); ]
I1006 02:23:59.239006 2047873024 master_component.cc:1436] RegularizeModelArgs: rwt_target_name=rwt, pwt_source_name=pwt, nwt_source_name=nwt
I1006 02:23:59.239048 2047873024 master_component.cc:976] MasterComponent: start regularizing model pwt
I1006 02:23:59.261958 27529216 processor.cc:740] No data in processing queue, waiting...
I1006 02:23:59.350611 2047873024 master_component.cc:1002] MasterComponent: complete regularizing model pwt
I1006 02:23:59.350634 2047873024 master_component.cc:1449] NormalizeModelArgs: pwt_target_name=pwt, nwt_source_name=nwt, rwt_source_name=rwt
I1006 02:23:59.350641 2047873024 master_component.cc:1006] MasterComponent: start normalizing model nwt
I1006 02:23:59.417557 2047873024 master_component.cc:1034] MasterComponent: complete normalizing model nwt
I1006 02:23:59.514256 2047873024 master_component.cc:1473] DisposeModel rwt
I1006 02:23:59.529358 2047873024 master_component.cc:1059] FitOffline: ItemsProcessed, num_items=1728, num_batches=2, token_weight=808522, token_weight_in_effect=808522
I1006 02:23:59.529726 2047873024 c_interface.cc:389] Pass FitOfflineMasterModelArgs, batch_filename_size=2, batch_weight_size=2, num_collection_passes=1, reset_nwt=yes to MN4artm4core15MasterComponentEFvRKNS_25FitOfflineMasterModelArgsEE
I1006 02:23:59.529747 2047873024 master_component.cc:1398] ProcessBatchesArgs: nwt_target_name=nwt, batch_filename_size=2, batch_size=0, batch_weight_size=2, pwt_source_name=pwt, num_document_passes=1, regularizer=(name:SmoothSparsePhi_bcg, tau:100000), class=(text:1), class=(author:1), reuse_theta=yes, opt_for_avx=yes, predict_class_id=, reset_nwt=yes
I1006 02:23:59.547499 25382912 processor.cc:747] Processing queue has data, processing started
I1006 02:23:59.547549 26456064 processor.cc:747] Processing queue has data, processing started
I1006 02:23:59.562229 25382912 processor.cc:820] Processor: start processing batch dd744804-9833-470b-bd4a-9bfd8d8763fe into model nwt
I1006 02:23:59.573411 26456064 processor.cc:820] Processor: start processing batch 1807f09b-437d-4c03-b47a-c2a2e773c2dd into model nwt
I1006 02:23:59.718269 25382912 processor.cc:925] Processor: complete processing batch dd744804-9833-470b-bd4a-9bfd8d8763fe into model nwt
I1006 02:23:59.722723 25382912 cuckoo_watch.h:45] 175ms in ProcessBatch(lectures_batches/aaaaaa.batch) [including 14ms in LoadMessage; 8ms in InitializeSparseNdw; 0ms in FindReuseThetaCacheEntry; 9ms in InitializeTheta; 0ms in CreateRegularizerAgents; 87ms in InferThetaAndUpdateNwtSparse; 0ms in UpdateCacheEntry; 3ms in CalculateScore(sparsity_theta_score); 47ms in CalculateScore(^^^ItemsProcessedScore^^^); ]
I1006 02:23:59.747208 25382912 processor.cc:740] No data in processing queue, waiting...
I1006 02:23:59.872504 26456064 processor.cc:925] Processor: complete processing batch 1807f09b-437d-4c03-b47a-c2a2e773c2dd into model nwt
I1006 02:23:59.878672 26456064 cuckoo_watch.h:45] 331ms in ProcessBatch(lectures_batches/aaaaab.batch) [including 25ms in LoadMessage; 21ms in InitializeSparseNdw; 0ms in FindReuseThetaCacheEntry; 3ms in InitializeTheta; 0ms in CreateRegularizerAgents; 167ms in InferThetaAndUpdateNwtSparse; 0ms in UpdateCacheEntry; 5ms in CalculateScore(sparsity_theta_score); 100ms in CalculateScore(^^^ItemsProcessedScore^^^); ]
I1006 02:23:59.879796 2047873024 master_component.cc:1436] RegularizeModelArgs: rwt_target_name=rwt, pwt_source_name=pwt, nwt_source_name=nwt
I1006 02:23:59.879829 2047873024 master_component.cc:976] MasterComponent: start regularizing model pwt
I1006 02:23:59.902482 26456064 processor.cc:740] No data in processing queue, waiting...
I1006 02:23:59.991782 2047873024 master_component.cc:1002] MasterComponent: complete regularizing model pwt
I1006 02:23:59.991804 2047873024 master_component.cc:1449] NormalizeModelArgs: pwt_target_name=pwt, nwt_source_name=nwt, rwt_source_name=rwt
I1006 02:23:59.991811 2047873024 master_component.cc:1006] MasterComponent: start normalizing model nwt
I1006 02:24:00.058405 2047873024 master_component.cc:1034] MasterComponent: complete normalizing model nwt
I1006 02:24:00.154590 2047873024 master_component.cc:1473] DisposeModel rwt
I1006 02:24:00.172629 2047873024 master_component.cc:1059] FitOffline: ItemsProcessed, num_items=1728, num_batches=2, token_weight=808522, token_weight_in_effect=808522
I1006 02:24:00.172986 2047873024 c_interface.cc:389] Pass FitOfflineMasterModelArgs, batch_filename_size=2, batch_weight_size=2, num_collection_passes=1, reset_nwt=yes to MN4artm4core15MasterComponentEFvRKNS_25FitOfflineMasterModelArgsEE
I1006 02:24:00.173004 2047873024 master_component.cc:1398] ProcessBatchesArgs: nwt_target_name=nwt, batch_filename_size=2, batch_size=0, batch_weight_size=2, pwt_source_name=pwt, num_document_passes=1, regularizer=(name:SmoothSparsePhi_bcg, tau:100000), class=(text:1), class=(author:1), reuse_theta=yes, opt_for_avx=yes, predict_class_id=, reset_nwt=yes
I1006 02:24:00.196235 27529216 processor.cc:747] Processing queue has data, processing started
I1006 02:24:00.196271 25919488 processor.cc:747] Processing queue has data, processing started
I1006 02:24:00.211138 27529216 processor.cc:820] Processor: start processing batch dd744804-9833-470b-bd4a-9bfd8d8763fe into model nwt
I1006 02:24:00.221997 25919488 processor.cc:820] Processor: start processing batch 1807f09b-437d-4c03-b47a-c2a2e773c2dd into model nwt
I1006 02:24:00.368536 27529216 processor.cc:925] Processor: complete processing batch dd744804-9833-470b-bd4a-9bfd8d8763fe into model nwt
I1006 02:24:00.372371 27529216 cuckoo_watch.h:45] 176ms in ProcessBatch(lectures_batches/aaaaaa.batch) [including 14ms in LoadMessage; 7ms in InitializeSparseNdw; 0ms in FindReuseThetaCacheEntry; 8ms in InitializeTheta; 0ms in CreateRegularizerAgents; 86ms in InferThetaAndUpdateNwtSparse; 0ms in UpdateCacheEntry; 3ms in CalculateScore(sparsity_theta_score); 50ms in CalculateScore(^^^ItemsProcessedScore^^^); ]
I1006 02:24:00.396392 27529216 processor.cc:740] No data in processing queue, waiting...
I1006 02:24:00.530880 25919488 processor.cc:925] Processor: complete processing batch 1807f09b-437d-4c03-b47a-c2a2e773c2dd into model nwt
I1006 02:24:00.537684 25919488 cuckoo_watch.h:45] 341ms in ProcessBatch(lectures_batches/aaaaab.batch) [including 25ms in LoadMessage; 20ms in InitializeSparseNdw; 0ms in FindReuseThetaCacheEntry; 4ms in InitializeTheta; 0ms in CreateRegularizerAgents; 177ms in InferThetaAndUpdateNwtSparse; 0ms in UpdateCacheEntry; 4ms in CalculateScore(sparsity_theta_score); 101ms in CalculateScore(^^^ItemsProcessedScore^^^); ]
I1006 02:24:00.538367 2047873024 master_component.cc:1436] RegularizeModelArgs: rwt_target_name=rwt, pwt_source_name=pwt, nwt_source_name=nwt
I1006 02:24:00.538414 2047873024 master_component.cc:976] MasterComponent: start regularizing model pwt
I1006 02:24:00.562031 25919488 processor.cc:740] No data in processing queue, waiting...
I1006 02:24:00.651206 2047873024 master_component.cc:1002] MasterComponent: complete regularizing model pwt
I1006 02:24:00.651226 2047873024 master_component.cc:1449] NormalizeModelArgs: pwt_target_name=pwt, nwt_source_name=nwt, rwt_source_name=rwt
I1006 02:24:00.651264 2047873024 master_component.cc:1006] MasterComponent: start normalizing model nwt
I1006 02:24:00.718889 2047873024 master_component.cc:1034] MasterComponent: complete normalizing model nwt
I1006 02:24:00.812696 2047873024 master_component.cc:1473] DisposeModel rwt
I1006 02:24:00.831017 2047873024 master_component.cc:1059] FitOffline: ItemsProcessed, num_items=1728, num_batches=2, token_weight=808522, token_weight_in_effect=808522
I1006 02:24:00.831276 2047873024 c_interface.cc:389] Pass FitOfflineMasterModelArgs, batch_filename_size=2, batch_weight_size=2, num_collection_passes=1, reset_nwt=yes to MN4artm4core15MasterComponentEFvRKNS_25FitOfflineMasterModelArgsEE
I1006 02:24:00.831295 2047873024 master_component.cc:1398] ProcessBatchesArgs: nwt_target_name=nwt, batch_filename_size=2, batch_size=0, batch_weight_size=2, pwt_source_name=pwt, num_document_passes=1, regularizer=(name:SmoothSparsePhi_bcg, tau:100000), class=(text:1), class=(author:1), reuse_theta=yes, opt_for_avx=yes, predict_class_id=, reset_nwt=yes
I1006 02:24:00.850445 26456064 processor.cc:747] Processing queue has data, processing started
I1006 02:24:00.850445 25382912 processor.cc:747] Processing queue has data, processing started
I1006 02:24:00.864722 25382912 processor.cc:820] Processor: start processing batch dd744804-9833-470b-bd4a-9bfd8d8763fe into model nwt
I1006 02:24:00.875999 26456064 processor.cc:820] Processor: start processing batch 1807f09b-437d-4c03-b47a-c2a2e773c2dd into model nwt
I1006 02:24:01.011082 25382912 processor.cc:925] Processor: complete processing batch dd744804-9833-470b-bd4a-9bfd8d8763fe into model nwt
I1006 02:24:01.015156 25382912 cuckoo_watch.h:45] 164ms in ProcessBatch(lectures_batches/aaaaaa.batch) [including 14ms in LoadMessage; 7ms in InitializeSparseNdw; 0ms in FindReuseThetaCacheEntry; 9ms in InitializeTheta; 0ms in CreateRegularizerAgents; 80ms in InferThetaAndUpdateNwtSparse; 0ms in UpdateCacheEntry; 3ms in CalculateScore(sparsity_theta_score); 45ms in CalculateScore(^^^ItemsProcessedScore^^^); ]
I1006 02:24:01.039563 25382912 processor.cc:740] No data in processing queue, waiting...
I1006 02:24:01.161600 26456064 processor.cc:925] Processor: complete processing batch 1807f09b-437d-4c03-b47a-c2a2e773c2dd into model nwt
I1006 02:24:01.167364 26456064 cuckoo_watch.h:45] 316ms in ProcessBatch(lectures_batches/aaaaab.batch) [including 25ms in LoadMessage; 19ms in InitializeSparseNdw; 0ms in FindReuseThetaCacheEntry; 4ms in InitializeTheta; 0ms in CreateRegularizerAgents; 164ms in InferThetaAndUpdateNwtSparse; 0ms in UpdateCacheEntry; 4ms in CalculateScore(sparsity_theta_score); 92ms in CalculateScore(^^^ItemsProcessedScore^^^); ]
I1006 02:24:01.167948 2047873024 master_component.cc:1436] RegularizeModelArgs: rwt_target_name=rwt, pwt_source_name=pwt, nwt_source_name=nwt
I1006 02:24:01.167979 2047873024 master_component.cc:976] MasterComponent: start regularizing model pwt
I1006 02:24:01.191701 26456064 processor.cc:740] No data in processing queue, waiting...
I1006 02:24:01.277706 2047873024 master_component.cc:1002] MasterComponent: complete regularizing model pwt
I1006 02:24:01.277729 2047873024 master_component.cc:1449] NormalizeModelArgs: pwt_target_name=pwt, nwt_source_name=nwt, rwt_source_name=rwt
I1006 02:24:01.277737 2047873024 master_component.cc:1006] MasterComponent: start normalizing model nwt
I1006 02:24:01.343765 2047873024 master_component.cc:1034] MasterComponent: complete normalizing model nwt
I1006 02:24:01.447314 2047873024 master_component.cc:1473] DisposeModel rwt
I1006 02:24:01.463284 2047873024 master_component.cc:1059] FitOffline: ItemsProcessed, num_items=1728, num_batches=2, token_weight=808522, token_weight_in_effect=808522
I1006 02:24:01.463554 2047873024 c_interface.cc:389] Pass FitOfflineMasterModelArgs, batch_filename_size=2, batch_weight_size=2, num_collection_passes=1, reset_nwt=yes to MN4artm4core15MasterComponentEFvRKNS_25FitOfflineMasterModelArgsEE
I1006 02:24:01.463567 2047873024 master_component.cc:1398] ProcessBatchesArgs: nwt_target_name=nwt, batch_filename_size=2, batch_size=0, batch_weight_size=2, pwt_source_name=pwt, num_document_passes=1, regularizer=(name:SmoothSparsePhi_bcg, tau:100000), class=(text:1), class=(author:1), reuse_theta=yes, opt_for_avx=yes, predict_class_id=, reset_nwt=yes
I1006 02:24:01.479467 27529216 processor.cc:747] Processing queue has data, processing started
I1006 02:24:01.479485 25919488 processor.cc:747] Processing queue has data, processing started
I1006 02:24:01.494130 27529216 processor.cc:820] Processor: start processing batch dd744804-9833-470b-bd4a-9bfd8d8763fe into model nwt
I1006 02:24:01.505595 25919488 processor.cc:820] Processor: start processing batch 1807f09b-437d-4c03-b47a-c2a2e773c2dd into model nwt
I1006 02:24:01.653663 27529216 processor.cc:925] Processor: complete processing batch dd744804-9833-470b-bd4a-9bfd8d8763fe into model nwt
I1006 02:24:01.657657 27529216 cuckoo_watch.h:45] 178ms in ProcessBatch(lectures_batches/aaaaaa.batch) [including 14ms in LoadMessage; 8ms in InitializeSparseNdw; 0ms in FindReuseThetaCacheEntry; 8ms in InitializeTheta; 0ms in CreateRegularizerAgents; 90ms in InferThetaAndUpdateNwtSparse; 0ms in UpdateCacheEntry; 3ms in CalculateScore(sparsity_theta_score); 48ms in CalculateScore(^^^ItemsProcessedScore^^^); ]
I1006 02:24:01.681556 27529216 processor.cc:740] No data in processing queue, waiting...
I1006 02:24:01.832574 25919488 processor.cc:925] Processor: complete processing batch 1807f09b-437d-4c03-b47a-c2a2e773c2dd into model nwt
I1006 02:24:01.839164 25919488 cuckoo_watch.h:45] 359ms in ProcessBatch(lectures_batches/aaaaab.batch) [including 26ms in LoadMessage; 21ms in InitializeSparseNdw; 0ms in FindReuseThetaCacheEntry; 4ms in InitializeTheta; 0ms in CreateRegularizerAgents; 183ms in InferThetaAndUpdateNwtSparse; 0ms in UpdateCacheEntry; 6ms in CalculateScore(sparsity_theta_score); 110ms in CalculateScore(^^^ItemsProcessedScore^^^); ]
I1006 02:24:01.839804 2047873024 master_component.cc:1436] RegularizeModelArgs: rwt_target_name=rwt, pwt_source_name=pwt, nwt_source_name=nwt
I1006 02:24:01.839839 2047873024 master_component.cc:976] MasterComponent: start regularizing model pwt
I1006 02:24:01.863632 25919488 processor.cc:740] No data in processing queue, waiting...
I1006 02:24:01.947240 2047873024 master_component.cc:1002] MasterComponent: complete regularizing model pwt
I1006 02:24:01.947260 2047873024 master_component.cc:1449] NormalizeModelArgs: pwt_target_name=pwt, nwt_source_name=nwt, rwt_source_name=rwt
I1006 02:24:01.947268 2047873024 master_component.cc:1006] MasterComponent: start normalizing model nwt
I1006 02:24:02.009738 2047873024 master_component.cc:1034] MasterComponent: complete normalizing model nwt
I1006 02:24:02.115471 2047873024 master_component.cc:1473] DisposeModel rwt
I1006 02:24:02.132014 2047873024 master_component.cc:1059] FitOffline: ItemsProcessed, num_items=1728, num_batches=2, token_weight=808522, token_weight_in_effect=808522
I1006 02:24:02.132310 2047873024 c_interface.cc:389] Pass FitOfflineMasterModelArgs, batch_filename_size=2, batch_weight_size=2, num_collection_passes=1, reset_nwt=yes to MN4artm4core15MasterComponentEFvRKNS_25FitOfflineMasterModelArgsEE
I1006 02:24:02.132328 2047873024 master_component.cc:1398] ProcessBatchesArgs: nwt_target_name=nwt, batch_filename_size=2, batch_size=0, batch_weight_size=2, pwt_source_name=pwt, num_document_passes=1, regularizer=(name:SmoothSparsePhi_bcg, tau:100000), class=(text:1), class=(author:1), reuse_theta=yes, opt_for_avx=yes, predict_class_id=, reset_nwt=yes
I1006 02:24:02.152449 26456064 processor.cc:747] Processing queue has data, processing started
I1006 02:24:02.152458 28602368 processor.cc:747] Processing queue has data, processing started
I1006 02:24:02.167323 26456064 processor.cc:820] Processor: start processing batch dd744804-9833-470b-bd4a-9bfd8d8763fe into model nwt
I1006 02:24:02.178303 28602368 processor.cc:820] Processor: start processing batch 1807f09b-437d-4c03-b47a-c2a2e773c2dd into model nwt
I1006 02:24:02.314805 26456064 processor.cc:925] Processor: complete processing batch dd744804-9833-470b-bd4a-9bfd8d8763fe into model nwt
I1006 02:24:02.318898 26456064 cuckoo_watch.h:45] 166ms in ProcessBatch(lectures_batches/aaaaaa.batch) [including 14ms in LoadMessage; 7ms in InitializeSparseNdw; 0ms in FindReuseThetaCacheEntry; 8ms in InitializeTheta; 0ms in CreateRegularizerAgents; 79ms in InferThetaAndUpdateNwtSparse; 0ms in UpdateCacheEntry; 3ms in CalculateScore(sparsity_theta_score); 46ms in CalculateScore(^^^ItemsProcessedScore^^^); ]
I1006 02:24:02.342144 26456064 processor.cc:740] No data in processing queue, waiting...
I1006 02:24:02.474736 28602368 processor.cc:925] Processor: complete processing batch 1807f09b-437d-4c03-b47a-c2a2e773c2dd into model nwt
I1006 02:24:02.480847 28602368 cuckoo_watch.h:45] 328ms in ProcessBatch(lectures_batches/aaaaab.batch) [including 25ms in LoadMessage; 19ms in InitializeSparseNdw; 0ms in FindReuseThetaCacheEntry; 4ms in InitializeTheta; 0ms in CreateRegularizerAgents; 165ms in InferThetaAndUpdateNwtSparse; 0ms in UpdateCacheEntry; 5ms in CalculateScore(sparsity_theta_score); 101ms in CalculateScore(^^^ItemsProcessedScore^^^); ]
I1006 02:24:02.481576 2047873024 master_component.cc:1436] RegularizeModelArgs: rwt_target_name=rwt, pwt_source_name=pwt, nwt_source_name=nwt
I1006 02:24:02.481606 2047873024 master_component.cc:976] MasterComponent: start regularizing model pwt
I1006 02:24:02.505029 28602368 processor.cc:740] No data in processing queue, waiting...
I1006 02:24:02.594647 2047873024 master_component.cc:1002] MasterComponent: complete regularizing model pwt
I1006 02:24:02.594667 2047873024 master_component.cc:1449] NormalizeModelArgs: pwt_target_name=pwt, nwt_source_name=nwt, rwt_source_name=rwt
I1006 02:24:02.594674 2047873024 master_component.cc:1006] MasterComponent: start normalizing model nwt
I1006 02:24:02.660969 2047873024 master_component.cc:1034] MasterComponent: complete normalizing model nwt
I1006 02:24:02.756657 2047873024 master_component.cc:1473] DisposeModel rwt
I1006 02:24:02.775908 2047873024 master_component.cc:1059] FitOffline: ItemsProcessed, num_items=1728, num_batches=2, token_weight=808522, token_weight_in_effect=808522
I1006 02:24:02.776168 2047873024 c_interface.cc:389] Pass FitOfflineMasterModelArgs, batch_filename_size=2, batch_weight_size=2, num_collection_passes=1, reset_nwt=yes to MN4artm4core15MasterComponentEFvRKNS_25FitOfflineMasterModelArgsEE
I1006 02:24:02.776185 2047873024 master_component.cc:1398] ProcessBatchesArgs: nwt_target_name=nwt, batch_filename_size=2, batch_size=0, batch_weight_size=2, pwt_source_name=pwt, num_document_passes=1, regularizer=(name:SmoothSparsePhi_bcg, tau:100000), class=(text:1), class=(author:1), reuse_theta=yes, opt_for_avx=yes, predict_class_id=, reset_nwt=yes
I1006 02:24:02.795083 28065792 processor.cc:747] Processing queue has data, processing started
I1006 02:24:02.795083 26456064 processor.cc:747] Processing queue has data, processing started
I1006 02:24:02.808514 28065792 processor.cc:820] Processor: start processing batch dd744804-9833-470b-bd4a-9bfd8d8763fe into model nwt
I1006 02:24:02.819506 26456064 processor.cc:820] Processor: start processing batch 1807f09b-437d-4c03-b47a-c2a2e773c2dd into model nwt
I1006 02:24:02.959748 28065792 processor.cc:925] Processor: complete processing batch dd744804-9833-470b-bd4a-9bfd8d8763fe into model nwt
I1006 02:24:02.964265 28065792 cuckoo_watch.h:45] 169ms in ProcessBatch(lectures_batches/aaaaaa.batch) [including 13ms in LoadMessage; 7ms in InitializeSparseNdw; 0ms in FindReuseThetaCacheEntry; 8ms in InitializeTheta; 0ms in CreateRegularizerAgents; 81ms in InferThetaAndUpdateNwtSparse; 0ms in UpdateCacheEntry; 3ms in CalculateScore(sparsity_theta_score); 49ms in CalculateScore(^^^ItemsProcessedScore^^^); ]
I1006 02:24:02.988404 28065792 processor.cc:740] No data in processing queue, waiting...
I1006 02:24:03.129325 26456064 processor.cc:925] Processor: complete processing batch 1807f09b-437d-4c03-b47a-c2a2e773c2dd into model nwt
I1006 02:24:03.135378 26456064 cuckoo_watch.h:45] 340ms in ProcessBatch(lectures_batches/aaaaab.batch) [including 24ms in LoadMessage; 19ms in InitializeSparseNdw; 0ms in FindReuseThetaCacheEntry; 3ms in InitializeTheta; 0ms in CreateRegularizerAgents; 172ms in InferThetaAndUpdateNwtSparse; 0ms in UpdateCacheEntry; 5ms in CalculateScore(sparsity_theta_score); 108ms in CalculateScore(^^^ItemsProcessedScore^^^); ]
I1006 02:24:03.135553 2047873024 master_component.cc:1436] RegularizeModelArgs: rwt_target_name=rwt, pwt_source_name=pwt, nwt_source_name=nwt
I1006 02:24:03.135571 2047873024 master_component.cc:976] MasterComponent: start regularizing model pwt
I1006 02:24:03.158583 26456064 processor.cc:740] No data in processing queue, waiting...
I1006 02:24:03.241858 2047873024 master_component.cc:1002] MasterComponent: complete regularizing model pwt
I1006 02:24:03.241879 2047873024 master_component.cc:1449] NormalizeModelArgs: pwt_target_name=pwt, nwt_source_name=nwt, rwt_source_name=rwt
I1006 02:24:03.241886 2047873024 master_component.cc:1006] MasterComponent: start normalizing model nwt
I1006 02:24:03.304661 2047873024 master_component.cc:1034] MasterComponent: complete normalizing model nwt
I1006 02:24:03.403846 2047873024 master_component.cc:1473] DisposeModel rwt
I1006 02:24:03.422242 2047873024 master_component.cc:1059] FitOffline: ItemsProcessed, num_items=1728, num_batches=2, token_weight=808522, token_weight_in_effect=808522
I1006 02:24:03.422610 2047873024 c_interface.cc:389] Pass FitOfflineMasterModelArgs, batch_filename_size=2, batch_weight_size=2, num_collection_passes=1, reset_nwt=yes to MN4artm4core15MasterComponentEFvRKNS_25FitOfflineMasterModelArgsEE
I1006 02:24:03.422631 2047873024 master_component.cc:1398] ProcessBatchesArgs: nwt_target_name=nwt, batch_filename_size=2, batch_size=0, batch_weight_size=2, pwt_source_name=pwt, num_document_passes=1, regularizer=(name:SmoothSparsePhi_bcg, tau:100000), class=(text:1), class=(author:1), reuse_theta=yes, opt_for_avx=yes, predict_class_id=, reset_nwt=yes
I1006 02:24:03.439980 27529216 processor.cc:747] Processing queue has data, processing started
I1006 02:24:03.440006 24846336 processor.cc:747] Processing queue has data, processing started
I1006 02:24:03.452827 27529216 processor.cc:820] Processor: start processing batch dd744804-9833-470b-bd4a-9bfd8d8763fe into model nwt
I1006 02:24:03.463490 24846336 processor.cc:820] Processor: start processing batch 1807f09b-437d-4c03-b47a-c2a2e773c2dd into model nwt
I1006 02:24:03.612190 27529216 processor.cc:925] Processor: complete processing batch dd744804-9833-470b-bd4a-9bfd8d8763fe into model nwt
I1006 02:24:03.616441 27529216 cuckoo_watch.h:45] 176ms in ProcessBatch(lectures_batches/aaaaaa.batch) [including 12ms in LoadMessage; 7ms in InitializeSparseNdw; 0ms in FindReuseThetaCacheEntry; 9ms in InitializeTheta; 0ms in CreateRegularizerAgents; 86ms in InferThetaAndUpdateNwtSparse; 0ms in UpdateCacheEntry; 4ms in CalculateScore(sparsity_theta_score); 50ms in CalculateScore(^^^ItemsProcessedScore^^^); ]
I1006 02:24:03.640849 27529216 processor.cc:740] No data in processing queue, waiting...
I1006 02:24:03.783622 24846336 processor.cc:925] Processor: complete processing batch 1807f09b-437d-4c03-b47a-c2a2e773c2dd into model nwt
I1006 02:24:03.791355 24846336 cuckoo_watch.h:45] 351ms in ProcessBatch(lectures_batches/aaaaab.batch) [including 23ms in LoadMessage; 20ms in InitializeSparseNdw; 0ms in FindReuseThetaCacheEntry; 4ms in InitializeTheta; 0ms in CreateRegularizerAgents; 177ms in InferThetaAndUpdateNwtSparse; 0ms in UpdateCacheEntry; 5ms in CalculateScore(sparsity_theta_score); 110ms in CalculateScore(^^^ItemsProcessedScore^^^); ]
I1006 02:24:03.792537 2047873024 master_component.cc:1436] RegularizeModelArgs: rwt_target_name=rwt, pwt_source_name=pwt, nwt_source_name=nwt
I1006 02:24:03.792578 2047873024 master_component.cc:976] MasterComponent: start regularizing model pwt
I1006 02:24:03.815412 24846336 processor.cc:740] No data in processing queue, waiting...
I1006 02:24:03.907763 2047873024 master_component.cc:1002] MasterComponent: complete regularizing model pwt
I1006 02:24:03.907817 2047873024 master_component.cc:1449] NormalizeModelArgs: pwt_target_name=pwt, nwt_source_name=nwt, rwt_source_name=rwt
I1006 02:24:03.907826 2047873024 master_component.cc:1006] MasterComponent: start normalizing model nwt
I1006 02:24:03.976641 2047873024 master_component.cc:1034] MasterComponent: complete normalizing model nwt
I1006 02:24:04.067720 2047873024 master_component.cc:1473] DisposeModel rwt
I1006 02:24:04.085739 2047873024 master_component.cc:1059] FitOffline: ItemsProcessed, num_items=1728, num_batches=2, token_weight=808522, token_weight_in_effect=808522
I1006 02:24:04.086088 2047873024 c_interface.cc:389] Pass FitOfflineMasterModelArgs, batch_filename_size=2, batch_weight_size=2, num_collection_passes=1, reset_nwt=yes to MN4artm4core15MasterComponentEFvRKNS_25FitOfflineMasterModelArgsEE
I1006 02:24:04.086107 2047873024 master_component.cc:1398] ProcessBatchesArgs: nwt_target_name=nwt, batch_filename_size=2, batch_size=0, batch_weight_size=2, pwt_source_name=pwt, num_document_passes=1, regularizer=(name:SmoothSparsePhi_bcg, tau:100000), class=(text:1), class=(author:1), reuse_theta=yes, opt_for_avx=yes, predict_class_id=, reset_nwt=yes
I1006 02:24:04.103839 28602368 processor.cc:747] Processing queue has data, processing started
I1006 02:24:04.103863 25382912 processor.cc:747] Processing queue has data, processing started
I1006 02:24:04.118463 28602368 processor.cc:820] Processor: start processing batch dd744804-9833-470b-bd4a-9bfd8d8763fe into model nwt
I1006 02:24:04.129020 25382912 processor.cc:820] Processor: start processing batch 1807f09b-437d-4c03-b47a-c2a2e773c2dd into model nwt
I1006 02:24:04.274135 28602368 processor.cc:925] Processor: complete processing batch dd744804-9833-470b-bd4a-9bfd8d8763fe into model nwt
I1006 02:24:04.279274 28602368 cuckoo_watch.h:45] 175ms in ProcessBatch(lectures_batches/aaaaaa.batch) [including 14ms in LoadMessage; 8ms in InitializeSparseNdw; 0ms in FindReuseThetaCacheEntry; 8ms in InitializeTheta; 0ms in CreateRegularizerAgents; 81ms in InferThetaAndUpdateNwtSparse; 0ms in UpdateCacheEntry; 4ms in CalculateScore(sparsity_theta_score); 53ms in CalculateScore(^^^ItemsProcessedScore^^^); ]
I1006 02:24:04.303704 28602368 processor.cc:740] No data in processing queue, waiting...
I1006 02:24:04.424254 25382912 processor.cc:925] Processor: complete processing batch 1807f09b-437d-4c03-b47a-c2a2e773c2dd into model nwt
I1006 02:24:04.429734 25382912 cuckoo_watch.h:45] 325ms in ProcessBatch(lectures_batches/aaaaab.batch) [including 25ms in LoadMessage; 19ms in InitializeSparseNdw; 0ms in FindReuseThetaCacheEntry; 3ms in InitializeTheta; 0ms in CreateRegularizerAgents; 172ms in InferThetaAndUpdateNwtSparse; 0ms in UpdateCacheEntry; 4ms in CalculateScore(sparsity_theta_score); 94ms in CalculateScore(^^^ItemsProcessedScore^^^); ]
I1006 02:24:04.431167 2047873024 master_component.cc:1436] RegularizeModelArgs: rwt_target_name=rwt, pwt_source_name=pwt, nwt_source_name=nwt
I1006 02:24:04.431198 2047873024 master_component.cc:976] MasterComponent: start regularizing model pwt
I1006 02:24:04.453980 25382912 processor.cc:740] No data in processing queue, waiting...
I1006 02:24:04.569224 2047873024 master_component.cc:1002] MasterComponent: complete regularizing model pwt
I1006 02:24:04.569250 2047873024 master_component.cc:1449] NormalizeModelArgs: pwt_target_name=pwt, nwt_source_name=nwt, rwt_source_name=rwt
I1006 02:24:04.569257 2047873024 master_component.cc:1006] MasterComponent: start normalizing model nwt
I1006 02:24:04.634469 2047873024 master_component.cc:1034] MasterComponent: complete normalizing model nwt
I1006 02:24:04.721894 2047873024 master_component.cc:1473] DisposeModel rwt
I1006 02:24:04.738517 2047873024 master_component.cc:1059] FitOffline: ItemsProcessed, num_items=1728, num_batches=2, token_weight=808522, token_weight_in_effect=808522
I1006 02:24:04.738804 2047873024 c_interface.cc:389] Pass FitOfflineMasterModelArgs, batch_filename_size=2, batch_weight_size=2, num_collection_passes=1, reset_nwt=yes to MN4artm4core15MasterComponentEFvRKNS_25FitOfflineMasterModelArgsEE
I1006 02:24:04.739449 2047873024 master_component.cc:1398] ProcessBatchesArgs: nwt_target_name=nwt, batch_filename_size=2, batch_size=0, batch_weight_size=2, pwt_source_name=pwt, num_document_passes=1, regularizer=(name:SmoothSparsePhi_bcg, tau:100000), class=(text:1), class=(author:1), reuse_theta=yes, opt_for_avx=yes, predict_class_id=, reset_nwt=yes
I1006 02:24:04.756261 28602368 processor.cc:747] Processing queue has data, processing started
I1006 02:24:04.756266 27529216 processor.cc:747] Processing queue has data, processing started
I1006 02:24:04.769265 28602368 processor.cc:820] Processor: start processing batch dd744804-9833-470b-bd4a-9bfd8d8763fe into model nwt
I1006 02:24:04.779487 27529216 processor.cc:820] Processor: start processing batch 1807f09b-437d-4c03-b47a-c2a2e773c2dd into model nwt
I1006 02:24:04.918678 28602368 processor.cc:925] Processor: complete processing batch dd744804-9833-470b-bd4a-9bfd8d8763fe into model nwt
I1006 02:24:04.922387 28602368 cuckoo_watch.h:45] 166ms in ProcessBatch(lectures_batches/aaaaaa.batch) [including 12ms in LoadMessage; 8ms in InitializeSparseNdw; 0ms in FindReuseThetaCacheEntry; 8ms in InitializeTheta; 0ms in CreateRegularizerAgents; 80ms in InferThetaAndUpdateNwtSparse; 0ms in UpdateCacheEntry; 3ms in CalculateScore(sparsity_theta_score); 49ms in CalculateScore(^^^ItemsProcessedScore^^^); ]
I1006 02:24:04.945641 28602368 processor.cc:740] No data in processing queue, waiting...
I1006 02:24:05.080009 27529216 processor.cc:925] Processor: complete processing batch 1807f09b-437d-4c03-b47a-c2a2e773c2dd into model nwt
I1006 02:24:05.086730 27529216 cuckoo_watch.h:45] 330ms in ProcessBatch(lectures_batches/aaaaab.batch) [including 23ms in LoadMessage; 20ms in InitializeSparseNdw; 0ms in FindReuseThetaCacheEntry; 4ms in InitializeTheta; 0ms in CreateRegularizerAgents; 169ms in InferThetaAndUpdateNwtSparse; 0ms in UpdateCacheEntry; 4ms in CalculateScore(sparsity_theta_score); 100ms in CalculateScore(^^^ItemsProcessedScore^^^); ]
I1006 02:24:05.086897 2047873024 master_component.cc:1436] RegularizeModelArgs: rwt_target_name=rwt, pwt_source_name=pwt, nwt_source_name=nwt
I1006 02:24:05.086912 2047873024 master_component.cc:976] MasterComponent: start regularizing model pwt
I1006 02:24:05.110574 27529216 processor.cc:740] No data in processing queue, waiting...
I1006 02:24:05.197592 2047873024 master_component.cc:1002] MasterComponent: complete regularizing model pwt
I1006 02:24:05.197613 2047873024 master_component.cc:1449] NormalizeModelArgs: pwt_target_name=pwt, nwt_source_name=nwt, rwt_source_name=rwt
I1006 02:24:05.197618 2047873024 master_component.cc:1006] MasterComponent: start normalizing model nwt
I1006 02:24:05.261190 2047873024 master_component.cc:1034] MasterComponent: complete normalizing model nwt
I1006 02:24:05.350880 2047873024 master_component.cc:1473] DisposeModel rwt
I1006 02:24:05.367444 2047873024 master_component.cc:1059] FitOffline: ItemsProcessed, num_items=1728, num_batches=2, token_weight=808522, token_weight_in_effect=808522
I1006 02:24:05.367765 2047873024 c_interface.cc:389] Pass FitOfflineMasterModelArgs, batch_filename_size=2, batch_weight_size=2, num_collection_passes=1, reset_nwt=yes to MN4artm4core15MasterComponentEFvRKNS_25FitOfflineMasterModelArgsEE
I1006 02:24:05.367779 2047873024 master_component.cc:1398] ProcessBatchesArgs: nwt_target_name=nwt, batch_filename_size=2, batch_size=0, batch_weight_size=2, pwt_source_name=pwt, num_document_passes=1, regularizer=(name:SmoothSparsePhi_bcg, tau:100000), class=(text:1), class=(author:1), reuse_theta=yes, opt_for_avx=yes, predict_class_id=, reset_nwt=yes
I1006 02:24:05.384785 24846336 processor.cc:747] Processing queue has data, processing started
I1006 02:24:05.384785 26456064 processor.cc:747] Processing queue has data, processing started
I1006 02:24:05.398574 26456064 processor.cc:820] Processor: start processing batch dd744804-9833-470b-bd4a-9bfd8d8763fe into model nwt
I1006 02:24:05.408970 24846336 processor.cc:820] Processor: start processing batch 1807f09b-437d-4c03-b47a-c2a2e773c2dd into model nwt
I1006 02:24:05.562777 26456064 processor.cc:925] Processor: complete processing batch dd744804-9833-470b-bd4a-9bfd8d8763fe into model nwt
I1006 02:24:05.567847 26456064 cuckoo_watch.h:45] 183ms in ProcessBatch(lectures_batches/aaaaaa.batch) [including 13ms in LoadMessage; 7ms in InitializeSparseNdw; 0ms in FindReuseThetaCacheEntry; 8ms in InitializeTheta; 0ms in CreateRegularizerAgents; 89ms in InferThetaAndUpdateNwtSparse; 0ms in UpdateCacheEntry; 4ms in CalculateScore(sparsity_theta_score); 53ms in CalculateScore(^^^ItemsProcessedScore^^^); ]
