I1005 20:11:39.964102 2047873024 master_component.cc:976] MasterComponent: start regularizing model pwt
I1005 20:11:39.987182 28602368 processor.cc:740] No data in processing queue, waiting...
I1005 20:11:40.117770 2047873024 master_component.cc:1002] MasterComponent: complete regularizing model pwt
I1005 20:11:40.117786 2047873024 master_component.cc:1449] NormalizeModelArgs: pwt_target_name=pwt, nwt_source_name=nwt, rwt_source_name=rwt
I1005 20:11:40.117794 2047873024 master_component.cc:1006] MasterComponent: start normalizing model nwt
I1005 20:11:40.199643 2047873024 master_component.cc:1034] MasterComponent: complete normalizing model nwt
I1005 20:11:40.273689 2047873024 master_component.cc:1473] DisposeModel rwt
I1005 20:11:40.293670 2047873024 master_component.cc:1059] FitOffline: ItemsProcessed, num_items=1728, num_batches=2, token_weight=808522, token_weight_in_effect=808522
I1005 20:11:40.293953 2047873024 c_interface.cc:389] Pass FitOfflineMasterModelArgs, batch_filename_size=2, batch_weight_size=2, num_collection_passes=1, reset_nwt=yes to MN4artm4core15MasterComponentEFvRKNS_25FitOfflineMasterModelArgsEE
I1005 20:11:40.293968 2047873024 master_component.cc:1398] ProcessBatchesArgs: nwt_target_name=nwt, batch_filename_size=2, batch_size=0, batch_weight_size=2, pwt_source_name=pwt, num_document_passes=10, regularizer=(name:SmoothSparsePhi, tau:100000), regularizer=(name:SmoothSparcePhi_sbj, tau:-100000), class=(text:1), class=(author:1), reuse_theta=no, opt_for_avx=yes, predict_class_id=, reset_nwt=yes
I1005 20:11:40.313277 26456064 processor.cc:747] Processing queue has data, processing started
I1005 20:11:40.313278 25919488 processor.cc:747] Processing queue has data, processing started
I1005 20:11:40.327054 26456064 processor.cc:820] Processor: start processing batch 9edcad93-fc16-44ef-babc-2bfdcae8eb5f into model nwt
I1005 20:11:40.337285 25919488 processor.cc:820] Processor: start processing batch 7bd3121e-fe96-4fbc-930e-80057f8f7861 into model nwt
I1005 20:11:40.543851 26456064 processor.cc:925] Processor: complete processing batch 9edcad93-fc16-44ef-babc-2bfdcae8eb5f into model nwt
I1005 20:11:40.547971 26456064 cuckoo_watch.h:45] 234ms in ProcessBatch(lectures_batches/aaaaaa.batch) [including 13ms in LoadMessage; 8ms in InitializeSparseNdw; 0ms in InitializeTheta; 0ms in CreateRegularizerAgents; 158ms in InferThetaAndUpdateNwtSparse; 3ms in CalculateScore(sparsity_theta_score); 45ms in CalculateScore(^^^ItemsProcessedScore^^^); ]
I1005 20:11:40.571854 26456064 processor.cc:740] No data in processing queue, waiting...
I1005 20:11:40.819958 25919488 processor.cc:925] Processor: complete processing batch 7bd3121e-fe96-4fbc-930e-80057f8f7861 into model nwt
I1005 20:11:40.826045 25919488 cuckoo_watch.h:45] 512ms in ProcessBatch(lectures_batches/aaaaab.batch) [including 23ms in LoadMessage; 19ms in InitializeSparseNdw; 0ms in InitializeTheta; 0ms in CreateRegularizerAgents; 354ms in InferThetaAndUpdateNwtSparse; 6ms in CalculateScore(sparsity_theta_score); 102ms in CalculateScore(^^^ItemsProcessedScore^^^); ]
I1005 20:11:40.826314 2047873024 master_component.cc:1436] RegularizeModelArgs: rwt_target_name=rwt, pwt_source_name=pwt, nwt_source_name=nwt
I1005 20:11:40.826339 2047873024 master_component.cc:976] MasterComponent: start regularizing model pwt
I1005 20:11:40.850343 25919488 processor.cc:740] No data in processing queue, waiting...
I1005 20:11:40.983207 2047873024 master_component.cc:1002] MasterComponent: complete regularizing model pwt
I1005 20:11:40.983228 2047873024 master_component.cc:1449] NormalizeModelArgs: pwt_target_name=pwt, nwt_source_name=nwt, rwt_source_name=rwt
I1005 20:11:40.983235 2047873024 master_component.cc:1006] MasterComponent: start normalizing model nwt
I1005 20:11:41.059486 2047873024 master_component.cc:1034] MasterComponent: complete normalizing model nwt
I1005 20:11:41.116149 2047873024 master_component.cc:1473] DisposeModel rwt
I1005 20:11:41.136628 2047873024 master_component.cc:1059] FitOffline: ItemsProcessed, num_items=1728, num_batches=2, token_weight=808522, token_weight_in_effect=808522
I1005 20:11:41.136895 2047873024 c_interface.cc:389] Pass FitOfflineMasterModelArgs, batch_filename_size=2, batch_weight_size=2, num_collection_passes=1, reset_nwt=yes to MN4artm4core15MasterComponentEFvRKNS_25FitOfflineMasterModelArgsEE
I1005 20:11:41.136909 2047873024 master_component.cc:1398] ProcessBatchesArgs: nwt_target_name=nwt, batch_filename_size=2, batch_size=0, batch_weight_size=2, pwt_source_name=pwt, num_document_passes=10, regularizer=(name:SmoothSparsePhi, tau:100000), regularizer=(name:SmoothSparcePhi_sbj, tau:-100000), class=(text:1), class=(author:1), reuse_theta=no, opt_for_avx=yes, predict_class_id=, reset_nwt=yes
I1005 20:11:41.156626 29138944 processor.cc:747] Processing queue has data, processing started
I1005 20:11:41.156757 28065792 processor.cc:747] Processing queue has data, processing started
I1005 20:11:41.169808 29138944 processor.cc:820] Processor: start processing batch 9edcad93-fc16-44ef-babc-2bfdcae8eb5f into model nwt
I1005 20:11:41.180634 28065792 processor.cc:820] Processor: start processing batch 7bd3121e-fe96-4fbc-930e-80057f8f7861 into model nwt
I1005 20:11:41.382977 29138944 processor.cc:925] Processor: complete processing batch 9edcad93-fc16-44ef-babc-2bfdcae8eb5f into model nwt
I1005 20:11:41.386404 29138944 cuckoo_watch.h:45] 229ms in ProcessBatch(lectures_batches/aaaaaa.batch) [including 13ms in LoadMessage; 7ms in InitializeSparseNdw; 0ms in InitializeTheta; 0ms in CreateRegularizerAgents; 157ms in InferThetaAndUpdateNwtSparse; 4ms in CalculateScore(sparsity_theta_score); 43ms in CalculateScore(^^^ItemsProcessedScore^^^); ]
I1005 20:11:41.410718 29138944 processor.cc:740] No data in processing queue, waiting...
I1005 20:11:41.657382 28065792 processor.cc:925] Processor: complete processing batch 7bd3121e-fe96-4fbc-930e-80057f8f7861 into model nwt
I1005 20:11:41.663149 28065792 cuckoo_watch.h:45] 506ms in ProcessBatch(lectures_batches/aaaaab.batch) [including 23ms in LoadMessage; 20ms in InitializeSparseNdw; 0ms in InitializeTheta; 0ms in CreateRegularizerAgents; 346ms in InferThetaAndUpdateNwtSparse; 7ms in CalculateScore(sparsity_theta_score); 101ms in CalculateScore(^^^ItemsProcessedScore^^^); ]
I1005 20:11:41.663638 2047873024 master_component.cc:1436] RegularizeModelArgs: rwt_target_name=rwt, pwt_source_name=pwt, nwt_source_name=nwt
I1005 20:11:41.663683 2047873024 master_component.cc:976] MasterComponent: start regularizing model pwt
I1005 20:11:41.687463 28065792 processor.cc:740] No data in processing queue, waiting...
I1005 20:11:41.817123 2047873024 master_component.cc:1002] MasterComponent: complete regularizing model pwt
I1005 20:11:41.817144 2047873024 master_component.cc:1449] NormalizeModelArgs: pwt_target_name=pwt, nwt_source_name=nwt, rwt_source_name=rwt
I1005 20:11:41.817152 2047873024 master_component.cc:1006] MasterComponent: start normalizing model nwt
I1005 20:11:41.893702 2047873024 master_component.cc:1034] MasterComponent: complete normalizing model nwt
I1005 20:11:41.954699 2047873024 master_component.cc:1473] DisposeModel rwt
I1005 20:11:41.972326 2047873024 master_component.cc:1059] FitOffline: ItemsProcessed, num_items=1728, num_batches=2, token_weight=808522, token_weight_in_effect=808522
I1005 20:11:41.972594 2047873024 c_interface.cc:389] Pass FitOfflineMasterModelArgs, batch_filename_size=2, batch_weight_size=2, num_collection_passes=1, reset_nwt=yes to MN4artm4core15MasterComponentEFvRKNS_25FitOfflineMasterModelArgsEE
I1005 20:11:41.972606 2047873024 master_component.cc:1398] ProcessBatchesArgs: nwt_target_name=nwt, batch_filename_size=2, batch_size=0, batch_weight_size=2, pwt_source_name=pwt, num_document_passes=10, regularizer=(name:SmoothSparsePhi, tau:100000), regularizer=(name:SmoothSparcePhi_sbj, tau:-100000), class=(text:1), class=(author:1), reuse_theta=no, opt_for_avx=yes, predict_class_id=, reset_nwt=yes
I1005 20:11:41.990330 29138944 processor.cc:747] Processing queue has data, processing started
I1005 20:11:41.990340 25919488 processor.cc:747] Processing queue has data, processing started
I1005 20:11:42.003989 29138944 processor.cc:820] Processor: start processing batch 9edcad93-fc16-44ef-babc-2bfdcae8eb5f into model nwt
I1005 20:11:42.014490 25919488 processor.cc:820] Processor: start processing batch 7bd3121e-fe96-4fbc-930e-80057f8f7861 into model nwt
I1005 20:11:42.223523 29138944 processor.cc:925] Processor: complete processing batch 9edcad93-fc16-44ef-babc-2bfdcae8eb5f into model nwt
I1005 20:11:42.226976 29138944 cuckoo_watch.h:45] 236ms in ProcessBatch(lectures_batches/aaaaaa.batch) [including 13ms in LoadMessage; 7ms in InitializeSparseNdw; 0ms in InitializeTheta; 0ms in CreateRegularizerAgents; 163ms in InferThetaAndUpdateNwtSparse; 4ms in CalculateScore(sparsity_theta_score); 43ms in CalculateScore(^^^ItemsProcessedScore^^^); ]
I1005 20:11:42.250627 29138944 processor.cc:740] No data in processing queue, waiting...
I1005 20:11:42.523794 25919488 processor.cc:925] Processor: complete processing batch 7bd3121e-fe96-4fbc-930e-80057f8f7861 into model nwt
I1005 20:11:42.529657 25919488 cuckoo_watch.h:45] 539ms in ProcessBatch(lectures_batches/aaaaab.batch) [including 24ms in LoadMessage; 21ms in InitializeSparseNdw; 0ms in InitializeTheta; 0ms in CreateRegularizerAgents; 367ms in InferThetaAndUpdateNwtSparse; 5ms in CalculateScore(sparsity_theta_score); 114ms in CalculateScore(^^^ItemsProcessedScore^^^); ]
I1005 20:11:42.529801 2047873024 master_component.cc:1436] RegularizeModelArgs: rwt_target_name=rwt, pwt_source_name=pwt, nwt_source_name=nwt
I1005 20:11:42.529826 2047873024 master_component.cc:976] MasterComponent: start regularizing model pwt
I1005 20:11:42.551278 25919488 processor.cc:740] No data in processing queue, waiting...
I1005 20:11:42.695812 2047873024 master_component.cc:1002] MasterComponent: complete regularizing model pwt
I1005 20:11:42.695832 2047873024 master_component.cc:1449] NormalizeModelArgs: pwt_target_name=pwt, nwt_source_name=nwt, rwt_source_name=rwt
I1005 20:11:42.695839 2047873024 master_component.cc:1006] MasterComponent: start normalizing model nwt
I1005 20:11:42.777695 2047873024 master_component.cc:1034] MasterComponent: complete normalizing model nwt
I1005 20:11:42.842883 2047873024 master_component.cc:1473] DisposeModel rwt
I1005 20:11:42.867557 2047873024 master_component.cc:1059] FitOffline: ItemsProcessed, num_items=1728, num_batches=2, token_weight=808522, token_weight_in_effect=808522
I1005 20:11:42.867825 2047873024 c_interface.cc:389] Pass FitOfflineMasterModelArgs, batch_filename_size=2, batch_weight_size=2, num_collection_passes=1, reset_nwt=yes to MN4artm4core15MasterComponentEFvRKNS_25FitOfflineMasterModelArgsEE
I1005 20:11:42.867842 2047873024 master_component.cc:1398] ProcessBatchesArgs: nwt_target_name=nwt, batch_filename_size=2, batch_size=0, batch_weight_size=2, pwt_source_name=pwt, num_document_passes=10, regularizer=(name:SmoothSparsePhi, tau:100000), regularizer=(name:SmoothSparcePhi_sbj, tau:-100000), class=(text:1), class=(author:1), reuse_theta=no, opt_for_avx=yes, predict_class_id=, reset_nwt=yes
I1005 20:11:42.888392 27529216 processor.cc:747] Processing queue has data, processing started
I1005 20:11:42.888411 29138944 processor.cc:747] Processing queue has data, processing started
I1005 20:11:42.903120 27529216 processor.cc:820] Processor: start processing batch 9edcad93-fc16-44ef-babc-2bfdcae8eb5f into model nwt
I1005 20:11:42.913024 29138944 processor.cc:820] Processor: start processing batch 7bd3121e-fe96-4fbc-930e-80057f8f7861 into model nwt
I1005 20:11:43.123667 27529216 processor.cc:925] Processor: complete processing batch 9edcad93-fc16-44ef-babc-2bfdcae8eb5f into model nwt
I1005 20:11:43.127573 27529216 cuckoo_watch.h:45] 239ms in ProcessBatch(lectures_batches/aaaaaa.batch) [including 14ms in LoadMessage; 7ms in InitializeSparseNdw; 0ms in InitializeTheta; 0ms in CreateRegularizerAgents; 158ms in InferThetaAndUpdateNwtSparse; 4ms in CalculateScore(sparsity_theta_score); 49ms in CalculateScore(^^^ItemsProcessedScore^^^); ]
I1005 20:11:43.151320 27529216 processor.cc:740] No data in processing queue, waiting...
I1005 20:11:43.400161 29138944 processor.cc:925] Processor: complete processing batch 7bd3121e-fe96-4fbc-930e-80057f8f7861 into model nwt
I1005 20:11:43.405678 29138944 cuckoo_watch.h:45] 517ms in ProcessBatch(lectures_batches/aaaaab.batch) [including 24ms in LoadMessage; 17ms in InitializeSparseNdw; 0ms in InitializeTheta; 0ms in CreateRegularizerAgents; 356ms in InferThetaAndUpdateNwtSparse; 5ms in CalculateScore(sparsity_theta_score); 106ms in CalculateScore(^^^ItemsProcessedScore^^^); ]
I1005 20:11:43.407099 2047873024 master_component.cc:1436] RegularizeModelArgs: rwt_target_name=rwt, pwt_source_name=pwt, nwt_source_name=nwt
I1005 20:11:43.407150 2047873024 master_component.cc:976] MasterComponent: start regularizing model pwt
I1005 20:11:43.430155 29138944 processor.cc:740] No data in processing queue, waiting...
I1005 20:11:43.574061 2047873024 master_component.cc:1002] MasterComponent: complete regularizing model pwt
I1005 20:11:43.574082 2047873024 master_component.cc:1449] NormalizeModelArgs: pwt_target_name=pwt, nwt_source_name=nwt, rwt_source_name=rwt
I1005 20:11:43.574090 2047873024 master_component.cc:1006] MasterComponent: start normalizing model nwt
I1005 20:11:43.655867 2047873024 master_component.cc:1034] MasterComponent: complete normalizing model nwt
I1005 20:11:43.721954 2047873024 master_component.cc:1473] DisposeModel rwt
I1005 20:11:43.740463 2047873024 master_component.cc:1059] FitOffline: ItemsProcessed, num_items=1728, num_batches=2, token_weight=808522, token_weight_in_effect=808522
I1005 20:11:43.740708 2047873024 c_interface.cc:389] Pass FitOfflineMasterModelArgs, batch_filename_size=2, batch_weight_size=2, num_collection_passes=1, reset_nwt=yes to MN4artm4core15MasterComponentEFvRKNS_25FitOfflineMasterModelArgsEE
I1005 20:11:43.740723 2047873024 master_component.cc:1398] ProcessBatchesArgs: nwt_target_name=nwt, batch_filename_size=2, batch_size=0, batch_weight_size=2, pwt_source_name=pwt, num_document_passes=10, regularizer=(name:SmoothSparsePhi, tau:100000), regularizer=(name:SmoothSparcePhi_sbj, tau:-100000), class=(text:1), class=(author:1), reuse_theta=no, opt_for_avx=yes, predict_class_id=, reset_nwt=yes
I1005 20:11:43.758503 29675520 processor.cc:747] Processing queue has data, processing started
I1005 20:11:43.758692 25919488 processor.cc:747] Processing queue has data, processing started
I1005 20:11:43.771760 29675520 processor.cc:820] Processor: start processing batch 9edcad93-fc16-44ef-babc-2bfdcae8eb5f into model nwt
I1005 20:11:43.782702 25919488 processor.cc:820] Processor: start processing batch 7bd3121e-fe96-4fbc-930e-80057f8f7861 into model nwt
I1005 20:11:44.001910 29675520 processor.cc:925] Processor: complete processing batch 9edcad93-fc16-44ef-babc-2bfdcae8eb5f into model nwt
I1005 20:11:44.005724 29675520 cuckoo_watch.h:45] 247ms in ProcessBatch(lectures_batches/aaaaaa.batch) [including 13ms in LoadMessage; 8ms in InitializeSparseNdw; 0ms in InitializeTheta; 0ms in CreateRegularizerAgents; 168ms in InferThetaAndUpdateNwtSparse; 4ms in CalculateScore(sparsity_theta_score); 47ms in CalculateScore(^^^ItemsProcessedScore^^^); ]
I1005 20:11:44.029767 29675520 processor.cc:740] No data in processing queue, waiting...
I1005 20:11:44.284189 25919488 processor.cc:925] Processor: complete processing batch 7bd3121e-fe96-4fbc-930e-80057f8f7861 into model nwt
I1005 20:11:44.290750 25919488 cuckoo_watch.h:45] 532ms in ProcessBatch(lectures_batches/aaaaab.batch) [including 23ms in LoadMessage; 20ms in InitializeSparseNdw; 0ms in InitializeTheta; 0ms in CreateRegularizerAgents; 367ms in InferThetaAndUpdateNwtSparse; 7ms in CalculateScore(sparsity_theta_score); 106ms in CalculateScore(^^^ItemsProcessedScore^^^); ]
I1005 20:11:44.291790 2047873024 master_component.cc:1436] RegularizeModelArgs: rwt_target_name=rwt, pwt_source_name=pwt, nwt_source_name=nwt
I1005 20:11:44.291824 2047873024 master_component.cc:976] MasterComponent: start regularizing model pwt
I1005 20:11:44.314772 25919488 processor.cc:740] No data in processing queue, waiting...
I1005 20:11:44.458894 2047873024 master_component.cc:1002] MasterComponent: complete regularizing model pwt
I1005 20:11:44.458943 2047873024 master_component.cc:1449] NormalizeModelArgs: pwt_target_name=pwt, nwt_source_name=nwt, rwt_source_name=rwt
I1005 20:11:44.458951 2047873024 master_component.cc:1006] MasterComponent: start normalizing model nwt
I1005 20:11:44.546257 2047873024 master_component.cc:1034] MasterComponent: complete normalizing model nwt
I1005 20:11:44.618825 2047873024 master_component.cc:1473] DisposeModel rwt
I1005 20:11:44.641530 2047873024 master_component.cc:1059] FitOffline: ItemsProcessed, num_items=1728, num_batches=2, token_weight=808522, token_weight_in_effect=808522
I1005 20:11:44.641763 2047873024 c_interface.cc:389] Pass FitOfflineMasterModelArgs, batch_filename_size=2, batch_weight_size=2, num_collection_passes=1, reset_nwt=yes to MN4artm4core15MasterComponentEFvRKNS_25FitOfflineMasterModelArgsEE
I1005 20:11:44.641775 2047873024 master_component.cc:1398] ProcessBatchesArgs: nwt_target_name=nwt, batch_filename_size=2, batch_size=0, batch_weight_size=2, pwt_source_name=pwt, num_document_passes=10, regularizer=(name:SmoothSparsePhi, tau:100000), regularizer=(name:SmoothSparcePhi_sbj, tau:-100000), class=(text:1), class=(author:1), reuse_theta=no, opt_for_avx=yes, predict_class_id=, reset_nwt=yes
I1005 20:11:44.661782 26992640 processor.cc:747] Processing queue has data, processing started
I1005 20:11:44.661792 27529216 processor.cc:747] Processing queue has data, processing started
I1005 20:11:44.675240 26992640 processor.cc:820] Processor: start processing batch 9edcad93-fc16-44ef-babc-2bfdcae8eb5f into model nwt
I1005 20:11:44.686461 27529216 processor.cc:820] Processor: start processing batch 7bd3121e-fe96-4fbc-930e-80057f8f7861 into model nwt
I1005 20:11:44.906775 26992640 processor.cc:925] Processor: complete processing batch 9edcad93-fc16-44ef-babc-2bfdcae8eb5f into model nwt
I1005 20:11:44.910614 26992640 cuckoo_watch.h:45] 248ms in ProcessBatch(lectures_batches/aaaaaa.batch) [including 13ms in LoadMessage; 8ms in InitializeSparseNdw; 0ms in InitializeTheta; 0ms in CreateRegularizerAgents; 170ms in InferThetaAndUpdateNwtSparse; 4ms in CalculateScore(sparsity_theta_score); 48ms in CalculateScore(^^^ItemsProcessedScore^^^); ]
I1005 20:11:44.934800 26992640 processor.cc:740] No data in processing queue, waiting...
I1005 20:11:45.191915 27529216 processor.cc:925] Processor: complete processing batch 7bd3121e-fe96-4fbc-930e-80057f8f7861 into model nwt
I1005 20:11:45.198853 27529216 cuckoo_watch.h:45] 537ms in ProcessBatch(lectures_batches/aaaaab.batch) [including 24ms in LoadMessage; 19ms in InitializeSparseNdw; 0ms in InitializeTheta; 0ms in CreateRegularizerAgents; 369ms in InferThetaAndUpdateNwtSparse; 7ms in CalculateScore(sparsity_theta_score); 109ms in CalculateScore(^^^ItemsProcessedScore^^^); ]
I1005 20:11:45.199441 2047873024 master_component.cc:1436] RegularizeModelArgs: rwt_target_name=rwt, pwt_source_name=pwt, nwt_source_name=nwt
I1005 20:11:45.199483 2047873024 master_component.cc:976] MasterComponent: start regularizing model pwt
I1005 20:11:45.222760 27529216 processor.cc:740] No data in processing queue, waiting...
I1005 20:11:45.372413 2047873024 master_component.cc:1002] MasterComponent: complete regularizing model pwt
I1005 20:11:45.372437 2047873024 master_component.cc:1449] NormalizeModelArgs: pwt_target_name=pwt, nwt_source_name=nwt, rwt_source_name=rwt
I1005 20:11:45.372445 2047873024 master_component.cc:1006] MasterComponent: start normalizing model nwt
I1005 20:11:45.454879 2047873024 master_component.cc:1034] MasterComponent: complete normalizing model nwt
I1005 20:11:45.526329 2047873024 master_component.cc:1473] DisposeModel rwt
I1005 20:11:45.548280 2047873024 master_component.cc:1059] FitOffline: ItemsProcessed, num_items=1728, num_batches=2, token_weight=808522, token_weight_in_effect=808522
I1005 20:11:45.548578 2047873024 c_interface.cc:389] Pass FitOfflineMasterModelArgs, batch_filename_size=2, batch_weight_size=2, num_collection_passes=1, reset_nwt=yes to MN4artm4core15MasterComponentEFvRKNS_25FitOfflineMasterModelArgsEE
I1005 20:11:45.548593 2047873024 master_component.cc:1398] ProcessBatchesArgs: nwt_target_name=nwt, batch_filename_size=2, batch_size=0, batch_weight_size=2, pwt_source_name=pwt, num_document_passes=10, regularizer=(name:SmoothSparsePhi, tau:100000), regularizer=(name:SmoothSparcePhi_sbj, tau:-100000), class=(text:1), class=(author:1), reuse_theta=no, opt_for_avx=yes, predict_class_id=, reset_nwt=yes
I1005 20:11:45.570703 28065792 processor.cc:747] Processing queue has data, processing started
I1005 20:11:45.570709 29138944 processor.cc:747] Processing queue has data, processing started
I1005 20:11:45.584461 28065792 processor.cc:820] Processor: start processing batch 9edcad93-fc16-44ef-babc-2bfdcae8eb5f into model nwt
I1005 20:11:45.595314 29138944 processor.cc:820] Processor: start processing batch 7bd3121e-fe96-4fbc-930e-80057f8f7861 into model nwt
I1005 20:11:45.831199 28065792 processor.cc:925] Processor: complete processing batch 9edcad93-fc16-44ef-babc-2bfdcae8eb5f into model nwt
I1005 20:11:45.835005 28065792 cuckoo_watch.h:45] 264ms in ProcessBatch(lectures_batches/aaaaaa.batch) [including 13ms in LoadMessage; 8ms in InitializeSparseNdw; 0ms in InitializeTheta; 0ms in CreateRegularizerAgents; 185ms in InferThetaAndUpdateNwtSparse; 4ms in CalculateScore(sparsity_theta_score); 48ms in CalculateScore(^^^ItemsProcessedScore^^^); ]
I1005 20:11:45.859091 28065792 processor.cc:740] No data in processing queue, waiting...
I1005 20:11:46.085384 29138944 processor.cc:925] Processor: complete processing batch 7bd3121e-fe96-4fbc-930e-80057f8f7861 into model nwt
I1005 20:11:46.091372 29138944 cuckoo_watch.h:45] 520ms in ProcessBatch(lectures_batches/aaaaab.batch) [including 24ms in LoadMessage; 21ms in InitializeSparseNdw; 0ms in InitializeTheta; 0ms in CreateRegularizerAgents; 356ms in InferThetaAndUpdateNwtSparse; 5ms in CalculateScore(sparsity_theta_score); 106ms in CalculateScore(^^^ItemsProcessedScore^^^); ]
I1005 20:11:46.091490 2047873024 master_component.cc:1436] RegularizeModelArgs: rwt_target_name=rwt, pwt_source_name=pwt, nwt_source_name=nwt
I1005 20:11:46.091506 2047873024 master_component.cc:976] MasterComponent: start regularizing model pwt
I1005 20:11:46.115622 29138944 processor.cc:740] No data in processing queue, waiting...
I1005 20:11:46.255827 2047873024 master_component.cc:1002] MasterComponent: complete regularizing model pwt
I1005 20:11:46.255846 2047873024 master_component.cc:1449] NormalizeModelArgs: pwt_target_name=pwt, nwt_source_name=nwt, rwt_source_name=rwt
I1005 20:11:46.255853 2047873024 master_component.cc:1006] MasterComponent: start normalizing model nwt
I1005 20:11:46.343845 2047873024 master_component.cc:1034] MasterComponent: complete normalizing model nwt
I1005 20:11:46.413219 2047873024 master_component.cc:1473] DisposeModel rwt
I1005 20:11:46.435679 2047873024 master_component.cc:1059] FitOffline: ItemsProcessed, num_items=1728, num_batches=2, token_weight=808522, token_weight_in_effect=808522
I1005 20:11:46.435920 2047873024 c_interface.cc:389] Pass FitOfflineMasterModelArgs, batch_filename_size=2, batch_weight_size=2, num_collection_passes=1, reset_nwt=yes to MN4artm4core15MasterComponentEFvRKNS_25FitOfflineMasterModelArgsEE
I1005 20:11:46.435932 2047873024 master_component.cc:1398] ProcessBatchesArgs: nwt_target_name=nwt, batch_filename_size=2, batch_size=0, batch_weight_size=2, pwt_source_name=pwt, num_document_passes=10, regularizer=(name:SmoothSparsePhi, tau:100000), regularizer=(name:SmoothSparcePhi_sbj, tau:-100000), class=(text:1), class=(author:1), reuse_theta=no, opt_for_avx=yes, predict_class_id=, reset_nwt=yes
I1005 20:11:46.454874 29675520 processor.cc:747] Processing queue has data, processing started
I1005 20:11:46.454869 28602368 processor.cc:747] Processing queue has data, processing started
I1005 20:11:46.468336 28602368 processor.cc:820] Processor: start processing batch 9edcad93-fc16-44ef-babc-2bfdcae8eb5f into model nwt
I1005 20:11:46.478309 29675520 processor.cc:820] Processor: start processing batch 7bd3121e-fe96-4fbc-930e-80057f8f7861 into model nwt
I1005 20:11:46.688972 28602368 processor.cc:925] Processor: complete processing batch 9edcad93-fc16-44ef-babc-2bfdcae8eb5f into model nwt
I1005 20:11:46.692719 28602368 cuckoo_watch.h:45] 237ms in ProcessBatch(lectures_batches/aaaaaa.batch) [including 13ms in LoadMessage; 7ms in InitializeSparseNdw; 0ms in InitializeTheta; 0ms in CreateRegularizerAgents; 164ms in InferThetaAndUpdateNwtSparse; 3ms in CalculateScore(sparsity_theta_score); 45ms in CalculateScore(^^^ItemsProcessedScore^^^); ]
I1005 20:11:46.717005 28602368 processor.cc:740] No data in processing queue, waiting...
I1005 20:11:46.968024 29675520 processor.cc:925] Processor: complete processing batch 7bd3121e-fe96-4fbc-930e-80057f8f7861 into model nwt
I1005 20:11:46.974174 29675520 cuckoo_watch.h:45] 519ms in ProcessBatch(lectures_batches/aaaaab.batch) [including 23ms in LoadMessage; 19ms in InitializeSparseNdw; 0ms in InitializeTheta; 0ms in CreateRegularizerAgents; 361ms in InferThetaAndUpdateNwtSparse; 6ms in CalculateScore(sparsity_theta_score); 102ms in CalculateScore(^^^ItemsProcessedScore^^^); ]
I1005 20:11:46.974979 2047873024 master_component.cc:1436] RegularizeModelArgs: rwt_target_name=rwt, pwt_source_name=pwt, nwt_source_name=nwt
I1005 20:11:46.975010 2047873024 master_component.cc:976] MasterComponent: start regularizing model pwt
I1005 20:11:46.997875 29675520 processor.cc:740] No data in processing queue, waiting...
I1005 20:11:47.141368 2047873024 master_component.cc:1002] MasterComponent: complete regularizing model pwt
I1005 20:11:47.141388 2047873024 master_component.cc:1449] NormalizeModelArgs: pwt_target_name=pwt, nwt_source_name=nwt, rwt_source_name=rwt
I1005 20:11:47.141396 2047873024 master_component.cc:1006] MasterComponent: start normalizing model nwt
I1005 20:11:47.216574 2047873024 master_component.cc:1034] MasterComponent: complete normalizing model nwt
I1005 20:11:47.277711 2047873024 master_component.cc:1473] DisposeModel rwt
I1005 20:11:47.299705 2047873024 master_component.cc:1059] FitOffline: ItemsProcessed, num_items=1728, num_batches=2, token_weight=808522, token_weight_in_effect=808522
I1005 20:11:47.299962 2047873024 c_interface.cc:389] Pass FitOfflineMasterModelArgs, batch_filename_size=2, batch_weight_size=2, num_collection_passes=1, reset_nwt=yes to MN4artm4core15MasterComponentEFvRKNS_25FitOfflineMasterModelArgsEE
I1005 20:11:47.299978 2047873024 master_component.cc:1398] ProcessBatchesArgs: nwt_target_name=nwt, batch_filename_size=2, batch_size=0, batch_weight_size=2, pwt_source_name=pwt, num_document_passes=10, regularizer=(name:SmoothSparsePhi, tau:100000), regularizer=(name:SmoothSparcePhi_sbj, tau:-100000), class=(text:1), class=(author:1), reuse_theta=no, opt_for_avx=yes, predict_class_id=, reset_nwt=yes
I1005 20:11:47.319660 29138944 processor.cc:747] Processing queue has data, processing started
I1005 20:11:47.319651 26456064 processor.cc:747] Processing queue has data, processing started
I1005 20:11:47.332823 26456064 processor.cc:820] Processor: start processing batch 9edcad93-fc16-44ef-babc-2bfdcae8eb5f into model nwt
I1005 20:11:47.344358 29138944 processor.cc:820] Processor: start processing batch 7bd3121e-fe96-4fbc-930e-80057f8f7861 into model nwt
I1005 20:11:47.549652 26456064 processor.cc:925] Processor: complete processing batch 9edcad93-fc16-44ef-babc-2bfdcae8eb5f into model nwt
I1005 20:11:47.553653 26456064 cuckoo_watch.h:45] 233ms in ProcessBatch(lectures_batches/aaaaaa.batch) [including 13ms in LoadMessage; 9ms in InitializeSparseNdw; 0ms in InitializeTheta; 0ms in CreateRegularizerAgents; 156ms in InferThetaAndUpdateNwtSparse; 4ms in CalculateScore(sparsity_theta_score); 46ms in CalculateScore(^^^ItemsProcessedScore^^^); ]
I1005 20:11:47.577581 26456064 processor.cc:740] No data in processing queue, waiting...
I1005 20:11:47.813386 29138944 processor.cc:925] Processor: complete processing batch 7bd3121e-fe96-4fbc-930e-80057f8f7861 into model nwt
I1005 20:11:47.818794 29138944 cuckoo_watch.h:45] 499ms in ProcessBatch(lectures_batches/aaaaab.batch) [including 24ms in LoadMessage; 22ms in InitializeSparseNdw; 0ms in InitializeTheta; 0ms in CreateRegularizerAgents; 345ms in InferThetaAndUpdateNwtSparse; 5ms in CalculateScore(sparsity_theta_score); 95ms in CalculateScore(^^^ItemsProcessedScore^^^); ]
I1005 20:11:47.819911 2047873024 master_component.cc:1436] RegularizeModelArgs: rwt_target_name=rwt, pwt_source_name=pwt, nwt_source_name=nwt
I1005 20:11:47.819950 2047873024 master_component.cc:976] MasterComponent: start regularizing model pwt
I1005 20:11:47.843015 29138944 processor.cc:740] No data in processing queue, waiting...
I1005 20:11:47.990891 2047873024 master_component.cc:1002] MasterComponent: complete regularizing model pwt
I1005 20:11:47.990911 2047873024 master_component.cc:1449] NormalizeModelArgs: pwt_target_name=pwt, nwt_source_name=nwt, rwt_source_name=rwt
I1005 20:11:47.990917 2047873024 master_component.cc:1006] MasterComponent: start normalizing model nwt
I1005 20:11:48.071020 2047873024 master_component.cc:1034] MasterComponent: complete normalizing model nwt
I1005 20:11:48.134064 2047873024 master_component.cc:1473] DisposeModel rwt
I1005 20:11:48.157104 2047873024 master_component.cc:1059] FitOffline: ItemsProcessed, num_items=1728, num_batches=2, token_weight=808522, token_weight_in_effect=808522
I1005 20:11:48.157395 2047873024 c_interface.cc:389] Pass FitOfflineMasterModelArgs, batch_filename_size=2, batch_weight_size=2, num_collection_passes=1, reset_nwt=yes to MN4artm4core15MasterComponentEFvRKNS_25FitOfflineMasterModelArgsEE
I1005 20:11:48.157413 2047873024 master_component.cc:1398] ProcessBatchesArgs: nwt_target_name=nwt, batch_filename_size=2, batch_size=0, batch_weight_size=2, pwt_source_name=pwt, num_document_passes=10, regularizer=(name:SmoothSparsePhi, tau:100000), regularizer=(name:SmoothSparcePhi_sbj, tau:-100000), class=(text:1), class=(author:1), reuse_theta=no, opt_for_avx=yes, predict_class_id=, reset_nwt=yes
I1005 20:11:48.179430 25919488 processor.cc:747] Processing queue has data, processing started
I1005 20:11:48.179426 26456064 processor.cc:747] Processing queue has data, processing started
I1005 20:11:48.194649 26456064 processor.cc:820] Processor: start processing batch 9edcad93-fc16-44ef-babc-2bfdcae8eb5f into model nwt
I1005 20:11:48.205202 25919488 processor.cc:820] Processor: start processing batch 7bd3121e-fe96-4fbc-930e-80057f8f7861 into model nwt
I1005 20:11:48.427737 26456064 processor.cc:925] Processor: complete processing batch 9edcad93-fc16-44ef-babc-2bfdcae8eb5f into model nwt
I1005 20:11:48.431411 26456064 cuckoo_watch.h:45] 251ms in ProcessBatch(lectures_batches/aaaaaa.batch) [including 15ms in LoadMessage; 8ms in InitializeSparseNdw; 0ms in InitializeTheta; 0ms in CreateRegularizerAgents; 170ms in InferThetaAndUpdateNwtSparse; 3ms in CalculateScore(sparsity_theta_score); 50ms in CalculateScore(^^^ItemsProcessedScore^^^); ]
I1005 20:11:48.455816 26456064 processor.cc:740] No data in processing queue, waiting...
I1005 20:11:48.704279 25919488 processor.cc:925] Processor: complete processing batch 7bd3121e-fe96-4fbc-930e-80057f8f7861 into model nwt
I1005 20:11:48.711611 25919488 cuckoo_watch.h:45] 532ms in ProcessBatch(lectures_batches/aaaaab.batch) [including 25ms in LoadMessage; 19ms in InitializeSparseNdw; 0ms in InitializeTheta; 0ms in CreateRegularizerAgents; 371ms in InferThetaAndUpdateNwtSparse; 5ms in CalculateScore(sparsity_theta_score); 102ms in CalculateScore(^^^ItemsProcessedScore^^^); ]
I1005 20:11:48.712558 2047873024 master_component.cc:1436] RegularizeModelArgs: rwt_target_name=rwt, pwt_source_name=pwt, nwt_source_name=nwt
I1005 20:11:48.712594 2047873024 master_component.cc:976] MasterComponent: start regularizing model pwt
I1005 20:11:48.735337 25919488 processor.cc:740] No data in processing queue, waiting...
I1005 20:11:48.879197 2047873024 master_component.cc:1002] MasterComponent: complete regularizing model pwt
I1005 20:11:48.879218 2047873024 master_component.cc:1449] NormalizeModelArgs: pwt_target_name=pwt, nwt_source_name=nwt, rwt_source_name=rwt
I1005 20:11:48.879225 2047873024 master_component.cc:1006] MasterComponent: start normalizing model nwt
I1005 20:11:48.965266 2047873024 master_component.cc:1034] MasterComponent: complete normalizing model nwt
I1005 20:11:49.038869 2047873024 master_component.cc:1473] DisposeModel rwt
I1005 20:11:49.057970 2047873024 master_component.cc:1059] FitOffline: ItemsProcessed, num_items=1728, num_batches=2, token_weight=808522, token_weight_in_effect=808522
I1005 20:11:49.058234 2047873024 c_interface.cc:389] Pass FitOfflineMasterModelArgs, batch_filename_size=2, batch_weight_size=2, num_collection_passes=1, reset_nwt=yes to MN4artm4core15MasterComponentEFvRKNS_25FitOfflineMasterModelArgsEE
I1005 20:11:49.058250 2047873024 master_component.cc:1398] ProcessBatchesArgs: nwt_target_name=nwt, batch_filename_size=2, batch_size=0, batch_weight_size=2, pwt_source_name=pwt, num_document_passes=10, regularizer=(name:SmoothSparsePhi, tau:100000), regularizer=(name:SmoothSparcePhi_sbj, tau:-100000), class=(text:1), class=(author:1), reuse_theta=no, opt_for_avx=yes, predict_class_id=, reset_nwt=yes
I1005 20:11:49.080451 28065792 processor.cc:747] Processing queue has data, processing started
I1005 20:11:49.080462 29138944 processor.cc:747] Processing queue has data, processing started
I1005 20:11:49.095139 28065792 processor.cc:820] Processor: start processing batch 9edcad93-fc16-44ef-babc-2bfdcae8eb5f into model nwt
I1005 20:11:49.105046 29138944 processor.cc:820] Processor: start processing batch 7bd3121e-fe96-4fbc-930e-80057f8f7861 into model nwt
I1005 20:11:49.318754 28065792 processor.cc:925] Processor: complete processing batch 9edcad93-fc16-44ef-babc-2bfdcae8eb5f into model nwt
I1005 20:11:49.322392 28065792 cuckoo_watch.h:45] 241ms in ProcessBatch(lectures_batches/aaaaaa.batch) [including 14ms in LoadMessage; 7ms in InitializeSparseNdw; 0ms in InitializeTheta; 0ms in CreateRegularizerAgents; 164ms in InferThetaAndUpdateNwtSparse; 3ms in CalculateScore(sparsity_theta_score); 47ms in CalculateScore(^^^ItemsProcessedScore^^^); ]
I1005 20:11:49.346549 28065792 processor.cc:740] No data in processing queue, waiting...
I1005 20:11:49.594481 29138944 processor.cc:925] Processor: complete processing batch 7bd3121e-fe96-4fbc-930e-80057f8f7861 into model nwt
I1005 20:11:49.600092 29138944 cuckoo_watch.h:45] 519ms in ProcessBatch(lectures_batches/aaaaab.batch) [including 24ms in LoadMessage; 18ms in InitializeSparseNdw; 0ms in InitializeTheta; 0ms in CreateRegularizerAgents; 359ms in InferThetaAndUpdateNwtSparse; 5ms in CalculateScore(sparsity_theta_score); 105ms in CalculateScore(^^^ItemsProcessedScore^^^); ]
I1005 20:11:49.601209 2047873024 master_component.cc:1436] RegularizeModelArgs: rwt_target_name=rwt, pwt_source_name=pwt, nwt_source_name=nwt
I1005 20:11:49.601245 2047873024 master_component.cc:976] MasterComponent: start regularizing model pwt
I1005 20:11:49.624148 29138944 processor.cc:740] No data in processing queue, waiting...
I1005 20:11:49.778640 2047873024 master_component.cc:1002] MasterComponent: complete regularizing model pwt
I1005 20:11:49.778659 2047873024 master_component.cc:1449] NormalizeModelArgs: pwt_target_name=pwt, nwt_source_name=nwt, rwt_source_name=rwt
I1005 20:11:49.778666 2047873024 master_component.cc:1006] MasterComponent: start normalizing model nwt
I1005 20:11:49.861696 2047873024 master_component.cc:1034] MasterComponent: complete normalizing model nwt
I1005 20:11:49.930742 2047873024 master_component.cc:1473] DisposeModel rwt
I1005 20:11:49.950692 2047873024 master_component.cc:1059] FitOffline: ItemsProcessed, num_items=1728, num_batches=2, token_weight=808522, token_weight_in_effect=808522
I1005 20:11:49.958196 2047873024 c_interface.cc:231] ArtmCopyRequestedMessage is copying 2357 bytes...
I1005 20:11:49.976579 2047873024 c_interface.cc:231] ArtmCopyRequestedMessage is copying 2255 bytes...
I1005 20:12:33.704335 2047873024 c_interface.cc:231] ArtmCopyRequestedMessage is copying 2255 bytes...
I1005 20:12:39.287483 2047873024 c_interface.cc:231] ArtmCopyRequestedMessage is copying 2357 bytes...
I1005 20:14:05.839788 2047873024 c_interface.cc:375] Pass dictionary to MN4artm4core15MasterComponentEFvRKNSt3__112basic_stringIcNS2_11char_traitsIcEENS2_9allocatorIcEEEEE
I1005 20:14:05.846657 2047873024 c_interface.cc:339] Disposing MasterComponent (id=3)...
I1005 20:14:05.846886 29675520 processor.cc:732] Processor thread stopped
I1005 20:14:05.846897 29675520 processor.cc:733] Total number of processed batches: 16
I1005 20:14:05.848208 29138944 processor.cc:732] Processor thread stopped
I1005 20:14:05.848223 29138944 processor.cc:733] Total number of processed batches: 19
I1005 20:14:05.849499 28602368 processor.cc:732] Processor thread stopped
I1005 20:14:05.849514 28602368 processor.cc:733] Total number of processed batches: 9
I1005 20:14:05.850625 28065792 processor.cc:732] Processor thread stopped
I1005 20:14:05.850651 28065792 processor.cc:733] Total number of processed batches: 12
I1005 20:14:05.851874 27529216 processor.cc:732] Processor thread stopped
I1005 20:14:05.851905 27529216 processor.cc:733] Total number of processed batches: 14
I1005 20:14:05.853189 26992640 processor.cc:732] Processor thread stopped
I1005 20:14:05.853221 26992640 processor.cc:733] Total number of processed batches: 13
I1005 20:14:05.854341 26456064 processor.cc:732] Processor thread stopped
I1005 20:14:05.854378 26456064 processor.cc:733] Total number of processed batches: 13
I1005 20:14:05.855728 25919488 processor.cc:732] Processor thread stopped
I1005 20:14:05.855764 25919488 processor.cc:733] Total number of processed batches: 14
I1005 20:14:05.908102 2047873024 c_interface.cc:339] Disposing MasterComponent (id=2)...
I1005 20:14:05.908419 2047873024 c_interface.cc:375] Pass 11523ed6-9fe2-4b53-97a5-1b821a8a2d1d to MN4artm4core15MasterComponentEFvRKNSt3__112basic_stringIcNS2_11char_traitsIcEENS2_9allocatorIcEEEEE
I1005 20:14:05.915859 2047873024 c_interface.cc:339] Disposing MasterComponent (id=1)...
