I1005 21:19:12.852608 26992640 processor.cc:740] No data in processing queue, waiting...
I1005 21:19:12.987167 23773184 processor.cc:925] Processor: complete processing batch b9d30a3d-854c-45de-99e2-a3024e15e2e9 into model nwt
I1005 21:19:12.993804 23773184 cuckoo_watch.h:45] 331ms in ProcessBatch(lectures_batches/aaaaab.batch) [including 24ms in LoadMessage; 21ms in InitializeSparseNdw; 0ms in FindReuseThetaCacheEntry; 4ms in InitializeTheta; 0ms in CreateRegularizerAgents; 170ms in InferThetaAndUpdateNwtSparse; 0ms in UpdateCacheEntry; 4ms in CalculateScore(sparsity_theta_score); 99ms in CalculateScore(^^^ItemsProcessedScore^^^); ]
I1005 21:19:12.994298 2047873024 master_component.cc:1436] RegularizeModelArgs: rwt_target_name=rwt, pwt_source_name=pwt, nwt_source_name=nwt
I1005 21:19:12.994328 2047873024 master_component.cc:976] MasterComponent: start regularizing model pwt
I1005 21:19:13.017204 23773184 processor.cc:740] No data in processing queue, waiting...
I1005 21:19:13.113651 2047873024 master_component.cc:1002] MasterComponent: complete regularizing model pwt
I1005 21:19:13.113674 2047873024 master_component.cc:1449] NormalizeModelArgs: pwt_target_name=pwt, nwt_source_name=nwt, rwt_source_name=rwt
I1005 21:19:13.113683 2047873024 master_component.cc:1006] MasterComponent: start normalizing model nwt
I1005 21:19:13.179292 2047873024 master_component.cc:1034] MasterComponent: complete normalizing model nwt
I1005 21:19:13.286794 2047873024 master_component.cc:1473] DisposeModel rwt
I1005 21:19:13.303109 2047873024 master_component.cc:1059] FitOffline: ItemsProcessed, num_items=1728, num_batches=2, token_weight=808522, token_weight_in_effect=808522
I1005 21:19:13.303377 2047873024 c_interface.cc:389] Pass FitOfflineMasterModelArgs, batch_filename_size=2, batch_weight_size=2, num_collection_passes=1, reset_nwt=yes to MN4artm4core15MasterComponentEFvRKNS_25FitOfflineMasterModelArgsEE
I1005 21:19:13.303392 2047873024 master_component.cc:1398] ProcessBatchesArgs: nwt_target_name=nwt, batch_filename_size=2, batch_size=0, batch_weight_size=2, pwt_source_name=pwt, num_document_passes=1, regularizer=(name:SmoothSparsePhi_bcg, tau:100000), class=(text:1), class=(author:1), reuse_theta=yes, opt_for_avx=yes, predict_class_id=, reset_nwt=yes
I1005 21:19:13.320792 26456064 processor.cc:747] Processing queue has data, processing started
I1005 21:19:13.320817 23773184 processor.cc:747] Processing queue has data, processing started
I1005 21:19:13.333691 26456064 processor.cc:820] Processor: start processing batch 9c23b95c-f346-4325-b42f-e1077d7eb167 into model nwt
I1005 21:19:13.343996 23773184 processor.cc:820] Processor: start processing batch b9d30a3d-854c-45de-99e2-a3024e15e2e9 into model nwt
I1005 21:19:13.488463 26456064 processor.cc:925] Processor: complete processing batch 9c23b95c-f346-4325-b42f-e1077d7eb167 into model nwt
I1005 21:19:13.492260 26456064 cuckoo_watch.h:45] 171ms in ProcessBatch(lectures_batches/aaaaaa.batch) [including 12ms in LoadMessage; 7ms in InitializeSparseNdw; 0ms in FindReuseThetaCacheEntry; 8ms in InitializeTheta; 0ms in CreateRegularizerAgents; 85ms in InferThetaAndUpdateNwtSparse; 0ms in UpdateCacheEntry; 3ms in CalculateScore(sparsity_theta_score); 48ms in CalculateScore(^^^ItemsProcessedScore^^^); ]
I1005 21:19:13.515977 26456064 processor.cc:740] No data in processing queue, waiting...
I1005 21:19:13.652948 23773184 processor.cc:925] Processor: complete processing batch b9d30a3d-854c-45de-99e2-a3024e15e2e9 into model nwt
I1005 21:19:13.660455 23773184 cuckoo_watch.h:45] 339ms in ProcessBatch(lectures_batches/aaaaab.batch) [including 23ms in LoadMessage; 21ms in InitializeSparseNdw; 0ms in FindReuseThetaCacheEntry; 4ms in InitializeTheta; 0ms in CreateRegularizerAgents; 178ms in InferThetaAndUpdateNwtSparse; 0ms in UpdateCacheEntry; 5ms in CalculateScore(sparsity_theta_score); 99ms in CalculateScore(^^^ItemsProcessedScore^^^); ]
I1005 21:19:13.660989 2047873024 master_component.cc:1436] RegularizeModelArgs: rwt_target_name=rwt, pwt_source_name=pwt, nwt_source_name=nwt
I1005 21:19:13.661042 2047873024 master_component.cc:976] MasterComponent: start regularizing model pwt
I1005 21:19:13.684427 23773184 processor.cc:740] No data in processing queue, waiting...
I1005 21:19:13.776629 2047873024 master_component.cc:1002] MasterComponent: complete regularizing model pwt
I1005 21:19:13.776650 2047873024 master_component.cc:1449] NormalizeModelArgs: pwt_target_name=pwt, nwt_source_name=nwt, rwt_source_name=rwt
I1005 21:19:13.776657 2047873024 master_component.cc:1006] MasterComponent: start normalizing model nwt
I1005 21:19:13.846180 2047873024 master_component.cc:1034] MasterComponent: complete normalizing model nwt
I1005 21:19:13.944500 2047873024 master_component.cc:1473] DisposeModel rwt
I1005 21:19:13.964720 2047873024 master_component.cc:1059] FitOffline: ItemsProcessed, num_items=1728, num_batches=2, token_weight=808522, token_weight_in_effect=808522
I1005 21:19:13.964968 2047873024 c_interface.cc:389] Pass FitOfflineMasterModelArgs, batch_filename_size=2, batch_weight_size=2, num_collection_passes=1, reset_nwt=yes to MN4artm4core15MasterComponentEFvRKNS_25FitOfflineMasterModelArgsEE
I1005 21:19:13.964982 2047873024 master_component.cc:1398] ProcessBatchesArgs: nwt_target_name=nwt, batch_filename_size=2, batch_size=0, batch_weight_size=2, pwt_source_name=pwt, num_document_passes=1, regularizer=(name:SmoothSparsePhi_bcg, tau:100000), class=(text:1), class=(author:1), reuse_theta=yes, opt_for_avx=yes, predict_class_id=, reset_nwt=yes
I1005 21:19:13.983101 27529216 processor.cc:747] Processing queue has data, processing started
I1005 21:19:13.983101 24846336 processor.cc:747] Processing queue has data, processing started
I1005 21:19:13.998740 24846336 processor.cc:820] Processor: start processing batch 9c23b95c-f346-4325-b42f-e1077d7eb167 into model nwt
I1005 21:19:14.011556 27529216 processor.cc:820] Processor: start processing batch b9d30a3d-854c-45de-99e2-a3024e15e2e9 into model nwt
I1005 21:19:14.174338 24846336 processor.cc:925] Processor: complete processing batch 9c23b95c-f346-4325-b42f-e1077d7eb167 into model nwt
I1005 21:19:14.178534 24846336 cuckoo_watch.h:45] 195ms in ProcessBatch(lectures_batches/aaaaaa.batch) [including 15ms in LoadMessage; 11ms in InitializeSparseNdw; 0ms in FindReuseThetaCacheEntry; 10ms in InitializeTheta; 0ms in CreateRegularizerAgents; 95ms in InferThetaAndUpdateNwtSparse; 0ms in UpdateCacheEntry; 3ms in CalculateScore(sparsity_theta_score); 54ms in CalculateScore(^^^ItemsProcessedScore^^^); ]
I1005 21:19:14.201195 24846336 processor.cc:740] No data in processing queue, waiting...
I1005 21:19:14.341275 27529216 processor.cc:925] Processor: complete processing batch b9d30a3d-854c-45de-99e2-a3024e15e2e9 into model nwt
I1005 21:19:14.348260 27529216 cuckoo_watch.h:45] 365ms in ProcessBatch(lectures_batches/aaaaab.batch) [including 28ms in LoadMessage; 26ms in InitializeSparseNdw; 0ms in FindReuseThetaCacheEntry; 4ms in InitializeTheta; 0ms in CreateRegularizerAgents; 185ms in InferThetaAndUpdateNwtSparse; 0ms in UpdateCacheEntry; 5ms in CalculateScore(sparsity_theta_score); 107ms in CalculateScore(^^^ItemsProcessedScore^^^); ]
I1005 21:19:14.348569 2047873024 master_component.cc:1436] RegularizeModelArgs: rwt_target_name=rwt, pwt_source_name=pwt, nwt_source_name=nwt
I1005 21:19:14.348603 2047873024 master_component.cc:976] MasterComponent: start regularizing model pwt
I1005 21:19:14.371110 27529216 processor.cc:740] No data in processing queue, waiting...
I1005 21:19:14.490962 2047873024 master_component.cc:1002] MasterComponent: complete regularizing model pwt
I1005 21:19:14.490980 2047873024 master_component.cc:1449] NormalizeModelArgs: pwt_target_name=pwt, nwt_source_name=nwt, rwt_source_name=rwt
I1005 21:19:14.490988 2047873024 master_component.cc:1006] MasterComponent: start normalizing model nwt
I1005 21:19:14.570638 2047873024 master_component.cc:1034] MasterComponent: complete normalizing model nwt
I1005 21:19:14.665323 2047873024 master_component.cc:1473] DisposeModel rwt
I1005 21:19:14.682711 2047873024 master_component.cc:1059] FitOffline: ItemsProcessed, num_items=1728, num_batches=2, token_weight=808522, token_weight_in_effect=808522
I1005 21:19:14.683053 2047873024 c_interface.cc:389] Pass FitOfflineMasterModelArgs, batch_filename_size=2, batch_weight_size=2, num_collection_passes=1, reset_nwt=yes to MN4artm4core15MasterComponentEFvRKNS_25FitOfflineMasterModelArgsEE
I1005 21:19:14.683086 2047873024 master_component.cc:1398] ProcessBatchesArgs: nwt_target_name=nwt, batch_filename_size=2, batch_size=0, batch_weight_size=2, pwt_source_name=pwt, num_document_passes=1, regularizer=(name:SmoothSparsePhi_bcg, tau:100000), class=(text:1), class=(author:1), reuse_theta=yes, opt_for_avx=yes, predict_class_id=, reset_nwt=yes
I1005 21:19:14.699354 24846336 processor.cc:747] Processing queue has data, processing started
I1005 21:19:14.699465 24309760 processor.cc:747] Processing queue has data, processing started
I1005 21:19:14.713672 24846336 processor.cc:820] Processor: start processing batch 9c23b95c-f346-4325-b42f-e1077d7eb167 into model nwt
I1005 21:19:14.725289 24309760 processor.cc:820] Processor: start processing batch b9d30a3d-854c-45de-99e2-a3024e15e2e9 into model nwt
I1005 21:19:14.879652 24846336 processor.cc:925] Processor: complete processing batch 9c23b95c-f346-4325-b42f-e1077d7eb167 into model nwt
I1005 21:19:14.883589 24846336 cuckoo_watch.h:45] 184ms in ProcessBatch(lectures_batches/aaaaaa.batch) [including 14ms in LoadMessage; 8ms in InitializeSparseNdw; 0ms in FindReuseThetaCacheEntry; 9ms in InitializeTheta; 0ms in CreateRegularizerAgents; 91ms in InferThetaAndUpdateNwtSparse; 0ms in UpdateCacheEntry; 4ms in CalculateScore(sparsity_theta_score); 51ms in CalculateScore(^^^ItemsProcessedScore^^^); ]
I1005 21:19:14.905684 24846336 processor.cc:740] No data in processing queue, waiting...
I1005 21:19:15.045704 24309760 processor.cc:925] Processor: complete processing batch b9d30a3d-854c-45de-99e2-a3024e15e2e9 into model nwt
I1005 21:19:15.051847 24309760 cuckoo_watch.h:45] 352ms in ProcessBatch(lectures_batches/aaaaab.batch) [including 25ms in LoadMessage; 24ms in InitializeSparseNdw; 0ms in FindReuseThetaCacheEntry; 4ms in InitializeTheta; 0ms in CreateRegularizerAgents; 175ms in InferThetaAndUpdateNwtSparse; 0ms in UpdateCacheEntry; 5ms in CalculateScore(sparsity_theta_score); 110ms in CalculateScore(^^^ItemsProcessedScore^^^); ]
I1005 21:19:15.051930 2047873024 master_component.cc:1436] RegularizeModelArgs: rwt_target_name=rwt, pwt_source_name=pwt, nwt_source_name=nwt
I1005 21:19:15.051966 2047873024 master_component.cc:976] MasterComponent: start regularizing model pwt
I1005 21:19:15.076084 24309760 processor.cc:740] No data in processing queue, waiting...
I1005 21:19:15.161577 2047873024 master_component.cc:1002] MasterComponent: complete regularizing model pwt
I1005 21:19:15.161599 2047873024 master_component.cc:1449] NormalizeModelArgs: pwt_target_name=pwt, nwt_source_name=nwt, rwt_source_name=rwt
I1005 21:19:15.161607 2047873024 master_component.cc:1006] MasterComponent: start normalizing model nwt
I1005 21:19:15.236873 2047873024 master_component.cc:1034] MasterComponent: complete normalizing model nwt
I1005 21:19:15.327394 2047873024 master_component.cc:1473] DisposeModel rwt
I1005 21:19:15.345492 2047873024 master_component.cc:1059] FitOffline: ItemsProcessed, num_items=1728, num_batches=2, token_weight=808522, token_weight_in_effect=808522
I1005 21:19:15.345729 2047873024 c_interface.cc:389] Pass FitOfflineMasterModelArgs, batch_filename_size=2, batch_weight_size=2, num_collection_passes=1, reset_nwt=yes to MN4artm4core15MasterComponentEFvRKNS_25FitOfflineMasterModelArgsEE
I1005 21:19:15.345743 2047873024 master_component.cc:1398] ProcessBatchesArgs: nwt_target_name=nwt, batch_filename_size=2, batch_size=0, batch_weight_size=2, pwt_source_name=pwt, num_document_passes=1, regularizer=(name:SmoothSparsePhi_bcg, tau:100000), class=(text:1), class=(author:1), reuse_theta=yes, opt_for_avx=yes, predict_class_id=, reset_nwt=yes
I1005 21:19:15.361477 25919488 processor.cc:747] Processing queue has data, processing started
I1005 21:19:15.361485 26456064 processor.cc:747] Processing queue has data, processing started
I1005 21:19:15.374480 25919488 processor.cc:820] Processor: start processing batch 9c23b95c-f346-4325-b42f-e1077d7eb167 into model nwt
I1005 21:19:15.386883 26456064 processor.cc:820] Processor: start processing batch b9d30a3d-854c-45de-99e2-a3024e15e2e9 into model nwt
I1005 21:19:15.536240 25919488 processor.cc:925] Processor: complete processing batch 9c23b95c-f346-4325-b42f-e1077d7eb167 into model nwt
I1005 21:19:15.540122 25919488 cuckoo_watch.h:45] 178ms in ProcessBatch(lectures_batches/aaaaaa.batch) [including 12ms in LoadMessage; 8ms in InitializeSparseNdw; 0ms in FindReuseThetaCacheEntry; 9ms in InitializeTheta; 0ms in CreateRegularizerAgents; 90ms in InferThetaAndUpdateNwtSparse; 0ms in UpdateCacheEntry; 3ms in CalculateScore(sparsity_theta_score); 49ms in CalculateScore(^^^ItemsProcessedScore^^^); ]
I1005 21:19:15.564062 25919488 processor.cc:740] No data in processing queue, waiting...
I1005 21:19:15.695649 26456064 processor.cc:925] Processor: complete processing batch b9d30a3d-854c-45de-99e2-a3024e15e2e9 into model nwt
I1005 21:19:15.701478 26456064 cuckoo_watch.h:45] 339ms in ProcessBatch(lectures_batches/aaaaab.batch) [including 25ms in LoadMessage; 21ms in InitializeSparseNdw; 0ms in FindReuseThetaCacheEntry; 3ms in InitializeTheta; 0ms in CreateRegularizerAgents; 178ms in InferThetaAndUpdateNwtSparse; 0ms in UpdateCacheEntry; 4ms in CalculateScore(sparsity_theta_score); 99ms in CalculateScore(^^^ItemsProcessedScore^^^); ]
I1005 21:19:15.701632 2047873024 master_component.cc:1436] RegularizeModelArgs: rwt_target_name=rwt, pwt_source_name=pwt, nwt_source_name=nwt
I1005 21:19:15.701653 2047873024 master_component.cc:976] MasterComponent: start regularizing model pwt
I1005 21:19:15.725409 26456064 processor.cc:740] No data in processing queue, waiting...
I1005 21:19:15.810310 2047873024 master_component.cc:1002] MasterComponent: complete regularizing model pwt
I1005 21:19:15.810333 2047873024 master_component.cc:1449] NormalizeModelArgs: pwt_target_name=pwt, nwt_source_name=nwt, rwt_source_name=rwt
I1005 21:19:15.810340 2047873024 master_component.cc:1006] MasterComponent: start normalizing model nwt
I1005 21:19:15.893137 2047873024 master_component.cc:1034] MasterComponent: complete normalizing model nwt
I1005 21:19:15.991667 2047873024 master_component.cc:1473] DisposeModel rwt
I1005 21:19:16.010828 2047873024 master_component.cc:1059] FitOffline: ItemsProcessed, num_items=1728, num_batches=2, token_weight=808522, token_weight_in_effect=808522
I1005 21:19:16.011060 2047873024 c_interface.cc:389] Pass FitOfflineMasterModelArgs, batch_filename_size=2, batch_weight_size=2, num_collection_passes=1, reset_nwt=yes to MN4artm4core15MasterComponentEFvRKNS_25FitOfflineMasterModelArgsEE
I1005 21:19:16.011073 2047873024 master_component.cc:1398] ProcessBatchesArgs: nwt_target_name=nwt, batch_filename_size=2, batch_size=0, batch_weight_size=2, pwt_source_name=pwt, num_document_passes=1, regularizer=(name:SmoothSparsePhi_bcg, tau:100000), class=(text:1), class=(author:1), reuse_theta=yes, opt_for_avx=yes, predict_class_id=, reset_nwt=yes
I1005 21:19:16.028156 24846336 processor.cc:747] Processing queue has data, processing started
I1005 21:19:16.028167 26992640 processor.cc:747] Processing queue has data, processing started
I1005 21:19:16.042515 24846336 processor.cc:820] Processor: start processing batch 9c23b95c-f346-4325-b42f-e1077d7eb167 into model nwt
I1005 21:19:16.053609 26992640 processor.cc:820] Processor: start processing batch b9d30a3d-854c-45de-99e2-a3024e15e2e9 into model nwt
I1005 21:19:16.203447 24846336 processor.cc:925] Processor: complete processing batch 9c23b95c-f346-4325-b42f-e1077d7eb167 into model nwt
I1005 21:19:16.207854 24846336 cuckoo_watch.h:45] 179ms in ProcessBatch(lectures_batches/aaaaaa.batch) [including 14ms in LoadMessage; 7ms in InitializeSparseNdw; 0ms in FindReuseThetaCacheEntry; 9ms in InitializeTheta; 0ms in CreateRegularizerAgents; 88ms in InferThetaAndUpdateNwtSparse; 0ms in UpdateCacheEntry; 3ms in CalculateScore(sparsity_theta_score); 50ms in CalculateScore(^^^ItemsProcessedScore^^^); ]
I1005 21:19:16.231973 24846336 processor.cc:740] No data in processing queue, waiting...
I1005 21:19:16.368680 26992640 processor.cc:925] Processor: complete processing batch b9d30a3d-854c-45de-99e2-a3024e15e2e9 into model nwt
I1005 21:19:16.375435 26992640 cuckoo_watch.h:45] 347ms in ProcessBatch(lectures_batches/aaaaab.batch) [including 25ms in LoadMessage; 19ms in InitializeSparseNdw; 0ms in FindReuseThetaCacheEntry; 3ms in InitializeTheta; 0ms in CreateRegularizerAgents; 179ms in InferThetaAndUpdateNwtSparse; 0ms in UpdateCacheEntry; 5ms in CalculateScore(sparsity_theta_score); 106ms in CalculateScore(^^^ItemsProcessedScore^^^); ]
I1005 21:19:16.376633 2047873024 master_component.cc:1436] RegularizeModelArgs: rwt_target_name=rwt, pwt_source_name=pwt, nwt_source_name=nwt
I1005 21:19:16.376672 2047873024 master_component.cc:976] MasterComponent: start regularizing model pwt
I1005 21:19:16.399713 26992640 processor.cc:740] No data in processing queue, waiting...
I1005 21:19:16.504297 2047873024 master_component.cc:1002] MasterComponent: complete regularizing model pwt
I1005 21:19:16.504321 2047873024 master_component.cc:1449] NormalizeModelArgs: pwt_target_name=pwt, nwt_source_name=nwt, rwt_source_name=rwt
I1005 21:19:16.504331 2047873024 master_component.cc:1006] MasterComponent: start normalizing model nwt
I1005 21:19:16.590759 2047873024 master_component.cc:1034] MasterComponent: complete normalizing model nwt
I1005 21:19:16.689549 2047873024 master_component.cc:1473] DisposeModel rwt
I1005 21:19:16.707901 2047873024 master_component.cc:1059] FitOffline: ItemsProcessed, num_items=1728, num_batches=2, token_weight=808522, token_weight_in_effect=808522
I1005 21:19:16.708150 2047873024 c_interface.cc:389] Pass FitOfflineMasterModelArgs, batch_filename_size=2, batch_weight_size=2, num_collection_passes=1, reset_nwt=yes to MN4artm4core15MasterComponentEFvRKNS_25FitOfflineMasterModelArgsEE
I1005 21:19:16.708163 2047873024 master_component.cc:1398] ProcessBatchesArgs: nwt_target_name=nwt, batch_filename_size=2, batch_size=0, batch_weight_size=2, pwt_source_name=pwt, num_document_passes=1, regularizer=(name:SmoothSparsePhi_bcg, tau:100000), class=(text:1), class=(author:1), reuse_theta=yes, opt_for_avx=yes, predict_class_id=, reset_nwt=yes
I1005 21:19:16.724580 27529216 processor.cc:747] Processing queue has data, processing started
I1005 21:19:16.724589 25382912 processor.cc:747] Processing queue has data, processing started
I1005 21:19:16.738037 27529216 processor.cc:820] Processor: start processing batch 9c23b95c-f346-4325-b42f-e1077d7eb167 into model nwt
I1005 21:19:16.748023 25382912 processor.cc:820] Processor: start processing batch b9d30a3d-854c-45de-99e2-a3024e15e2e9 into model nwt
I1005 21:19:16.898782 27529216 processor.cc:925] Processor: complete processing batch 9c23b95c-f346-4325-b42f-e1077d7eb167 into model nwt
I1005 21:19:16.903232 27529216 cuckoo_watch.h:45] 178ms in ProcessBatch(lectures_batches/aaaaaa.batch) [including 13ms in LoadMessage; 7ms in InitializeSparseNdw; 0ms in FindReuseThetaCacheEntry; 8ms in InitializeTheta; 0ms in CreateRegularizerAgents; 88ms in InferThetaAndUpdateNwtSparse; 0ms in UpdateCacheEntry; 3ms in CalculateScore(sparsity_theta_score); 51ms in CalculateScore(^^^ItemsProcessedScore^^^); ]
I1005 21:19:16.927464 27529216 processor.cc:740] No data in processing queue, waiting...
I1005 21:19:17.068255 25382912 processor.cc:925] Processor: complete processing batch b9d30a3d-854c-45de-99e2-a3024e15e2e9 into model nwt
I1005 21:19:17.075608 25382912 cuckoo_watch.h:45] 350ms in ProcessBatch(lectures_batches/aaaaab.batch) [including 23ms in LoadMessage; 20ms in InitializeSparseNdw; 0ms in FindReuseThetaCacheEntry; 3ms in InitializeTheta; 0ms in CreateRegularizerAgents; 180ms in InferThetaAndUpdateNwtSparse; 0ms in UpdateCacheEntry; 5ms in CalculateScore(sparsity_theta_score); 108ms in CalculateScore(^^^ItemsProcessedScore^^^); ]
I1005 21:19:17.076117 2047873024 master_component.cc:1436] RegularizeModelArgs: rwt_target_name=rwt, pwt_source_name=pwt, nwt_source_name=nwt
I1005 21:19:17.076148 2047873024 master_component.cc:976] MasterComponent: start regularizing model pwt
I1005 21:19:17.097834 25382912 processor.cc:740] No data in processing queue, waiting...
I1005 21:19:17.201874 2047873024 master_component.cc:1002] MasterComponent: complete regularizing model pwt
I1005 21:19:17.201895 2047873024 master_component.cc:1449] NormalizeModelArgs: pwt_target_name=pwt, nwt_source_name=nwt, rwt_source_name=rwt
I1005 21:19:17.201902 2047873024 master_component.cc:1006] MasterComponent: start normalizing model nwt
I1005 21:19:17.290504 2047873024 master_component.cc:1034] MasterComponent: complete normalizing model nwt
I1005 21:19:17.386582 2047873024 master_component.cc:1473] DisposeModel rwt
I1005 21:19:17.405467 2047873024 master_component.cc:1059] FitOffline: ItemsProcessed, num_items=1728, num_batches=2, token_weight=808522, token_weight_in_effect=808522
I1005 21:19:17.405875 2047873024 c_interface.cc:389] Pass FitOfflineMasterModelArgs, batch_filename_size=2, batch_weight_size=2, num_collection_passes=1, reset_nwt=yes to MN4artm4core15MasterComponentEFvRKNS_25FitOfflineMasterModelArgsEE
I1005 21:19:17.405895 2047873024 master_component.cc:1398] ProcessBatchesArgs: nwt_target_name=nwt, batch_filename_size=2, batch_size=0, batch_weight_size=2, pwt_source_name=pwt, num_document_passes=1, regularizer=(name:SmoothSparsePhi_bcg, tau:100000), class=(text:1), class=(author:1), reuse_theta=yes, opt_for_avx=yes, predict_class_id=, reset_nwt=yes
I1005 21:19:17.426686 24309760 processor.cc:747] Processing queue has data, processing started
I1005 21:19:17.426712 26992640 processor.cc:747] Processing queue has data, processing started
I1005 21:19:17.440662 24309760 processor.cc:820] Processor: start processing batch 9c23b95c-f346-4325-b42f-e1077d7eb167 into model nwt
I1005 21:19:17.451040 26992640 processor.cc:820] Processor: start processing batch b9d30a3d-854c-45de-99e2-a3024e15e2e9 into model nwt
I1005 21:19:17.594856 24309760 processor.cc:925] Processor: complete processing batch 9c23b95c-f346-4325-b42f-e1077d7eb167 into model nwt
I1005 21:19:17.599268 24309760 cuckoo_watch.h:45] 172ms in ProcessBatch(lectures_batches/aaaaaa.batch) [including 13ms in LoadMessage; 7ms in InitializeSparseNdw; 0ms in FindReuseThetaCacheEntry; 8ms in InitializeTheta; 0ms in CreateRegularizerAgents; 84ms in InferThetaAndUpdateNwtSparse; 0ms in UpdateCacheEntry; 4ms in CalculateScore(sparsity_theta_score); 49ms in CalculateScore(^^^ItemsProcessedScore^^^); ]
I1005 21:19:17.623608 24309760 processor.cc:740] No data in processing queue, waiting...
I1005 21:19:17.762140 26992640 processor.cc:925] Processor: complete processing batch b9d30a3d-854c-45de-99e2-a3024e15e2e9 into model nwt
I1005 21:19:17.768755 26992640 cuckoo_watch.h:45] 342ms in ProcessBatch(lectures_batches/aaaaab.batch) [including 24ms in LoadMessage; 20ms in InitializeSparseNdw; 0ms in FindReuseThetaCacheEntry; 3ms in InitializeTheta; 0ms in CreateRegularizerAgents; 178ms in InferThetaAndUpdateNwtSparse; 0ms in UpdateCacheEntry; 5ms in CalculateScore(sparsity_theta_score); 102ms in CalculateScore(^^^ItemsProcessedScore^^^); ]
I1005 21:19:17.769755 2047873024 master_component.cc:1436] RegularizeModelArgs: rwt_target_name=rwt, pwt_source_name=pwt, nwt_source_name=nwt
I1005 21:19:17.769806 2047873024 master_component.cc:976] MasterComponent: start regularizing model pwt
I1005 21:19:17.792559 26992640 processor.cc:740] No data in processing queue, waiting...
I1005 21:19:17.889710 2047873024 master_component.cc:1002] MasterComponent: complete regularizing model pwt
I1005 21:19:17.889729 2047873024 master_component.cc:1449] NormalizeModelArgs: pwt_target_name=pwt, nwt_source_name=nwt, rwt_source_name=rwt
I1005 21:19:17.889736 2047873024 master_component.cc:1006] MasterComponent: start normalizing model nwt
I1005 21:19:17.976589 2047873024 master_component.cc:1034] MasterComponent: complete normalizing model nwt
I1005 21:19:18.075379 2047873024 master_component.cc:1473] DisposeModel rwt
I1005 21:19:18.091333 2047873024 master_component.cc:1059] FitOffline: ItemsProcessed, num_items=1728, num_batches=2, token_weight=808522, token_weight_in_effect=808522
I1005 21:19:18.091601 2047873024 c_interface.cc:389] Pass FitOfflineMasterModelArgs, batch_filename_size=2, batch_weight_size=2, num_collection_passes=1, reset_nwt=yes to MN4artm4core15MasterComponentEFvRKNS_25FitOfflineMasterModelArgsEE
I1005 21:19:18.091615 2047873024 master_component.cc:1398] ProcessBatchesArgs: nwt_target_name=nwt, batch_filename_size=2, batch_size=0, batch_weight_size=2, pwt_source_name=pwt, num_document_passes=1, regularizer=(name:SmoothSparsePhi_bcg, tau:100000), class=(text:1), class=(author:1), reuse_theta=yes, opt_for_avx=yes, predict_class_id=, reset_nwt=yes
I1005 21:19:18.110513 26456064 processor.cc:747] Processing queue has data, processing started
I1005 21:19:18.110518 24846336 processor.cc:747] Processing queue has data, processing started
I1005 21:19:18.124102 26456064 processor.cc:820] Processor: start processing batch 9c23b95c-f346-4325-b42f-e1077d7eb167 into model nwt
I1005 21:19:18.134136 24846336 processor.cc:820] Processor: start processing batch b9d30a3d-854c-45de-99e2-a3024e15e2e9 into model nwt
I1005 21:19:18.285181 26456064 processor.cc:925] Processor: complete processing batch 9c23b95c-f346-4325-b42f-e1077d7eb167 into model nwt
I1005 21:19:18.290043 26456064 cuckoo_watch.h:45] 179ms in ProcessBatch(lectures_batches/aaaaaa.batch) [including 13ms in LoadMessage; 7ms in InitializeSparseNdw; 0ms in FindReuseThetaCacheEntry; 8ms in InitializeTheta; 0ms in CreateRegularizerAgents; 91ms in InferThetaAndUpdateNwtSparse; 0ms in UpdateCacheEntry; 3ms in CalculateScore(sparsity_theta_score); 49ms in CalculateScore(^^^ItemsProcessedScore^^^); ]
I1005 21:19:18.313659 26456064 processor.cc:740] No data in processing queue, waiting...
I1005 21:19:18.444407 24846336 processor.cc:925] Processor: complete processing batch b9d30a3d-854c-45de-99e2-a3024e15e2e9 into model nwt
I1005 21:19:18.452251 24846336 cuckoo_watch.h:45] 341ms in ProcessBatch(lectures_batches/aaaaab.batch) [including 23ms in LoadMessage; 20ms in InitializeSparseNdw; 0ms in FindReuseThetaCacheEntry; 4ms in InitializeTheta; 0ms in CreateRegularizerAgents; 176ms in InferThetaAndUpdateNwtSparse; 0ms in UpdateCacheEntry; 4ms in CalculateScore(sparsity_theta_score); 104ms in CalculateScore(^^^ItemsProcessedScore^^^); ]
I1005 21:19:18.452400 2047873024 master_component.cc:1436] RegularizeModelArgs: rwt_target_name=rwt, pwt_source_name=pwt, nwt_source_name=nwt
I1005 21:19:18.452438 2047873024 master_component.cc:976] MasterComponent: start regularizing model pwt
I1005 21:19:18.476595 24846336 processor.cc:740] No data in processing queue, waiting...
I1005 21:19:18.573076 2047873024 master_component.cc:1002] MasterComponent: complete regularizing model pwt
I1005 21:19:18.573097 2047873024 master_component.cc:1449] NormalizeModelArgs: pwt_target_name=pwt, nwt_source_name=nwt, rwt_source_name=rwt
I1005 21:19:18.573104 2047873024 master_component.cc:1006] MasterComponent: start normalizing model nwt
I1005 21:19:18.662647 2047873024 master_component.cc:1034] MasterComponent: complete normalizing model nwt
I1005 21:19:18.757205 2047873024 master_component.cc:1473] DisposeModel rwt
I1005 21:19:18.775593 2047873024 master_component.cc:1059] FitOffline: ItemsProcessed, num_items=1728, num_batches=2, token_weight=808522, token_weight_in_effect=808522
I1005 21:19:18.775838 2047873024 c_interface.cc:389] Pass FitOfflineMasterModelArgs, batch_filename_size=2, batch_weight_size=2, num_collection_passes=1, reset_nwt=yes to MN4artm4core15MasterComponentEFvRKNS_25FitOfflineMasterModelArgsEE
I1005 21:19:18.775853 2047873024 master_component.cc:1398] ProcessBatchesArgs: nwt_target_name=nwt, batch_filename_size=2, batch_size=0, batch_weight_size=2, pwt_source_name=pwt, num_document_passes=1, regularizer=(name:SmoothSparsePhi_bcg, tau:100000), class=(text:1), class=(author:1), reuse_theta=yes, opt_for_avx=yes, predict_class_id=, reset_nwt=yes
I1005 21:19:18.796665 25382912 processor.cc:747] Processing queue has data, processing started
I1005 21:19:18.796671 24846336 processor.cc:747] Processing queue has data, processing started
I1005 21:19:18.811607 25382912 processor.cc:820] Processor: start processing batch 9c23b95c-f346-4325-b42f-e1077d7eb167 into model nwt
I1005 21:19:18.821893 24846336 processor.cc:820] Processor: start processing batch b9d30a3d-854c-45de-99e2-a3024e15e2e9 into model nwt
I1005 21:19:18.966855 25382912 processor.cc:925] Processor: complete processing batch 9c23b95c-f346-4325-b42f-e1077d7eb167 into model nwt
I1005 21:19:18.971552 25382912 cuckoo_watch.h:45] 174ms in ProcessBatch(lectures_batches/aaaaaa.batch) [including 14ms in LoadMessage; 7ms in InitializeSparseNdw; 0ms in FindReuseThetaCacheEntry; 8ms in InitializeTheta; 0ms in CreateRegularizerAgents; 84ms in InferThetaAndUpdateNwtSparse; 0ms in UpdateCacheEntry; 4ms in CalculateScore(sparsity_theta_score); 49ms in CalculateScore(^^^ItemsProcessedScore^^^); ]
I1005 21:19:18.995705 25382912 processor.cc:740] No data in processing queue, waiting...
I1005 21:19:19.125051 24846336 processor.cc:925] Processor: complete processing batch b9d30a3d-854c-45de-99e2-a3024e15e2e9 into model nwt
I1005 21:19:19.131251 24846336 cuckoo_watch.h:45] 334ms in ProcessBatch(lectures_batches/aaaaab.batch) [including 25ms in LoadMessage; 19ms in InitializeSparseNdw; 0ms in FindReuseThetaCacheEntry; 3ms in InitializeTheta; 0ms in CreateRegularizerAgents; 176ms in InferThetaAndUpdateNwtSparse; 0ms in UpdateCacheEntry; 5ms in CalculateScore(sparsity_theta_score); 96ms in CalculateScore(^^^ItemsProcessedScore^^^); ]
I1005 21:19:19.131853 2047873024 master_component.cc:1436] RegularizeModelArgs: rwt_target_name=rwt, pwt_source_name=pwt, nwt_source_name=nwt
I1005 21:19:19.131911 2047873024 master_component.cc:976] MasterComponent: start regularizing model pwt
I1005 21:19:19.155359 24846336 processor.cc:740] No data in processing queue, waiting...
I1005 21:19:19.262292 2047873024 master_component.cc:1002] MasterComponent: complete regularizing model pwt
I1005 21:19:19.262311 2047873024 master_component.cc:1449] NormalizeModelArgs: pwt_target_name=pwt, nwt_source_name=nwt, rwt_source_name=rwt
I1005 21:19:19.262317 2047873024 master_component.cc:1006] MasterComponent: start normalizing model nwt
I1005 21:19:19.358623 2047873024 master_component.cc:1034] MasterComponent: complete normalizing model nwt
I1005 21:19:19.459584 2047873024 master_component.cc:1473] DisposeModel rwt
I1005 21:19:19.480435 2047873024 master_component.cc:1059] FitOffline: ItemsProcessed, num_items=1728, num_batches=2, token_weight=808522, token_weight_in_effect=808522
I1005 21:19:19.480705 2047873024 c_interface.cc:389] Pass FitOfflineMasterModelArgs, batch_filename_size=2, batch_weight_size=2, num_collection_passes=1, reset_nwt=yes to MN4artm4core15MasterComponentEFvRKNS_25FitOfflineMasterModelArgsEE
I1005 21:19:19.480720 2047873024 master_component.cc:1398] ProcessBatchesArgs: nwt_target_name=nwt, batch_filename_size=2, batch_size=0, batch_weight_size=2, pwt_source_name=pwt, num_document_passes=1, regularizer=(name:SmoothSparsePhi_bcg, tau:100000), class=(text:1), class=(author:1), reuse_theta=yes, opt_for_avx=yes, predict_class_id=, reset_nwt=yes
I1005 21:19:19.501844 25919488 processor.cc:747] Processing queue has data, processing started
I1005 21:19:19.501844 24846336 processor.cc:747] Processing queue has data, processing started
I1005 21:19:19.516690 24846336 processor.cc:820] Processor: start processing batch 9c23b95c-f346-4325-b42f-e1077d7eb167 into model nwt
I1005 21:19:19.527431 25919488 processor.cc:820] Processor: start processing batch b9d30a3d-854c-45de-99e2-a3024e15e2e9 into model nwt
I1005 21:19:19.684280 24846336 processor.cc:925] Processor: complete processing batch 9c23b95c-f346-4325-b42f-e1077d7eb167 into model nwt
I1005 21:19:19.688881 24846336 cuckoo_watch.h:45] 186ms in ProcessBatch(lectures_batches/aaaaaa.batch) [including 14ms in LoadMessage; 7ms in InitializeSparseNdw; 0ms in FindReuseThetaCacheEntry; 9ms in InitializeTheta; 0ms in CreateRegularizerAgents; 94ms in InferThetaAndUpdateNwtSparse; 0ms in UpdateCacheEntry; 4ms in CalculateScore(sparsity_theta_score); 50ms in CalculateScore(^^^ItemsProcessedScore^^^); ]
I1005 21:19:19.712999 24846336 processor.cc:740] No data in processing queue, waiting...
I1005 21:19:19.856340 25919488 processor.cc:925] Processor: complete processing batch b9d30a3d-854c-45de-99e2-a3024e15e2e9 into model nwt
I1005 21:19:19.863426 25919488 cuckoo_watch.h:45] 361ms in ProcessBatch(lectures_batches/aaaaab.batch) [including 25ms in LoadMessage; 22ms in InitializeSparseNdw; 0ms in FindReuseThetaCacheEntry; 4ms in InitializeTheta; 0ms in CreateRegularizerAgents; 189ms in InferThetaAndUpdateNwtSparse; 0ms in UpdateCacheEntry; 5ms in CalculateScore(sparsity_theta_score); 106ms in CalculateScore(^^^ItemsProcessedScore^^^); ]
I1005 21:19:19.863633 2047873024 master_component.cc:1436] RegularizeModelArgs: rwt_target_name=rwt, pwt_source_name=pwt, nwt_source_name=nwt
I1005 21:19:19.863656 2047873024 master_component.cc:976] MasterComponent: start regularizing model pwt
I1005 21:19:19.887786 25919488 processor.cc:740] No data in processing queue, waiting...
I1005 21:19:19.992303 2047873024 master_component.cc:1002] MasterComponent: complete regularizing model pwt
I1005 21:19:19.992326 2047873024 master_component.cc:1449] NormalizeModelArgs: pwt_target_name=pwt, nwt_source_name=nwt, rwt_source_name=rwt
I1005 21:19:19.992333 2047873024 master_component.cc:1006] MasterComponent: start normalizing model nwt
I1005 21:19:20.081226 2047873024 master_component.cc:1034] MasterComponent: complete normalizing model nwt
I1005 21:19:20.177225 2047873024 master_component.cc:1473] DisposeModel rwt
I1005 21:19:20.194924 2047873024 master_component.cc:1059] FitOffline: ItemsProcessed, num_items=1728, num_batches=2, token_weight=808522, token_weight_in_effect=808522
I1005 21:19:20.195156 2047873024 c_interface.cc:389] Pass FitOfflineMasterModelArgs, batch_filename_size=2, batch_weight_size=2, num_collection_passes=1, reset_nwt=yes to MN4artm4core15MasterComponentEFvRKNS_25FitOfflineMasterModelArgsEE
I1005 21:19:20.195168 2047873024 master_component.cc:1398] ProcessBatchesArgs: nwt_target_name=nwt, batch_filename_size=2, batch_size=0, batch_weight_size=2, pwt_source_name=pwt, num_document_passes=1, regularizer=(name:SmoothSparsePhi_bcg, tau:100000), class=(text:1), class=(author:1), reuse_theta=yes, opt_for_avx=yes, predict_class_id=, reset_nwt=yes
I1005 21:19:20.213889 25382912 processor.cc:747] Processing queue has data, processing started
I1005 21:19:20.213888 27529216 processor.cc:747] Processing queue has data, processing started
I1005 21:19:20.226809 27529216 processor.cc:820] Processor: start processing batch 9c23b95c-f346-4325-b42f-e1077d7eb167 into model nwt
I1005 21:19:20.236778 25382912 processor.cc:820] Processor: start processing batch b9d30a3d-854c-45de-99e2-a3024e15e2e9 into model nwt
I1005 21:19:20.383091 27529216 processor.cc:925] Processor: complete processing batch 9c23b95c-f346-4325-b42f-e1077d7eb167 into model nwt
I1005 21:19:20.387565 27529216 cuckoo_watch.h:45] 173ms in ProcessBatch(lectures_batches/aaaaaa.batch) [including 12ms in LoadMessage; 7ms in InitializeSparseNdw; 0ms in FindReuseThetaCacheEntry; 9ms in InitializeTheta; 0ms in CreateRegularizerAgents; 86ms in InferThetaAndUpdateNwtSparse; 0ms in UpdateCacheEntry; 3ms in CalculateScore(sparsity_theta_score); 48ms in CalculateScore(^^^ItemsProcessedScore^^^); ]
I1005 21:19:20.411406 27529216 processor.cc:740] No data in processing queue, waiting...
I1005 21:19:20.541977 25382912 processor.cc:925] Processor: complete processing batch b9d30a3d-854c-45de-99e2-a3024e15e2e9 into model nwt
I1005 21:19:20.547931 25382912 cuckoo_watch.h:45] 333ms in ProcessBatch(lectures_batches/aaaaab.batch) [including 22ms in LoadMessage; 20ms in InitializeSparseNdw; 0ms in FindReuseThetaCacheEntry; 3ms in InitializeTheta; 0ms in CreateRegularizerAgents; 178ms in InferThetaAndUpdateNwtSparse; 0ms in UpdateCacheEntry; 5ms in CalculateScore(sparsity_theta_score); 96ms in CalculateScore(^^^ItemsProcessedScore^^^); ]
I1005 21:19:20.548735 2047873024 master_component.cc:1436] RegularizeModelArgs: rwt_target_name=rwt, pwt_source_name=pwt, nwt_source_name=nwt
I1005 21:19:20.548792 2047873024 master_component.cc:976] MasterComponent: start regularizing model pwt
I1005 21:19:20.571722 25382912 processor.cc:740] No data in processing queue, waiting...
I1005 21:19:20.674329 2047873024 master_component.cc:1002] MasterComponent: complete regularizing model pwt
I1005 21:19:20.674352 2047873024 master_component.cc:1449] NormalizeModelArgs: pwt_target_name=pwt, nwt_source_name=nwt, rwt_source_name=rwt
I1005 21:19:20.674361 2047873024 master_component.cc:1006] MasterComponent: start normalizing model nwt
I1005 21:19:20.766002 2047873024 master_component.cc:1034] MasterComponent: complete normalizing model nwt
I1005 21:19:20.856173 2047873024 master_component.cc:1473] DisposeModel rwt
I1005 21:19:20.874497 2047873024 master_component.cc:1059] FitOffline: ItemsProcessed, num_items=1728, num_batches=2, token_weight=808522, token_weight_in_effect=808522
I1005 21:19:20.874841 2047873024 c_interface.cc:389] Pass FitOfflineMasterModelArgs, batch_filename_size=2, batch_weight_size=2, num_collection_passes=1, reset_nwt=yes to MN4artm4core15MasterComponentEFvRKNS_25FitOfflineMasterModelArgsEE
I1005 21:19:20.874856 2047873024 master_component.cc:1398] ProcessBatchesArgs: nwt_target_name=nwt, batch_filename_size=2, batch_size=0, batch_weight_size=2, pwt_source_name=pwt, num_document_passes=1, regularizer=(name:SmoothSparsePhi_bcg, tau:100000), class=(text:1), class=(author:1), reuse_theta=yes, opt_for_avx=yes, predict_class_id=, reset_nwt=yes
I1005 21:19:20.893615 25382912 processor.cc:747] Processing queue has data, processing started
I1005 21:19:20.893615 25919488 processor.cc:747] Processing queue has data, processing started
I1005 21:19:20.908021 25382912 processor.cc:820] Processor: start processing batch 9c23b95c-f346-4325-b42f-e1077d7eb167 into model nwt
I1005 21:19:20.918416 25919488 processor.cc:820] Processor: start processing batch b9d30a3d-854c-45de-99e2-a3024e15e2e9 into model nwt
I1005 21:19:21.060200 25382912 processor.cc:925] Processor: complete processing batch 9c23b95c-f346-4325-b42f-e1077d7eb167 into model nwt
I1005 21:19:21.064726 25382912 cuckoo_watch.h:45] 171ms in ProcessBatch(lectures_batches/aaaaaa.batch) [including 14ms in LoadMessage; 7ms in InitializeSparseNdw; 0ms in FindReuseThetaCacheEntry; 8ms in InitializeTheta; 0ms in CreateRegularizerAgents; 82ms in InferThetaAndUpdateNwtSparse; 0ms in UpdateCacheEntry; 3ms in CalculateScore(sparsity_theta_score); 49ms in CalculateScore(^^^ItemsProcessedScore^^^); ]
I1005 21:19:21.088963 25382912 processor.cc:740] No data in processing queue, waiting...
I1005 21:19:21.233217 25919488 processor.cc:925] Processor: complete processing batch b9d30a3d-854c-45de-99e2-a3024e15e2e9 into model nwt
I1005 21:19:21.240597 25919488 cuckoo_watch.h:45] 346ms in ProcessBatch(lectures_batches/aaaaab.batch) [including 24ms in LoadMessage; 19ms in InitializeSparseNdw; 0ms in FindReuseThetaCacheEntry; 4ms in InitializeTheta; 0ms in CreateRegularizerAgents; 181ms in InferThetaAndUpdateNwtSparse; 0ms in UpdateCacheEntry; 5ms in CalculateScore(sparsity_theta_score); 103ms in CalculateScore(^^^ItemsProcessedScore^^^); ]
I1005 21:19:21.240758 2047873024 master_component.cc:1436] RegularizeModelArgs: rwt_target_name=rwt, pwt_source_name=pwt, nwt_source_name=nwt
I1005 21:19:21.240797 2047873024 master_component.cc:976] MasterComponent: start regularizing model pwt
I1005 21:19:21.264508 25919488 processor.cc:740] No data in processing queue, waiting...
I1005 21:19:21.367628 2047873024 master_component.cc:1002] MasterComponent: complete regularizing model pwt
I1005 21:19:21.367647 2047873024 master_component.cc:1449] NormalizeModelArgs: pwt_target_name=pwt, nwt_source_name=nwt, rwt_source_name=rwt
I1005 21:19:21.367653 2047873024 master_component.cc:1006] MasterComponent: start normalizing model nwt
I1005 21:19:21.458739 2047873024 master_component.cc:1034] MasterComponent: complete normalizing model nwt
I1005 21:19:21.554328 2047873024 master_component.cc:1473] DisposeModel rwt
I1005 21:19:21.574998 2047873024 master_component.cc:1059] FitOffline: ItemsProcessed, num_items=1728, num_batches=2, token_weight=808522, token_weight_in_effect=808522
I1005 21:19:21.575260 2047873024 c_interface.cc:389] Pass FitOfflineMasterModelArgs, batch_filename_size=2, batch_weight_size=2, num_collection_passes=1, reset_nwt=yes to MN4artm4core15MasterComponentEFvRKNS_25FitOfflineMasterModelArgsEE
I1005 21:19:21.575275 2047873024 master_component.cc:1398] ProcessBatchesArgs: nwt_target_name=nwt, batch_filename_size=2, batch_size=0, batch_weight_size=2, pwt_source_name=pwt, num_document_passes=1, regularizer=(name:SmoothSparsePhi_bcg, tau:100000), class=(text:1), class=(author:1), reuse_theta=yes, opt_for_avx=yes, predict_class_id=, reset_nwt=yes
I1005 21:19:21.593372 24846336 processor.cc:747] Processing queue has data, processing started
I1005 21:19:21.593392 24309760 processor.cc:747] Processing queue has data, processing started
I1005 21:19:21.606590 24846336 processor.cc:820] Processor: start processing batch 9c23b95c-f346-4325-b42f-e1077d7eb167 into model nwt
I1005 21:19:21.616876 24309760 processor.cc:820] Processor: start processing batch b9d30a3d-854c-45de-99e2-a3024e15e2e9 into model nwt
I1005 21:19:21.765544 24846336 processor.cc:925] Processor: complete processing batch 9c23b95c-f346-4325-b42f-e1077d7eb167 into model nwt
I1005 21:19:21.769697 24846336 cuckoo_watch.h:45] 176ms in ProcessBatch(lectures_batches/aaaaaa.batch) [including 13ms in LoadMessage; 7ms in InitializeSparseNdw; 0ms in FindReuseThetaCacheEntry; 10ms in InitializeTheta; 0ms in CreateRegularizerAgents; 85ms in InferThetaAndUpdateNwtSparse; 0ms in UpdateCacheEntry; 3ms in CalculateScore(sparsity_theta_score); 51ms in CalculateScore(^^^ItemsProcessedScore^^^); ]
I1005 21:19:21.794045 24846336 processor.cc:740] No data in processing queue, waiting...
I1005 21:19:21.941488 24309760 processor.cc:925] Processor: complete processing batch b9d30a3d-854c-45de-99e2-a3024e15e2e9 into model nwt
I1005 21:19:21.948423 24309760 cuckoo_watch.h:45] 355ms in ProcessBatch(lectures_batches/aaaaab.batch) [including 23ms in LoadMessage; 20ms in InitializeSparseNdw; 0ms in FindReuseThetaCacheEntry; 4ms in InitializeTheta; 0ms in CreateRegularizerAgents; 181ms in InferThetaAndUpdateNwtSparse; 0ms in UpdateCacheEntry; 6ms in CalculateScore(sparsity_theta_score); 111ms in CalculateScore(^^^ItemsProcessedScore^^^); ]
I1005 21:19:21.949566 2047873024 master_component.cc:1436] RegularizeModelArgs: rwt_target_name=rwt, pwt_source_name=pwt, nwt_source_name=nwt
I1005 21:19:21.949611 2047873024 master_component.cc:976] MasterComponent: start regularizing model pwt
I1005 21:19:21.972139 24309760 processor.cc:740] No data in processing queue, waiting...
I1005 21:19:22.072546 2047873024 master_component.cc:1002] MasterComponent: complete regularizing model pwt
I1005 21:19:22.072567 2047873024 master_component.cc:1449] NormalizeModelArgs: pwt_target_name=pwt, nwt_source_name=nwt, rwt_source_name=rwt
I1005 21:19:22.072576 2047873024 master_component.cc:1006] MasterComponent: start normalizing model nwt
I1005 21:19:22.165169 2047873024 master_component.cc:1034] MasterComponent: complete normalizing model nwt
I1005 21:19:22.260354 2047873024 master_component.cc:1473] DisposeModel rwt
I1005 21:19:22.281497 2047873024 master_component.cc:1059] FitOffline: ItemsProcessed, num_items=1728, num_batches=2, token_weight=808522, token_weight_in_effect=808522
I1005 21:19:22.281787 2047873024 c_interface.cc:389] Pass FitOfflineMasterModelArgs, batch_filename_size=2, batch_weight_size=2, num_collection_passes=1, reset_nwt=yes to MN4artm4core15MasterComponentEFvRKNS_25FitOfflineMasterModelArgsEE
I1005 21:19:22.281805 2047873024 master_component.cc:1398] ProcessBatchesArgs: nwt_target_name=nwt, batch_filename_size=2, batch_size=0, batch_weight_size=2, pwt_source_name=pwt, num_document_passes=1, regularizer=(name:SmoothSparsePhi_bcg, tau:100000), class=(text:1), class=(author:1), reuse_theta=yes, opt_for_avx=yes, predict_class_id=, reset_nwt=yes
I1005 21:19:22.300952 25382912 processor.cc:747] Processing queue has data, processing started
I1005 21:19:22.300961 23773184 processor.cc:747] Processing queue has data, processing started
I1005 21:19:22.313864 25382912 processor.cc:820] Processor: start processing batch 9c23b95c-f346-4325-b42f-e1077d7eb167 into model nwt
I1005 21:19:22.324406 23773184 processor.cc:820] Processor: start processing batch b9d30a3d-854c-45de-99e2-a3024e15e2e9 into model nwt
I1005 21:19:22.467218 25382912 processor.cc:925] Processor: complete processing batch 9c23b95c-f346-4325-b42f-e1077d7eb167 into model nwt
I1005 21:19:22.471065 25382912 cuckoo_watch.h:45] 170ms in ProcessBatch(lectures_batches/aaaaaa.batch) [including 12ms in LoadMessage; 7ms in InitializeSparseNdw; 0ms in FindReuseThetaCacheEntry; 8ms in InitializeTheta; 0ms in CreateRegularizerAgents; 86ms in InferThetaAndUpdateNwtSparse; 0ms in UpdateCacheEntry; 4ms in CalculateScore(sparsity_theta_score); 45ms in CalculateScore(^^^ItemsProcessedScore^^^); ]
I1005 21:19:22.494943 25382912 processor.cc:740] No data in processing queue, waiting...
I1005 21:19:22.643338 23773184 processor.cc:925] Processor: complete processing batch b9d30a3d-854c-45de-99e2-a3024e15e2e9 into model nwt
I1005 21:19:22.650743 23773184 cuckoo_watch.h:45] 349ms in ProcessBatch(lectures_batches/aaaaab.batch) [including 23ms in LoadMessage; 20ms in InitializeSparseNdw; 0ms in FindReuseThetaCacheEntry; 4ms in InitializeTheta; 0ms in CreateRegularizerAgents; 178ms in InferThetaAndUpdateNwtSparse; 0ms in UpdateCacheEntry; 6ms in CalculateScore(sparsity_theta_score); 108ms in CalculateScore(^^^ItemsProcessedScore^^^); ]
I1005 21:19:22.652094 2047873024 master_component.cc:1436] RegularizeModelArgs: rwt_target_name=rwt, pwt_source_name=pwt, nwt_source_name=nwt
I1005 21:19:22.652135 2047873024 master_component.cc:976] MasterComponent: start regularizing model pwt
I1005 21:19:22.675132 23773184 processor.cc:740] No data in processing queue, waiting...
I1005 21:19:22.779641 2047873024 master_component.cc:1002] MasterComponent: complete regularizing model pwt
I1005 21:19:22.779662 2047873024 master_component.cc:1449] NormalizeModelArgs: pwt_target_name=pwt, nwt_source_name=nwt, rwt_source_name=rwt
I1005 21:19:22.779670 2047873024 master_component.cc:1006] MasterComponent: start normalizing model nwt
I1005 21:19:22.870501 2047873024 master_component.cc:1034] MasterComponent: complete normalizing model nwt
I1005 21:19:22.963932 2047873024 master_component.cc:1473] DisposeModel rwt
I1005 21:19:22.984478 2047873024 master_component.cc:1059] FitOffline: ItemsProcessed, num_items=1728, num_batches=2, token_weight=808522, token_weight_in_effect=808522
I1005 21:19:22.984755 2047873024 c_interface.cc:389] Pass FitOfflineMasterModelArgs, batch_filename_size=2, batch_weight_size=2, num_collection_passes=1, reset_nwt=yes to MN4artm4core15MasterComponentEFvRKNS_25FitOfflineMasterModelArgsEE
I1005 21:19:22.984771 2047873024 master_component.cc:1398] ProcessBatchesArgs: nwt_target_name=nwt, batch_filename_size=2, batch_size=0, batch_weight_size=2, pwt_source_name=pwt, num_document_passes=1, regularizer=(name:SmoothSparsePhi_bcg, tau:100000), class=(text:1), class=(author:1), reuse_theta=yes, opt_for_avx=yes, predict_class_id=, reset_nwt=yes
I1005 21:19:23.004518 23773184 processor.cc:747] Processing queue has data, processing started
I1005 21:19:23.004542 25382912 processor.cc:747] Processing queue has data, processing started
I1005 21:19:23.018244 23773184 processor.cc:820] Processor: start processing batch 9c23b95c-f346-4325-b42f-e1077d7eb167 into model nwt
I1005 21:19:23.028767 25382912 processor.cc:820] Processor: start processing batch b9d30a3d-854c-45de-99e2-a3024e15e2e9 into model nwt
I1005 21:19:23.186966 23773184 processor.cc:925] Processor: complete processing batch 9c23b95c-f346-4325-b42f-e1077d7eb167 into model nwt
I1005 21:19:23.192190 23773184 cuckoo_watch.h:45] 187ms in ProcessBatch(lectures_batches/aaaaaa.batch) [including 13ms in LoadMessage; 8ms in InitializeSparseNdw; 0ms in FindReuseThetaCacheEntry; 9ms in InitializeTheta; 0ms in CreateRegularizerAgents; 94ms in InferThetaAndUpdateNwtSparse; 0ms in UpdateCacheEntry; 4ms in CalculateScore(sparsity_theta_score); 52ms in CalculateScore(^^^ItemsProcessedScore^^^); ]
I1005 21:19:23.216164 23773184 processor.cc:740] No data in processing queue, waiting...
I1005 21:19:23.354192 25382912 processor.cc:925] Processor: complete processing batch b9d30a3d-854c-45de-99e2-a3024e15e2e9 into model nwt
I1005 21:19:23.360276 2047873024 master_component.cc:1436] RegularizeModelArgs: rwt_target_name=rwt, pwt_source_name=pwt, nwt_source_name=nwt
