I1005 19:47:51.052698 2047873024 master_component.cc:1006] MasterComponent: start normalizing model nwt
I1005 19:47:51.130698 2047873024 master_component.cc:1034] MasterComponent: complete normalizing model nwt
I1005 19:47:51.201881 2047873024 master_component.cc:1473] DisposeModel rwt
I1005 19:47:51.217981 2047873024 master_component.cc:1059] FitOffline: ItemsProcessed, num_items=1728, num_batches=2, token_weight=808522, token_weight_in_effect=808522
I1005 19:47:51.218217 2047873024 c_interface.cc:389] Pass FitOfflineMasterModelArgs, batch_filename_size=2, batch_weight_size=2, num_collection_passes=1, reset_nwt=yes to MN4artm4core15MasterComponentEFvRKNS_25FitOfflineMasterModelArgsEE
I1005 19:47:51.218230 2047873024 master_component.cc:1398] ProcessBatchesArgs: nwt_target_name=nwt, batch_filename_size=2, batch_size=0, batch_weight_size=2, pwt_source_name=pwt, num_document_passes=10, regularizer=(name:SmoothSparsePhi, tau:100000), class=(author:1), class=(text:1), reuse_theta=no, opt_for_avx=yes, predict_class_id=, reset_nwt=yes
I1005 19:47:51.234196 25382912 processor.cc:747] Processing queue has data, processing started
I1005 19:47:51.235376 26992640 processor.cc:747] Processing queue has data, processing started
I1005 19:47:51.248991 25382912 processor.cc:820] Processor: start processing batch 8e5324c3-60ac-4fe0-8596-6b66efde3474 into model nwt
I1005 19:47:51.260010 26992640 processor.cc:820] Processor: start processing batch f77511fa-f51f-43d7-8787-787d83058187 into model nwt
I1005 19:47:51.476817 25382912 processor.cc:925] Processor: complete processing batch 8e5324c3-60ac-4fe0-8596-6b66efde3474 into model nwt
I1005 19:47:51.481271 25382912 cuckoo_watch.h:45] 247ms in ProcessBatch(lectures_batches/aaaaaa.batch) [including 14ms in LoadMessage; 7ms in InitializeSparseNdw; 0ms in InitializeTheta; 0ms in CreateRegularizerAgents; 169ms in InferThetaAndUpdateNwtSparse; 50ms in CalculateScore(^^^ItemsProcessedScore^^^); ]
I1005 19:47:51.504251 25382912 processor.cc:740] No data in processing queue, waiting...
I1005 19:47:51.722477 26992640 processor.cc:925] Processor: complete processing batch f77511fa-f51f-43d7-8787-787d83058187 into model nwt
I1005 19:47:51.727682 26992640 cuckoo_watch.h:45] 492ms in ProcessBatch(lectures_batches/aaaaab.batch) [including 24ms in LoadMessage; 21ms in InitializeSparseNdw; 0ms in InitializeTheta; 0ms in CreateRegularizerAgents; 346ms in InferThetaAndUpdateNwtSparse; 94ms in CalculateScore(^^^ItemsProcessedScore^^^); ]
I1005 19:47:51.728926 2047873024 master_component.cc:1436] RegularizeModelArgs: rwt_target_name=rwt, pwt_source_name=pwt, nwt_source_name=nwt
I1005 19:47:51.728979 2047873024 master_component.cc:976] MasterComponent: start regularizing model pwt
I1005 19:47:51.751329 26992640 processor.cc:740] No data in processing queue, waiting...
I1005 19:47:51.845357 2047873024 master_component.cc:1002] MasterComponent: complete regularizing model pwt
I1005 19:47:51.845378 2047873024 master_component.cc:1449] NormalizeModelArgs: pwt_target_name=pwt, nwt_source_name=nwt, rwt_source_name=rwt
I1005 19:47:51.845386 2047873024 master_component.cc:1006] MasterComponent: start normalizing model nwt
I1005 19:47:51.925482 2047873024 master_component.cc:1034] MasterComponent: complete normalizing model nwt
I1005 19:47:52.000941 2047873024 master_component.cc:1473] DisposeModel rwt
I1005 19:47:52.021535 2047873024 master_component.cc:1059] FitOffline: ItemsProcessed, num_items=1728, num_batches=2, token_weight=808522, token_weight_in_effect=808522
I1005 19:47:52.021833 2047873024 c_interface.cc:389] Pass FitOfflineMasterModelArgs, batch_filename_size=2, batch_weight_size=2, num_collection_passes=1, reset_nwt=yes to MN4artm4core15MasterComponentEFvRKNS_25FitOfflineMasterModelArgsEE
I1005 19:47:52.021852 2047873024 master_component.cc:1398] ProcessBatchesArgs: nwt_target_name=nwt, batch_filename_size=2, batch_size=0, batch_weight_size=2, pwt_source_name=pwt, num_document_passes=10, regularizer=(name:SmoothSparsePhi, tau:100000), class=(author:1), class=(text:1), reuse_theta=no, opt_for_avx=yes, predict_class_id=, reset_nwt=yes
I1005 19:47:52.038511 26992640 processor.cc:747] Processing queue has data, processing started
I1005 19:47:52.038518 27529216 processor.cc:747] Processing queue has data, processing started
I1005 19:47:52.051914 26992640 processor.cc:820] Processor: start processing batch 8e5324c3-60ac-4fe0-8596-6b66efde3474 into model nwt
I1005 19:47:52.062161 27529216 processor.cc:820] Processor: start processing batch f77511fa-f51f-43d7-8787-787d83058187 into model nwt
I1005 19:47:52.283017 26992640 processor.cc:925] Processor: complete processing batch 8e5324c3-60ac-4fe0-8596-6b66efde3474 into model nwt
I1005 19:47:52.287262 26992640 cuckoo_watch.h:45] 248ms in ProcessBatch(lectures_batches/aaaaaa.batch) [including 13ms in LoadMessage; 8ms in InitializeSparseNdw; 0ms in InitializeTheta; 0ms in CreateRegularizerAgents; 171ms in InferThetaAndUpdateNwtSparse; 51ms in CalculateScore(^^^ItemsProcessedScore^^^); ]
I1005 19:47:52.308805 26992640 processor.cc:740] No data in processing queue, waiting...
I1005 19:47:52.559954 27529216 processor.cc:925] Processor: complete processing batch f77511fa-f51f-43d7-8787-787d83058187 into model nwt
I1005 19:47:52.565910 27529216 cuckoo_watch.h:45] 527ms in ProcessBatch(lectures_batches/aaaaab.batch) [including 23ms in LoadMessage; 22ms in InitializeSparseNdw; 0ms in InitializeTheta; 0ms in CreateRegularizerAgents; 365ms in InferThetaAndUpdateNwtSparse; 110ms in CalculateScore(^^^ItemsProcessedScore^^^); ]
I1005 19:47:52.566228 2047873024 master_component.cc:1436] RegularizeModelArgs: rwt_target_name=rwt, pwt_source_name=pwt, nwt_source_name=nwt
I1005 19:47:52.566246 2047873024 master_component.cc:976] MasterComponent: start regularizing model pwt
I1005 19:47:52.589802 27529216 processor.cc:740] No data in processing queue, waiting...
I1005 19:47:52.679277 2047873024 master_component.cc:1002] MasterComponent: complete regularizing model pwt
I1005 19:47:52.679296 2047873024 master_component.cc:1449] NormalizeModelArgs: pwt_target_name=pwt, nwt_source_name=nwt, rwt_source_name=rwt
I1005 19:47:52.679302 2047873024 master_component.cc:1006] MasterComponent: start normalizing model nwt
I1005 19:47:52.757930 2047873024 master_component.cc:1034] MasterComponent: complete normalizing model nwt
I1005 19:47:52.825096 2047873024 master_component.cc:1473] DisposeModel rwt
I1005 19:47:52.845922 2047873024 master_component.cc:1059] FitOffline: ItemsProcessed, num_items=1728, num_batches=2, token_weight=808522, token_weight_in_effect=808522
I1005 19:47:52.846228 2047873024 c_interface.cc:389] Pass FitOfflineMasterModelArgs, batch_filename_size=2, batch_weight_size=2, num_collection_passes=1, reset_nwt=yes to MN4artm4core15MasterComponentEFvRKNS_25FitOfflineMasterModelArgsEE
I1005 19:47:52.846243 2047873024 master_component.cc:1398] ProcessBatchesArgs: nwt_target_name=nwt, batch_filename_size=2, batch_size=0, batch_weight_size=2, pwt_source_name=pwt, num_document_passes=10, regularizer=(name:SmoothSparsePhi, tau:100000), class=(author:1), class=(text:1), reuse_theta=no, opt_for_avx=yes, predict_class_id=, reset_nwt=yes
I1005 19:47:52.863770 25382912 processor.cc:747] Processing queue has data, processing started
I1005 19:47:52.863752 24846336 processor.cc:747] Processing queue has data, processing started
I1005 19:47:52.877262 24846336 processor.cc:820] Processor: start processing batch 8e5324c3-60ac-4fe0-8596-6b66efde3474 into model nwt
I1005 19:47:52.887898 25382912 processor.cc:820] Processor: start processing batch f77511fa-f51f-43d7-8787-787d83058187 into model nwt
I1005 19:47:53.102630 24846336 processor.cc:925] Processor: complete processing batch 8e5324c3-60ac-4fe0-8596-6b66efde3474 into model nwt
I1005 19:47:53.108343 24846336 cuckoo_watch.h:45] 244ms in ProcessBatch(lectures_batches/aaaaaa.batch) [including 13ms in LoadMessage; 7ms in InitializeSparseNdw; 0ms in InitializeTheta; 0ms in CreateRegularizerAgents; 166ms in InferThetaAndUpdateNwtSparse; 51ms in CalculateScore(^^^ItemsProcessedScore^^^); ]
I1005 19:47:53.130946 24846336 processor.cc:740] No data in processing queue, waiting...
I1005 19:47:53.356709 25382912 processor.cc:925] Processor: complete processing batch f77511fa-f51f-43d7-8787-787d83058187 into model nwt
I1005 19:47:53.362035 25382912 cuckoo_watch.h:45] 498ms in ProcessBatch(lectures_batches/aaaaab.batch) [including 24ms in LoadMessage; 21ms in InitializeSparseNdw; 0ms in InitializeTheta; 0ms in CreateRegularizerAgents; 354ms in InferThetaAndUpdateNwtSparse; 92ms in CalculateScore(^^^ItemsProcessedScore^^^); ]
I1005 19:47:53.363193 2047873024 master_component.cc:1436] RegularizeModelArgs: rwt_target_name=rwt, pwt_source_name=pwt, nwt_source_name=nwt
I1005 19:47:53.363238 2047873024 master_component.cc:976] MasterComponent: start regularizing model pwt
I1005 19:47:53.386333 25382912 processor.cc:740] No data in processing queue, waiting...
I1005 19:47:53.468642 2047873024 master_component.cc:1002] MasterComponent: complete regularizing model pwt
I1005 19:47:53.468662 2047873024 master_component.cc:1449] NormalizeModelArgs: pwt_target_name=pwt, nwt_source_name=nwt, rwt_source_name=rwt
I1005 19:47:53.468667 2047873024 master_component.cc:1006] MasterComponent: start normalizing model nwt
I1005 19:47:53.546782 2047873024 master_component.cc:1034] MasterComponent: complete normalizing model nwt
I1005 19:47:53.611971 2047873024 master_component.cc:1473] DisposeModel rwt
I1005 19:47:53.629776 2047873024 master_component.cc:1059] FitOffline: ItemsProcessed, num_items=1728, num_batches=2, token_weight=808522, token_weight_in_effect=808522
I1005 19:48:04.891247 2047873024 c_interface.cc:389] Pass FitOfflineMasterModelArgs, batch_filename_size=2, batch_weight_size=2, num_collection_passes=1, reset_nwt=yes to MN4artm4core15MasterComponentEFvRKNS_25FitOfflineMasterModelArgsEE
I1005 19:48:04.891266 2047873024 master_component.cc:1398] ProcessBatchesArgs: nwt_target_name=nwt, batch_filename_size=2, batch_size=0, batch_weight_size=2, pwt_source_name=pwt, num_document_passes=10, regularizer=(name:SmoothSparsePhi, tau:100000), class=(author:1), class=(text:1), reuse_theta=no, opt_for_avx=yes, predict_class_id=, reset_nwt=yes
I1005 19:48:04.909623 24846336 processor.cc:747] Processing queue has data, processing started
I1005 19:48:04.909646 24309760 processor.cc:747] Processing queue has data, processing started
I1005 19:48:04.923867 24846336 processor.cc:820] Processor: start processing batch 8e5324c3-60ac-4fe0-8596-6b66efde3474 into model nwt
I1005 19:48:04.934644 24309760 processor.cc:820] Processor: start processing batch f77511fa-f51f-43d7-8787-787d83058187 into model nwt
I1005 19:48:05.143656 24846336 processor.cc:925] Processor: complete processing batch 8e5324c3-60ac-4fe0-8596-6b66efde3474 into model nwt
I1005 19:48:05.147346 24846336 cuckoo_watch.h:45] 237ms in ProcessBatch(lectures_batches/aaaaaa.batch) [including 14ms in LoadMessage; 8ms in InitializeSparseNdw; 0ms in InitializeTheta; 0ms in CreateRegularizerAgents; 164ms in InferThetaAndUpdateNwtSparse; 47ms in CalculateScore(^^^ItemsProcessedScore^^^); ]
I1005 19:48:05.170799 24846336 processor.cc:740] No data in processing queue, waiting...
I1005 19:48:05.422124 24309760 processor.cc:925] Processor: complete processing batch f77511fa-f51f-43d7-8787-787d83058187 into model nwt
I1005 19:48:05.428045 24309760 cuckoo_watch.h:45] 518ms in ProcessBatch(lectures_batches/aaaaab.batch) [including 24ms in LoadMessage; 22ms in InitializeSparseNdw; 0ms in InitializeTheta; 0ms in CreateRegularizerAgents; 360ms in InferThetaAndUpdateNwtSparse; 103ms in CalculateScore(^^^ItemsProcessedScore^^^); ]
I1005 19:48:05.428499 2047873024 master_component.cc:1436] RegularizeModelArgs: rwt_target_name=rwt, pwt_source_name=pwt, nwt_source_name=nwt
I1005 19:48:05.428545 2047873024 master_component.cc:976] MasterComponent: start regularizing model pwt
I1005 19:48:05.452005 24309760 processor.cc:740] No data in processing queue, waiting...
I1005 19:48:05.538460 2047873024 master_component.cc:1002] MasterComponent: complete regularizing model pwt
I1005 19:48:05.538478 2047873024 master_component.cc:1449] NormalizeModelArgs: pwt_target_name=pwt, nwt_source_name=nwt, rwt_source_name=rwt
I1005 19:48:05.538484 2047873024 master_component.cc:1006] MasterComponent: start normalizing model nwt
I1005 19:48:05.618913 2047873024 master_component.cc:1034] MasterComponent: complete normalizing model nwt
I1005 19:48:05.686630 2047873024 master_component.cc:1473] DisposeModel rwt
I1005 19:48:05.702757 2047873024 master_component.cc:1059] FitOffline: ItemsProcessed, num_items=1728, num_batches=2, token_weight=808522, token_weight_in_effect=808522
I1005 19:48:05.703034 2047873024 c_interface.cc:389] Pass FitOfflineMasterModelArgs, batch_filename_size=2, batch_weight_size=2, num_collection_passes=1, reset_nwt=yes to MN4artm4core15MasterComponentEFvRKNS_25FitOfflineMasterModelArgsEE
I1005 19:48:05.703048 2047873024 master_component.cc:1398] ProcessBatchesArgs: nwt_target_name=nwt, batch_filename_size=2, batch_size=0, batch_weight_size=2, pwt_source_name=pwt, num_document_passes=10, regularizer=(name:SmoothSparsePhi, tau:100000), class=(author:1), class=(text:1), reuse_theta=no, opt_for_avx=yes, predict_class_id=, reset_nwt=yes
I1005 19:48:05.719663 23773184 processor.cc:747] Processing queue has data, processing started
I1005 19:48:05.719677 26992640 processor.cc:747] Processing queue has data, processing started
I1005 19:48:05.733281 23773184 processor.cc:820] Processor: start processing batch 8e5324c3-60ac-4fe0-8596-6b66efde3474 into model nwt
I1005 19:48:05.743150 26992640 processor.cc:820] Processor: start processing batch f77511fa-f51f-43d7-8787-787d83058187 into model nwt
I1005 19:48:05.956462 23773184 processor.cc:925] Processor: complete processing batch 8e5324c3-60ac-4fe0-8596-6b66efde3474 into model nwt
I1005 19:48:05.960186 23773184 cuckoo_watch.h:45] 240ms in ProcessBatch(lectures_batches/aaaaaa.batch) [including 13ms in LoadMessage; 7ms in InitializeSparseNdw; 0ms in InitializeTheta; 0ms in CreateRegularizerAgents; 168ms in InferThetaAndUpdateNwtSparse; 47ms in CalculateScore(^^^ItemsProcessedScore^^^); ]
I1005 19:48:05.982285 23773184 processor.cc:740] No data in processing queue, waiting...
I1005 19:48:06.222997 26992640 processor.cc:925] Processor: complete processing batch f77511fa-f51f-43d7-8787-787d83058187 into model nwt
I1005 19:48:06.228308 26992640 cuckoo_watch.h:45] 508ms in ProcessBatch(lectures_batches/aaaaab.batch) [including 23ms in LoadMessage; 18ms in InitializeSparseNdw; 0ms in InitializeTheta; 0ms in CreateRegularizerAgents; 355ms in InferThetaAndUpdateNwtSparse; 106ms in CalculateScore(^^^ItemsProcessedScore^^^); ]
I1005 19:48:06.229447 2047873024 master_component.cc:1436] RegularizeModelArgs: rwt_target_name=rwt, pwt_source_name=pwt, nwt_source_name=nwt
I1005 19:48:06.229492 2047873024 master_component.cc:976] MasterComponent: start regularizing model pwt
I1005 19:48:06.252300 26992640 processor.cc:740] No data in processing queue, waiting...
I1005 19:48:06.337134 2047873024 master_component.cc:1002] MasterComponent: complete regularizing model pwt
I1005 19:48:06.337155 2047873024 master_component.cc:1449] NormalizeModelArgs: pwt_target_name=pwt, nwt_source_name=nwt, rwt_source_name=rwt
I1005 19:48:06.337162 2047873024 master_component.cc:1006] MasterComponent: start normalizing model nwt
I1005 19:48:06.423530 2047873024 master_component.cc:1034] MasterComponent: complete normalizing model nwt
I1005 19:48:06.493881 2047873024 master_component.cc:1473] DisposeModel rwt
I1005 19:48:06.511399 2047873024 master_component.cc:1059] FitOffline: ItemsProcessed, num_items=1728, num_batches=2, token_weight=808522, token_weight_in_effect=808522
I1005 19:48:06.511649 2047873024 c_interface.cc:389] Pass FitOfflineMasterModelArgs, batch_filename_size=2, batch_weight_size=2, num_collection_passes=1, reset_nwt=yes to MN4artm4core15MasterComponentEFvRKNS_25FitOfflineMasterModelArgsEE
I1005 19:48:06.511699 2047873024 master_component.cc:1398] ProcessBatchesArgs: nwt_target_name=nwt, batch_filename_size=2, batch_size=0, batch_weight_size=2, pwt_source_name=pwt, num_document_passes=10, regularizer=(name:SmoothSparsePhi, tau:100000), class=(author:1), class=(text:1), reuse_theta=no, opt_for_avx=yes, predict_class_id=, reset_nwt=yes
I1005 19:48:06.528508 26456064 processor.cc:747] Processing queue has data, processing started
I1005 19:48:06.528518 24846336 processor.cc:747] Processing queue has data, processing started
I1005 19:48:06.542127 26456064 processor.cc:820] Processor: start processing batch 8e5324c3-60ac-4fe0-8596-6b66efde3474 into model nwt
I1005 19:48:06.552049 24846336 processor.cc:820] Processor: start processing batch f77511fa-f51f-43d7-8787-787d83058187 into model nwt
I1005 19:48:06.752241 26456064 processor.cc:925] Processor: complete processing batch 8e5324c3-60ac-4fe0-8596-6b66efde3474 into model nwt
I1005 19:48:06.756075 26456064 cuckoo_watch.h:45] 227ms in ProcessBatch(lectures_batches/aaaaaa.batch) [including 13ms in LoadMessage; 7ms in InitializeSparseNdw; 0ms in InitializeTheta; 0ms in CreateRegularizerAgents; 157ms in InferThetaAndUpdateNwtSparse; 44ms in CalculateScore(^^^ItemsProcessedScore^^^); ]
I1005 19:48:06.778725 26456064 processor.cc:740] No data in processing queue, waiting...
I1005 19:48:07.041427 24846336 processor.cc:925] Processor: complete processing batch f77511fa-f51f-43d7-8787-787d83058187 into model nwt
I1005 19:48:07.048533 24846336 cuckoo_watch.h:45] 519ms in ProcessBatch(lectures_batches/aaaaab.batch) [including 23ms in LoadMessage; 18ms in InitializeSparseNdw; 0ms in InitializeTheta; 0ms in CreateRegularizerAgents; 358ms in InferThetaAndUpdateNwtSparse; 111ms in CalculateScore(^^^ItemsProcessedScore^^^); ]
I1005 19:48:07.049381 2047873024 master_component.cc:1436] RegularizeModelArgs: rwt_target_name=rwt, pwt_source_name=pwt, nwt_source_name=nwt
I1005 19:48:07.049440 2047873024 master_component.cc:976] MasterComponent: start regularizing model pwt
I1005 19:48:07.072569 24846336 processor.cc:740] No data in processing queue, waiting...
I1005 19:48:07.154806 2047873024 master_component.cc:1002] MasterComponent: complete regularizing model pwt
I1005 19:48:07.154826 2047873024 master_component.cc:1449] NormalizeModelArgs: pwt_target_name=pwt, nwt_source_name=nwt, rwt_source_name=rwt
I1005 19:48:07.154834 2047873024 master_component.cc:1006] MasterComponent: start normalizing model nwt
I1005 19:48:07.230224 2047873024 master_component.cc:1034] MasterComponent: complete normalizing model nwt
I1005 19:48:07.293349 2047873024 master_component.cc:1473] DisposeModel rwt
I1005 19:48:07.311826 2047873024 master_component.cc:1059] FitOffline: ItemsProcessed, num_items=1728, num_batches=2, token_weight=808522, token_weight_in_effect=808522
I1005 19:48:07.312054 2047873024 c_interface.cc:389] Pass FitOfflineMasterModelArgs, batch_filename_size=2, batch_weight_size=2, num_collection_passes=1, reset_nwt=yes to MN4artm4core15MasterComponentEFvRKNS_25FitOfflineMasterModelArgsEE
I1005 19:48:07.312065 2047873024 master_component.cc:1398] ProcessBatchesArgs: nwt_target_name=nwt, batch_filename_size=2, batch_size=0, batch_weight_size=2, pwt_source_name=pwt, num_document_passes=10, regularizer=(name:SmoothSparsePhi, tau:100000), class=(author:1), class=(text:1), reuse_theta=no, opt_for_avx=yes, predict_class_id=, reset_nwt=yes
I1005 19:48:07.330385 26992640 processor.cc:747] Processing queue has data, processing started
I1005 19:48:07.330488 23773184 processor.cc:747] Processing queue has data, processing started
I1005 19:48:07.343907 26992640 processor.cc:820] Processor: start processing batch 8e5324c3-60ac-4fe0-8596-6b66efde3474 into model nwt
I1005 19:48:07.354312 23773184 processor.cc:820] Processor: start processing batch f77511fa-f51f-43d7-8787-787d83058187 into model nwt
I1005 19:48:07.556083 26992640 processor.cc:925] Processor: complete processing batch 8e5324c3-60ac-4fe0-8596-6b66efde3474 into model nwt
I1005 19:48:07.559726 26992640 cuckoo_watch.h:45] 229ms in ProcessBatch(lectures_batches/aaaaaa.batch) [including 13ms in LoadMessage; 8ms in InitializeSparseNdw; 0ms in InitializeTheta; 0ms in CreateRegularizerAgents; 160ms in InferThetaAndUpdateNwtSparse; 42ms in CalculateScore(^^^ItemsProcessedScore^^^); ]
I1005 19:48:07.581985 26992640 processor.cc:740] No data in processing queue, waiting...
I1005 19:48:07.833191 23773184 processor.cc:925] Processor: complete processing batch f77511fa-f51f-43d7-8787-787d83058187 into model nwt
I1005 19:48:07.839264 23773184 cuckoo_watch.h:45] 508ms in ProcessBatch(lectures_batches/aaaaab.batch) [including 23ms in LoadMessage; 18ms in InitializeSparseNdw; 0ms in InitializeTheta; 0ms in CreateRegularizerAgents; 351ms in InferThetaAndUpdateNwtSparse; 109ms in CalculateScore(^^^ItemsProcessedScore^^^); ]
I1005 19:48:07.839671 2047873024 master_component.cc:1436] RegularizeModelArgs: rwt_target_name=rwt, pwt_source_name=pwt, nwt_source_name=nwt
I1005 19:48:07.839691 2047873024 master_component.cc:976] MasterComponent: start regularizing model pwt
I1005 19:48:07.862778 23773184 processor.cc:740] No data in processing queue, waiting...
I1005 19:48:07.947533 2047873024 master_component.cc:1002] MasterComponent: complete regularizing model pwt
I1005 19:48:07.947553 2047873024 master_component.cc:1449] NormalizeModelArgs: pwt_target_name=pwt, nwt_source_name=nwt, rwt_source_name=rwt
I1005 19:48:07.947559 2047873024 master_component.cc:1006] MasterComponent: start normalizing model nwt
I1005 19:48:08.026985 2047873024 master_component.cc:1034] MasterComponent: complete normalizing model nwt
I1005 19:48:08.088753 2047873024 master_component.cc:1473] DisposeModel rwt
I1005 19:48:08.105419 2047873024 master_component.cc:1059] FitOffline: ItemsProcessed, num_items=1728, num_batches=2, token_weight=808522, token_weight_in_effect=808522
I1005 19:48:08.105690 2047873024 c_interface.cc:389] Pass FitOfflineMasterModelArgs, batch_filename_size=2, batch_weight_size=2, num_collection_passes=1, reset_nwt=yes to MN4artm4core15MasterComponentEFvRKNS_25FitOfflineMasterModelArgsEE
I1005 19:48:08.105702 2047873024 master_component.cc:1398] ProcessBatchesArgs: nwt_target_name=nwt, batch_filename_size=2, batch_size=0, batch_weight_size=2, pwt_source_name=pwt, num_document_passes=10, regularizer=(name:SmoothSparsePhi, tau:100000), class=(author:1), class=(text:1), reuse_theta=no, opt_for_avx=yes, predict_class_id=, reset_nwt=yes
I1005 19:48:08.124065 26992640 processor.cc:747] Processing queue has data, processing started
I1005 19:48:08.124073 26456064 processor.cc:747] Processing queue has data, processing started
I1005 19:48:08.138305 26992640 processor.cc:820] Processor: start processing batch 8e5324c3-60ac-4fe0-8596-6b66efde3474 into model nwt
I1005 19:48:08.150187 26456064 processor.cc:820] Processor: start processing batch f77511fa-f51f-43d7-8787-787d83058187 into model nwt
I1005 19:48:08.366473 26992640 processor.cc:925] Processor: complete processing batch 8e5324c3-60ac-4fe0-8596-6b66efde3474 into model nwt
I1005 19:48:08.370211 26992640 cuckoo_watch.h:45] 246ms in ProcessBatch(lectures_batches/aaaaaa.batch) [including 14ms in LoadMessage; 9ms in InitializeSparseNdw; 0ms in InitializeTheta; 0ms in CreateRegularizerAgents; 169ms in InferThetaAndUpdateNwtSparse; 48ms in CalculateScore(^^^ItemsProcessedScore^^^); ]
I1005 19:48:08.392740 26992640 processor.cc:740] No data in processing queue, waiting...
I1005 19:48:08.637084 26456064 processor.cc:925] Processor: complete processing batch f77511fa-f51f-43d7-8787-787d83058187 into model nwt
I1005 19:48:08.644145 26456064 cuckoo_watch.h:45] 520ms in ProcessBatch(lectures_batches/aaaaab.batch) [including 26ms in LoadMessage; 21ms in InitializeSparseNdw; 0ms in InitializeTheta; 0ms in CreateRegularizerAgents; 354ms in InferThetaAndUpdateNwtSparse; 110ms in CalculateScore(^^^ItemsProcessedScore^^^); ]
I1005 19:48:08.644647 2047873024 master_component.cc:1436] RegularizeModelArgs: rwt_target_name=rwt, pwt_source_name=pwt, nwt_source_name=nwt
I1005 19:48:08.644670 2047873024 master_component.cc:976] MasterComponent: start regularizing model pwt
I1005 19:48:08.667587 26456064 processor.cc:740] No data in processing queue, waiting...
I1005 19:48:08.752164 2047873024 master_component.cc:1002] MasterComponent: complete regularizing model pwt
I1005 19:48:08.752183 2047873024 master_component.cc:1449] NormalizeModelArgs: pwt_target_name=pwt, nwt_source_name=nwt, rwt_source_name=rwt
I1005 19:48:08.752189 2047873024 master_component.cc:1006] MasterComponent: start normalizing model nwt
I1005 19:48:08.832324 2047873024 master_component.cc:1034] MasterComponent: complete normalizing model nwt
I1005 19:48:08.900897 2047873024 master_component.cc:1473] DisposeModel rwt
I1005 19:48:08.919196 2047873024 master_component.cc:1059] FitOffline: ItemsProcessed, num_items=1728, num_batches=2, token_weight=808522, token_weight_in_effect=808522
I1005 19:48:08.919458 2047873024 c_interface.cc:389] Pass FitOfflineMasterModelArgs, batch_filename_size=2, batch_weight_size=2, num_collection_passes=1, reset_nwt=yes to MN4artm4core15MasterComponentEFvRKNS_25FitOfflineMasterModelArgsEE
I1005 19:48:08.919471 2047873024 master_component.cc:1398] ProcessBatchesArgs: nwt_target_name=nwt, batch_filename_size=2, batch_size=0, batch_weight_size=2, pwt_source_name=pwt, num_document_passes=10, regularizer=(name:SmoothSparsePhi, tau:100000), class=(author:1), class=(text:1), reuse_theta=no, opt_for_avx=yes, predict_class_id=, reset_nwt=yes
I1005 19:48:08.938732 27529216 processor.cc:747] Processing queue has data, processing started
I1005 19:48:08.938747 25382912 processor.cc:747] Processing queue has data, processing started
I1005 19:48:08.953243 27529216 processor.cc:820] Processor: start processing batch 8e5324c3-60ac-4fe0-8596-6b66efde3474 into model nwt
I1005 19:48:08.964897 25382912 processor.cc:820] Processor: start processing batch f77511fa-f51f-43d7-8787-787d83058187 into model nwt
I1005 19:48:09.174381 27529216 processor.cc:925] Processor: complete processing batch 8e5324c3-60ac-4fe0-8596-6b66efde3474 into model nwt
I1005 19:48:09.178442 27529216 cuckoo_watch.h:45] 239ms in ProcessBatch(lectures_batches/aaaaaa.batch) [including 14ms in LoadMessage; 8ms in InitializeSparseNdw; 0ms in InitializeTheta; 0ms in CreateRegularizerAgents; 166ms in InferThetaAndUpdateNwtSparse; 46ms in CalculateScore(^^^ItemsProcessedScore^^^); ]
I1005 19:48:09.201689 27529216 processor.cc:740] No data in processing queue, waiting...
I1005 19:48:09.452442 25382912 processor.cc:925] Processor: complete processing batch f77511fa-f51f-43d7-8787-787d83058187 into model nwt
I1005 19:48:09.457892 25382912 cuckoo_watch.h:45] 519ms in ProcessBatch(lectures_batches/aaaaab.batch) [including 26ms in LoadMessage; 20ms in InitializeSparseNdw; 0ms in InitializeTheta; 0ms in CreateRegularizerAgents; 365ms in InferThetaAndUpdateNwtSparse; 101ms in CalculateScore(^^^ItemsProcessedScore^^^); ]
I1005 19:48:09.458498 2047873024 master_component.cc:1436] RegularizeModelArgs: rwt_target_name=rwt, pwt_source_name=pwt, nwt_source_name=nwt
I1005 19:48:09.458542 2047873024 master_component.cc:976] MasterComponent: start regularizing model pwt
I1005 19:48:09.482007 25382912 processor.cc:740] No data in processing queue, waiting...
I1005 19:48:09.561923 2047873024 master_component.cc:1002] MasterComponent: complete regularizing model pwt
I1005 19:48:09.561942 2047873024 master_component.cc:1449] NormalizeModelArgs: pwt_target_name=pwt, nwt_source_name=nwt, rwt_source_name=rwt
I1005 19:48:09.561949 2047873024 master_component.cc:1006] MasterComponent: start normalizing model nwt
I1005 19:48:09.637647 2047873024 master_component.cc:1034] MasterComponent: complete normalizing model nwt
I1005 19:48:09.699540 2047873024 master_component.cc:1473] DisposeModel rwt
I1005 19:48:09.715770 2047873024 master_component.cc:1059] FitOffline: ItemsProcessed, num_items=1728, num_batches=2, token_weight=808522, token_weight_in_effect=808522
I1005 19:48:09.716014 2047873024 c_interface.cc:389] Pass FitOfflineMasterModelArgs, batch_filename_size=2, batch_weight_size=2, num_collection_passes=1, reset_nwt=yes to MN4artm4core15MasterComponentEFvRKNS_25FitOfflineMasterModelArgsEE
I1005 19:48:09.716081 2047873024 master_component.cc:1398] ProcessBatchesArgs: nwt_target_name=nwt, batch_filename_size=2, batch_size=0, batch_weight_size=2, pwt_source_name=pwt, num_document_passes=10, regularizer=(name:SmoothSparsePhi, tau:100000), class=(author:1), class=(text:1), reuse_theta=no, opt_for_avx=yes, predict_class_id=, reset_nwt=yes
I1005 19:48:09.734217 23773184 processor.cc:747] Processing queue has data, processing started
I1005 19:48:09.734230 24846336 processor.cc:747] Processing queue has data, processing started
I1005 19:48:09.747658 23773184 processor.cc:820] Processor: start processing batch 8e5324c3-60ac-4fe0-8596-6b66efde3474 into model nwt
I1005 19:48:09.757943 24846336 processor.cc:820] Processor: start processing batch f77511fa-f51f-43d7-8787-787d83058187 into model nwt
I1005 19:48:09.957063 23773184 processor.cc:925] Processor: complete processing batch 8e5324c3-60ac-4fe0-8596-6b66efde3474 into model nwt
I1005 19:48:09.960539 23773184 cuckoo_watch.h:45] 226ms in ProcessBatch(lectures_batches/aaaaaa.batch) [including 13ms in LoadMessage; 7ms in InitializeSparseNdw; 0ms in InitializeTheta; 0ms in CreateRegularizerAgents; 158ms in InferThetaAndUpdateNwtSparse; 43ms in CalculateScore(^^^ItemsProcessedScore^^^); ]
I1005 19:48:09.983382 23773184 processor.cc:740] No data in processing queue, waiting...
I1005 19:48:10.228325 24846336 processor.cc:925] Processor: complete processing batch f77511fa-f51f-43d7-8787-787d83058187 into model nwt
I1005 19:48:10.234683 24846336 cuckoo_watch.h:45] 500ms in ProcessBatch(lectures_batches/aaaaab.batch) [including 23ms in LoadMessage; 18ms in InitializeSparseNdw; 0ms in InitializeTheta; 0ms in CreateRegularizerAgents; 356ms in InferThetaAndUpdateNwtSparse; 95ms in CalculateScore(^^^ItemsProcessedScore^^^); ]
I1005 19:48:10.235991 2047873024 master_component.cc:1436] RegularizeModelArgs: rwt_target_name=rwt, pwt_source_name=pwt, nwt_source_name=nwt
I1005 19:48:10.236035 2047873024 master_component.cc:976] MasterComponent: start regularizing model pwt
I1005 19:48:10.259174 24846336 processor.cc:740] No data in processing queue, waiting...
I1005 19:48:10.346632 2047873024 master_component.cc:1002] MasterComponent: complete regularizing model pwt
I1005 19:48:10.346653 2047873024 master_component.cc:1449] NormalizeModelArgs: pwt_target_name=pwt, nwt_source_name=nwt, rwt_source_name=rwt
I1005 19:48:10.346660 2047873024 master_component.cc:1006] MasterComponent: start normalizing model nwt
I1005 19:48:10.424769 2047873024 master_component.cc:1034] MasterComponent: complete normalizing model nwt
I1005 19:48:10.487066 2047873024 master_component.cc:1473] DisposeModel rwt
I1005 19:48:10.503193 2047873024 master_component.cc:1059] FitOffline: ItemsProcessed, num_items=1728, num_batches=2, token_weight=808522, token_weight_in_effect=808522
I1005 19:48:10.503455 2047873024 c_interface.cc:389] Pass FitOfflineMasterModelArgs, batch_filename_size=2, batch_weight_size=2, num_collection_passes=1, reset_nwt=yes to MN4artm4core15MasterComponentEFvRKNS_25FitOfflineMasterModelArgsEE
I1005 19:48:10.503469 2047873024 master_component.cc:1398] ProcessBatchesArgs: nwt_target_name=nwt, batch_filename_size=2, batch_size=0, batch_weight_size=2, pwt_source_name=pwt, num_document_passes=10, regularizer=(name:SmoothSparsePhi, tau:100000), class=(author:1), class=(text:1), reuse_theta=no, opt_for_avx=yes, predict_class_id=, reset_nwt=yes
I1005 19:48:10.519655 25382912 processor.cc:747] Processing queue has data, processing started
I1005 19:48:10.519659 23773184 processor.cc:747] Processing queue has data, processing started
I1005 19:48:10.532889 25382912 processor.cc:820] Processor: start processing batch 8e5324c3-60ac-4fe0-8596-6b66efde3474 into model nwt
I1005 19:48:10.544124 23773184 processor.cc:820] Processor: start processing batch f77511fa-f51f-43d7-8787-787d83058187 into model nwt
I1005 19:48:10.743557 25382912 processor.cc:925] Processor: complete processing batch 8e5324c3-60ac-4fe0-8596-6b66efde3474 into model nwt
I1005 19:48:10.747045 25382912 cuckoo_watch.h:45] 227ms in ProcessBatch(lectures_batches/aaaaaa.batch) [including 13ms in LoadMessage; 8ms in InitializeSparseNdw; 0ms in InitializeTheta; 0ms in CreateRegularizerAgents; 158ms in InferThetaAndUpdateNwtSparse; 44ms in CalculateScore(^^^ItemsProcessedScore^^^); ]
I1005 19:48:10.770376 25382912 processor.cc:740] No data in processing queue, waiting...
I1005 19:48:11.031929 23773184 processor.cc:925] Processor: complete processing batch f77511fa-f51f-43d7-8787-787d83058187 into model nwt
I1005 19:48:11.038481 23773184 cuckoo_watch.h:45] 518ms in ProcessBatch(lectures_batches/aaaaab.batch) [including 24ms in LoadMessage; 19ms in InitializeSparseNdw; 0ms in InitializeTheta; 0ms in CreateRegularizerAgents; 359ms in InferThetaAndUpdateNwtSparse; 108ms in CalculateScore(^^^ItemsProcessedScore^^^); ]
I1005 19:48:11.039428 2047873024 master_component.cc:1436] RegularizeModelArgs: rwt_target_name=rwt, pwt_source_name=pwt, nwt_source_name=nwt
I1005 19:48:11.039479 2047873024 master_component.cc:976] MasterComponent: start regularizing model pwt
I1005 19:48:11.062479 23773184 processor.cc:740] No data in processing queue, waiting...
I1005 19:48:11.146322 2047873024 master_component.cc:1002] MasterComponent: complete regularizing model pwt
I1005 19:48:11.146343 2047873024 master_component.cc:1449] NormalizeModelArgs: pwt_target_name=pwt, nwt_source_name=nwt, rwt_source_name=rwt
I1005 19:48:11.146349 2047873024 master_component.cc:1006] MasterComponent: start normalizing model nwt
I1005 19:48:11.221400 2047873024 master_component.cc:1034] MasterComponent: complete normalizing model nwt
I1005 19:48:11.281793 2047873024 master_component.cc:1473] DisposeModel rwt
I1005 19:48:11.298334 2047873024 master_component.cc:1059] FitOffline: ItemsProcessed, num_items=1728, num_batches=2, token_weight=808522, token_weight_in_effect=808522
I1005 19:48:11.298620 2047873024 c_interface.cc:389] Pass FitOfflineMasterModelArgs, batch_filename_size=2, batch_weight_size=2, num_collection_passes=1, reset_nwt=yes to MN4artm4core15MasterComponentEFvRKNS_25FitOfflineMasterModelArgsEE
I1005 19:48:11.298638 2047873024 master_component.cc:1398] ProcessBatchesArgs: nwt_target_name=nwt, batch_filename_size=2, batch_size=0, batch_weight_size=2, pwt_source_name=pwt, num_document_passes=10, regularizer=(name:SmoothSparsePhi, tau:100000), class=(author:1), class=(text:1), reuse_theta=no, opt_for_avx=yes, predict_class_id=, reset_nwt=yes
I1005 19:48:11.317198 24309760 processor.cc:747] Processing queue has data, processing started
I1005 19:48:11.317224 24846336 processor.cc:747] Processing queue has data, processing started
I1005 19:48:11.330529 24309760 processor.cc:820] Processor: start processing batch 8e5324c3-60ac-4fe0-8596-6b66efde3474 into model nwt
I1005 19:48:11.341708 24846336 processor.cc:820] Processor: start processing batch f77511fa-f51f-43d7-8787-787d83058187 into model nwt
I1005 19:48:11.543371 24309760 processor.cc:925] Processor: complete processing batch 8e5324c3-60ac-4fe0-8596-6b66efde3474 into model nwt
I1005 19:48:11.546849 24309760 cuckoo_watch.h:45] 229ms in ProcessBatch(lectures_batches/aaaaaa.batch) [including 13ms in LoadMessage; 8ms in InitializeSparseNdw; 0ms in InitializeTheta; 0ms in CreateRegularizerAgents; 158ms in InferThetaAndUpdateNwtSparse; 45ms in CalculateScore(^^^ItemsProcessedScore^^^); ]
I1005 19:48:11.568188 24309760 processor.cc:740] No data in processing queue, waiting...
I1005 19:48:11.844485 24846336 processor.cc:925] Processor: complete processing batch f77511fa-f51f-43d7-8787-787d83058187 into model nwt
I1005 19:48:11.850531 24846336 cuckoo_watch.h:45] 533ms in ProcessBatch(lectures_batches/aaaaab.batch) [including 24ms in LoadMessage; 20ms in InitializeSparseNdw; 0ms in InitializeTheta; 0ms in CreateRegularizerAgents; 375ms in InferThetaAndUpdateNwtSparse; 106ms in CalculateScore(^^^ItemsProcessedScore^^^); ]
I1005 19:48:11.850780 2047873024 master_component.cc:1436] RegularizeModelArgs: rwt_target_name=rwt, pwt_source_name=pwt, nwt_source_name=nwt
I1005 19:48:11.850845 2047873024 master_component.cc:976] MasterComponent: start regularizing model pwt
I1005 19:48:11.874228 24846336 processor.cc:740] No data in processing queue, waiting...
I1005 19:48:11.955775 2047873024 master_component.cc:1002] MasterComponent: complete regularizing model pwt
I1005 19:48:11.955796 2047873024 master_component.cc:1449] NormalizeModelArgs: pwt_target_name=pwt, nwt_source_name=nwt, rwt_source_name=rwt
I1005 19:48:11.955802 2047873024 master_component.cc:1006] MasterComponent: start normalizing model nwt
I1005 19:48:12.031966 2047873024 master_component.cc:1034] MasterComponent: complete normalizing model nwt
I1005 19:48:12.097854 2047873024 master_component.cc:1473] DisposeModel rwt
I1005 19:48:12.115531 2047873024 master_component.cc:1059] FitOffline: ItemsProcessed, num_items=1728, num_batches=2, token_weight=808522, token_weight_in_effect=808522
I1005 19:48:12.115784 2047873024 c_interface.cc:389] Pass FitOfflineMasterModelArgs, batch_filename_size=2, batch_weight_size=2, num_collection_passes=1, reset_nwt=yes to MN4artm4core15MasterComponentEFvRKNS_25FitOfflineMasterModelArgsEE
I1005 19:48:12.115797 2047873024 master_component.cc:1398] ProcessBatchesArgs: nwt_target_name=nwt, batch_filename_size=2, batch_size=0, batch_weight_size=2, pwt_source_name=pwt, num_document_passes=10, regularizer=(name:SmoothSparsePhi, tau:100000), class=(author:1), class=(text:1), reuse_theta=no, opt_for_avx=yes, predict_class_id=, reset_nwt=yes
I1005 19:48:12.132897 24309760 processor.cc:747] Processing queue has data, processing started
I1005 19:48:12.134178 26456064 processor.cc:747] Processing queue has data, processing started
I1005 19:48:12.146447 24309760 processor.cc:820] Processor: start processing batch 8e5324c3-60ac-4fe0-8596-6b66efde3474 into model nwt
I1005 19:48:12.157600 26456064 processor.cc:820] Processor: start processing batch f77511fa-f51f-43d7-8787-787d83058187 into model nwt
I1005 19:48:12.358978 24309760 processor.cc:925] Processor: complete processing batch 8e5324c3-60ac-4fe0-8596-6b66efde3474 into model nwt
I1005 19:48:12.362334 24309760 cuckoo_watch.h:45] 229ms in ProcessBatch(lectures_batches/aaaaaa.batch) [including 13ms in LoadMessage; 7ms in InitializeSparseNdw; 0ms in InitializeTheta; 0ms in CreateRegularizerAgents; 158ms in InferThetaAndUpdateNwtSparse; 46ms in CalculateScore(^^^ItemsProcessedScore^^^); ]
I1005 19:48:12.385226 24309760 processor.cc:740] No data in processing queue, waiting...
I1005 19:48:12.633193 26456064 processor.cc:925] Processor: complete processing batch f77511fa-f51f-43d7-8787-787d83058187 into model nwt
I1005 19:48:12.638444 26456064 cuckoo_watch.h:45] 504ms in ProcessBatch(lectures_batches/aaaaab.batch) [including 23ms in LoadMessage; 17ms in InitializeSparseNdw; 0ms in InitializeTheta; 0ms in CreateRegularizerAgents; 350ms in InferThetaAndUpdateNwtSparse; 107ms in CalculateScore(^^^ItemsProcessedScore^^^); ]
I1005 19:48:12.639567 2047873024 master_component.cc:1436] RegularizeModelArgs: rwt_target_name=rwt, pwt_source_name=pwt, nwt_source_name=nwt
I1005 19:48:12.639623 2047873024 master_component.cc:976] MasterComponent: start regularizing model pwt
I1005 19:48:12.662773 26456064 processor.cc:740] No data in processing queue, waiting...
I1005 19:48:12.740773 2047873024 master_component.cc:1002] MasterComponent: complete regularizing model pwt
I1005 19:48:12.740794 2047873024 master_component.cc:1449] NormalizeModelArgs: pwt_target_name=pwt, nwt_source_name=nwt, rwt_source_name=rwt
I1005 19:48:12.740800 2047873024 master_component.cc:1006] MasterComponent: start normalizing model nwt
I1005 19:48:12.817673 2047873024 master_component.cc:1034] MasterComponent: complete normalizing model nwt
I1005 19:48:12.878690 2047873024 master_component.cc:1473] DisposeModel rwt
I1005 19:48:12.893867 2047873024 master_component.cc:1059] FitOffline: ItemsProcessed, num_items=1728, num_batches=2, token_weight=808522, token_weight_in_effect=808522
I1005 19:48:12.894100 2047873024 c_interface.cc:389] Pass FitOfflineMasterModelArgs, batch_filename_size=2, batch_weight_size=2, num_collection_passes=1, reset_nwt=yes to MN4artm4core15MasterComponentEFvRKNS_25FitOfflineMasterModelArgsEE
I1005 19:48:12.894140 2047873024 master_component.cc:1398] ProcessBatchesArgs: nwt_target_name=nwt, batch_filename_size=2, batch_size=0, batch_weight_size=2, pwt_source_name=pwt, num_document_passes=10, regularizer=(name:SmoothSparsePhi, tau:100000), class=(author:1), class=(text:1), reuse_theta=no, opt_for_avx=yes, predict_class_id=, reset_nwt=yes
I1005 19:48:12.911604 26992640 processor.cc:747] Processing queue has data, processing started
I1005 19:48:12.911609 26456064 processor.cc:747] Processing queue has data, processing started
I1005 19:48:12.924742 26992640 processor.cc:820] Processor: start processing batch 8e5324c3-60ac-4fe0-8596-6b66efde3474 into model nwt
I1005 19:48:12.935741 26456064 processor.cc:820] Processor: start processing batch f77511fa-f51f-43d7-8787-787d83058187 into model nwt
I1005 19:48:13.143376 26992640 processor.cc:925] Processor: complete processing batch 8e5324c3-60ac-4fe0-8596-6b66efde3474 into model nwt
I1005 19:48:13.147253 26992640 cuckoo_watch.h:45] 235ms in ProcessBatch(lectures_batches/aaaaaa.batch) [including 13ms in LoadMessage; 7ms in InitializeSparseNdw; 0ms in InitializeTheta; 0ms in CreateRegularizerAgents; 164ms in InferThetaAndUpdateNwtSparse; 46ms in CalculateScore(^^^ItemsProcessedScore^^^); ]
I1005 19:48:13.169723 26992640 processor.cc:740] No data in processing queue, waiting...
I1005 19:48:13.423503 26456064 processor.cc:925] Processor: complete processing batch f77511fa-f51f-43d7-8787-787d83058187 into model nwt
I1005 19:48:13.430032 26456064 cuckoo_watch.h:45] 518ms in ProcessBatch(lectures_batches/aaaaab.batch) [including 24ms in LoadMessage; 20ms in InitializeSparseNdw; 0ms in InitializeTheta; 0ms in CreateRegularizerAgents; 365ms in InferThetaAndUpdateNwtSparse; 101ms in CalculateScore(^^^ItemsProcessedScore^^^); ]
I1005 19:48:13.430927 2047873024 master_component.cc:1436] RegularizeModelArgs: rwt_target_name=rwt, pwt_source_name=pwt, nwt_source_name=nwt
I1005 19:48:13.430963 2047873024 master_component.cc:976] MasterComponent: start regularizing model pwt
I1005 19:48:13.454134 26456064 processor.cc:740] No data in processing queue, waiting...
I1005 19:48:13.544549 2047873024 master_component.cc:1002] MasterComponent: complete regularizing model pwt
I1005 19:48:13.544570 2047873024 master_component.cc:1449] NormalizeModelArgs: pwt_target_name=pwt, nwt_source_name=nwt, rwt_source_name=rwt
I1005 19:48:13.544577 2047873024 master_component.cc:1006] MasterComponent: start normalizing model nwt
I1005 19:48:13.634713 2047873024 master_component.cc:1034] MasterComponent: complete normalizing model nwt
I1005 19:48:13.696679 2047873024 master_component.cc:1473] DisposeModel rwt
I1005 19:48:13.713296 2047873024 master_component.cc:1059] FitOffline: ItemsProcessed, num_items=1728, num_batches=2, token_weight=808522, token_weight_in_effect=808522
I1005 19:48:13.713537 2047873024 c_interface.cc:389] Pass FitOfflineMasterModelArgs, batch_filename_size=2, batch_weight_size=2, num_collection_passes=1, reset_nwt=yes to MN4artm4core15MasterComponentEFvRKNS_25FitOfflineMasterModelArgsEE
I1005 19:48:13.713551 2047873024 master_component.cc:1398] ProcessBatchesArgs: nwt_target_name=nwt, batch_filename_size=2, batch_size=0, batch_weight_size=2, pwt_source_name=pwt, num_document_passes=10, regularizer=(name:SmoothSparsePhi, tau:100000), class=(author:1), class=(text:1), reuse_theta=no, opt_for_avx=yes, predict_class_id=, reset_nwt=yes
I1005 19:48:13.730010 24846336 processor.cc:747] Processing queue has data, processing started
I1005 19:48:13.730000 25382912 processor.cc:747] Processing queue has data, processing started
I1005 19:48:13.743180 25382912 processor.cc:820] Processor: start processing batch 8e5324c3-60ac-4fe0-8596-6b66efde3474 into model nwt
I1005 19:48:13.753873 24846336 processor.cc:820] Processor: start processing batch f77511fa-f51f-43d7-8787-787d83058187 into model nwt
I1005 19:48:13.949596 25382912 processor.cc:925] Processor: complete processing batch 8e5324c3-60ac-4fe0-8596-6b66efde3474 into model nwt
I1005 19:48:13.952911 25382912 cuckoo_watch.h:45] 222ms in ProcessBatch(lectures_batches/aaaaaa.batch) [including 13ms in LoadMessage; 7ms in InitializeSparseNdw; 0ms in InitializeTheta; 0ms in CreateRegularizerAgents; 155ms in InferThetaAndUpdateNwtSparse; 43ms in CalculateScore(^^^ItemsProcessedScore^^^); ]
I1005 19:48:13.975522 25382912 processor.cc:740] No data in processing queue, waiting...
I1005 19:48:14.209457 24846336 processor.cc:925] Processor: complete processing batch f77511fa-f51f-43d7-8787-787d83058187 into model nwt
I1005 19:48:14.214977 24846336 cuckoo_watch.h:45] 484ms in ProcessBatch(lectures_batches/aaaaab.batch) [including 23ms in LoadMessage; 17ms in InitializeSparseNdw; 0ms in InitializeTheta; 0ms in CreateRegularizerAgents; 341ms in InferThetaAndUpdateNwtSparse; 95ms in CalculateScore(^^^ItemsProcessedScore^^^); ]
I1005 19:48:14.215447 2047873024 master_component.cc:1436] RegularizeModelArgs: rwt_target_name=rwt, pwt_source_name=pwt, nwt_source_name=nwt
I1005 19:48:14.215471 2047873024 master_component.cc:976] MasterComponent: start regularizing model pwt
I1005 19:48:14.238692 24846336 processor.cc:740] No data in processing queue, waiting...
I1005 19:48:14.317266 2047873024 master_component.cc:1002] MasterComponent: complete regularizing model pwt
I1005 19:48:14.317287 2047873024 master_component.cc:1449] NormalizeModelArgs: pwt_target_name=pwt, nwt_source_name=nwt, rwt_source_name=rwt
I1005 19:48:14.317293 2047873024 master_component.cc:1006] MasterComponent: start normalizing model nwt
I1005 19:48:14.392310 2047873024 master_component.cc:1034] MasterComponent: complete normalizing model nwt
I1005 19:48:14.451287 2047873024 master_component.cc:1473] DisposeModel rwt
I1005 19:48:14.466989 2047873024 master_component.cc:1059] FitOffline: ItemsProcessed, num_items=1728, num_batches=2, token_weight=808522, token_weight_in_effect=808522
I1005 19:48:14.467247 2047873024 c_interface.cc:389] Pass FitOfflineMasterModelArgs, batch_filename_size=2, batch_weight_size=2, num_collection_passes=1, reset_nwt=yes to MN4artm4core15MasterComponentEFvRKNS_25FitOfflineMasterModelArgsEE
I1005 19:48:14.467258 2047873024 master_component.cc:1398] ProcessBatchesArgs: nwt_target_name=nwt, batch_filename_size=2, batch_size=0, batch_weight_size=2, pwt_source_name=pwt, num_document_passes=10, regularizer=(name:SmoothSparsePhi, tau:100000), class=(author:1), class=(text:1), reuse_theta=no, opt_for_avx=yes, predict_class_id=, reset_nwt=yes
I1005 19:48:14.485178 24309760 processor.cc:747] Processing queue has data, processing started
I1005 19:48:14.485172 23773184 processor.cc:747] Processing queue has data, processing started
I1005 19:48:14.498344 23773184 processor.cc:820] Processor: start processing batch 8e5324c3-60ac-4fe0-8596-6b66efde3474 into model nwt
I1005 19:48:14.508713 24309760 processor.cc:820] Processor: start processing batch f77511fa-f51f-43d7-8787-787d83058187 into model nwt
I1005 19:48:14.718067 23773184 processor.cc:925] Processor: complete processing batch 8e5324c3-60ac-4fe0-8596-6b66efde3474 into model nwt
I1005 19:48:14.722072 23773184 cuckoo_watch.h:45] 236ms in ProcessBatch(lectures_batches/aaaaaa.batch) [including 13ms in LoadMessage; 8ms in InitializeSparseNdw; 0ms in InitializeTheta; 0ms in CreateRegularizerAgents; 165ms in InferThetaAndUpdateNwtSparse; 46ms in CalculateScore(^^^ItemsProcessedScore^^^); ]
I1005 19:48:14.745261 23773184 processor.cc:740] No data in processing queue, waiting...
I1005 19:48:14.992813 24309760 processor.cc:925] Processor: complete processing batch f77511fa-f51f-43d7-8787-787d83058187 into model nwt
I1005 19:48:14.998675 24309760 cuckoo_watch.h:45] 513ms in ProcessBatch(lectures_batches/aaaaab.batch) [including 23ms in LoadMessage; 23ms in InitializeSparseNdw; 0ms in InitializeTheta; 0ms in CreateRegularizerAgents; 358ms in InferThetaAndUpdateNwtSparse; 102ms in CalculateScore(^^^ItemsProcessedScore^^^); ]
I1005 19:48:14.999433 2047873024 master_component.cc:1436] RegularizeModelArgs: rwt_target_name=rwt, pwt_source_name=pwt, nwt_source_name=nwt
I1005 19:48:14.999514 2047873024 master_component.cc:976] MasterComponent: start regularizing model pwt
I1005 19:48:15.022976 24309760 processor.cc:740] No data in processing queue, waiting...
I1005 19:48:15.103940 2047873024 master_component.cc:1002] MasterComponent: complete regularizing model pwt
I1005 19:48:15.103960 2047873024 master_component.cc:1449] NormalizeModelArgs: pwt_target_name=pwt, nwt_source_name=nwt, rwt_source_name=rwt
I1005 19:48:15.103966 2047873024 master_component.cc:1006] MasterComponent: start normalizing model nwt
I1005 19:48:15.182438 2047873024 master_component.cc:1034] MasterComponent: complete normalizing model nwt
I1005 19:48:15.242717 2047873024 master_component.cc:1473] DisposeModel rwt
I1005 19:48:15.258126 2047873024 master_component.cc:1059] FitOffline: ItemsProcessed, num_items=1728, num_batches=2, token_weight=808522, token_weight_in_effect=808522
I1005 19:48:15.258373 2047873024 c_interface.cc:389] Pass FitOfflineMasterModelArgs, batch_filename_size=2, batch_weight_size=2, num_collection_passes=1, reset_nwt=yes to MN4artm4core15MasterComponentEFvRKNS_25FitOfflineMasterModelArgsEE
