I1005 20:14:23.251708 2047873024 master_component.cc:1059] FitOffline: ItemsProcessed, num_items=1728, num_batches=2, token_weight=808522, token_weight_in_effect=808522
I1005 20:14:23.251930 2047873024 c_interface.cc:389] Pass FitOfflineMasterModelArgs, batch_filename_size=2, batch_weight_size=2, num_collection_passes=1, reset_nwt=yes to MN4artm4core15MasterComponentEFvRKNS_25FitOfflineMasterModelArgsEE
I1005 20:14:23.251942 2047873024 master_component.cc:1398] ProcessBatchesArgs: nwt_target_name=nwt, batch_filename_size=2, batch_size=0, batch_weight_size=2, pwt_source_name=pwt, num_document_passes=10, regularizer=(name:SmoothSparsePhi, tau:100000), class=(author:1), class=(text:1), reuse_theta=no, opt_for_avx=yes, predict_class_id=, reset_nwt=yes
I1005 20:14:23.269026 26456064 processor.cc:747] Processing queue has data, processing started
I1005 20:14:23.269039 26992640 processor.cc:747] Processing queue has data, processing started
I1005 20:14:23.283560 26456064 processor.cc:820] Processor: start processing batch be1054f3-efc2-41bc-b290-735bd9818d9f into model nwt
I1005 20:14:23.294374 26992640 processor.cc:820] Processor: start processing batch 45c6a40b-a4e0-4742-8204-25aa43dffc56 into model nwt
I1005 20:14:23.510295 26456064 processor.cc:925] Processor: complete processing batch be1054f3-efc2-41bc-b290-735bd9818d9f into model nwt
I1005 20:14:23.514209 26456064 cuckoo_watch.h:45] 245ms in ProcessBatch(lectures_batches/aaaaaa.batch) [including 14ms in LoadMessage; 7ms in InitializeSparseNdw; 0ms in InitializeTheta; 0ms in CreateRegularizerAgents; 165ms in InferThetaAndUpdateNwtSparse; 3ms in CalculateScore(sparsity_theta_score); 49ms in CalculateScore(^^^ItemsProcessedScore^^^); ]
I1005 20:14:23.536729 26456064 processor.cc:740] No data in processing queue, waiting...
I1005 20:14:23.796993 26992640 processor.cc:925] Processor: complete processing batch 45c6a40b-a4e0-4742-8204-25aa43dffc56 into model nwt
I1005 20:14:23.802744 26992640 cuckoo_watch.h:45] 533ms in ProcessBatch(lectures_batches/aaaaab.batch) [including 25ms in LoadMessage; 19ms in InitializeSparseNdw; 0ms in InitializeTheta; 0ms in CreateRegularizerAgents; 374ms in InferThetaAndUpdateNwtSparse; 5ms in CalculateScore(sparsity_theta_score); 102ms in CalculateScore(^^^ItemsProcessedScore^^^); ]
I1005 20:14:23.803072 2047873024 master_component.cc:1436] RegularizeModelArgs: rwt_target_name=rwt, pwt_source_name=pwt, nwt_source_name=nwt
I1005 20:14:23.803128 2047873024 master_component.cc:976] MasterComponent: start regularizing model pwt
I1005 20:14:23.826745 26992640 processor.cc:740] No data in processing queue, waiting...
I1005 20:14:23.915446 2047873024 master_component.cc:1002] MasterComponent: complete regularizing model pwt
I1005 20:14:23.915467 2047873024 master_component.cc:1449] NormalizeModelArgs: pwt_target_name=pwt, nwt_source_name=nwt, rwt_source_name=rwt
I1005 20:14:23.915474 2047873024 master_component.cc:1006] MasterComponent: start normalizing model nwt
I1005 20:14:24.001196 2047873024 master_component.cc:1034] MasterComponent: complete normalizing model nwt
I1005 20:14:24.104455 2047873024 master_component.cc:1473] DisposeModel rwt
I1005 20:14:24.122567 2047873024 master_component.cc:1059] FitOffline: ItemsProcessed, num_items=1728, num_batches=2, token_weight=808522, token_weight_in_effect=808522
I1005 20:14:24.122841 2047873024 c_interface.cc:389] Pass FitOfflineMasterModelArgs, batch_filename_size=2, batch_weight_size=2, num_collection_passes=1, reset_nwt=yes to MN4artm4core15MasterComponentEFvRKNS_25FitOfflineMasterModelArgsEE
I1005 20:14:24.122895 2047873024 master_component.cc:1398] ProcessBatchesArgs: nwt_target_name=nwt, batch_filename_size=2, batch_size=0, batch_weight_size=2, pwt_source_name=pwt, num_document_passes=10, regularizer=(name:SmoothSparsePhi, tau:100000), class=(author:1), class=(text:1), reuse_theta=no, opt_for_avx=yes, predict_class_id=, reset_nwt=yes
I1005 20:14:24.144954 28602368 processor.cc:747] Processing queue has data, processing started
I1005 20:14:24.144960 25919488 processor.cc:747] Processing queue has data, processing started
I1005 20:14:24.160334 28602368 processor.cc:820] Processor: start processing batch be1054f3-efc2-41bc-b290-735bd9818d9f into model nwt
I1005 20:14:24.170581 25919488 processor.cc:820] Processor: start processing batch 45c6a40b-a4e0-4742-8204-25aa43dffc56 into model nwt
I1005 20:14:24.370481 28602368 processor.cc:925] Processor: complete processing batch be1054f3-efc2-41bc-b290-735bd9818d9f into model nwt
I1005 20:14:24.374075 28602368 cuckoo_watch.h:45] 229ms in ProcessBatch(lectures_batches/aaaaaa.batch) [including 15ms in LoadMessage; 7ms in InitializeSparseNdw; 0ms in InitializeTheta; 0ms in CreateRegularizerAgents; 155ms in InferThetaAndUpdateNwtSparse; 3ms in CalculateScore(sparsity_theta_score); 42ms in CalculateScore(^^^ItemsProcessedScore^^^); ]
I1005 20:14:24.398110 28602368 processor.cc:740] No data in processing queue, waiting...
I1005 20:14:24.637871 25919488 processor.cc:925] Processor: complete processing batch 45c6a40b-a4e0-4742-8204-25aa43dffc56 into model nwt
I1005 20:14:24.643806 25919488 cuckoo_watch.h:45] 498ms in ProcessBatch(lectures_batches/aaaaab.batch) [including 25ms in LoadMessage; 19ms in InitializeSparseNdw; 0ms in InitializeTheta; 0ms in CreateRegularizerAgents; 344ms in InferThetaAndUpdateNwtSparse; 5ms in CalculateScore(sparsity_theta_score); 97ms in CalculateScore(^^^ItemsProcessedScore^^^); ]
I1005 20:14:24.644245 2047873024 master_component.cc:1436] RegularizeModelArgs: rwt_target_name=rwt, pwt_source_name=pwt, nwt_source_name=nwt
I1005 20:14:24.644280 2047873024 master_component.cc:976] MasterComponent: start regularizing model pwt
I1005 20:14:24.668036 25919488 processor.cc:740] No data in processing queue, waiting...
I1005 20:14:24.768144 2047873024 master_component.cc:1002] MasterComponent: complete regularizing model pwt
I1005 20:14:24.768167 2047873024 master_component.cc:1449] NormalizeModelArgs: pwt_target_name=pwt, nwt_source_name=nwt, rwt_source_name=rwt
I1005 20:14:24.768173 2047873024 master_component.cc:1006] MasterComponent: start normalizing model nwt
I1005 20:14:24.853783 2047873024 master_component.cc:1034] MasterComponent: complete normalizing model nwt
I1005 20:14:24.942879 2047873024 master_component.cc:1473] DisposeModel rwt
I1005 20:14:24.961747 2047873024 master_component.cc:1059] FitOffline: ItemsProcessed, num_items=1728, num_batches=2, token_weight=808522, token_weight_in_effect=808522
I1005 20:14:24.961977 2047873024 c_interface.cc:389] Pass FitOfflineMasterModelArgs, batch_filename_size=2, batch_weight_size=2, num_collection_passes=1, reset_nwt=yes to MN4artm4core15MasterComponentEFvRKNS_25FitOfflineMasterModelArgsEE
I1005 20:14:24.961989 2047873024 master_component.cc:1398] ProcessBatchesArgs: nwt_target_name=nwt, batch_filename_size=2, batch_size=0, batch_weight_size=2, pwt_source_name=pwt, num_document_passes=10, regularizer=(name:SmoothSparsePhi, tau:100000), class=(author:1), class=(text:1), reuse_theta=no, opt_for_avx=yes, predict_class_id=, reset_nwt=yes
I1005 20:14:24.981509 26456064 processor.cc:747] Processing queue has data, processing started
I1005 20:14:24.981529 28065792 processor.cc:747] Processing queue has data, processing started
I1005 20:14:24.995995 26456064 processor.cc:820] Processor: start processing batch be1054f3-efc2-41bc-b290-735bd9818d9f into model nwt
I1005 20:14:25.006022 28065792 processor.cc:820] Processor: start processing batch 45c6a40b-a4e0-4742-8204-25aa43dffc56 into model nwt
I1005 20:14:25.214262 26456064 processor.cc:925] Processor: complete processing batch be1054f3-efc2-41bc-b290-735bd9818d9f into model nwt
I1005 20:14:25.217917 26456064 cuckoo_watch.h:45] 236ms in ProcessBatch(lectures_batches/aaaaaa.batch) [including 14ms in LoadMessage; 7ms in InitializeSparseNdw; 0ms in InitializeTheta; 0ms in CreateRegularizerAgents; 164ms in InferThetaAndUpdateNwtSparse; 3ms in CalculateScore(sparsity_theta_score); 43ms in CalculateScore(^^^ItemsProcessedScore^^^); ]
I1005 20:14:25.242175 26456064 processor.cc:740] No data in processing queue, waiting...
I1005 20:14:25.493880 28065792 processor.cc:925] Processor: complete processing batch 45c6a40b-a4e0-4742-8204-25aa43dffc56 into model nwt
I1005 20:14:25.500603 28065792 cuckoo_watch.h:45] 519ms in ProcessBatch(lectures_batches/aaaaab.batch) [including 24ms in LoadMessage; 19ms in InitializeSparseNdw; 0ms in InitializeTheta; 0ms in CreateRegularizerAgents; 351ms in InferThetaAndUpdateNwtSparse; 5ms in CalculateScore(sparsity_theta_score); 111ms in CalculateScore(^^^ItemsProcessedScore^^^); ]
I1005 20:14:25.500814 2047873024 master_component.cc:1436] RegularizeModelArgs: rwt_target_name=rwt, pwt_source_name=pwt, nwt_source_name=nwt
I1005 20:14:25.500831 2047873024 master_component.cc:976] MasterComponent: start regularizing model pwt
I1005 20:14:25.524552 28065792 processor.cc:740] No data in processing queue, waiting...
I1005 20:14:25.623121 2047873024 master_component.cc:1002] MasterComponent: complete regularizing model pwt
I1005 20:14:25.623142 2047873024 master_component.cc:1449] NormalizeModelArgs: pwt_target_name=pwt, nwt_source_name=nwt, rwt_source_name=rwt
I1005 20:14:25.623149 2047873024 master_component.cc:1006] MasterComponent: start normalizing model nwt
I1005 20:14:25.710968 2047873024 master_component.cc:1034] MasterComponent: complete normalizing model nwt
I1005 20:14:25.804644 2047873024 master_component.cc:1473] DisposeModel rwt
I1005 20:14:25.824201 2047873024 master_component.cc:1059] FitOffline: ItemsProcessed, num_items=1728, num_batches=2, token_weight=808522, token_weight_in_effect=808522
I1005 20:14:25.824453 2047873024 c_interface.cc:389] Pass FitOfflineMasterModelArgs, batch_filename_size=2, batch_weight_size=2, num_collection_passes=1, reset_nwt=yes to MN4artm4core15MasterComponentEFvRKNS_25FitOfflineMasterModelArgsEE
I1005 20:14:25.824467 2047873024 master_component.cc:1398] ProcessBatchesArgs: nwt_target_name=nwt, batch_filename_size=2, batch_size=0, batch_weight_size=2, pwt_source_name=pwt, num_document_passes=10, regularizer=(name:SmoothSparsePhi, tau:100000), class=(author:1), class=(text:1), reuse_theta=no, opt_for_avx=yes, predict_class_id=, reset_nwt=yes
I1005 20:14:25.844224 25382912 processor.cc:747] Processing queue has data, processing started
I1005 20:14:25.844218 26992640 processor.cc:747] Processing queue has data, processing started
I1005 20:14:25.858136 26992640 processor.cc:820] Processor: start processing batch be1054f3-efc2-41bc-b290-735bd9818d9f into model nwt
I1005 20:14:25.868754 25382912 processor.cc:820] Processor: start processing batch 45c6a40b-a4e0-4742-8204-25aa43dffc56 into model nwt
I1005 20:14:26.092666 26992640 processor.cc:925] Processor: complete processing batch be1054f3-efc2-41bc-b290-735bd9818d9f into model nwt
I1005 20:14:26.096221 26992640 cuckoo_watch.h:45] 251ms in ProcessBatch(lectures_batches/aaaaaa.batch) [including 13ms in LoadMessage; 8ms in InitializeSparseNdw; 0ms in InitializeTheta; 0ms in CreateRegularizerAgents; 171ms in InferThetaAndUpdateNwtSparse; 4ms in CalculateScore(sparsity_theta_score); 51ms in CalculateScore(^^^ItemsProcessedScore^^^); ]
I1005 20:14:26.119974 26992640 processor.cc:740] No data in processing queue, waiting...
I1005 20:14:26.367370 25382912 processor.cc:925] Processor: complete processing batch 45c6a40b-a4e0-4742-8204-25aa43dffc56 into model nwt
I1005 20:14:26.373926 25382912 cuckoo_watch.h:45] 529ms in ProcessBatch(lectures_batches/aaaaab.batch) [including 24ms in LoadMessage; 21ms in InitializeSparseNdw; 0ms in InitializeTheta; 0ms in CreateRegularizerAgents; 366ms in InferThetaAndUpdateNwtSparse; 5ms in CalculateScore(sparsity_theta_score); 105ms in CalculateScore(^^^ItemsProcessedScore^^^); ]
I1005 20:14:26.374563 2047873024 master_component.cc:1436] RegularizeModelArgs: rwt_target_name=rwt, pwt_source_name=pwt, nwt_source_name=nwt
I1005 20:14:26.374629 2047873024 master_component.cc:976] MasterComponent: start regularizing model pwt
I1005 20:14:26.398185 25382912 processor.cc:740] No data in processing queue, waiting...
I1005 20:14:26.498965 2047873024 master_component.cc:1002] MasterComponent: complete regularizing model pwt
I1005 20:14:26.498986 2047873024 master_component.cc:1449] NormalizeModelArgs: pwt_target_name=pwt, nwt_source_name=nwt, rwt_source_name=rwt
I1005 20:14:26.498992 2047873024 master_component.cc:1006] MasterComponent: start normalizing model nwt
I1005 20:14:26.584508 2047873024 master_component.cc:1034] MasterComponent: complete normalizing model nwt
I1005 20:14:26.675318 2047873024 master_component.cc:1473] DisposeModel rwt
I1005 20:14:26.694645 2047873024 master_component.cc:1059] FitOffline: ItemsProcessed, num_items=1728, num_batches=2, token_weight=808522, token_weight_in_effect=808522
I1005 20:14:26.694888 2047873024 c_interface.cc:389] Pass FitOfflineMasterModelArgs, batch_filename_size=2, batch_weight_size=2, num_collection_passes=1, reset_nwt=yes to MN4artm4core15MasterComponentEFvRKNS_25FitOfflineMasterModelArgsEE
I1005 20:14:26.694905 2047873024 master_component.cc:1398] ProcessBatchesArgs: nwt_target_name=nwt, batch_filename_size=2, batch_size=0, batch_weight_size=2, pwt_source_name=pwt, num_document_passes=10, regularizer=(name:SmoothSparsePhi, tau:100000), class=(author:1), class=(text:1), reuse_theta=no, opt_for_avx=yes, predict_class_id=, reset_nwt=yes
I1005 20:14:26.716995 26456064 processor.cc:747] Processing queue has data, processing started
I1005 20:14:26.717003 28065792 processor.cc:747] Processing queue has data, processing started
I1005 20:14:26.731236 26456064 processor.cc:820] Processor: start processing batch be1054f3-efc2-41bc-b290-735bd9818d9f into model nwt
I1005 20:14:26.741688 28065792 processor.cc:820] Processor: start processing batch 45c6a40b-a4e0-4742-8204-25aa43dffc56 into model nwt
I1005 20:14:26.955896 26456064 processor.cc:925] Processor: complete processing batch be1054f3-efc2-41bc-b290-735bd9818d9f into model nwt
I1005 20:14:26.960273 26456064 cuckoo_watch.h:45] 243ms in ProcessBatch(lectures_batches/aaaaaa.batch) [including 14ms in LoadMessage; 7ms in InitializeSparseNdw; 0ms in InitializeTheta; 0ms in CreateRegularizerAgents; 163ms in InferThetaAndUpdateNwtSparse; 3ms in CalculateScore(sparsity_theta_score); 49ms in CalculateScore(^^^ItemsProcessedScore^^^); ]
I1005 20:14:26.983361 26456064 processor.cc:740] No data in processing queue, waiting...
I1005 20:14:27.232800 28065792 processor.cc:925] Processor: complete processing batch 45c6a40b-a4e0-4742-8204-25aa43dffc56 into model nwt
I1005 20:14:27.239143 28065792 cuckoo_watch.h:45] 522ms in ProcessBatch(lectures_batches/aaaaab.batch) [including 24ms in LoadMessage; 19ms in InitializeSparseNdw; 0ms in InitializeTheta; 0ms in CreateRegularizerAgents; 363ms in InferThetaAndUpdateNwtSparse; 5ms in CalculateScore(sparsity_theta_score); 101ms in CalculateScore(^^^ItemsProcessedScore^^^); ]
I1005 20:14:27.239264 2047873024 master_component.cc:1436] RegularizeModelArgs: rwt_target_name=rwt, pwt_source_name=pwt, nwt_source_name=nwt
I1005 20:14:27.239308 2047873024 master_component.cc:976] MasterComponent: start regularizing model pwt
I1005 20:14:27.263083 28065792 processor.cc:740] No data in processing queue, waiting...
I1005 20:14:27.360843 2047873024 master_component.cc:1002] MasterComponent: complete regularizing model pwt
I1005 20:14:27.360865 2047873024 master_component.cc:1449] NormalizeModelArgs: pwt_target_name=pwt, nwt_source_name=nwt, rwt_source_name=rwt
I1005 20:14:27.360873 2047873024 master_component.cc:1006] MasterComponent: start normalizing model nwt
I1005 20:14:27.447265 2047873024 master_component.cc:1034] MasterComponent: complete normalizing model nwt
I1005 20:14:27.532166 2047873024 master_component.cc:1473] DisposeModel rwt
I1005 20:14:27.550580 2047873024 master_component.cc:1059] FitOffline: ItemsProcessed, num_items=1728, num_batches=2, token_weight=808522, token_weight_in_effect=808522
I1005 20:14:27.550869 2047873024 c_interface.cc:389] Pass FitOfflineMasterModelArgs, batch_filename_size=2, batch_weight_size=2, num_collection_passes=1, reset_nwt=yes to MN4artm4core15MasterComponentEFvRKNS_25FitOfflineMasterModelArgsEE
I1005 20:14:27.550882 2047873024 master_component.cc:1398] ProcessBatchesArgs: nwt_target_name=nwt, batch_filename_size=2, batch_size=0, batch_weight_size=2, pwt_source_name=pwt, num_document_passes=10, regularizer=(name:SmoothSparsePhi, tau:100000), class=(author:1), class=(text:1), reuse_theta=no, opt_for_avx=yes, predict_class_id=, reset_nwt=yes
I1005 20:14:27.570636 26456064 processor.cc:747] Processing queue has data, processing started
I1005 20:14:27.570636 25382912 processor.cc:747] Processing queue has data, processing started
I1005 20:14:27.584867 25382912 processor.cc:820] Processor: start processing batch be1054f3-efc2-41bc-b290-735bd9818d9f into model nwt
I1005 20:14:27.594877 26456064 processor.cc:820] Processor: start processing batch 45c6a40b-a4e0-4742-8204-25aa43dffc56 into model nwt
I1005 20:14:27.808302 25382912 processor.cc:925] Processor: complete processing batch be1054f3-efc2-41bc-b290-735bd9818d9f into model nwt
I1005 20:14:27.811702 25382912 cuckoo_watch.h:45] 240ms in ProcessBatch(lectures_batches/aaaaaa.batch) [including 14ms in LoadMessage; 7ms in InitializeSparseNdw; 0ms in InitializeTheta; 0ms in CreateRegularizerAgents; 163ms in InferThetaAndUpdateNwtSparse; 3ms in CalculateScore(sparsity_theta_score); 48ms in CalculateScore(^^^ItemsProcessedScore^^^); ]
I1005 20:14:27.835685 25382912 processor.cc:740] No data in processing queue, waiting...
I1005 20:14:28.079766 26456064 processor.cc:925] Processor: complete processing batch 45c6a40b-a4e0-4742-8204-25aa43dffc56 into model nwt
I1005 20:14:28.084949 26456064 cuckoo_watch.h:45] 514ms in ProcessBatch(lectures_batches/aaaaab.batch) [including 24ms in LoadMessage; 18ms in InitializeSparseNdw; 0ms in InitializeTheta; 0ms in CreateRegularizerAgents; 367ms in InferThetaAndUpdateNwtSparse; 4ms in CalculateScore(sparsity_theta_score); 94ms in CalculateScore(^^^ItemsProcessedScore^^^); ]
I1005 20:14:28.085922 2047873024 master_component.cc:1436] RegularizeModelArgs: rwt_target_name=rwt, pwt_source_name=pwt, nwt_source_name=nwt
I1005 20:14:28.085954 2047873024 master_component.cc:976] MasterComponent: start regularizing model pwt
I1005 20:14:28.108443 26456064 processor.cc:740] No data in processing queue, waiting...
I1005 20:14:28.203850 2047873024 master_component.cc:1002] MasterComponent: complete regularizing model pwt
I1005 20:14:28.203871 2047873024 master_component.cc:1449] NormalizeModelArgs: pwt_target_name=pwt, nwt_source_name=nwt, rwt_source_name=rwt
I1005 20:14:28.203878 2047873024 master_component.cc:1006] MasterComponent: start normalizing model nwt
I1005 20:14:28.285676 2047873024 master_component.cc:1034] MasterComponent: complete normalizing model nwt
I1005 20:14:28.364831 2047873024 master_component.cc:1473] DisposeModel rwt
I1005 20:14:28.382385 2047873024 master_component.cc:1059] FitOffline: ItemsProcessed, num_items=1728, num_batches=2, token_weight=808522, token_weight_in_effect=808522
I1005 20:14:28.382649 2047873024 c_interface.cc:389] Pass FitOfflineMasterModelArgs, batch_filename_size=2, batch_weight_size=2, num_collection_passes=1, reset_nwt=yes to MN4artm4core15MasterComponentEFvRKNS_25FitOfflineMasterModelArgsEE
I1005 20:14:28.382661 2047873024 master_component.cc:1398] ProcessBatchesArgs: nwt_target_name=nwt, batch_filename_size=2, batch_size=0, batch_weight_size=2, pwt_source_name=pwt, num_document_passes=10, regularizer=(name:SmoothSparsePhi, tau:100000), class=(author:1), class=(text:1), reuse_theta=no, opt_for_avx=yes, predict_class_id=, reset_nwt=yes
I1005 20:14:28.400218 25919488 processor.cc:747] Processing queue has data, processing started
I1005 20:14:28.400218 28065792 processor.cc:747] Processing queue has data, processing started
I1005 20:14:28.414191 25919488 processor.cc:820] Processor: start processing batch be1054f3-efc2-41bc-b290-735bd9818d9f into model nwt
I1005 20:14:28.424334 28065792 processor.cc:820] Processor: start processing batch 45c6a40b-a4e0-4742-8204-25aa43dffc56 into model nwt
I1005 20:14:28.627786 25919488 processor.cc:925] Processor: complete processing batch be1054f3-efc2-41bc-b290-735bd9818d9f into model nwt
I1005 20:14:28.631948 25919488 cuckoo_watch.h:45] 231ms in ProcessBatch(lectures_batches/aaaaaa.batch) [including 13ms in LoadMessage; 7ms in InitializeSparseNdw; 0ms in InitializeTheta; 0ms in CreateRegularizerAgents; 157ms in InferThetaAndUpdateNwtSparse; 3ms in CalculateScore(sparsity_theta_score); 45ms in CalculateScore(^^^ItemsProcessedScore^^^); ]
I1005 20:14:28.655773 25919488 processor.cc:740] No data in processing queue, waiting...
I1005 20:14:28.902079 28065792 processor.cc:925] Processor: complete processing batch 45c6a40b-a4e0-4742-8204-25aa43dffc56 into model nwt
I1005 20:14:28.907480 28065792 cuckoo_watch.h:45] 507ms in ProcessBatch(lectures_batches/aaaaab.batch) [including 23ms in LoadMessage; 19ms in InitializeSparseNdw; 0ms in InitializeTheta; 0ms in CreateRegularizerAgents; 355ms in InferThetaAndUpdateNwtSparse; 5ms in CalculateScore(sparsity_theta_score); 97ms in CalculateScore(^^^ItemsProcessedScore^^^); ]
I1005 20:14:28.908351 2047873024 master_component.cc:1436] RegularizeModelArgs: rwt_target_name=rwt, pwt_source_name=pwt, nwt_source_name=nwt
I1005 20:14:28.908411 2047873024 master_component.cc:976] MasterComponent: start regularizing model pwt
I1005 20:14:28.931792 28065792 processor.cc:740] No data in processing queue, waiting...
I1005 20:14:29.017403 2047873024 master_component.cc:1002] MasterComponent: complete regularizing model pwt
I1005 20:14:29.017423 2047873024 master_component.cc:1449] NormalizeModelArgs: pwt_target_name=pwt, nwt_source_name=nwt, rwt_source_name=rwt
I1005 20:14:29.017429 2047873024 master_component.cc:1006] MasterComponent: start normalizing model nwt
I1005 20:14:29.103802 2047873024 master_component.cc:1034] MasterComponent: complete normalizing model nwt
I1005 20:14:29.195205 2047873024 master_component.cc:1473] DisposeModel rwt
I1005 20:14:29.216889 2047873024 master_component.cc:1059] FitOffline: ItemsProcessed, num_items=1728, num_batches=2, token_weight=808522, token_weight_in_effect=808522
I1005 20:14:29.217223 2047873024 c_interface.cc:389] Pass FitOfflineMasterModelArgs, batch_filename_size=2, batch_weight_size=2, num_collection_passes=1, reset_nwt=yes to MN4artm4core15MasterComponentEFvRKNS_25FitOfflineMasterModelArgsEE
I1005 20:14:29.217249 2047873024 master_component.cc:1398] ProcessBatchesArgs: nwt_target_name=nwt, batch_filename_size=2, batch_size=0, batch_weight_size=2, pwt_source_name=pwt, num_document_passes=10, regularizer=(name:SmoothSparsePhi, tau:100000), class=(author:1), class=(text:1), reuse_theta=no, opt_for_avx=yes, predict_class_id=, reset_nwt=yes
I1005 20:14:29.236150 26456064 processor.cc:747] Processing queue has data, processing started
I1005 20:14:29.236163 26992640 processor.cc:747] Processing queue has data, processing started
I1005 20:14:29.250711 26456064 processor.cc:820] Processor: start processing batch be1054f3-efc2-41bc-b290-735bd9818d9f into model nwt
I1005 20:14:29.261351 26992640 processor.cc:820] Processor: start processing batch 45c6a40b-a4e0-4742-8204-25aa43dffc56 into model nwt
I1005 20:14:29.467099 26456064 processor.cc:925] Processor: complete processing batch be1054f3-efc2-41bc-b290-735bd9818d9f into model nwt
I1005 20:14:29.470592 26456064 cuckoo_watch.h:45] 234ms in ProcessBatch(lectures_batches/aaaaaa.batch) [including 14ms in LoadMessage; 8ms in InitializeSparseNdw; 0ms in InitializeTheta; 0ms in CreateRegularizerAgents; 160ms in InferThetaAndUpdateNwtSparse; 3ms in CalculateScore(sparsity_theta_score); 44ms in CalculateScore(^^^ItemsProcessedScore^^^); ]
I1005 20:14:29.494534 26456064 processor.cc:740] No data in processing queue, waiting...
I1005 20:14:29.751790 26992640 processor.cc:925] Processor: complete processing batch 45c6a40b-a4e0-4742-8204-25aa43dffc56 into model nwt
I1005 20:14:29.759404 26992640 cuckoo_watch.h:45] 523ms in ProcessBatch(lectures_batches/aaaaab.batch) [including 25ms in LoadMessage; 20ms in InitializeSparseNdw; 0ms in InitializeTheta; 0ms in CreateRegularizerAgents; 359ms in InferThetaAndUpdateNwtSparse; 5ms in CalculateScore(sparsity_theta_score); 104ms in CalculateScore(^^^ItemsProcessedScore^^^); ]
I1005 20:14:29.759551 2047873024 master_component.cc:1436] RegularizeModelArgs: rwt_target_name=rwt, pwt_source_name=pwt, nwt_source_name=nwt
I1005 20:14:29.759588 2047873024 master_component.cc:976] MasterComponent: start regularizing model pwt
I1005 20:14:29.782582 26992640 processor.cc:740] No data in processing queue, waiting...
I1005 20:14:29.877177 2047873024 master_component.cc:1002] MasterComponent: complete regularizing model pwt
I1005 20:14:29.877200 2047873024 master_component.cc:1449] NormalizeModelArgs: pwt_target_name=pwt, nwt_source_name=nwt, rwt_source_name=rwt
I1005 20:14:29.877208 2047873024 master_component.cc:1006] MasterComponent: start normalizing model nwt
I1005 20:14:29.958726 2047873024 master_component.cc:1034] MasterComponent: complete normalizing model nwt
I1005 20:14:30.043757 2047873024 master_component.cc:1473] DisposeModel rwt
I1005 20:14:30.065860 2047873024 master_component.cc:1059] FitOffline: ItemsProcessed, num_items=1728, num_batches=2, token_weight=808522, token_weight_in_effect=808522
I1005 20:14:30.066119 2047873024 c_interface.cc:389] Pass FitOfflineMasterModelArgs, batch_filename_size=2, batch_weight_size=2, num_collection_passes=1, reset_nwt=yes to MN4artm4core15MasterComponentEFvRKNS_25FitOfflineMasterModelArgsEE
I1005 20:14:30.066133 2047873024 master_component.cc:1398] ProcessBatchesArgs: nwt_target_name=nwt, batch_filename_size=2, batch_size=0, batch_weight_size=2, pwt_source_name=pwt, num_document_passes=10, regularizer=(name:SmoothSparsePhi, tau:100000), class=(author:1), class=(text:1), reuse_theta=no, opt_for_avx=yes, predict_class_id=, reset_nwt=yes
I1005 20:14:30.084741 25382912 processor.cc:747] Processing queue has data, processing started
I1005 20:14:30.084753 26456064 processor.cc:747] Processing queue has data, processing started
I1005 20:14:30.098052 25382912 processor.cc:820] Processor: start processing batch be1054f3-efc2-41bc-b290-735bd9818d9f into model nwt
I1005 20:14:30.108074 26456064 processor.cc:820] Processor: start processing batch 45c6a40b-a4e0-4742-8204-25aa43dffc56 into model nwt
I1005 20:14:30.318660 25382912 processor.cc:925] Processor: complete processing batch be1054f3-efc2-41bc-b290-735bd9818d9f into model nwt
I1005 20:14:30.322563 25382912 cuckoo_watch.h:45] 237ms in ProcessBatch(lectures_batches/aaaaaa.batch) [including 13ms in LoadMessage; 7ms in InitializeSparseNdw; 0ms in InitializeTheta; 0ms in CreateRegularizerAgents; 161ms in InferThetaAndUpdateNwtSparse; 4ms in CalculateScore(sparsity_theta_score); 47ms in CalculateScore(^^^ItemsProcessedScore^^^); ]
I1005 20:14:30.346822 25382912 processor.cc:740] No data in processing queue, waiting...
I1005 20:14:30.609175 26456064 processor.cc:925] Processor: complete processing batch 45c6a40b-a4e0-4742-8204-25aa43dffc56 into model nwt
I1005 20:14:30.614876 26456064 cuckoo_watch.h:45] 530ms in ProcessBatch(lectures_batches/aaaaab.batch) [including 23ms in LoadMessage; 19ms in InitializeSparseNdw; 0ms in InitializeTheta; 0ms in CreateRegularizerAgents; 371ms in InferThetaAndUpdateNwtSparse; 5ms in CalculateScore(sparsity_theta_score); 104ms in CalculateScore(^^^ItemsProcessedScore^^^); ]
I1005 20:14:30.615365 2047873024 master_component.cc:1436] RegularizeModelArgs: rwt_target_name=rwt, pwt_source_name=pwt, nwt_source_name=nwt
I1005 20:14:30.615387 2047873024 master_component.cc:976] MasterComponent: start regularizing model pwt
I1005 20:14:30.639031 26456064 processor.cc:740] No data in processing queue, waiting...
I1005 20:14:30.735407 2047873024 master_component.cc:1002] MasterComponent: complete regularizing model pwt
I1005 20:14:30.735425 2047873024 master_component.cc:1449] NormalizeModelArgs: pwt_target_name=pwt, nwt_source_name=nwt, rwt_source_name=rwt
I1005 20:14:30.735464 2047873024 master_component.cc:1006] MasterComponent: start normalizing model nwt
I1005 20:14:30.823851 2047873024 master_component.cc:1034] MasterComponent: complete normalizing model nwt
I1005 20:14:30.907133 2047873024 master_component.cc:1473] DisposeModel rwt
I1005 20:14:30.927860 2047873024 master_component.cc:1059] FitOffline: ItemsProcessed, num_items=1728, num_batches=2, token_weight=808522, token_weight_in_effect=808522
I1005 20:14:30.928128 2047873024 c_interface.cc:389] Pass FitOfflineMasterModelArgs, batch_filename_size=2, batch_weight_size=2, num_collection_passes=1, reset_nwt=yes to MN4artm4core15MasterComponentEFvRKNS_25FitOfflineMasterModelArgsEE
I1005 20:14:30.928144 2047873024 master_component.cc:1398] ProcessBatchesArgs: nwt_target_name=nwt, batch_filename_size=2, batch_size=0, batch_weight_size=2, pwt_source_name=pwt, num_document_passes=10, regularizer=(name:SmoothSparsePhi, tau:100000), class=(author:1), class=(text:1), reuse_theta=no, opt_for_avx=yes, predict_class_id=, reset_nwt=yes
I1005 20:14:30.948082 25919488 processor.cc:747] Processing queue has data, processing started
I1005 20:14:30.948074 28602368 processor.cc:747] Processing queue has data, processing started
I1005 20:14:30.962937 28602368 processor.cc:820] Processor: start processing batch be1054f3-efc2-41bc-b290-735bd9818d9f into model nwt
I1005 20:14:30.972780 25919488 processor.cc:820] Processor: start processing batch 45c6a40b-a4e0-4742-8204-25aa43dffc56 into model nwt
I1005 20:14:31.180713 28602368 processor.cc:925] Processor: complete processing batch be1054f3-efc2-41bc-b290-735bd9818d9f into model nwt
I1005 20:14:31.184484 28602368 cuckoo_watch.h:45] 236ms in ProcessBatch(lectures_batches/aaaaaa.batch) [including 14ms in LoadMessage; 7ms in InitializeSparseNdw; 0ms in InitializeTheta; 0ms in CreateRegularizerAgents; 158ms in InferThetaAndUpdateNwtSparse; 4ms in CalculateScore(sparsity_theta_score); 47ms in CalculateScore(^^^ItemsProcessedScore^^^); ]
I1005 20:14:31.208843 28602368 processor.cc:740] No data in processing queue, waiting...
I1005 20:14:31.469985 25919488 processor.cc:925] Processor: complete processing batch 45c6a40b-a4e0-4742-8204-25aa43dffc56 into model nwt
I1005 20:14:31.475600 25919488 cuckoo_watch.h:45] 527ms in ProcessBatch(lectures_batches/aaaaab.batch) [including 24ms in LoadMessage; 18ms in InitializeSparseNdw; 0ms in InitializeTheta; 0ms in CreateRegularizerAgents; 364ms in InferThetaAndUpdateNwtSparse; 5ms in CalculateScore(sparsity_theta_score); 108ms in CalculateScore(^^^ItemsProcessedScore^^^); ]
I1005 20:14:31.476189 2047873024 master_component.cc:1436] RegularizeModelArgs: rwt_target_name=rwt, pwt_source_name=pwt, nwt_source_name=nwt
I1005 20:14:31.476240 2047873024 master_component.cc:976] MasterComponent: start regularizing model pwt
I1005 20:14:31.499060 25919488 processor.cc:740] No data in processing queue, waiting...
I1005 20:14:31.600224 2047873024 master_component.cc:1002] MasterComponent: complete regularizing model pwt
I1005 20:14:31.600239 2047873024 master_component.cc:1449] NormalizeModelArgs: pwt_target_name=pwt, nwt_source_name=nwt, rwt_source_name=rwt
I1005 20:14:31.600246 2047873024 master_component.cc:1006] MasterComponent: start normalizing model nwt
I1005 20:14:31.679267 2047873024 master_component.cc:1034] MasterComponent: complete normalizing model nwt
I1005 20:14:31.755478 2047873024 master_component.cc:1473] DisposeModel rwt
I1005 20:14:31.771644 2047873024 master_component.cc:1059] FitOffline: ItemsProcessed, num_items=1728, num_batches=2, token_weight=808522, token_weight_in_effect=808522
I1005 20:14:31.771874 2047873024 c_interface.cc:389] Pass FitOfflineMasterModelArgs, batch_filename_size=2, batch_weight_size=2, num_collection_passes=1, reset_nwt=yes to MN4artm4core15MasterComponentEFvRKNS_25FitOfflineMasterModelArgsEE
I1005 20:14:31.771885 2047873024 master_component.cc:1398] ProcessBatchesArgs: nwt_target_name=nwt, batch_filename_size=2, batch_size=0, batch_weight_size=2, pwt_source_name=pwt, num_document_passes=10, regularizer=(name:SmoothSparsePhi, tau:100000), class=(author:1), class=(text:1), reuse_theta=no, opt_for_avx=yes, predict_class_id=, reset_nwt=yes
I1005 20:14:31.790048 26456064 processor.cc:747] Processing queue has data, processing started
I1005 20:14:31.790060 29138944 processor.cc:747] Processing queue has data, processing started
I1005 20:14:31.803542 26456064 processor.cc:820] Processor: start processing batch be1054f3-efc2-41bc-b290-735bd9818d9f into model nwt
I1005 20:14:31.814644 29138944 processor.cc:820] Processor: start processing batch 45c6a40b-a4e0-4742-8204-25aa43dffc56 into model nwt
I1005 20:14:32.032999 26456064 processor.cc:925] Processor: complete processing batch be1054f3-efc2-41bc-b290-735bd9818d9f into model nwt
I1005 20:14:32.037183 26456064 cuckoo_watch.h:45] 247ms in ProcessBatch(lectures_batches/aaaaaa.batch) [including 13ms in LoadMessage; 7ms in InitializeSparseNdw; 0ms in InitializeTheta; 0ms in CreateRegularizerAgents; 169ms in InferThetaAndUpdateNwtSparse; 4ms in CalculateScore(sparsity_theta_score); 48ms in CalculateScore(^^^ItemsProcessedScore^^^); ]
I1005 20:14:32.061483 26456064 processor.cc:740] No data in processing queue, waiting...
I1005 20:14:32.318218 29138944 processor.cc:925] Processor: complete processing batch 45c6a40b-a4e0-4742-8204-25aa43dffc56 into model nwt
I1005 20:14:32.325410 29138944 cuckoo_watch.h:45] 535ms in ProcessBatch(lectures_batches/aaaaab.batch) [including 24ms in LoadMessage; 19ms in InitializeSparseNdw; 0ms in InitializeTheta; 0ms in CreateRegularizerAgents; 369ms in InferThetaAndUpdateNwtSparse; 5ms in CalculateScore(sparsity_theta_score); 108ms in CalculateScore(^^^ItemsProcessedScore^^^); ]
I1005 20:14:32.325995 2047873024 master_component.cc:1436] RegularizeModelArgs: rwt_target_name=rwt, pwt_source_name=pwt, nwt_source_name=nwt
I1005 20:14:32.326078 2047873024 master_component.cc:976] MasterComponent: start regularizing model pwt
I1005 20:14:32.349679 29138944 processor.cc:740] No data in processing queue, waiting...
I1005 20:14:32.448179 2047873024 master_component.cc:1002] MasterComponent: complete regularizing model pwt
I1005 20:14:32.448200 2047873024 master_component.cc:1449] NormalizeModelArgs: pwt_target_name=pwt, nwt_source_name=nwt, rwt_source_name=rwt
I1005 20:14:32.448207 2047873024 master_component.cc:1006] MasterComponent: start normalizing model nwt
I1005 20:14:32.529580 2047873024 master_component.cc:1034] MasterComponent: complete normalizing model nwt
I1005 20:14:32.605147 2047873024 master_component.cc:1473] DisposeModel rwt
I1005 20:14:32.621289 2047873024 master_component.cc:1059] FitOffline: ItemsProcessed, num_items=1728, num_batches=2, token_weight=808522, token_weight_in_effect=808522
I1005 20:14:32.621517 2047873024 c_interface.cc:389] Pass FitOfflineMasterModelArgs, batch_filename_size=2, batch_weight_size=2, num_collection_passes=1, reset_nwt=yes to MN4artm4core15MasterComponentEFvRKNS_25FitOfflineMasterModelArgsEE
I1005 20:14:32.621528 2047873024 master_component.cc:1398] ProcessBatchesArgs: nwt_target_name=nwt, batch_filename_size=2, batch_size=0, batch_weight_size=2, pwt_source_name=pwt, num_document_passes=10, regularizer=(name:SmoothSparsePhi, tau:100000), class=(author:1), class=(text:1), reuse_theta=no, opt_for_avx=yes, predict_class_id=, reset_nwt=yes
I1005 20:14:32.641505 29138944 processor.cc:747] Processing queue has data, processing started
I1005 20:14:32.641501 28602368 processor.cc:747] Processing queue has data, processing started
I1005 20:14:32.654831 28602368 processor.cc:820] Processor: start processing batch be1054f3-efc2-41bc-b290-735bd9818d9f into model nwt
I1005 20:14:32.665864 29138944 processor.cc:820] Processor: start processing batch 45c6a40b-a4e0-4742-8204-25aa43dffc56 into model nwt
I1005 20:14:32.879153 28602368 processor.cc:925] Processor: complete processing batch be1054f3-efc2-41bc-b290-735bd9818d9f into model nwt
I1005 20:14:32.882830 28602368 cuckoo_watch.h:45] 241ms in ProcessBatch(lectures_batches/aaaaaa.batch) [including 13ms in LoadMessage; 7ms in InitializeSparseNdw; 0ms in InitializeTheta; 0ms in CreateRegularizerAgents; 165ms in InferThetaAndUpdateNwtSparse; 4ms in CalculateScore(sparsity_theta_score); 46ms in CalculateScore(^^^ItemsProcessedScore^^^); ]
I1005 20:14:32.906957 28602368 processor.cc:740] No data in processing queue, waiting...
I1005 20:14:33.165413 29138944 processor.cc:925] Processor: complete processing batch 45c6a40b-a4e0-4742-8204-25aa43dffc56 into model nwt
I1005 20:14:33.171470 29138944 cuckoo_watch.h:45] 529ms in ProcessBatch(lectures_batches/aaaaab.batch) [including 24ms in LoadMessage; 19ms in InitializeSparseNdw; 0ms in InitializeTheta; 0ms in CreateRegularizerAgents; 370ms in InferThetaAndUpdateNwtSparse; 6ms in CalculateScore(sparsity_theta_score); 103ms in CalculateScore(^^^ItemsProcessedScore^^^); ]
I1005 20:14:33.172003 2047873024 master_component.cc:1436] RegularizeModelArgs: rwt_target_name=rwt, pwt_source_name=pwt, nwt_source_name=nwt
I1005 20:14:33.172073 2047873024 master_component.cc:976] MasterComponent: start regularizing model pwt
I1005 20:14:33.195128 29138944 processor.cc:740] No data in processing queue, waiting...
I1005 20:14:33.288484 2047873024 master_component.cc:1002] MasterComponent: complete regularizing model pwt
I1005 20:14:33.288504 2047873024 master_component.cc:1449] NormalizeModelArgs: pwt_target_name=pwt, nwt_source_name=nwt, rwt_source_name=rwt
I1005 20:14:33.288511 2047873024 master_component.cc:1006] MasterComponent: start normalizing model nwt
I1005 20:14:33.372539 2047873024 master_component.cc:1034] MasterComponent: complete normalizing model nwt
I1005 20:14:33.447880 2047873024 master_component.cc:1473] DisposeModel rwt
I1005 20:14:33.465493 2047873024 master_component.cc:1059] FitOffline: ItemsProcessed, num_items=1728, num_batches=2, token_weight=808522, token_weight_in_effect=808522
I1005 20:14:33.465771 2047873024 c_interface.cc:389] Pass FitOfflineMasterModelArgs, batch_filename_size=2, batch_weight_size=2, num_collection_passes=1, reset_nwt=yes to MN4artm4core15MasterComponentEFvRKNS_25FitOfflineMasterModelArgsEE
I1005 20:14:33.465785 2047873024 master_component.cc:1398] ProcessBatchesArgs: nwt_target_name=nwt, batch_filename_size=2, batch_size=0, batch_weight_size=2, pwt_source_name=pwt, num_document_passes=10, regularizer=(name:SmoothSparsePhi, tau:100000), class=(author:1), class=(text:1), reuse_theta=no, opt_for_avx=yes, predict_class_id=, reset_nwt=yes
I1005 20:14:33.484311 25382912 processor.cc:747] Processing queue has data, processing started
I1005 20:14:33.484321 26456064 processor.cc:747] Processing queue has data, processing started
I1005 20:14:33.497632 25382912 processor.cc:820] Processor: start processing batch be1054f3-efc2-41bc-b290-735bd9818d9f into model nwt
I1005 20:14:33.508893 26456064 processor.cc:820] Processor: start processing batch 45c6a40b-a4e0-4742-8204-25aa43dffc56 into model nwt
I1005 20:14:33.728055 25382912 processor.cc:925] Processor: complete processing batch be1054f3-efc2-41bc-b290-735bd9818d9f into model nwt
I1005 20:14:33.732532 25382912 cuckoo_watch.h:45] 248ms in ProcessBatch(lectures_batches/aaaaaa.batch) [including 13ms in LoadMessage; 8ms in InitializeSparseNdw; 0ms in InitializeTheta; 0ms in CreateRegularizerAgents; 169ms in InferThetaAndUpdateNwtSparse; 3ms in CalculateScore(sparsity_theta_score); 48ms in CalculateScore(^^^ItemsProcessedScore^^^); ]
I1005 20:14:33.756491 25382912 processor.cc:740] No data in processing queue, waiting...
I1005 20:14:34.006069 26456064 processor.cc:925] Processor: complete processing batch 45c6a40b-a4e0-4742-8204-25aa43dffc56 into model nwt
I1005 20:14:34.012468 26456064 cuckoo_watch.h:45] 528ms in ProcessBatch(lectures_batches/aaaaab.batch) [including 24ms in LoadMessage; 20ms in InitializeSparseNdw; 0ms in InitializeTheta; 0ms in CreateRegularizerAgents; 367ms in InferThetaAndUpdateNwtSparse; 5ms in CalculateScore(sparsity_theta_score); 103ms in CalculateScore(^^^ItemsProcessedScore^^^); ]
I1005 20:14:34.013541 2047873024 master_component.cc:1436] RegularizeModelArgs: rwt_target_name=rwt, pwt_source_name=pwt, nwt_source_name=nwt
I1005 20:14:34.013644 2047873024 master_component.cc:976] MasterComponent: start regularizing model pwt
I1005 20:14:34.036311 26456064 processor.cc:740] No data in processing queue, waiting...
I1005 20:14:34.133246 2047873024 master_component.cc:1002] MasterComponent: complete regularizing model pwt
I1005 20:14:34.133270 2047873024 master_component.cc:1449] NormalizeModelArgs: pwt_target_name=pwt, nwt_source_name=nwt, rwt_source_name=rwt
I1005 20:14:34.133277 2047873024 master_component.cc:1006] MasterComponent: start normalizing model nwt
I1005 20:14:34.228271 2047873024 master_component.cc:1034] MasterComponent: complete normalizing model nwt
I1005 20:14:34.317081 2047873024 master_component.cc:1473] DisposeModel rwt
I1005 20:14:34.338002 2047873024 master_component.cc:1059] FitOffline: ItemsProcessed, num_items=1728, num_batches=2, token_weight=808522, token_weight_in_effect=808522
I1005 20:14:34.338263 2047873024 c_interface.cc:389] Pass FitOfflineMasterModelArgs, batch_filename_size=2, batch_weight_size=2, num_collection_passes=1, reset_nwt=yes to MN4artm4core15MasterComponentEFvRKNS_25FitOfflineMasterModelArgsEE
I1005 20:14:34.338277 2047873024 master_component.cc:1398] ProcessBatchesArgs: nwt_target_name=nwt, batch_filename_size=2, batch_size=0, batch_weight_size=2, pwt_source_name=pwt, num_document_passes=10, regularizer=(name:SmoothSparsePhi, tau:100000), class=(author:1), class=(text:1), reuse_theta=no, opt_for_avx=yes, predict_class_id=, reset_nwt=yes
I1005 20:14:34.360613 27529216 processor.cc:747] Processing queue has data, processing started
I1005 20:14:34.360627 28602368 processor.cc:747] Processing queue has data, processing started
I1005 20:14:34.375675 27529216 processor.cc:820] Processor: start processing batch be1054f3-efc2-41bc-b290-735bd9818d9f into model nwt
I1005 20:14:34.385584 28602368 processor.cc:820] Processor: start processing batch 45c6a40b-a4e0-4742-8204-25aa43dffc56 into model nwt
I1005 20:14:34.589531 27529216 processor.cc:925] Processor: complete processing batch be1054f3-efc2-41bc-b290-735bd9818d9f into model nwt
I1005 20:14:34.593312 27529216 cuckoo_watch.h:45] 232ms in ProcessBatch(lectures_batches/aaaaaa.batch) [including 15ms in LoadMessage; 7ms in InitializeSparseNdw; 0ms in InitializeTheta; 0ms in CreateRegularizerAgents; 157ms in InferThetaAndUpdateNwtSparse; 3ms in CalculateScore(sparsity_theta_score); 44ms in CalculateScore(^^^ItemsProcessedScore^^^); ]
I1005 20:14:34.617188 27529216 processor.cc:740] No data in processing queue, waiting...
I1005 20:14:34.877849 28602368 processor.cc:925] Processor: complete processing batch 45c6a40b-a4e0-4742-8204-25aa43dffc56 into model nwt
I1005 20:14:34.883759 28602368 cuckoo_watch.h:45] 523ms in ProcessBatch(lectures_batches/aaaaab.batch) [including 24ms in LoadMessage; 19ms in InitializeSparseNdw; 0ms in InitializeTheta; 0ms in CreateRegularizerAgents; 355ms in InferThetaAndUpdateNwtSparse; 5ms in CalculateScore(sparsity_theta_score); 112ms in CalculateScore(^^^ItemsProcessedScore^^^); ]
I1005 20:14:34.883931 2047873024 master_component.cc:1436] RegularizeModelArgs: rwt_target_name=rwt, pwt_source_name=pwt, nwt_source_name=nwt
I1005 20:14:34.883950 2047873024 master_component.cc:976] MasterComponent: start regularizing model pwt
I1005 20:14:34.907781 28602368 processor.cc:740] No data in processing queue, waiting...
I1005 20:14:35.002364 2047873024 master_component.cc:1002] MasterComponent: complete regularizing model pwt
I1005 20:14:35.002385 2047873024 master_component.cc:1449] NormalizeModelArgs: pwt_target_name=pwt, nwt_source_name=nwt, rwt_source_name=rwt
I1005 20:14:35.002391 2047873024 master_component.cc:1006] MasterComponent: start normalizing model nwt
I1005 20:14:35.084019 2047873024 master_component.cc:1034] MasterComponent: complete normalizing model nwt
I1005 20:14:35.166996 2047873024 master_component.cc:1473] DisposeModel rwt
I1005 20:14:35.184574 2047873024 master_component.cc:1059] FitOffline: ItemsProcessed, num_items=1728, num_batches=2, token_weight=808522, token_weight_in_effect=808522
I1005 20:14:35.185343 2047873024 c_interface.cc:389] Pass FitOfflineMasterModelArgs, batch_filename_size=2, batch_weight_size=2, num_collection_passes=1, reset_nwt=yes to MN4artm4core15MasterComponentEFvRKNS_25FitOfflineMasterModelArgsEE
I1005 20:14:35.185355 2047873024 master_component.cc:1398] ProcessBatchesArgs: nwt_target_name=nwt, batch_filename_size=2, batch_size=0, batch_weight_size=2, pwt_source_name=pwt, num_document_passes=10, regularizer=(name:SmoothSparsePhi, tau:100000), class=(author:1), class=(text:1), reuse_theta=no, opt_for_avx=yes, predict_class_id=, reset_nwt=yes
I1005 20:14:35.204082 27529216 processor.cc:747] Processing queue has data, processing started
I1005 20:14:35.204102 25919488 processor.cc:747] Processing queue has data, processing started
I1005 20:14:35.217000 27529216 processor.cc:820] Processor: start processing batch be1054f3-efc2-41bc-b290-735bd9818d9f into model nwt
I1005 20:14:35.227583 25919488 processor.cc:820] Processor: start processing batch 45c6a40b-a4e0-4742-8204-25aa43dffc56 into model nwt
I1005 20:14:35.448426 27529216 processor.cc:925] Processor: complete processing batch be1054f3-efc2-41bc-b290-735bd9818d9f into model nwt
I1005 20:14:35.452347 27529216 cuckoo_watch.h:45] 248ms in ProcessBatch(lectures_batches/aaaaaa.batch) [including 12ms in LoadMessage; 8ms in InitializeSparseNdw; 0ms in InitializeTheta; 0ms in CreateRegularizerAgents; 171ms in InferThetaAndUpdateNwtSparse; 4ms in CalculateScore(sparsity_theta_score); 47ms in CalculateScore(^^^ItemsProcessedScore^^^); ]
I1005 20:14:35.475970 27529216 processor.cc:740] No data in processing queue, waiting...
I1005 20:14:35.726898 25919488 processor.cc:925] Processor: complete processing batch 45c6a40b-a4e0-4742-8204-25aa43dffc56 into model nwt
I1005 20:14:35.732797 25919488 cuckoo_watch.h:45] 528ms in ProcessBatch(lectures_batches/aaaaab.batch) [including 23ms in LoadMessage; 21ms in InitializeSparseNdw; 0ms in InitializeTheta; 0ms in CreateRegularizerAgents; 373ms in InferThetaAndUpdateNwtSparse; 5ms in CalculateScore(sparsity_theta_score); 98ms in CalculateScore(^^^ItemsProcessedScore^^^); ]
I1005 20:14:35.732801 2047873024 master_component.cc:1436] RegularizeModelArgs: rwt_target_name=rwt, pwt_source_name=pwt, nwt_source_name=nwt
I1005 20:14:35.732820 2047873024 master_component.cc:976] MasterComponent: start regularizing model pwt
I1005 20:14:35.757113 25919488 processor.cc:740] No data in processing queue, waiting...
I1005 20:14:35.857182 2047873024 master_component.cc:1002] MasterComponent: complete regularizing model pwt
I1005 20:14:35.857203 2047873024 master_component.cc:1449] NormalizeModelArgs: pwt_target_name=pwt, nwt_source_name=nwt, rwt_source_name=rwt
I1005 20:14:35.857210 2047873024 master_component.cc:1006] MasterComponent: start normalizing model nwt
I1005 20:14:35.939657 2047873024 master_component.cc:1034] MasterComponent: complete normalizing model nwt
I1005 20:14:36.019419 2047873024 master_component.cc:1473] DisposeModel rwt
I1005 20:14:36.035437 2047873024 master_component.cc:1059] FitOffline: ItemsProcessed, num_items=1728, num_batches=2, token_weight=808522, token_weight_in_effect=808522
I1005 20:14:36.035691 2047873024 c_interface.cc:389] Pass FitOfflineMasterModelArgs, batch_filename_size=2, batch_weight_size=2, num_collection_passes=1, reset_nwt=yes to MN4artm4core15MasterComponentEFvRKNS_25FitOfflineMasterModelArgsEE
I1005 20:14:36.035704 2047873024 master_component.cc:1398] ProcessBatchesArgs: nwt_target_name=nwt, batch_filename_size=2, batch_size=0, batch_weight_size=2, pwt_source_name=pwt, num_document_passes=10, regularizer=(name:SmoothSparsePhi, tau:100000), class=(author:1), class=(text:1), reuse_theta=no, opt_for_avx=yes, predict_class_id=, reset_nwt=yes
I1005 20:14:36.055042 29138944 processor.cc:747] Processing queue has data, processing started
I1005 20:14:36.055050 27529216 processor.cc:747] Processing queue has data, processing started
I1005 20:14:36.068470 29138944 processor.cc:820] Processor: start processing batch be1054f3-efc2-41bc-b290-735bd9818d9f into model nwt
I1005 20:14:36.078747 27529216 processor.cc:820] Processor: start processing batch 45c6a40b-a4e0-4742-8204-25aa43dffc56 into model nwt
I1005 20:14:36.290514 29138944 processor.cc:925] Processor: complete processing batch be1054f3-efc2-41bc-b290-735bd9818d9f into model nwt
I1005 20:14:36.294662 29138944 cuckoo_watch.h:45] 239ms in ProcessBatch(lectures_batches/aaaaaa.batch) [including 13ms in LoadMessage; 7ms in InitializeSparseNdw; 0ms in InitializeTheta; 0ms in CreateRegularizerAgents; 163ms in InferThetaAndUpdateNwtSparse; 3ms in CalculateScore(sparsity_theta_score); 47ms in CalculateScore(^^^ItemsProcessedScore^^^); ]
I1005 20:14:36.318670 29138944 processor.cc:740] No data in processing queue, waiting...
I1005 20:14:36.570519 27529216 processor.cc:925] Processor: complete processing batch 45c6a40b-a4e0-4742-8204-25aa43dffc56 into model nwt
I1005 20:14:36.576503 27529216 cuckoo_watch.h:45] 521ms in ProcessBatch(lectures_batches/aaaaab.batch) [including 23ms in LoadMessage; 20ms in InitializeSparseNdw; 0ms in InitializeTheta; 0ms in CreateRegularizerAgents; 362ms in InferThetaAndUpdateNwtSparse; 5ms in CalculateScore(sparsity_theta_score); 103ms in CalculateScore(^^^ItemsProcessedScore^^^); ]
I1005 20:14:36.576606 2047873024 master_component.cc:1436] RegularizeModelArgs: rwt_target_name=rwt, pwt_source_name=pwt, nwt_source_name=nwt
