I1005 15:26:16.577061 26456064 cuckoo_watch.h:45] 40ms in ProcessBatch(school_batches/aaaaad.batch) [including 2ms in LoadMessage; 0ms in InitializeSparseNdw; 0ms in FindReuseThetaCacheEntry; 0ms in InitializeTheta; 0ms in CreateRegularizerAgents; 13ms in InferThetaAndUpdateNwtSparse; 0ms in UpdateCacheEntry; 12ms in CalculateScore(PerplexityScore); 1ms in CalculateScore(SparsityThetaScore); 8ms in CalculateScore(^^^ItemsProcessedScore^^^); ]
I1005 15:26:16.577234 28602368 processor.cc:925] Processor: complete processing batch 2a540f52-409b-4074-8377-a495c464bf52 into model nwt
I1005 15:26:16.577975 28065792 cuckoo_watch.h:45] 41ms in ProcessBatch(school_batches/aaaaab.batch) [including 3ms in LoadMessage; 1ms in InitializeSparseNdw; 0ms in FindReuseThetaCacheEntry; 0ms in InitializeTheta; 0ms in CreateRegularizerAgents; 14ms in InferThetaAndUpdateNwtSparse; 0ms in UpdateCacheEntry; 13ms in CalculateScore(PerplexityScore); 1ms in CalculateScore(SparsityThetaScore); 6ms in CalculateScore(^^^ItemsProcessedScore^^^); ]
I1005 15:26:16.579064 28602368 cuckoo_watch.h:45] 42ms in ProcessBatch(school_batches/aaaaac.batch) [including 4ms in LoadMessage; 0ms in InitializeSparseNdw; 0ms in FindReuseThetaCacheEntry; 0ms in InitializeTheta; 0ms in CreateRegularizerAgents; 13ms in InferThetaAndUpdateNwtSparse; 0ms in UpdateCacheEntry; 12ms in CalculateScore(PerplexityScore); 1ms in CalculateScore(SparsityThetaScore); 8ms in CalculateScore(^^^ItemsProcessedScore^^^); ]
I1005 15:26:16.579967 2047873024 master_component.cc:1436] RegularizeModelArgs: rwt_target_name=rwt, pwt_source_name=pwt, nwt_source_name=nwt
I1005 15:26:16.579967 2047873024 master_component.cc:976] MasterComponent: start regularizing model pwt
I1005 15:26:16.598886 29138944 processor.cc:740] No data in processing queue, waiting...
I1005 15:26:16.601238 25919488 processor.cc:740] No data in processing queue, waiting...
I1005 15:26:16.601260 26456064 processor.cc:740] No data in processing queue, waiting...
I1005 15:26:16.602056 28065792 processor.cc:740] No data in processing queue, waiting...
I1005 15:26:16.603338 28602368 processor.cc:740] No data in processing queue, waiting...
I1005 15:26:16.629298 2047873024 master_component.cc:1002] MasterComponent: complete regularizing model pwt
I1005 15:26:16.629318 2047873024 master_component.cc:1449] NormalizeModelArgs: pwt_target_name=pwt, nwt_source_name=nwt, rwt_source_name=rwt
I1005 15:26:16.629325 2047873024 master_component.cc:1006] MasterComponent: start normalizing model nwt
I1005 15:26:16.664448 2047873024 master_component.cc:1034] MasterComponent: complete normalizing model nwt
I1005 15:26:16.677786 2047873024 master_component.cc:1473] DisposeModel rwt
I1005 15:26:16.685276 2047873024 master_component.cc:1059] FitOffline: ItemsProcessed, num_items=476, num_batches=5, token_weight=160411, token_weight_in_effect=160411
I1005 15:26:16.685530 2047873024 c_interface.cc:389] Pass FitOfflineMasterModelArgs, batch_filename_size=5, batch_weight_size=5, num_collection_passes=1, reset_nwt=yes to MN4artm4core15MasterComponentEFvRKNS_25FitOfflineMasterModelArgsEE
I1005 15:26:16.685544 2047873024 master_component.cc:1398] ProcessBatchesArgs: nwt_target_name=nwt, batch_filename_size=5, batch_size=0, batch_weight_size=5, pwt_source_name=pwt, num_document_passes=1, regularizer=(name:SparsePhi, tau:-100), class=(text:1), reuse_theta=yes, opt_for_avx=yes, predict_class_id=, reset_nwt=yes
I1005 15:26:16.692631 28602368 processor.cc:747] Processing queue has data, processing started
I1005 15:26:16.692642 25919488 processor.cc:747] Processing queue has data, processing started
I1005 15:26:16.692642 28065792 processor.cc:747] Processing queue has data, processing started
I1005 15:26:16.692643 26456064 processor.cc:747] Processing queue has data, processing started
I1005 15:26:16.692647 27529216 processor.cc:747] Processing queue has data, processing started
I1005 15:26:16.695678 28602368 processor.cc:820] Processor: start processing batch b51c6f6f-0db2-4eb4-900f-387e24614dc3 into model nwt
I1005 15:26:16.695955 26456064 processor.cc:820] Processor: start processing batch f5b2de6f-2cd3-4a7b-9d34-5ac00a621808 into model nwt
I1005 15:26:16.696463 25919488 processor.cc:820] Processor: start processing batch ba0290d2-4d69-4474-badb-d8916b4518a4 into model nwt
I1005 15:26:16.696828 27529216 processor.cc:820] Processor: start processing batch 6168cfe5-8ba8-466f-bebc-8ff6853e451f into model nwt
I1005 15:26:16.697149 28065792 processor.cc:820] Processor: start processing batch 2a540f52-409b-4074-8377-a495c464bf52 into model nwt
I1005 15:26:16.731665 27529216 processor.cc:925] Processor: complete processing batch 6168cfe5-8ba8-466f-bebc-8ff6853e451f into model nwt
I1005 15:26:16.734002 27529216 cuckoo_watch.h:45] 41ms in ProcessBatch(school_batches/aaaaae.batch) [including 4ms in LoadMessage; 1ms in InitializeSparseNdw; 0ms in FindReuseThetaCacheEntry; 0ms in InitializeTheta; 0ms in CreateRegularizerAgents; 13ms in InferThetaAndUpdateNwtSparse; 0ms in UpdateCacheEntry; 10ms in CalculateScore(PerplexityScore); 1ms in CalculateScore(SparsityThetaScore); 7ms in CalculateScore(^^^ItemsProcessedScore^^^); ]
I1005 15:26:16.734041 26456064 processor.cc:925] Processor: complete processing batch f5b2de6f-2cd3-4a7b-9d34-5ac00a621808 into model nwt
I1005 15:26:16.735034 28065792 processor.cc:925] Processor: complete processing batch 2a540f52-409b-4074-8377-a495c464bf52 into model nwt
I1005 15:26:16.735813 26456064 cuckoo_watch.h:45] 43ms in ProcessBatch(school_batches/aaaaad.batch) [including 3ms in LoadMessage; 1ms in InitializeSparseNdw; 0ms in FindReuseThetaCacheEntry; 0ms in InitializeTheta; 0ms in CreateRegularizerAgents; 13ms in InferThetaAndUpdateNwtSparse; 0ms in UpdateCacheEntry; 13ms in CalculateScore(PerplexityScore); 1ms in CalculateScore(SparsityThetaScore); 7ms in CalculateScore(^^^ItemsProcessedScore^^^); ]
I1005 15:26:16.735836 28602368 processor.cc:925] Processor: complete processing batch b51c6f6f-0db2-4eb4-900f-387e24614dc3 into model nwt
I1005 15:26:16.736148 28065792 cuckoo_watch.h:45] 43ms in ProcessBatch(school_batches/aaaaac.batch) [including 4ms in LoadMessage; 1ms in InitializeSparseNdw; 0ms in FindReuseThetaCacheEntry; 0ms in InitializeTheta; 0ms in CreateRegularizerAgents; 13ms in InferThetaAndUpdateNwtSparse; 0ms in UpdateCacheEntry; 14ms in CalculateScore(PerplexityScore); 1ms in CalculateScore(SparsityThetaScore); 6ms in CalculateScore(^^^ItemsProcessedScore^^^); ]
I1005 15:26:16.736698 25919488 processor.cc:925] Processor: complete processing batch ba0290d2-4d69-4474-badb-d8916b4518a4 into model nwt
I1005 15:26:16.737057 28602368 cuckoo_watch.h:45] 44ms in ProcessBatch(school_batches/aaaaaa.batch) [including 3ms in LoadMessage; 0ms in InitializeSparseNdw; 0ms in FindReuseThetaCacheEntry; 0ms in InitializeTheta; 0ms in CreateRegularizerAgents; 13ms in InferThetaAndUpdateNwtSparse; 0ms in UpdateCacheEntry; 16ms in CalculateScore(PerplexityScore); 1ms in CalculateScore(SparsityThetaScore); 7ms in CalculateScore(^^^ItemsProcessedScore^^^); ]
I1005 15:26:16.737905 25919488 cuckoo_watch.h:45] 45ms in ProcessBatch(school_batches/aaaaab.batch) [including 3ms in LoadMessage; 0ms in InitializeSparseNdw; 0ms in FindReuseThetaCacheEntry; 0ms in InitializeTheta; 0ms in CreateRegularizerAgents; 13ms in InferThetaAndUpdateNwtSparse; 0ms in UpdateCacheEntry; 17ms in CalculateScore(PerplexityScore); 1ms in CalculateScore(SparsityThetaScore); 6ms in CalculateScore(^^^ItemsProcessedScore^^^); ]
I1005 15:26:16.739109 2047873024 master_component.cc:1436] RegularizeModelArgs: rwt_target_name=rwt, pwt_source_name=pwt, nwt_source_name=nwt
I1005 15:26:16.739132 2047873024 master_component.cc:976] MasterComponent: start regularizing model pwt
I1005 15:26:16.756723 27529216 processor.cc:740] No data in processing queue, waiting...
I1005 15:26:16.759312 28065792 processor.cc:740] No data in processing queue, waiting...
I1005 15:26:16.759317 26456064 processor.cc:740] No data in processing queue, waiting...
I1005 15:26:16.760352 25919488 processor.cc:740] No data in processing queue, waiting...
I1005 15:26:16.760407 28602368 processor.cc:740] No data in processing queue, waiting...
I1005 15:26:16.793390 2047873024 master_component.cc:1002] MasterComponent: complete regularizing model pwt
I1005 15:26:16.793406 2047873024 master_component.cc:1449] NormalizeModelArgs: pwt_target_name=pwt, nwt_source_name=nwt, rwt_source_name=rwt
I1005 15:26:16.793412 2047873024 master_component.cc:1006] MasterComponent: start normalizing model nwt
I1005 15:26:16.824347 2047873024 master_component.cc:1034] MasterComponent: complete normalizing model nwt
I1005 15:26:16.838207 2047873024 master_component.cc:1473] DisposeModel rwt
I1005 15:26:16.846319 2047873024 master_component.cc:1059] FitOffline: ItemsProcessed, num_items=476, num_batches=5, token_weight=160411, token_weight_in_effect=160411
I1005 15:26:16.846554 2047873024 c_interface.cc:389] Pass FitOfflineMasterModelArgs, batch_filename_size=5, batch_weight_size=5, num_collection_passes=1, reset_nwt=yes to MN4artm4core15MasterComponentEFvRKNS_25FitOfflineMasterModelArgsEE
I1005 15:26:16.846566 2047873024 master_component.cc:1398] ProcessBatchesArgs: nwt_target_name=nwt, batch_filename_size=5, batch_size=0, batch_weight_size=5, pwt_source_name=pwt, num_document_passes=1, regularizer=(name:SparsePhi, tau:-100), class=(text:1), reuse_theta=yes, opt_for_avx=yes, predict_class_id=, reset_nwt=yes
I1005 15:26:16.853788 29675520 processor.cc:747] Processing queue has data, processing started
I1005 15:26:16.853796 29138944 processor.cc:747] Processing queue has data, processing started
I1005 15:26:16.853798 25919488 processor.cc:747] Processing queue has data, processing started
I1005 15:26:16.853796 26992640 processor.cc:747] Processing queue has data, processing started
I1005 15:26:16.853811 28065792 processor.cc:747] Processing queue has data, processing started
I1005 15:26:16.857337 26992640 processor.cc:820] Processor: start processing batch ba0290d2-4d69-4474-badb-d8916b4518a4 into model nwt
I1005 15:26:16.857592 25919488 processor.cc:820] Processor: start processing batch f5b2de6f-2cd3-4a7b-9d34-5ac00a621808 into model nwt
I1005 15:26:16.857695 29138944 processor.cc:820] Processor: start processing batch 2a540f52-409b-4074-8377-a495c464bf52 into model nwt
I1005 15:26:16.857934 28065792 processor.cc:820] Processor: start processing batch 6168cfe5-8ba8-466f-bebc-8ff6853e451f into model nwt
I1005 15:26:16.858270 29675520 processor.cc:820] Processor: start processing batch b51c6f6f-0db2-4eb4-900f-387e24614dc3 into model nwt
I1005 15:26:16.891497 28065792 processor.cc:925] Processor: complete processing batch 6168cfe5-8ba8-466f-bebc-8ff6853e451f into model nwt
I1005 15:26:16.892560 28065792 cuckoo_watch.h:45] 38ms in ProcessBatch(school_batches/aaaaae.batch) [including 4ms in LoadMessage; 1ms in InitializeSparseNdw; 0ms in FindReuseThetaCacheEntry; 0ms in InitializeTheta; 0ms in CreateRegularizerAgents; 13ms in InferThetaAndUpdateNwtSparse; 0ms in UpdateCacheEntry; 12ms in CalculateScore(PerplexityScore); 1ms in CalculateScore(SparsityThetaScore); 5ms in CalculateScore(^^^ItemsProcessedScore^^^); ]
I1005 15:26:16.893069 29675520 processor.cc:925] Processor: complete processing batch b51c6f6f-0db2-4eb4-900f-387e24614dc3 into model nwt
I1005 15:26:16.894732 29138944 processor.cc:925] Processor: complete processing batch 2a540f52-409b-4074-8377-a495c464bf52 into model nwt
I1005 15:26:16.895051 26992640 processor.cc:925] Processor: complete processing batch ba0290d2-4d69-4474-badb-d8916b4518a4 into model nwt
I1005 15:26:16.895181 29675520 cuckoo_watch.h:45] 41ms in ProcessBatch(school_batches/aaaaaa.batch) [including 4ms in LoadMessage; 1ms in InitializeSparseNdw; 0ms in FindReuseThetaCacheEntry; 0ms in InitializeTheta; 0ms in CreateRegularizerAgents; 13ms in InferThetaAndUpdateNwtSparse; 0ms in UpdateCacheEntry; 11ms in CalculateScore(PerplexityScore); 1ms in CalculateScore(SparsityThetaScore); 6ms in CalculateScore(^^^ItemsProcessedScore^^^); ]
I1005 15:26:16.895972 29138944 cuckoo_watch.h:45] 42ms in ProcessBatch(school_batches/aaaaac.batch) [including 3ms in LoadMessage; 1ms in InitializeSparseNdw; 0ms in FindReuseThetaCacheEntry; 0ms in InitializeTheta; 0ms in CreateRegularizerAgents; 13ms in InferThetaAndUpdateNwtSparse; 0ms in UpdateCacheEntry; 13ms in CalculateScore(PerplexityScore); 1ms in CalculateScore(SparsityThetaScore); 6ms in CalculateScore(^^^ItemsProcessedScore^^^); ]
I1005 15:26:16.896188 26992640 cuckoo_watch.h:45] 42ms in ProcessBatch(school_batches/aaaaab.batch) [including 3ms in LoadMessage; 1ms in InitializeSparseNdw; 0ms in FindReuseThetaCacheEntry; 0ms in InitializeTheta; 0ms in CreateRegularizerAgents; 12ms in InferThetaAndUpdateNwtSparse; 0ms in UpdateCacheEntry; 14ms in CalculateScore(PerplexityScore); 1ms in CalculateScore(SparsityThetaScore); 7ms in CalculateScore(^^^ItemsProcessedScore^^^); ]
I1005 15:26:16.896988 25919488 processor.cc:925] Processor: complete processing batch f5b2de6f-2cd3-4a7b-9d34-5ac00a621808 into model nwt
I1005 15:26:16.898196 25919488 cuckoo_watch.h:45] 44ms in ProcessBatch(school_batches/aaaaad.batch) [including 3ms in LoadMessage; 1ms in InitializeSparseNdw; 0ms in FindReuseThetaCacheEntry; 0ms in InitializeTheta; 0ms in CreateRegularizerAgents; 13ms in InferThetaAndUpdateNwtSparse; 0ms in UpdateCacheEntry; 15ms in CalculateScore(PerplexityScore); 1ms in CalculateScore(SparsityThetaScore); 7ms in CalculateScore(^^^ItemsProcessedScore^^^); ]
I1005 15:26:16.898243 2047873024 master_component.cc:1436] RegularizeModelArgs: rwt_target_name=rwt, pwt_source_name=pwt, nwt_source_name=nwt
I1005 15:26:16.898259 2047873024 master_component.cc:976] MasterComponent: start regularizing model pwt
I1005 15:26:16.915789 28065792 processor.cc:740] No data in processing queue, waiting...
I1005 15:26:16.918673 29675520 processor.cc:740] No data in processing queue, waiting...
I1005 15:26:16.919404 29138944 processor.cc:740] No data in processing queue, waiting...
I1005 15:26:16.919951 26992640 processor.cc:740] No data in processing queue, waiting...
I1005 15:26:16.921905 25919488 processor.cc:740] No data in processing queue, waiting...
I1005 15:26:16.952425 2047873024 master_component.cc:1002] MasterComponent: complete regularizing model pwt
I1005 15:26:16.952446 2047873024 master_component.cc:1449] NormalizeModelArgs: pwt_target_name=pwt, nwt_source_name=nwt, rwt_source_name=rwt
I1005 15:26:16.952452 2047873024 master_component.cc:1006] MasterComponent: start normalizing model nwt
I1005 15:26:16.984099 2047873024 master_component.cc:1034] MasterComponent: complete normalizing model nwt
I1005 15:26:16.996071 2047873024 master_component.cc:1473] DisposeModel rwt
I1005 15:26:17.004572 2047873024 master_component.cc:1059] FitOffline: ItemsProcessed, num_items=476, num_batches=5, token_weight=160411, token_weight_in_effect=160411
I1005 15:26:17.004849 2047873024 c_interface.cc:389] Pass FitOfflineMasterModelArgs, batch_filename_size=5, batch_weight_size=5, num_collection_passes=1, reset_nwt=yes to MN4artm4core15MasterComponentEFvRKNS_25FitOfflineMasterModelArgsEE
I1005 15:26:17.005031 2047873024 master_component.cc:1398] ProcessBatchesArgs: nwt_target_name=nwt, batch_filename_size=5, batch_size=0, batch_weight_size=5, pwt_source_name=pwt, num_document_passes=1, regularizer=(name:SparsePhi, tau:-100), class=(text:1), reuse_theta=yes, opt_for_avx=yes, predict_class_id=, reset_nwt=yes
I1005 15:26:17.012403 29138944 processor.cc:747] Processing queue has data, processing started
I1005 15:26:17.012434 28602368 processor.cc:747] Processing queue has data, processing started
I1005 15:26:17.012447 25919488 processor.cc:747] Processing queue has data, processing started
I1005 15:26:17.012490 28065792 processor.cc:747] Processing queue has data, processing started
I1005 15:26:17.013118 26456064 processor.cc:747] Processing queue has data, processing started
I1005 15:26:17.015820 28065792 processor.cc:820] Processor: start processing batch f5b2de6f-2cd3-4a7b-9d34-5ac00a621808 into model nwt
I1005 15:26:17.015841 28602368 processor.cc:820] Processor: start processing batch ba0290d2-4d69-4474-badb-d8916b4518a4 into model nwt
I1005 15:26:17.015843 25919488 processor.cc:820] Processor: start processing batch 2a540f52-409b-4074-8377-a495c464bf52 into model nwt
I1005 15:26:17.015939 29138944 processor.cc:820] Processor: start processing batch b51c6f6f-0db2-4eb4-900f-387e24614dc3 into model nwt
I1005 15:26:17.016563 26456064 processor.cc:820] Processor: start processing batch 6168cfe5-8ba8-466f-bebc-8ff6853e451f into model nwt
I1005 15:26:17.051091 29138944 processor.cc:925] Processor: complete processing batch b51c6f6f-0db2-4eb4-900f-387e24614dc3 into model nwt
I1005 15:26:17.051576 28065792 processor.cc:925] Processor: complete processing batch f5b2de6f-2cd3-4a7b-9d34-5ac00a621808 into model nwt
I1005 15:26:17.052727 29138944 cuckoo_watch.h:45] 40ms in ProcessBatch(school_batches/aaaaaa.batch) [including 3ms in LoadMessage; 0ms in InitializeSparseNdw; 0ms in FindReuseThetaCacheEntry; 0ms in InitializeTheta; 0ms in CreateRegularizerAgents; 12ms in InferThetaAndUpdateNwtSparse; 0ms in UpdateCacheEntry; 11ms in CalculateScore(PerplexityScore); 1ms in CalculateScore(SparsityThetaScore); 8ms in CalculateScore(^^^ItemsProcessedScore^^^); ]
I1005 15:26:17.053172 28065792 cuckoo_watch.h:45] 40ms in ProcessBatch(school_batches/aaaaad.batch) [including 3ms in LoadMessage; 0ms in InitializeSparseNdw; 0ms in FindReuseThetaCacheEntry; 0ms in InitializeTheta; 0ms in CreateRegularizerAgents; 14ms in InferThetaAndUpdateNwtSparse; 0ms in UpdateCacheEntry; 11ms in CalculateScore(PerplexityScore); 1ms in CalculateScore(SparsityThetaScore); 7ms in CalculateScore(^^^ItemsProcessedScore^^^); ]
I1005 15:26:17.054380 26456064 processor.cc:925] Processor: complete processing batch 6168cfe5-8ba8-466f-bebc-8ff6853e451f into model nwt
I1005 15:26:17.055974 28602368 processor.cc:925] Processor: complete processing batch ba0290d2-4d69-4474-badb-d8916b4518a4 into model nwt
I1005 15:26:17.056008 26456064 cuckoo_watch.h:45] 42ms in ProcessBatch(school_batches/aaaaae.batch) [including 3ms in LoadMessage; 0ms in InitializeSparseNdw; 0ms in FindReuseThetaCacheEntry; 0ms in InitializeTheta; 0ms in CreateRegularizerAgents; 13ms in InferThetaAndUpdateNwtSparse; 0ms in UpdateCacheEntry; 15ms in CalculateScore(PerplexityScore); 1ms in CalculateScore(SparsityThetaScore); 6ms in CalculateScore(^^^ItemsProcessedScore^^^); ]
I1005 15:26:17.057221 28602368 cuckoo_watch.h:45] 44ms in ProcessBatch(school_batches/aaaaab.batch) [including 3ms in LoadMessage; 1ms in InitializeSparseNdw; 0ms in FindReuseThetaCacheEntry; 0ms in InitializeTheta; 0ms in CreateRegularizerAgents; 14ms in InferThetaAndUpdateNwtSparse; 0ms in UpdateCacheEntry; 12ms in CalculateScore(PerplexityScore); 1ms in CalculateScore(SparsityThetaScore); 10ms in CalculateScore(^^^ItemsProcessedScore^^^); ]
I1005 15:26:17.060109 25919488 processor.cc:925] Processor: complete processing batch 2a540f52-409b-4074-8377-a495c464bf52 into model nwt
I1005 15:26:17.061305 25919488 cuckoo_watch.h:45] 48ms in ProcessBatch(school_batches/aaaaac.batch) [including 3ms in LoadMessage; 1ms in InitializeSparseNdw; 0ms in FindReuseThetaCacheEntry; 0ms in InitializeTheta; 0ms in CreateRegularizerAgents; 15ms in InferThetaAndUpdateNwtSparse; 0ms in UpdateCacheEntry; 19ms in CalculateScore(PerplexityScore); 1ms in CalculateScore(SparsityThetaScore); 6ms in CalculateScore(^^^ItemsProcessedScore^^^); ]
I1005 15:26:17.061823 2047873024 master_component.cc:1436] RegularizeModelArgs: rwt_target_name=rwt, pwt_source_name=pwt, nwt_source_name=nwt
I1005 15:26:17.061842 2047873024 master_component.cc:976] MasterComponent: start regularizing model pwt
I1005 15:26:17.076535 29138944 processor.cc:740] No data in processing queue, waiting...
I1005 15:26:17.076544 28065792 processor.cc:740] No data in processing queue, waiting...
I1005 15:26:17.079589 26456064 processor.cc:740] No data in processing queue, waiting...
I1005 15:26:17.080777 28602368 processor.cc:740] No data in processing queue, waiting...
I1005 15:26:17.084615 25919488 processor.cc:740] No data in processing queue, waiting...
I1005 15:26:17.114920 2047873024 master_component.cc:1002] MasterComponent: complete regularizing model pwt
I1005 15:26:17.114960 2047873024 master_component.cc:1449] NormalizeModelArgs: pwt_target_name=pwt, nwt_source_name=nwt, rwt_source_name=rwt
I1005 15:26:17.114977 2047873024 master_component.cc:1006] MasterComponent: start normalizing model nwt
I1005 15:26:17.150194 2047873024 master_component.cc:1034] MasterComponent: complete normalizing model nwt
I1005 15:26:17.163048 2047873024 master_component.cc:1473] DisposeModel rwt
I1005 15:26:17.171547 2047873024 master_component.cc:1059] FitOffline: ItemsProcessed, num_items=476, num_batches=5, token_weight=160411, token_weight_in_effect=160411
I1005 15:26:17.171842 2047873024 c_interface.cc:389] Pass FitOfflineMasterModelArgs, batch_filename_size=5, batch_weight_size=5, num_collection_passes=1, reset_nwt=yes to MN4artm4core15MasterComponentEFvRKNS_25FitOfflineMasterModelArgsEE
I1005 15:26:17.171861 2047873024 master_component.cc:1398] ProcessBatchesArgs: nwt_target_name=nwt, batch_filename_size=5, batch_size=0, batch_weight_size=5, pwt_source_name=pwt, num_document_passes=1, regularizer=(name:SparsePhi, tau:-100), class=(text:1), reuse_theta=yes, opt_for_avx=yes, predict_class_id=, reset_nwt=yes
I1005 15:26:17.179275 27529216 processor.cc:747] Processing queue has data, processing started
I1005 15:26:17.179312 28065792 processor.cc:747] Processing queue has data, processing started
I1005 15:26:17.179322 29675520 processor.cc:747] Processing queue has data, processing started
I1005 15:26:17.179333 26992640 processor.cc:747] Processing queue has data, processing started
I1005 15:26:17.179350 28602368 processor.cc:747] Processing queue has data, processing started
I1005 15:26:17.182776 26992640 processor.cc:820] Processor: start processing batch f5b2de6f-2cd3-4a7b-9d34-5ac00a621808 into model nwt
I1005 15:26:17.182854 28065792 processor.cc:820] Processor: start processing batch ba0290d2-4d69-4474-badb-d8916b4518a4 into model nwt
I1005 15:26:17.183115 29675520 processor.cc:820] Processor: start processing batch 2a540f52-409b-4074-8377-a495c464bf52 into model nwt
I1005 15:26:17.183609 28602368 processor.cc:820] Processor: start processing batch 6168cfe5-8ba8-466f-bebc-8ff6853e451f into model nwt
I1005 15:26:17.183831 27529216 processor.cc:820] Processor: start processing batch b51c6f6f-0db2-4eb4-900f-387e24614dc3 into model nwt
I1005 15:26:17.217900 28602368 processor.cc:925] Processor: complete processing batch 6168cfe5-8ba8-466f-bebc-8ff6853e451f into model nwt
I1005 15:26:17.217941 26992640 processor.cc:925] Processor: complete processing batch f5b2de6f-2cd3-4a7b-9d34-5ac00a621808 into model nwt
I1005 15:26:17.220098 26992640 cuckoo_watch.h:45] 40ms in ProcessBatch(school_batches/aaaaad.batch) [including 3ms in LoadMessage; 1ms in InitializeSparseNdw; 0ms in FindReuseThetaCacheEntry; 0ms in InitializeTheta; 0ms in CreateRegularizerAgents; 12ms in InferThetaAndUpdateNwtSparse; 0ms in UpdateCacheEntry; 12ms in CalculateScore(PerplexityScore); 1ms in CalculateScore(SparsityThetaScore); 7ms in CalculateScore(^^^ItemsProcessedScore^^^); ]
I1005 15:26:17.220270 28602368 cuckoo_watch.h:45] 40ms in ProcessBatch(school_batches/aaaaae.batch) [including 4ms in LoadMessage; 1ms in InitializeSparseNdw; 0ms in FindReuseThetaCacheEntry; 0ms in InitializeTheta; 0ms in CreateRegularizerAgents; 12ms in InferThetaAndUpdateNwtSparse; 0ms in UpdateCacheEntry; 12ms in CalculateScore(PerplexityScore); 1ms in CalculateScore(SparsityThetaScore); 6ms in CalculateScore(^^^ItemsProcessedScore^^^); ]
I1005 15:26:17.221824 27529216 processor.cc:925] Processor: complete processing batch b51c6f6f-0db2-4eb4-900f-387e24614dc3 into model nwt
I1005 15:26:17.222923 27529216 cuckoo_watch.h:45] 43ms in ProcessBatch(school_batches/aaaaaa.batch) [including 4ms in LoadMessage; 0ms in InitializeSparseNdw; 0ms in FindReuseThetaCacheEntry; 0ms in InitializeTheta; 0ms in CreateRegularizerAgents; 14ms in InferThetaAndUpdateNwtSparse; 0ms in UpdateCacheEntry; 13ms in CalculateScore(PerplexityScore); 1ms in CalculateScore(SparsityThetaScore); 8ms in CalculateScore(^^^ItemsProcessedScore^^^); ]
I1005 15:26:17.224398 29675520 processor.cc:925] Processor: complete processing batch 2a540f52-409b-4074-8377-a495c464bf52 into model nwt
I1005 15:26:17.225097 28065792 processor.cc:925] Processor: complete processing batch ba0290d2-4d69-4474-badb-d8916b4518a4 into model nwt
I1005 15:26:17.225702 29675520 cuckoo_watch.h:45] 46ms in ProcessBatch(school_batches/aaaaac.batch) [including 3ms in LoadMessage; 1ms in InitializeSparseNdw; 0ms in FindReuseThetaCacheEntry; 0ms in InitializeTheta; 0ms in CreateRegularizerAgents; 15ms in InferThetaAndUpdateNwtSparse; 0ms in UpdateCacheEntry; 16ms in CalculateScore(PerplexityScore); 1ms in CalculateScore(SparsityThetaScore); 5ms in CalculateScore(^^^ItemsProcessedScore^^^); ]
I1005 15:26:17.226238 28065792 cuckoo_watch.h:45] 46ms in ProcessBatch(school_batches/aaaaab.batch) [including 3ms in LoadMessage; 0ms in InitializeSparseNdw; 0ms in FindReuseThetaCacheEntry; 0ms in InitializeTheta; 0ms in CreateRegularizerAgents; 14ms in InferThetaAndUpdateNwtSparse; 0ms in UpdateCacheEntry; 17ms in CalculateScore(PerplexityScore); 1ms in CalculateScore(SparsityThetaScore); 7ms in CalculateScore(^^^ItemsProcessedScore^^^); ]
I1005 15:26:17.226759 2047873024 master_component.cc:1436] RegularizeModelArgs: rwt_target_name=rwt, pwt_source_name=pwt, nwt_source_name=nwt
I1005 15:26:17.226778 2047873024 master_component.cc:976] MasterComponent: start regularizing model pwt
I1005 15:26:17.243265 26992640 processor.cc:740] No data in processing queue, waiting...
I1005 15:26:17.243265 28602368 processor.cc:740] No data in processing queue, waiting...
I1005 15:26:17.246556 27529216 processor.cc:740] No data in processing queue, waiting...
I1005 15:26:17.248922 29675520 processor.cc:740] No data in processing queue, waiting...
I1005 15:26:17.250057 28065792 processor.cc:740] No data in processing queue, waiting...
I1005 15:26:17.280395 2047873024 master_component.cc:1002] MasterComponent: complete regularizing model pwt
I1005 15:26:17.280416 2047873024 master_component.cc:1449] NormalizeModelArgs: pwt_target_name=pwt, nwt_source_name=nwt, rwt_source_name=rwt
I1005 15:26:17.280421 2047873024 master_component.cc:1006] MasterComponent: start normalizing model nwt
I1005 15:26:17.314069 2047873024 master_component.cc:1034] MasterComponent: complete normalizing model nwt
I1005 15:26:17.325631 2047873024 master_component.cc:1473] DisposeModel rwt
I1005 15:26:17.332690 2047873024 master_component.cc:1059] FitOffline: ItemsProcessed, num_items=476, num_batches=5, token_weight=160411, token_weight_in_effect=160411
I1005 15:26:18.451457 2047873024 c_interface.cc:231] ArtmCopyRequestedMessage is copying 203414 bytes...
I1005 15:26:46.441756 2047873024 c_interface.cc:231] ArtmCopyRequestedMessage is copying 203414 bytes...
I1005 15:26:46.524462 2047873024 c_interface.cc:231] ArtmCopyRequestedMessage is copying 203414 bytes...
I1005 15:27:07.090838 2047873024 c_interface.cc:231] ArtmCopyRequestedMessage is copying 2015 bytes...
I1005 15:27:07.093060 2047873024 c_interface.cc:231] ArtmCopyRequestedMessage is copying 2007 bytes...
I1005 15:28:52.406296 2047873024 c_interface.cc:578] Pass TransformMasterModelArgs, batch_filename_size=5, batch_size=0, theta_matrix_type=1, predict_class_id= to MasterComponent::Request (extended)
I1005 15:28:52.407147 26456064 processor.cc:747] Processing queue has data, processing started
I1005 15:28:52.407148 29675520 processor.cc:747] Processing queue has data, processing started
I1005 15:28:52.407164 26992640 processor.cc:747] Processing queue has data, processing started
I1005 15:28:52.407177 28065792 processor.cc:747] Processing queue has data, processing started
I1005 15:28:52.407186 28602368 processor.cc:747] Processing queue has data, processing started
I1005 15:28:52.410953 28065792 processor.cc:820] Processor: start processing batch f5b2de6f-2cd3-4a7b-9d34-5ac00a621808 into model 0x11cbefb48
I1005 15:28:52.411526 29675520 processor.cc:820] Processor: start processing batch ba0290d2-4d69-4474-badb-d8916b4518a4 into model 0x11cbefb48
I1005 15:28:52.411818 28602368 processor.cc:820] Processor: start processing batch 6168cfe5-8ba8-466f-bebc-8ff6853e451f into model 0x11cbefb48
I1005 15:28:52.411911 26992640 processor.cc:820] Processor: start processing batch 2a540f52-409b-4074-8377-a495c464bf52 into model 0x11cbefb48
I1005 15:28:52.412015 26456064 processor.cc:820] Processor: start processing batch b51c6f6f-0db2-4eb4-900f-387e24614dc3 into model 0x11cbefb48
I1005 15:28:52.440462 28602368 processor.cc:925] Processor: complete processing batch 6168cfe5-8ba8-466f-bebc-8ff6853e451f into model 0x11cbefb48
I1005 15:28:52.441938 28602368 cuckoo_watch.h:45] 34ms in ProcessBatch(school_batches/aaaaae.batch) [including 4ms in LoadMessage; 1ms in InitializeSparseNdw; 0ms in FindReuseThetaCacheEntry; 0ms in InitializeTheta; 0ms in CreateRegularizerAgents; 4ms in InferThetaAndUpdateNwtSparse; 0ms in UpdateCacheEntry; 13ms in CalculateScore(PerplexityScore); 1ms in CalculateScore(SparsityThetaScore); 6ms in CalculateScore(^^^ItemsProcessedScore^^^); ]
I1005 15:28:52.443508 26456064 processor.cc:925] Processor: complete processing batch b51c6f6f-0db2-4eb4-900f-387e24614dc3 into model 0x11cbefb48
I1005 15:28:52.444478 26992640 processor.cc:925] Processor: complete processing batch 2a540f52-409b-4074-8377-a495c464bf52 into model 0x11cbefb48
I1005 15:28:52.444619 28065792 processor.cc:925] Processor: complete processing batch f5b2de6f-2cd3-4a7b-9d34-5ac00a621808 into model 0x11cbefb48
I1005 15:28:52.444875 26456064 cuckoo_watch.h:45] 37ms in ProcessBatch(school_batches/aaaaaa.batch) [including 4ms in LoadMessage; 1ms in InitializeSparseNdw; 0ms in FindReuseThetaCacheEntry; 0ms in InitializeTheta; 0ms in CreateRegularizerAgents; 4ms in InferThetaAndUpdateNwtSparse; 0ms in UpdateCacheEntry; 16ms in CalculateScore(PerplexityScore); 2ms in CalculateScore(SparsityThetaScore); 7ms in CalculateScore(^^^ItemsProcessedScore^^^); ]
I1005 15:28:52.445420 29675520 processor.cc:925] Processor: complete processing batch ba0290d2-4d69-4474-badb-d8916b4518a4 into model 0x11cbefb48
I1005 15:28:52.445670 28065792 cuckoo_watch.h:45] 38ms in ProcessBatch(school_batches/aaaaad.batch) [including 3ms in LoadMessage; 1ms in InitializeSparseNdw; 0ms in FindReuseThetaCacheEntry; 0ms in InitializeTheta; 0ms in CreateRegularizerAgents; 4ms in InferThetaAndUpdateNwtSparse; 0ms in UpdateCacheEntry; 17ms in CalculateScore(PerplexityScore); 1ms in CalculateScore(SparsityThetaScore); 8ms in CalculateScore(^^^ItemsProcessedScore^^^); ]
I1005 15:28:52.445847 26992640 cuckoo_watch.h:45] 38ms in ProcessBatch(school_batches/aaaaac.batch) [including 4ms in LoadMessage; 1ms in InitializeSparseNdw; 0ms in FindReuseThetaCacheEntry; 0ms in InitializeTheta; 0ms in CreateRegularizerAgents; 4ms in InferThetaAndUpdateNwtSparse; 0ms in UpdateCacheEntry; 17ms in CalculateScore(PerplexityScore); 1ms in CalculateScore(SparsityThetaScore); 7ms in CalculateScore(^^^ItemsProcessedScore^^^); ]
I1005 15:28:52.446442 29675520 cuckoo_watch.h:45] 39ms in ProcessBatch(school_batches/aaaaab.batch) [including 4ms in LoadMessage; 1ms in InitializeSparseNdw; 0ms in FindReuseThetaCacheEntry; 0ms in InitializeTheta; 0ms in CreateRegularizerAgents; 4ms in InferThetaAndUpdateNwtSparse; 0ms in UpdateCacheEntry; 19ms in CalculateScore(PerplexityScore); 1ms in CalculateScore(SparsityThetaScore)