I1006 02:41:18.543407 25919488 processor.cc:740] No data in processing queue, waiting...
I1006 02:41:18.688299 27529216 processor.cc:925] Processor: complete processing batch d196cba3-f633-43af-a3cb-5de44cb23262 into model nwt
I1006 02:41:18.694660 27529216 cuckoo_watch.h:45] 341ms in ProcessBatch(lectures_batches/aaaaab.batch) [including 26ms in LoadMessage; 21ms in InitializeSparseNdw; 0ms in FindReuseThetaCacheEntry; 3ms in InitializeTheta; 0ms in CreateRegularizerAgents; 172ms in InferThetaAndUpdateNwtSparse; 0ms in UpdateCacheEntry; 4ms in CalculateScore(sparsity_theta_score); 105ms in CalculateScore(^^^ItemsProcessedScore^^^); ]
I1006 02:41:18.694706 2047873024 master_component.cc:1436] RegularizeModelArgs: rwt_target_name=rwt, pwt_source_name=pwt, nwt_source_name=nwt
I1006 02:41:18.694722 2047873024 master_component.cc:976] MasterComponent: start regularizing model pwt
I1006 02:41:18.714905 27529216 processor.cc:740] No data in processing queue, waiting...
I1006 02:41:18.798156 2047873024 master_component.cc:1002] MasterComponent: complete regularizing model pwt
I1006 02:41:18.798174 2047873024 master_component.cc:1449] NormalizeModelArgs: pwt_target_name=pwt, nwt_source_name=nwt, rwt_source_name=rwt
I1006 02:41:18.798182 2047873024 master_component.cc:1006] MasterComponent: start normalizing model nwt
I1006 02:41:18.874017 2047873024 master_component.cc:1034] MasterComponent: complete normalizing model nwt
I1006 02:41:18.961367 2047873024 master_component.cc:1473] DisposeModel rwt
I1006 02:41:18.981536 2047873024 master_component.cc:1059] FitOffline: ItemsProcessed, num_items=1728, num_batches=2, token_weight=808522, token_weight_in_effect=808522
I1006 02:41:18.981825 2047873024 c_interface.cc:389] Pass FitOfflineMasterModelArgs, batch_filename_size=2, batch_weight_size=2, num_collection_passes=1, reset_nwt=yes to MN4artm4core15MasterComponentEFvRKNS_25FitOfflineMasterModelArgsEE
I1006 02:41:18.981838 2047873024 master_component.cc:1398] ProcessBatchesArgs: nwt_target_name=nwt, batch_filename_size=2, batch_size=0, batch_weight_size=2, pwt_source_name=pwt, num_document_passes=1, regularizer=(name:SmoothSparsePhi_bcg, tau:100000), class=(text:1), class=(author:1), reuse_theta=yes, opt_for_avx=yes, predict_class_id=, reset_nwt=yes
I1006 02:41:18.999603 25919488 processor.cc:747] Processing queue has data, processing started
I1006 02:41:18.999824 27529216 processor.cc:747] Processing queue has data, processing started
I1006 02:41:19.014775 25919488 processor.cc:820] Processor: start processing batch 89af3714-01fa-49bd-a0e4-9d8544657682 into model nwt
I1006 02:41:19.026108 27529216 processor.cc:820] Processor: start processing batch d196cba3-f633-43af-a3cb-5de44cb23262 into model nwt
I1006 02:41:19.185927 25919488 processor.cc:925] Processor: complete processing batch 89af3714-01fa-49bd-a0e4-9d8544657682 into model nwt
I1006 02:41:19.190059 25919488 cuckoo_watch.h:45] 190ms in ProcessBatch(lectures_batches/aaaaaa.batch) [including 15ms in LoadMessage; 8ms in InitializeSparseNdw; 0ms in FindReuseThetaCacheEntry; 7ms in InitializeTheta; 0ms in CreateRegularizerAgents; 95ms in InferThetaAndUpdateNwtSparse; 0ms in UpdateCacheEntry; 4ms in CalculateScore(sparsity_theta_score); 53ms in CalculateScore(^^^ItemsProcessedScore^^^); ]
I1006 02:41:19.211134 25919488 processor.cc:740] No data in processing queue, waiting...
I1006 02:41:19.344709 27529216 processor.cc:925] Processor: complete processing batch d196cba3-f633-43af-a3cb-5de44cb23262 into model nwt
I1006 02:41:19.351387 27529216 cuckoo_watch.h:45] 351ms in ProcessBatch(lectures_batches/aaaaab.batch) [including 26ms in LoadMessage; 23ms in InitializeSparseNdw; 0ms in FindReuseThetaCacheEntry; 4ms in InitializeTheta; 0ms in CreateRegularizerAgents; 186ms in InferThetaAndUpdateNwtSparse; 0ms in UpdateCacheEntry; 5ms in CalculateScore(sparsity_theta_score); 98ms in CalculateScore(^^^ItemsProcessedScore^^^); ]
I1006 02:41:19.351379 2047873024 master_component.cc:1436] RegularizeModelArgs: rwt_target_name=rwt, pwt_source_name=pwt, nwt_source_name=nwt
I1006 02:41:19.351400 2047873024 master_component.cc:976] MasterComponent: start regularizing model pwt
I1006 02:41:19.373929 27529216 processor.cc:740] No data in processing queue, waiting...
I1006 02:41:19.454797 2047873024 master_component.cc:1002] MasterComponent: complete regularizing model pwt
I1006 02:41:19.454816 2047873024 master_component.cc:1449] NormalizeModelArgs: pwt_target_name=pwt, nwt_source_name=nwt, rwt_source_name=rwt
I1006 02:41:19.454823 2047873024 master_component.cc:1006] MasterComponent: start normalizing model nwt
I1006 02:41:19.528861 2047873024 master_component.cc:1034] MasterComponent: complete normalizing model nwt
I1006 02:41:19.627075 2047873024 master_component.cc:1473] DisposeModel rwt
I1006 02:41:19.643534 2047873024 master_component.cc:1059] FitOffline: ItemsProcessed, num_items=1728, num_batches=2, token_weight=808522, token_weight_in_effect=808522
I1006 02:41:19.643774 2047873024 c_interface.cc:389] Pass FitOfflineMasterModelArgs, batch_filename_size=2, batch_weight_size=2, num_collection_passes=1, reset_nwt=yes to MN4artm4core15MasterComponentEFvRKNS_25FitOfflineMasterModelArgsEE
I1006 02:41:19.643786 2047873024 master_component.cc:1398] ProcessBatchesArgs: nwt_target_name=nwt, batch_filename_size=2, batch_size=0, batch_weight_size=2, pwt_source_name=pwt, num_document_passes=1, regularizer=(name:SmoothSparsePhi_bcg, tau:100000), class=(text:1), class=(author:1), reuse_theta=yes, opt_for_avx=yes, predict_class_id=, reset_nwt=yes
I1006 02:41:19.660715 26456064 processor.cc:747] Processing queue has data, processing started
I1006 02:41:19.660717 29675520 processor.cc:747] Processing queue has data, processing started
I1006 02:41:19.674219 26456064 processor.cc:820] Processor: start processing batch 89af3714-01fa-49bd-a0e4-9d8544657682 into model nwt
I1006 02:41:19.684142 29675520 processor.cc:820] Processor: start processing batch d196cba3-f633-43af-a3cb-5de44cb23262 into model nwt
I1006 02:41:19.828883 26456064 processor.cc:925] Processor: complete processing batch 89af3714-01fa-49bd-a0e4-9d8544657682 into model nwt
I1006 02:41:19.834352 26456064 cuckoo_watch.h:45] 173ms in ProcessBatch(lectures_batches/aaaaaa.batch) [including 13ms in LoadMessage; 7ms in InitializeSparseNdw; 0ms in FindReuseThetaCacheEntry; 8ms in InitializeTheta; 0ms in CreateRegularizerAgents; 85ms in InferThetaAndUpdateNwtSparse; 0ms in UpdateCacheEntry; 3ms in CalculateScore(sparsity_theta_score); 50ms in CalculateScore(^^^ItemsProcessedScore^^^); ]
I1006 02:41:19.856568 26456064 processor.cc:740] No data in processing queue, waiting...
I1006 02:41:20.009723 29675520 processor.cc:925] Processor: complete processing batch d196cba3-f633-43af-a3cb-5de44cb23262 into model nwt
I1006 02:41:20.016873 29675520 cuckoo_watch.h:45] 356ms in ProcessBatch(lectures_batches/aaaaab.batch) [including 23ms in LoadMessage; 18ms in InitializeSparseNdw; 0ms in FindReuseThetaCacheEntry; 3ms in InitializeTheta; 0ms in CreateRegularizerAgents; 193ms in InferThetaAndUpdateNwtSparse; 0ms in UpdateCacheEntry; 5ms in CalculateScore(sparsity_theta_score); 103ms in CalculateScore(^^^ItemsProcessedScore^^^); ]
I1006 02:41:20.018049 2047873024 master_component.cc:1436] RegularizeModelArgs: rwt_target_name=rwt, pwt_source_name=pwt, nwt_source_name=nwt
I1006 02:41:20.018113 2047873024 master_component.cc:976] MasterComponent: start regularizing model pwt
I1006 02:41:20.040930 29675520 processor.cc:740] No data in processing queue, waiting...
I1006 02:41:20.115674 2047873024 master_component.cc:1002] MasterComponent: complete regularizing model pwt
I1006 02:41:20.115723 2047873024 master_component.cc:1449] NormalizeModelArgs: pwt_target_name=pwt, nwt_source_name=nwt, rwt_source_name=rwt
I1006 02:41:20.115731 2047873024 master_component.cc:1006] MasterComponent: start normalizing model nwt
I1006 02:41:20.190815 2047873024 master_component.cc:1034] MasterComponent: complete normalizing model nwt
I1006 02:41:20.281656 2047873024 master_component.cc:1473] DisposeModel rwt
I1006 02:41:20.302249 2047873024 master_component.cc:1059] FitOffline: ItemsProcessed, num_items=1728, num_batches=2, token_weight=808522, token_weight_in_effect=808522
I1006 02:41:20.302664 2047873024 c_interface.cc:389] Pass FitOfflineMasterModelArgs, batch_filename_size=2, batch_weight_size=2, num_collection_passes=1, reset_nwt=yes to MN4artm4core15MasterComponentEFvRKNS_25FitOfflineMasterModelArgsEE
I1006 02:41:20.302685 2047873024 master_component.cc:1398] ProcessBatchesArgs: nwt_target_name=nwt, batch_filename_size=2, batch_size=0, batch_weight_size=2, pwt_source_name=pwt, num_document_passes=1, regularizer=(name:SmoothSparsePhi_bcg, tau:100000), class=(text:1), class=(author:1), reuse_theta=yes, opt_for_avx=yes, predict_class_id=, reset_nwt=yes
I1006 02:41:20.317704 26992640 processor.cc:747] Processing queue has data, processing started
I1006 02:41:20.317716 25919488 processor.cc:747] Processing queue has data, processing started
I1006 02:41:20.331117 26992640 processor.cc:820] Processor: start processing batch 89af3714-01fa-49bd-a0e4-9d8544657682 into model nwt
I1006 02:41:20.341533 25919488 processor.cc:820] Processor: start processing batch d196cba3-f633-43af-a3cb-5de44cb23262 into model nwt
I1006 02:41:20.478209 26992640 processor.cc:925] Processor: complete processing batch 89af3714-01fa-49bd-a0e4-9d8544657682 into model nwt
I1006 02:41:20.482033 26992640 cuckoo_watch.h:45] 164ms in ProcessBatch(lectures_batches/aaaaaa.batch) [including 13ms in LoadMessage; 7ms in InitializeSparseNdw; 0ms in FindReuseThetaCacheEntry; 7ms in InitializeTheta; 0ms in CreateRegularizerAgents; 83ms in InferThetaAndUpdateNwtSparse; 0ms in UpdateCacheEntry; 3ms in CalculateScore(sparsity_theta_score); 44ms in CalculateScore(^^^ItemsProcessedScore^^^); ]
I1006 02:41:20.504045 26992640 processor.cc:740] No data in processing queue, waiting...
I1006 02:41:20.632113 25919488 processor.cc:925] Processor: complete processing batch d196cba3-f633-43af-a3cb-5de44cb23262 into model nwt
I1006 02:41:20.639319 25919488 cuckoo_watch.h:45] 321ms in ProcessBatch(lectures_batches/aaaaab.batch) [including 23ms in LoadMessage; 21ms in InitializeSparseNdw; 0ms in FindReuseThetaCacheEntry; 3ms in InitializeTheta; 0ms in CreateRegularizerAgents; 164ms in InferThetaAndUpdateNwtSparse; 0ms in UpdateCacheEntry; 5ms in CalculateScore(sparsity_theta_score); 95ms in CalculateScore(^^^ItemsProcessedScore^^^); ]
I1006 02:41:20.640381 2047873024 master_component.cc:1436] RegularizeModelArgs: rwt_target_name=rwt, pwt_source_name=pwt, nwt_source_name=nwt
I1006 02:41:20.640414 2047873024 master_component.cc:976] MasterComponent: start regularizing model pwt
I1006 02:41:20.663429 25919488 processor.cc:740] No data in processing queue, waiting...
I1006 02:41:20.742053 2047873024 master_component.cc:1002] MasterComponent: complete regularizing model pwt
I1006 02:41:20.742076 2047873024 master_component.cc:1449] NormalizeModelArgs: pwt_target_name=pwt, nwt_source_name=nwt, rwt_source_name=rwt
I1006 02:41:20.742084 2047873024 master_component.cc:1006] MasterComponent: start normalizing model nwt
I1006 02:41:20.807447 2047873024 master_component.cc:1034] MasterComponent: complete normalizing model nwt
I1006 02:41:20.895902 2047873024 master_component.cc:1473] DisposeModel rwt
I1006 02:41:20.913302 2047873024 master_component.cc:1059] FitOffline: ItemsProcessed, num_items=1728, num_batches=2, token_weight=808522, token_weight_in_effect=808522
I1006 02:41:20.913583 2047873024 c_interface.cc:389] Pass FitOfflineMasterModelArgs, batch_filename_size=2, batch_weight_size=2, num_collection_passes=1, reset_nwt=yes to MN4artm4core15MasterComponentEFvRKNS_25FitOfflineMasterModelArgsEE
I1006 02:41:20.913627 2047873024 master_component.cc:1398] ProcessBatchesArgs: nwt_target_name=nwt, batch_filename_size=2, batch_size=0, batch_weight_size=2, pwt_source_name=pwt, num_document_passes=1, regularizer=(name:SmoothSparsePhi_bcg, tau:100000), class=(text:1), class=(author:1), reuse_theta=yes, opt_for_avx=yes, predict_class_id=, reset_nwt=yes
I1006 02:41:20.930402 29675520 processor.cc:747] Processing queue has data, processing started
I1006 02:41:20.930415 26992640 processor.cc:747] Processing queue has data, processing started
I1006 02:41:20.944572 29675520 processor.cc:820] Processor: start processing batch 89af3714-01fa-49bd-a0e4-9d8544657682 into model nwt
I1006 02:41:20.955236 26992640 processor.cc:820] Processor: start processing batch d196cba3-f633-43af-a3cb-5de44cb23262 into model nwt
I1006 02:41:21.115144 29675520 processor.cc:925] Processor: complete processing batch 89af3714-01fa-49bd-a0e4-9d8544657682 into model nwt
I1006 02:41:21.119101 29675520 cuckoo_watch.h:45] 188ms in ProcessBatch(lectures_batches/aaaaaa.batch) [including 14ms in LoadMessage; 8ms in InitializeSparseNdw; 0ms in FindReuseThetaCacheEntry; 8ms in InitializeTheta; 0ms in CreateRegularizerAgents; 96ms in InferThetaAndUpdateNwtSparse; 0ms in UpdateCacheEntry; 4ms in CalculateScore(sparsity_theta_score); 52ms in CalculateScore(^^^ItemsProcessedScore^^^); ]
I1006 02:41:21.142623 29675520 processor.cc:740] No data in processing queue, waiting...
I1006 02:41:21.286638 26992640 processor.cc:925] Processor: complete processing batch d196cba3-f633-43af-a3cb-5de44cb23262 into model nwt
I1006 02:41:21.292920 26992640 cuckoo_watch.h:45] 362ms in ProcessBatch(lectures_batches/aaaaab.batch) [including 24ms in LoadMessage; 23ms in InitializeSparseNdw; 0ms in FindReuseThetaCacheEntry; 3ms in InitializeTheta; 0ms in CreateRegularizerAgents; 190ms in InferThetaAndUpdateNwtSparse; 0ms in UpdateCacheEntry; 6ms in CalculateScore(sparsity_theta_score); 106ms in CalculateScore(^^^ItemsProcessedScore^^^); ]
I1006 02:41:21.292997 2047873024 master_component.cc:1436] RegularizeModelArgs: rwt_target_name=rwt, pwt_source_name=pwt, nwt_source_name=nwt
I1006 02:41:21.293014 2047873024 master_component.cc:976] MasterComponent: start regularizing model pwt
I1006 02:41:21.316965 26992640 processor.cc:740] No data in processing queue, waiting...
I1006 02:41:21.393985 2047873024 master_component.cc:1002] MasterComponent: complete regularizing model pwt
I1006 02:41:21.394003 2047873024 master_component.cc:1449] NormalizeModelArgs: pwt_target_name=pwt, nwt_source_name=nwt, rwt_source_name=rwt
I1006 02:41:21.394009 2047873024 master_component.cc:1006] MasterComponent: start normalizing model nwt
I1006 02:41:21.465638 2047873024 master_component.cc:1034] MasterComponent: complete normalizing model nwt
I1006 02:41:21.549676 2047873024 master_component.cc:1473] DisposeModel rwt
I1006 02:41:21.564807 2047873024 master_component.cc:1059] FitOffline: ItemsProcessed, num_items=1728, num_batches=2, token_weight=808522, token_weight_in_effect=808522
I1006 02:41:21.565069 2047873024 c_interface.cc:389] Pass FitOfflineMasterModelArgs, batch_filename_size=2, batch_weight_size=2, num_collection_passes=1, reset_nwt=yes to MN4artm4core15MasterComponentEFvRKNS_25FitOfflineMasterModelArgsEE
I1006 02:41:21.565084 2047873024 master_component.cc:1398] ProcessBatchesArgs: nwt_target_name=nwt, batch_filename_size=2, batch_size=0, batch_weight_size=2, pwt_source_name=pwt, num_document_passes=1, regularizer=(name:SmoothSparsePhi_bcg, tau:100000), class=(text:1), class=(author:1), reuse_theta=yes, opt_for_avx=yes, predict_class_id=, reset_nwt=yes
I1006 02:41:21.580308 28602368 processor.cc:747] Processing queue has data, processing started
I1006 02:41:21.580334 29138944 processor.cc:747] Processing queue has data, processing started
I1006 02:41:21.594053 28602368 processor.cc:820] Processor: start processing batch 89af3714-01fa-49bd-a0e4-9d8544657682 into model nwt
I1006 02:41:21.606391 29138944 processor.cc:820] Processor: start processing batch d196cba3-f633-43af-a3cb-5de44cb23262 into model nwt
I1006 02:41:21.747903 28602368 processor.cc:925] Processor: complete processing batch 89af3714-01fa-49bd-a0e4-9d8544657682 into model nwt
I1006 02:41:21.751680 28602368 cuckoo_watch.h:45] 171ms in ProcessBatch(lectures_batches/aaaaaa.batch) [including 13ms in LoadMessage; 8ms in InitializeSparseNdw; 0ms in FindReuseThetaCacheEntry; 8ms in InitializeTheta; 0ms in CreateRegularizerAgents; 85ms in InferThetaAndUpdateNwtSparse; 0ms in UpdateCacheEntry; 3ms in CalculateScore(sparsity_theta_score); 46ms in CalculateScore(^^^ItemsProcessedScore^^^); ]
I1006 02:41:21.774036 28602368 processor.cc:740] No data in processing queue, waiting...
I1006 02:41:21.904927 29138944 processor.cc:925] Processor: complete processing batch d196cba3-f633-43af-a3cb-5de44cb23262 into model nwt
I1006 02:41:21.911574 29138944 cuckoo_watch.h:45] 331ms in ProcessBatch(lectures_batches/aaaaab.batch) [including 26ms in LoadMessage; 21ms in InitializeSparseNdw; 0ms in FindReuseThetaCacheEntry; 3ms in InitializeTheta; 0ms in CreateRegularizerAgents; 173ms in InferThetaAndUpdateNwtSparse; 0ms in UpdateCacheEntry; 4ms in CalculateScore(sparsity_theta_score); 95ms in CalculateScore(^^^ItemsProcessedScore^^^); ]
I1006 02:41:21.912158 2047873024 master_component.cc:1436] RegularizeModelArgs: rwt_target_name=rwt, pwt_source_name=pwt, nwt_source_name=nwt
I1006 02:41:21.912175 2047873024 master_component.cc:976] MasterComponent: start regularizing model pwt
I1006 02:41:21.935911 29138944 processor.cc:740] No data in processing queue, waiting...
I1006 02:41:22.014883 2047873024 master_component.cc:1002] MasterComponent: complete regularizing model pwt
I1006 02:41:22.014901 2047873024 master_component.cc:1449] NormalizeModelArgs: pwt_target_name=pwt, nwt_source_name=nwt, rwt_source_name=rwt
I1006 02:41:22.014907 2047873024 master_component.cc:1006] MasterComponent: start normalizing model nwt
I1006 02:41:22.087046 2047873024 master_component.cc:1034] MasterComponent: complete normalizing model nwt
I1006 02:41:22.180198 2047873024 master_component.cc:1473] DisposeModel rwt
I1006 02:41:22.199090 2047873024 master_component.cc:1059] FitOffline: ItemsProcessed, num_items=1728, num_batches=2, token_weight=808522, token_weight_in_effect=808522
I1006 02:41:22.199388 2047873024 c_interface.cc:389] Pass FitOfflineMasterModelArgs, batch_filename_size=2, batch_weight_size=2, num_collection_passes=1, reset_nwt=yes to MN4artm4core15MasterComponentEFvRKNS_25FitOfflineMasterModelArgsEE
I1006 02:41:22.199406 2047873024 master_component.cc:1398] ProcessBatchesArgs: nwt_target_name=nwt, batch_filename_size=2, batch_size=0, batch_weight_size=2, pwt_source_name=pwt, num_document_passes=1, regularizer=(name:SmoothSparsePhi_bcg, tau:100000), class=(text:1), class=(author:1), reuse_theta=yes, opt_for_avx=yes, predict_class_id=, reset_nwt=yes
I1006 02:41:22.217890 26992640 processor.cc:747] Processing queue has data, processing started
I1006 02:41:22.217892 28065792 processor.cc:747] Processing queue has data, processing started
I1006 02:41:22.231436 26992640 processor.cc:820] Processor: start processing batch 89af3714-01fa-49bd-a0e4-9d8544657682 into model nwt
I1006 02:41:22.242803 28065792 processor.cc:820] Processor: start processing batch d196cba3-f633-43af-a3cb-5de44cb23262 into model nwt
I1006 02:41:22.386574 26992640 processor.cc:925] Processor: complete processing batch 89af3714-01fa-49bd-a0e4-9d8544657682 into model nwt
I1006 02:41:22.390655 26992640 cuckoo_watch.h:45] 172ms in ProcessBatch(lectures_batches/aaaaaa.batch) [including 13ms in LoadMessage; 7ms in InitializeSparseNdw; 0ms in FindReuseThetaCacheEntry; 8ms in InitializeTheta; 0ms in CreateRegularizerAgents; 86ms in InferThetaAndUpdateNwtSparse; 0ms in UpdateCacheEntry; 3ms in CalculateScore(sparsity_theta_score); 48ms in CalculateScore(^^^ItemsProcessedScore^^^); ]
I1006 02:41:22.413249 26992640 processor.cc:740] No data in processing queue, waiting...
I1006 02:41:22.554177 28065792 processor.cc:925] Processor: complete processing batch d196cba3-f633-43af-a3cb-5de44cb23262 into model nwt
I1006 02:41:22.561663 28065792 cuckoo_watch.h:45] 343ms in ProcessBatch(lectures_batches/aaaaab.batch) [including 24ms in LoadMessage; 21ms in InitializeSparseNdw; 0ms in FindReuseThetaCacheEntry; 3ms in InitializeTheta; 0ms in CreateRegularizerAgents; 178ms in InferThetaAndUpdateNwtSparse; 0ms in UpdateCacheEntry; 5ms in CalculateScore(sparsity_theta_score); 102ms in CalculateScore(^^^ItemsProcessedScore^^^); ]
I1006 02:41:22.561805 2047873024 master_component.cc:1436] RegularizeModelArgs: rwt_target_name=rwt, pwt_source_name=pwt, nwt_source_name=nwt
I1006 02:41:22.561826 2047873024 master_component.cc:976] MasterComponent: start regularizing model pwt
I1006 02:41:22.586112 28065792 processor.cc:740] No data in processing queue, waiting...
I1006 02:41:22.670058 2047873024 master_component.cc:1002] MasterComponent: complete regularizing model pwt
I1006 02:41:22.670078 2047873024 master_component.cc:1449] NormalizeModelArgs: pwt_target_name=pwt, nwt_source_name=nwt, rwt_source_name=rwt
I1006 02:41:22.670084 2047873024 master_component.cc:1006] MasterComponent: start normalizing model nwt
I1006 02:41:22.750658 2047873024 master_component.cc:1034] MasterComponent: complete normalizing model nwt
I1006 02:41:22.833232 2047873024 master_component.cc:1473] DisposeModel rwt
I1006 02:41:22.850018 2047873024 master_component.cc:1059] FitOffline: ItemsProcessed, num_items=1728, num_batches=2, token_weight=808522, token_weight_in_effect=808522
I1006 02:41:22.850255 2047873024 c_interface.cc:389] Pass FitOfflineMasterModelArgs, batch_filename_size=2, batch_weight_size=2, num_collection_passes=1, reset_nwt=yes to MN4artm4core15MasterComponentEFvRKNS_25FitOfflineMasterModelArgsEE
I1006 02:41:22.850270 2047873024 master_component.cc:1398] ProcessBatchesArgs: nwt_target_name=nwt, batch_filename_size=2, batch_size=0, batch_weight_size=2, pwt_source_name=pwt, num_document_passes=1, regularizer=(name:SmoothSparsePhi_bcg, tau:100000), class=(text:1), class=(author:1), reuse_theta=yes, opt_for_avx=yes, predict_class_id=, reset_nwt=yes
I1006 02:41:22.866401 29138944 processor.cc:747] Processing queue has data, processing started
I1006 02:41:22.866411 29675520 processor.cc:747] Processing queue has data, processing started
I1006 02:41:22.879748 29138944 processor.cc:820] Processor: start processing batch 89af3714-01fa-49bd-a0e4-9d8544657682 into model nwt
I1006 02:41:22.891093 29675520 processor.cc:820] Processor: start processing batch d196cba3-f633-43af-a3cb-5de44cb23262 into model nwt
I1006 02:41:23.033210 29138944 processor.cc:925] Processor: complete processing batch 89af3714-01fa-49bd-a0e4-9d8544657682 into model nwt
I1006 02:41:23.037549 29138944 cuckoo_watch.h:45] 171ms in ProcessBatch(lectures_batches/aaaaaa.batch) [including 13ms in LoadMessage; 8ms in InitializeSparseNdw; 0ms in FindReuseThetaCacheEntry; 8ms in InitializeTheta; 0ms in CreateRegularizerAgents; 87ms in InferThetaAndUpdateNwtSparse; 0ms in UpdateCacheEntry; 3ms in CalculateScore(sparsity_theta_score); 44ms in CalculateScore(^^^ItemsProcessedScore^^^); ]
I1006 02:41:23.059945 29138944 processor.cc:740] No data in processing queue, waiting...
I1006 02:41:23.197295 29675520 processor.cc:925] Processor: complete processing batch d196cba3-f633-43af-a3cb-5de44cb23262 into model nwt
I1006 02:41:23.203164 29675520 cuckoo_watch.h:45] 336ms in ProcessBatch(lectures_batches/aaaaab.batch) [including 24ms in LoadMessage; 22ms in InitializeSparseNdw; 0ms in FindReuseThetaCacheEntry; 3ms in InitializeTheta; 0ms in CreateRegularizerAgents; 181ms in InferThetaAndUpdateNwtSparse; 0ms in UpdateCacheEntry; 4ms in CalculateScore(sparsity_theta_score); 94ms in CalculateScore(^^^ItemsProcessedScore^^^); ]
I1006 02:41:23.203902 2047873024 master_component.cc:1436] RegularizeModelArgs: rwt_target_name=rwt, pwt_source_name=pwt, nwt_source_name=nwt
I1006 02:41:23.203945 2047873024 master_component.cc:976] MasterComponent: start regularizing model pwt
I1006 02:41:23.227540 29675520 processor.cc:740] No data in processing queue, waiting...
I1006 02:41:23.309418 2047873024 master_component.cc:1002] MasterComponent: complete regularizing model pwt
I1006 02:41:23.309468 2047873024 master_component.cc:1449] NormalizeModelArgs: pwt_target_name=pwt, nwt_source_name=nwt, rwt_source_name=rwt
I1006 02:41:23.309476 2047873024 master_component.cc:1006] MasterComponent: start normalizing model nwt
I1006 02:41:23.388119 2047873024 master_component.cc:1034] MasterComponent: complete normalizing model nwt
I1006 02:41:23.470237 2047873024 master_component.cc:1473] DisposeModel rwt
I1006 02:41:23.487129 2047873024 master_component.cc:1059] FitOffline: ItemsProcessed, num_items=1728, num_batches=2, token_weight=808522, token_weight_in_effect=808522
I1006 02:41:23.487370 2047873024 c_interface.cc:389] Pass FitOfflineMasterModelArgs, batch_filename_size=2, batch_weight_size=2, num_collection_passes=1, reset_nwt=yes to MN4artm4core15MasterComponentEFvRKNS_25FitOfflineMasterModelArgsEE
I1006 02:41:23.487383 2047873024 master_component.cc:1398] ProcessBatchesArgs: nwt_target_name=nwt, batch_filename_size=2, batch_size=0, batch_weight_size=2, pwt_source_name=pwt, num_document_passes=1, regularizer=(name:SmoothSparsePhi_bcg, tau:100000), class=(text:1), class=(author:1), reuse_theta=yes, opt_for_avx=yes, predict_class_id=, reset_nwt=yes
I1006 02:41:23.502339 26992640 processor.cc:747] Processing queue has data, processing started
I1006 02:41:23.502374 29675520 processor.cc:747] Processing queue has data, processing started
I1006 02:41:23.515466 26992640 processor.cc:820] Processor: start processing batch 89af3714-01fa-49bd-a0e4-9d8544657682 into model nwt
I1006 02:41:23.526018 29675520 processor.cc:820] Processor: start processing batch d196cba3-f633-43af-a3cb-5de44cb23262 into model nwt
I1006 02:41:23.669533 26992640 processor.cc:925] Processor: complete processing batch 89af3714-01fa-49bd-a0e4-9d8544657682 into model nwt
I1006 02:41:23.673442 26992640 cuckoo_watch.h:45] 171ms in ProcessBatch(lectures_batches/aaaaaa.batch) [including 13ms in LoadMessage; 8ms in InitializeSparseNdw; 0ms in FindReuseThetaCacheEntry; 8ms in InitializeTheta; 0ms in CreateRegularizerAgents; 85ms in InferThetaAndUpdateNwtSparse; 0ms in UpdateCacheEntry; 3ms in CalculateScore(sparsity_theta_score); 46ms in CalculateScore(^^^ItemsProcessedScore^^^); ]
I1006 02:41:23.695991 26992640 processor.cc:740] No data in processing queue, waiting...
I1006 02:41:23.836906 29675520 processor.cc:925] Processor: complete processing batch d196cba3-f633-43af-a3cb-5de44cb23262 into model nwt
I1006 02:41:23.843513 29675520 cuckoo_watch.h:45] 341ms in ProcessBatch(lectures_batches/aaaaab.batch) [including 23ms in LoadMessage; 20ms in InitializeSparseNdw; 0ms in FindReuseThetaCacheEntry; 3ms in InitializeTheta; 0ms in CreateRegularizerAgents; 182ms in InferThetaAndUpdateNwtSparse; 0ms in UpdateCacheEntry; 5ms in CalculateScore(sparsity_theta_score); 98ms in CalculateScore(^^^ItemsProcessedScore^^^); ]
I1006 02:41:23.844274 2047873024 master_component.cc:1436] RegularizeModelArgs: rwt_target_name=rwt, pwt_source_name=pwt, nwt_source_name=nwt
I1006 02:41:23.844328 2047873024 master_component.cc:976] MasterComponent: start regularizing model pwt
I1006 02:41:23.867781 29675520 processor.cc:740] No data in processing queue, waiting...
I1006 02:41:23.946102 2047873024 master_component.cc:1002] MasterComponent: complete regularizing model pwt
I1006 02:41:23.946120 2047873024 master_component.cc:1449] NormalizeModelArgs: pwt_target_name=pwt, nwt_source_name=nwt, rwt_source_name=rwt
I1006 02:41:23.946127 2047873024 master_component.cc:1006] MasterComponent: start normalizing model nwt
I1006 02:41:24.024997 2047873024 master_component.cc:1034] MasterComponent: complete normalizing model nwt
I1006 02:41:24.116307 2047873024 master_component.cc:1473] DisposeModel rwt
I1006 02:41:24.131461 2047873024 master_component.cc:1059] FitOffline: ItemsProcessed, num_items=1728, num_batches=2, token_weight=808522, token_weight_in_effect=808522
I1006 02:41:24.131691 2047873024 c_interface.cc:389] Pass FitOfflineMasterModelArgs, batch_filename_size=2, batch_weight_size=2, num_collection_passes=1, reset_nwt=yes to MN4artm4core15MasterComponentEFvRKNS_25FitOfflineMasterModelArgsEE
I1006 02:41:24.131731 2047873024 master_component.cc:1398] ProcessBatchesArgs: nwt_target_name=nwt, batch_filename_size=2, batch_size=0, batch_weight_size=2, pwt_source_name=pwt, num_document_passes=1, regularizer=(name:SmoothSparsePhi_bcg, tau:100000), class=(text:1), class=(author:1), reuse_theta=yes, opt_for_avx=yes, predict_class_id=, reset_nwt=yes
I1006 02:41:24.147887 28602368 processor.cc:747] Processing queue has data, processing started
I1006 02:41:24.147894 26992640 processor.cc:747] Processing queue has data, processing started
I1006 02:41:24.161514 28602368 processor.cc:820] Processor: start processing batch 89af3714-01fa-49bd-a0e4-9d8544657682 into model nwt
I1006 02:41:24.172783 26992640 processor.cc:820] Processor: start processing batch d196cba3-f633-43af-a3cb-5de44cb23262 into model nwt
I1006 02:41:24.311738 28602368 processor.cc:925] Processor: complete processing batch 89af3714-01fa-49bd-a0e4-9d8544657682 into model nwt
I1006 02:41:24.315943 28602368 cuckoo_watch.h:45] 167ms in ProcessBatch(lectures_batches/aaaaaa.batch) [including 13ms in LoadMessage; 7ms in InitializeSparseNdw; 0ms in FindReuseThetaCacheEntry; 8ms in InitializeTheta; 0ms in CreateRegularizerAgents; 83ms in InferThetaAndUpdateNwtSparse; 0ms in UpdateCacheEntry; 3ms in CalculateScore(sparsity_theta_score); 46ms in CalculateScore(^^^ItemsProcessedScore^^^); ]
I1006 02:41:24.337930 28602368 processor.cc:740] No data in processing queue, waiting...
I1006 02:41:24.474251 26992640 processor.cc:925] Processor: complete processing batch d196cba3-f633-43af-a3cb-5de44cb23262 into model nwt
I1006 02:41:24.481223 26992640 cuckoo_watch.h:45] 333ms in ProcessBatch(lectures_batches/aaaaab.batch) [including 24ms in LoadMessage; 20ms in InitializeSparseNdw; 0ms in FindReuseThetaCacheEntry; 4ms in InitializeTheta; 0ms in CreateRegularizerAgents; 169ms in InferThetaAndUpdateNwtSparse; 0ms in UpdateCacheEntry; 5ms in CalculateScore(sparsity_theta_score); 101ms in CalculateScore(^^^ItemsProcessedScore^^^); ]
I1006 02:41:24.481986 2047873024 master_component.cc:1436] RegularizeModelArgs: rwt_target_name=rwt, pwt_source_name=pwt, nwt_source_name=nwt
I1006 02:41:24.482029 2047873024 master_component.cc:976] MasterComponent: start regularizing model pwt
I1006 02:41:24.505748 26992640 processor.cc:740] No data in processing queue, waiting...
I1006 02:41:24.589409 2047873024 master_component.cc:1002] MasterComponent: complete regularizing model pwt
I1006 02:41:24.589428 2047873024 master_component.cc:1449] NormalizeModelArgs: pwt_target_name=pwt, nwt_source_name=nwt, rwt_source_name=rwt
I1006 02:41:24.589434 2047873024 master_component.cc:1006] MasterComponent: start normalizing model nwt
I1006 02:41:24.683930 2047873024 master_component.cc:1034] MasterComponent: complete normalizing model nwt
I1006 02:41:24.780268 2047873024 master_component.cc:1473] DisposeModel rwt
I1006 02:41:24.798156 2047873024 master_component.cc:1059] FitOffline: ItemsProcessed, num_items=1728, num_batches=2, token_weight=808522, token_weight_in_effect=808522
I1006 02:41:24.798401 2047873024 c_interface.cc:389] Pass FitOfflineMasterModelArgs, batch_filename_size=2, batch_weight_size=2, num_collection_passes=1, reset_nwt=yes to MN4artm4core15MasterComponentEFvRKNS_25FitOfflineMasterModelArgsEE
I1006 02:41:24.798418 2047873024 master_component.cc:1398] ProcessBatchesArgs: nwt_target_name=nwt, batch_filename_size=2, batch_size=0, batch_weight_size=2, pwt_source_name=pwt, num_document_passes=1, regularizer=(name:SmoothSparsePhi_bcg, tau:100000), class=(text:1), class=(author:1), reuse_theta=yes, opt_for_avx=yes, predict_class_id=, reset_nwt=yes
I1006 02:41:24.817186 28065792 processor.cc:747] Processing queue has data, processing started
I1006 02:41:24.817209 29138944 processor.cc:747] Processing queue has data, processing started
I1006 02:41:24.831998 28065792 processor.cc:820] Processor: start processing batch 89af3714-01fa-49bd-a0e4-9d8544657682 into model nwt
I1006 02:41:24.843451 29138944 processor.cc:820] Processor: start processing batch d196cba3-f633-43af-a3cb-5de44cb23262 into model nwt
I1006 02:41:24.987385 28065792 processor.cc:925] Processor: complete processing batch 89af3714-01fa-49bd-a0e4-9d8544657682 into model nwt
I1006 02:41:24.991724 28065792 cuckoo_watch.h:45] 174ms in ProcessBatch(lectures_batches/aaaaaa.batch) [including 14ms in LoadMessage; 8ms in InitializeSparseNdw; 0ms in FindReuseThetaCacheEntry; 7ms in InitializeTheta; 0ms in CreateRegularizerAgents; 88ms in InferThetaAndUpdateNwtSparse; 0ms in UpdateCacheEntry; 3ms in CalculateScore(sparsity_theta_score); 46ms in CalculateScore(^^^ItemsProcessedScore^^^); ]
I1006 02:41:25.014977 28065792 processor.cc:740] No data in processing queue, waiting...
I1006 02:41:25.166471 29138944 processor.cc:925] Processor: complete processing batch d196cba3-f633-43af-a3cb-5de44cb23262 into model nwt
I1006 02:41:25.173065 29138944 cuckoo_watch.h:45] 355ms in ProcessBatch(lectures_batches/aaaaab.batch) [including 26ms in LoadMessage; 22ms in InitializeSparseNdw; 0ms in FindReuseThetaCacheEntry; 3ms in InitializeTheta; 0ms in CreateRegularizerAgents; 184ms in InferThetaAndUpdateNwtSparse; 0ms in UpdateCacheEntry; 5ms in CalculateScore(sparsity_theta_score); 106ms in CalculateScore(^^^ItemsProcessedScore^^^); ]
I1006 02:41:25.173329 2047873024 master_component.cc:1436] RegularizeModelArgs: rwt_target_name=rwt, pwt_source_name=pwt, nwt_source_name=nwt
I1006 02:41:25.173362 2047873024 master_component.cc:976] MasterComponent: start regularizing model pwt
I1006 02:41:25.197255 29138944 processor.cc:740] No data in processing queue, waiting...
I1006 02:41:25.274544 2047873024 master_component.cc:1002] MasterComponent: complete regularizing model pwt
I1006 02:41:25.274566 2047873024 master_component.cc:1449] NormalizeModelArgs: pwt_target_name=pwt, nwt_source_name=nwt, rwt_source_name=rwt
I1006 02:41:25.274575 2047873024 master_component.cc:1006] MasterComponent: start normalizing model nwt
I1006 02:41:25.367091 2047873024 master_component.cc:1034] MasterComponent: complete normalizing model nwt
I1006 02:41:25.470307 2047873024 master_component.cc:1473] DisposeModel rwt
I1006 02:41:25.486909 2047873024 master_component.cc:1059] FitOffline: ItemsProcessed, num_items=1728, num_batches=2, token_weight=808522, token_weight_in_effect=808522
I1006 02:41:25.487180 2047873024 c_interface.cc:389] Pass FitOfflineMasterModelArgs, batch_filename_size=2, batch_weight_size=2, num_collection_passes=1, reset_nwt=yes to MN4artm4core15MasterComponentEFvRKNS_25FitOfflineMasterModelArgsEE
I1006 02:41:25.487193 2047873024 master_component.cc:1398] ProcessBatchesArgs: nwt_target_name=nwt, batch_filename_size=2, batch_size=0, batch_weight_size=2, pwt_source_name=pwt, num_document_passes=1, regularizer=(name:SmoothSparsePhi_bcg, tau:100000), class=(text:1), class=(author:1), reuse_theta=yes, opt_for_avx=yes, predict_class_id=, reset_nwt=yes
I1006 02:41:25.502354 26992640 processor.cc:747] Processing queue has data, processing started
I1006 02:41:25.502354 28602368 processor.cc:747] Processing queue has data, processing started
I1006 02:41:25.515198 26992640 processor.cc:820] Processor: start processing batch 89af3714-01fa-49bd-a0e4-9d8544657682 into model nwt
I1006 02:41:25.525456 28602368 processor.cc:820] Processor: start processing batch d196cba3-f633-43af-a3cb-5de44cb23262 into model nwt
I1006 02:41:25.666220 26992640 processor.cc:925] Processor: complete processing batch 89af3714-01fa-49bd-a0e4-9d8544657682 into model nwt
I1006 02:41:25.670470 26992640 cuckoo_watch.h:45] 168ms in ProcessBatch(lectures_batches/aaaaaa.batch) [including 12ms in LoadMessage; 7ms in InitializeSparseNdw; 0ms in FindReuseThetaCacheEntry; 8ms in InitializeTheta; 0ms in CreateRegularizerAgents; 83ms in InferThetaAndUpdateNwtSparse; 0ms in UpdateCacheEntry; 3ms in CalculateScore(sparsity_theta_score); 48ms in CalculateScore(^^^ItemsProcessedScore^^^); ]
I1006 02:41:25.693807 26992640 processor.cc:740] No data in processing queue, waiting...
I1006 02:41:25.834466 28602368 processor.cc:925] Processor: complete processing batch d196cba3-f633-43af-a3cb-5de44cb23262 into model nwt
I1006 02:41:25.841790 28602368 cuckoo_watch.h:45] 339ms in ProcessBatch(lectures_batches/aaaaab.batch) [including 23ms in LoadMessage; 19ms in InitializeSparseNdw; 0ms in FindReuseThetaCacheEntry; 3ms in InitializeTheta; 0ms in CreateRegularizerAgents; 177ms in InferThetaAndUpdateNwtSparse; 0ms in UpdateCacheEntry; 5ms in CalculateScore(sparsity_theta_score); 101ms in CalculateScore(^^^ItemsProcessedScore^^^); ]
I1006 02:41:25.842097 2047873024 master_component.cc:1436] RegularizeModelArgs: rwt_target_name=rwt, pwt_source_name=pwt, nwt_source_name=nwt
I1006 02:41:25.842128 2047873024 master_component.cc:976] MasterComponent: start regularizing model pwt
I1006 02:41:25.866320 28602368 processor.cc:740] No data in processing queue, waiting...
I1006 02:41:25.945763 2047873024 master_component.cc:1002] MasterComponent: complete regularizing model pwt
I1006 02:41:25.945781 2047873024 master_component.cc:1449] NormalizeModelArgs: pwt_target_name=pwt, nwt_source_name=nwt, rwt_source_name=rwt
I1006 02:41:25.945787 2047873024 master_component.cc:1006] MasterComponent: start normalizing model nwt
I1006 02:41:26.025249 2047873024 master_component.cc:1034] MasterComponent: complete normalizing model nwt
I1006 02:41:26.111241 2047873024 master_component.cc:1473] DisposeModel rwt
I1006 02:41:26.129146 2047873024 master_component.cc:1059] FitOffline: ItemsProcessed, num_items=1728, num_batches=2, token_weight=808522, token_weight_in_effect=808522
I1006 02:41:26.129386 2047873024 c_interface.cc:389] Pass FitOfflineMasterModelArgs, batch_filename_size=2, batch_weight_size=2, num_collection_passes=1, reset_nwt=yes to MN4artm4core15MasterComponentEFvRKNS_25FitOfflineMasterModelArgsEE
I1006 02:41:26.129400 2047873024 master_component.cc:1398] ProcessBatchesArgs: nwt_target_name=nwt, batch_filename_size=2, batch_size=0, batch_weight_size=2, pwt_source_name=pwt, num_document_passes=1, regularizer=(name:SmoothSparsePhi_bcg, tau:100000), class=(text:1), class=(author:1), reuse_theta=yes, opt_for_avx=yes, predict_class_id=, reset_nwt=yes
I1006 02:41:26.146579 29138944 processor.cc:747] Processing queue has data, processing started
I1006 02:41:26.146579 26456064 processor.cc:747] Processing queue has data, processing started
I1006 02:41:26.160101 29138944 processor.cc:820] Processor: start processing batch 89af3714-01fa-49bd-a0e4-9d8544657682 into model nwt
I1006 02:41:26.171370 26456064 processor.cc:820] Processor: start processing batch d196cba3-f633-43af-a3cb-5de44cb23262 into model nwt
I1006 02:41:26.306677 29138944 processor.cc:925] Processor: complete processing batch 89af3714-01fa-49bd-a0e4-9d8544657682 into model nwt
I1006 02:41:26.310797 29138944 cuckoo_watch.h:45] 164ms in ProcessBatch(lectures_batches/aaaaaa.batch) [including 13ms in LoadMessage; 7ms in InitializeSparseNdw; 0ms in FindReuseThetaCacheEntry; 7ms in InitializeTheta; 0ms in CreateRegularizerAgents; 82ms in InferThetaAndUpdateNwtSparse; 0ms in UpdateCacheEntry; 3ms in CalculateScore(sparsity_theta_score); 45ms in CalculateScore(^^^ItemsProcessedScore^^^); ]
I1006 02:41:26.332602 29138944 processor.cc:740] No data in processing queue, waiting...
I1006 02:41:26.476209 26456064 processor.cc:925] Processor: complete processing batch d196cba3-f633-43af-a3cb-5de44cb23262 into model nwt
I1006 02:41:26.483507 26456064 cuckoo_watch.h:45] 336ms in ProcessBatch(lectures_batches/aaaaab.batch) [including 24ms in LoadMessage; 19ms in InitializeSparseNdw; 0ms in FindReuseThetaCacheEntry; 3ms in InitializeTheta; 0ms in CreateRegularizerAgents; 169ms in InferThetaAndUpdateNwtSparse; 0ms in UpdateCacheEntry; 6ms in CalculateScore(sparsity_theta_score); 104ms in CalculateScore(^^^ItemsProcessedScore^^^); ]
I1006 02:41:26.483708 2047873024 master_component.cc:1436] RegularizeModelArgs: rwt_target_name=rwt, pwt_source_name=pwt, nwt_source_name=nwt
I1006 02:41:26.483734 2047873024 master_component.cc:976] MasterComponent: start regularizing model pwt
I1006 02:41:26.507866 26456064 processor.cc:740] No data in processing queue, waiting...
I1006 02:41:26.584645 2047873024 master_component.cc:1002] MasterComponent: complete regularizing model pwt
I1006 02:41:26.584664 2047873024 master_component.cc:1449] NormalizeModelArgs: pwt_target_name=pwt, nwt_source_name=nwt, rwt_source_name=rwt
I1006 02:41:26.584671 2047873024 master_component.cc:1006] MasterComponent: start normalizing model nwt
I1006 02:41:26.669528 2047873024 master_component.cc:1034] MasterComponent: complete normalizing model nwt
I1006 02:41:26.759240 2047873024 master_component.cc:1473] DisposeModel rwt
I1006 02:41:26.784276 2047873024 master_component.cc:1059] FitOffline: ItemsProcessed, num_items=1728, num_batches=2, token_weight=808522, token_weight_in_effect=808522
I1006 02:41:26.784548 2047873024 c_interface.cc:389] Pass FitOfflineMasterModelArgs, batch_filename_size=2, batch_weight_size=2, num_collection_passes=1, reset_nwt=yes to MN4artm4core15MasterComponentEFvRKNS_25FitOfflineMasterModelArgsEE
I1006 02:41:26.784565 2047873024 master_component.cc:1398] ProcessBatchesArgs: nwt_target_name=nwt, batch_filename_size=2, batch_size=0, batch_weight_size=2, pwt_source_name=pwt, num_document_passes=1, regularizer=(name:SmoothSparsePhi_bcg, tau:100000), class=(text:1), class=(author:1), reuse_theta=yes, opt_for_avx=yes, predict_class_id=, reset_nwt=yes
I1006 02:41:26.803997 26992640 processor.cc:747] Processing queue has data, processing started
I1006 02:41:26.804002 29138944 processor.cc:747] Processing queue has data, processing started
I1006 02:41:26.818297 26992640 processor.cc:820] Processor: start processing batch 89af3714-01fa-49bd-a0e4-9d8544657682 into model nwt
I1006 02:41:26.829129 29138944 processor.cc:820] Processor: start processing batch d196cba3-f633-43af-a3cb-5de44cb23262 into model nwt
I1006 02:41:26.982208 26992640 processor.cc:925] Processor: complete processing batch 89af3714-01fa-49bd-a0e4-9d8544657682 into model nwt
I1006 02:41:26.986490 26992640 cuckoo_watch.h:45] 182ms in ProcessBatch(lectures_batches/aaaaaa.batch) [including 14ms in LoadMessage; 8ms in InitializeSparseNdw; 0ms in FindReuseThetaCacheEntry; 9ms in InitializeTheta; 0ms in CreateRegularizerAgents; 92ms in InferThetaAndUpdateNwtSparse; 0ms in UpdateCacheEntry; 3ms in CalculateScore(sparsity_theta_score); 49ms in CalculateScore(^^^ItemsProcessedScore^^^); ]
I1006 02:41:27.008882 26992640 processor.cc:740] No data in processing queue, waiting...
I1006 02:41:27.145033 29138944 processor.cc:925] Processor: complete processing batch d196cba3-f633-43af-a3cb-5de44cb23262 into model nwt
I1006 02:41:27.152281 29138944 cuckoo_watch.h:45] 348ms in ProcessBatch(lectures_batches/aaaaab.batch) [including 25ms in LoadMessage; 23ms in InitializeSparseNdw; 0ms in FindReuseThetaCacheEntry; 3ms in InitializeTheta; 0ms in CreateRegularizerAgents; 182ms in InferThetaAndUpdateNwtSparse; 0ms in UpdateCacheEntry; 5ms in CalculateScore(sparsity_theta_score); 100ms in CalculateScore(^^^ItemsProcessedScore^^^); ]
I1006 02:41:27.152978 2047873024 master_component.cc:1436] RegularizeModelArgs: rwt_target_name=rwt, pwt_source_name=pwt, nwt_source_name=nwt
I1006 02:41:27.153025 2047873024 master_component.cc:976] MasterComponent: start regularizing model pwt
I1006 02:41:27.176559 29138944 processor.cc:740] No data in processing queue, waiting...
I1006 02:41:27.253523 2047873024 master_component.cc:1002] MasterComponent: complete regularizing model pwt
I1006 02:41:27.253542 2047873024 master_component.cc:1449] NormalizeModelArgs: pwt_target_name=pwt, nwt_source_name=nwt, rwt_source_name=rwt
I1006 02:41:27.253549 2047873024 master_component.cc:1006] MasterComponent: start normalizing model nwt
I1006 02:41:27.329982 2047873024 master_component.cc:1034] MasterComponent: complete normalizing model nwt
I1006 02:41:27.415341 2047873024 master_component.cc:1473] DisposeModel rwt
I1006 02:41:27.434350 2047873024 master_component.cc:1059] FitOffline: ItemsProcessed, num_items=1728, num_batches=2, token_weight=808522, token_weight_in_effect=808522
I1006 02:41:27.434594 2047873024 c_interface.cc:389] Pass FitOfflineMasterModelArgs, batch_filename_size=2, batch_weight_size=2, num_collection_passes=1, reset_nwt=yes to MN4artm4core15MasterComponentEFvRKNS_25FitOfflineMasterModelArgsEE
I1006 02:41:27.434638 2047873024 master_component.cc:1398] ProcessBatchesArgs: nwt_target_name=nwt, batch_filename_size=2, batch_size=0, batch_weight_size=2, pwt_source_name=pwt, num_document_passes=1, regularizer=(name:SmoothSparsePhi_bcg, tau:100000), class=(text:1), class=(author:1), reuse_theta=yes, opt_for_avx=yes, predict_class_id=, reset_nwt=yes
I1006 02:41:27.454264 25919488 processor.cc:747] Processing queue has data, processing started
I1006 02:41:27.454278 28602368 processor.cc:747] Processing queue has data, processing started
I1006 02:41:27.469056 25919488 processor.cc:820] Processor: start processing batch 89af3714-01fa-49bd-a0e4-9d8544657682 into model nwt
I1006 02:41:27.480679 28602368 processor.cc:820] Processor: start processing batch d196cba3-f633-43af-a3cb-5de44cb23262 into model nwt
I1006 02:41:27.619364 25919488 processor.cc:925] Processor: complete processing batch 89af3714-01fa-49bd-a0e4-9d8544657682 into model nwt
I1006 02:41:27.623886 25919488 cuckoo_watch.h:45] 169ms in ProcessBatch(lectures_batches/aaaaaa.batch) [including 14ms in LoadMessage; 9ms in InitializeSparseNdw; 0ms in FindReuseThetaCacheEntry; 7ms in InitializeTheta; 0ms in CreateRegularizerAgents; 82ms in InferThetaAndUpdateNwtSparse; 0ms in UpdateCacheEntry; 3ms in CalculateScore(sparsity_theta_score); 46ms in CalculateScore(^^^ItemsProcessedScore^^^); ]
I1006 02:41:27.646631 25919488 processor.cc:740] No data in processing queue, waiting...
I1006 02:41:27.781481 28602368 processor.cc:925] Processor: complete processing batch d196cba3-f633-43af-a3cb-5de44cb23262 into model nwt
I1006 02:41:27.787748 28602368 cuckoo_watch.h:45] 333ms in ProcessBatch(lectures_batches/aaaaab.batch) [including 26ms in LoadMessage; 19ms in InitializeSparseNdw; 0ms in FindReuseThetaCacheEntry; 3ms in InitializeTheta; 0ms in CreateRegularizerAgents; 173ms in InferThetaAndUpdateNwtSparse; 0ms in UpdateCacheEntry; 5ms in CalculateScore(sparsity_theta_score); 98ms in CalculateScore(^^^ItemsProcessedScore^^^); ]
I1006 02:41:27.788111 2047873024 master_component.cc:1436] RegularizeModelArgs: rwt_target_name=rwt, pwt_source_name=pwt, nwt_source_name=nwt
I1006 02:41:27.788156 2047873024 master_component.cc:976] MasterComponent: start regularizing model pwt
I1006 02:41:27.811764 28602368 processor.cc:740] No data in processing queue, waiting...
I1006 02:41:27.896270 2047873024 master_component.cc:1002] MasterComponent: complete regularizing model pwt
I1006 02:41:27.896301 2047873024 master_component.cc:1449] NormalizeModelArgs: pwt_target_name=pwt, nwt_source_name=nwt, rwt_source_name=rwt
I1006 02:41:27.896307 2047873024 master_component.cc:1006] MasterComponent: start normalizing model nwt
I1006 02:41:27.977741 2047873024 master_component.cc:1034] MasterComponent: complete normalizing model nwt
I1006 02:41:28.055915 2047873024 master_component.cc:1473] DisposeModel rwt
I1006 02:41:28.070969 2047873024 master_component.cc:1059] FitOffline: ItemsProcessed, num_items=1728, num_batches=2, token_weight=808522, token_weight_in_effect=808522
I1006 02:41:28.071210 2047873024 c_interface.cc:389] Pass FitOfflineMasterModelArgs, batch_filename_size=2, batch_weight_size=2, num_collection_passes=1, reset_nwt=yes to MN4artm4core15MasterComponentEFvRKNS_25FitOfflineMasterModelArgsEE
I1006 02:41:28.071225 2047873024 master_component.cc:1398] ProcessBatchesArgs: nwt_target_name=nwt, batch_filename_size=2, batch_size=0, batch_weight_size=2, pwt_source_name=pwt, num_document_passes=1, regularizer=(name:SmoothSparsePhi_bcg, tau:100000), class=(text:1), class=(author:1), reuse_theta=yes, opt_for_avx=yes, predict_class_id=, reset_nwt=yes
I1006 02:41:28.088266 28065792 processor.cc:747] Processing queue has data, processing started
I1006 02:41:28.088286 26456064 processor.cc:747] Processing queue has data, processing started
I1006 02:41:28.101421 28065792 processor.cc:820] Processor: start processing batch 89af3714-01fa-49bd-a0e4-9d8544657682 into model nwt
I1006 02:41:28.111771 26456064 processor.cc:820] Processor: start processing batch d196cba3-f633-43af-a3cb-5de44cb23262 into model nwt
I1006 02:41:28.249218 28065792 processor.cc:925] Processor: complete processing batch 89af3714-01fa-49bd-a0e4-9d8544657682 into model nwt
I1006 02:41:28.253517 28065792 cuckoo_watch.h:45] 165ms in ProcessBatch(lectures_batches/aaaaaa.batch) [including 13ms in LoadMessage; 7ms in InitializeSparseNdw; 0ms in FindReuseThetaCacheEntry; 8ms in InitializeTheta; 0ms in CreateRegularizerAgents; 84ms in InferThetaAndUpdateNwtSparse; 0ms in UpdateCacheEntry; 3ms in CalculateScore(sparsity_theta_score); 43ms in CalculateScore(^^^ItemsProcessedScore^^^); ]
I1006 02:41:28.276234 28065792 processor.cc:740] No data in processing queue, waiting...
I1006 02:41:28.409427 26456064 processor.cc:925] Processor: complete processing batch d196cba3-f633-43af-a3cb-5de44cb23262 into model nwt
I1006 02:41:28.416158 26456064 cuckoo_watch.h:45] 327ms in ProcessBatch(lectures_batches/aaaaab.batch) [including 23ms in LoadMessage; 19ms in InitializeSparseNdw; 0ms in FindReuseThetaCacheEntry; 3ms in InitializeTheta; 0ms in CreateRegularizerAgents; 169ms in InferThetaAndUpdateNwtSparse; 0ms in UpdateCacheEntry; 5ms in CalculateScore(sparsity_theta_score); 99ms in CalculateScore(^^^ItemsProcessedScore^^^); ]
