I1005 15:25:19.373251 25919488 cuckoo_watch.h:45] 43ms in ProcessBatch(school_batches/aaaaac.batch) [including 3ms in LoadMessage; 1ms in InitializeSparseNdw; 0ms in FindReuseThetaCacheEntry; 0ms in InitializeTheta; 0ms in CreateRegularizerAgents; 13ms in InferThetaAndUpdateNwtSparse; 0ms in UpdateCacheEntry; 15ms in CalculateScore(PerplexityScore); 1ms in CalculateScore(SparsityThetaScore); 5ms in CalculateScore(^^^ItemsProcessedScore^^^); ]
I1005 15:25:19.374171 27529216 cuckoo_watch.h:45] 44ms in ProcessBatch(school_batches/aaaaab.batch) [including 3ms in LoadMessage; 1ms in InitializeSparseNdw; 0ms in FindReuseThetaCacheEntry; 0ms in InitializeTheta; 0ms in CreateRegularizerAgents; 14ms in InferThetaAndUpdateNwtSparse; 0ms in UpdateCacheEntry; 14ms in CalculateScore(PerplexityScore); 2ms in CalculateScore(SparsityThetaScore); 6ms in CalculateScore(^^^ItemsProcessedScore^^^); ]
I1005 15:25:19.375229 2047873024 master_component.cc:1436] RegularizeModelArgs: rwt_target_name=rwt, pwt_source_name=pwt, nwt_source_name=nwt
I1005 15:25:19.375263 2047873024 master_component.cc:976] MasterComponent: start regularizing model pwt
I1005 15:25:19.390776 26992640 processor.cc:740] No data in processing queue, waiting...
I1005 15:25:19.394652 28065792 processor.cc:740] No data in processing queue, waiting...
I1005 15:25:19.395200 29138944 processor.cc:740] No data in processing queue, waiting...
I1005 15:25:19.397768 25919488 processor.cc:740] No data in processing queue, waiting...
I1005 15:25:19.398512 27529216 processor.cc:740] No data in processing queue, waiting...
I1005 15:25:19.421878 2047873024 master_component.cc:1002] MasterComponent: complete regularizing model pwt
I1005 15:25:19.421898 2047873024 master_component.cc:1449] NormalizeModelArgs: pwt_target_name=pwt, nwt_source_name=nwt, rwt_source_name=rwt
I1005 15:25:19.421905 2047873024 master_component.cc:1006] MasterComponent: start normalizing model nwt
I1005 15:25:19.450811 2047873024 master_component.cc:1034] MasterComponent: complete normalizing model nwt
I1005 15:25:19.460255 2047873024 master_component.cc:1473] DisposeModel rwt
I1005 15:25:19.468189 2047873024 master_component.cc:1059] FitOffline: ItemsProcessed, num_items=476, num_batches=5, token_weight=160411, token_weight_in_effect=160411
I1005 15:25:19.468425 2047873024 c_interface.cc:389] Pass FitOfflineMasterModelArgs, batch_filename_size=5, batch_weight_size=5, num_collection_passes=1, reset_nwt=yes to MN4artm4core15MasterComponentEFvRKNS_25FitOfflineMasterModelArgsEE
I1005 15:25:19.468441 2047873024 master_component.cc:1398] ProcessBatchesArgs: nwt_target_name=nwt, batch_filename_size=5, batch_size=0, batch_weight_size=5, pwt_source_name=pwt, num_document_passes=1, regularizer=(name:SparsePhi, tau:-50000), class=(text:1), reuse_theta=yes, opt_for_avx=yes, predict_class_id=, reset_nwt=yes
I1005 15:25:19.474095 26992640 processor.cc:747] Processing queue has data, processing started
I1005 15:25:19.474115 26456064 processor.cc:747] Processing queue has data, processing started
I1005 15:25:19.474122 28602368 processor.cc:747] Processing queue has data, processing started
I1005 15:25:19.474133 29675520 processor.cc:747] Processing queue has data, processing started
I1005 15:25:19.474129 27529216 processor.cc:747] Processing queue has data, processing started
I1005 15:25:19.476711 26992640 processor.cc:820] Processor: start processing batch 81f1c896-db93-431a-aeae-bb0e8b1f53ef into model nwt
I1005 15:25:19.477283 26456064 processor.cc:820] Processor: start processing batch 781fffda-5b93-4ffc-86ea-cfb319ef5b27 into model nwt
I1005 15:25:19.477341 28602368 processor.cc:820] Processor: start processing batch 2840400b-17f0-45ea-a2b5-2df01f67f47c into model nwt
I1005 15:25:19.477461 27529216 processor.cc:820] Processor: start processing batch bd53ae3c-0950-4603-bed7-9c0d93f19b45 into model nwt
I1005 15:25:19.477466 29675520 processor.cc:820] Processor: start processing batch f0a81599-e7c9-4523-a524-9f3e6b0ed173 into model nwt
I1005 15:25:19.510265 29675520 processor.cc:925] Processor: complete processing batch f0a81599-e7c9-4523-a524-9f3e6b0ed173 into model nwt
I1005 15:25:19.511189 26992640 processor.cc:925] Processor: complete processing batch 81f1c896-db93-431a-aeae-bb0e8b1f53ef into model nwt
I1005 15:25:19.511406 29675520 cuckoo_watch.h:45] 37ms in ProcessBatch(school_batches/aaaaae.batch) [including 3ms in LoadMessage; 1ms in InitializeSparseNdw; 0ms in FindReuseThetaCacheEntry; 0ms in InitializeTheta; 0ms in CreateRegularizerAgents; 12ms in InferThetaAndUpdateNwtSparse; 0ms in UpdateCacheEntry; 11ms in CalculateScore(PerplexityScore); 1ms in CalculateScore(SparsityThetaScore); 6ms in CalculateScore(^^^ItemsProcessedScore^^^); ]
I1005 15:25:19.512382 26992640 cuckoo_watch.h:45] 38ms in ProcessBatch(school_batches/aaaaaa.batch) [including 2ms in LoadMessage; 0ms in InitializeSparseNdw; 0ms in FindReuseThetaCacheEntry; 0ms in InitializeTheta; 0ms in CreateRegularizerAgents; 11ms in InferThetaAndUpdateNwtSparse; 0ms in UpdateCacheEntry; 13ms in CalculateScore(PerplexityScore); 1ms in CalculateScore(SparsityThetaScore); 7ms in CalculateScore(^^^ItemsProcessedScore^^^); ]
I1005 15:25:19.513988 27529216 processor.cc:925] Processor: complete processing batch bd53ae3c-0950-4603-bed7-9c0d93f19b45 into model nwt
I1005 15:25:19.514848 26456064 processor.cc:925] Processor: complete processing batch 781fffda-5b93-4ffc-86ea-cfb319ef5b27 into model nwt
I1005 15:25:19.515142 27529216 cuckoo_watch.h:45] 40ms in ProcessBatch(school_batches/aaaaad.batch) [including 3ms in LoadMessage; 1ms in InitializeSparseNdw; 0ms in FindReuseThetaCacheEntry; 0ms in InitializeTheta; 0ms in CreateRegularizerAgents; 12ms in InferThetaAndUpdateNwtSparse; 0ms in UpdateCacheEntry; 14ms in CalculateScore(PerplexityScore); 1ms in CalculateScore(SparsityThetaScore); 6ms in CalculateScore(^^^ItemsProcessedScore^^^); ]
I1005 15:25:19.516795 26456064 cuckoo_watch.h:45] 42ms in ProcessBatch(school_batches/aaaaab.batch) [including 3ms in LoadMessage; 0ms in InitializeSparseNdw; 0ms in FindReuseThetaCacheEntry; 0ms in InitializeTheta; 0ms in CreateRegularizerAgents; 14ms in InferThetaAndUpdateNwtSparse; 0ms in UpdateCacheEntry; 14ms in CalculateScore(PerplexityScore); 1ms in CalculateScore(SparsityThetaScore); 6ms in CalculateScore(^^^ItemsProcessedScore^^^); ]
I1005 15:25:19.517508 28602368 processor.cc:925] Processor: complete processing batch 2840400b-17f0-45ea-a2b5-2df01f67f47c into model nwt
I1005 15:25:19.518621 28602368 cuckoo_watch.h:45] 44ms in ProcessBatch(school_batches/aaaaac.batch) [including 3ms in LoadMessage; 0ms in InitializeSparseNdw; 0ms in FindReuseThetaCacheEntry; 0ms in InitializeTheta; 0ms in CreateRegularizerAgents; 15ms in InferThetaAndUpdateNwtSparse; 0ms in UpdateCacheEntry; 15ms in CalculateScore(PerplexityScore); 1ms in CalculateScore(SparsityThetaScore); 7ms in CalculateScore(^^^ItemsProcessedScore^^^); ]
I1005 15:25:19.519168 2047873024 master_component.cc:1436] RegularizeModelArgs: rwt_target_name=rwt, pwt_source_name=pwt, nwt_source_name=nwt
I1005 15:25:19.519201 2047873024 master_component.cc:976] MasterComponent: start regularizing model pwt
I1005 15:25:19.535902 26992640 processor.cc:740] No data in processing queue, waiting...
I1005 15:25:19.535909 29675520 processor.cc:740] No data in processing queue, waiting...
I1005 15:25:19.539762 27529216 processor.cc:740] No data in processing queue, waiting...
I1005 15:25:19.541050 26456064 processor.cc:740] No data in processing queue, waiting...
I1005 15:25:19.542943 28602368 processor.cc:740] No data in processing queue, waiting...
I1005 15:25:19.565362 2047873024 master_component.cc:1002] MasterComponent: complete regularizing model pwt
I1005 15:25:19.565382 2047873024 master_component.cc:1449] NormalizeModelArgs: pwt_target_name=pwt, nwt_source_name=nwt, rwt_source_name=rwt
I1005 15:25:19.565388 2047873024 master_component.cc:1006] MasterComponent: start normalizing model nwt
I1005 15:25:19.593894 2047873024 master_component.cc:1034] MasterComponent: complete normalizing model nwt
I1005 15:25:19.602910 2047873024 master_component.cc:1473] DisposeModel rwt
I1005 15:25:19.609041 2047873024 master_component.cc:1059] FitOffline: ItemsProcessed, num_items=476, num_batches=5, token_weight=160411, token_weight_in_effect=160411
I1005 15:25:19.609313 2047873024 c_interface.cc:389] Pass FitOfflineMasterModelArgs, batch_filename_size=5, batch_weight_size=5, num_collection_passes=1, reset_nwt=yes to MN4artm4core15MasterComponentEFvRKNS_25FitOfflineMasterModelArgsEE
I1005 15:25:19.609326 2047873024 master_component.cc:1398] ProcessBatchesArgs: nwt_target_name=nwt, batch_filename_size=5, batch_size=0, batch_weight_size=5, pwt_source_name=pwt, num_document_passes=1, regularizer=(name:SparsePhi, tau:-50000), class=(text:1), reuse_theta=yes, opt_for_avx=yes, predict_class_id=, reset_nwt=yes
I1005 15:25:19.615530 29138944 processor.cc:747] Processing queue has data, processing started
I1005 15:25:19.615546 26992640 processor.cc:747] Processing queue has data, processing started
I1005 15:25:19.615561 25919488 processor.cc:747] Processing queue has data, processing started
I1005 15:25:19.615573 28602368 processor.cc:747] Processing queue has data, processing started
I1005 15:25:19.615582 29675520 processor.cc:747] Processing queue has data, processing started
I1005 15:25:19.618604 25919488 processor.cc:820] Processor: start processing batch 2840400b-17f0-45ea-a2b5-2df01f67f47c into model nwt
I1005 15:25:19.618801 28602368 processor.cc:820] Processor: start processing batch bd53ae3c-0950-4603-bed7-9c0d93f19b45 into model nwt
I1005 15:25:19.618820 29138944 processor.cc:820] Processor: start processing batch 81f1c896-db93-431a-aeae-bb0e8b1f53ef into model nwt
I1005 15:25:19.618876 29675520 processor.cc:820] Processor: start processing batch f0a81599-e7c9-4523-a524-9f3e6b0ed173 into model nwt
I1005 15:25:19.619031 26992640 processor.cc:820] Processor: start processing batch 781fffda-5b93-4ffc-86ea-cfb319ef5b27 into model nwt
I1005 15:25:19.652581 29675520 processor.cc:925] Processor: complete processing batch f0a81599-e7c9-4523-a524-9f3e6b0ed173 into model nwt
I1005 15:25:19.654355 29675520 cuckoo_watch.h:45] 38ms in ProcessBatch(school_batches/aaaaae.batch) [including 3ms in LoadMessage; 1ms in InitializeSparseNdw; 0ms in FindReuseThetaCacheEntry; 0ms in InitializeTheta; 0ms in CreateRegularizerAgents; 12ms in InferThetaAndUpdateNwtSparse; 0ms in UpdateCacheEntry; 11ms in CalculateScore(PerplexityScore); 1ms in CalculateScore(SparsityThetaScore); 6ms in CalculateScore(^^^ItemsProcessedScore^^^); ]
I1005 15:25:19.655000 28602368 processor.cc:925] Processor: complete processing batch bd53ae3c-0950-4603-bed7-9c0d93f19b45 into model nwt
I1005 15:25:19.655817 25919488 processor.cc:925] Processor: complete processing batch 2840400b-17f0-45ea-a2b5-2df01f67f47c into model nwt
I1005 15:25:19.656114 28602368 cuckoo_watch.h:45] 40ms in ProcessBatch(school_batches/aaaaad.batch) [including 3ms in LoadMessage; 0ms in InitializeSparseNdw; 0ms in FindReuseThetaCacheEntry; 0ms in InitializeTheta; 0ms in CreateRegularizerAgents; 13ms in InferThetaAndUpdateNwtSparse; 0ms in UpdateCacheEntry; 13ms in CalculateScore(PerplexityScore); 1ms in CalculateScore(SparsityThetaScore); 6ms in CalculateScore(^^^ItemsProcessedScore^^^); ]
I1005 15:25:19.656131 29138944 processor.cc:925] Processor: complete processing batch 81f1c896-db93-431a-aeae-bb0e8b1f53ef into model nwt
I1005 15:25:19.656405 26992640 processor.cc:925] Processor: complete processing batch 781fffda-5b93-4ffc-86ea-cfb319ef5b27 into model nwt
I1005 15:25:19.657692 25919488 cuckoo_watch.h:45] 42ms in ProcessBatch(school_batches/aaaaac.batch) [including 3ms in LoadMessage; 0ms in InitializeSparseNdw; 0ms in FindReuseThetaCacheEntry; 0ms in InitializeTheta; 0ms in CreateRegularizerAgents; 14ms in InferThetaAndUpdateNwtSparse; 0ms in UpdateCacheEntry; 13ms in CalculateScore(PerplexityScore); 1ms in CalculateScore(SparsityThetaScore); 6ms in CalculateScore(^^^ItemsProcessedScore^^^); ]
I1005 15:25:19.657927 26992640 cuckoo_watch.h:45] 42ms in ProcessBatch(school_batches/aaaaab.batch) [including 3ms in LoadMessage; 1ms in InitializeSparseNdw; 0ms in FindReuseThetaCacheEntry; 0ms in InitializeTheta; 0ms in CreateRegularizerAgents; 12ms in InferThetaAndUpdateNwtSparse; 0ms in UpdateCacheEntry; 14ms in CalculateScore(PerplexityScore); 1ms in CalculateScore(SparsityThetaScore); 7ms in CalculateScore(^^^ItemsProcessedScore^^^); ]
I1005 15:25:19.658095 29138944 cuckoo_watch.h:45] 42ms in ProcessBatch(school_batches/aaaaaa.batch) [including 3ms in LoadMessage; 0ms in InitializeSparseNdw; 0ms in FindReuseThetaCacheEntry; 0ms in InitializeTheta; 0ms in CreateRegularizerAgents; 13ms in InferThetaAndUpdateNwtSparse; 0ms in UpdateCacheEntry; 13ms in CalculateScore(PerplexityScore); 1ms in CalculateScore(SparsityThetaScore); 7ms in CalculateScore(^^^ItemsProcessedScore^^^); ]
I1005 15:25:19.658867 2047873024 master_component.cc:1436] RegularizeModelArgs: rwt_target_name=rwt, pwt_source_name=pwt, nwt_source_name=nwt
I1005 15:25:19.658901 2047873024 master_component.cc:976] MasterComponent: start regularizing model pwt
I1005 15:25:19.678611 29675520 processor.cc:740] No data in processing queue, waiting...
I1005 15:25:19.680441 28602368 processor.cc:740] No data in processing queue, waiting...
I1005 15:25:19.681725 25919488 processor.cc:740] No data in processing queue, waiting...
I1005 15:25:19.682445 29138944 processor.cc:740] No data in processing queue, waiting...
I1005 15:25:19.682456 26992640 processor.cc:740] No data in processing queue, waiting...
I1005 15:25:19.707164 2047873024 master_component.cc:1002] MasterComponent: complete regularizing model pwt
I1005 15:25:19.707181 2047873024 master_component.cc:1449] NormalizeModelArgs: pwt_target_name=pwt, nwt_source_name=nwt, rwt_source_name=rwt
I1005 15:25:19.707187 2047873024 master_component.cc:1006] MasterComponent: start normalizing model nwt
I1005 15:25:19.736764 2047873024 master_component.cc:1034] MasterComponent: complete normalizing model nwt
I1005 15:25:19.745936 2047873024 master_component.cc:1473] DisposeModel rwt
I1005 15:25:19.754001 2047873024 master_component.cc:1059] FitOffline: ItemsProcessed, num_items=476, num_batches=5, token_weight=160411, token_weight_in_effect=160411
I1005 15:25:19.754251 2047873024 c_interface.cc:389] Pass FitOfflineMasterModelArgs, batch_filename_size=5, batch_weight_size=5, num_collection_passes=1, reset_nwt=yes to MN4artm4core15MasterComponentEFvRKNS_25FitOfflineMasterModelArgsEE
I1005 15:25:19.754266 2047873024 master_component.cc:1398] ProcessBatchesArgs: nwt_target_name=nwt, batch_filename_size=5, batch_size=0, batch_weight_size=5, pwt_source_name=pwt, num_document_passes=1, regularizer=(name:SparsePhi, tau:-50000), class=(text:1), reuse_theta=yes, opt_for_avx=yes, predict_class_id=, reset_nwt=yes
I1005 15:25:19.760049 28602368 processor.cc:747] Processing queue has data, processing started
I1005 15:25:19.760053 25919488 processor.cc:747] Processing queue has data, processing started
I1005 15:25:19.760810 29675520 processor.cc:747] Processing queue has data, processing started
I1005 15:25:19.760833 28065792 processor.cc:747] Processing queue has data, processing started
I1005 15:25:19.760834 26992640 processor.cc:747] Processing queue has data, processing started
I1005 15:25:19.762745 25919488 processor.cc:820] Processor: start processing batch 781fffda-5b93-4ffc-86ea-cfb319ef5b27 into model nwt
I1005 15:25:19.763329 28602368 processor.cc:820] Processor: start processing batch 81f1c896-db93-431a-aeae-bb0e8b1f53ef into model nwt
I1005 15:25:19.763741 28065792 processor.cc:820] Processor: start processing batch f0a81599-e7c9-4523-a524-9f3e6b0ed173 into model nwt
I1005 15:25:19.763923 29675520 processor.cc:820] Processor: start processing batch 2840400b-17f0-45ea-a2b5-2df01f67f47c into model nwt
I1005 15:25:19.763970 26992640 processor.cc:820] Processor: start processing batch bd53ae3c-0950-4603-bed7-9c0d93f19b45 into model nwt
I1005 15:25:19.796759 28065792 processor.cc:925] Processor: complete processing batch f0a81599-e7c9-4523-a524-9f3e6b0ed173 into model nwt
I1005 15:25:19.798554 28065792 cuckoo_watch.h:45] 37ms in ProcessBatch(school_batches/aaaaae.batch) [including 2ms in LoadMessage; 0ms in InitializeSparseNdw; 0ms in FindReuseThetaCacheEntry; 0ms in InitializeTheta; 0ms in CreateRegularizerAgents; 12ms in InferThetaAndUpdateNwtSparse; 0ms in UpdateCacheEntry; 11ms in CalculateScore(PerplexityScore); 1ms in CalculateScore(SparsityThetaScore); 6ms in CalculateScore(^^^ItemsProcessedScore^^^); ]
I1005 15:25:19.798817 28602368 processor.cc:925] Processor: complete processing batch 81f1c896-db93-431a-aeae-bb0e8b1f53ef into model nwt
I1005 15:25:19.799903 29675520 processor.cc:925] Processor: complete processing batch 2840400b-17f0-45ea-a2b5-2df01f67f47c into model nwt
I1005 15:25:19.800117 28602368 cuckoo_watch.h:45] 40ms in ProcessBatch(school_batches/aaaaaa.batch) [including 3ms in LoadMessage; 1ms in InitializeSparseNdw; 0ms in FindReuseThetaCacheEntry; 0ms in InitializeTheta; 0ms in CreateRegularizerAgents; 13ms in InferThetaAndUpdateNwtSparse; 0ms in UpdateCacheEntry; 12ms in CalculateScore(PerplexityScore); 1ms in CalculateScore(SparsityThetaScore); 7ms in CalculateScore(^^^ItemsProcessedScore^^^); ]
I1005 15:25:19.801342 29675520 cuckoo_watch.h:45] 40ms in ProcessBatch(school_batches/aaaaac.batch) [including 3ms in LoadMessage; 1ms in InitializeSparseNdw; 0ms in FindReuseThetaCacheEntry; 0ms in InitializeTheta; 0ms in CreateRegularizerAgents; 13ms in InferThetaAndUpdateNwtSparse; 0ms in UpdateCacheEntry; 12ms in CalculateScore(PerplexityScore); 1ms in CalculateScore(SparsityThetaScore); 7ms in CalculateScore(^^^ItemsProcessedScore^^^); ]
I1005 15:25:19.802368 25919488 processor.cc:925] Processor: complete processing batch 781fffda-5b93-4ffc-86ea-cfb319ef5b27 into model nwt
I1005 15:25:19.802516 26992640 processor.cc:925] Processor: complete processing batch bd53ae3c-0950-4603-bed7-9c0d93f19b45 into model nwt
I1005 15:25:19.803508 25919488 cuckoo_watch.h:45] 43ms in ProcessBatch(school_batches/aaaaab.batch) [including 2ms in LoadMessage; 1ms in InitializeSparseNdw; 0ms in FindReuseThetaCacheEntry; 0ms in InitializeTheta; 0ms in CreateRegularizerAgents; 13ms in InferThetaAndUpdateNwtSparse; 0ms in UpdateCacheEntry; 17ms in CalculateScore(PerplexityScore); 1ms in CalculateScore(SparsityThetaScore); 7ms in CalculateScore(^^^ItemsProcessedScore^^^); ]
I1005 15:25:19.803684 26992640 cuckoo_watch.h:45] 42ms in ProcessBatch(school_batches/aaaaad.batch) [including 3ms in LoadMessage; 1ms in InitializeSparseNdw; 0ms in FindReuseThetaCacheEntry; 0ms in InitializeTheta; 0ms in CreateRegularizerAgents; 13ms in InferThetaAndUpdateNwtSparse; 0ms in UpdateCacheEntry; 13ms in CalculateScore(PerplexityScore); 1ms in CalculateScore(SparsityThetaScore); 8ms in CalculateScore(^^^ItemsProcessedScore^^^); ]
I1005 15:25:19.803769 2047873024 master_component.cc:1436] RegularizeModelArgs: rwt_target_name=rwt, pwt_source_name=pwt, nwt_source_name=nwt
I1005 15:25:19.803795 2047873024 master_component.cc:976] MasterComponent: start regularizing model pwt
I1005 15:25:19.822803 28065792 processor.cc:740] No data in processing queue, waiting...
I1005 15:25:19.824110 28602368 processor.cc:740] No data in processing queue, waiting...
I1005 15:25:19.825420 29675520 processor.cc:740] No data in processing queue, waiting...
I1005 15:25:19.827955 26992640 processor.cc:740] No data in processing queue, waiting...
I1005 15:25:19.827963 25919488 processor.cc:740] No data in processing queue, waiting...
I1005 15:25:19.849041 2047873024 master_component.cc:1002] MasterComponent: complete regularizing model pwt
I1005 15:25:19.849061 2047873024 master_component.cc:1449] NormalizeModelArgs: pwt_target_name=pwt, nwt_source_name=nwt, rwt_source_name=rwt
I1005 15:25:19.849067 2047873024 master_component.cc:1006] MasterComponent: start normalizing model nwt
I1005 15:25:19.877797 2047873024 master_component.cc:1034] MasterComponent: complete normalizing model nwt
I1005 15:25:19.886449 2047873024 master_component.cc:1473] DisposeModel rwt
I1005 15:25:19.894141 2047873024 master_component.cc:1059] FitOffline: ItemsProcessed, num_items=476, num_batches=5, token_weight=160411, token_weight_in_effect=160411
I1005 15:25:20.518661 2047873024 c_interface.cc:231] ArtmCopyRequestedMessage is copying 244593 bytes...
I1005 15:25:20.613412 2047873024 c_interface.cc:231] ArtmCopyRequestedMessage is copying 244593 bytes...
I1005 15:25:20.710618 2047873024 c_interface.cc:231] ArtmCopyRequestedMessage is copying 244593 bytes...
I1005 15:25:20.805318 2047873024 c_interface.cc:231] ArtmCopyRequestedMessage is copying 244593 bytes...
I1005 15:25:20.896986 2047873024 c_interface.cc:231] ArtmCopyRequestedMessage is copying 244593 bytes...
I1005 15:25:20.993044 2047873024 c_interface.cc:231] ArtmCopyRequestedMessage is copying 244593 bytes...
I1005 15:25:21.089496 2047873024 c_interface.cc:231] ArtmCopyRequestedMessage is copying 244593 bytes...
I1005 15:25:21.189980 2047873024 c_interface.cc:231] ArtmCopyRequestedMessage is copying 244593 bytes...
I1005 15:25:21.285851 2047873024 c_interface.cc:231] ArtmCopyRequestedMessage is copying 244593 bytes...
I1005 15:25:21.387023 2047873024 c_interface.cc:231] ArtmCopyRequestedMessage is copying 244593 bytes...
I1005 15:25:49.776518 29675520 processor.cc:732] Processor thread stopped
I1005 15:25:49.776567 29675520 processor.cc:733] Total number of processed batches: 43
I1005 15:25:49.777881 29138944 processor.cc:732] Processor thread stopped
I1005 15:25:49.777904 29138944 processor.cc:733] Total number of processed batches: 46
I1005 15:25:49.779177 28602368 processor.cc:732] Processor thread stopped
I1005 15:25:49.779191 28602368 processor.cc:733] Total number of processed batches: 47
I1005 15:25:49.780303 28065792 processor.cc:732] Processor thread stopped
I1005 15:25:49.780318 28065792 processor.cc:733] Total number of processed batches: 39
I1005 15:25:49.781499 27529216 processor.cc:732] Processor thread stopped
I1005 15:25:49.781509 27529216 processor.cc:733] Total number of processed batches: 43
I1005 15:25:49.782835 26992640 processor.cc:732] Processor thread stopped
I1005 15:25:49.782845 26992640 processor.cc:733] Total number of processed batches: 43
I1005 15:25:49.784171 26456064 processor.cc:732] Processor thread stopped
I1005 15:25:49.784183 26456064 processor.cc:733] Total number of processed batches: 37
I1005 15:25:49.785264 25919488 processor.cc:732] Processor thread stopped
I1005 15:25:49.785272 25919488 processor.cc:733] Total number of processed batches: 52
I1005 15:25:49.810144 2047873024 c_interface.cc:339] Disposing MasterComponent (id=2)...
I1005 15:25:49.810336 2047873024 c_interface.cc:375] Pass dictionary to MN4artm4core15MasterComponentEFvRKNSt3__112basic_stringIcNS2_11char_traitsIcEENS2_9allocatorIcEEEEE
I1005 15:25:49.814081 2047873024 c_interface.cc:339] Disposing MasterComponent (id=3)...
I1005 15:25:49.814193 2047873024 c_interface.cc:375] Pass a9be7c69-b71f-4cbd-b7cc-27b6610338c9 to MN4artm4core15MasterComponentEFvRKNSt3__112basic_stringIcNS2_11char_traitsIcEENS2_9allocatorIcEEEEE
I1005 15:25:49.817682 2047873024 c_interface.cc:339] Disposing MasterComponent (id=1)...
