I1005 21:19:51.170742 24846336 processor.cc:820] Processor: start processing batch 9c23b95c-f346-4325-b42f-e1077d7eb167 into model nwt
I1005 21:19:51.180882 26456064 processor.cc:820] Processor: start processing batch b9d30a3d-854c-45de-99e2-a3024e15e2e9 into model nwt
I1005 21:19:51.330515 24846336 processor.cc:925] Processor: complete processing batch 9c23b95c-f346-4325-b42f-e1077d7eb167 into model nwt
I1005 21:19:51.337044 24846336 cuckoo_watch.h:45] 180ms in ProcessBatch(lectures_batches/aaaaaa.batch) [including 13ms in LoadMessage; 7ms in InitializeSparseNdw; 0ms in FindReuseThetaCacheEntry; 8ms in InitializeTheta; 0ms in CreateRegularizerAgents; 86ms in InferThetaAndUpdateNwtSparse; 0ms in UpdateCacheEntry; 4ms in CalculateScore(sparsity_theta_score); 51ms in CalculateScore(^^^ItemsProcessedScore^^^); ]
I1005 21:19:51.359407 24846336 processor.cc:740] No data in processing queue, waiting...
I1005 21:19:51.495105 26456064 processor.cc:925] Processor: complete processing batch b9d30a3d-854c-45de-99e2-a3024e15e2e9 into model nwt
I1005 21:19:51.502362 26456064 cuckoo_watch.h:45] 345ms in ProcessBatch(lectures_batches/aaaaab.batch) [including 23ms in LoadMessage; 19ms in InitializeSparseNdw; 0ms in FindReuseThetaCacheEntry; 4ms in InitializeTheta; 0ms in CreateRegularizerAgents; 181ms in InferThetaAndUpdateNwtSparse; 0ms in UpdateCacheEntry; 5ms in CalculateScore(sparsity_theta_score); 102ms in CalculateScore(^^^ItemsProcessedScore^^^); ]
I1005 21:19:51.503083 2047873024 master_component.cc:1436] RegularizeModelArgs: rwt_target_name=rwt, pwt_source_name=pwt, nwt_source_name=nwt
I1005 21:19:51.503149 2047873024 master_component.cc:976] MasterComponent: start regularizing model pwt
I1005 21:19:51.526494 26456064 processor.cc:740] No data in processing queue, waiting...
I1005 21:19:51.666806 2047873024 master_component.cc:1002] MasterComponent: complete regularizing model pwt
I1005 21:19:51.666829 2047873024 master_component.cc:1449] NormalizeModelArgs: pwt_target_name=pwt, nwt_source_name=nwt, rwt_source_name=rwt
I1005 21:19:51.666836 2047873024 master_component.cc:1006] MasterComponent: start normalizing model nwt
I1005 21:19:51.760174 2047873024 master_component.cc:1034] MasterComponent: complete normalizing model nwt
I1005 21:19:51.836383 2047873024 master_component.cc:1473] DisposeModel rwt
I1005 21:19:51.858311 2047873024 master_component.cc:1059] FitOffline: ItemsProcessed, num_items=1728, num_batches=2, token_weight=808522, token_weight_in_effect=808522
I1005 21:19:51.858621 2047873024 c_interface.cc:389] Pass FitOfflineMasterModelArgs, batch_filename_size=2, batch_weight_size=2, num_collection_passes=1, reset_nwt=yes to MN4artm4core15MasterComponentEFvRKNS_25FitOfflineMasterModelArgsEE
I1005 21:19:51.858639 2047873024 master_component.cc:1398] ProcessBatchesArgs: nwt_target_name=nwt, batch_filename_size=2, batch_size=0, batch_weight_size=2, pwt_source_name=pwt, num_document_passes=1, regularizer=(name:SmoothSparsePhi_bcg, tau:100000), regularizer=(name:SmoothSparsePhi_sbj, tau:-100000), class=(text:1), class=(author:1), reuse_theta=yes, opt_for_avx=yes, predict_class_id=, reset_nwt=yes
I1005 21:19:51.879813 27529216 processor.cc:747] Processing queue has data, processing started
I1005 21:19:51.879853 23773184 processor.cc:747] Processing queue has data, processing started
I1005 21:19:51.893573 27529216 processor.cc:820] Processor: start processing batch 9c23b95c-f346-4325-b42f-e1077d7eb167 into model nwt
I1005 21:19:51.904757 23773184 processor.cc:820] Processor: start processing batch b9d30a3d-854c-45de-99e2-a3024e15e2e9 into model nwt
I1005 21:19:52.049299 27529216 processor.cc:925] Processor: complete processing batch 9c23b95c-f346-4325-b42f-e1077d7eb167 into model nwt
I1005 21:19:52.054097 27529216 cuckoo_watch.h:45] 174ms in ProcessBatch(lectures_batches/aaaaaa.batch) [including 13ms in LoadMessage; 8ms in InitializeSparseNdw; 0ms in FindReuseThetaCacheEntry; 8ms in InitializeTheta; 0ms in CreateRegularizerAgents; 83ms in InferThetaAndUpdateNwtSparse; 0ms in UpdateCacheEntry; 3ms in CalculateScore(sparsity_theta_score); 50ms in CalculateScore(^^^ItemsProcessedScore^^^); ]
I1005 21:19:52.078418 27529216 processor.cc:740] No data in processing queue, waiting...
I1005 21:19:52.219573 23773184 processor.cc:925] Processor: complete processing batch b9d30a3d-854c-45de-99e2-a3024e15e2e9 into model nwt
I1005 21:19:52.226977 23773184 cuckoo_watch.h:45] 347ms in ProcessBatch(lectures_batches/aaaaab.batch) [including 24ms in LoadMessage; 19ms in InitializeSparseNdw; 0ms in FindReuseThetaCacheEntry; 4ms in InitializeTheta; 0ms in CreateRegularizerAgents; 179ms in InferThetaAndUpdateNwtSparse; 0ms in UpdateCacheEntry; 6ms in CalculateScore(sparsity_theta_score); 104ms in CalculateScore(^^^ItemsProcessedScore^^^); ]
I1005 21:19:52.227957 2047873024 master_component.cc:1436] RegularizeModelArgs: rwt_target_name=rwt, pwt_source_name=pwt, nwt_source_name=nwt
I1005 21:19:52.228031 2047873024 master_component.cc:976] MasterComponent: start regularizing model pwt
I1005 21:19:52.251341 23773184 processor.cc:740] No data in processing queue, waiting...
I1005 21:19:52.390784 2047873024 master_component.cc:1002] MasterComponent: complete regularizing model pwt
I1005 21:19:52.390805 2047873024 master_component.cc:1449] NormalizeModelArgs: pwt_target_name=pwt, nwt_source_name=nwt, rwt_source_name=rwt
I1005 21:19:52.390839 2047873024 master_component.cc:1006] MasterComponent: start normalizing model nwt
I1005 21:19:52.471606 2047873024 master_component.cc:1034] MasterComponent: complete normalizing model nwt
I1005 21:19:52.543958 2047873024 master_component.cc:1473] DisposeModel rwt
I1005 21:19:52.565977 2047873024 master_component.cc:1059] FitOffline: ItemsProcessed, num_items=1728, num_batches=2, token_weight=808522, token_weight_in_effect=808522
I1005 21:19:52.566233 2047873024 c_interface.cc:389] Pass FitOfflineMasterModelArgs, batch_filename_size=2, batch_weight_size=2, num_collection_passes=1, reset_nwt=yes to MN4artm4core15MasterComponentEFvRKNS_25FitOfflineMasterModelArgsEE
I1005 21:19:52.566260 2047873024 master_component.cc:1398] ProcessBatchesArgs: nwt_target_name=nwt, batch_filename_size=2, batch_size=0, batch_weight_size=2, pwt_source_name=pwt, num_document_passes=1, regularizer=(name:SmoothSparsePhi_bcg, tau:100000), regularizer=(name:SmoothSparsePhi_sbj, tau:-100000), class=(text:1), class=(author:1), reuse_theta=yes, opt_for_avx=yes, predict_class_id=, reset_nwt=yes
I1005 21:19:52.587846 24846336 processor.cc:747] Processing queue has data, processing started
I1005 21:19:52.587870 25919488 processor.cc:747] Processing queue has data, processing started
I1005 21:19:52.602169 24846336 processor.cc:820] Processor: start processing batch 9c23b95c-f346-4325-b42f-e1077d7eb167 into model nwt
I1005 21:19:52.613134 25919488 processor.cc:820] Processor: start processing batch b9d30a3d-854c-45de-99e2-a3024e15e2e9 into model nwt
I1005 21:19:52.770562 24846336 processor.cc:925] Processor: complete processing batch 9c23b95c-f346-4325-b42f-e1077d7eb167 into model nwt
I1005 21:19:52.776142 24846336 cuckoo_watch.h:45] 188ms in ProcessBatch(lectures_batches/aaaaaa.batch) [including 14ms in LoadMessage; 9ms in InitializeSparseNdw; 0ms in FindReuseThetaCacheEntry; 8ms in InitializeTheta; 0ms in CreateRegularizerAgents; 91ms in InferThetaAndUpdateNwtSparse; 0ms in UpdateCacheEntry; 5ms in CalculateScore(sparsity_theta_score); 53ms in CalculateScore(^^^ItemsProcessedScore^^^); ]
I1005 21:19:52.800143 24846336 processor.cc:740] No data in processing queue, waiting...
I1005 21:19:52.934110 25919488 processor.cc:925] Processor: complete processing batch b9d30a3d-854c-45de-99e2-a3024e15e2e9 into model nwt
I1005 21:19:52.941749 25919488 cuckoo_watch.h:45] 353ms in ProcessBatch(lectures_batches/aaaaab.batch) [including 25ms in LoadMessage; 20ms in InitializeSparseNdw; 0ms in FindReuseThetaCacheEntry; 4ms in InitializeTheta; 0ms in CreateRegularizerAgents; 181ms in InferThetaAndUpdateNwtSparse; 0ms in UpdateCacheEntry; 5ms in CalculateScore(sparsity_theta_score); 107ms in CalculateScore(^^^ItemsProcessedScore^^^); ]
I1005 21:19:52.941752 2047873024 master_component.cc:1436] RegularizeModelArgs: rwt_target_name=rwt, pwt_source_name=pwt, nwt_source_name=nwt
I1005 21:19:52.941805 2047873024 master_component.cc:976] MasterComponent: start regularizing model pwt
I1005 21:19:52.965912 25919488 processor.cc:740] No data in processing queue, waiting...
I1005 21:19:53.115947 2047873024 master_component.cc:1002] MasterComponent: complete regularizing model pwt
I1005 21:19:53.115967 2047873024 master_component.cc:1449] NormalizeModelArgs: pwt_target_name=pwt, nwt_source_name=nwt, rwt_source_name=rwt
I1005 21:19:53.115974 2047873024 master_component.cc:1006] MasterComponent: start normalizing model nwt
I1005 21:19:53.197741 2047873024 master_component.cc:1034] MasterComponent: complete normalizing model nwt
I1005 21:19:53.265276 2047873024 master_component.cc:1473] DisposeModel rwt
I1005 21:19:53.288254 2047873024 master_component.cc:1059] FitOffline: ItemsProcessed, num_items=1728, num_batches=2, token_weight=808522, token_weight_in_effect=808522
I1005 21:19:54.032810 2047873024 c_interface.cc:231] ArtmCopyRequestedMessage is copying 1916 bytes...
I1005 21:19:54.049738 2047873024 c_interface.cc:231] ArtmCopyRequestedMessage is copying 1845 bytes...
I1005 21:19:54.053922 2047873024 c_interface.cc:231] ArtmCopyRequestedMessage is copying 1916 bytes...
I1005 21:19:54.056143 2047873024 c_interface.cc:231] ArtmCopyRequestedMessage is copying 1845 bytes...
I1005 21:19:57.897111 2047873024 c_interface.cc:231] ArtmCopyRequestedMessage is copying 544925 bytes...
I1005 21:20:17.240371 2047873024 c_interface.cc:231] ArtmCopyRequestedMessage is copying 544925 bytes...
I1005 21:20:17.474123 2047873024 c_interface.cc:231] ArtmCopyRequestedMessage is copying 544925 bytes...
I1005 21:20:17.715438 2047873024 c_interface.cc:231] ArtmCopyRequestedMessage is copying 544925 bytes...
I1005 21:20:17.960144 2047873024 c_interface.cc:231] ArtmCopyRequestedMessage is copying 544925 bytes...
I1005 21:20:18.202174 2047873024 c_interface.cc:231] ArtmCopyRequestedMessage is copying 544925 bytes...
I1005 21:20:18.441016 2047873024 c_interface.cc:231] ArtmCopyRequestedMessage is copying 544925 bytes...
I1005 21:20:18.673882 2047873024 c_interface.cc:231] ArtmCopyRequestedMessage is copying 544925 bytes...
I1005 21:20:18.920697 2047873024 c_interface.cc:231] ArtmCopyRequestedMessage is copying 544925 bytes...
I1005 21:20:19.159210 2047873024 c_interface.cc:231] ArtmCopyRequestedMessage is copying 544925 bytes...
I1005 21:20:19.392062 2047873024 c_interface.cc:231] ArtmCopyRequestedMessage is copying 544925 bytes...
I1005 21:20:19.628060 2047873024 c_interface.cc:231] ArtmCopyRequestedMessage is copying 544925 bytes...
I1005 21:20:19.881307 2047873024 c_interface.cc:231] ArtmCopyRequestedMessage is copying 544925 bytes...
I1005 21:20:20.115315 2047873024 c_interface.cc:231] ArtmCopyRequestedMessage is copying 544925 bytes...
I1005 21:20:20.371690 2047873024 c_interface.cc:231] ArtmCopyRequestedMessage is copying 544925 bytes...
I1005 21:20:20.613101 2047873024 c_interface.cc:231] ArtmCopyRequestedMessage is copying 544925 bytes...
I1005 21:20:20.852273 2047873024 c_interface.cc:231] ArtmCopyRequestedMessage is copying 544925 bytes...
I1005 21:20:21.086079 2047873024 c_interface.cc:231] ArtmCopyRequestedMessage is copying 544925 bytes...
I1005 21:20:21.320999 2047873024 c_interface.cc:231] ArtmCopyRequestedMessage is copying 544925 bytes...
I1005 21:20:21.567677 2047873024 c_interface.cc:231] ArtmCopyRequestedMessage is copying 544925 bytes...
I1005 21:20:21.806835 2047873024 c_interface.cc:231] ArtmCopyRequestedMessage is copying 544925 bytes...
I1005 21:20:22.045977 2047873024 c_interface.cc:231] ArtmCopyRequestedMessage is copying 544925 bytes...
I1005 21:20:22.279846 2047873024 c_interface.cc:231] ArtmCopyRequestedMessage is copying 544925 bytes...
I1005 21:20:22.514780 2047873024 c_interface.cc:231] ArtmCopyRequestedMessage is copying 544925 bytes...
I1005 21:20:22.757000 2047873024 c_interface.cc:231] ArtmCopyRequestedMessage is copying 544925 bytes...
I1005 21:20:23.000497 2047873024 c_interface.cc:231] ArtmCopyRequestedMessage is copying 544925 bytes...
I1005 21:20:23.234396 2047873024 c_interface.cc:231] ArtmCopyRequestedMessage is copying 544925 bytes...
I1005 21:20:23.465948 2047873024 c_interface.cc:231] ArtmCopyRequestedMessage is copying 544925 bytes...
I1005 21:20:23.711750 2047873024 c_interface.cc:231] ArtmCopyRequestedMessage is copying 544925 bytes...
I1005 21:20:23.952066 2047873024 c_interface.cc:231] ArtmCopyRequestedMessage is copying 544925 bytes...
I1005 21:20:24.196305 2047873024 c_interface.cc:231] ArtmCopyRequestedMessage is copying 544925 bytes...
I1005 21:23:17.782552 2047873024 c_interface.cc:389] Pass MasterModelConfig: topic_name_size=30, class=(text:1), class=(author:1), score_config_size=6, num_processors=0, pwt_name=pwt, nwt_name=nwt, num_document_passes=1, regularizer=(SmoothSparsePhi_bcg:100000), regularizer=(SmoothSparsePhi_sbj:-500000), reuse_theta=yes, cache_theta=yes, opt_for_avx=yes, disk_cache_path= to MN4artm4core15MasterComponentEFvRKNS_17MasterModelConfigEE
I1005 21:23:17.784370 2047873024 instance.cc:401] MasterModelConfig.processors_count is automatically set to 8
I1005 21:23:17.784518 2047873024 instance.cc:232] Regularizer 'SmoothSparsePhi_bcg' was cold-reconfigured
I1005 21:23:17.784559 2047873024 instance.cc:232] Regularizer 'SmoothSparsePhi_sbj' was cold-reconfigured
I1005 21:23:20.833393 2047873024 c_interface.cc:389] Pass FitOfflineMasterModelArgs, batch_filename_size=2, batch_weight_size=2, num_collection_passes=1, reset_nwt=yes to MN4artm4core15MasterComponentEFvRKNS_25FitOfflineMasterModelArgsEE
I1005 21:23:20.833415 2047873024 master_component.cc:1398] ProcessBatchesArgs: nwt_target_name=nwt, batch_filename_size=2, batch_size=0, batch_weight_size=2, pwt_source_name=pwt, num_document_passes=1, regularizer=(name:SmoothSparsePhi_bcg, tau:100000), regularizer=(name:SmoothSparsePhi_sbj, tau:-500000), class=(text:1), class=(author:1), reuse_theta=yes, opt_for_avx=yes, predict_class_id=, reset_nwt=yes
I1005 21:23:20.851814 23773184 processor.cc:747] Processing queue has data, processing started
I1005 21:23:20.851819 24309760 processor.cc:747] Processing queue has data, processing started
I1005 21:23:20.868645 23773184 processor.cc:820] Processor: start processing batch 9c23b95c-f346-4325-b42f-e1077d7eb167 into model nwt
I1005 21:23:20.880544 24309760 processor.cc:820] Processor: start processing batch b9d30a3d-854c-45de-99e2-a3024e15e2e9 into model nwt
I1005 21:23:21.029381 23773184 processor.cc:925] Processor: complete processing batch 9c23b95c-f346-4325-b42f-e1077d7eb167 into model nwt
I1005 21:23:21.033552 23773184 cuckoo_watch.h:45] 181ms in ProcessBatch(lectures_batches/aaaaaa.batch) [including 16ms in LoadMessage; 8ms in InitializeSparseNdw; 0ms in FindReuseThetaCacheEntry; 8ms in InitializeTheta; 0ms in CreateRegularizerAgents; 92ms in InferThetaAndUpdateNwtSparse; 0ms in UpdateCacheEntry; 4ms in CalculateScore(sparsity_theta_score); 46ms in CalculateScore(^^^ItemsProcessedScore^^^); ]
I1005 21:23:21.057605 23773184 processor.cc:740] No data in processing queue, waiting...
I1005 21:23:21.200363 24309760 processor.cc:925] Processor: complete processing batch b9d30a3d-854c-45de-99e2-a3024e15e2e9 into model nwt
I1005 21:23:21.207630 24309760 cuckoo_watch.h:45] 355ms in ProcessBatch(lectures_batches/aaaaab.batch) [including 28ms in LoadMessage; 26ms in InitializeSparseNdw; 0ms in FindReuseThetaCacheEntry; 4ms in InitializeTheta; 0ms in CreateRegularizerAgents; 174ms in InferThetaAndUpdateNwtSparse; 0ms in UpdateCacheEntry; 5ms in CalculateScore(sparsity_theta_score); 106ms in CalculateScore(^^^ItemsProcessedScore^^^); ]
I1005 21:23:21.208952 2047873024 master_component.cc:1436] RegularizeModelArgs: rwt_target_name=rwt, pwt_source_name=pwt, nwt_source_name=nwt
I1005 21:23:21.208997 2047873024 master_component.cc:976] MasterComponent: start regularizing model pwt
I1005 21:23:21.232029 24309760 processor.cc:740] No data in processing queue, waiting...
I1005 21:23:21.371227 2047873024 master_component.cc:1002] MasterComponent: complete regularizing model pwt
I1005 21:23:21.371245 2047873024 master_component.cc:1449] NormalizeModelArgs: pwt_target_name=pwt, nwt_source_name=nwt, rwt_source_name=rwt
I1005 21:23:21.371253 2047873024 master_component.cc:1006] MasterComponent: start normalizing model nwt
I1005 21:23:21.455106 2047873024 master_component.cc:1034] MasterComponent: complete normalizing model nwt
I1005 21:23:21.517853 2047873024 master_component.cc:1473] DisposeModel rwt
I1005 21:23:21.541239 2047873024 master_component.cc:1059] FitOffline: ItemsProcessed, num_items=1728, num_batches=2, token_weight=808522, token_weight_in_effect=808522
I1005 21:23:21.541491 2047873024 c_interface.cc:389] Pass FitOfflineMasterModelArgs, batch_filename_size=2, batch_weight_size=2, num_collection_passes=1, reset_nwt=yes to MN4artm4core15MasterComponentEFvRKNS_25FitOfflineMasterModelArgsEE
I1005 21:23:21.541507 2047873024 master_component.cc:1398] ProcessBatchesArgs: nwt_target_name=nwt, batch_filename_size=2, batch_size=0, batch_weight_size=2, pwt_source_name=pwt, num_document_passes=1, regularizer=(name:SmoothSparsePhi_bcg, tau:100000), regularizer=(name:SmoothSparsePhi_sbj, tau:-500000), class=(text:1), class=(author:1), reuse_theta=yes, opt_for_avx=yes, predict_class_id=, reset_nwt=yes
I1005 21:23:21.563627 27529216 processor.cc:747] Processing queue has data, processing started
I1005 21:23:21.563668 25919488 processor.cc:747] Processing queue has data, processing started
I1005 21:23:21.578647 27529216 processor.cc:820] Processor: start processing batch 9c23b95c-f346-4325-b42f-e1077d7eb167 into model nwt
I1005 21:23:21.589468 25919488 processor.cc:820] Processor: start processing batch b9d30a3d-854c-45de-99e2-a3024e15e2e9 into model nwt
I1005 21:23:21.743147 27529216 processor.cc:925] Processor: complete processing batch 9c23b95c-f346-4325-b42f-e1077d7eb167 into model nwt
I1005 21:23:21.748847 27529216 cuckoo_watch.h:45] 185ms in ProcessBatch(lectures_batches/aaaaaa.batch) [including 14ms in LoadMessage; 8ms in InitializeSparseNdw; 0ms in FindReuseThetaCacheEntry; 9ms in InitializeTheta; 0ms in CreateRegularizerAgents; 90ms in InferThetaAndUpdateNwtSparse; 0ms in UpdateCacheEntry; 3ms in CalculateScore(sparsity_theta_score); 51ms in CalculateScore(^^^ItemsProcessedScore^^^); ]
I1005 21:23:21.773098 27529216 processor.cc:740] No data in processing queue, waiting...
I1005 21:23:21.903394 25919488 processor.cc:925] Processor: complete processing batch b9d30a3d-854c-45de-99e2-a3024e15e2e9 into model nwt
I1005 21:23:21.911702 25919488 cuckoo_watch.h:45] 347ms in ProcessBatch(lectures_batches/aaaaab.batch) [including 25ms in LoadMessage; 22ms in InitializeSparseNdw; 0ms in FindReuseThetaCacheEntry; 4ms in InitializeTheta; 0ms in CreateRegularizerAgents; 174ms in InferThetaAndUpdateNwtSparse; 0ms in UpdateCacheEntry; 5ms in CalculateScore(sparsity_theta_score); 106ms in CalculateScore(^^^ItemsProcessedScore^^^); ]
I1005 21:23:21.913060 2047873024 master_component.cc:1436] RegularizeModelArgs: rwt_target_name=rwt, pwt_source_name=pwt, nwt_source_name=nwt
I1005 21:23:21.913096 2047873024 master_component.cc:976] MasterComponent: start regularizing model pwt
I1005 21:23:21.935989 25919488 processor.cc:740] No data in processing queue, waiting...
I1005 21:23:22.090335 2047873024 master_component.cc:1002] MasterComponent: complete regularizing model pwt
I1005 21:23:22.090358 2047873024 master_component.cc:1449] NormalizeModelArgs: pwt_target_name=pwt, nwt_source_name=nwt, rwt_source_name=rwt
I1005 21:23:22.090365 2047873024 master_component.cc:1006] MasterComponent: start normalizing model nwt
I1005 21:23:22.175549 2047873024 master_component.cc:1034] MasterComponent: complete normalizing model nwt
I1005 21:23:22.241240 2047873024 master_component.cc:1473] DisposeModel rwt
I1005 21:23:22.263133 2047873024 master_component.cc:1059] FitOffline: ItemsProcessed, num_items=1728, num_batches=2, token_weight=808522, token_weight_in_effect=808522
I1005 21:23:22.263396 2047873024 c_interface.cc:389] Pass FitOfflineMasterModelArgs, batch_filename_size=2, batch_weight_size=2, num_collection_passes=1, reset_nwt=yes to MN4artm4core15MasterComponentEFvRKNS_25FitOfflineMasterModelArgsEE
I1005 21:23:22.263412 2047873024 master_component.cc:1398] ProcessBatchesArgs: nwt_target_name=nwt, batch_filename_size=2, batch_size=0, batch_weight_size=2, pwt_source_name=pwt, num_document_passes=1, regularizer=(name:SmoothSparsePhi_bcg, tau:100000), regularizer=(name:SmoothSparsePhi_sbj, tau:-500000), class=(text:1), class=(author:1), reuse_theta=yes, opt_for_avx=yes, predict_class_id=, reset_nwt=yes
I1005 21:23:22.285205 25382912 processor.cc:747] Processing queue has data, processing started
I1005 21:23:22.285229 26992640 processor.cc:747] Processing queue has data, processing started
I1005 21:23:22.300022 25382912 processor.cc:820] Processor: start processing batch 9c23b95c-f346-4325-b42f-e1077d7eb167 into model nwt
I1005 21:23:22.311703 26992640 processor.cc:820] Processor: start processing batch b9d30a3d-854c-45de-99e2-a3024e15e2e9 into model nwt
I1005 21:23:22.467934 25382912 processor.cc:925] Processor: complete processing batch 9c23b95c-f346-4325-b42f-e1077d7eb167 into model nwt
I1005 21:23:22.473173 25382912 cuckoo_watch.h:45] 187ms in ProcessBatch(lectures_batches/aaaaaa.batch) [including 14ms in LoadMessage; 9ms in InitializeSparseNdw; 0ms in FindReuseThetaCacheEntry; 9ms in InitializeTheta; 0ms in CreateRegularizerAgents; 91ms in InferThetaAndUpdateNwtSparse; 0ms in UpdateCacheEntry; 4ms in CalculateScore(sparsity_theta_score); 52ms in CalculateScore(^^^ItemsProcessedScore^^^); ]
I1005 21:23:22.497514 25382912 processor.cc:740] No data in processing queue, waiting...
I1005 21:23:22.627512 26992640 processor.cc:925] Processor: complete processing batch b9d30a3d-854c-45de-99e2-a3024e15e2e9 into model nwt
I1005 21:23:22.636502 26992640 cuckoo_watch.h:45] 351ms in ProcessBatch(lectures_batches/aaaaab.batch) [including 26ms in LoadMessage; 21ms in InitializeSparseNdw; 0ms in FindReuseThetaCacheEntry; 4ms in InitializeTheta; 0ms in CreateRegularizerAgents; 180ms in InferThetaAndUpdateNwtSparse; 0ms in UpdateCacheEntry; 6ms in CalculateScore(sparsity_theta_score); 102ms in CalculateScore(^^^ItemsProcessedScore^^^); ]
I1005 21:23:22.637259 2047873024 master_component.cc:1436] RegularizeModelArgs: rwt_target_name=rwt, pwt_source_name=pwt, nwt_source_name=nwt
I1005 21:23:22.637296 2047873024 master_component.cc:976] MasterComponent: start regularizing model pwt
I1005 21:23:22.660603 26992640 processor.cc:740] No data in processing queue, waiting...
I1005 21:23:22.811642 2047873024 master_component.cc:1002] MasterComponent: complete regularizing model pwt
I1005 21:23:22.811662 2047873024 master_component.cc:1449] NormalizeModelArgs: pwt_target_name=pwt, nwt_source_name=nwt, rwt_source_name=rwt
I1005 21:23:22.811669 2047873024 master_component.cc:1006] MasterComponent: start normalizing model nwt
I1005 21:23:22.895756 2047873024 master_component.cc:1034] MasterComponent: complete normalizing model nwt
I1005 21:23:22.959700 2047873024 master_component.cc:1473] DisposeModel rwt
I1005 21:23:22.983736 2047873024 master_component.cc:1059] FitOffline: ItemsProcessed, num_items=1728, num_batches=2, token_weight=808522, token_weight_in_effect=808522
I1005 21:23:22.984067 2047873024 c_interface.cc:389] Pass FitOfflineMasterModelArgs, batch_filename_size=2, batch_weight_size=2, num_collection_passes=1, reset_nwt=yes to MN4artm4core15MasterComponentEFvRKNS_25FitOfflineMasterModelArgsEE
I1005 21:23:22.984086 2047873024 master_component.cc:1398] ProcessBatchesArgs: nwt_target_name=nwt, batch_filename_size=2, batch_size=0, batch_weight_size=2, pwt_source_name=pwt, num_document_passes=1, regularizer=(name:SmoothSparsePhi_bcg, tau:100000), regularizer=(name:SmoothSparsePhi_sbj, tau:-500000), class=(text:1), class=(author:1), reuse_theta=yes, opt_for_avx=yes, predict_class_id=, reset_nwt=yes
I1005 21:23:23.004112 24309760 processor.cc:747] Processing queue has data, processing started
I1005 21:23:23.004238 26456064 processor.cc:747] Processing queue has data, processing started
I1005 21:23:23.019022 24309760 processor.cc:820] Processor: start processing batch 9c23b95c-f346-4325-b42f-e1077d7eb167 into model nwt
I1005 21:23:23.029500 26456064 processor.cc:820] Processor: start processing batch b9d30a3d-854c-45de-99e2-a3024e15e2e9 into model nwt
I1005 21:23:23.173379 24309760 processor.cc:925] Processor: complete processing batch 9c23b95c-f346-4325-b42f-e1077d7eb167 into model nwt
I1005 21:23:23.178266 24309760 cuckoo_watch.h:45] 174ms in ProcessBatch(lectures_batches/aaaaaa.batch) [including 14ms in LoadMessage; 7ms in InitializeSparseNdw; 0ms in FindReuseThetaCacheEntry; 9ms in InitializeTheta; 0ms in CreateRegularizerAgents; 84ms in InferThetaAndUpdateNwtSparse; 0ms in UpdateCacheEntry; 4ms in CalculateScore(sparsity_theta_score); 48ms in CalculateScore(^^^ItemsProcessedScore^^^); ]
I1005 21:23:23.202036 24309760 processor.cc:740] No data in processing queue, waiting...
I1005 21:23:23.345373 26456064 processor.cc:925] Processor: complete processing batch b9d30a3d-854c-45de-99e2-a3024e15e2e9 into model nwt
I1005 21:23:23.352625 26456064 cuckoo_watch.h:45] 348ms in ProcessBatch(lectures_batches/aaaaab.batch) [including 25ms in LoadMessage; 19ms in InitializeSparseNdw; 0ms in FindReuseThetaCacheEntry; 3ms in InitializeTheta; 0ms in CreateRegularizerAgents; 176ms in InferThetaAndUpdateNwtSparse; 0ms in UpdateCacheEntry; 6ms in CalculateScore(sparsity_theta_score); 109ms in CalculateScore(^^^ItemsProcessedScore^^^); ]
I1005 21:23:23.353721 2047873024 master_component.cc:1436] RegularizeModelArgs: rwt_target_name=rwt, pwt_source_name=pwt, nwt_source_name=nwt
I1005 21:23:23.353752 2047873024 master_component.cc:976] MasterComponent: start regularizing model pwt
I1005 21:23:23.375913 26456064 processor.cc:740] No data in processing queue, waiting...
I1005 21:23:23.517990 2047873024 master_component.cc:1002] MasterComponent: complete regularizing model pwt
I1005 21:23:23.518012 2047873024 master_component.cc:1449] NormalizeModelArgs: pwt_target_name=pwt, nwt_source_name=nwt, rwt_source_name=rwt
I1005 21:23:23.518018 2047873024 master_component.cc:1006] MasterComponent: start normalizing model nwt
I1005 21:23:23.600545 2047873024 master_component.cc:1034] MasterComponent: complete normalizing model nwt
I1005 21:23:23.668540 2047873024 master_component.cc:1473] DisposeModel rwt
I1005 21:23:23.694056 2047873024 master_component.cc:1059] FitOffline: ItemsProcessed, num_items=1728, num_batches=2, token_weight=808522, token_weight_in_effect=808522
I1005 21:23:23.694351 2047873024 c_interface.cc:389] Pass FitOfflineMasterModelArgs, batch_filename_size=2, batch_weight_size=2, num_collection_passes=1, reset_nwt=yes to MN4artm4core15MasterComponentEFvRKNS_25FitOfflineMasterModelArgsEE
I1005 21:23:23.694368 2047873024 master_component.cc:1398] ProcessBatchesArgs: nwt_target_name=nwt, batch_filename_size=2, batch_size=0, batch_weight_size=2, pwt_source_name=pwt, num_document_passes=1, regularizer=(name:SmoothSparsePhi_bcg, tau:100000), regularizer=(name:SmoothSparsePhi_sbj, tau:-500000), class=(text:1), class=(author:1), reuse_theta=yes, opt_for_avx=yes, predict_class_id=, reset_nwt=yes
I1005 21:23:23.716382 23773184 processor.cc:747] Processing queue has data, processing started
I1005 21:23:23.716382 24309760 processor.cc:747] Processing queue has data, processing started
I1005 21:23:23.730051 23773184 processor.cc:820] Processor: start processing batch 9c23b95c-f346-4325-b42f-e1077d7eb167 into model nwt
I1005 21:23:23.740707 24309760 processor.cc:820] Processor: start processing batch b9d30a3d-854c-45de-99e2-a3024e15e2e9 into model nwt
I1005 21:23:23.892841 23773184 processor.cc:925] Processor: complete processing batch 9c23b95c-f346-4325-b42f-e1077d7eb167 into model nwt
I1005 21:23:23.898265 23773184 cuckoo_watch.h:45] 181ms in ProcessBatch(lectures_batches/aaaaaa.batch) [including 13ms in LoadMessage; 8ms in InitializeSparseNdw; 0ms in FindReuseThetaCacheEntry; 8ms in InitializeTheta; 0ms in CreateRegularizerAgents; 88ms in InferThetaAndUpdateNwtSparse; 0ms in UpdateCacheEntry; 4ms in CalculateScore(sparsity_theta_score); 52ms in CalculateScore(^^^ItemsProcessedScore^^^); ]
I1005 21:23:23.922195 23773184 processor.cc:740] No data in processing queue, waiting...
I1005 21:23:24.074189 24309760 processor.cc:925] Processor: complete processing batch b9d30a3d-854c-45de-99e2-a3024e15e2e9 into model nwt
I1005 21:23:24.082101 24309760 cuckoo_watch.h:45] 365ms in ProcessBatch(lectures_batches/aaaaab.batch) [including 24ms in LoadMessage; 21ms in InitializeSparseNdw; 0ms in FindReuseThetaCacheEntry; 4ms in InitializeTheta; 0ms in CreateRegularizerAgents; 185ms in InferThetaAndUpdateNwtSparse; 0ms in UpdateCacheEntry; 5ms in CalculateScore(sparsity_theta_score); 115ms in CalculateScore(^^^ItemsProcessedScore^^^); ]
I1005 21:23:24.082273 2047873024 master_component.cc:1436] RegularizeModelArgs: rwt_target_name=rwt, pwt_source_name=pwt, nwt_source_name=nwt
I1005 21:23:24.082304 2047873024 master_component.cc:976] MasterComponent: start regularizing model pwt
I1005 21:23:24.106034 24309760 processor.cc:740] No data in processing queue, waiting...
I1005 21:23:24.247917 2047873024 master_component.cc:1002] MasterComponent: complete regularizing model pwt
I1005 21:23:24.247967 2047873024 master_component.cc:1449] NormalizeModelArgs: pwt_target_name=pwt, nwt_source_name=nwt, rwt_source_name=rwt
I1005 21:23:24.247975 2047873024 master_component.cc:1006] MasterComponent: start normalizing model nwt
I1005 21:23:24.328241 2047873024 master_component.cc:1034] MasterComponent: complete normalizing model nwt
I1005 21:23:24.392431 2047873024 master_component.cc:1473] DisposeModel rwt
I1005 21:23:24.414059 2047873024 master_component.cc:1059] FitOffline: ItemsProcessed, num_items=1728, num_batches=2, token_weight=808522, token_weight_in_effect=808522
I1005 21:23:24.414373 2047873024 c_interface.cc:389] Pass FitOfflineMasterModelArgs, batch_filename_size=2, batch_weight_size=2, num_collection_passes=1, reset_nwt=yes to MN4artm4core15MasterComponentEFvRKNS_25FitOfflineMasterModelArgsEE
I1005 21:23:24.414387 2047873024 master_component.cc:1398] ProcessBatchesArgs: nwt_target_name=nwt, batch_filename_size=2, batch_size=0, batch_weight_size=2, pwt_source_name=pwt, num_document_passes=1, regularizer=(name:SmoothSparsePhi_bcg, tau:100000), regularizer=(name:SmoothSparsePhi_sbj, tau:-500000), class=(text:1), class=(author:1), reuse_theta=yes, opt_for_avx=yes, predict_class_id=, reset_nwt=yes
I1005 21:23:24.433332 25919488 processor.cc:747] Processing queue has data, processing started
I1005 21:23:24.433317 25382912 processor.cc:747] Processing queue has data, processing started
I1005 21:23:24.447054 25382912 processor.cc:820] Processor: start processing batch 9c23b95c-f346-4325-b42f-e1077d7eb167 into model nwt
I1005 21:23:24.458464 25919488 processor.cc:820] Processor: start processing batch b9d30a3d-854c-45de-99e2-a3024e15e2e9 into model nwt
I1005 21:23:24.611496 25382912 processor.cc:925] Processor: complete processing batch 9c23b95c-f346-4325-b42f-e1077d7eb167 into model nwt
I1005 21:23:24.617058 25382912 cuckoo_watch.h:45] 183ms in ProcessBatch(lectures_batches/aaaaaa.batch) [including 13ms in LoadMessage; 8ms in InitializeSparseNdw; 0ms in FindReuseThetaCacheEntry; 10ms in InitializeTheta; 0ms in CreateRegularizerAgents; 88ms in InferThetaAndUpdateNwtSparse; 0ms in UpdateCacheEntry; 4ms in CalculateScore(sparsity_theta_score); 51ms in CalculateScore(^^^ItemsProcessedScore^^^); ]
I1005 21:23:24.641042 25382912 processor.cc:740] No data in processing queue, waiting...
I1005 21:23:24.780220 25919488 processor.cc:925] Processor: complete processing batch b9d30a3d-854c-45de-99e2-a3024e15e2e9 into model nwt
I1005 21:23:24.786800 25919488 cuckoo_watch.h:45] 353ms in ProcessBatch(lectures_batches/aaaaab.batch) [including 25ms in LoadMessage; 20ms in InitializeSparseNdw; 0ms in FindReuseThetaCacheEntry; 4ms in InitializeTheta; 0ms in CreateRegularizerAgents; 177ms in InferThetaAndUpdateNwtSparse; 0ms in UpdateCacheEntry; 5ms in CalculateScore(sparsity_theta_score); 113ms in CalculateScore(^^^ItemsProcessedScore^^^); ]
I1005 21:23:24.787886 2047873024 master_component.cc:1436] RegularizeModelArgs: rwt_target_name=rwt, pwt_source_name=pwt, nwt_source_name=nwt
I1005 21:23:24.787920 2047873024 master_component.cc:976] MasterComponent: start regularizing model pwt
I1005 21:23:24.810190 25919488 processor.cc:740] No data in processing queue, waiting...
I1005 21:23:24.949991 2047873024 master_component.cc:1002] MasterComponent: complete regularizing model pwt
I1005 21:23:24.950016 2047873024 master_component.cc:1449] NormalizeModelArgs: pwt_target_name=pwt, nwt_source_name=nwt, rwt_source_name=rwt
I1005 21:23:24.950024 2047873024 master_component.cc:1006] MasterComponent: start normalizing model nwt
I1005 21:23:25.039885 2047873024 master_component.cc:1034] MasterComponent: complete normalizing model nwt
I1005 21:23:25.103621 2047873024 master_component.cc:1473] DisposeModel rwt
I1005 21:23:25.125690 2047873024 master_component.cc:1059] FitOffline: ItemsProcessed, num_items=1728, num_batches=2, token_weight=808522, token_weight_in_effect=808522
I1005 21:23:25.125982 2047873024 c_interface.cc:389] Pass FitOfflineMasterModelArgs, batch_filename_size=2, batch_weight_size=2, num_collection_passes=1, reset_nwt=yes to MN4artm4core15MasterComponentEFvRKNS_25FitOfflineMasterModelArgsEE
I1005 21:23:25.126031 2047873024 master_component.cc:1398] ProcessBatchesArgs: nwt_target_name=nwt, batch_filename_size=2, batch_size=0, batch_weight_size=2, pwt_source_name=pwt, num_document_passes=1, regularizer=(name:SmoothSparsePhi_bcg, tau:100000), regularizer=(name:SmoothSparsePhi_sbj, tau:-500000), class=(text:1), class=(author:1), reuse_theta=yes, opt_for_avx=yes, predict_class_id=, reset_nwt=yes
I1005 21:23:25.147258 27529216 processor.cc:747] Processing queue has data, processing started
I1005 21:23:25.147274 24846336 processor.cc:747] Processing queue has data, processing started
I1005 21:23:25.162894 27529216 processor.cc:820] Processor: start processing batch 9c23b95c-f346-4325-b42f-e1077d7eb167 into model nwt
I1005 21:23:25.173481 24846336 processor.cc:820] Processor: start processing batch b9d30a3d-854c-45de-99e2-a3024e15e2e9 into model nwt
I1005 21:23:25.326221 27529216 processor.cc:925] Processor: complete processing batch 9c23b95c-f346-4325-b42f-e1077d7eb167 into model nwt
I1005 21:23:25.331213 27529216 cuckoo_watch.h:45] 183ms in ProcessBatch(lectures_batches/aaaaaa.batch) [including 15ms in LoadMessage; 8ms in InitializeSparseNdw; 0ms in FindReuseThetaCacheEntry; 9ms in InitializeTheta; 0ms in CreateRegularizerAgents; 87ms in InferThetaAndUpdateNwtSparse; 0ms in UpdateCacheEntry; 4ms in CalculateScore(sparsity_theta_score); 52ms in CalculateScore(^^^ItemsProcessedScore^^^); ]
I1005 21:23:25.355577 27529216 processor.cc:740] No data in processing queue, waiting...
I1005 21:23:25.494217 24846336 processor.cc:925] Processor: complete processing batch b9d30a3d-854c-45de-99e2-a3024e15e2e9 into model nwt
I1005 21:23:25.501305 24846336 cuckoo_watch.h:45] 354ms in ProcessBatch(lectures_batches/aaaaab.batch) [including 26ms in LoadMessage; 21ms in InitializeSparseNdw; 0ms in FindReuseThetaCacheEntry; 4ms in InitializeTheta; 0ms in CreateRegularizerAgents; 180ms in InferThetaAndUpdateNwtSparse; 0ms in UpdateCacheEntry; 5ms in CalculateScore(sparsity_theta_score); 109ms in CalculateScore(^^^ItemsProcessedScore^^^); ]
I1005 21:23:25.501433 2047873024 master_component.cc:1436] RegularizeModelArgs: rwt_target_name=rwt, pwt_source_name=pwt, nwt_source_name=nwt
I1005 21:23:25.501456 2047873024 master_component.cc:976] MasterComponent: start regularizing model pwt
I1005 21:23:25.525297 24846336 processor.cc:740] No data in processing queue, waiting...
I1005 21:23:25.666908 2047873024 master_component.cc:1002] MasterComponent: complete regularizing model pwt
I1005 21:23:25.666929 2047873024 master_component.cc:1449] NormalizeModelArgs: pwt_target_name=pwt, nwt_source_name=nwt, rwt_source_name=rwt
I1005 21:23:25.666935 2047873024 master_component.cc:1006] MasterComponent: start normalizing model nwt
I1005 21:23:25.750859 2047873024 master_component.cc:1034] MasterComponent: complete normalizing model nwt
I1005 21:23:25.822232 2047873024 master_component.cc:1473] DisposeModel rwt
I1005 21:23:25.844192 2047873024 master_component.cc:1059] FitOffline: ItemsProcessed, num_items=1728, num_batches=2, token_weight=808522, token_weight_in_effect=808522
I1005 21:23:25.844482 2047873024 c_interface.cc:389] Pass FitOfflineMasterModelArgs, batch_filename_size=2, batch_weight_size=2, num_collection_passes=1, reset_nwt=yes to MN4artm4core15MasterComponentEFvRKNS_25FitOfflineMasterModelArgsEE
I1005 21:23:25.844501 2047873024 master_component.cc:1398] ProcessBatchesArgs: nwt_target_name=nwt, batch_filename_size=2, batch_size=0, batch_weight_size=2, pwt_source_name=pwt, num_document_passes=1, regularizer=(name:SmoothSparsePhi_bcg, tau:100000), regularizer=(name:SmoothSparsePhi_sbj, tau:-500000), class=(text:1), class=(author:1), reuse_theta=yes, opt_for_avx=yes, predict_class_id=, reset_nwt=yes
I1005 21:23:25.864650 24309760 processor.cc:747] Processing queue has data, processing started
I1005 21:23:25.864670 25919488 processor.cc:747] Processing queue has data, processing started
I1005 21:23:25.879082 24309760 processor.cc:820] Processor: start processing batch 9c23b95c-f346-4325-b42f-e1077d7eb167 into model nwt
I1005 21:23:25.890311 25919488 processor.cc:820] Processor: start processing batch b9d30a3d-854c-45de-99e2-a3024e15e2e9 into model nwt
I1005 21:23:26.034803 24309760 processor.cc:925] Processor: complete processing batch 9c23b95c-f346-4325-b42f-e1077d7eb167 into model nwt
I1005 21:23:26.039333 24309760 cuckoo_watch.h:45] 174ms in ProcessBatch(lectures_batches/aaaaaa.batch) [including 14ms in LoadMessage; 8ms in InitializeSparseNdw; 0ms in FindReuseThetaCacheEntry; 9ms in InitializeTheta; 0ms in CreateRegularizerAgents; 85ms in InferThetaAndUpdateNwtSparse; 0ms in UpdateCacheEntry; 4ms in CalculateScore(sparsity_theta_score); 47ms in CalculateScore(^^^ItemsProcessedScore^^^); ]
I1005 21:23:26.063310 24309760 processor.cc:740] No data in processing queue, waiting...
I1005 21:23:26.214627 25919488 processor.cc:925] Processor: complete processing batch b9d30a3d-854c-45de-99e2-a3024e15e2e9 into model nwt
I1005 21:23:26.222692 25919488 cuckoo_watch.h:45] 357ms in ProcessBatch(lectures_batches/aaaaab.batch) [including 25ms in LoadMessage; 21ms in InitializeSparseNdw; 0ms in FindReuseThetaCacheEntry; 4ms in InitializeTheta; 0ms in CreateRegularizerAgents; 179ms in InferThetaAndUpdateNwtSparse; 0ms in UpdateCacheEntry; 5ms in CalculateScore(sparsity_theta_score); 112ms in CalculateScore(^^^ItemsProcessedScore^^^); ]
I1005 21:23:26.222847 2047873024 master_component.cc:1436] RegularizeModelArgs: rwt_target_name=rwt, pwt_source_name=pwt, nwt_source_name=nwt
I1005 21:23:26.222872 2047873024 master_component.cc:976] MasterComponent: start regularizing model pwt
I1005 21:23:26.247189 25919488 processor.cc:740] No data in processing queue, waiting...
I1005 21:23:26.403136 2047873024 master_component.cc:1002] MasterComponent: complete regularizing model pwt
I1005 21:23:26.403156 2047873024 master_component.cc:1449] NormalizeModelArgs: pwt_target_name=pwt, nwt_source_name=nwt, rwt_source_name=rwt
I1005 21:23:26.403162 2047873024 master_component.cc:1006] MasterComponent: start normalizing model nwt
I1005 21:23:26.486246 2047873024 master_component.cc:1034] MasterComponent: complete normalizing model nwt
I1005 21:23:26.551152 2047873024 master_component.cc:1473] DisposeModel rwt
I1005 21:23:26.572008 2047873024 master_component.cc:1059] FitOffline: ItemsProcessed, num_items=1728, num_batches=2, token_weight=808522, token_weight_in_effect=808522
I1005 21:23:26.572263 2047873024 c_interface.cc:389] Pass FitOfflineMasterModelArgs, batch_filename_size=2, batch_weight_size=2, num_collection_passes=1, reset_nwt=yes to MN4artm4core15MasterComponentEFvRKNS_25FitOfflineMasterModelArgsEE
I1005 21:23:26.572284 2047873024 master_component.cc:1398] ProcessBatchesArgs: nwt_target_name=nwt, batch_filename_size=2, batch_size=0, batch_weight_size=2, pwt_source_name=pwt, num_document_passes=1, regularizer=(name:SmoothSparsePhi_bcg, tau:100000), regularizer=(name:SmoothSparsePhi_sbj, tau:-500000), class=(text:1), class=(author:1), reuse_theta=yes, opt_for_avx=yes, predict_class_id=, reset_nwt=yes
I1005 21:23:26.593642 24846336 processor.cc:747] Processing queue has data, processing started
I1005 21:23:26.593652 27529216 processor.cc:747] Processing queue has data, processing started
I1005 21:23:26.607587 24846336 processor.cc:820] Processor: start processing batch 9c23b95c-f346-4325-b42f-e1077d7eb167 into model nwt
I1005 21:23:26.617733 27529216 processor.cc:820] Processor: start processing batch b9d30a3d-854c-45de-99e2-a3024e15e2e9 into model nwt
I1005 21:23:26.766693 24846336 processor.cc:925] Processor: complete processing batch 9c23b95c-f346-4325-b42f-e1077d7eb167 into model nwt
I1005 21:23:26.771023 24846336 cuckoo_watch.h:45] 177ms in ProcessBatch(lectures_batches/aaaaaa.batch) [including 13ms in LoadMessage; 7ms in InitializeSparseNdw; 0ms in FindReuseThetaCacheEntry; 8ms in InitializeTheta; 0ms in CreateRegularizerAgents; 84ms in InferThetaAndUpdateNwtSparse; 0ms in UpdateCacheEntry; 4ms in CalculateScore(sparsity_theta_score); 53ms in CalculateScore(^^^ItemsProcessedScore^^^); ]
I1005 21:23:26.794256 24846336 processor.cc:740] No data in processing queue, waiting...
I1005 21:23:26.927490 27529216 processor.cc:925] Processor: complete processing batch b9d30a3d-854c-45de-99e2-a3024e15e2e9 into model nwt
I1005 21:23:26.934940 27529216 cuckoo_watch.h:45] 341ms in ProcessBatch(lectures_batches/aaaaab.batch) [including 24ms in LoadMessage; 19ms in InitializeSparseNdw; 0ms in FindReuseThetaCacheEntry; 4ms in InitializeTheta; 0ms in CreateRegularizerAgents; 175ms in InferThetaAndUpdateNwtSparse; 0ms in UpdateCacheEntry; 5ms in CalculateScore(sparsity_theta_score); 104ms in CalculateScore(^^^ItemsProcessedScore^^^); ]
I1005 21:23:26.935076 2047873024 master_component.cc:1436] RegularizeModelArgs: rwt_target_name=rwt, pwt_source_name=pwt, nwt_source_name=nwt
I1005 21:23:26.935098 2047873024 master_component.cc:976] MasterComponent: start regularizing model pwt
I1005 21:23:26.958533 27529216 processor.cc:740] No data in processing queue, waiting...
I1005 21:23:27.108145 2047873024 master_component.cc:1002] MasterComponent: complete regularizing model pwt
I1005 21:23:27.108166 2047873024 master_component.cc:1449] NormalizeModelArgs: pwt_target_name=pwt, nwt_source_name=nwt, rwt_source_name=rwt
I1005 21:23:27.108173 2047873024 master_component.cc:1006] MasterComponent: start normalizing model nwt
I1005 21:23:27.184324 2047873024 master_component.cc:1034] MasterComponent: complete normalizing model nwt
I1005 21:23:27.240517 2047873024 master_component.cc:1473] DisposeModel rwt
I1005 21:23:27.263813 2047873024 master_component.cc:1059] FitOffline: ItemsProcessed, num_items=1728, num_batches=2, token_weight=808522, token_weight_in_effect=808522
I1005 21:23:27.264219 2047873024 c_interface.cc:389] Pass FitOfflineMasterModelArgs, batch_filename_size=2, batch_weight_size=2, num_collection_passes=1, reset_nwt=yes to MN4artm4core15MasterComponentEFvRKNS_25FitOfflineMasterModelArgsEE
I1005 21:23:27.264240 2047873024 master_component.cc:1398] ProcessBatchesArgs: nwt_target_name=nwt, batch_filename_size=2, batch_size=0, batch_weight_size=2, pwt_source_name=pwt, num_document_passes=1, regularizer=(name:SmoothSparsePhi_bcg, tau:100000), regularizer=(name:SmoothSparsePhi_sbj, tau:-500000), class=(text:1), class=(author:1), reuse_theta=yes, opt_for_avx=yes, predict_class_id=, reset_nwt=yes
I1005 21:23:27.287102 26992640 processor.cc:747] Processing queue has data, processing started
I1005 21:23:27.287099 26456064 processor.cc:747] Processing queue has data, processing started
I1005 21:23:27.302749 26456064 processor.cc:820] Processor: start processing batch 9c23b95c-f346-4325-b42f-e1077d7eb167 into model nwt
I1005 21:23:27.312742 26992640 processor.cc:820] Processor: start processing batch b9d30a3d-854c-45de-99e2-a3024e15e2e9 into model nwt
I1005 21:23:27.466150 26456064 processor.cc:925] Processor: complete processing batch 9c23b95c-f346-4325-b42f-e1077d7eb167 into model nwt
I1005 21:23:27.472589 26456064 cuckoo_watch.h:45] 185ms in ProcessBatch(lectures_batches/aaaaaa.batch) [including 15ms in LoadMessage; 8ms in InitializeSparseNdw; 0ms in FindReuseThetaCacheEntry; 9ms in InitializeTheta; 0ms in CreateRegularizerAgents; 88ms in InferThetaAndUpdateNwtSparse; 0ms in UpdateCacheEntry; 4ms in CalculateScore(sparsity_theta_score); 51ms in CalculateScore(^^^ItemsProcessedScore^^^); ]
I1005 21:23:27.496848 26456064 processor.cc:740] No data in processing queue, waiting...
I1005 21:23:27.631042 26992640 processor.cc:925] Processor: complete processing batch b9d30a3d-854c-45de-99e2-a3024e15e2e9 into model nwt
I1005 21:23:27.637981 26992640 cuckoo_watch.h:45] 350ms in ProcessBatch(lectures_batches/aaaaab.batch) [including 25ms in LoadMessage; 20ms in InitializeSparseNdw; 0ms in FindReuseThetaCacheEntry; 4ms in InitializeTheta; 0ms in CreateRegularizerAgents; 177ms in InferThetaAndUpdateNwtSparse; 0ms in UpdateCacheEntry; 6ms in CalculateScore(sparsity_theta_score); 109ms in CalculateScore(^^^ItemsProcessedScore^^^); ]
I1005 21:23:27.638125 2047873024 master_component.cc:1436] RegularizeModelArgs: rwt_target_name=rwt, pwt_source_name=pwt, nwt_source_name=nwt
I1005 21:23:27.638177 2047873024 master_component.cc:976] MasterComponent: start regularizing model pwt
I1005 21:23:27.661154 26992640 processor.cc:740] No data in processing queue, waiting...
I1005 21:23:27.810576 2047873024 master_component.cc:1002] MasterComponent: complete regularizing model pwt
I1005 21:23:27.810597 2047873024 master_component.cc:1449] NormalizeModelArgs: pwt_target_name=pwt, nwt_source_name=nwt, rwt_source_name=rwt
I1005 21:23:27.810657 2047873024 master_component.cc:1006] MasterComponent: start normalizing model nwt
I1005 21:23:27.890434 2047873024 master_component.cc:1034] MasterComponent: complete normalizing model nwt
I1005 21:23:27.959035 2047873024 master_component.cc:1473] DisposeModel rwt
I1005 21:23:27.985357 2047873024 master_component.cc:1059] FitOffline: ItemsProcessed, num_items=1728, num_batches=2, token_weight=808522, token_weight_in_effect=808522
I1005 21:23:27.985636 2047873024 c_interface.cc:389] Pass FitOfflineMasterModelArgs, batch_filename_size=2, batch_weight_size=2, num_collection_passes=1, reset_nwt=yes to MN4artm4core15MasterComponentEFvRKNS_25FitOfflineMasterModelArgsEE
I1005 21:23:27.985651 2047873024 master_component.cc:1398] ProcessBatchesArgs: nwt_target_name=nwt, batch_filename_size=2, batch_size=0, batch_weight_size=2, pwt_source_name=pwt, num_document_passes=1, regularizer=(name:SmoothSparsePhi_bcg, tau:100000), regularizer=(name:SmoothSparsePhi_sbj, tau:-500000), class=(text:1), class=(author:1), reuse_theta=yes, opt_for_avx=yes, predict_class_id=, reset_nwt=yes
I1005 21:23:28.004182 23773184 processor.cc:747] Processing queue has data, processing started
I1005 21:23:28.004178 24846336 processor.cc:747] Processing queue has data, processing started
I1005 21:23:28.018005 24846336 processor.cc:820] Processor: start processing batch 9c23b95c-f346-4325-b42f-e1077d7eb167 into model nwt
I1005 21:23:28.028092 23773184 processor.cc:820] Processor: start processing batch b9d30a3d-854c-45de-99e2-a3024e15e2e9 into model nwt
I1005 21:23:28.181326 24846336 processor.cc:925] Processor: complete processing batch 9c23b95c-f346-4325-b42f-e1077d7eb167 into model nwt
I1005 21:23:28.186103 24846336 cuckoo_watch.h:45] 181ms in ProcessBatch(lectures_batches/aaaaaa.batch) [including 13ms in LoadMessage; 7ms in InitializeSparseNdw; 0ms in FindReuseThetaCacheEntry; 9ms in InitializeTheta; 0ms in CreateRegularizerAgents; 90ms in InferThetaAndUpdateNwtSparse; 0ms in UpdateCacheEntry; 4ms in CalculateScore(sparsity_theta_score); 51ms in CalculateScore(^^^ItemsProcessedScore^^^); ]
I1005 21:23:28.210490 24846336 processor.cc:740] No data in processing queue, waiting...
I1005 21:23:28.365185 23773184 processor.cc:925] Processor: complete processing batch b9d30a3d-854c-45de-99e2-a3024e15e2e9 into model nwt
I1005 21:23:28.372277 23773184 cuckoo_watch.h:45] 368ms in ProcessBatch(lectures_batches/aaaaab.batch) [including 23ms in LoadMessage; 18ms in InitializeSparseNdw; 0ms in FindReuseThetaCacheEntry; 3ms in InitializeTheta; 0ms in CreateRegularizerAgents; 188ms in InferThetaAndUpdateNwtSparse; 0ms in UpdateCacheEntry; 5ms in CalculateScore(sparsity_theta_score); 119ms in CalculateScore(^^^ItemsProcessedScore^^^); ]
I1005 21:23:28.373533 2047873024 master_component.cc:1436] RegularizeModelArgs: rwt_target_name=rwt, pwt_source_name=pwt, nwt_source_name=nwt
I1005 21:23:28.373558 2047873024 master_component.cc:976] MasterComponent: start regularizing model pwt
I1005 21:23:28.396541 23773184 processor.cc:740] No data in processing queue, waiting...
I1005 21:23:28.551755 2047873024 master_component.cc:1002] MasterComponent: complete regularizing model pwt
I1005 21:23:28.551776 2047873024 master_component.cc:1449] NormalizeModelArgs: pwt_target_name=pwt, nwt_source_name=nwt, rwt_source_name=rwt
I1005 21:23:28.551784 2047873024 master_component.cc:1006] MasterComponent: start normalizing model nwt
