I1005 20:08:41.280297 2047873024 master_component.cc:976] MasterComponent: start regularizing model pwt
I1005 20:08:41.304329 27529216 processor.cc:740] No data in processing queue, waiting...
I1005 20:08:41.407320 2047873024 master_component.cc:1002] MasterComponent: complete regularizing model pwt
I1005 20:08:41.407344 2047873024 master_component.cc:1449] NormalizeModelArgs: pwt_target_name=pwt, nwt_source_name=nwt, rwt_source_name=rwt
I1005 20:08:41.407352 2047873024 master_component.cc:1006] MasterComponent: start normalizing model nwt
I1005 20:08:41.501265 2047873024 master_component.cc:1034] MasterComponent: complete normalizing model nwt
I1005 20:08:41.586347 2047873024 master_component.cc:1473] DisposeModel rwt
I1005 20:08:41.605321 2047873024 master_component.cc:1059] FitOffline: ItemsProcessed, num_items=1728, num_batches=2, token_weight=808522, token_weight_in_effect=808522
I1005 20:08:41.605566 2047873024 c_interface.cc:389] Pass FitOfflineMasterModelArgs, batch_filename_size=2, batch_weight_size=2, num_collection_passes=1, reset_nwt=yes to MN4artm4core15MasterComponentEFvRKNS_25FitOfflineMasterModelArgsEE
I1005 20:08:41.605578 2047873024 master_component.cc:1398] ProcessBatchesArgs: nwt_target_name=nwt, batch_filename_size=2, batch_size=0, batch_weight_size=2, pwt_source_name=pwt, num_document_passes=10, regularizer=(name:SmoothSparsePhi, tau:100000), class=(text:1), class=(author:1), reuse_theta=no, opt_for_avx=yes, predict_class_id=, reset_nwt=yes
I1005 20:08:41.624948 26992640 processor.cc:747] Processing queue has data, processing started
I1005 20:08:41.624966 25919488 processor.cc:747] Processing queue has data, processing started
I1005 20:08:41.640071 26992640 processor.cc:820] Processor: start processing batch 9edcad93-fc16-44ef-babc-2bfdcae8eb5f into model nwt
I1005 20:08:41.651759 25919488 processor.cc:820] Processor: start processing batch 7bd3121e-fe96-4fbc-930e-80057f8f7861 into model nwt
I1005 20:08:41.869704 26992640 processor.cc:925] Processor: complete processing batch 9edcad93-fc16-44ef-babc-2bfdcae8eb5f into model nwt
I1005 20:08:41.873447 26992640 cuckoo_watch.h:45] 248ms in ProcessBatch(lectures_batches/aaaaaa.batch) [including 15ms in LoadMessage; 9ms in InitializeSparseNdw; 0ms in InitializeTheta; 0ms in CreateRegularizerAgents; 167ms in InferThetaAndUpdateNwtSparse; 4ms in CalculateScore(sparsity_theta_score); 47ms in CalculateScore(^^^ItemsProcessedScore^^^); ]
I1005 20:08:41.897759 26992640 processor.cc:740] No data in processing queue, waiting...
I1005 20:08:42.150142 25919488 processor.cc:925] Processor: complete processing batch 7bd3121e-fe96-4fbc-930e-80057f8f7861 into model nwt
I1005 20:08:42.156649 25919488 cuckoo_watch.h:45] 531ms in ProcessBatch(lectures_batches/aaaaab.batch) [including 26ms in LoadMessage; 20ms in InitializeSparseNdw; 0ms in InitializeTheta; 0ms in CreateRegularizerAgents; 365ms in InferThetaAndUpdateNwtSparse; 5ms in CalculateScore(sparsity_theta_score); 106ms in CalculateScore(^^^ItemsProcessedScore^^^); ]
I1005 20:08:42.157869 2047873024 master_component.cc:1436] RegularizeModelArgs: rwt_target_name=rwt, pwt_source_name=pwt, nwt_source_name=nwt
I1005 20:08:42.157918 2047873024 master_component.cc:976] MasterComponent: start regularizing model pwt
I1005 20:08:42.180681 25919488 processor.cc:740] No data in processing queue, waiting...
I1005 20:08:42.277667 2047873024 master_component.cc:1002] MasterComponent: complete regularizing model pwt
I1005 20:08:42.277688 2047873024 master_component.cc:1449] NormalizeModelArgs: pwt_target_name=pwt, nwt_source_name=nwt, rwt_source_name=rwt
I1005 20:08:42.277693 2047873024 master_component.cc:1006] MasterComponent: start normalizing model nwt
I1005 20:08:42.370579 2047873024 master_component.cc:1034] MasterComponent: complete normalizing model nwt
I1005 20:08:42.466343 2047873024 master_component.cc:1473] DisposeModel rwt
I1005 20:08:42.483675 2047873024 master_component.cc:1059] FitOffline: ItemsProcessed, num_items=1728, num_batches=2, token_weight=808522, token_weight_in_effect=808522
I1005 20:08:42.490943 2047873024 c_interface.cc:231] ArtmCopyRequestedMessage is copying 1282 bytes...
I1005 20:08:50.012351 2047873024 c_interface.cc:231] ArtmCopyRequestedMessage is copying 1282 bytes...
I1005 20:08:54.412331 2047873024 c_interface.cc:231] ArtmCopyRequestedMessage is copying 1282 bytes...
I1005 20:09:03.875504 2047873024 c_interface.cc:231] ArtmCopyRequestedMessage is copying 1282 bytes...
I1005 20:09:10.500816 2047873024 c_interface.cc:231] ArtmCopyRequestedMessage is copying 1282 bytes...
I1005 20:09:40.500252 2047873024 c_interface.cc:231] ArtmCopyRequestedMessage is copying 1282 bytes...
I1005 20:09:40.517717 2047873024 c_interface.cc:231] ArtmCopyRequestedMessage is copying 1230 bytes...
I1005 20:09:44.467066 2047873024 c_interface.cc:231] ArtmCopyRequestedMessage is copying 1230 bytes...
I1005 20:09:58.314743 2047873024 c_interface.cc:231] ArtmCopyRequestedMessage is copying 1230 bytes...
I1005 20:09:58.329952 2047873024 c_interface.cc:231] ArtmCopyRequestedMessage is copying 1230 bytes...
I1005 20:11:03.414319 2047873024 c_interface.cc:231] ArtmCopyRequestedMessage is copying 1282 bytes...
I1005 20:11:03.430505 2047873024 c_interface.cc:231] ArtmCopyRequestedMessage is copying 1230 bytes...
I1005 20:11:06.121076 2047873024 c_interface.cc:389] Pass FitOfflineMasterModelArgs, batch_filename_size=2, batch_weight_size=2, num_collection_passes=1, reset_nwt=yes to MN4artm4core15MasterComponentEFvRKNS_25FitOfflineMasterModelArgsEE
I1005 20:11:06.121095 2047873024 master_component.cc:1398] ProcessBatchesArgs: nwt_target_name=nwt, batch_filename_size=2, batch_size=0, batch_weight_size=2, pwt_source_name=pwt, num_document_passes=10, regularizer=(name:SmoothSparsePhi, tau:100000), class=(text:1), class=(author:1), reuse_theta=no, opt_for_avx=yes, predict_class_id=, reset_nwt=yes
I1005 20:11:06.139170 26456064 processor.cc:747] Processing queue has data, processing started
I1005 20:11:06.139173 29138944 processor.cc:747] Processing queue has data, processing started
I1005 20:11:06.153524 26456064 processor.cc:820] Processor: start processing batch 9edcad93-fc16-44ef-babc-2bfdcae8eb5f into model nwt
I1005 20:11:06.166657 29138944 processor.cc:820] Processor: start processing batch 7bd3121e-fe96-4fbc-930e-80057f8f7861 into model nwt
I1005 20:11:06.382889 26456064 processor.cc:925] Processor: complete processing batch 9edcad93-fc16-44ef-babc-2bfdcae8eb5f into model nwt
I1005 20:11:06.386476 26456064 cuckoo_watch.h:45] 247ms in ProcessBatch(lectures_batches/aaaaaa.batch) [including 14ms in LoadMessage; 10ms in InitializeSparseNdw; 0ms in InitializeTheta; 0ms in CreateRegularizerAgents; 170ms in InferThetaAndUpdateNwtSparse; 3ms in CalculateScore(sparsity_theta_score); 44ms in CalculateScore(^^^ItemsProcessedScore^^^); ]
I1005 20:11:06.410567 26456064 processor.cc:740] No data in processing queue, waiting...
I1005 20:11:06.670333 29138944 processor.cc:925] Processor: complete processing batch 7bd3121e-fe96-4fbc-930e-80057f8f7861 into model nwt
I1005 20:11:06.676697 29138944 cuckoo_watch.h:45] 537ms in ProcessBatch(lectures_batches/aaaaab.batch) [including 27ms in LoadMessage; 21ms in InitializeSparseNdw; 0ms in InitializeTheta; 0ms in CreateRegularizerAgents; 362ms in InferThetaAndUpdateNwtSparse; 7ms in CalculateScore(sparsity_theta_score); 112ms in CalculateScore(^^^ItemsProcessedScore^^^); ]
I1005 20:11:06.676782 2047873024 master_component.cc:1436] RegularizeModelArgs: rwt_target_name=rwt, pwt_source_name=pwt, nwt_source_name=nwt
I1005 20:11:06.676803 2047873024 master_component.cc:976] MasterComponent: start regularizing model pwt
I1005 20:11:06.700821 29138944 processor.cc:740] No data in processing queue, waiting...
I1005 20:11:06.788966 2047873024 master_component.cc:1002] MasterComponent: complete regularizing model pwt
I1005 20:11:06.788990 2047873024 master_component.cc:1449] NormalizeModelArgs: pwt_target_name=pwt, nwt_source_name=nwt, rwt_source_name=rwt
I1005 20:11:06.788998 2047873024 master_component.cc:1006] MasterComponent: start normalizing model nwt
I1005 20:11:06.872457 2047873024 master_component.cc:1034] MasterComponent: complete normalizing model nwt
I1005 20:11:06.963997 2047873024 master_component.cc:1473] DisposeModel rwt
I1005 20:11:06.983091 2047873024 master_component.cc:1059] FitOffline: ItemsProcessed, num_items=1728, num_batches=2, token_weight=808522, token_weight_in_effect=808522
I1005 20:11:06.983333 2047873024 c_interface.cc:389] Pass FitOfflineMasterModelArgs, batch_filename_size=2, batch_weight_size=2, num_collection_passes=1, reset_nwt=yes to MN4artm4core15MasterComponentEFvRKNS_25FitOfflineMasterModelArgsEE
I1005 20:11:06.983345 2047873024 master_component.cc:1398] ProcessBatchesArgs: nwt_target_name=nwt, batch_filename_size=2, batch_size=0, batch_weight_size=2, pwt_source_name=pwt, num_document_passes=10, regularizer=(name:SmoothSparsePhi, tau:100000), class=(text:1), class=(author:1), reuse_theta=no, opt_for_avx=yes, predict_class_id=, reset_nwt=yes
I1005 20:11:07.001118 28602368 processor.cc:747] Processing queue has data, processing started
I1005 20:11:07.001147 29138944 processor.cc:747] Processing queue has data, processing started
I1005 20:11:07.014048 28602368 processor.cc:820] Processor: start processing batch 9edcad93-fc16-44ef-babc-2bfdcae8eb5f into model nwt
I1005 20:11:07.026010 29138944 processor.cc:820] Processor: start processing batch 7bd3121e-fe96-4fbc-930e-80057f8f7861 into model nwt
I1005 20:11:07.233860 28602368 processor.cc:925] Processor: complete processing batch 9edcad93-fc16-44ef-babc-2bfdcae8eb5f into model nwt
I1005 20:11:07.237908 28602368 cuckoo_watch.h:45] 236ms in ProcessBatch(lectures_batches/aaaaaa.batch) [including 12ms in LoadMessage; 8ms in InitializeSparseNdw; 0ms in InitializeTheta; 0ms in CreateRegularizerAgents; 157ms in InferThetaAndUpdateNwtSparse; 4ms in CalculateScore(sparsity_theta_score); 49ms in CalculateScore(^^^ItemsProcessedScore^^^); ]
I1005 20:11:07.261809 28602368 processor.cc:740] No data in processing queue, waiting...
I1005 20:11:07.531090 29138944 processor.cc:925] Processor: complete processing batch 7bd3121e-fe96-4fbc-930e-80057f8f7861 into model nwt
I1005 20:11:07.538029 29138944 cuckoo_watch.h:45] 536ms in ProcessBatch(lectures_batches/aaaaab.batch) [including 24ms in LoadMessage; 22ms in InitializeSparseNdw; 0ms in InitializeTheta; 0ms in CreateRegularizerAgents; 370ms in InferThetaAndUpdateNwtSparse; 6ms in CalculateScore(sparsity_theta_score); 105ms in CalculateScore(^^^ItemsProcessedScore^^^); ]
I1005 20:11:07.538936 2047873024 master_component.cc:1436] RegularizeModelArgs: rwt_target_name=rwt, pwt_source_name=pwt, nwt_source_name=nwt
I1005 20:11:07.538980 2047873024 master_component.cc:976] MasterComponent: start regularizing model pwt
I1005 20:11:07.561928 29138944 processor.cc:740] No data in processing queue, waiting...
I1005 20:11:07.662818 2047873024 master_component.cc:1002] MasterComponent: complete regularizing model pwt
I1005 20:11:07.662840 2047873024 master_component.cc:1449] NormalizeModelArgs: pwt_target_name=pwt, nwt_source_name=nwt, rwt_source_name=rwt
I1005 20:11:07.662848 2047873024 master_component.cc:1006] MasterComponent: start normalizing model nwt
I1005 20:11:07.754923 2047873024 master_component.cc:1034] MasterComponent: complete normalizing model nwt
I1005 20:11:07.839009 2047873024 master_component.cc:1473] DisposeModel rwt
I1005 20:11:07.859139 2047873024 master_component.cc:1059] FitOffline: ItemsProcessed, num_items=1728, num_batches=2, token_weight=808522, token_weight_in_effect=808522
I1005 20:11:07.859513 2047873024 c_interface.cc:389] Pass FitOfflineMasterModelArgs, batch_filename_size=2, batch_weight_size=2, num_collection_passes=1, reset_nwt=yes to MN4artm4core15MasterComponentEFvRKNS_25FitOfflineMasterModelArgsEE
I1005 20:11:07.859525 2047873024 master_component.cc:1398] ProcessBatchesArgs: nwt_target_name=nwt, batch_filename_size=2, batch_size=0, batch_weight_size=2, pwt_source_name=pwt, num_document_passes=10, regularizer=(name:SmoothSparsePhi, tau:100000), class=(text:1), class=(author:1), reuse_theta=no, opt_for_avx=yes, predict_class_id=, reset_nwt=yes
I1005 20:11:07.877713 28065792 processor.cc:747] Processing queue has data, processing started
I1005 20:11:07.877715 27529216 processor.cc:747] Processing queue has data, processing started
I1005 20:11:07.890877 28065792 processor.cc:820] Processor: start processing batch 9edcad93-fc16-44ef-babc-2bfdcae8eb5f into model nwt
I1005 20:11:07.901301 27529216 processor.cc:820] Processor: start processing batch 7bd3121e-fe96-4fbc-930e-80057f8f7861 into model nwt
I1005 20:11:08.119428 28065792 processor.cc:925] Processor: complete processing batch 9edcad93-fc16-44ef-babc-2bfdcae8eb5f into model nwt
I1005 20:11:08.123234 28065792 cuckoo_watch.h:45] 245ms in ProcessBatch(lectures_batches/aaaaaa.batch) [including 13ms in LoadMessage; 7ms in InitializeSparseNdw; 0ms in InitializeTheta; 0ms in CreateRegularizerAgents; 169ms in InferThetaAndUpdateNwtSparse; 3ms in CalculateScore(sparsity_theta_score); 47ms in CalculateScore(^^^ItemsProcessedScore^^^); ]
I1005 20:11:08.147308 28065792 processor.cc:740] No data in processing queue, waiting...
I1005 20:11:08.408567 27529216 processor.cc:925] Processor: complete processing batch 7bd3121e-fe96-4fbc-930e-80057f8f7861 into model nwt
I1005 20:11:08.414777 27529216 cuckoo_watch.h:45] 537ms in ProcessBatch(lectures_batches/aaaaab.batch) [including 23ms in LoadMessage; 21ms in InitializeSparseNdw; 0ms in InitializeTheta; 0ms in CreateRegularizerAgents; 367ms in InferThetaAndUpdateNwtSparse; 6ms in CalculateScore(sparsity_theta_score); 111ms in CalculateScore(^^^ItemsProcessedScore^^^); ]
I1005 20:11:08.415845 2047873024 master_component.cc:1436] RegularizeModelArgs: rwt_target_name=rwt, pwt_source_name=pwt, nwt_source_name=nwt
I1005 20:11:08.415868 2047873024 master_component.cc:976] MasterComponent: start regularizing model pwt
I1005 20:11:08.438560 27529216 processor.cc:740] No data in processing queue, waiting...
I1005 20:11:08.531649 2047873024 master_component.cc:1002] MasterComponent: complete regularizing model pwt
I1005 20:11:08.531667 2047873024 master_component.cc:1449] NormalizeModelArgs: pwt_target_name=pwt, nwt_source_name=nwt, rwt_source_name=rwt
I1005 20:11:08.531673 2047873024 master_component.cc:1006] MasterComponent: start normalizing model nwt
I1005 20:11:08.613512 2047873024 master_component.cc:1034] MasterComponent: complete normalizing model nwt
I1005 20:11:08.695449 2047873024 master_component.cc:1473] DisposeModel rwt
I1005 20:11:08.715189 2047873024 master_component.cc:1059] FitOffline: ItemsProcessed, num_items=1728, num_batches=2, token_weight=808522, token_weight_in_effect=808522
I1005 20:11:08.715447 2047873024 c_interface.cc:389] Pass FitOfflineMasterModelArgs, batch_filename_size=2, batch_weight_size=2, num_collection_passes=1, reset_nwt=yes to MN4artm4core15MasterComponentEFvRKNS_25FitOfflineMasterModelArgsEE
I1005 20:11:08.715462 2047873024 master_component.cc:1398] ProcessBatchesArgs: nwt_target_name=nwt, batch_filename_size=2, batch_size=0, batch_weight_size=2, pwt_source_name=pwt, num_document_passes=10, regularizer=(name:SmoothSparsePhi, tau:100000), class=(text:1), class=(author:1), reuse_theta=no, opt_for_avx=yes, predict_class_id=, reset_nwt=yes
I1005 20:11:08.736706 25919488 processor.cc:747] Processing queue has data, processing started
I1005 20:11:08.736732 29675520 processor.cc:747] Processing queue has data, processing started
I1005 20:11:08.751535 25919488 processor.cc:820] Processor: start processing batch 9edcad93-fc16-44ef-babc-2bfdcae8eb5f into model nwt
I1005 20:11:08.761431 29675520 processor.cc:820] Processor: start processing batch 7bd3121e-fe96-4fbc-930e-80057f8f7861 into model nwt
I1005 20:11:08.970707 25919488 processor.cc:925] Processor: complete processing batch 9edcad93-fc16-44ef-babc-2bfdcae8eb5f into model nwt
I1005 20:11:08.974452 25919488 cuckoo_watch.h:45] 237ms in ProcessBatch(lectures_batches/aaaaaa.batch) [including 14ms in LoadMessage; 7ms in InitializeSparseNdw; 0ms in InitializeTheta; 0ms in CreateRegularizerAgents; 158ms in InferThetaAndUpdateNwtSparse; 4ms in CalculateScore(sparsity_theta_score); 49ms in CalculateScore(^^^ItemsProcessedScore^^^); ]
I1005 20:11:08.998754 25919488 processor.cc:740] No data in processing queue, waiting...
I1005 20:11:09.269145 29675520 processor.cc:925] Processor: complete processing batch 7bd3121e-fe96-4fbc-930e-80057f8f7861 into model nwt
I1005 20:11:09.275990 29675520 cuckoo_watch.h:45] 539ms in ProcessBatch(lectures_batches/aaaaab.batch) [including 24ms in LoadMessage; 19ms in InitializeSparseNdw; 0ms in InitializeTheta; 0ms in CreateRegularizerAgents; 368ms in InferThetaAndUpdateNwtSparse; 5ms in CalculateScore(sparsity_theta_score); 114ms in CalculateScore(^^^ItemsProcessedScore^^^); ]
I1005 20:11:09.276060 2047873024 master_component.cc:1436] RegularizeModelArgs: rwt_target_name=rwt, pwt_source_name=pwt, nwt_source_name=nwt
I1005 20:11:09.276074 2047873024 master_component.cc:976] MasterComponent: start regularizing model pwt
I1005 20:11:09.299348 29675520 processor.cc:740] No data in processing queue, waiting...
I1005 20:11:09.397928 2047873024 master_component.cc:1002] MasterComponent: complete regularizing model pwt
I1005 20:11:09.397953 2047873024 master_component.cc:1449] NormalizeModelArgs: pwt_target_name=pwt, nwt_source_name=nwt, rwt_source_name=rwt
I1005 20:11:09.397992 2047873024 master_component.cc:1006] MasterComponent: start normalizing model nwt
I1005 20:11:09.493391 2047873024 master_component.cc:1034] MasterComponent: complete normalizing model nwt
I1005 20:11:09.577106 2047873024 master_component.cc:1473] DisposeModel rwt
I1005 20:11:09.598011 2047873024 master_component.cc:1059] FitOffline: ItemsProcessed, num_items=1728, num_batches=2, token_weight=808522, token_weight_in_effect=808522
I1005 20:11:09.598292 2047873024 c_interface.cc:389] Pass FitOfflineMasterModelArgs, batch_filename_size=2, batch_weight_size=2, num_collection_passes=1, reset_nwt=yes to MN4artm4core15MasterComponentEFvRKNS_25FitOfflineMasterModelArgsEE
I1005 20:11:09.598309 2047873024 master_component.cc:1398] ProcessBatchesArgs: nwt_target_name=nwt, batch_filename_size=2, batch_size=0, batch_weight_size=2, pwt_source_name=pwt, num_document_passes=10, regularizer=(name:SmoothSparsePhi, tau:100000), class=(text:1), class=(author:1), reuse_theta=no, opt_for_avx=yes, predict_class_id=, reset_nwt=yes
I1005 20:11:09.620430 26992640 processor.cc:747] Processing queue has data, processing started
I1005 20:11:09.620419 25919488 processor.cc:747] Processing queue has data, processing started
I1005 20:11:09.635713 25919488 processor.cc:820] Processor: start processing batch 9edcad93-fc16-44ef-babc-2bfdcae8eb5f into model nwt
I1005 20:11:09.645880 26992640 processor.cc:820] Processor: start processing batch 7bd3121e-fe96-4fbc-930e-80057f8f7861 into model nwt
I1005 20:11:09.859621 25919488 processor.cc:925] Processor: complete processing batch 9edcad93-fc16-44ef-babc-2bfdcae8eb5f into model nwt
I1005 20:11:09.863554 25919488 cuckoo_watch.h:45] 243ms in ProcessBatch(lectures_batches/aaaaaa.batch) [including 15ms in LoadMessage; 8ms in InitializeSparseNdw; 0ms in InitializeTheta; 0ms in CreateRegularizerAgents; 169ms in InferThetaAndUpdateNwtSparse; 3ms in CalculateScore(sparsity_theta_score); 42ms in CalculateScore(^^^ItemsProcessedScore^^^); ]
I1005 20:11:09.887431 25919488 processor.cc:740] No data in processing queue, waiting...
I1005 20:11:10.119189 26992640 processor.cc:925] Processor: complete processing batch 7bd3121e-fe96-4fbc-930e-80057f8f7861 into model nwt
I1005 20:11:10.124960 26992640 cuckoo_watch.h:45] 504ms in ProcessBatch(lectures_batches/aaaaab.batch) [including 25ms in LoadMessage; 21ms in InitializeSparseNdw; 0ms in InitializeTheta; 0ms in CreateRegularizerAgents; 348ms in InferThetaAndUpdateNwtSparse; 5ms in CalculateScore(sparsity_theta_score); 97ms in CalculateScore(^^^ItemsProcessedScore^^^); ]
I1005 20:11:10.125916 2047873024 master_component.cc:1436] RegularizeModelArgs: rwt_target_name=rwt, pwt_source_name=pwt, nwt_source_name=nwt
I1005 20:11:10.125948 2047873024 master_component.cc:976] MasterComponent: start regularizing model pwt
I1005 20:11:10.148993 26992640 processor.cc:740] No data in processing queue, waiting...
I1005 20:11:10.246505 2047873024 master_component.cc:1002] MasterComponent: complete regularizing model pwt
I1005 20:11:10.246527 2047873024 master_component.cc:1449] NormalizeModelArgs: pwt_target_name=pwt, nwt_source_name=nwt, rwt_source_name=rwt
I1005 20:11:10.246536 2047873024 master_component.cc:1006] MasterComponent: start normalizing model nwt
I1005 20:11:10.335554 2047873024 master_component.cc:1034] MasterComponent: complete normalizing model nwt
I1005 20:11:10.414770 2047873024 master_component.cc:1473] DisposeModel rwt
I1005 20:11:10.434700 2047873024 master_component.cc:1059] FitOffline: ItemsProcessed, num_items=1728, num_batches=2, token_weight=808522, token_weight_in_effect=808522
I1005 20:11:10.434937 2047873024 c_interface.cc:389] Pass FitOfflineMasterModelArgs, batch_filename_size=2, batch_weight_size=2, num_collection_passes=1, reset_nwt=yes to MN4artm4core15MasterComponentEFvRKNS_25FitOfflineMasterModelArgsEE
I1005 20:11:10.434952 2047873024 master_component.cc:1398] ProcessBatchesArgs: nwt_target_name=nwt, batch_filename_size=2, batch_size=0, batch_weight_size=2, pwt_source_name=pwt, num_document_passes=10, regularizer=(name:SmoothSparsePhi, tau:100000), class=(text:1), class=(author:1), reuse_theta=no, opt_for_avx=yes, predict_class_id=, reset_nwt=yes
I1005 20:11:10.454773 29675520 processor.cc:747] Processing queue has data, processing started
I1005 20:11:10.454782 27529216 processor.cc:747] Processing queue has data, processing started
I1005 20:11:10.468498 29675520 processor.cc:820] Processor: start processing batch 9edcad93-fc16-44ef-babc-2bfdcae8eb5f into model nwt
I1005 20:11:10.478497 27529216 processor.cc:820] Processor: start processing batch 7bd3121e-fe96-4fbc-930e-80057f8f7861 into model nwt
I1005 20:11:10.685503 29675520 processor.cc:925] Processor: complete processing batch 9edcad93-fc16-44ef-babc-2bfdcae8eb5f into model nwt
I1005 20:11:10.689347 29675520 cuckoo_watch.h:45] 234ms in ProcessBatch(lectures_batches/aaaaaa.batch) [including 13ms in LoadMessage; 7ms in InitializeSparseNdw; 0ms in InitializeTheta; 0ms in CreateRegularizerAgents; 160ms in InferThetaAndUpdateNwtSparse; 4ms in CalculateScore(sparsity_theta_score); 44ms in CalculateScore(^^^ItemsProcessedScore^^^); ]
I1005 20:11:10.713084 29675520 processor.cc:740] No data in processing queue, waiting...
I1005 20:11:10.967777 27529216 processor.cc:925] Processor: complete processing batch 7bd3121e-fe96-4fbc-930e-80057f8f7861 into model nwt
I1005 20:11:10.973925 27529216 cuckoo_watch.h:45] 519ms in ProcessBatch(lectures_batches/aaaaab.batch) [including 23ms in LoadMessage; 20ms in InitializeSparseNdw; 0ms in InitializeTheta; 0ms in CreateRegularizerAgents; 361ms in InferThetaAndUpdateNwtSparse; 5ms in CalculateScore(sparsity_theta_score); 101ms in CalculateScore(^^^ItemsProcessedScore^^^); ]
I1005 20:11:10.974978 2047873024 master_component.cc:1436] RegularizeModelArgs: rwt_target_name=rwt, pwt_source_name=pwt, nwt_source_name=nwt
I1005 20:11:10.975020 2047873024 master_component.cc:976] MasterComponent: start regularizing model pwt
I1005 20:11:10.997802 27529216 processor.cc:740] No data in processing queue, waiting...
I1005 20:11:11.101274 2047873024 master_component.cc:1002] MasterComponent: complete regularizing model pwt
I1005 20:11:11.101294 2047873024 master_component.cc:1449] NormalizeModelArgs: pwt_target_name=pwt, nwt_source_name=nwt, rwt_source_name=rwt
I1005 20:11:11.101300 2047873024 master_component.cc:1006] MasterComponent: start normalizing model nwt
I1005 20:11:11.187822 2047873024 master_component.cc:1034] MasterComponent: complete normalizing model nwt
I1005 20:11:11.277390 2047873024 master_component.cc:1473] DisposeModel rwt
I1005 20:11:11.296695 2047873024 master_component.cc:1059] FitOffline: ItemsProcessed, num_items=1728, num_batches=2, token_weight=808522, token_weight_in_effect=808522
I1005 20:11:11.296959 2047873024 c_interface.cc:389] Pass FitOfflineMasterModelArgs, batch_filename_size=2, batch_weight_size=2, num_collection_passes=1, reset_nwt=yes to MN4artm4core15MasterComponentEFvRKNS_25FitOfflineMasterModelArgsEE
I1005 20:11:11.296973 2047873024 master_component.cc:1398] ProcessBatchesArgs: nwt_target_name=nwt, batch_filename_size=2, batch_size=0, batch_weight_size=2, pwt_source_name=pwt, num_document_passes=10, regularizer=(name:SmoothSparsePhi, tau:100000), class=(text:1), class=(author:1), reuse_theta=no, opt_for_avx=yes, predict_class_id=, reset_nwt=yes
I1005 20:11:11.316130 28065792 processor.cc:747] Processing queue has data, processing started
I1005 20:11:11.316829 28602368 processor.cc:747] Processing queue has data, processing started
I1005 20:11:11.329728 28065792 processor.cc:820] Processor: start processing batch 9edcad93-fc16-44ef-babc-2bfdcae8eb5f into model nwt
I1005 20:11:11.340369 28602368 processor.cc:820] Processor: start processing batch 7bd3121e-fe96-4fbc-930e-80057f8f7861 into model nwt
I1005 20:11:11.561203 28065792 processor.cc:925] Processor: complete processing batch 9edcad93-fc16-44ef-babc-2bfdcae8eb5f into model nwt
I1005 20:11:11.564970 28065792 cuckoo_watch.h:45] 248ms in ProcessBatch(lectures_batches/aaaaaa.batch) [including 13ms in LoadMessage; 8ms in InitializeSparseNdw; 0ms in InitializeTheta; 0ms in CreateRegularizerAgents; 168ms in InferThetaAndUpdateNwtSparse; 4ms in CalculateScore(sparsity_theta_score); 49ms in CalculateScore(^^^ItemsProcessedScore^^^); ]
I1005 20:11:11.589133 28065792 processor.cc:740] No data in processing queue, waiting...
I1005 20:11:11.851786 28602368 processor.cc:925] Processor: complete processing batch 7bd3121e-fe96-4fbc-930e-80057f8f7861 into model nwt
I1005 20:11:11.858273 28602368 cuckoo_watch.h:45] 541ms in ProcessBatch(lectures_batches/aaaaab.batch) [including 23ms in LoadMessage; 21ms in InitializeSparseNdw; 0ms in InitializeTheta; 0ms in CreateRegularizerAgents; 369ms in InferThetaAndUpdateNwtSparse; 6ms in CalculateScore(sparsity_theta_score); 113ms in CalculateScore(^^^ItemsProcessedScore^^^); ]
I1005 20:11:11.858717 2047873024 master_component.cc:1436] RegularizeModelArgs: rwt_target_name=rwt, pwt_source_name=pwt, nwt_source_name=nwt
I1005 20:11:11.858762 2047873024 master_component.cc:976] MasterComponent: start regularizing model pwt
I1005 20:11:11.882349 28602368 processor.cc:740] No data in processing queue, waiting...
I1005 20:11:11.978075 2047873024 master_component.cc:1002] MasterComponent: complete regularizing model pwt
I1005 20:11:11.978096 2047873024 master_component.cc:1449] NormalizeModelArgs: pwt_target_name=pwt, nwt_source_name=nwt, rwt_source_name=rwt
I1005 20:11:11.978102 2047873024 master_component.cc:1006] MasterComponent: start normalizing model nwt
I1005 20:11:12.070561 2047873024 master_component.cc:1034] MasterComponent: complete normalizing model nwt
I1005 20:11:12.155309 2047873024 master_component.cc:1473] DisposeModel rwt
I1005 20:11:12.173486 2047873024 master_component.cc:1059] FitOffline: ItemsProcessed, num_items=1728, num_batches=2, token_weight=808522, token_weight_in_effect=808522
I1005 20:11:12.173719 2047873024 c_interface.cc:389] Pass FitOfflineMasterModelArgs, batch_filename_size=2, batch_weight_size=2, num_collection_passes=1, reset_nwt=yes to MN4artm4core15MasterComponentEFvRKNS_25FitOfflineMasterModelArgsEE
I1005 20:11:12.173732 2047873024 master_component.cc:1398] ProcessBatchesArgs: nwt_target_name=nwt, batch_filename_size=2, batch_size=0, batch_weight_size=2, pwt_source_name=pwt, num_document_passes=10, regularizer=(name:SmoothSparsePhi, tau:100000), class=(text:1), class=(author:1), reuse_theta=no, opt_for_avx=yes, predict_class_id=, reset_nwt=yes
I1005 20:11:12.195152 26992640 processor.cc:747] Processing queue has data, processing started
I1005 20:11:12.195161 27529216 processor.cc:747] Processing queue has data, processing started
I1005 20:11:12.210319 26992640 processor.cc:820] Processor: start processing batch 9edcad93-fc16-44ef-babc-2bfdcae8eb5f into model nwt
I1005 20:11:12.220541 27529216 processor.cc:820] Processor: start processing batch 7bd3121e-fe96-4fbc-930e-80057f8f7861 into model nwt
I1005 20:11:12.440315 26992640 processor.cc:925] Processor: complete processing batch 9edcad93-fc16-44ef-babc-2bfdcae8eb5f into model nwt
I1005 20:11:12.444541 26992640 cuckoo_watch.h:45] 249ms in ProcessBatch(lectures_batches/aaaaaa.batch) [including 15ms in LoadMessage; 8ms in InitializeSparseNdw; 0ms in InitializeTheta; 0ms in CreateRegularizerAgents; 169ms in InferThetaAndUpdateNwtSparse; 4ms in CalculateScore(sparsity_theta_score); 47ms in CalculateScore(^^^ItemsProcessedScore^^^); ]
I1005 20:11:12.468691 26992640 processor.cc:740] No data in processing queue, waiting...
I1005 20:11:12.734784 27529216 processor.cc:925] Processor: complete processing batch 7bd3121e-fe96-4fbc-930e-80057f8f7861 into model nwt
I1005 20:11:12.741294 27529216 cuckoo_watch.h:45] 546ms in ProcessBatch(lectures_batches/aaaaab.batch) [including 25ms in LoadMessage; 21ms in InitializeSparseNdw; 0ms in InitializeTheta; 0ms in CreateRegularizerAgents; 376ms in InferThetaAndUpdateNwtSparse; 6ms in CalculateScore(sparsity_theta_score); 109ms in CalculateScore(^^^ItemsProcessedScore^^^); ]
I1005 20:11:12.742298 2047873024 master_component.cc:1436] RegularizeModelArgs: rwt_target_name=rwt, pwt_source_name=pwt, nwt_source_name=nwt
I1005 20:11:12.742354 2047873024 master_component.cc:976] MasterComponent: start regularizing model pwt
I1005 20:11:12.765048 27529216 processor.cc:740] No data in processing queue, waiting...
I1005 20:11:12.868474 2047873024 master_component.cc:1002] MasterComponent: complete regularizing model pwt
I1005 20:11:12.868496 2047873024 master_component.cc:1449] NormalizeModelArgs: pwt_target_name=pwt, nwt_source_name=nwt, rwt_source_name=rwt
I1005 20:11:12.868504 2047873024 master_component.cc:1006] MasterComponent: start normalizing model nwt
I1005 20:11:12.962733 2047873024 master_component.cc:1034] MasterComponent: complete normalizing model nwt
I1005 20:11:13.043092 2047873024 master_component.cc:1473] DisposeModel rwt
I1005 20:11:13.061364 2047873024 master_component.cc:1059] FitOffline: ItemsProcessed, num_items=1728, num_batches=2, token_weight=808522, token_weight_in_effect=808522
I1005 20:11:13.061632 2047873024 c_interface.cc:389] Pass FitOfflineMasterModelArgs, batch_filename_size=2, batch_weight_size=2, num_collection_passes=1, reset_nwt=yes to MN4artm4core15MasterComponentEFvRKNS_25FitOfflineMasterModelArgsEE
I1005 20:11:13.061647 2047873024 master_component.cc:1398] ProcessBatchesArgs: nwt_target_name=nwt, batch_filename_size=2, batch_size=0, batch_weight_size=2, pwt_source_name=pwt, num_document_passes=10, regularizer=(name:SmoothSparsePhi, tau:100000), class=(text:1), class=(author:1), reuse_theta=no, opt_for_avx=yes, predict_class_id=, reset_nwt=yes
I1005 20:11:13.080262 26456064 processor.cc:747] Processing queue has data, processing started
I1005 20:11:13.080255 25919488 processor.cc:747] Processing queue has data, processing started
I1005 20:11:13.095765 25919488 processor.cc:820] Processor: start processing batch 9edcad93-fc16-44ef-babc-2bfdcae8eb5f into model nwt
I1005 20:11:13.105746 26456064 processor.cc:820] Processor: start processing batch 7bd3121e-fe96-4fbc-930e-80057f8f7861 into model nwt
I1005 20:11:13.322813 25919488 processor.cc:925] Processor: complete processing batch 9edcad93-fc16-44ef-babc-2bfdcae8eb5f into model nwt
I1005 20:11:13.326575 25919488 cuckoo_watch.h:45] 246ms in ProcessBatch(lectures_batches/aaaaaa.batch) [including 15ms in LoadMessage; 7ms in InitializeSparseNdw; 0ms in InitializeTheta; 0ms in CreateRegularizerAgents; 168ms in InferThetaAndUpdateNwtSparse; 3ms in CalculateScore(sparsity_theta_score); 47ms in CalculateScore(^^^ItemsProcessedScore^^^); ]
I1005 20:11:13.350908 25919488 processor.cc:740] No data in processing queue, waiting...
I1005 20:11:13.621450 26456064 processor.cc:925] Processor: complete processing batch 7bd3121e-fe96-4fbc-930e-80057f8f7861 into model nwt
I1005 20:11:13.627599 26456064 cuckoo_watch.h:45] 547ms in ProcessBatch(lectures_batches/aaaaab.batch) [including 25ms in LoadMessage; 21ms in InitializeSparseNdw; 0ms in InitializeTheta; 0ms in CreateRegularizerAgents; 375ms in InferThetaAndUpdateNwtSparse; 6ms in CalculateScore(sparsity_theta_score); 112ms in CalculateScore(^^^ItemsProcessedScore^^^); ]
I1005 20:11:13.629060 2047873024 master_component.cc:1436] RegularizeModelArgs: rwt_target_name=rwt, pwt_source_name=pwt, nwt_source_name=nwt
I1005 20:11:13.629097 2047873024 master_component.cc:976] MasterComponent: start regularizing model pwt
I1005 20:11:13.651598 26456064 processor.cc:740] No data in processing queue, waiting...
I1005 20:11:13.751709 2047873024 master_component.cc:1002] MasterComponent: complete regularizing model pwt
I1005 20:11:13.751729 2047873024 master_component.cc:1449] NormalizeModelArgs: pwt_target_name=pwt, nwt_source_name=nwt, rwt_source_name=rwt
I1005 20:11:13.751734 2047873024 master_component.cc:1006] MasterComponent: start normalizing model nwt
I1005 20:11:13.841821 2047873024 master_component.cc:1034] MasterComponent: complete normalizing model nwt
I1005 20:11:13.924240 2047873024 master_component.cc:1473] DisposeModel rwt
I1005 20:11:13.946893 2047873024 master_component.cc:1059] FitOffline: ItemsProcessed, num_items=1728, num_batches=2, token_weight=808522, token_weight_in_effect=808522
I1005 20:11:13.947155 2047873024 c_interface.cc:389] Pass FitOfflineMasterModelArgs, batch_filename_size=2, batch_weight_size=2, num_collection_passes=1, reset_nwt=yes to MN4artm4core15MasterComponentEFvRKNS_25FitOfflineMasterModelArgsEE
I1005 20:11:13.947196 2047873024 master_component.cc:1398] ProcessBatchesArgs: nwt_target_name=nwt, batch_filename_size=2, batch_size=0, batch_weight_size=2, pwt_source_name=pwt, num_document_passes=10, regularizer=(name:SmoothSparsePhi, tau:100000), class=(text:1), class=(author:1), reuse_theta=no, opt_for_avx=yes, predict_class_id=, reset_nwt=yes
I1005 20:11:13.966830 28602368 processor.cc:747] Processing queue has data, processing started
I1005 20:11:13.966817 27529216 processor.cc:747] Processing queue has data, processing started
I1005 20:11:13.980655 27529216 processor.cc:820] Processor: start processing batch 9edcad93-fc16-44ef-babc-2bfdcae8eb5f into model nwt
I1005 20:11:13.991649 28602368 processor.cc:820] Processor: start processing batch 7bd3121e-fe96-4fbc-930e-80057f8f7861 into model nwt
I1005 20:11:14.217588 27529216 processor.cc:925] Processor: complete processing batch 9edcad93-fc16-44ef-babc-2bfdcae8eb5f into model nwt
I1005 20:11:14.221611 27529216 cuckoo_watch.h:45] 254ms in ProcessBatch(lectures_batches/aaaaaa.batch) [including 13ms in LoadMessage; 8ms in InitializeSparseNdw; 0ms in InitializeTheta; 0ms in CreateRegularizerAgents; 172ms in InferThetaAndUpdateNwtSparse; 4ms in CalculateScore(sparsity_theta_score); 51ms in CalculateScore(^^^ItemsProcessedScore^^^); ]
I1005 20:11:14.245265 27529216 processor.cc:740] No data in processing queue, waiting...
I1005 20:11:14.504670 28602368 processor.cc:925] Processor: complete processing batch 7bd3121e-fe96-4fbc-930e-80057f8f7861 into model nwt
I1005 20:11:14.510888 28602368 cuckoo_watch.h:45] 544ms in ProcessBatch(lectures_batches/aaaaab.batch) [including 24ms in LoadMessage; 22ms in InitializeSparseNdw; 0ms in InitializeTheta; 0ms in CreateRegularizerAgents; 376ms in InferThetaAndUpdateNwtSparse; 6ms in CalculateScore(sparsity_theta_score); 106ms in CalculateScore(^^^ItemsProcessedScore^^^); ]
I1005 20:11:14.511358 2047873024 master_component.cc:1436] RegularizeModelArgs: rwt_target_name=rwt, pwt_source_name=pwt, nwt_source_name=nwt
I1005 20:11:14.511374 2047873024 master_component.cc:976] MasterComponent: start regularizing model pwt
I1005 20:11:14.533977 28602368 processor.cc:740] No data in processing queue, waiting...
I1005 20:11:14.631342 2047873024 master_component.cc:1002] MasterComponent: complete regularizing model pwt
I1005 20:11:14.631364 2047873024 master_component.cc:1449] NormalizeModelArgs: pwt_target_name=pwt, nwt_source_name=nwt, rwt_source_name=rwt
I1005 20:11:14.631372 2047873024 master_component.cc:1006] MasterComponent: start normalizing model nwt
I1005 20:11:14.720113 2047873024 master_component.cc:1034] MasterComponent: complete normalizing model nwt
I1005 20:11:14.807358 2047873024 master_component.cc:1473] DisposeModel rwt
I1005 20:11:14.829016 2047873024 master_component.cc:1059] FitOffline: ItemsProcessed, num_items=1728, num_batches=2, token_weight=808522, token_weight_in_effect=808522
I1005 20:11:15.024286 2047873024 c_interface.cc:231] ArtmCopyRequestedMessage is copying 1712 bytes...
I1005 20:11:15.042171 2047873024 c_interface.cc:231] ArtmCopyRequestedMessage is copying 1640 bytes...
I1005 20:11:35.426810 2047873024 c_interface.cc:389] Pass MasterModelConfig: topic_name_size=30, class=(text:1), class=(author:1), score_config_size=6, num_processors=0, pwt_name=pwt, nwt_name=nwt, num_document_passes=10, regularizer=(SmoothSparsePhi:100000), regularizer=(SmoothSparcePhi_sbj:-100000), reuse_theta=no, cache_theta=no, opt_for_avx=yes, disk_cache_path= to MN4artm4core15MasterComponentEFvRKNS_17MasterModelConfigEE
I1005 20:11:35.427597 2047873024 instance.cc:401] MasterModelConfig.processors_count is automatically set to 8
I1005 20:11:35.427659 2047873024 instance.cc:232] Regularizer 'SmoothSparsePhi' was cold-reconfigured
I1005 20:11:35.427671 2047873024 instance.cc:232] Regularizer 'SmoothSparcePhi_sbj' was cold-reconfigured
I1005 20:11:36.772800 2047873024 c_interface.cc:389] Pass FitOfflineMasterModelArgs, batch_filename_size=2, batch_weight_size=2, num_collection_passes=1, reset_nwt=yes to MN4artm4core15MasterComponentEFvRKNS_25FitOfflineMasterModelArgsEE
I1005 20:11:36.772822 2047873024 master_component.cc:1398] ProcessBatchesArgs: nwt_target_name=nwt, batch_filename_size=2, batch_size=0, batch_weight_size=2, pwt_source_name=pwt, num_document_passes=10, regularizer=(name:SmoothSparsePhi, tau:100000), regularizer=(name:SmoothSparcePhi_sbj, tau:-100000), class=(text:1), class=(author:1), reuse_theta=no, opt_for_avx=yes, predict_class_id=, reset_nwt=yes
I1005 20:11:36.791335 28065792 processor.cc:747] Processing queue has data, processing started
I1005 20:11:36.791349 29675520 processor.cc:747] Processing queue has data, processing started
I1005 20:11:36.805727 28065792 processor.cc:820] Processor: start processing batch 9edcad93-fc16-44ef-babc-2bfdcae8eb5f into model nwt
I1005 20:11:36.817131 29675520 processor.cc:820] Processor: start processing batch 7bd3121e-fe96-4fbc-930e-80057f8f7861 into model nwt
I1005 20:11:37.031247 28065792 processor.cc:925] Processor: complete processing batch 9edcad93-fc16-44ef-babc-2bfdcae8eb5f into model nwt
I1005 20:11:37.035470 28065792 cuckoo_watch.h:45] 244ms in ProcessBatch(lectures_batches/aaaaaa.batch) [including 14ms in LoadMessage; 8ms in InitializeSparseNdw; 0ms in InitializeTheta; 0ms in CreateRegularizerAgents; 164ms in InferThetaAndUpdateNwtSparse; 3ms in CalculateScore(sparsity_theta_score); 48ms in CalculateScore(^^^ItemsProcessedScore^^^); ]
I1005 20:11:37.059764 28065792 processor.cc:740] No data in processing queue, waiting...
I1005 20:11:37.308851 29675520 processor.cc:925] Processor: complete processing batch 7bd3121e-fe96-4fbc-930e-80057f8f7861 into model nwt
I1005 20:11:37.314888 29675520 cuckoo_watch.h:45] 523ms in ProcessBatch(lectures_batches/aaaaab.batch) [including 25ms in LoadMessage; 21ms in InitializeSparseNdw; 0ms in InitializeTheta; 0ms in CreateRegularizerAgents; 361ms in InferThetaAndUpdateNwtSparse; 5ms in CalculateScore(sparsity_theta_score); 102ms in CalculateScore(^^^ItemsProcessedScore^^^); ]
I1005 20:11:37.316242 2047873024 master_component.cc:1436] RegularizeModelArgs: rwt_target_name=rwt, pwt_source_name=pwt, nwt_source_name=nwt
I1005 20:11:37.316320 2047873024 master_component.cc:976] MasterComponent: start regularizing model pwt
I1005 20:11:37.338925 29675520 processor.cc:740] No data in processing queue, waiting...
I1005 20:11:37.488145 2047873024 master_component.cc:1002] MasterComponent: complete regularizing model pwt
I1005 20:11:37.488162 2047873024 master_component.cc:1449] NormalizeModelArgs: pwt_target_name=pwt, nwt_source_name=nwt, rwt_source_name=rwt
I1005 20:11:37.488168 2047873024 master_component.cc:1006] MasterComponent: start normalizing model nwt
I1005 20:11:37.567531 2047873024 master_component.cc:1034] MasterComponent: complete normalizing model nwt
I1005 20:11:37.631899 2047873024 master_component.cc:1473] DisposeModel rwt
I1005 20:11:37.650368 2047873024 master_component.cc:1059] FitOffline: ItemsProcessed, num_items=1728, num_batches=2, token_weight=808522, token_weight_in_effect=808522
I1005 20:11:37.650624 2047873024 c_interface.cc:389] Pass FitOfflineMasterModelArgs, batch_filename_size=2, batch_weight_size=2, num_collection_passes=1, reset_nwt=yes to MN4artm4core15MasterComponentEFvRKNS_25FitOfflineMasterModelArgsEE
I1005 20:11:37.650636 2047873024 master_component.cc:1398] ProcessBatchesArgs: nwt_target_name=nwt, batch_filename_size=2, batch_size=0, batch_weight_size=2, pwt_source_name=pwt, num_document_passes=10, regularizer=(name:SmoothSparsePhi, tau:100000), regularizer=(name:SmoothSparcePhi_sbj, tau:-100000), class=(text:1), class=(author:1), reuse_theta=no, opt_for_avx=yes, predict_class_id=, reset_nwt=yes
I1005 20:11:37.669198 26456064 processor.cc:747] Processing queue has data, processing started
I1005 20:11:37.669195 28602368 processor.cc:747] Processing queue has data, processing started
I1005 20:11:37.682471 26456064 processor.cc:820] Processor: start processing batch 9edcad93-fc16-44ef-babc-2bfdcae8eb5f into model nwt
I1005 20:11:37.693148 28602368 processor.cc:820] Processor: start processing batch 7bd3121e-fe96-4fbc-930e-80057f8f7861 into model nwt
I1005 20:11:37.908262 26456064 processor.cc:925] Processor: complete processing batch 9edcad93-fc16-44ef-babc-2bfdcae8eb5f into model nwt
I1005 20:11:37.912150 26456064 cuckoo_watch.h:45] 242ms in ProcessBatch(lectures_batches/aaaaaa.batch) [including 13ms in LoadMessage; 7ms in InitializeSparseNdw; 0ms in InitializeTheta; 0ms in CreateRegularizerAgents; 166ms in InferThetaAndUpdateNwtSparse; 4ms in CalculateScore(sparsity_theta_score); 47ms in CalculateScore(^^^ItemsProcessedScore^^^); ]
I1005 20:11:37.935849 26456064 processor.cc:740] No data in processing queue, waiting...
I1005 20:11:38.187701 28602368 processor.cc:925] Processor: complete processing batch 7bd3121e-fe96-4fbc-930e-80057f8f7861 into model nwt
I1005 20:11:38.194725 28602368 cuckoo_watch.h:45] 525ms in ProcessBatch(lectures_batches/aaaaab.batch) [including 23ms in LoadMessage; 20ms in InitializeSparseNdw; 0ms in InitializeTheta; 0ms in CreateRegularizerAgents; 359ms in InferThetaAndUpdateNwtSparse; 6ms in CalculateScore(sparsity_theta_score); 108ms in CalculateScore(^^^ItemsProcessedScore^^^); ]
I1005 20:11:38.195652 2047873024 master_component.cc:1436] RegularizeModelArgs: rwt_target_name=rwt, pwt_source_name=pwt, nwt_source_name=nwt
I1005 20:11:38.195688 2047873024 master_component.cc:976] MasterComponent: start regularizing model pwt
I1005 20:11:38.217942 28602368 processor.cc:740] No data in processing queue, waiting...
I1005 20:11:38.354197 2047873024 master_component.cc:1002] MasterComponent: complete regularizing model pwt
I1005 20:11:38.354218 2047873024 master_component.cc:1449] NormalizeModelArgs: pwt_target_name=pwt, nwt_source_name=nwt, rwt_source_name=rwt
I1005 20:11:38.354226 2047873024 master_component.cc:1006] MasterComponent: start normalizing model nwt
I1005 20:11:38.434970 2047873024 master_component.cc:1034] MasterComponent: complete normalizing model nwt
I1005 20:11:38.500903 2047873024 master_component.cc:1473] DisposeModel rwt
I1005 20:11:38.518761 2047873024 master_component.cc:1059] FitOffline: ItemsProcessed, num_items=1728, num_batches=2, token_weight=808522, token_weight_in_effect=808522
I1005 20:11:38.519021 2047873024 c_interface.cc:389] Pass FitOfflineMasterModelArgs, batch_filename_size=2, batch_weight_size=2, num_collection_passes=1, reset_nwt=yes to MN4artm4core15MasterComponentEFvRKNS_25FitOfflineMasterModelArgsEE
I1005 20:11:38.519037 2047873024 master_component.cc:1398] ProcessBatchesArgs: nwt_target_name=nwt, batch_filename_size=2, batch_size=0, batch_weight_size=2, pwt_source_name=pwt, num_document_passes=10, regularizer=(name:SmoothSparsePhi, tau:100000), regularizer=(name:SmoothSparcePhi_sbj, tau:-100000), class=(text:1), class=(author:1), reuse_theta=no, opt_for_avx=yes, predict_class_id=, reset_nwt=yes
I1005 20:11:38.538621 26992640 processor.cc:747] Processing queue has data, processing started
I1005 20:11:38.538614 29138944 processor.cc:747] Processing queue has data, processing started
I1005 20:11:38.551815 29138944 processor.cc:820] Processor: start processing batch 9edcad93-fc16-44ef-babc-2bfdcae8eb5f into model nwt
I1005 20:11:38.562412 26992640 processor.cc:820] Processor: start processing batch 7bd3121e-fe96-4fbc-930e-80057f8f7861 into model nwt
I1005 20:11:38.770383 29138944 processor.cc:925] Processor: complete processing batch 9edcad93-fc16-44ef-babc-2bfdcae8eb5f into model nwt
I1005 20:11:38.773958 29138944 cuckoo_watch.h:45] 235ms in ProcessBatch(lectures_batches/aaaaaa.batch) [including 13ms in LoadMessage; 7ms in InitializeSparseNdw; 0ms in InitializeTheta; 0ms in CreateRegularizerAgents; 160ms in InferThetaAndUpdateNwtSparse; 3ms in CalculateScore(sparsity_theta_score); 46ms in CalculateScore(^^^ItemsProcessedScore^^^); ]
I1005 20:11:38.797267 29138944 processor.cc:740] No data in processing queue, waiting...
I1005 20:11:39.078747 26992640 processor.cc:925] Processor: complete processing batch 7bd3121e-fe96-4fbc-930e-80057f8f7861 into model nwt
I1005 20:11:39.084983 26992640 cuckoo_watch.h:45] 546ms in ProcessBatch(lectures_batches/aaaaab.batch) [including 23ms in LoadMessage; 19ms in InitializeSparseNdw; 0ms in InitializeTheta; 0ms in CreateRegularizerAgents; 393ms in InferThetaAndUpdateNwtSparse; 5ms in CalculateScore(sparsity_theta_score); 97ms in CalculateScore(^^^ItemsProcessedScore^^^); ]
I1005 20:11:39.085788 2047873024 master_component.cc:1436] RegularizeModelArgs: rwt_target_name=rwt, pwt_source_name=pwt, nwt_source_name=nwt
I1005 20:11:39.085837 2047873024 master_component.cc:976] MasterComponent: start regularizing model pwt
I1005 20:11:39.109298 26992640 processor.cc:740] No data in processing queue, waiting...
I1005 20:11:39.239467 2047873024 master_component.cc:1002] MasterComponent: complete regularizing model pwt
I1005 20:11:39.239488 2047873024 master_component.cc:1449] NormalizeModelArgs: pwt_target_name=pwt, nwt_source_name=nwt, rwt_source_name=rwt
I1005 20:11:39.239495 2047873024 master_component.cc:1006] MasterComponent: start normalizing model nwt
I1005 20:11:39.320667 2047873024 master_component.cc:1034] MasterComponent: complete normalizing model nwt
I1005 20:11:39.381914 2047873024 master_component.cc:1473] DisposeModel rwt
I1005 20:11:39.400939 2047873024 master_component.cc:1059] FitOffline: ItemsProcessed, num_items=1728, num_batches=2, token_weight=808522, token_weight_in_effect=808522
I1005 20:11:39.401218 2047873024 c_interface.cc:389] Pass FitOfflineMasterModelArgs, batch_filename_size=2, batch_weight_size=2, num_collection_passes=1, reset_nwt=yes to MN4artm4core15MasterComponentEFvRKNS_25FitOfflineMasterModelArgsEE
I1005 20:11:39.401232 2047873024 master_component.cc:1398] ProcessBatchesArgs: nwt_target_name=nwt, batch_filename_size=2, batch_size=0, batch_weight_size=2, pwt_source_name=pwt, num_document_passes=10, regularizer=(name:SmoothSparsePhi, tau:100000), regularizer=(name:SmoothSparcePhi_sbj, tau:-100000), class=(text:1), class=(author:1), reuse_theta=no, opt_for_avx=yes, predict_class_id=, reset_nwt=yes
I1005 20:11:39.421386 29675520 processor.cc:747] Processing queue has data, processing started
I1005 20:11:39.421406 28602368 processor.cc:747] Processing queue has data, processing started
I1005 20:11:39.436691 29675520 processor.cc:820] Processor: start processing batch 9edcad93-fc16-44ef-babc-2bfdcae8eb5f into model nwt
I1005 20:11:39.446943 28602368 processor.cc:820] Processor: start processing batch 7bd3121e-fe96-4fbc-930e-80057f8f7861 into model nwt
I1005 20:11:39.663967 29675520 processor.cc:925] Processor: complete processing batch 9edcad93-fc16-44ef-babc-2bfdcae8eb5f into model nwt
I1005 20:11:39.667837 29675520 cuckoo_watch.h:45] 246ms in ProcessBatch(lectures_batches/aaaaaa.batch) [including 15ms in LoadMessage; 7ms in InitializeSparseNdw; 0ms in InitializeTheta; 0ms in CreateRegularizerAgents; 166ms in InferThetaAndUpdateNwtSparse; 3ms in CalculateScore(sparsity_theta_score); 49ms in CalculateScore(^^^ItemsProcessedScore^^^); ]
I1005 20:11:39.691871 29675520 processor.cc:740] No data in processing queue, waiting...
I1005 20:11:39.957752 28602368 processor.cc:925] Processor: complete processing batch 7bd3121e-fe96-4fbc-930e-80057f8f7861 into model nwt
I1005 20:11:39.963322 28602368 cuckoo_watch.h:45] 541ms in ProcessBatch(lectures_batches/aaaaab.batch) [including 25ms in LoadMessage; 18ms in InitializeSparseNdw; 0ms in InitializeTheta; 0ms in CreateRegularizerAgents; 374ms in InferThetaAndUpdateNwtSparse; 6ms in CalculateScore(sparsity_theta_score); 111ms in CalculateScore(^^^ItemsProcessedScore^^^); ]
I1005 20:11:39.964015 2047873024 master_component.cc:1436] RegularizeModelArgs: rwt_target_name=rwt, pwt_source_name=pwt, nwt_source_name=nwt
