I1005 20:40:26.703801 2047873024 master_component.cc:1436] RegularizeModelArgs: rwt_target_name=rwt, pwt_source_name=pwt, nwt_source_name=nwt
I1005 20:40:26.703855 2047873024 master_component.cc:976] MasterComponent: start regularizing model pwt
I1005 20:40:26.726516 27529216 processor.cc:740] No data in processing queue, waiting...
I1005 20:40:26.817152 2047873024 master_component.cc:1002] MasterComponent: complete regularizing model pwt
I1005 20:40:26.817173 2047873024 master_component.cc:1449] NormalizeModelArgs: pwt_target_name=pwt, nwt_source_name=nwt, rwt_source_name=rwt
I1005 20:40:26.817179 2047873024 master_component.cc:1006] MasterComponent: start normalizing model nwt
I1005 20:40:26.899688 2047873024 master_component.cc:1034] MasterComponent: complete normalizing model nwt
I1005 20:40:26.969635 2047873024 master_component.cc:1473] DisposeModel rwt
I1005 20:40:26.986690 2047873024 master_component.cc:1059] FitOffline: ItemsProcessed, num_items=1728, num_batches=2, token_weight=808522, token_weight_in_effect=808522
I1005 20:40:26.986933 2047873024 c_interface.cc:389] Pass FitOfflineMasterModelArgs, batch_filename_size=2, batch_weight_size=2, num_collection_passes=1, reset_nwt=yes to MN4artm4core15MasterComponentEFvRKNS_25FitOfflineMasterModelArgsEE
I1005 20:40:26.986948 2047873024 master_component.cc:1398] ProcessBatchesArgs: nwt_target_name=nwt, batch_filename_size=2, batch_size=0, batch_weight_size=2, pwt_source_name=pwt, num_document_passes=10, regularizer=(name:SmoothSparsePhi_bcg, tau:100000), class=(author:1), class=(text:1), reuse_theta=yes, opt_for_avx=yes, predict_class_id=, reset_nwt=yes
I1005 20:40:27.003803 25919488 processor.cc:747] Processing queue has data, processing started
I1005 20:40:27.003809 28602368 processor.cc:747] Processing queue has data, processing started
I1005 20:40:27.018072 25919488 processor.cc:820] Processor: start processing batch 5595bf76-db70-4e76-8078-14ac58e7232f into model nwt
I1005 20:40:27.029263 28602368 processor.cc:820] Processor: start processing batch 2e0d52d3-bce9-4217-b753-7b1e3ea34342 into model nwt
I1005 20:40:27.255425 25919488 processor.cc:925] Processor: complete processing batch 5595bf76-db70-4e76-8078-14ac58e7232f into model nwt
I1005 20:40:27.260361 25919488 cuckoo_watch.h:45] 256ms in ProcessBatch(lectures_batches/aaaaaa.batch) [including 14ms in LoadMessage; 8ms in InitializeSparseNdw; 0ms in FindReuseThetaCacheEntry; 9ms in InitializeTheta; 0ms in CreateRegularizerAgents; 168ms in InferThetaAndUpdateNwtSparse; 0ms in UpdateCacheEntry; 4ms in CalculateScore(sparsity_theta_score); 46ms in CalculateScore(^^^ItemsProcessedScore^^^); ]
I1005 20:40:27.282588 25919488 processor.cc:740] No data in processing queue, waiting...
I1005 20:40:27.544840 28602368 processor.cc:925] Processor: complete processing batch 2e0d52d3-bce9-4217-b753-7b1e3ea34342 into model nwt
I1005 20:40:27.552743 28602368 cuckoo_watch.h:45] 548ms in ProcessBatch(lectures_batches/aaaaab.batch) [including 25ms in LoadMessage; 23ms in InitializeSparseNdw; 0ms in FindReuseThetaCacheEntry; 3ms in InitializeTheta; 0ms in CreateRegularizerAgents; 371ms in InferThetaAndUpdateNwtSparse; 0ms in UpdateCacheEntry; 5ms in CalculateScore(sparsity_theta_score); 111ms in CalculateScore(^^^ItemsProcessedScore^^^); ]
I1005 20:40:27.553278 2047873024 master_component.cc:1436] RegularizeModelArgs: rwt_target_name=rwt, pwt_source_name=pwt, nwt_source_name=nwt
I1005 20:40:27.553313 2047873024 master_component.cc:976] MasterComponent: start regularizing model pwt
I1005 20:40:27.576709 28602368 processor.cc:740] No data in processing queue, waiting...
I1005 20:40:27.662075 2047873024 master_component.cc:1002] MasterComponent: complete regularizing model pwt
I1005 20:40:27.662093 2047873024 master_component.cc:1449] NormalizeModelArgs: pwt_target_name=pwt, nwt_source_name=nwt, rwt_source_name=rwt
I1005 20:40:27.662099 2047873024 master_component.cc:1006] MasterComponent: start normalizing model nwt
I1005 20:40:27.739660 2047873024 master_component.cc:1034] MasterComponent: complete normalizing model nwt
I1005 20:40:27.817787 2047873024 master_component.cc:1473] DisposeModel rwt
I1005 20:40:27.838973 2047873024 master_component.cc:1059] FitOffline: ItemsProcessed, num_items=1728, num_batches=2, token_weight=808522, token_weight_in_effect=808522
I1005 20:40:27.839263 2047873024 c_interface.cc:389] Pass FitOfflineMasterModelArgs, batch_filename_size=2, batch_weight_size=2, num_collection_passes=1, reset_nwt=yes to MN4artm4core15MasterComponentEFvRKNS_25FitOfflineMasterModelArgsEE
I1005 20:40:27.839280 2047873024 master_component.cc:1398] ProcessBatchesArgs: nwt_target_name=nwt, batch_filename_size=2, batch_size=0, batch_weight_size=2, pwt_source_name=pwt, num_document_passes=10, regularizer=(name:SmoothSparsePhi_bcg, tau:100000), class=(author:1), class=(text:1), reuse_theta=yes, opt_for_avx=yes, predict_class_id=, reset_nwt=yes
I1005 20:40:27.858896 29138944 processor.cc:747] Processing queue has data, processing started
I1005 20:40:27.858928 25919488 processor.cc:747] Processing queue has data, processing started
I1005 20:40:27.872539 29138944 processor.cc:820] Processor: start processing batch 5595bf76-db70-4e76-8078-14ac58e7232f into model nwt
I1005 20:40:27.883371 25919488 processor.cc:820] Processor: start processing batch 2e0d52d3-bce9-4217-b753-7b1e3ea34342 into model nwt
I1005 20:40:28.142323 29138944 processor.cc:925] Processor: complete processing batch 5595bf76-db70-4e76-8078-14ac58e7232f into model nwt
I1005 20:40:28.146800 29138944 cuckoo_watch.h:45] 287ms in ProcessBatch(lectures_batches/aaaaaa.batch) [including 13ms in LoadMessage; 8ms in InitializeSparseNdw; 0ms in FindReuseThetaCacheEntry; 9ms in InitializeTheta; 0ms in CreateRegularizerAgents; 196ms in InferThetaAndUpdateNwtSparse; 0ms in UpdateCacheEntry; 4ms in CalculateScore(sparsity_theta_score); 51ms in CalculateScore(^^^ItemsProcessedScore^^^); ]
I1005 20:40:28.169232 29138944 processor.cc:740] No data in processing queue, waiting...
I1005 20:40:28.396369 25919488 processor.cc:925] Processor: complete processing batch 2e0d52d3-bce9-4217-b753-7b1e3ea34342 into model nwt
I1005 20:40:28.403362 25919488 cuckoo_watch.h:45] 544ms in ProcessBatch(lectures_batches/aaaaab.batch) [including 24ms in LoadMessage; 21ms in InitializeSparseNdw; 0ms in FindReuseThetaCacheEntry; 4ms in InitializeTheta; 0ms in CreateRegularizerAgents; 378ms in InferThetaAndUpdateNwtSparse; 0ms in UpdateCacheEntry; 6ms in CalculateScore(sparsity_theta_score); 102ms in CalculateScore(^^^ItemsProcessedScore^^^); ]
I1005 20:40:28.403805 2047873024 master_component.cc:1436] RegularizeModelArgs: rwt_target_name=rwt, pwt_source_name=pwt, nwt_source_name=nwt
I1005 20:40:28.403841 2047873024 master_component.cc:976] MasterComponent: start regularizing model pwt
I1005 20:40:28.427381 25919488 processor.cc:740] No data in processing queue, waiting...
I1005 20:40:28.511556 2047873024 master_component.cc:1002] MasterComponent: complete regularizing model pwt
I1005 20:40:28.511576 2047873024 master_component.cc:1449] NormalizeModelArgs: pwt_target_name=pwt, nwt_source_name=nwt, rwt_source_name=rwt
I1005 20:40:28.511584 2047873024 master_component.cc:1006] MasterComponent: start normalizing model nwt
I1005 20:40:28.591455 2047873024 master_component.cc:1034] MasterComponent: complete normalizing model nwt
I1005 20:40:28.660886 2047873024 master_component.cc:1473] DisposeModel rwt
I1005 20:40:28.678886 2047873024 master_component.cc:1059] FitOffline: ItemsProcessed, num_items=1728, num_batches=2, token_weight=808522, token_weight_in_effect=808522
I1005 20:40:28.687208 2047873024 c_interface.cc:231] ArtmCopyRequestedMessage is copying 1284 bytes...
I1005 20:40:28.704586 2047873024 c_interface.cc:231] ArtmCopyRequestedMessage is copying 1230 bytes...
I1005 20:40:28.709389 2047873024 c_interface.cc:231] ArtmCopyRequestedMessage is copying 1284 bytes...
I1005 20:40:28.711175 2047873024 c_interface.cc:231] ArtmCopyRequestedMessage is copying 1230 bytes...
I1005 20:40:28.880431 2047873024 c_interface.cc:389] Pass MasterModelConfig: topic_name_size=30, class=(author:1), class=(text:1), score_config_size=6, num_processors=0, pwt_name=pwt, nwt_name=nwt, num_document_passes=10, regularizer=(SmoothSparsePhi_bcg:100000), regularizer=(SmoothSparcePhi_sbj:-100000), reuse_theta=yes, cache_theta=yes, opt_for_avx=yes, disk_cache_path= to MN4artm4core15MasterComponentEFvRKNS_17MasterModelConfigEE
I1005 20:40:28.880460 2047873024 instance.cc:401] MasterModelConfig.processors_count is automatically set to 8
I1005 20:40:28.880518 2047873024 instance.cc:232] Regularizer 'SmoothSparsePhi_bcg' was cold-reconfigured
I1005 20:40:28.880532 2047873024 instance.cc:232] Regularizer 'SmoothSparcePhi_sbj' was cold-reconfigured
I1005 20:40:28.887006 2047873024 c_interface.cc:389] Pass FitOfflineMasterModelArgs, batch_filename_size=2, batch_weight_size=2, num_collection_passes=1, reset_nwt=yes to MN4artm4core15MasterComponentEFvRKNS_25FitOfflineMasterModelArgsEE
I1005 20:40:28.887024 2047873024 master_component.cc:1398] ProcessBatchesArgs: nwt_target_name=nwt, batch_filename_size=2, batch_size=0, batch_weight_size=2, pwt_source_name=pwt, num_document_passes=10, regularizer=(name:SmoothSparsePhi_bcg, tau:100000), regularizer=(name:SmoothSparcePhi_sbj, tau:-100000), class=(author:1), class=(text:1), reuse_theta=yes, opt_for_avx=yes, predict_class_id=, reset_nwt=yes
I1005 20:40:28.904070 28065792 processor.cc:747] Processing queue has data, processing started
I1005 20:40:28.904091 27529216 processor.cc:747] Processing queue has data, processing started
I1005 20:40:28.918529 28065792 processor.cc:820] Processor: start processing batch 5595bf76-db70-4e76-8078-14ac58e7232f into model nwt
I1005 20:40:28.928390 27529216 processor.cc:820] Processor: start processing batch 2e0d52d3-bce9-4217-b753-7b1e3ea34342 into model nwt
I1005 20:40:29.149763 28065792 processor.cc:925] Processor: complete processing batch 5595bf76-db70-4e76-8078-14ac58e7232f into model nwt
I1005 20:40:29.153867 28065792 cuckoo_watch.h:45] 249ms in ProcessBatch(lectures_batches/aaaaaa.batch) [including 14ms in LoadMessage; 7ms in InitializeSparseNdw; 0ms in FindReuseThetaCacheEntry; 8ms in InitializeTheta; 0ms in CreateRegularizerAgents; 163ms in InferThetaAndUpdateNwtSparse; 0ms in UpdateCacheEntry; 3ms in CalculateScore(sparsity_theta_score); 47ms in CalculateScore(^^^ItemsProcessedScore^^^); ]
I1005 20:40:29.176544 28065792 processor.cc:740] No data in processing queue, waiting...
I1005 20:40:29.421155 27529216 processor.cc:925] Processor: complete processing batch 2e0d52d3-bce9-4217-b753-7b1e3ea34342 into model nwt
I1005 20:40:29.427544 27529216 cuckoo_watch.h:45] 523ms in ProcessBatch(lectures_batches/aaaaab.batch) [including 24ms in LoadMessage; 19ms in InitializeSparseNdw; 0ms in FindReuseThetaCacheEntry; 3ms in InitializeTheta; 0ms in CreateRegularizerAgents; 359ms in InferThetaAndUpdateNwtSparse; 0ms in UpdateCacheEntry; 5ms in CalculateScore(sparsity_theta_score); 103ms in CalculateScore(^^^ItemsProcessedScore^^^); ]
I1005 20:40:29.428171 2047873024 master_component.cc:1436] RegularizeModelArgs: rwt_target_name=rwt, pwt_source_name=pwt, nwt_source_name=nwt
I1005 20:40:29.428192 2047873024 master_component.cc:976] MasterComponent: start regularizing model pwt
I1005 20:40:29.451277 27529216 processor.cc:740] No data in processing queue, waiting...
I1005 20:40:29.574436 2047873024 master_component.cc:1002] MasterComponent: complete regularizing model pwt
I1005 20:40:29.574457 2047873024 master_component.cc:1449] NormalizeModelArgs: pwt_target_name=pwt, nwt_source_name=nwt, rwt_source_name=rwt
I1005 20:40:29.574463 2047873024 master_component.cc:1006] MasterComponent: start normalizing model nwt
I1005 20:40:29.653476 2047873024 master_component.cc:1034] MasterComponent: complete normalizing model nwt
I1005 20:40:29.712791 2047873024 master_component.cc:1473] DisposeModel rwt
I1005 20:40:29.733093 2047873024 master_component.cc:1059] FitOffline: ItemsProcessed, num_items=1728, num_batches=2, token_weight=808522, token_weight_in_effect=808522
I1005 20:40:29.733347 2047873024 c_interface.cc:389] Pass FitOfflineMasterModelArgs, batch_filename_size=2, batch_weight_size=2, num_collection_passes=1, reset_nwt=yes to MN4artm4core15MasterComponentEFvRKNS_25FitOfflineMasterModelArgsEE
I1005 20:40:29.733362 2047873024 master_component.cc:1398] ProcessBatchesArgs: nwt_target_name=nwt, batch_filename_size=2, batch_size=0, batch_weight_size=2, pwt_source_name=pwt, num_document_passes=10, regularizer=(name:SmoothSparsePhi_bcg, tau:100000), regularizer=(name:SmoothSparcePhi_sbj, tau:-100000), class=(author:1), class=(text:1), reuse_theta=yes, opt_for_avx=yes, predict_class_id=, reset_nwt=yes
I1005 20:40:29.751451 29138944 processor.cc:747] Processing queue has data, processing started
I1005 20:40:29.751507 28602368 processor.cc:747] Processing queue has data, processing started
I1005 20:40:29.764418 29138944 processor.cc:820] Processor: start processing batch 5595bf76-db70-4e76-8078-14ac58e7232f into model nwt
I1005 20:40:29.775339 28602368 processor.cc:820] Processor: start processing batch 2e0d52d3-bce9-4217-b753-7b1e3ea34342 into model nwt
I1005 20:40:29.975324 29138944 processor.cc:925] Processor: complete processing batch 5595bf76-db70-4e76-8078-14ac58e7232f into model nwt
I1005 20:40:29.979734 29138944 cuckoo_watch.h:45] 228ms in ProcessBatch(lectures_batches/aaaaaa.batch) [including 12ms in LoadMessage; 7ms in InitializeSparseNdw; 0ms in FindReuseThetaCacheEntry; 8ms in InitializeTheta; 0ms in CreateRegularizerAgents; 146ms in InferThetaAndUpdateNwtSparse; 0ms in UpdateCacheEntry; 3ms in CalculateScore(sparsity_theta_score); 44ms in CalculateScore(^^^ItemsProcessedScore^^^); ]
I1005 20:40:30.002537 29138944 processor.cc:740] No data in processing queue, waiting...
I1005 20:40:30.231600 28602368 processor.cc:925] Processor: complete processing batch 2e0d52d3-bce9-4217-b753-7b1e3ea34342 into model nwt
I1005 20:40:30.238441 28602368 cuckoo_watch.h:45] 486ms in ProcessBatch(lectures_batches/aaaaab.batch) [including 23ms in LoadMessage; 18ms in InitializeSparseNdw; 0ms in FindReuseThetaCacheEntry; 4ms in InitializeTheta; 0ms in CreateRegularizerAgents; 328ms in InferThetaAndUpdateNwtSparse; 0ms in UpdateCacheEntry; 4ms in CalculateScore(sparsity_theta_score); 99ms in CalculateScore(^^^ItemsProcessedScore^^^); ]
I1005 20:40:30.238751 2047873024 master_component.cc:1436] RegularizeModelArgs: rwt_target_name=rwt, pwt_source_name=pwt, nwt_source_name=nwt
I1005 20:40:30.238790 2047873024 master_component.cc:976] MasterComponent: start regularizing model pwt
I1005 20:40:30.262485 28602368 processor.cc:740] No data in processing queue, waiting...
I1005 20:40:30.389564 2047873024 master_component.cc:1002] MasterComponent: complete regularizing model pwt
I1005 20:40:30.389585 2047873024 master_component.cc:1449] NormalizeModelArgs: pwt_target_name=pwt, nwt_source_name=nwt, rwt_source_name=rwt
I1005 20:40:30.389626 2047873024 master_component.cc:1006] MasterComponent: start normalizing model nwt
I1005 20:40:30.470571 2047873024 master_component.cc:1034] MasterComponent: complete normalizing model nwt
I1005 20:40:30.535727 2047873024 master_component.cc:1473] DisposeModel rwt
I1005 20:40:30.555335 2047873024 master_component.cc:1059] FitOffline: ItemsProcessed, num_items=1728, num_batches=2, token_weight=808522, token_weight_in_effect=808522
I1005 20:40:30.555580 2047873024 c_interface.cc:389] Pass FitOfflineMasterModelArgs, batch_filename_size=2, batch_weight_size=2, num_collection_passes=1, reset_nwt=yes to MN4artm4core15MasterComponentEFvRKNS_25FitOfflineMasterModelArgsEE
I1005 20:40:30.555598 2047873024 master_component.cc:1398] ProcessBatchesArgs: nwt_target_name=nwt, batch_filename_size=2, batch_size=0, batch_weight_size=2, pwt_source_name=pwt, num_document_passes=10, regularizer=(name:SmoothSparsePhi_bcg, tau:100000), regularizer=(name:SmoothSparcePhi_sbj, tau:-100000), class=(author:1), class=(text:1), reuse_theta=yes, opt_for_avx=yes, predict_class_id=, reset_nwt=yes
I1005 20:40:30.572978 25919488 processor.cc:747] Processing queue has data, processing started
I1005 20:40:30.572981 27529216 processor.cc:747] Processing queue has data, processing started
I1005 20:40:30.586565 25919488 processor.cc:820] Processor: start processing batch 5595bf76-db70-4e76-8078-14ac58e7232f into model nwt
I1005 20:40:30.596535 27529216 processor.cc:820] Processor: start processing batch 2e0d52d3-bce9-4217-b753-7b1e3ea34342 into model nwt
I1005 20:40:30.812990 25919488 processor.cc:925] Processor: complete processing batch 5595bf76-db70-4e76-8078-14ac58e7232f into model nwt
I1005 20:40:30.817909 25919488 cuckoo_watch.h:45] 244ms in ProcessBatch(lectures_batches/aaaaaa.batch) [including 13ms in LoadMessage; 7ms in InitializeSparseNdw; 0ms in FindReuseThetaCacheEntry; 9ms in InitializeTheta; 0ms in CreateRegularizerAgents; 151ms in InferThetaAndUpdateNwtSparse; 0ms in UpdateCacheEntry; 4ms in CalculateScore(sparsity_theta_score); 53ms in CalculateScore(^^^ItemsProcessedScore^^^); ]
I1005 20:40:30.840924 25919488 processor.cc:740] No data in processing queue, waiting...
I1005 20:40:31.067996 27529216 processor.cc:925] Processor: complete processing batch 2e0d52d3-bce9-4217-b753-7b1e3ea34342 into model nwt
I1005 20:40:31.075280 27529216 cuckoo_watch.h:45] 502ms in ProcessBatch(lectures_batches/aaaaab.batch) [including 23ms in LoadMessage; 19ms in InitializeSparseNdw; 0ms in FindReuseThetaCacheEntry; 3ms in InitializeTheta; 0ms in CreateRegularizerAgents; 333ms in InferThetaAndUpdateNwtSparse; 0ms in UpdateCacheEntry; 6ms in CalculateScore(sparsity_theta_score); 107ms in CalculateScore(^^^ItemsProcessedScore^^^); ]
I1005 20:40:31.075589 2047873024 master_component.cc:1436] RegularizeModelArgs: rwt_target_name=rwt, pwt_source_name=pwt, nwt_source_name=nwt
I1005 20:40:31.075634 2047873024 master_component.cc:976] MasterComponent: start regularizing model pwt
I1005 20:40:31.099675 27529216 processor.cc:740] No data in processing queue, waiting...
I1005 20:40:31.232020 2047873024 master_component.cc:1002] MasterComponent: complete regularizing model pwt
I1005 20:40:31.232041 2047873024 master_component.cc:1449] NormalizeModelArgs: pwt_target_name=pwt, nwt_source_name=nwt, rwt_source_name=rwt
I1005 20:40:31.232049 2047873024 master_component.cc:1006] MasterComponent: start normalizing model nwt
I1005 20:40:31.306479 2047873024 master_component.cc:1034] MasterComponent: complete normalizing model nwt
I1005 20:40:31.364231 2047873024 master_component.cc:1473] DisposeModel rwt
I1005 20:40:31.382004 2047873024 master_component.cc:1059] FitOffline: ItemsProcessed, num_items=1728, num_batches=2, token_weight=808522, token_weight_in_effect=808522
I1005 20:40:31.382251 2047873024 c_interface.cc:389] Pass FitOfflineMasterModelArgs, batch_filename_size=2, batch_weight_size=2, num_collection_passes=1, reset_nwt=yes to MN4artm4core15MasterComponentEFvRKNS_25FitOfflineMasterModelArgsEE
I1005 20:40:31.382304 2047873024 master_component.cc:1398] ProcessBatchesArgs: nwt_target_name=nwt, batch_filename_size=2, batch_size=0, batch_weight_size=2, pwt_source_name=pwt, num_document_passes=10, regularizer=(name:SmoothSparsePhi_bcg, tau:100000), regularizer=(name:SmoothSparcePhi_sbj, tau:-100000), class=(author:1), class=(text:1), reuse_theta=yes, opt_for_avx=yes, predict_class_id=, reset_nwt=yes
I1005 20:40:31.399854 26456064 processor.cc:747] Processing queue has data, processing started
I1005 20:40:31.399863 29138944 processor.cc:747] Processing queue has data, processing started
I1005 20:40:31.413617 26456064 processor.cc:820] Processor: start processing batch 5595bf76-db70-4e76-8078-14ac58e7232f into model nwt
I1005 20:40:31.425631 29138944 processor.cc:820] Processor: start processing batch 2e0d52d3-bce9-4217-b753-7b1e3ea34342 into model nwt
I1005 20:40:31.639050 26456064 processor.cc:925] Processor: complete processing batch 5595bf76-db70-4e76-8078-14ac58e7232f into model nwt
I1005 20:40:31.643915 26456064 cuckoo_watch.h:45] 244ms in ProcessBatch(lectures_batches/aaaaaa.batch) [including 13ms in LoadMessage; 8ms in InitializeSparseNdw; 0ms in FindReuseThetaCacheEntry; 9ms in InitializeTheta; 0ms in CreateRegularizerAgents; 152ms in InferThetaAndUpdateNwtSparse; 0ms in UpdateCacheEntry; 3ms in CalculateScore(sparsity_theta_score); 50ms in CalculateScore(^^^ItemsProcessedScore^^^); ]
I1005 20:40:31.666649 26456064 processor.cc:740] No data in processing queue, waiting...
I1005 20:40:31.908046 29138944 processor.cc:925] Processor: complete processing batch 2e0d52d3-bce9-4217-b753-7b1e3ea34342 into model nwt
I1005 20:40:31.915354 29138944 cuckoo_watch.h:45] 515ms in ProcessBatch(lectures_batches/aaaaab.batch) [including 25ms in LoadMessage; 19ms in InitializeSparseNdw; 0ms in FindReuseThetaCacheEntry; 4ms in InitializeTheta; 0ms in CreateRegularizerAgents; 344ms in InferThetaAndUpdateNwtSparse; 0ms in UpdateCacheEntry; 6ms in CalculateScore(sparsity_theta_score); 107ms in CalculateScore(^^^ItemsProcessedScore^^^); ]
I1005 20:40:31.916311 2047873024 master_component.cc:1436] RegularizeModelArgs: rwt_target_name=rwt, pwt_source_name=pwt, nwt_source_name=nwt
I1005 20:40:31.916347 2047873024 master_component.cc:976] MasterComponent: start regularizing model pwt
I1005 20:40:31.939672 29138944 processor.cc:740] No data in processing queue, waiting...
I1005 20:40:32.073410 2047873024 master_component.cc:1002] MasterComponent: complete regularizing model pwt
I1005 20:40:32.073428 2047873024 master_component.cc:1449] NormalizeModelArgs: pwt_target_name=pwt, nwt_source_name=nwt, rwt_source_name=rwt
I1005 20:40:32.073436 2047873024 master_component.cc:1006] MasterComponent: start normalizing model nwt
I1005 20:40:32.151331 2047873024 master_component.cc:1034] MasterComponent: complete normalizing model nwt
I1005 20:40:32.225515 2047873024 master_component.cc:1473] DisposeModel rwt
I1005 20:40:32.246290 2047873024 master_component.cc:1059] FitOffline: ItemsProcessed, num_items=1728, num_batches=2, token_weight=808522, token_weight_in_effect=808522
I1005 20:40:32.246578 2047873024 c_interface.cc:389] Pass FitOfflineMasterModelArgs, batch_filename_size=2, batch_weight_size=2, num_collection_passes=1, reset_nwt=yes to MN4artm4core15MasterComponentEFvRKNS_25FitOfflineMasterModelArgsEE
I1005 20:40:32.246595 2047873024 master_component.cc:1398] ProcessBatchesArgs: nwt_target_name=nwt, batch_filename_size=2, batch_size=0, batch_weight_size=2, pwt_source_name=pwt, num_document_passes=10, regularizer=(name:SmoothSparsePhi_bcg, tau:100000), regularizer=(name:SmoothSparcePhi_sbj, tau:-100000), class=(author:1), class=(text:1), reuse_theta=yes, opt_for_avx=yes, predict_class_id=, reset_nwt=yes
I1005 20:40:32.267339 28065792 processor.cc:747] Processing queue has data, processing started
I1005 20:40:32.267339 26992640 processor.cc:747] Processing queue has data, processing started
I1005 20:40:32.282735 26992640 processor.cc:820] Processor: start processing batch 5595bf76-db70-4e76-8078-14ac58e7232f into model nwt
I1005 20:40:32.293936 28065792 processor.cc:820] Processor: start processing batch 2e0d52d3-bce9-4217-b753-7b1e3ea34342 into model nwt
I1005 20:40:32.509533 26992640 processor.cc:925] Processor: complete processing batch 5595bf76-db70-4e76-8078-14ac58e7232f into model nwt
I1005 20:40:32.514135 26992640 cuckoo_watch.h:45] 246ms in ProcessBatch(lectures_batches/aaaaaa.batch) [including 15ms in LoadMessage; 8ms in InitializeSparseNdw; 0ms in FindReuseThetaCacheEntry; 9ms in InitializeTheta; 0ms in CreateRegularizerAgents; 155ms in InferThetaAndUpdateNwtSparse; 0ms in UpdateCacheEntry; 3ms in CalculateScore(sparsity_theta_score); 48ms in CalculateScore(^^^ItemsProcessedScore^^^); ]
I1005 20:40:32.536962 26992640 processor.cc:740] No data in processing queue, waiting...
I1005 20:40:32.778872 28065792 processor.cc:925] Processor: complete processing batch 2e0d52d3-bce9-4217-b753-7b1e3ea34342 into model nwt
I1005 20:40:32.787127 28065792 cuckoo_watch.h:45] 519ms in ProcessBatch(lectures_batches/aaaaab.batch) [including 26ms in LoadMessage; 20ms in InitializeSparseNdw; 0ms in FindReuseThetaCacheEntry; 4ms in InitializeTheta; 0ms in CreateRegularizerAgents; 347ms in InferThetaAndUpdateNwtSparse; 0ms in UpdateCacheEntry; 6ms in CalculateScore(sparsity_theta_score); 105ms in CalculateScore(^^^ItemsProcessedScore^^^); ]
I1005 20:40:32.788161 2047873024 master_component.cc:1436] RegularizeModelArgs: rwt_target_name=rwt, pwt_source_name=pwt, nwt_source_name=nwt
I1005 20:40:32.788250 2047873024 master_component.cc:976] MasterComponent: start regularizing model pwt
I1005 20:40:32.811159 28065792 processor.cc:740] No data in processing queue, waiting...
I1005 20:40:32.934121 2047873024 master_component.cc:1002] MasterComponent: complete regularizing model pwt
I1005 20:40:32.934142 2047873024 master_component.cc:1449] NormalizeModelArgs: pwt_target_name=pwt, nwt_source_name=nwt, rwt_source_name=rwt
I1005 20:40:32.934149 2047873024 master_component.cc:1006] MasterComponent: start normalizing model nwt
I1005 20:40:33.005203 2047873024 master_component.cc:1034] MasterComponent: complete normalizing model nwt
I1005 20:40:33.063670 2047873024 master_component.cc:1473] DisposeModel rwt
I1005 20:40:33.080384 2047873024 master_component.cc:1059] FitOffline: ItemsProcessed, num_items=1728, num_batches=2, token_weight=808522, token_weight_in_effect=808522
I1005 20:40:33.080621 2047873024 c_interface.cc:389] Pass FitOfflineMasterModelArgs, batch_filename_size=2, batch_weight_size=2, num_collection_passes=1, reset_nwt=yes to MN4artm4core15MasterComponentEFvRKNS_25FitOfflineMasterModelArgsEE
I1005 20:40:33.080637 2047873024 master_component.cc:1398] ProcessBatchesArgs: nwt_target_name=nwt, batch_filename_size=2, batch_size=0, batch_weight_size=2, pwt_source_name=pwt, num_document_passes=10, regularizer=(name:SmoothSparsePhi_bcg, tau:100000), regularizer=(name:SmoothSparcePhi_sbj, tau:-100000), class=(author:1), class=(text:1), reuse_theta=yes, opt_for_avx=yes, predict_class_id=, reset_nwt=yes
I1005 20:40:33.099059 26456064 processor.cc:747] Processing queue has data, processing started
I1005 20:40:33.099067 29675520 processor.cc:747] Processing queue has data, processing started
I1005 20:40:33.112414 26456064 processor.cc:820] Processor: start processing batch 5595bf76-db70-4e76-8078-14ac58e7232f into model nwt
I1005 20:40:33.123585 29675520 processor.cc:820] Processor: start processing batch 2e0d52d3-bce9-4217-b753-7b1e3ea34342 into model nwt
I1005 20:40:33.337388 26456064 processor.cc:925] Processor: complete processing batch 5595bf76-db70-4e76-8078-14ac58e7232f into model nwt
I1005 20:40:33.342051 26456064 cuckoo_watch.h:45] 242ms in ProcessBatch(lectures_batches/aaaaaa.batch) [including 13ms in LoadMessage; 8ms in InitializeSparseNdw; 0ms in FindReuseThetaCacheEntry; 9ms in InitializeTheta; 0ms in CreateRegularizerAgents; 150ms in InferThetaAndUpdateNwtSparse; 0ms in UpdateCacheEntry; 3ms in CalculateScore(sparsity_theta_score); 52ms in CalculateScore(^^^ItemsProcessedScore^^^); ]
I1005 20:40:33.364948 26456064 processor.cc:740] No data in processing queue, waiting...
I1005 20:40:33.606441 29675520 processor.cc:925] Processor: complete processing batch 2e0d52d3-bce9-4217-b753-7b1e3ea34342 into model nwt
I1005 20:40:33.613229 29675520 cuckoo_watch.h:45] 514ms in ProcessBatch(lectures_batches/aaaaab.batch) [including 24ms in LoadMessage; 19ms in InitializeSparseNdw; 0ms in FindReuseThetaCacheEntry; 3ms in InitializeTheta; 0ms in CreateRegularizerAgents; 340ms in InferThetaAndUpdateNwtSparse; 0ms in UpdateCacheEntry; 5ms in CalculateScore(sparsity_theta_score); 112ms in CalculateScore(^^^ItemsProcessedScore^^^); ]
I1005 20:40:33.614125 2047873024 master_component.cc:1436] RegularizeModelArgs: rwt_target_name=rwt, pwt_source_name=pwt, nwt_source_name=nwt
I1005 20:40:33.614181 2047873024 master_component.cc:976] MasterComponent: start regularizing model pwt
I1005 20:40:33.637539 29675520 processor.cc:740] No data in processing queue, waiting...
I1005 20:40:33.754621 2047873024 master_component.cc:1002] MasterComponent: complete regularizing model pwt
I1005 20:40:33.754642 2047873024 master_component.cc:1449] NormalizeModelArgs: pwt_target_name=pwt, nwt_source_name=nwt, rwt_source_name=rwt
I1005 20:40:33.754679 2047873024 master_component.cc:1006] MasterComponent: start normalizing model nwt
I1005 20:40:33.830657 2047873024 master_component.cc:1034] MasterComponent: complete normalizing model nwt
I1005 20:40:33.899144 2047873024 master_component.cc:1473] DisposeModel rwt
I1005 20:40:33.918365 2047873024 master_component.cc:1059] FitOffline: ItemsProcessed, num_items=1728, num_batches=2, token_weight=808522, token_weight_in_effect=808522
I1005 20:40:33.918643 2047873024 c_interface.cc:389] Pass FitOfflineMasterModelArgs, batch_filename_size=2, batch_weight_size=2, num_collection_passes=1, reset_nwt=yes to MN4artm4core15MasterComponentEFvRKNS_25FitOfflineMasterModelArgsEE
I1005 20:40:33.918658 2047873024 master_component.cc:1398] ProcessBatchesArgs: nwt_target_name=nwt, batch_filename_size=2, batch_size=0, batch_weight_size=2, pwt_source_name=pwt, num_document_passes=10, regularizer=(name:SmoothSparsePhi_bcg, tau:100000), regularizer=(name:SmoothSparcePhi_sbj, tau:-100000), class=(author:1), class=(text:1), reuse_theta=yes, opt_for_avx=yes, predict_class_id=, reset_nwt=yes
I1005 20:40:33.936625 28602368 processor.cc:747] Processing queue has data, processing started
I1005 20:40:33.936619 27529216 processor.cc:747] Processing queue has data, processing started
I1005 20:40:33.952877 27529216 processor.cc:820] Processor: start processing batch 5595bf76-db70-4e76-8078-14ac58e7232f into model nwt
I1005 20:40:33.963256 28602368 processor.cc:820] Processor: start processing batch 2e0d52d3-bce9-4217-b753-7b1e3ea34342 into model nwt
I1005 20:40:34.180243 27529216 processor.cc:925] Processor: complete processing batch 5595bf76-db70-4e76-8078-14ac58e7232f into model nwt
I1005 20:40:34.185611 27529216 cuckoo_watch.h:45] 248ms in ProcessBatch(lectures_batches/aaaaaa.batch) [including 16ms in LoadMessage; 8ms in InitializeSparseNdw; 0ms in FindReuseThetaCacheEntry; 11ms in InitializeTheta; 0ms in CreateRegularizerAgents; 155ms in InferThetaAndUpdateNwtSparse; 0ms in UpdateCacheEntry; 3ms in CalculateScore(sparsity_theta_score); 48ms in CalculateScore(^^^ItemsProcessedScore^^^); ]
I1005 20:40:34.208149 27529216 processor.cc:740] No data in processing queue, waiting...
I1005 20:40:34.449235 28602368 processor.cc:925] Processor: complete processing batch 2e0d52d3-bce9-4217-b753-7b1e3ea34342 into model nwt
I1005 20:40:34.455624 28602368 cuckoo_watch.h:45] 518ms in ProcessBatch(lectures_batches/aaaaab.batch) [including 26ms in LoadMessage; 21ms in InitializeSparseNdw; 0ms in FindReuseThetaCacheEntry; 4ms in InitializeTheta; 0ms in CreateRegularizerAgents; 340ms in InferThetaAndUpdateNwtSparse; 0ms in UpdateCacheEntry; 6ms in CalculateScore(sparsity_theta_score); 112ms in CalculateScore(^^^ItemsProcessedScore^^^); ]
I1005 20:40:34.456802 2047873024 master_component.cc:1436] RegularizeModelArgs: rwt_target_name=rwt, pwt_source_name=pwt, nwt_source_name=nwt
I1005 20:40:34.456847 2047873024 master_component.cc:976] MasterComponent: start regularizing model pwt
I1005 20:40:34.479856 28602368 processor.cc:740] No data in processing queue, waiting...
I1005 20:40:34.614133 2047873024 master_component.cc:1002] MasterComponent: complete regularizing model pwt
I1005 20:40:34.614154 2047873024 master_component.cc:1449] NormalizeModelArgs: pwt_target_name=pwt, nwt_source_name=nwt, rwt_source_name=rwt
I1005 20:40:34.614161 2047873024 master_component.cc:1006] MasterComponent: start normalizing model nwt
I1005 20:40:34.695255 2047873024 master_component.cc:1034] MasterComponent: complete normalizing model nwt
I1005 20:40:34.773025 2047873024 master_component.cc:1473] DisposeModel rwt
I1005 20:40:34.796135 2047873024 master_component.cc:1059] FitOffline: ItemsProcessed, num_items=1728, num_batches=2, token_weight=808522, token_weight_in_effect=808522
I1005 20:40:34.796394 2047873024 c_interface.cc:389] Pass FitOfflineMasterModelArgs, batch_filename_size=2, batch_weight_size=2, num_collection_passes=1, reset_nwt=yes to MN4artm4core15MasterComponentEFvRKNS_25FitOfflineMasterModelArgsEE
I1005 20:40:34.796764 2047873024 master_component.cc:1398] ProcessBatchesArgs: nwt_target_name=nwt, batch_filename_size=2, batch_size=0, batch_weight_size=2, pwt_source_name=pwt, num_document_passes=10, regularizer=(name:SmoothSparsePhi_bcg, tau:100000), regularizer=(name:SmoothSparcePhi_sbj, tau:-100000), class=(author:1), class=(text:1), reuse_theta=yes, opt_for_avx=yes, predict_class_id=, reset_nwt=yes
I1005 20:40:34.815207 29675520 processor.cc:747] Processing queue has data, processing started
I1005 20:40:34.815209 26456064 processor.cc:747] Processing queue has data, processing started
I1005 20:40:34.829286 29675520 processor.cc:820] Processor: start processing batch 5595bf76-db70-4e76-8078-14ac58e7232f into model nwt
I1005 20:40:34.839684 26456064 processor.cc:820] Processor: start processing batch 2e0d52d3-bce9-4217-b753-7b1e3ea34342 into model nwt
I1005 20:40:35.052620 29675520 processor.cc:925] Processor: complete processing batch 5595bf76-db70-4e76-8078-14ac58e7232f into model nwt
I1005 20:40:35.057741 29675520 cuckoo_watch.h:45] 242ms in ProcessBatch(lectures_batches/aaaaaa.batch) [including 14ms in LoadMessage; 8ms in InitializeSparseNdw; 0ms in FindReuseThetaCacheEntry; 9ms in InitializeTheta; 0ms in CreateRegularizerAgents; 153ms in InferThetaAndUpdateNwtSparse; 0ms in UpdateCacheEntry; 3ms in CalculateScore(sparsity_theta_score); 48ms in CalculateScore(^^^ItemsProcessedScore^^^); ]
I1005 20:40:35.079556 29675520 processor.cc:740] No data in processing queue, waiting...
I1005 20:40:35.304168 26456064 processor.cc:925] Processor: complete processing batch 2e0d52d3-bce9-4217-b753-7b1e3ea34342 into model nwt
I1005 20:40:35.310670 26456064 cuckoo_watch.h:45] 495ms in ProcessBatch(lectures_batches/aaaaab.batch) [including 24ms in LoadMessage; 17ms in InitializeSparseNdw; 0ms in FindReuseThetaCacheEntry; 4ms in InitializeTheta; 0ms in CreateRegularizerAgents; 329ms in InferThetaAndUpdateNwtSparse; 0ms in UpdateCacheEntry; 6ms in CalculateScore(sparsity_theta_score); 106ms in CalculateScore(^^^ItemsProcessedScore^^^); ]
I1005 20:40:35.311839 2047873024 master_component.cc:1436] RegularizeModelArgs: rwt_target_name=rwt, pwt_source_name=pwt, nwt_source_name=nwt
I1005 20:40:35.311889 2047873024 master_component.cc:976] MasterComponent: start regularizing model pwt
I1005 20:40:35.335023 26456064 processor.cc:740] No data in processing queue, waiting...
I1005 20:40:35.464560 2047873024 master_component.cc:1002] MasterComponent: complete regularizing model pwt
I1005 20:40:35.464581 2047873024 master_component.cc:1449] NormalizeModelArgs: pwt_target_name=pwt, nwt_source_name=nwt, rwt_source_name=rwt
I1005 20:40:35.464587 2047873024 master_component.cc:1006] MasterComponent: start normalizing model nwt
I1005 20:40:35.547307 2047873024 master_component.cc:1034] MasterComponent: complete normalizing model nwt
I1005 20:40:35.617126 2047873024 master_component.cc:1473] DisposeModel rwt
I1005 20:40:35.635720 2047873024 master_component.cc:1059] FitOffline: ItemsProcessed, num_items=1728, num_batches=2, token_weight=808522, token_weight_in_effect=808522
I1005 20:40:35.635998 2047873024 c_interface.cc:389] Pass FitOfflineMasterModelArgs, batch_filename_size=2, batch_weight_size=2, num_collection_passes=1, reset_nwt=yes to MN4artm4core15MasterComponentEFvRKNS_25FitOfflineMasterModelArgsEE
I1005 20:40:35.636013 2047873024 master_component.cc:1398] ProcessBatchesArgs: nwt_target_name=nwt, batch_filename_size=2, batch_size=0, batch_weight_size=2, pwt_source_name=pwt, num_document_passes=10, regularizer=(name:SmoothSparsePhi_bcg, tau:100000), regularizer=(name:SmoothSparcePhi_sbj, tau:-100000), class=(author:1), class=(text:1), reuse_theta=yes, opt_for_avx=yes, predict_class_id=, reset_nwt=yes
I1005 20:40:35.653756 25919488 processor.cc:747] Processing queue has data, processing started
I1005 20:40:35.653770 28065792 processor.cc:747] Processing queue has data, processing started
I1005 20:40:35.667230 25919488 processor.cc:820] Processor: start processing batch 5595bf76-db70-4e76-8078-14ac58e7232f into model nwt
I1005 20:40:35.677031 28065792 processor.cc:820] Processor: start processing batch 2e0d52d3-bce9-4217-b753-7b1e3ea34342 into model nwt
I1005 20:40:35.884069 25919488 processor.cc:925] Processor: complete processing batch 5595bf76-db70-4e76-8078-14ac58e7232f into model nwt
I1005 20:40:35.888515 25919488 cuckoo_watch.h:45] 234ms in ProcessBatch(lectures_batches/aaaaaa.batch) [including 13ms in LoadMessage; 7ms in InitializeSparseNdw; 0ms in FindReuseThetaCacheEntry; 9ms in InitializeTheta; 0ms in CreateRegularizerAgents; 148ms in InferThetaAndUpdateNwtSparse; 0ms in UpdateCacheEntry; 4ms in CalculateScore(sparsity_theta_score); 47ms in CalculateScore(^^^ItemsProcessedScore^^^); ]
I1005 20:40:35.910573 25919488 processor.cc:740] No data in processing queue, waiting...
I1005 20:40:36.138845 28065792 processor.cc:925] Processor: complete processing batch 2e0d52d3-bce9-4217-b753-7b1e3ea34342 into model nwt
I1005 20:40:36.146899 28065792 cuckoo_watch.h:45] 493ms in ProcessBatch(lectures_batches/aaaaab.batch) [including 23ms in LoadMessage; 19ms in InitializeSparseNdw; 0ms in FindReuseThetaCacheEntry; 4ms in InitializeTheta; 0ms in CreateRegularizerAgents; 325ms in InferThetaAndUpdateNwtSparse; 0ms in UpdateCacheEntry; 6ms in CalculateScore(sparsity_theta_score); 105ms in CalculateScore(^^^ItemsProcessedScore^^^); ]
I1005 20:40:36.147821 2047873024 master_component.cc:1436] RegularizeModelArgs: rwt_target_name=rwt, pwt_source_name=pwt, nwt_source_name=nwt
I1005 20:40:36.147848 2047873024 master_component.cc:976] MasterComponent: start regularizing model pwt
I1005 20:40:36.170709 28065792 processor.cc:740] No data in processing queue, waiting...
I1005 20:40:36.294761 2047873024 master_component.cc:1002] MasterComponent: complete regularizing model pwt
I1005 20:40:36.294783 2047873024 master_component.cc:1449] NormalizeModelArgs: pwt_target_name=pwt, nwt_source_name=nwt, rwt_source_name=rwt
I1005 20:40:36.294791 2047873024 master_component.cc:1006] MasterComponent: start normalizing model nwt
I1005 20:40:36.378762 2047873024 master_component.cc:1034] MasterComponent: complete normalizing model nwt
I1005 20:40:36.440217 2047873024 master_component.cc:1473] DisposeModel rwt
I1005 20:40:36.460681 2047873024 master_component.cc:1059] FitOffline: ItemsProcessed, num_items=1728, num_batches=2, token_weight=808522, token_weight_in_effect=808522
I1005 20:40:36.460955 2047873024 c_interface.cc:389] Pass FitOfflineMasterModelArgs, batch_filename_size=2, batch_weight_size=2, num_collection_passes=1, reset_nwt=yes to MN4artm4core15MasterComponentEFvRKNS_25FitOfflineMasterModelArgsEE
I1005 20:40:36.460969 2047873024 master_component.cc:1398] ProcessBatchesArgs: nwt_target_name=nwt, batch_filename_size=2, batch_size=0, batch_weight_size=2, pwt_source_name=pwt, num_document_passes=10, regularizer=(name:SmoothSparsePhi_bcg, tau:100000), regularizer=(name:SmoothSparcePhi_sbj, tau:-100000), class=(author:1), class=(text:1), reuse_theta=yes, opt_for_avx=yes, predict_class_id=, reset_nwt=yes
I1005 20:40:36.478175 27529216 processor.cc:747] Processing queue has data, processing started
I1005 20:40:36.478219 26456064 processor.cc:747] Processing queue has data, processing started
I1005 20:40:36.492123 27529216 processor.cc:820] Processor: start processing batch 5595bf76-db70-4e76-8078-14ac58e7232f into model nwt
I1005 20:40:36.502125 26456064 processor.cc:820] Processor: start processing batch 2e0d52d3-bce9-4217-b753-7b1e3ea34342 into model nwt
I1005 20:40:36.706619 27529216 processor.cc:925] Processor: complete processing batch 5595bf76-db70-4e76-8078-14ac58e7232f into model nwt
I1005 20:40:36.711225 27529216 cuckoo_watch.h:45] 233ms in ProcessBatch(lectures_batches/aaaaaa.batch) [including 13ms in LoadMessage; 7ms in InitializeSparseNdw; 0ms in FindReuseThetaCacheEntry; 8ms in InitializeTheta; 0ms in CreateRegularizerAgents; 143ms in InferThetaAndUpdateNwtSparse; 0ms in UpdateCacheEntry; 3ms in CalculateScore(sparsity_theta_score); 50ms in CalculateScore(^^^ItemsProcessedScore^^^); ]
I1005 20:40:36.733847 27529216 processor.cc:740] No data in processing queue, waiting...
I1005 20:40:36.991495 26456064 processor.cc:925] Processor: complete processing batch 2e0d52d3-bce9-4217-b753-7b1e3ea34342 into model nwt
I1005 20:40:36.998514 2047873024 master_component.cc:1436] RegularizeModelArgs: rwt_target_name=rwt, pwt_source_name=pwt, nwt_source_name=nwt
I1005 20:40:36.998535 2047873024 master_component.cc:976] MasterComponent: start regularizing model pwt
I1005 20:40:36.998486 26456064 cuckoo_watch.h:45] 520ms in ProcessBatch(lectures_batches/aaaaab.batch) [including 23ms in LoadMessage; 19ms in InitializeSparseNdw; 0ms in FindReuseThetaCacheEntry; 3ms in InitializeTheta; 0ms in CreateRegularizerAgents; 350ms in InferThetaAndUpdateNwtSparse; 0ms in UpdateCacheEntry; 5ms in CalculateScore(sparsity_theta_score); 109ms in CalculateScore(^^^ItemsProcessedScore^^^); ]
I1005 20:40:37.022347 26456064 processor.cc:740] No data in processing queue, waiting...
I1005 20:40:37.149348 2047873024 master_component.cc:1002] MasterComponent: complete regularizing model pwt
I1005 20:40:37.149369 2047873024 master_component.cc:1449] NormalizeModelArgs: pwt_target_name=pwt, nwt_source_name=nwt, rwt_source_name=rwt
I1005 20:40:37.149375 2047873024 master_component.cc:1006] MasterComponent: start normalizing model nwt
I1005 20:40:37.220520 2047873024 master_component.cc:1034] MasterComponent: complete normalizing model nwt
I1005 20:40:37.277750 2047873024 master_component.cc:1473] DisposeModel rwt
I1005 20:40:37.297209 2047873024 master_component.cc:1059] FitOffline: ItemsProcessed, num_items=1728, num_batches=2, token_weight=808522, token_weight_in_effect=808522
I1005 20:40:37.297641 2047873024 c_interface.cc:389] Pass FitOfflineMasterModelArgs, batch_filename_size=2, batch_weight_size=2, num_collection_passes=1, reset_nwt=yes to MN4artm4core15MasterComponentEFvRKNS_25FitOfflineMasterModelArgsEE
I1005 20:40:37.297655 2047873024 master_component.cc:1398] ProcessBatchesArgs: nwt_target_name=nwt, batch_filename_size=2, batch_size=0, batch_weight_size=2, pwt_source_name=pwt, num_document_passes=10, regularizer=(name:SmoothSparsePhi_bcg, tau:100000), regularizer=(name:SmoothSparcePhi_sbj, tau:-100000), class=(author:1), class=(text:1), reuse_theta=yes, opt_for_avx=yes, predict_class_id=, reset_nwt=yes
I1005 20:40:37.315310 26992640 processor.cc:747] Processing queue has data, processing started
I1005 20:40:37.315310 25919488 processor.cc:747] Processing queue has data, processing started
I1005 20:40:37.329471 25919488 processor.cc:820] Processor: start processing batch 5595bf76-db70-4e76-8078-14ac58e7232f into model nwt
I1005 20:40:37.339761 26992640 processor.cc:820] Processor: start processing batch 2e0d52d3-bce9-4217-b753-7b1e3ea34342 into model nwt
I1005 20:40:37.535295 25919488 processor.cc:925] Processor: complete processing batch 5595bf76-db70-4e76-8078-14ac58e7232f into model nwt
I1005 20:40:37.539770 25919488 cuckoo_watch.h:45] 224ms in ProcessBatch(lectures_batches/aaaaaa.batch) [including 14ms in LoadMessage; 8ms in InitializeSparseNdw; 0ms in FindReuseThetaCacheEntry; 8ms in InitializeTheta; 0ms in CreateRegularizerAgents; 142ms in InferThetaAndUpdateNwtSparse; 0ms in UpdateCacheEntry; 3ms in CalculateScore(sparsity_theta_score); 42ms in CalculateScore(^^^ItemsProcessedScore^^^); ]
I1005 20:40:37.561969 25919488 processor.cc:740] No data in processing queue, waiting...
I1005 20:40:37.792757 26992640 processor.cc:925] Processor: complete processing batch 2e0d52d3-bce9-4217-b753-7b1e3ea34342 into model nwt
I1005 20:40:37.799154 26992640 cuckoo_watch.h:45] 483ms in ProcessBatch(lectures_batches/aaaaab.batch) [including 24ms in LoadMessage; 21ms in InitializeSparseNdw; 0ms in FindReuseThetaCacheEntry; 4ms in InitializeTheta; 0ms in CreateRegularizerAgents; 320ms in InferThetaAndUpdateNwtSparse; 0ms in UpdateCacheEntry; 4ms in CalculateScore(sparsity_theta_score); 102ms in CalculateScore(^^^ItemsProcessedScore^^^); ]
I1005 20:40:37.800369 2047873024 master_component.cc:1436] RegularizeModelArgs: rwt_target_name=rwt, pwt_source_name=pwt, nwt_source_name=nwt
I1005 20:40:37.800540 2047873024 master_component.cc:976] MasterComponent: start regularizing model pwt
I1005 20:40:37.821805 26992640 processor.cc:740] No data in processing queue, waiting...
I1005 20:40:37.958060 2047873024 master_component.cc:1002] MasterComponent: complete regularizing model pwt
I1005 20:40:37.958081 2047873024 master_component.cc:1449] NormalizeModelArgs: pwt_target_name=pwt, nwt_source_name=nwt, rwt_source_name=rwt
I1005 20:40:37.958087 2047873024 master_component.cc:1006] MasterComponent: start normalizing model nwt
I1005 20:40:38.032120 2047873024 master_component.cc:1034] MasterComponent: complete normalizing model nwt
I1005 20:40:38.090665 2047873024 master_component.cc:1473] DisposeModel rwt
I1005 20:40:38.108587 2047873024 master_component.cc:1059] FitOffline: ItemsProcessed, num_items=1728, num_batches=2, token_weight=808522, token_weight_in_effect=808522
I1005 20:40:38.108826 2047873024 c_interface.cc:389] Pass FitOfflineMasterModelArgs, batch_filename_size=2, batch_weight_size=2, num_collection_passes=1, reset_nwt=yes to MN4artm4core15MasterComponentEFvRKNS_25FitOfflineMasterModelArgsEE
I1005 20:40:38.108840 2047873024 master_component.cc:1398] ProcessBatchesArgs: nwt_target_name=nwt, batch_filename_size=2, batch_size=0, batch_weight_size=2, pwt_source_name=pwt, num_document_passes=10, regularizer=(name:SmoothSparsePhi_bcg, tau:100000), regularizer=(name:SmoothSparcePhi_sbj, tau:-100000), class=(author:1), class=(text:1), reuse_theta=yes, opt_for_avx=yes, predict_class_id=, reset_nwt=yes
I1005 20:40:38.127193 29138944 processor.cc:747] Processing queue has data, processing started
I1005 20:40:38.127184 26456064 processor.cc:747] Processing queue has data, processing started
I1005 20:40:38.140635 26456064 processor.cc:820] Processor: start processing batch 5595bf76-db70-4e76-8078-14ac58e7232f into model nwt
I1005 20:40:38.151144 29138944 processor.cc:820] Processor: start processing batch 2e0d52d3-bce9-4217-b753-7b1e3ea34342 into model nwt
I1005 20:40:38.354579 26456064 processor.cc:925] Processor: complete processing batch 5595bf76-db70-4e76-8078-14ac58e7232f into model nwt
I1005 20:40:38.358737 26456064 cuckoo_watch.h:45] 231ms in ProcessBatch(lectures_batches/aaaaaa.batch) [including 13ms in LoadMessage; 7ms in InitializeSparseNdw; 0ms in FindReuseThetaCacheEntry; 9ms in InitializeTheta; 0ms in CreateRegularizerAgents; 147ms in InferThetaAndUpdateNwtSparse; 0ms in UpdateCacheEntry; 3ms in CalculateScore(sparsity_theta_score); 45ms in CalculateScore(^^^ItemsProcessedScore^^^); ]
I1005 20:40:38.381392 26456064 processor.cc:740] No data in processing queue, waiting...
I1005 20:40:38.611320 29138944 processor.cc:925] Processor: complete processing batch 2e0d52d3-bce9-4217-b753-7b1e3ea34342 into model nwt
I1005 20:40:38.618788 29138944 cuckoo_watch.h:45] 491ms in ProcessBatch(lectures_batches/aaaaab.batch) [including 23ms in LoadMessage; 20ms in InitializeSparseNdw; 0ms in FindReuseThetaCacheEntry; 4ms in InitializeTheta; 0ms in CreateRegularizerAgents; 325ms in InferThetaAndUpdateNwtSparse; 0ms in UpdateCacheEntry; 5ms in CalculateScore(sparsity_theta_score); 104ms in CalculateScore(^^^ItemsProcessedScore^^^); ]
I1005 20:40:38.619148 2047873024 master_component.cc:1436] RegularizeModelArgs: rwt_target_name=rwt, pwt_source_name=pwt, nwt_source_name=nwt
I1005 20:40:38.619179 2047873024 master_component.cc:976] MasterComponent: start regularizing model pwt
I1005 20:40:38.642633 29138944 processor.cc:740] No data in processing queue, waiting...
I1005 20:40:38.769021 2047873024 master_component.cc:1002] MasterComponent: complete regularizing model pwt
I1005 20:40:38.769038 2047873024 master_component.cc:1449] NormalizeModelArgs: pwt_target_name=pwt, nwt_source_name=nwt, rwt_source_name=rwt
I1005 20:40:38.769044 2047873024 master_component.cc:1006] MasterComponent: start normalizing model nwt
I1005 20:40:38.846760 2047873024 master_component.cc:1034] MasterComponent: complete normalizing model nwt
I1005 20:40:38.913722 2047873024 master_component.cc:1473] DisposeModel rwt
I1005 20:40:38.932780 2047873024 master_component.cc:1059] FitOffline: ItemsProcessed, num_items=1728, num_batches=2, token_weight=808522, token_weight_in_effect=808522
I1005 20:40:38.933045 2047873024 c_interface.cc:389] Pass FitOfflineMasterModelArgs, batch_filename_size=2, batch_weight_size=2, num_collection_passes=1, reset_nwt=yes to MN4artm4core15MasterComponentEFvRKNS_25FitOfflineMasterModelArgsEE
I1005 20:40:38.933059 2047873024 master_component.cc:1398] ProcessBatchesArgs: nwt_target_name=nwt, batch_filename_size=2, batch_size=0, batch_weight_size=2, pwt_source_name=pwt, num_document_passes=10, regularizer=(name:SmoothSparsePhi_bcg, tau:100000), regularizer=(name:SmoothSparcePhi_sbj, tau:-100000), class=(author:1), class=(text:1), reuse_theta=yes, opt_for_avx=yes, predict_class_id=, reset_nwt=yes
I1005 20:40:38.949967 27529216 processor.cc:747] Processing queue has data, processing started
I1005 20:40:38.949960 28602368 processor.cc:747] Processing queue has data, processing started
I1005 20:40:38.963786 28602368 processor.cc:820] Processor: start processing batch 5595bf76-db70-4e76-8078-14ac58e7232f into model nwt
