I1005 15:10:00.825073 2047873024 master_component.cc:1006] MasterComponent: start normalizing model nwt
I1005 15:10:00.859007 2047873024 master_component.cc:1034] MasterComponent: complete normalizing model nwt
I1005 15:10:00.870396 2047873024 master_component.cc:1473] DisposeModel rwt
I1005 15:10:00.878298 2047873024 master_component.cc:1059] FitOffline: ItemsProcessed, num_items=476, num_batches=5, token_weight=160411, token_weight_in_effect=160411
I1005 15:10:00.878581 2047873024 c_interface.cc:389] Pass FitOfflineMasterModelArgs, batch_filename_size=5, batch_weight_size=5, num_collection_passes=1, reset_nwt=yes to MN4artm4core15MasterComponentEFvRKNS_25FitOfflineMasterModelArgsEE
I1005 15:10:00.878597 2047873024 master_component.cc:1398] ProcessBatchesArgs: nwt_target_name=nwt, batch_filename_size=5, batch_size=0, batch_weight_size=5, pwt_source_name=pwt, num_document_passes=1, regularizer=(name:SparsePhi, tau:-50000), class=(text:1), reuse_theta=yes, opt_for_avx=yes, predict_class_id=, reset_nwt=yes
I1005 15:10:00.884460 29675520 processor.cc:747] Processing queue has data, processing started
I1005 15:10:00.884476 27529216 processor.cc:747] Processing queue has data, processing started
I1005 15:10:00.884657 26992640 processor.cc:747] Processing queue has data, processing started
I1005 15:10:00.884661 28602368 processor.cc:747] Processing queue has data, processing started
I1005 15:10:00.884675 29138944 processor.cc:747] Processing queue has data, processing started
I1005 15:10:00.887378 29675520 processor.cc:820] Processor: start processing batch c10f3d5b-9c8b-4a2c-a788-09a9100ffdaf into model nwt
I1005 15:10:00.887480 28602368 processor.cc:820] Processor: start processing batch 43359c6b-281d-4846-9aec-ddef8a5c0a6a into model nwt
I1005 15:10:00.887632 26992640 processor.cc:820] Processor: start processing batch eab02b5c-6a45-4195-9501-94fd6689e760 into model nwt
I1005 15:10:00.888842 29138944 processor.cc:820] Processor: start processing batch f49e2b66-2935-4601-a664-cf93afbfbc39 into model nwt
I1005 15:10:00.888882 27529216 processor.cc:820] Processor: start processing batch c9b607f8-4938-4861-9f12-8c6dcfabee41 into model nwt
I1005 15:10:00.924590 29138944 processor.cc:925] Processor: complete processing batch f49e2b66-2935-4601-a664-cf93afbfbc39 into model nwt
I1005 15:10:00.926956 28602368 processor.cc:925] Processor: complete processing batch 43359c6b-281d-4846-9aec-ddef8a5c0a6a into model nwt
I1005 15:10:00.927078 29138944 cuckoo_watch.h:45] 42ms in ProcessBatch(school_batches/aaaaae.batch) [including 4ms in LoadMessage; 1ms in InitializeSparseNdw; 0ms in FindReuseThetaCacheEntry; 0ms in InitializeTheta; 0ms in CreateRegularizerAgents; 11ms in InferThetaAndUpdateNwtSparse; 0ms in UpdateCacheEntry; 12ms in CalculateScore(PerplexityScore); 2ms in CalculateScore(SparsityThetaScore); 8ms in CalculateScore(^^^ItemsProcessedScore^^^); ]
I1005 15:10:00.928174 28602368 cuckoo_watch.h:45] 43ms in ProcessBatch(school_batches/aaaaad.batch) [including 2ms in LoadMessage; 0ms in InitializeSparseNdw; 0ms in FindReuseThetaCacheEntry; 0ms in InitializeTheta; 0ms in CreateRegularizerAgents; 12ms in InferThetaAndUpdateNwtSparse; 0ms in UpdateCacheEntry; 17ms in CalculateScore(PerplexityScore); 1ms in CalculateScore(SparsityThetaScore); 6ms in CalculateScore(^^^ItemsProcessedScore^^^); ]
I1005 15:10:00.929615 26992640 processor.cc:925] Processor: complete processing batch eab02b5c-6a45-4195-9501-94fd6689e760 into model nwt
I1005 15:10:00.931314 26992640 cuckoo_watch.h:45] 46ms in ProcessBatch(school_batches/aaaaac.batch) [including 2ms in LoadMessage; 0ms in InitializeSparseNdw; 0ms in FindReuseThetaCacheEntry; 0ms in InitializeTheta; 0ms in CreateRegularizerAgents; 12ms in InferThetaAndUpdateNwtSparse; 0ms in UpdateCacheEntry; 20ms in CalculateScore(PerplexityScore); 1ms in CalculateScore(SparsityThetaScore); 6ms in CalculateScore(^^^ItemsProcessedScore^^^); ]
I1005 15:10:00.932552 29675520 processor.cc:925] Processor: complete processing batch c10f3d5b-9c8b-4a2c-a788-09a9100ffdaf into model nwt
I1005 15:10:00.933878 29675520 cuckoo_watch.h:45] 49ms in ProcessBatch(school_batches/aaaaaa.batch) [including 2ms in LoadMessage; 0ms in InitializeSparseNdw; 0ms in FindReuseThetaCacheEntry; 0ms in InitializeTheta; 0ms in CreateRegularizerAgents; 13ms in InferThetaAndUpdateNwtSparse; 0ms in UpdateCacheEntry; 19ms in CalculateScore(PerplexityScore); 2ms in CalculateScore(SparsityThetaScore); 9ms in CalculateScore(^^^ItemsProcessedScore^^^); ]
I1005 15:10:00.935093 27529216 processor.cc:925] Processor: complete processing batch c9b607f8-4938-4861-9f12-8c6dcfabee41 into model nwt
I1005 15:10:00.936166 27529216 cuckoo_watch.h:45] 51ms in ProcessBatch(school_batches/aaaaab.batch) [including 4ms in LoadMessage; 1ms in InitializeSparseNdw; 0ms in FindReuseThetaCacheEntry; 0ms in InitializeTheta; 0ms in CreateRegularizerAgents; 14ms in InferThetaAndUpdateNwtSparse; 0ms in UpdateCacheEntry; 23ms in CalculateScore(PerplexityScore); 1ms in CalculateScore(SparsityThetaScore); 5ms in CalculateScore(^^^ItemsProcessedScore^^^); ]
I1005 15:10:00.937021 2047873024 master_component.cc:1436] RegularizeModelArgs: rwt_target_name=rwt, pwt_source_name=pwt, nwt_source_name=nwt
I1005 15:10:00.937037 2047873024 master_component.cc:976] MasterComponent: start regularizing model pwt
I1005 15:10:00.949954 29138944 processor.cc:740] No data in processing queue, waiting...
I1005 15:10:00.951282 28602368 processor.cc:740] No data in processing queue, waiting...
I1005 15:10:00.954083 26992640 processor.cc:740] No data in processing queue, waiting...
I1005 15:10:00.957089 29675520 processor.cc:740] No data in processing queue, waiting...
I1005 15:10:00.959214 27529216 processor.cc:740] No data in processing queue, waiting...
I1005 15:10:00.986282 2047873024 master_component.cc:1002] MasterComponent: complete regularizing model pwt
I1005 15:10:00.986302 2047873024 master_component.cc:1449] NormalizeModelArgs: pwt_target_name=pwt, nwt_source_name=nwt, rwt_source_name=rwt
I1005 15:10:00.986310 2047873024 master_component.cc:1006] MasterComponent: start normalizing model nwt
I1005 15:10:01.017364 2047873024 master_component.cc:1034] MasterComponent: complete normalizing model nwt
I1005 15:10:01.029212 2047873024 master_component.cc:1473] DisposeModel rwt
I1005 15:10:01.037245 2047873024 master_component.cc:1059] FitOffline: ItemsProcessed, num_items=476, num_batches=5, token_weight=160411, token_weight_in_effect=160411
I1005 15:10:01.037504 2047873024 c_interface.cc:389] Pass FitOfflineMasterModelArgs, batch_filename_size=5, batch_weight_size=5, num_collection_passes=1, reset_nwt=yes to MN4artm4core15MasterComponentEFvRKNS_25FitOfflineMasterModelArgsEE
I1005 15:10:01.037518 2047873024 master_component.cc:1398] ProcessBatchesArgs: nwt_target_name=nwt, batch_filename_size=5, batch_size=0, batch_weight_size=5, pwt_source_name=pwt, num_document_passes=1, regularizer=(name:SparsePhi, tau:-50000), class=(text:1), reuse_theta=yes, opt_for_avx=yes, predict_class_id=, reset_nwt=yes
I1005 15:10:01.043445 27529216 processor.cc:747] Processing queue has data, processing started
I1005 15:10:01.043471 26992640 processor.cc:747] Processing queue has data, processing started
I1005 15:10:01.043473 28602368 processor.cc:747] Processing queue has data, processing started
I1005 15:10:01.043475 29138944 processor.cc:747] Processing queue has data, processing started
I1005 15:10:01.043488 29675520 processor.cc:747] Processing queue has data, processing started
I1005 15:10:01.046635 29138944 processor.cc:820] Processor: start processing batch 43359c6b-281d-4846-9aec-ddef8a5c0a6a into model nwt
I1005 15:10:01.046897 27529216 processor.cc:820] Processor: start processing batch c10f3d5b-9c8b-4a2c-a788-09a9100ffdaf into model nwt
I1005 15:10:01.047528 26992640 processor.cc:820] Processor: start processing batch c9b607f8-4938-4861-9f12-8c6dcfabee41 into model nwt
I1005 15:10:01.047614 28602368 processor.cc:820] Processor: start processing batch eab02b5c-6a45-4195-9501-94fd6689e760 into model nwt
I1005 15:10:01.048029 29675520 processor.cc:820] Processor: start processing batch f49e2b66-2935-4601-a664-cf93afbfbc39 into model nwt
I1005 15:10:01.083855 26992640 processor.cc:925] Processor: complete processing batch c9b607f8-4938-4861-9f12-8c6dcfabee41 into model nwt
I1005 15:10:01.084383 28602368 processor.cc:925] Processor: complete processing batch eab02b5c-6a45-4195-9501-94fd6689e760 into model nwt
I1005 15:10:01.085366 26992640 cuckoo_watch.h:45] 41ms in ProcessBatch(school_batches/aaaaab.batch) [including 4ms in LoadMessage; 0ms in InitializeSparseNdw; 0ms in FindReuseThetaCacheEntry; 0ms in InitializeTheta; 0ms in CreateRegularizerAgents; 13ms in InferThetaAndUpdateNwtSparse; 0ms in UpdateCacheEntry; 14ms in CalculateScore(PerplexityScore); 1ms in CalculateScore(SparsityThetaScore); 5ms in CalculateScore(^^^ItemsProcessedScore^^^); ]
I1005 15:10:01.085495 29138944 processor.cc:925] Processor: complete processing batch 43359c6b-281d-4846-9aec-ddef8a5c0a6a into model nwt
I1005 15:10:01.085873 28602368 cuckoo_watch.h:45] 42ms in ProcessBatch(school_batches/aaaaac.batch) [including 4ms in LoadMessage; 0ms in InitializeSparseNdw; 0ms in FindReuseThetaCacheEntry; 0ms in InitializeTheta; 0ms in CreateRegularizerAgents; 13ms in InferThetaAndUpdateNwtSparse; 0ms in UpdateCacheEntry; 14ms in CalculateScore(PerplexityScore); 1ms in CalculateScore(SparsityThetaScore); 6ms in CalculateScore(^^^ItemsProcessedScore^^^); ]
I1005 15:10:01.085947 27529216 processor.cc:925] Processor: complete processing batch c10f3d5b-9c8b-4a2c-a788-09a9100ffdaf into model nwt
I1005 15:10:01.086524 29138944 cuckoo_watch.h:45] 43ms in ProcessBatch(school_batches/aaaaad.batch) [including 3ms in LoadMessage; 0ms in InitializeSparseNdw; 0ms in FindReuseThetaCacheEntry; 0ms in InitializeTheta; 0ms in CreateRegularizerAgents; 14ms in InferThetaAndUpdateNwtSparse; 0ms in UpdateCacheEntry; 15ms in CalculateScore(PerplexityScore); 1ms in CalculateScore(SparsityThetaScore); 6ms in CalculateScore(^^^ItemsProcessedScore^^^); ]
I1005 15:10:01.087307 27529216 cuckoo_watch.h:45] 43ms in ProcessBatch(school_batches/aaaaaa.batch) [including 3ms in LoadMessage; 0ms in InitializeSparseNdw; 0ms in FindReuseThetaCacheEntry; 0ms in InitializeTheta; 0ms in CreateRegularizerAgents; 13ms in InferThetaAndUpdateNwtSparse; 0ms in UpdateCacheEntry; 14ms in CalculateScore(PerplexityScore); 1ms in CalculateScore(SparsityThetaScore); 7ms in CalculateScore(^^^ItemsProcessedScore^^^); ]
I1005 15:10:01.087779 29675520 processor.cc:925] Processor: complete processing batch f49e2b66-2935-4601-a664-cf93afbfbc39 into model nwt
I1005 15:10:01.088881 29675520 cuckoo_watch.h:45] 45ms in ProcessBatch(school_batches/aaaaae.batch) [including 4ms in LoadMessage; 1ms in InitializeSparseNdw; 0ms in FindReuseThetaCacheEntry; 0ms in InitializeTheta; 0ms in CreateRegularizerAgents; 14ms in InferThetaAndUpdateNwtSparse; 0ms in UpdateCacheEntry; 15ms in CalculateScore(PerplexityScore); 1ms in CalculateScore(SparsityThetaScore); 7ms in CalculateScore(^^^ItemsProcessedScore^^^); ]
I1005 15:10:01.089176 2047873024 master_component.cc:1436] RegularizeModelArgs: rwt_target_name=rwt, pwt_source_name=pwt, nwt_source_name=nwt
I1005 15:10:01.089210 2047873024 master_component.cc:976] MasterComponent: start regularizing model pwt
I1005 15:10:01.108914 26992640 processor.cc:740] No data in processing queue, waiting...
I1005 15:10:01.110189 28602368 processor.cc:740] No data in processing queue, waiting...
I1005 15:10:01.110925 29138944 processor.cc:740] No data in processing queue, waiting...
I1005 15:10:01.111470 27529216 processor.cc:740] No data in processing queue, waiting...
I1005 15:10:01.112797 29675520 processor.cc:740] No data in processing queue, waiting...
I1005 15:10:01.139173 2047873024 master_component.cc:1002] MasterComponent: complete regularizing model pwt
I1005 15:10:01.139194 2047873024 master_component.cc:1449] NormalizeModelArgs: pwt_target_name=pwt, nwt_source_name=nwt, rwt_source_name=rwt
I1005 15:10:01.139201 2047873024 master_component.cc:1006] MasterComponent: start normalizing model nwt
I1005 15:10:01.171996 2047873024 master_component.cc:1034] MasterComponent: complete normalizing model nwt
I1005 15:10:01.183419 2047873024 master_component.cc:1473] DisposeModel rwt
I1005 15:10:01.193794 2047873024 master_component.cc:1059] FitOffline: ItemsProcessed, num_items=476, num_batches=5, token_weight=160411, token_weight_in_effect=160411
I1005 15:10:01.194082 2047873024 c_interface.cc:389] Pass FitOfflineMasterModelArgs, batch_filename_size=5, batch_weight_size=5, num_collection_passes=1, reset_nwt=yes to MN4artm4core15MasterComponentEFvRKNS_25FitOfflineMasterModelArgsEE
I1005 15:10:01.194097 2047873024 master_component.cc:1398] ProcessBatchesArgs: nwt_target_name=nwt, batch_filename_size=5, batch_size=0, batch_weight_size=5, pwt_source_name=pwt, num_document_passes=1, regularizer=(name:SparsePhi, tau:-50000), class=(text:1), reuse_theta=yes, opt_for_avx=yes, predict_class_id=, reset_nwt=yes
I1005 15:10:01.201781 29675520 processor.cc:747] Processing queue has data, processing started
I1005 15:10:01.201791 26992640 processor.cc:747] Processing queue has data, processing started
I1005 15:10:01.201802 26456064 processor.cc:747] Processing queue has data, processing started
I1005 15:10:01.201827 27529216 processor.cc:747] Processing queue has data, processing started
I1005 15:10:01.201834 28602368 processor.cc:747] Processing queue has data, processing started
I1005 15:10:01.204740 27529216 processor.cc:820] Processor: start processing batch 43359c6b-281d-4846-9aec-ddef8a5c0a6a into model nwt
I1005 15:10:01.204741 26456064 processor.cc:820] Processor: start processing batch eab02b5c-6a45-4195-9501-94fd6689e760 into model nwt
I1005 15:10:01.204820 29675520 processor.cc:820] Processor: start processing batch c10f3d5b-9c8b-4a2c-a788-09a9100ffdaf into model nwt
I1005 15:10:01.206077 28602368 processor.cc:820] Processor: start processing batch f49e2b66-2935-4601-a664-cf93afbfbc39 into model nwt
I1005 15:10:01.206265 26992640 processor.cc:820] Processor: start processing batch c9b607f8-4938-4861-9f12-8c6dcfabee41 into model nwt
I1005 15:10:01.242885 27529216 processor.cc:925] Processor: complete processing batch 43359c6b-281d-4846-9aec-ddef8a5c0a6a into model nwt
I1005 15:10:01.244647 28602368 processor.cc:925] Processor: complete processing batch f49e2b66-2935-4601-a664-cf93afbfbc39 into model nwt
I1005 15:10:01.245692 26456064 processor.cc:925] Processor: complete processing batch eab02b5c-6a45-4195-9501-94fd6689e760 into model nwt
I1005 15:10:01.245707 29675520 processor.cc:925] Processor: complete processing batch c10f3d5b-9c8b-4a2c-a788-09a9100ffdaf into model nwt
I1005 15:10:01.245782 28602368 cuckoo_watch.h:45] 43ms in ProcessBatch(school_batches/aaaaae.batch) [including 4ms in LoadMessage; 1ms in InitializeSparseNdw; 0ms in FindReuseThetaCacheEntry; 0ms in InitializeTheta; 0ms in CreateRegularizerAgents; 13ms in InferThetaAndUpdateNwtSparse; 0ms in UpdateCacheEntry; 16ms in CalculateScore(PerplexityScore); 1ms in CalculateScore(SparsityThetaScore); 5ms in CalculateScore(^^^ItemsProcessedScore^^^); ]
I1005 15:10:01.245829 27529216 cuckoo_watch.h:45] 43ms in ProcessBatch(school_batches/aaaaad.batch) [including 2ms in LoadMessage; 0ms in InitializeSparseNdw; 0ms in FindReuseThetaCacheEntry; 0ms in InitializeTheta; 0ms in CreateRegularizerAgents; 13ms in InferThetaAndUpdateNwtSparse; 0ms in UpdateCacheEntry; 14ms in CalculateScore(PerplexityScore); 1ms in CalculateScore(SparsityThetaScore); 8ms in CalculateScore(^^^ItemsProcessedScore^^^); ]
I1005 15:10:01.246744 26456064 cuckoo_watch.h:45] 44ms in ProcessBatch(school_batches/aaaaac.batch) [including 2ms in LoadMessage; 0ms in InitializeSparseNdw; 0ms in FindReuseThetaCacheEntry; 0ms in InitializeTheta; 0ms in CreateRegularizerAgents; 15ms in InferThetaAndUpdateNwtSparse; 0ms in UpdateCacheEntry; 16ms in CalculateScore(PerplexityScore); 1ms in CalculateScore(SparsityThetaScore); 6ms in CalculateScore(^^^ItemsProcessedScore^^^); ]
I1005 15:10:01.246793 29675520 cuckoo_watch.h:45] 44ms in ProcessBatch(school_batches/aaaaaa.batch) [including 3ms in LoadMessage; 0ms in InitializeSparseNdw; 0ms in FindReuseThetaCacheEntry; 0ms in InitializeTheta; 0ms in CreateRegularizerAgents; 11ms in InferThetaAndUpdateNwtSparse; 0ms in UpdateCacheEntry; 18ms in CalculateScore(PerplexityScore); 1ms in CalculateScore(SparsityThetaScore); 8ms in CalculateScore(^^^ItemsProcessedScore^^^); ]
I1005 15:10:01.246836 26992640 processor.cc:925] Processor: complete processing batch c9b607f8-4938-4861-9f12-8c6dcfabee41 into model nwt
I1005 15:10:01.247938 26992640 cuckoo_watch.h:45] 46ms in ProcessBatch(school_batches/aaaaab.batch) [including 4ms in LoadMessage; 1ms in InitializeSparseNdw; 0ms in FindReuseThetaCacheEntry; 0ms in InitializeTheta; 0ms in CreateRegularizerAgents; 12ms in InferThetaAndUpdateNwtSparse; 0ms in UpdateCacheEntry; 19ms in CalculateScore(PerplexityScore); 1ms in CalculateScore(SparsityThetaScore); 6ms in CalculateScore(^^^ItemsProcessedScore^^^); ]
I1005 15:10:01.248178 2047873024 master_component.cc:1436] RegularizeModelArgs: rwt_target_name=rwt, pwt_source_name=pwt, nwt_source_name=nwt
I1005 15:10:01.248216 2047873024 master_component.cc:976] MasterComponent: start regularizing model pwt
I1005 15:10:01.270076 28602368 processor.cc:740] No data in processing queue, waiting...
I1005 15:10:01.270073 27529216 processor.cc:740] No data in processing queue, waiting...
I1005 15:10:01.270527 26456064 processor.cc:740] No data in processing queue, waiting...
I1005 15:10:01.271337 29675520 processor.cc:740] No data in processing queue, waiting...
I1005 15:10:01.271827 26992640 processor.cc:740] No data in processing queue, waiting...
I1005 15:10:01.295665 2047873024 master_component.cc:1002] MasterComponent: complete regularizing model pwt
I1005 15:10:01.295677 2047873024 master_component.cc:1449] NormalizeModelArgs: pwt_target_name=pwt, nwt_source_name=nwt, rwt_source_name=rwt
I1005 15:10:01.295683 2047873024 master_component.cc:1006] MasterComponent: start normalizing model nwt
I1005 15:10:01.326207 2047873024 master_component.cc:1034] MasterComponent: complete normalizing model nwt
I1005 15:10:01.336961 2047873024 master_component.cc:1473] DisposeModel rwt
I1005 15:10:01.344585 2047873024 master_component.cc:1059] FitOffline: ItemsProcessed, num_items=476, num_batches=5, token_weight=160411, token_weight_in_effect=160411
I1005 15:10:01.344856 2047873024 c_interface.cc:389] Pass FitOfflineMasterModelArgs, batch_filename_size=5, batch_weight_size=5, num_collection_passes=1, reset_nwt=yes to MN4artm4core15MasterComponentEFvRKNS_25FitOfflineMasterModelArgsEE
I1005 15:10:01.344880 2047873024 master_component.cc:1398] ProcessBatchesArgs: nwt_target_name=nwt, batch_filename_size=5, batch_size=0, batch_weight_size=5, pwt_source_name=pwt, num_document_passes=1, regularizer=(name:SparsePhi, tau:-50000), class=(text:1), reuse_theta=yes, opt_for_avx=yes, predict_class_id=, reset_nwt=yes
I1005 15:10:01.351016 28065792 processor.cc:747] Processing queue has data, processing started
I1005 15:10:01.351016 30212096 processor.cc:747] Processing queue has data, processing started
I1005 15:10:01.351027 29675520 processor.cc:747] Processing queue has data, processing started
I1005 15:10:01.351038 28602368 processor.cc:747] Processing queue has data, processing started
I1005 15:10:01.351042 29138944 processor.cc:747] Processing queue has data, processing started
I1005 15:10:01.353766 30212096 processor.cc:820] Processor: start processing batch c10f3d5b-9c8b-4a2c-a788-09a9100ffdaf into model nwt
I1005 15:10:01.354019 29138944 processor.cc:820] Processor: start processing batch f49e2b66-2935-4601-a664-cf93afbfbc39 into model nwt
I1005 15:10:01.354257 29675520 processor.cc:820] Processor: start processing batch eab02b5c-6a45-4195-9501-94fd6689e760 into model nwt
I1005 15:10:01.354401 28065792 processor.cc:820] Processor: start processing batch c9b607f8-4938-4861-9f12-8c6dcfabee41 into model nwt
I1005 15:10:01.354578 28602368 processor.cc:820] Processor: start processing batch 43359c6b-281d-4846-9aec-ddef8a5c0a6a into model nwt
I1005 15:10:01.388315 29138944 processor.cc:925] Processor: complete processing batch f49e2b66-2935-4601-a664-cf93afbfbc39 into model nwt
I1005 15:10:01.389973 29138944 cuckoo_watch.h:45] 38ms in ProcessBatch(school_batches/aaaaae.batch) [including 2ms in LoadMessage; 0ms in InitializeSparseNdw; 0ms in FindReuseThetaCacheEntry; 0ms in InitializeTheta; 0ms in CreateRegularizerAgents; 13ms in InferThetaAndUpdateNwtSparse; 0ms in UpdateCacheEntry; 13ms in CalculateScore(PerplexityScore); 1ms in CalculateScore(SparsityThetaScore); 5ms in CalculateScore(^^^ItemsProcessedScore^^^); ]
I1005 15:10:01.391649 28065792 processor.cc:925] Processor: complete processing batch c9b607f8-4938-4861-9f12-8c6dcfabee41 into model nwt
I1005 15:10:01.393172 28065792 cuckoo_watch.h:45] 42ms in ProcessBatch(school_batches/aaaaab.batch) [including 3ms in LoadMessage; 1ms in InitializeSparseNdw; 0ms in FindReuseThetaCacheEntry; 0ms in InitializeTheta; 0ms in CreateRegularizerAgents; 13ms in InferThetaAndUpdateNwtSparse; 0ms in UpdateCacheEntry; 15ms in CalculateScore(PerplexityScore); 1ms in CalculateScore(SparsityThetaScore); 5ms in CalculateScore(^^^ItemsProcessedScore^^^); ]
I1005 15:10:01.393626 29675520 processor.cc:925] Processor: complete processing batch eab02b5c-6a45-4195-9501-94fd6689e760 into model nwt
I1005 15:10:01.394964 30212096 processor.cc:925] Processor: complete processing batch c10f3d5b-9c8b-4a2c-a788-09a9100ffdaf into model nwt
I1005 15:10:01.395300 29675520 cuckoo_watch.h:45] 44ms in ProcessBatch(school_batches/aaaaac.batch) [including 3ms in LoadMessage; 0ms in InitializeSparseNdw; 0ms in FindReuseThetaCacheEntry; 0ms in InitializeTheta; 0ms in CreateRegularizerAgents; 14ms in InferThetaAndUpdateNwtSparse; 0ms in UpdateCacheEntry; 16ms in CalculateScore(PerplexityScore); 1ms in CalculateScore(SparsityThetaScore); 6ms in CalculateScore(^^^ItemsProcessedScore^^^); ]
I1005 15:10:01.396478 30212096 cuckoo_watch.h:45] 45ms in ProcessBatch(school_batches/aaaaaa.batch) [including 2ms in LoadMessage; 0ms in InitializeSparseNdw; 0ms in FindReuseThetaCacheEntry; 0ms in InitializeTheta; 0ms in CreateRegularizerAgents; 15ms in InferThetaAndUpdateNwtSparse; 0ms in UpdateCacheEntry; 15ms in CalculateScore(PerplexityScore); 1ms in CalculateScore(SparsityThetaScore); 6ms in CalculateScore(^^^ItemsProcessedScore^^^); ]
I1005 15:10:01.397087 28602368 processor.cc:925] Processor: complete processing batch 43359c6b-281d-4846-9aec-ddef8a5c0a6a into model nwt
I1005 15:10:01.398327 28602368 cuckoo_watch.h:45] 47ms in ProcessBatch(school_batches/aaaaad.batch) [including 3ms in LoadMessage; 1ms in InitializeSparseNdw; 0ms in FindReuseThetaCacheEntry; 0ms in InitializeTheta; 0ms in CreateRegularizerAgents; 15ms in InferThetaAndUpdateNwtSparse; 0ms in UpdateCacheEntry; 17ms in CalculateScore(PerplexityScore); 1ms in CalculateScore(SparsityThetaScore); 6ms in CalculateScore(^^^ItemsProcessedScore^^^); ]
I1005 15:10:01.399662 2047873024 master_component.cc:1436] RegularizeModelArgs: rwt_target_name=rwt, pwt_source_name=pwt, nwt_source_name=nwt
I1005 15:10:01.399696 2047873024 master_component.cc:976] MasterComponent: start regularizing model pwt
I1005 15:10:01.413821 29138944 processor.cc:740] No data in processing queue, waiting...
I1005 15:10:01.417698 28065792 processor.cc:740] No data in processing queue, waiting...
I1005 15:10:01.419206 29675520 processor.cc:740] No data in processing queue, waiting...
I1005 15:10:01.420300 30212096 processor.cc:740] No data in processing queue, waiting...
I1005 15:10:01.422837 28602368 processor.cc:740] No data in processing queue, waiting...
I1005 15:10:01.452241 2047873024 master_component.cc:1002] MasterComponent: complete regularizing model pwt
I1005 15:10:01.452261 2047873024 master_component.cc:1449] NormalizeModelArgs: pwt_target_name=pwt, nwt_source_name=nwt, rwt_source_name=rwt
I1005 15:10:01.452268 2047873024 master_component.cc:1006] MasterComponent: start normalizing model nwt
I1005 15:10:01.483405 2047873024 master_component.cc:1034] MasterComponent: complete normalizing model nwt
I1005 15:10:01.495596 2047873024 master_component.cc:1473] DisposeModel rwt
I1005 15:10:01.504246 2047873024 master_component.cc:1059] FitOffline: ItemsProcessed, num_items=476, num_batches=5, token_weight=160411, token_weight_in_effect=160411
I1005 15:10:01.504510 2047873024 c_interface.cc:389] Pass FitOfflineMasterModelArgs, batch_filename_size=5, batch_weight_size=5, num_collection_passes=1, reset_nwt=yes to MN4artm4core15MasterComponentEFvRKNS_25FitOfflineMasterModelArgsEE
I1005 15:10:01.504537 2047873024 master_component.cc:1398] ProcessBatchesArgs: nwt_target_name=nwt, batch_filename_size=5, batch_size=0, batch_weight_size=5, pwt_source_name=pwt, num_document_passes=1, regularizer=(name:SparsePhi, tau:-50000), class=(text:1), reuse_theta=yes, opt_for_avx=yes, predict_class_id=, reset_nwt=yes
I1005 15:10:01.510342 29138944 processor.cc:747] Processing queue has data, processing started
I1005 15:10:01.510351 28065792 processor.cc:747] Processing queue has data, processing started
I1005 15:10:01.510527 26992640 processor.cc:747] Processing queue has data, processing started
I1005 15:10:01.511596 26456064 processor.cc:747] Processing queue has data, processing started
I1005 15:10:01.511620 30212096 processor.cc:747] Processing queue has data, processing started
I1005 15:10:01.513070 29138944 processor.cc:820] Processor: start processing batch c10f3d5b-9c8b-4a2c-a788-09a9100ffdaf into model nwt
I1005 15:10:01.513154 26992640 processor.cc:820] Processor: start processing batch eab02b5c-6a45-4195-9501-94fd6689e760 into model nwt
I1005 15:10:01.513716 28065792 processor.cc:820] Processor: start processing batch c9b607f8-4938-4861-9f12-8c6dcfabee41 into model nwt
I1005 15:10:01.514108 30212096 processor.cc:820] Processor: start processing batch f49e2b66-2935-4601-a664-cf93afbfbc39 into model nwt
I1005 15:10:01.515467 26456064 processor.cc:820] Processor: start processing batch 43359c6b-281d-4846-9aec-ddef8a5c0a6a into model nwt
I1005 15:10:01.549381 30212096 processor.cc:925] Processor: complete processing batch f49e2b66-2935-4601-a664-cf93afbfbc39 into model nwt
I1005 15:10:01.550777 26992640 processor.cc:925] Processor: complete processing batch eab02b5c-6a45-4195-9501-94fd6689e760 into model nwt
I1005 15:10:01.551436 28065792 processor.cc:925] Processor: complete processing batch c9b607f8-4938-4861-9f12-8c6dcfabee41 into model nwt
I1005 15:10:01.551781 30212096 cuckoo_watch.h:45] 40ms in ProcessBatch(school_batches/aaaaae.batch) [including 2ms in LoadMessage; 0ms in InitializeSparseNdw; 0ms in FindReuseThetaCacheEntry; 0ms in InitializeTheta; 0ms in CreateRegularizerAgents; 12ms in InferThetaAndUpdateNwtSparse; 0ms in UpdateCacheEntry; 15ms in CalculateScore(PerplexityScore); 1ms in CalculateScore(SparsityThetaScore); 5ms in CalculateScore(^^^ItemsProcessedScore^^^); ]
I1005 15:10:01.551831 26456064 processor.cc:925] Processor: complete processing batch 43359c6b-281d-4846-9aec-ddef8a5c0a6a into model nwt
I1005 15:10:01.552275 26992640 cuckoo_watch.h:45] 41ms in ProcessBatch(school_batches/aaaaac.batch) [including 2ms in LoadMessage; 0ms in InitializeSparseNdw; 0ms in FindReuseThetaCacheEntry; 0ms in InitializeTheta; 0ms in CreateRegularizerAgents; 14ms in InferThetaAndUpdateNwtSparse; 0ms in UpdateCacheEntry; 14ms in CalculateScore(PerplexityScore); 0ms in CalculateScore(SparsityThetaScore); 5ms in CalculateScore(^^^ItemsProcessedScore^^^); ]
I1005 15:10:01.553052 28065792 cuckoo_watch.h:45] 42ms in ProcessBatch(school_batches/aaaaab.batch) [including 3ms in LoadMessage; 1ms in InitializeSparseNdw; 0ms in FindReuseThetaCacheEntry; 0ms in InitializeTheta; 0ms in CreateRegularizerAgents; 12ms in InferThetaAndUpdateNwtSparse; 0ms in UpdateCacheEntry; 16ms in CalculateScore(PerplexityScore); 1ms in CalculateScore(SparsityThetaScore); 6ms in CalculateScore(^^^ItemsProcessedScore^^^); ]
I1005 15:10:01.553223 29138944 processor.cc:925] Processor: complete processing batch c10f3d5b-9c8b-4a2c-a788-09a9100ffdaf into model nwt
I1005 15:10:01.553730 26456064 cuckoo_watch.h:45] 42ms in ProcessBatch(school_batches/aaaaad.batch) [including 3ms in LoadMessage; 0ms in InitializeSparseNdw; 0ms in FindReuseThetaCacheEntry; 0ms in InitializeTheta; 0ms in CreateRegularizerAgents; 13ms in InferThetaAndUpdateNwtSparse; 0ms in UpdateCacheEntry; 13ms in CalculateScore(PerplexityScore); 1ms in CalculateScore(SparsityThetaScore); 7ms in CalculateScore(^^^ItemsProcessedScore^^^); ]
I1005 15:10:01.554311 29138944 cuckoo_watch.h:45] 43ms in ProcessBatch(school_batches/aaaaaa.batch) [including 2ms in LoadMessage; 0ms in InitializeSparseNdw; 0ms in FindReuseThetaCacheEntry; 0ms in InitializeTheta; 0ms in CreateRegularizerAgents; 15ms in InferThetaAndUpdateNwtSparse; 0ms in UpdateCacheEntry; 13ms in CalculateScore(PerplexityScore); 1ms in CalculateScore(SparsityThetaScore); 8ms in CalculateScore(^^^ItemsProcessedScore^^^); ]
I1005 15:10:01.554910 2047873024 master_component.cc:1436] RegularizeModelArgs: rwt_target_name=rwt, pwt_source_name=pwt, nwt_source_name=nwt
I1005 15:10:01.554927 2047873024 master_component.cc:976] MasterComponent: start regularizing model pwt
I1005 15:10:01.575356 30212096 processor.cc:740] No data in processing queue, waiting...
I1005 15:10:01.576602 28065792 processor.cc:740] No data in processing queue, waiting...
I1005 15:10:01.576617 26992640 processor.cc:740] No data in processing queue, waiting...
I1005 15:10:01.577888 29138944 processor.cc:740] No data in processing queue, waiting...
I1005 15:10:01.577911 26456064 processor.cc:740] No data in processing queue, waiting...
I1005 15:10:01.606509 2047873024 master_component.cc:1002] MasterComponent: complete regularizing model pwt
I1005 15:10:01.606531 2047873024 master_component.cc:1449] NormalizeModelArgs: pwt_target_name=pwt, nwt_source_name=nwt, rwt_source_name=rwt
I1005 15:10:01.606539 2047873024 master_component.cc:1006] MasterComponent: start normalizing model nwt
I1005 15:10:01.635852 2047873024 master_component.cc:1034] MasterComponent: complete normalizing model nwt
I1005 15:10:01.645925 2047873024 master_component.cc:1473] DisposeModel rwt
I1005 15:10:01.653519 2047873024 master_component.cc:1059] FitOffline: ItemsProcessed, num_items=476, num_batches=5, token_weight=160411, token_weight_in_effect=160411
I1005 15:10:01.653797 2047873024 c_interface.cc:389] Pass FitOfflineMasterModelArgs, batch_filename_size=5, batch_weight_size=5, num_collection_passes=1, reset_nwt=yes to MN4artm4core15MasterComponentEFvRKNS_25FitOfflineMasterModelArgsEE
I1005 15:10:01.653816 2047873024 master_component.cc:1398] ProcessBatchesArgs: nwt_target_name=nwt, batch_filename_size=5, batch_size=0, batch_weight_size=5, pwt_source_name=pwt, num_document_passes=1, regularizer=(name:SparsePhi, tau:-50000), class=(text:1), reuse_theta=yes, opt_for_avx=yes, predict_class_id=, reset_nwt=yes
I1005 15:10:01.661576 27529216 processor.cc:747] Processing queue has data, processing started
I1005 15:10:01.661581 30212096 processor.cc:747] Processing queue has data, processing started
I1005 15:10:01.661587 29138944 processor.cc:747] Processing queue has data, processing started
I1005 15:10:01.661610 28602368 processor.cc:747] Processing queue has data, processing started
I1005 15:10:01.661624 29675520 processor.cc:747] Processing queue has data, processing started
I1005 15:10:01.665174 29675520 processor.cc:820] Processor: start processing batch f49e2b66-2935-4601-a664-cf93afbfbc39 into model nwt
I1005 15:10:01.665274 28602368 processor.cc:820] Processor: start processing batch 43359c6b-281d-4846-9aec-ddef8a5c0a6a into model nwt
I1005 15:10:01.665359 27529216 processor.cc:820] Processor: start processing batch c10f3d5b-9c8b-4a2c-a788-09a9100ffdaf into model nwt
I1005 15:10:01.666069 30212096 processor.cc:820] Processor: start processing batch c9b607f8-4938-4861-9f12-8c6dcfabee41 into model nwt
I1005 15:10:01.666420 29138944 processor.cc:820] Processor: start processing batch eab02b5c-6a45-4195-9501-94fd6689e760 into model nwt
I1005 15:10:01.701197 29675520 processor.cc:925] Processor: complete processing batch f49e2b66-2935-4601-a664-cf93afbfbc39 into model nwt
I1005 15:10:01.702291 29675520 cuckoo_watch.h:45] 40ms in ProcessBatch(school_batches/aaaaae.batch) [including 3ms in LoadMessage; 1ms in InitializeSparseNdw; 0ms in FindReuseThetaCacheEntry; 0ms in InitializeTheta; 0ms in CreateRegularizerAgents; 13ms in InferThetaAndUpdateNwtSparse; 0ms in UpdateCacheEntry; 13ms in CalculateScore(PerplexityScore); 1ms in CalculateScore(SparsityThetaScore); 6ms in CalculateScore(^^^ItemsProcessedScore^^^); ]
I1005 15:10:01.702360 30212096 processor.cc:925] Processor: complete processing batch c9b607f8-4938-4861-9f12-8c6dcfabee41 into model nwt
I1005 15:10:01.702833 28602368 processor.cc:925] Processor: complete processing batch 43359c6b-281d-4846-9aec-ddef8a5c0a6a into model nwt
I1005 15:10:01.703780 30212096 cuckoo_watch.h:45] 42ms in ProcessBatch(school_batches/aaaaab.batch) [including 4ms in LoadMessage; 1ms in InitializeSparseNdw; 0ms in FindReuseThetaCacheEntry; 0ms in InitializeTheta; 0ms in CreateRegularizerAgents; 13ms in InferThetaAndUpdateNwtSparse; 0ms in UpdateCacheEntry; 14ms in CalculateScore(PerplexityScore); 1ms in CalculateScore(SparsityThetaScore); 5ms in CalculateScore(^^^ItemsProcessedScore^^^); ]
I1005 15:10:01.704241 28602368 cuckoo_watch.h:45] 42ms in ProcessBatch(school_batches/aaaaad.batch) [including 3ms in LoadMessage; 1ms in InitializeSparseNdw; 0ms in FindReuseThetaCacheEntry; 0ms in InitializeTheta; 0ms in CreateRegularizerAgents; 13ms in InferThetaAndUpdateNwtSparse; 0ms in UpdateCacheEntry; 13ms in CalculateScore(PerplexityScore); 1ms in CalculateScore(SparsityThetaScore); 7ms in CalculateScore(^^^ItemsProcessedScore^^^); ]
I1005 15:10:01.704777 29138944 processor.cc:925] Processor: complete processing batch eab02b5c-6a45-4195-9501-94fd6689e760 into model nwt
I1005 15:10:01.705873 29138944 cuckoo_watch.h:45] 44ms in ProcessBatch(school_batches/aaaaac.batch) [including 4ms in LoadMessage; 1ms in InitializeSparseNdw; 0ms in FindReuseThetaCacheEntry; 0ms in InitializeTheta; 0ms in CreateRegularizerAgents; 13ms in InferThetaAndUpdateNwtSparse; 0ms in UpdateCacheEntry; 16ms in CalculateScore(PerplexityScore); 1ms in CalculateScore(SparsityThetaScore); 5ms in CalculateScore(^^^ItemsProcessedScore^^^); ]
I1005 15:10:01.707407 27529216 processor.cc:925] Processor: complete processing batch c10f3d5b-9c8b-4a2c-a788-09a9100ffdaf into model nwt
I1005 15:10:01.708570 27529216 cuckoo_watch.h:45] 46ms in ProcessBatch(school_batches/aaaaaa.batch) [including 3ms in LoadMessage; 2ms in InitializeSparseNdw; 0ms in FindReuseThetaCacheEntry; 0ms in InitializeTheta; 0ms in CreateRegularizerAgents; 13ms in InferThetaAndUpdateNwtSparse; 0ms in UpdateCacheEntry; 16ms in CalculateScore(PerplexityScore); 1ms in CalculateScore(SparsityThetaScore); 7ms in CalculateScore(^^^ItemsProcessedScore^^^); ]
I1005 15:10:01.709540 2047873024 master_component.cc:1436] RegularizeModelArgs: rwt_target_name=rwt, pwt_source_name=pwt, nwt_source_name=nwt
I1005 15:10:01.709563 2047873024 master_component.cc:976] MasterComponent: start regularizing model pwt
I1005 15:10:01.726091 29675520 processor.cc:740] No data in processing queue, waiting...
I1005 15:10:01.727367 30212096 processor.cc:740] No data in processing queue, waiting...
I1005 15:10:01.728627 28602368 processor.cc:740] No data in processing queue, waiting...
I1005 15:10:01.729918 29138944 processor.cc:740] No data in processing queue, waiting...
I1005 15:10:01.732480 27529216 processor.cc:740] No data in processing queue, waiting...
I1005 15:10:01.758473 2047873024 master_component.cc:1002] MasterComponent: complete regularizing model pwt
I1005 15:10:01.758494 2047873024 master_component.cc:1449] NormalizeModelArgs: pwt_target_name=pwt, nwt_source_name=nwt, rwt_source_name=rwt
I1005 15:10:01.758500 2047873024 master_component.cc:1006] MasterComponent: start normalizing model nwt
I1005 15:10:01.792338 2047873024 master_component.cc:1034] MasterComponent: complete normalizing model nwt
I1005 15:10:01.804622 2047873024 master_component.cc:1473] DisposeModel rwt
I1005 15:10:01.812952 2047873024 master_component.cc:1059] FitOffline: ItemsProcessed, num_items=476, num_batches=5, token_weight=160411, token_weight_in_effect=160411
I1005 15:10:01.813221 2047873024 c_interface.cc:389] Pass FitOfflineMasterModelArgs, batch_filename_size=5, batch_weight_size=5, num_collection_passes=1, reset_nwt=yes to MN4artm4core15MasterComponentEFvRKNS_25FitOfflineMasterModelArgsEE
I1005 15:10:01.813236 2047873024 master_component.cc:1398] ProcessBatchesArgs: nwt_target_name=nwt, batch_filename_size=5, batch_size=0, batch_weight_size=5, pwt_source_name=pwt, num_document_passes=1, regularizer=(name:SparsePhi, tau:-50000), class=(text:1), reuse_theta=yes, opt_for_avx=yes, predict_class_id=, reset_nwt=yes
I1005 15:10:01.820217 28602368 processor.cc:747] Processing queue has data, processing started
I1005 15:10:01.820224 29675520 processor.cc:747] Processing queue has data, processing started
I1005 15:10:01.820242 29138944 processor.cc:747] Processing queue has data, processing started
I1005 15:10:01.820261 27529216 processor.cc:747] Processing queue has data, processing started
I1005 15:10:01.820668 28065792 processor.cc:747] Processing queue has data, processing started
I1005 15:10:01.822846 28602368 processor.cc:820] Processor: start processing batch c10f3d5b-9c8b-4a2c-a788-09a9100ffdaf into model nwt
I1005 15:10:01.823284 27529216 processor.cc:820] Processor: start processing batch 43359c6b-281d-4846-9aec-ddef8a5c0a6a into model nwt
I1005 15:10:01.823401 28065792 processor.cc:820] Processor: start processing batch f49e2b66-2935-4601-a664-cf93afbfbc39 into model nwt
I1005 15:10:01.823798 29675520 processor.cc:820] Processor: start processing batch c9b607f8-4938-4861-9f12-8c6dcfabee41 into model nwt
I1005 15:10:01.824033 29138944 processor.cc:820] Processor: start processing batch eab02b5c-6a45-4195-9501-94fd6689e760 into model nwt
I1005 15:10:01.858978 27529216 processor.cc:925] Processor: complete processing batch 43359c6b-281d-4846-9aec-ddef8a5c0a6a into model nwt
I1005 15:10:01.859781 28065792 processor.cc:925] Processor: complete processing batch f49e2b66-2935-4601-a664-cf93afbfbc39 into model nwt
I1005 15:10:01.860673 28602368 processor.cc:925] Processor: complete processing batch c10f3d5b-9c8b-4a2c-a788-09a9100ffdaf into model nwt
I1005 15:10:01.860862 27529216 cuckoo_watch.h:45] 40ms in ProcessBatch(school_batches/aaaaad.batch) [including 3ms in LoadMessage; 1ms in InitializeSparseNdw; 0ms in FindReuseThetaCacheEntry; 0ms in InitializeTheta; 0ms in CreateRegularizerAgents; 12ms in InferThetaAndUpdateNwtSparse; 0ms in UpdateCacheEntry; 13ms in CalculateScore(PerplexityScore); 1ms in CalculateScore(SparsityThetaScore); 7ms in CalculateScore(^^^ItemsProcessedScore^^^); ]
I1005 15:10:01.861974 28065792 cuckoo_watch.h:45] 41ms in ProcessBatch(school_batches/aaaaae.batch) [including 2ms in LoadMessage; 0ms in InitializeSparseNdw; 0ms in FindReuseThetaCacheEntry; 0ms in InitializeTheta; 0ms in CreateRegularizerAgents; 12ms in InferThetaAndUpdateNwtSparse; 0ms in UpdateCacheEntry; 14ms in CalculateScore(PerplexityScore); 1ms in CalculateScore(SparsityThetaScore); 7ms in CalculateScore(^^^ItemsProcessedScore^^^); ]
I1005 15:10:01.862385 29138944 processor.cc:925] Processor: complete processing batch eab02b5c-6a45-4195-9501-94fd6689e760 into model nwt
I1005 15:10:01.862794 28602368 cuckoo_watch.h:45] 42ms in ProcessBatch(school_batches/aaaaaa.batch) [including 2ms in LoadMessage; 0ms in InitializeSparseNdw; 0ms in FindReuseThetaCacheEntry; 0ms in InitializeTheta; 0ms in CreateRegularizerAgents; 13ms in InferThetaAndUpdateNwtSparse; 0ms in UpdateCacheEntry; 15ms in CalculateScore(PerplexityScore); 1ms in CalculateScore(SparsityThetaScore); 7ms in CalculateScore(^^^ItemsProcessedScore^^^); ]
I1005 15:10:01.863471 29138944 cuckoo_watch.h:45] 43ms in ProcessBatch(school_batches/aaaaac.batch) [including 3ms in LoadMessage; 1ms in InitializeSparseNdw; 0ms in FindReuseThetaCacheEntry; 0ms in InitializeTheta; 0ms in CreateRegularizerAgents; 15ms in InferThetaAndUpdateNwtSparse; 0ms in UpdateCacheEntry; 13ms in CalculateScore(PerplexityScore); 1ms in CalculateScore(SparsityThetaScore); 7ms in CalculateScore(^^^ItemsProcessedScore^^^); ]
I1005 15:10:01.866873 29675520 processor.cc:925] Processor: complete processing batch c9b607f8-4938-4861-9f12-8c6dcfabee41 into model nwt
I1005 15:10:01.867949 29675520 cuckoo_watch.h:45] 47ms in ProcessBatch(school_batches/aaaaab.batch) [including 3ms in LoadMessage; 1ms in InitializeSparseNdw; 0ms in FindReuseThetaCacheEntry; 0ms in InitializeTheta; 0ms in CreateRegularizerAgents; 14ms in InferThetaAndUpdateNwtSparse; 0ms in UpdateCacheEntry; 17ms in CalculateScore(PerplexityScore); 1ms in CalculateScore(SparsityThetaScore); 8ms in CalculateScore(^^^ItemsProcessedScore^^^); ]
I1005 15:10:01.868300 2047873024 master_component.cc:1436] RegularizeModelArgs: rwt_target_name=rwt, pwt_source_name=pwt, nwt_source_name=nwt
I1005 15:10:01.868319 2047873024 master_component.cc:976] MasterComponent: start regularizing model pwt
I1005 15:10:01.884630 27529216 processor.cc:740] No data in processing queue, waiting...
I1005 15:10:01.885895 28065792 processor.cc:740] No data in processing queue, waiting...
I1005 15:10:01.886713 28602368 processor.cc:740] No data in processing queue, waiting...
I1005 15:10:01.887194 29138944 processor.cc:740] No data in processing queue, waiting...
I1005 15:10:01.891847 29675520 processor.cc:740] No data in processing queue, waiting...
I1005 15:10:01.916402 2047873024 master_component.cc:1002] MasterComponent: complete regularizing model pwt
I1005 15:10:01.916424 2047873024 master_component.cc:1449] NormalizeModelArgs: pwt_target_name=pwt, nwt_source_name=nwt, rwt_source_name=rwt
I1005 15:10:01.916430 2047873024 master_component.cc:1006] MasterComponent: start normalizing model nwt
I1005 15:10:01.949321 2047873024 master_component.cc:1034] MasterComponent: complete normalizing model nwt
I1005 15:10:01.962680 2047873024 master_component.cc:1473] DisposeModel rwt
I1005 15:10:01.969748 2047873024 master_component.cc:1059] FitOffline: ItemsProcessed, num_items=476, num_batches=5, token_weight=160411, token_weight_in_effect=160411
I1005 15:10:15.323595 2047873024 c_interface.cc:231] ArtmCopyRequestedMessage is copying 120781 bytes...
I1005 15:10:15.371155 2047873024 c_interface.cc:231] ArtmCopyRequestedMessage is copying 120781 bytes...
I1005 15:10:15.422683 2047873024 c_interface.cc:231] ArtmCopyRequestedMessage is copying 120781 bytes...
I1005 15:10:15.479081 2047873024 c_interface.cc:231] ArtmCopyRequestedMessage is copying 120781 bytes...
I1005 15:10:15.531343 2047873024 c_interface.cc:231] ArtmCopyRequestedMessage is copying 120781 bytes...
I1005 15:10:15.587582 2047873024 c_interface.cc:231] ArtmCopyRequestedMessage is copying 120781 bytes...
I1005 15:10:15.640538 2047873024 c_interface.cc:231] ArtmCopyRequestedMessage is copying 120781 bytes...
I1005 15:10:15.696348 2047873024 c_interface.cc:231] ArtmCopyRequestedMessage is copying 120781 bytes...
I1005 15:10:15.747120 2047873024 c_interface.cc:231] ArtmCopyRequestedMessage is copying 120781 bytes...
I1005 15:10:15.803514 2047873024 c_interface.cc:231] ArtmCopyRequestedMessage is copying 120781 bytes...
I1005 15:11:04.522709 2047873024 c_interface.cc:231] ArtmCopyRequestedMessage is copying 1104 bytes...
I1005 15:11:04.524449 2047873024 c_interface.cc:231] ArtmCopyRequestedMessage is copying 1094 bytes...
I1005 15:12:05.008111 2047873024 c_interface.cc:231] ArtmCopyRequestedMessage is copying 1104 bytes...
I1005 15:12:05.009546 2047873024 c_interface.cc:231] ArtmCopyRequestedMessage is copying 1094 bytes...
I1005 15:12:32.817677 2047873024 master_component.cc:389] Exporting model pwt to my_model
I1005 15:12:32.824481 2047873024 phi_matrix_operations.cc:84] RetrieveExternalTopicModel() with 10 topics, 16099 tokens
I1005 15:12:32.844522 2047873024 master_component.cc:426] Export of model completed, token_size = 16099, topic_size = 10
I1005 15:12:33.632261 2047873024 master_component.cc:443] Importing model pwt from my_model
I1005 15:12:33.678565 2047873024 master_component.cc:490] Import of model completed, token_size = 16099, topic_size = 10
I1005 15:12:33.678761 2047873024 c_interface.cc:231] ArtmCopyRequestedMessage is copying 334 bytes...
I1005 15:12:36.249080 2047873024 phi_matrix_operations.cc:84] RetrieveExternalTopicModel() with 10 topics, 16099 tokens
I1005 15:12:36.262634 2047873024 c_interface.cc:231] ArtmCopyRequestedMessage is copying 477630 bytes...
I1005 15:12:36.645064 2047873024 phi_matrix_operations.cc:84] RetrieveExternalTopicModel() with 10 topics, 16099 tokens
I1005 15:12:36.658499 2047873024 c_interface.cc:231] ArtmCopyRequestedMessage is copying 413234 bytes...
I1005 15:12:36.749223 2047873024 c_interface.cc:236] ArtmCopyRequestedObject is copying 643960 bytes...
I1005 15:13:32.160766 2047873024 c_interface.cc:375] Pass dictionary to MN4artm4core15MasterComponentEFvRKNSt3__112basic_stringIcNS2_11char_traitsIcEENS2_9allocatorIcEEEEE
I1005 15:13:32.164023 2047873024 c_interface.cc:339] Disposing MasterComponent (id=3)...
I1005 15:13:32.164944 30212096 processor.cc:732] Processor thread stopped
I1005 15:13:32.164991 30212096 processor.cc:733] Total number of processed batches: 15
I1005 15:13:32.166247 29675520 processor.cc:732] Processor thread stopped
I1005 15:13:32.166257 29675520 processor.cc:733] Total number of processed batches: 22
I1005 15:13:32.167321 29138944 processor.cc:732] Processor thread stopped
I1005 15:13:32.167330 29138944 processor.cc:733] Total number of processed batches: 24
I1005 15:13:32.168669 28602368 processor.cc:732] Processor thread stopped
I1005 15:13:32.168680 28602368 processor.cc:733] Total number of processed batches: 18
I1005 15:13:32.169941 28065792 processor.cc:732] Processor thread stopped
I1005 15:13:32.169953 28065792 processor.cc:733] Total number of processed batches: 17
I1005 15:13:32.171000 27529216 processor.cc:732] Processor thread stopped
I1005 15:13:32.171010 27529216 processor.cc:733] Total number of processed batches: 18
I1005 15:13:32.172288 26992640 processor.cc:732] Processor thread stopped
I1005 15:13:32.172299 26992640 processor.cc:733] Total number of processed batches: 18
I1005 15:13:32.173665 26456064 processor.cc:732] Processor thread stopped
I1005 15:13:32.173688 26456064 processor.cc:733] Total number of processed batches: 18
I1005 15:13:32.197160 2047873024 c_interface.cc:339] Disposing MasterComponent (id=2)...
I1005 15:13:32.197700 2047873024 c_interface.cc:375] Pass aaa90c7d-59ab-4172-820a-395568cb1bfb to MN4artm4core15MasterComponentEFvRKNSt3__112basic_stringIcNS2_11char_traitsIcEENS2_9allocatorIcEEEEE
I1005 15:13:32.200655 2047873024 c_interface.cc:339] Disposing MasterComponent (id=1)...
