Log file created at: 2018/10/06 02:41:08
Running on machine: artems-MBP.Dlink
Log line format: [IWEF]mmdd hh:mm:ss.uuuuuu threadid file:line] msg
I1006 02:41:08.769071 2047873024 c_interface.cc:127] Logging enabled to .
I1006 02:41:08.770597 2047873024 c_interface.cc:128] BigARTM version: v0.9.0
I1006 02:41:08.770689 2047873024 c_interface.cc:271] Pass MasterModelConfig: topic_name_size=0, score_config_size=1, num_processors=0, pwt_name=pwt, nwt_name=nwt, num_document_passes=0, reuse_theta=no, cache_theta=no, opt_for_avx=yes, disk_cache_path= to ArtmCreateMasterModel
I1006 02:41:08.770772 2047873024 c_interface.cc:274] Creating MasterModel (id=1)...
I1006 02:41:08.771720 2047873024 collection_parser.cc:557] CollectionParserConfig.num_threads is automatically set to 8
W1006 02:41:09.280453 26456064 helpers.cc:221] File already exists: lectures_batches/aaaaaa.batch
W1006 02:41:09.996103 25919488 helpers.cc:221] File already exists: lectures_batches/aaaaab.batch
I1006 02:41:10.078357 2047873024 c_interface.cc:375] Pass 1dbb9806-d059-45ab-8fa9-c537214dcceb to MN4artm4core15MasterComponentEFvRKNSt3__112basic_stringIcNS2_11char_traitsIcEENS2_9allocatorIcEEEEE
I1006 02:41:10.078512 2047873024 c_interface.cc:389] Pass GatherDictionaryArgs: dictionary_target_name=1dbb9806-d059-45ab-8fa9-c537214dcceb, data_path=lectures_batches, symmetric_cooc_values=0 to MN4artm4core15MasterComponentEFvRKNS_20GatherDictionaryArgsEE
I1006 02:41:10.078616 2047873024 dictionary_operations.cc:261] Found 2 batches in 'lectures_batches' folder
I1006 02:41:10.177986 2047873024 dictionary_operations.cc:325] Find 26866 unique tokens in 1728 items
I1006 02:41:10.208168 2047873024 dictionary_operations.cc:589] Dictionary name='1dbb9806-d059-45ab-8fa9-c537214dcceb' contains entries: author:539; text:26327; 
I1006 02:41:10.215001 2047873024 c_interface.cc:271] Pass MasterModelConfig: topic_name_size=30, class=(text:1), class=(author:1), score_config_size=1, num_processors=0, pwt_name=pwt, nwt_name=nwt, num_document_passes=1, reuse_theta=yes, cache_theta=yes, opt_for_avx=yes, disk_cache_path= to ArtmCreateMasterModel
I1006 02:41:10.215023 2047873024 instance.cc:401] MasterModelConfig.processors_count is automatically set to 8
I1006 02:41:10.215092 25919488 processor.cc:724] Processor thread started
I1006 02:41:10.215095 26456064 processor.cc:724] Processor thread started
I1006 02:41:10.215101 26992640 processor.cc:724] Processor thread started
I1006 02:41:10.215112 27529216 processor.cc:724] Processor thread started
I1006 02:41:10.215126 28065792 processor.cc:724] Processor thread started
I1006 02:41:10.215147 28602368 processor.cc:724] Processor thread started
I1006 02:41:10.215150 29138944 processor.cc:724] Processor thread started
I1006 02:41:10.215159 2047873024 c_interface.cc:274] Creating MasterModel (id=2)...
I1006 02:41:10.215167 29675520 processor.cc:724] Processor thread started
I1006 02:41:10.222610 2047873024 c_interface.cc:271] Pass MasterModelConfig: topic_name_size=0, score_config_size=1, num_processors=0, pwt_name=pwt, nwt_name=nwt, num_document_passes=0, reuse_theta=no, cache_theta=no, opt_for_avx=yes, disk_cache_path= to ArtmCreateMasterModel
I1006 02:41:10.222625 2047873024 c_interface.cc:274] Creating MasterModel (id=3)...
I1006 02:41:10.223006 2047873024 c_interface.cc:375] Pass dictionary to MN4artm4core15MasterComponentEFvRKNSt3__112basic_stringIcNS2_11char_traitsIcEENS2_9allocatorIcEEEEE
I1006 02:41:10.223273 2047873024 c_interface.cc:389] Pass GatherDictionaryArgs: dictionary_target_name=dictionary, data_path=lectures_batches, symmetric_cooc_values=0 to MN4artm4core15MasterComponentEFvRKNS_20GatherDictionaryArgsEE
I1006 02:41:10.223393 2047873024 dictionary_operations.cc:261] Found 2 batches in 'lectures_batches' folder
I1006 02:41:10.237593 26456064 processor.cc:740] No data in processing queue, waiting...
I1006 02:41:10.237620 29138944 processor.cc:740] No data in processing queue, waiting...
I1006 02:41:10.237637 28065792 processor.cc:740] No data in processing queue, waiting...
I1006 02:41:10.237632 26992640 processor.cc:740] No data in processing queue, waiting...
I1006 02:41:10.237655 25919488 processor.cc:740] No data in processing queue, waiting...
I1006 02:41:10.237656 28602368 processor.cc:740] No data in processing queue, waiting...
I1006 02:41:10.237656 29675520 processor.cc:740] No data in processing queue, waiting...
I1006 02:41:10.237661 27529216 processor.cc:740] No data in processing queue, waiting...
I1006 02:41:10.322329 2047873024 dictionary_operations.cc:325] Find 26866 unique tokens in 1728 items
I1006 02:41:10.358454 2047873024 dictionary_operations.cc:589] Dictionary name='dictionary' contains entries: author:539; text:26327; 
I1006 02:41:10.358667 2047873024 c_interface.cc:375] Pass pwt to MN4artm4core15MasterComponentEFvRKNSt3__112basic_stringIcNS2_11char_traitsIcEENS2_9allocatorIcEEEEE
I1006 02:41:10.358697 2047873024 c_interface.cc:375] Pass nwt to MN4artm4core15MasterComponentEFvRKNSt3__112basic_stringIcNS2_11char_traitsIcEENS2_9allocatorIcEEEEE
I1006 02:41:10.358932 2047873024 c_interface.cc:389] Pass InitializeModelArgs: model_name=pwt, dictionary_name=dictionary, topic_name_size=30, seed=-1 to MN4artm4core15MasterComponentEFvRKNS_19InitializeModelArgsEE
I1006 02:41:10.500507 2047873024 master_component.cc:664] InitializeModel() created matrix pwt with 30 topics and 26866 tokens; 
I1006 02:41:10.500807 2047873024 c_interface.cc:389] Pass InitializeModelArgs: model_name=nwt, dictionary_name=dictionary, topic_name_size=30, seed=-1 to MN4artm4core15MasterComponentEFvRKNS_19InitializeModelArgsEE
I1006 02:41:10.644974 2047873024 master_component.cc:664] InitializeModel() created matrix nwt with 30 topics and 26866 tokens; 
I1006 02:41:10.645249 2047873024 c_interface.cc:231] ArtmCopyRequestedMessage is copying 309 bytes...
I1006 02:41:10.661453 2047873024 c_interface.cc:389] Pass MasterModelConfig: topic_name_size=30, class=(text:1), class=(author:1), score_config_size=2, num_processors=0, pwt_name=pwt, nwt_name=nwt, num_document_passes=1, reuse_theta=yes, cache_theta=yes, opt_for_avx=yes, disk_cache_path= to MN4artm4core15MasterComponentEFvRKNS_17MasterModelConfigEE
I1006 02:41:10.661480 2047873024 instance.cc:401] MasterModelConfig.processors_count is automatically set to 8
I1006 02:41:10.662061 2047873024 c_interface.cc:389] Pass MasterModelConfig: topic_name_size=30, class=(text:1), class=(author:1), score_config_size=3, num_processors=0, pwt_name=pwt, nwt_name=nwt, num_document_passes=1, reuse_theta=yes, cache_theta=yes, opt_for_avx=yes, disk_cache_path= to MN4artm4core15MasterComponentEFvRKNS_17MasterModelConfigEE
I1006 02:41:10.662080 2047873024 instance.cc:401] MasterModelConfig.processors_count is automatically set to 8
I1006 02:41:10.662820 2047873024 c_interface.cc:389] Pass MasterModelConfig: topic_name_size=30, class=(text:1), class=(author:1), score_config_size=4, num_processors=0, pwt_name=pwt, nwt_name=nwt, num_document_passes=1, reuse_theta=yes, cache_theta=yes, opt_for_avx=yes, disk_cache_path= to MN4artm4core15MasterComponentEFvRKNS_17MasterModelConfigEE
I1006 02:41:10.662842 2047873024 instance.cc:401] MasterModelConfig.processors_count is automatically set to 8
I1006 02:41:10.663563 2047873024 c_interface.cc:389] Pass MasterModelConfig: topic_name_size=30, class=(text:1), class=(author:1), score_config_size=5, num_processors=0, pwt_name=pwt, nwt_name=nwt, num_document_passes=1, reuse_theta=yes, cache_theta=yes, opt_for_avx=yes, disk_cache_path= to MN4artm4core15MasterComponentEFvRKNS_17MasterModelConfigEE
I1006 02:41:10.663599 2047873024 instance.cc:401] MasterModelConfig.processors_count is automatically set to 8
I1006 02:41:10.664208 2047873024 c_interface.cc:389] Pass MasterModelConfig: topic_name_size=30, class=(text:1), class=(author:1), score_config_size=6, num_processors=0, pwt_name=pwt, nwt_name=nwt, num_document_passes=1, reuse_theta=yes, cache_theta=yes, opt_for_avx=yes, disk_cache_path= to MN4artm4core15MasterComponentEFvRKNS_17MasterModelConfigEE
I1006 02:41:10.664224 2047873024 instance.cc:401] MasterModelConfig.processors_count is automatically set to 8
I1006 02:41:10.671190 2047873024 c_interface.cc:389] Pass MasterModelConfig: topic_name_size=30, class=(text:1), class=(author:1), score_config_size=6, num_processors=0, pwt_name=pwt, nwt_name=nwt, num_document_passes=1, regularizer=(SmoothSparsePhi_bcg:100000), reuse_theta=yes, cache_theta=yes, opt_for_avx=yes, disk_cache_path= to MN4artm4core15MasterComponentEFvRKNS_17MasterModelConfigEE
I1006 02:41:10.671239 2047873024 instance.cc:401] MasterModelConfig.processors_count is automatically set to 8
I1006 02:41:10.671298 2047873024 instance.cc:232] Regularizer 'SmoothSparsePhi_bcg' was cold-reconfigured
I1006 02:41:10.689292 2047873024 c_interface.cc:389] Pass FitOfflineMasterModelArgs, batch_filename_size=2, batch_weight_size=2, num_collection_passes=1, reset_nwt=yes to MN4artm4core15MasterComponentEFvRKNS_25FitOfflineMasterModelArgsEE
I1006 02:41:10.689316 2047873024 master_component.cc:1398] ProcessBatchesArgs: nwt_target_name=nwt, batch_filename_size=2, batch_size=0, batch_weight_size=2, pwt_source_name=pwt, num_document_passes=1, regularizer=(name:SmoothSparsePhi_bcg, tau:100000), class=(text:1), class=(author:1), reuse_theta=yes, opt_for_avx=yes, predict_class_id=, reset_nwt=yes
I1006 02:41:10.700093 2047873024 master_component.cc:826] Batches count (=2) is smaller than num processors (=8), which may cause suboptimal performance.
I1006 02:41:10.700551 27529216 processor.cc:747] Processing queue has data, processing started
I1006 02:41:10.700556 26992640 processor.cc:747] Processing queue has data, processing started
I1006 02:41:10.714607 27529216 processor.cc:820] Processor: start processing batch 89af3714-01fa-49bd-a0e4-9d8544657682 into model nwt
I1006 02:41:10.727327 26992640 processor.cc:820] Processor: start processing batch d196cba3-f633-43af-a3cb-5de44cb23262 into model nwt
I1006 02:41:10.860965 27529216 processor.cc:925] Processor: complete processing batch 89af3714-01fa-49bd-a0e4-9d8544657682 into model nwt
I1006 02:41:10.864781 27529216 cuckoo_watch.h:45] 164ms in ProcessBatch(lectures_batches/aaaaaa.batch) [including 14ms in LoadMessage; 9ms in InitializeSparseNdw; 0ms in FindReuseThetaCacheEntry; 0ms in InitializeTheta; 0ms in CreateRegularizerAgents; 87ms in InferThetaAndUpdateNwtSparse; 0ms in UpdateCacheEntry; 3ms in CalculateScore(sparsity_theta_score); 45ms in CalculateScore(^^^ItemsProcessedScore^^^); ]
I1006 02:41:10.886920 27529216 processor.cc:740] No data in processing queue, waiting...
I1006 02:41:11.032814 26992640 processor.cc:925] Processor: complete processing batch d196cba3-f633-43af-a3cb-5de44cb23262 into model nwt
I1006 02:41:11.038156 26992640 cuckoo_watch.h:45] 337ms in ProcessBatch(lectures_batches/aaaaab.batch) [including 26ms in LoadMessage; 27ms in InitializeSparseNdw; 0ms in FindReuseThetaCacheEntry; 0ms in InitializeTheta; 0ms in CreateRegularizerAgents; 169ms in InferThetaAndUpdateNwtSparse; 0ms in UpdateCacheEntry; 5ms in CalculateScore(sparsity_theta_score); 103ms in CalculateScore(^^^ItemsProcessedScore^^^); ]
I1006 02:41:11.038892 2047873024 master_component.cc:1436] RegularizeModelArgs: rwt_target_name=rwt, pwt_source_name=pwt, nwt_source_name=nwt
I1006 02:41:11.038913 2047873024 master_component.cc:976] MasterComponent: start regularizing model pwt
I1006 02:41:11.062441 26992640 processor.cc:740] No data in processing queue, waiting...
I1006 02:41:11.141320 2047873024 master_component.cc:1002] MasterComponent: complete regularizing model pwt
I1006 02:41:11.141355 2047873024 master_component.cc:1449] NormalizeModelArgs: pwt_target_name=pwt, nwt_source_name=nwt, rwt_source_name=rwt
I1006 02:41:11.141362 2047873024 master_component.cc:1006] MasterComponent: start normalizing model nwt
I1006 02:41:11.206542 2047873024 master_component.cc:1034] MasterComponent: complete normalizing model nwt
I1006 02:41:11.295264 2047873024 master_component.cc:1473] DisposeModel rwt
I1006 02:41:11.314927 2047873024 master_component.cc:1059] FitOffline: ItemsProcessed, num_items=1728, num_batches=2, token_weight=808522, token_weight_in_effect=808522
I1006 02:41:11.315266 2047873024 c_interface.cc:389] Pass FitOfflineMasterModelArgs, batch_filename_size=2, batch_weight_size=2, num_collection_passes=1, reset_nwt=yes to MN4artm4core15MasterComponentEFvRKNS_25FitOfflineMasterModelArgsEE
I1006 02:41:11.315279 2047873024 master_component.cc:1398] ProcessBatchesArgs: nwt_target_name=nwt, batch_filename_size=2, batch_size=0, batch_weight_size=2, pwt_source_name=pwt, num_document_passes=1, regularizer=(name:SmoothSparsePhi_bcg, tau:100000), class=(text:1), class=(author:1), reuse_theta=yes, opt_for_avx=yes, predict_class_id=, reset_nwt=yes
I1006 02:41:11.332106 27529216 processor.cc:747] Processing queue has data, processing started
I1006 02:41:11.332108 26992640 processor.cc:747] Processing queue has data, processing started
I1006 02:41:11.347046 27529216 processor.cc:820] Processor: start processing batch 89af3714-01fa-49bd-a0e4-9d8544657682 into model nwt
I1006 02:41:11.358640 26992640 processor.cc:820] Processor: start processing batch d196cba3-f633-43af-a3cb-5de44cb23262 into model nwt
I1006 02:41:11.502805 27529216 processor.cc:925] Processor: complete processing batch 89af3714-01fa-49bd-a0e4-9d8544657682 into model nwt
I1006 02:41:11.506609 27529216 cuckoo_watch.h:45] 174ms in ProcessBatch(lectures_batches/aaaaaa.batch) [including 14ms in LoadMessage; 7ms in InitializeSparseNdw; 0ms in FindReuseThetaCacheEntry; 8ms in InitializeTheta; 0ms in CreateRegularizerAgents; 84ms in InferThetaAndUpdateNwtSparse; 0ms in UpdateCacheEntry; 3ms in CalculateScore(sparsity_theta_score); 51ms in CalculateScore(^^^ItemsProcessedScore^^^); ]
I1006 02:41:11.529484 27529216 processor.cc:740] No data in processing queue, waiting...
I1006 02:41:11.680177 26992640 processor.cc:925] Processor: complete processing batch d196cba3-f633-43af-a3cb-5de44cb23262 into model nwt
I1006 02:41:11.686478 26992640 cuckoo_watch.h:45] 354ms in ProcessBatch(lectures_batches/aaaaab.batch) [including 26ms in LoadMessage; 22ms in InitializeSparseNdw; 0ms in FindReuseThetaCacheEntry; 3ms in InitializeTheta; 0ms in CreateRegularizerAgents; 188ms in InferThetaAndUpdateNwtSparse; 0ms in UpdateCacheEntry; 6ms in CalculateScore(sparsity_theta_score); 99ms in CalculateScore(^^^ItemsProcessedScore^^^); ]
I1006 02:41:11.687212 2047873024 master_component.cc:1436] RegularizeModelArgs: rwt_target_name=rwt, pwt_source_name=pwt, nwt_source_name=nwt
I1006 02:41:11.687261 2047873024 master_component.cc:976] MasterComponent: start regularizing model pwt
I1006 02:41:11.710431 26992640 processor.cc:740] No data in processing queue, waiting...
I1006 02:41:11.793134 2047873024 master_component.cc:1002] MasterComponent: complete regularizing model pwt
I1006 02:41:11.793156 2047873024 master_component.cc:1449] NormalizeModelArgs: pwt_target_name=pwt, nwt_source_name=nwt, rwt_source_name=rwt
I1006 02:41:11.793164 2047873024 master_component.cc:1006] MasterComponent: start normalizing model nwt
I1006 02:41:11.855751 2047873024 master_component.cc:1034] MasterComponent: complete normalizing model nwt
I1006 02:41:11.939514 2047873024 master_component.cc:1473] DisposeModel rwt
I1006 02:41:11.956491 2047873024 master_component.cc:1059] FitOffline: ItemsProcessed, num_items=1728, num_batches=2, token_weight=808522, token_weight_in_effect=808522
I1006 02:41:11.956732 2047873024 c_interface.cc:389] Pass FitOfflineMasterModelArgs, batch_filename_size=2, batch_weight_size=2, num_collection_passes=1, reset_nwt=yes to MN4artm4core15MasterComponentEFvRKNS_25FitOfflineMasterModelArgsEE
I1006 02:41:11.956748 2047873024 master_component.cc:1398] ProcessBatchesArgs: nwt_target_name=nwt, batch_filename_size=2, batch_size=0, batch_weight_size=2, pwt_source_name=pwt, num_document_passes=1, regularizer=(name:SmoothSparsePhi_bcg, tau:100000), class=(text:1), class=(author:1), reuse_theta=yes, opt_for_avx=yes, predict_class_id=, reset_nwt=yes
I1006 02:41:11.972363 26992640 processor.cc:747] Processing queue has data, processing started
I1006 02:41:11.972363 27529216 processor.cc:747] Processing queue has data, processing started
I1006 02:41:11.985419 27529216 processor.cc:820] Processor: start processing batch 89af3714-01fa-49bd-a0e4-9d8544657682 into model nwt
I1006 02:41:11.996227 26992640 processor.cc:820] Processor: start processing batch d196cba3-f633-43af-a3cb-5de44cb23262 into model nwt
I1006 02:41:12.136020 27529216 processor.cc:925] Processor: complete processing batch 89af3714-01fa-49bd-a0e4-9d8544657682 into model nwt
I1006 02:41:12.140288 27529216 cuckoo_watch.h:45] 167ms in ProcessBatch(lectures_batches/aaaaaa.batch) [including 12ms in LoadMessage; 8ms in InitializeSparseNdw; 0ms in FindReuseThetaCacheEntry; 8ms in InitializeTheta; 0ms in CreateRegularizerAgents; 83ms in InferThetaAndUpdateNwtSparse; 0ms in UpdateCacheEntry; 3ms in CalculateScore(sparsity_theta_score); 46ms in CalculateScore(^^^ItemsProcessedScore^^^); ]
I1006 02:41:12.162099 27529216 processor.cc:740] No data in processing queue, waiting...
I1006 02:41:12.313617 26992640 processor.cc:925] Processor: complete processing batch d196cba3-f633-43af-a3cb-5de44cb23262 into model nwt
I1006 02:41:12.320037 26992640 cuckoo_watch.h:45] 347ms in ProcessBatch(lectures_batches/aaaaab.batch) [including 23ms in LoadMessage; 21ms in InitializeSparseNdw; 0ms in FindReuseThetaCacheEntry; 3ms in InitializeTheta; 0ms in CreateRegularizerAgents; 180ms in InferThetaAndUpdateNwtSparse; 0ms in UpdateCacheEntry; 4ms in CalculateScore(sparsity_theta_score); 106ms in CalculateScore(^^^ItemsProcessedScore^^^); ]
I1006 02:41:12.320449 2047873024 master_component.cc:1436] RegularizeModelArgs: rwt_target_name=rwt, pwt_source_name=pwt, nwt_source_name=nwt
I1006 02:41:12.320484 2047873024 master_component.cc:976] MasterComponent: start regularizing model pwt
I1006 02:41:12.344027 26992640 processor.cc:740] No data in processing queue, waiting...
I1006 02:41:12.418761 2047873024 master_component.cc:1002] MasterComponent: complete regularizing model pwt
I1006 02:41:12.418779 2047873024 master_component.cc:1449] NormalizeModelArgs: pwt_target_name=pwt, nwt_source_name=nwt, rwt_source_name=rwt
I1006 02:41:12.418786 2047873024 master_component.cc:1006] MasterComponent: start normalizing model nwt
I1006 02:41:12.473711 2047873024 master_component.cc:1034] MasterComponent: complete normalizing model nwt
I1006 02:41:12.563577 2047873024 master_component.cc:1473] DisposeModel rwt
I1006 02:41:12.580309 2047873024 master_component.cc:1059] FitOffline: ItemsProcessed, num_items=1728, num_batches=2, token_weight=808522, token_weight_in_effect=808522
I1006 02:41:12.580549 2047873024 c_interface.cc:389] Pass FitOfflineMasterModelArgs, batch_filename_size=2, batch_weight_size=2, num_collection_passes=1, reset_nwt=yes to MN4artm4core15MasterComponentEFvRKNS_25FitOfflineMasterModelArgsEE
I1006 02:41:12.580564 2047873024 master_component.cc:1398] ProcessBatchesArgs: nwt_target_name=nwt, batch_filename_size=2, batch_size=0, batch_weight_size=2, pwt_source_name=pwt, num_document_passes=1, regularizer=(name:SmoothSparsePhi_bcg, tau:100000), class=(text:1), class=(author:1), reuse_theta=yes, opt_for_avx=yes, predict_class_id=, reset_nwt=yes
I1006 02:41:12.597429 29138944 processor.cc:747] Processing queue has data, processing started
I1006 02:41:12.597412 26992640 processor.cc:747] Processing queue has data, processing started
I1006 02:41:12.612319 26992640 processor.cc:820] Processor: start processing batch 89af3714-01fa-49bd-a0e4-9d8544657682 into model nwt
I1006 02:41:12.622611 29138944 processor.cc:820] Processor: start processing batch d196cba3-f633-43af-a3cb-5de44cb23262 into model nwt
I1006 02:41:12.773382 26992640 processor.cc:925] Processor: complete processing batch 89af3714-01fa-49bd-a0e4-9d8544657682 into model nwt
I1006 02:41:12.779153 26992640 cuckoo_watch.h:45] 181ms in ProcessBatch(lectures_batches/aaaaaa.batch) [including 14ms in LoadMessage; 9ms in InitializeSparseNdw; 0ms in FindReuseThetaCacheEntry; 8ms in InitializeTheta; 0ms in CreateRegularizerAgents; 87ms in InferThetaAndUpdateNwtSparse; 0ms in UpdateCacheEntry; 3ms in CalculateScore(sparsity_theta_score); 51ms in CalculateScore(^^^ItemsProcessedScore^^^); ]
I1006 02:41:12.801713 26992640 processor.cc:740] No data in processing queue, waiting...
I1006 02:41:12.947818 29138944 processor.cc:925] Processor: complete processing batch d196cba3-f633-43af-a3cb-5de44cb23262 into model nwt
I1006 02:41:12.954169 29138944 cuckoo_watch.h:45] 356ms in ProcessBatch(lectures_batches/aaaaab.batch) [including 25ms in LoadMessage; 21ms in InitializeSparseNdw; 0ms in FindReuseThetaCacheEntry; 3ms in InitializeTheta; 0ms in CreateRegularizerAgents; 185ms in InferThetaAndUpdateNwtSparse; 0ms in UpdateCacheEntry; 5ms in CalculateScore(sparsity_theta_score); 108ms in CalculateScore(^^^ItemsProcessedScore^^^); ]
I1006 02:41:12.955334 2047873024 master_component.cc:1436] RegularizeModelArgs: rwt_target_name=rwt, pwt_source_name=pwt, nwt_source_name=nwt
I1006 02:41:12.955397 2047873024 master_component.cc:976] MasterComponent: start regularizing model pwt
I1006 02:41:12.978510 29138944 processor.cc:740] No data in processing queue, waiting...
I1006 02:41:13.051867 2047873024 master_component.cc:1002] MasterComponent: complete regularizing model pwt
I1006 02:41:13.051885 2047873024 master_component.cc:1449] NormalizeModelArgs: pwt_target_name=pwt, nwt_source_name=nwt, rwt_source_name=rwt
I1006 02:41:13.051892 2047873024 master_component.cc:1006] MasterComponent: start normalizing model nwt
I1006 02:41:13.116161 2047873024 master_component.cc:1034] MasterComponent: complete normalizing model nwt
I1006 02:41:13.209620 2047873024 master_component.cc:1473] DisposeModel rwt
I1006 02:41:13.227325 2047873024 master_component.cc:1059] FitOffline: ItemsProcessed, num_items=1728, num_batches=2, token_weight=808522, token_weight_in_effect=808522
I1006 02:41:13.227716 2047873024 c_interface.cc:389] Pass FitOfflineMasterModelArgs, batch_filename_size=2, batch_weight_size=2, num_collection_passes=1, reset_nwt=yes to MN4artm4core15MasterComponentEFvRKNS_25FitOfflineMasterModelArgsEE
I1006 02:41:13.227736 2047873024 master_component.cc:1398] ProcessBatchesArgs: nwt_target_name=nwt, batch_filename_size=2, batch_size=0, batch_weight_size=2, pwt_source_name=pwt, num_document_passes=1, regularizer=(name:SmoothSparsePhi_bcg, tau:100000), class=(text:1), class=(author:1), reuse_theta=yes, opt_for_avx=yes, predict_class_id=, reset_nwt=yes
I1006 02:41:13.242458 29138944 processor.cc:747] Processing queue has data, processing started
I1006 02:41:13.242489 26992640 processor.cc:747] Processing queue has data, processing started
I1006 02:41:13.257141 29138944 processor.cc:820] Processor: start processing batch 89af3714-01fa-49bd-a0e4-9d8544657682 into model nwt
I1006 02:41:13.268040 26992640 processor.cc:820] Processor: start processing batch d196cba3-f633-43af-a3cb-5de44cb23262 into model nwt
I1006 02:41:13.417027 29138944 processor.cc:925] Processor: complete processing batch 89af3714-01fa-49bd-a0e4-9d8544657682 into model nwt
I1006 02:41:13.422008 29138944 cuckoo_watch.h:45] 179ms in ProcessBatch(lectures_batches/aaaaaa.batch) [including 14ms in LoadMessage; 7ms in InitializeSparseNdw; 0ms in FindReuseThetaCacheEntry; 8ms in InitializeTheta; 0ms in CreateRegularizerAgents; 90ms in InferThetaAndUpdateNwtSparse; 0ms in UpdateCacheEntry; 4ms in CalculateScore(sparsity_theta_score); 48ms in CalculateScore(^^^ItemsProcessedScore^^^); ]
I1006 02:41:13.444165 29138944 processor.cc:740] No data in processing queue, waiting...
I1006 02:41:13.561303 26992640 processor.cc:925] Processor: complete processing batch d196cba3-f633-43af-a3cb-5de44cb23262 into model nwt
I1006 02:41:13.567687 26992640 cuckoo_watch.h:45] 325ms in ProcessBatch(lectures_batches/aaaaab.batch) [including 25ms in LoadMessage; 23ms in InitializeSparseNdw; 0ms in FindReuseThetaCacheEntry; 4ms in InitializeTheta; 0ms in CreateRegularizerAgents; 165ms in InferThetaAndUpdateNwtSparse; 0ms in UpdateCacheEntry; 4ms in CalculateScore(sparsity_theta_score); 95ms in CalculateScore(^^^ItemsProcessedScore^^^); ]
I1006 02:41:13.568253 2047873024 master_component.cc:1436] RegularizeModelArgs: rwt_target_name=rwt, pwt_source_name=pwt, nwt_source_name=nwt
I1006 02:41:13.568298 2047873024 master_component.cc:976] MasterComponent: start regularizing model pwt
I1006 02:41:13.591464 26992640 processor.cc:740] No data in processing queue, waiting...
I1006 02:41:13.681712 2047873024 master_component.cc:1002] MasterComponent: complete regularizing model pwt
I1006 02:41:13.681732 2047873024 master_component.cc:1449] NormalizeModelArgs: pwt_target_name=pwt, nwt_source_name=nwt, rwt_source_name=rwt
I1006 02:41:13.681813 2047873024 master_component.cc:1006] MasterComponent: start normalizing model nwt
I1006 02:41:13.743849 2047873024 master_component.cc:1034] MasterComponent: complete normalizing model nwt
I1006 02:41:13.839383 2047873024 master_component.cc:1473] DisposeModel rwt
I1006 02:41:13.856103 2047873024 master_component.cc:1059] FitOffline: ItemsProcessed, num_items=1728, num_batches=2, token_weight=808522, token_weight_in_effect=808522
I1006 02:41:13.856351 2047873024 c_interface.cc:389] Pass FitOfflineMasterModelArgs, batch_filename_size=2, batch_weight_size=2, num_collection_passes=1, reset_nwt=yes to MN4artm4core15MasterComponentEFvRKNS_25FitOfflineMasterModelArgsEE
I1006 02:41:13.856369 2047873024 master_component.cc:1398] ProcessBatchesArgs: nwt_target_name=nwt, batch_filename_size=2, batch_size=0, batch_weight_size=2, pwt_source_name=pwt, num_document_passes=1, regularizer=(name:SmoothSparsePhi_bcg, tau:100000), class=(text:1), class=(author:1), reuse_theta=yes, opt_for_avx=yes, predict_class_id=, reset_nwt=yes
I1006 02:41:13.870617 28065792 processor.cc:747] Processing queue has data, processing started
I1006 02:41:13.870641 29675520 processor.cc:747] Processing queue has data, processing started
I1006 02:41:13.883750 28065792 processor.cc:820] Processor: start processing batch 89af3714-01fa-49bd-a0e4-9d8544657682 into model nwt
I1006 02:41:13.894188 29675520 processor.cc:820] Processor: start processing batch d196cba3-f633-43af-a3cb-5de44cb23262 into model nwt
I1006 02:41:14.033939 28065792 processor.cc:925] Processor: complete processing batch 89af3714-01fa-49bd-a0e4-9d8544657682 into model nwt
I1006 02:41:14.038020 28065792 cuckoo_watch.h:45] 167ms in ProcessBatch(lectures_batches/aaaaaa.batch) [including 13ms in LoadMessage; 7ms in InitializeSparseNdw; 0ms in FindReuseThetaCacheEntry; 7ms in InitializeTheta; 0ms in CreateRegularizerAgents; 81ms in InferThetaAndUpdateNwtSparse; 0ms in UpdateCacheEntry; 3ms in CalculateScore(sparsity_theta_score); 49ms in CalculateScore(^^^ItemsProcessedScore^^^); ]
I1006 02:41:14.061488 28065792 processor.cc:740] No data in processing queue, waiting...
I1006 02:41:14.200031 29675520 processor.cc:925] Processor: complete processing batch d196cba3-f633-43af-a3cb-5de44cb23262 into model nwt
I1006 02:41:14.207060 29675520 cuckoo_watch.h:45] 336ms in ProcessBatch(lectures_batches/aaaaab.batch) [including 23ms in LoadMessage; 19ms in InitializeSparseNdw; 0ms in FindReuseThetaCacheEntry; 3ms in InitializeTheta; 0ms in CreateRegularizerAgents; 172ms in InferThetaAndUpdateNwtSparse; 0ms in UpdateCacheEntry; 4ms in CalculateScore(sparsity_theta_score); 104ms in CalculateScore(^^^ItemsProcessedScore^^^); ]
I1006 02:41:14.207854 2047873024 master_component.cc:1436] RegularizeModelArgs: rwt_target_name=rwt, pwt_source_name=pwt, nwt_source_name=nwt
I1006 02:41:14.207911 2047873024 master_component.cc:976] MasterComponent: start regularizing model pwt
I1006 02:41:14.230993 29675520 processor.cc:740] No data in processing queue, waiting...
I1006 02:41:14.315212 2047873024 master_component.cc:1002] MasterComponent: complete regularizing model pwt
I1006 02:41:14.315249 2047873024 master_component.cc:1449] NormalizeModelArgs: pwt_target_name=pwt, nwt_source_name=nwt, rwt_source_name=rwt
I1006 02:41:14.315259 2047873024 master_component.cc:1006] MasterComponent: start normalizing model nwt
I1006 02:41:14.379290 2047873024 master_component.cc:1034] MasterComponent: complete normalizing model nwt
I1006 02:41:14.474910 2047873024 master_component.cc:1473] DisposeModel rwt
I1006 02:41:14.488160 2047873024 master_component.cc:1059] FitOffline: ItemsProcessed, num_items=1728, num_batches=2, token_weight=808522, token_weight_in_effect=808522
I1006 02:41:14.488390 2047873024 c_interface.cc:389] Pass FitOfflineMasterModelArgs, batch_filename_size=2, batch_weight_size=2, num_collection_passes=1, reset_nwt=yes to MN4artm4core15MasterComponentEFvRKNS_25FitOfflineMasterModelArgsEE
I1006 02:41:14.488407 2047873024 master_component.cc:1398] ProcessBatchesArgs: nwt_target_name=nwt, batch_filename_size=2, batch_size=0, batch_weight_size=2, pwt_source_name=pwt, num_document_passes=1, regularizer=(name:SmoothSparsePhi_bcg, tau:100000), class=(text:1), class=(author:1), reuse_theta=yes, opt_for_avx=yes, predict_class_id=, reset_nwt=yes
I1006 02:41:14.504214 29138944 processor.cc:747] Processing queue has data, processing started
I1006 02:41:14.504223 26992640 processor.cc:747] Processing queue has data, processing started
I1006 02:41:14.517421 29138944 processor.cc:820] Processor: start processing batch 89af3714-01fa-49bd-a0e4-9d8544657682 into model nwt
I1006 02:41:14.528009 26992640 processor.cc:820] Processor: start processing batch d196cba3-f633-43af-a3cb-5de44cb23262 into model nwt
I1006 02:41:14.681324 29138944 processor.cc:925] Processor: complete processing batch 89af3714-01fa-49bd-a0e4-9d8544657682 into model nwt
I1006 02:41:14.686062 29138944 cuckoo_watch.h:45] 181ms in ProcessBatch(lectures_batches/aaaaaa.batch) [including 13ms in LoadMessage; 7ms in InitializeSparseNdw; 0ms in FindReuseThetaCacheEntry; 8ms in InitializeTheta; 0ms in CreateRegularizerAgents; 89ms in InferThetaAndUpdateNwtSparse; 0ms in UpdateCacheEntry; 3ms in CalculateScore(sparsity_theta_score); 53ms in CalculateScore(^^^ItemsProcessedScore^^^); ]
I1006 02:41:14.709707 29138944 processor.cc:740] No data in processing queue, waiting...
I1006 02:41:14.840400 26992640 processor.cc:925] Processor: complete processing batch d196cba3-f633-43af-a3cb-5de44cb23262 into model nwt
I1006 02:41:14.846716 26992640 cuckoo_watch.h:45] 342ms in ProcessBatch(lectures_batches/aaaaab.batch) [including 23ms in LoadMessage; 19ms in InitializeSparseNdw; 0ms in FindReuseThetaCacheEntry; 3ms in InitializeTheta; 0ms in CreateRegularizerAgents; 183ms in InferThetaAndUpdateNwtSparse; 0ms in UpdateCacheEntry; 4ms in CalculateScore(sparsity_theta_score); 100ms in CalculateScore(^^^ItemsProcessedScore^^^); ]
I1006 02:41:14.847596 2047873024 master_component.cc:1436] RegularizeModelArgs: rwt_target_name=rwt, pwt_source_name=pwt, nwt_source_name=nwt
I1006 02:41:14.847635 2047873024 master_component.cc:976] MasterComponent: start regularizing model pwt
I1006 02:41:14.870908 26992640 processor.cc:740] No data in processing queue, waiting...
I1006 02:41:14.952004 2047873024 master_component.cc:1002] MasterComponent: complete regularizing model pwt
I1006 02:41:14.952023 2047873024 master_component.cc:1449] NormalizeModelArgs: pwt_target_name=pwt, nwt_source_name=nwt, rwt_source_name=rwt
I1006 02:41:14.952030 2047873024 master_component.cc:1006] MasterComponent: start normalizing model nwt
I1006 02:41:15.012642 2047873024 master_component.cc:1034] MasterComponent: complete normalizing model nwt
I1006 02:41:15.092561 2047873024 master_component.cc:1473] DisposeModel rwt
I1006 02:41:15.106583 2047873024 master_component.cc:1059] FitOffline: ItemsProcessed, num_items=1728, num_batches=2, token_weight=808522, token_weight_in_effect=808522
I1006 02:41:15.106842 2047873024 c_interface.cc:389] Pass FitOfflineMasterModelArgs, batch_filename_size=2, batch_weight_size=2, num_collection_passes=1, reset_nwt=yes to MN4artm4core15MasterComponentEFvRKNS_25FitOfflineMasterModelArgsEE
I1006 02:41:15.106855 2047873024 master_component.cc:1398] ProcessBatchesArgs: nwt_target_name=nwt, batch_filename_size=2, batch_size=0, batch_weight_size=2, pwt_source_name=pwt, num_document_passes=1, regularizer=(name:SmoothSparsePhi_bcg, tau:100000), class=(text:1), class=(author:1), reuse_theta=yes, opt_for_avx=yes, predict_class_id=, reset_nwt=yes
I1006 02:41:15.121767 28065792 processor.cc:747] Processing queue has data, processing started
I1006 02:41:15.121790 28602368 processor.cc:747] Processing queue has data, processing started
I1006 02:41:15.135084 28065792 processor.cc:820] Processor: start processing batch 89af3714-01fa-49bd-a0e4-9d8544657682 into model nwt
I1006 02:41:15.145819 28602368 processor.cc:820] Processor: start processing batch d196cba3-f633-43af-a3cb-5de44cb23262 into model nwt
I1006 02:41:15.304797 28065792 processor.cc:925] Processor: complete processing batch 89af3714-01fa-49bd-a0e4-9d8544657682 into model nwt
I1006 02:41:15.309324 28065792 cuckoo_watch.h:45] 187ms in ProcessBatch(lectures_batches/aaaaaa.batch) [including 13ms in LoadMessage; 9ms in InitializeSparseNdw; 0ms in FindReuseThetaCacheEntry; 8ms in InitializeTheta; 0ms in CreateRegularizerAgents; 92ms in InferThetaAndUpdateNwtSparse; 0ms in UpdateCacheEntry; 3ms in CalculateScore(sparsity_theta_score); 55ms in CalculateScore(^^^ItemsProcessedScore^^^); ]
I1006 02:41:15.331496 28065792 processor.cc:740] No data in processing queue, waiting...
I1006 02:41:15.460934 28602368 processor.cc:925] Processor: complete processing batch d196cba3-f633-43af-a3cb-5de44cb23262 into model nwt
I1006 02:41:15.467356 28602368 cuckoo_watch.h:45] 345ms in ProcessBatch(lectures_batches/aaaaab.batch) [including 24ms in LoadMessage; 23ms in InitializeSparseNdw; 0ms in FindReuseThetaCacheEntry; 3ms in InitializeTheta; 0ms in CreateRegularizerAgents; 182ms in InferThetaAndUpdateNwtSparse; 0ms in UpdateCacheEntry; 5ms in CalculateScore(sparsity_theta_score); 99ms in CalculateScore(^^^ItemsProcessedScore^^^); ]
I1006 02:41:15.468356 2047873024 master_component.cc:1436] RegularizeModelArgs: rwt_target_name=rwt, pwt_source_name=pwt, nwt_source_name=nwt
I1006 02:41:15.468389 2047873024 master_component.cc:976] MasterComponent: start regularizing model pwt
I1006 02:41:15.491497 28602368 processor.cc:740] No data in processing queue, waiting...
I1006 02:41:15.570053 2047873024 master_component.cc:1002] MasterComponent: complete regularizing model pwt
I1006 02:41:15.570075 2047873024 master_component.cc:1449] NormalizeModelArgs: pwt_target_name=pwt, nwt_source_name=nwt, rwt_source_name=rwt
I1006 02:41:15.570083 2047873024 master_component.cc:1006] MasterComponent: start normalizing model nwt
I1006 02:41:15.640215 2047873024 master_component.cc:1034] MasterComponent: complete normalizing model nwt
I1006 02:41:15.739398 2047873024 master_component.cc:1473] DisposeModel rwt
I1006 02:41:15.757218 2047873024 master_component.cc:1059] FitOffline: ItemsProcessed, num_items=1728, num_batches=2, token_weight=808522, token_weight_in_effect=808522
I1006 02:41:15.757462 2047873024 c_interface.cc:389] Pass FitOfflineMasterModelArgs, batch_filename_size=2, batch_weight_size=2, num_collection_passes=1, reset_nwt=yes to MN4artm4core15MasterComponentEFvRKNS_25FitOfflineMasterModelArgsEE
I1006 02:41:15.757477 2047873024 master_component.cc:1398] ProcessBatchesArgs: nwt_target_name=nwt, batch_filename_size=2, batch_size=0, batch_weight_size=2, pwt_source_name=pwt, num_document_passes=1, regularizer=(name:SmoothSparsePhi_bcg, tau:100000), class=(text:1), class=(author:1), reuse_theta=yes, opt_for_avx=yes, predict_class_id=, reset_nwt=yes
I1006 02:41:15.772883 27529216 processor.cc:747] Processing queue has data, processing started
I1006 02:41:15.772877 25919488 processor.cc:747] Processing queue has data, processing started
I1006 02:41:15.786190 25919488 processor.cc:820] Processor: start processing batch 89af3714-01fa-49bd-a0e4-9d8544657682 into model nwt
I1006 02:41:15.796264 27529216 processor.cc:820] Processor: start processing batch d196cba3-f633-43af-a3cb-5de44cb23262 into model nwt
I1006 02:41:15.957566 25919488 processor.cc:925] Processor: complete processing batch 89af3714-01fa-49bd-a0e4-9d8544657682 into model nwt
I1006 02:41:15.962344 25919488 cuckoo_watch.h:45] 189ms in ProcessBatch(lectures_batches/aaaaaa.batch) [including 13ms in LoadMessage; 7ms in InitializeSparseNdw; 0ms in FindReuseThetaCacheEntry; 8ms in InitializeTheta; 0ms in CreateRegularizerAgents; 94ms in InferThetaAndUpdateNwtSparse; 0ms in UpdateCacheEntry; 3ms in CalculateScore(sparsity_theta_score); 56ms in CalculateScore(^^^ItemsProcessedScore^^^); ]
I1006 02:41:15.983575 25919488 processor.cc:740] No data in processing queue, waiting...
I1006 02:41:16.131044 27529216 processor.cc:925] Processor: complete processing batch d196cba3-f633-43af-a3cb-5de44cb23262 into model nwt
I1006 02:41:16.138450 27529216 cuckoo_watch.h:45] 365ms in ProcessBatch(lectures_batches/aaaaab.batch) [including 23ms in LoadMessage; 20ms in InitializeSparseNdw; 0ms in FindReuseThetaCacheEntry; 3ms in InitializeTheta; 0ms in CreateRegularizerAgents; 195ms in InferThetaAndUpdateNwtSparse; 0ms in UpdateCacheEntry; 5ms in CalculateScore(sparsity_theta_score); 108ms in CalculateScore(^^^ItemsProcessedScore^^^); ]
I1006 02:41:16.138705 2047873024 master_component.cc:1436] RegularizeModelArgs: rwt_target_name=rwt, pwt_source_name=pwt, nwt_source_name=nwt
I1006 02:41:16.138731 2047873024 master_component.cc:976] MasterComponent: start regularizing model pwt
I1006 02:41:16.162422 27529216 processor.cc:740] No data in processing queue, waiting...
I1006 02:41:16.237728 2047873024 master_component.cc:1002] MasterComponent: complete regularizing model pwt
I1006 02:41:16.237752 2047873024 master_component.cc:1449] NormalizeModelArgs: pwt_target_name=pwt, nwt_source_name=nwt, rwt_source_name=rwt
I1006 02:41:16.237761 2047873024 master_component.cc:1006] MasterComponent: start normalizing model nwt
I1006 02:41:16.304822 2047873024 master_component.cc:1034] MasterComponent: complete normalizing model nwt
I1006 02:41:16.396536 2047873024 master_component.cc:1473] DisposeModel rwt
I1006 02:41:16.415410 2047873024 master_component.cc:1059] FitOffline: ItemsProcessed, num_items=1728, num_batches=2, token_weight=808522, token_weight_in_effect=808522
I1006 02:41:16.415685 2047873024 c_interface.cc:389] Pass FitOfflineMasterModelArgs, batch_filename_size=2, batch_weight_size=2, num_collection_passes=1, reset_nwt=yes to MN4artm4core15MasterComponentEFvRKNS_25FitOfflineMasterModelArgsEE
I1006 02:41:16.415704 2047873024 master_component.cc:1398] ProcessBatchesArgs: nwt_target_name=nwt, batch_filename_size=2, batch_size=0, batch_weight_size=2, pwt_source_name=pwt, num_document_passes=1, regularizer=(name:SmoothSparsePhi_bcg, tau:100000), class=(text:1), class=(author:1), reuse_theta=yes, opt_for_avx=yes, predict_class_id=, reset_nwt=yes
I1006 02:41:16.431455 26456064 processor.cc:747] Processing queue has data, processing started
I1006 02:41:16.431464 26992640 processor.cc:747] Processing queue has data, processing started
I1006 02:41:16.445144 26456064 processor.cc:820] Processor: start processing batch 89af3714-01fa-49bd-a0e4-9d8544657682 into model nwt
I1006 02:41:16.456193 26992640 processor.cc:820] Processor: start processing batch d196cba3-f633-43af-a3cb-5de44cb23262 into model nwt
I1006 02:41:16.599434 26456064 processor.cc:925] Processor: complete processing batch 89af3714-01fa-49bd-a0e4-9d8544657682 into model nwt
I1006 02:41:16.603533 26456064 cuckoo_watch.h:45] 172ms in ProcessBatch(lectures_batches/aaaaaa.batch) [including 13ms in LoadMessage; 7ms in InitializeSparseNdw; 0ms in FindReuseThetaCacheEntry; 7ms in InitializeTheta; 0ms in CreateRegularizerAgents; 85ms in InferThetaAndUpdateNwtSparse; 0ms in UpdateCacheEntry; 3ms in CalculateScore(sparsity_theta_score); 49ms in CalculateScore(^^^ItemsProcessedScore^^^); ]
I1006 02:41:16.626003 26456064 processor.cc:740] No data in processing queue, waiting...
I1006 02:41:16.775342 26992640 processor.cc:925] Processor: complete processing batch d196cba3-f633-43af-a3cb-5de44cb23262 into model nwt
I1006 02:41:16.781637 26992640 cuckoo_watch.h:45] 350ms in ProcessBatch(lectures_batches/aaaaab.batch) [including 24ms in LoadMessage; 21ms in InitializeSparseNdw; 0ms in FindReuseThetaCacheEntry; 3ms in InitializeTheta; 0ms in CreateRegularizerAgents; 179ms in InferThetaAndUpdateNwtSparse; 0ms in UpdateCacheEntry; 5ms in CalculateScore(sparsity_theta_score); 109ms in CalculateScore(^^^ItemsProcessedScore^^^); ]
I1006 02:41:16.782152 2047873024 master_component.cc:1436] RegularizeModelArgs: rwt_target_name=rwt, pwt_source_name=pwt, nwt_source_name=nwt
I1006 02:41:16.782188 2047873024 master_component.cc:976] MasterComponent: start regularizing model pwt
I1006 02:41:16.805397 26992640 processor.cc:740] No data in processing queue, waiting...
I1006 02:41:16.887411 2047873024 master_component.cc:1002] MasterComponent: complete regularizing model pwt
I1006 02:41:16.887459 2047873024 master_component.cc:1449] NormalizeModelArgs: pwt_target_name=pwt, nwt_source_name=nwt, rwt_source_name=rwt
I1006 02:41:16.887467 2047873024 master_component.cc:1006] MasterComponent: start normalizing model nwt
I1006 02:41:16.947930 2047873024 master_component.cc:1034] MasterComponent: complete normalizing model nwt
I1006 02:41:17.028434 2047873024 master_component.cc:1473] DisposeModel rwt
I1006 02:41:17.046001 2047873024 master_component.cc:1059] FitOffline: ItemsProcessed, num_items=1728, num_batches=2, token_weight=808522, token_weight_in_effect=808522
I1006 02:41:17.046252 2047873024 c_interface.cc:389] Pass FitOfflineMasterModelArgs, batch_filename_size=2, batch_weight_size=2, num_collection_passes=1, reset_nwt=yes to MN4artm4core15MasterComponentEFvRKNS_25FitOfflineMasterModelArgsEE
I1006 02:41:17.046274 2047873024 master_component.cc:1398] ProcessBatchesArgs: nwt_target_name=nwt, batch_filename_size=2, batch_size=0, batch_weight_size=2, pwt_source_name=pwt, num_document_passes=1, regularizer=(name:SmoothSparsePhi_bcg, tau:100000), class=(text:1), class=(author:1), reuse_theta=yes, opt_for_avx=yes, predict_class_id=, reset_nwt=yes
I1006 02:41:17.061987 29675520 processor.cc:747] Processing queue has data, processing started
I1006 02:41:17.061993 27529216 processor.cc:747] Processing queue has data, processing started
I1006 02:41:17.075160 29675520 processor.cc:820] Processor: start processing batch 89af3714-01fa-49bd-a0e4-9d8544657682 into model nwt
I1006 02:41:17.086187 27529216 processor.cc:820] Processor: start processing batch d196cba3-f633-43af-a3cb-5de44cb23262 into model nwt
I1006 02:41:17.225992 29675520 processor.cc:925] Processor: complete processing batch 89af3714-01fa-49bd-a0e4-9d8544657682 into model nwt
I1006 02:41:17.230195 29675520 cuckoo_watch.h:45] 168ms in ProcessBatch(lectures_batches/aaaaaa.batch) [including 13ms in LoadMessage; 7ms in InitializeSparseNdw; 0ms in FindReuseThetaCacheEntry; 8ms in InitializeTheta; 0ms in CreateRegularizerAgents; 83ms in InferThetaAndUpdateNwtSparse; 0ms in UpdateCacheEntry; 4ms in CalculateScore(sparsity_theta_score); 47ms in CalculateScore(^^^ItemsProcessedScore^^^); ]
I1006 02:41:17.252612 29675520 processor.cc:740] No data in processing queue, waiting...
I1006 02:41:17.437615 27529216 processor.cc:925] Processor: complete processing batch d196cba3-f633-43af-a3cb-5de44cb23262 into model nwt
I1006 02:41:17.444630 27529216 cuckoo_watch.h:45] 382ms in ProcessBatch(lectures_batches/aaaaab.batch) [including 24ms in LoadMessage; 25ms in InitializeSparseNdw; 0ms in FindReuseThetaCacheEntry; 3ms in InitializeTheta; 0ms in CreateRegularizerAgents; 209ms in InferThetaAndUpdateNwtSparse; 0ms in UpdateCacheEntry; 5ms in CalculateScore(sparsity_theta_score); 107ms in CalculateScore(^^^ItemsProcessedScore^^^); ]
I1006 02:41:17.445004 2047873024 master_component.cc:1436] RegularizeModelArgs: rwt_target_name=rwt, pwt_source_name=pwt, nwt_source_name=nwt
I1006 02:41:17.445031 2047873024 master_component.cc:976] MasterComponent: start regularizing model pwt
I1006 02:41:17.467473 27529216 processor.cc:740] No data in processing queue, waiting...
I1006 02:41:17.546192 2047873024 master_component.cc:1002] MasterComponent: complete regularizing model pwt
I1006 02:41:17.546208 2047873024 master_component.cc:1449] NormalizeModelArgs: pwt_target_name=pwt, nwt_source_name=nwt, rwt_source_name=rwt
I1006 02:41:17.546216 2047873024 master_component.cc:1006] MasterComponent: start normalizing model nwt
I1006 02:41:17.608706 2047873024 master_component.cc:1034] MasterComponent: complete normalizing model nwt
I1006 02:41:17.695560 2047873024 master_component.cc:1473] DisposeModel rwt
I1006 02:41:17.711978 2047873024 master_component.cc:1059] FitOffline: ItemsProcessed, num_items=1728, num_batches=2, token_weight=808522, token_weight_in_effect=808522
I1006 02:41:17.712265 2047873024 c_interface.cc:389] Pass FitOfflineMasterModelArgs, batch_filename_size=2, batch_weight_size=2, num_collection_passes=1, reset_nwt=yes to MN4artm4core15MasterComponentEFvRKNS_25FitOfflineMasterModelArgsEE
I1006 02:41:17.712312 2047873024 master_component.cc:1398] ProcessBatchesArgs: nwt_target_name=nwt, batch_filename_size=2, batch_size=0, batch_weight_size=2, pwt_source_name=pwt, num_document_passes=1, regularizer=(name:SmoothSparsePhi_bcg, tau:100000), class=(text:1), class=(author:1), reuse_theta=yes, opt_for_avx=yes, predict_class_id=, reset_nwt=yes
I1006 02:41:17.727550 29675520 processor.cc:747] Processing queue has data, processing started
I1006 02:41:17.727558 26992640 processor.cc:747] Processing queue has data, processing started
I1006 02:41:17.740442 29675520 processor.cc:820] Processor: start processing batch 89af3714-01fa-49bd-a0e4-9d8544657682 into model nwt
I1006 02:41:17.750587 26992640 processor.cc:820] Processor: start processing batch d196cba3-f633-43af-a3cb-5de44cb23262 into model nwt
I1006 02:41:17.892782 29675520 processor.cc:925] Processor: complete processing batch 89af3714-01fa-49bd-a0e4-9d8544657682 into model nwt
I1006 02:41:17.897037 29675520 cuckoo_watch.h:45] 169ms in ProcessBatch(lectures_batches/aaaaaa.batch) [including 12ms in LoadMessage; 7ms in InitializeSparseNdw; 0ms in FindReuseThetaCacheEntry; 7ms in InitializeTheta; 0ms in CreateRegularizerAgents; 81ms in InferThetaAndUpdateNwtSparse; 0ms in UpdateCacheEntry; 3ms in CalculateScore(sparsity_theta_score); 51ms in CalculateScore(^^^ItemsProcessedScore^^^); ]
I1006 02:41:17.918596 29675520 processor.cc:740] No data in processing queue, waiting...
I1006 02:41:18.055171 26992640 processor.cc:925] Processor: complete processing batch d196cba3-f633-43af-a3cb-5de44cb23262 into model nwt
I1006 02:41:18.061386 26992640 cuckoo_watch.h:45] 333ms in ProcessBatch(lectures_batches/aaaaab.batch) [including 22ms in LoadMessage; 19ms in InitializeSparseNdw; 0ms in FindReuseThetaCacheEntry; 3ms in InitializeTheta; 0ms in CreateRegularizerAgents; 176ms in InferThetaAndUpdateNwtSparse; 0ms in UpdateCacheEntry; 4ms in CalculateScore(sparsity_theta_score); 101ms in CalculateScore(^^^ItemsProcessedScore^^^); ]
I1006 02:41:18.062002 2047873024 master_component.cc:1436] RegularizeModelArgs: rwt_target_name=rwt, pwt_source_name=pwt, nwt_source_name=nwt
I1006 02:41:18.062021 2047873024 master_component.cc:976] MasterComponent: start regularizing model pwt
I1006 02:41:18.082224 26992640 processor.cc:740] No data in processing queue, waiting...
I1006 02:41:18.170359 2047873024 master_component.cc:1002] MasterComponent: complete regularizing model pwt
I1006 02:41:18.170387 2047873024 master_component.cc:1449] NormalizeModelArgs: pwt_target_name=pwt, nwt_source_name=nwt, rwt_source_name=rwt
I1006 02:41:18.170397 2047873024 master_component.cc:1006] MasterComponent: start normalizing model nwt
I1006 02:41:18.232662 2047873024 master_component.cc:1034] MasterComponent: complete normalizing model nwt
I1006 02:41:18.317827 2047873024 master_component.cc:1473] DisposeModel rwt
I1006 02:41:18.337270 2047873024 master_component.cc:1059] FitOffline: ItemsProcessed, num_items=1728, num_batches=2, token_weight=808522, token_weight_in_effect=808522
I1006 02:41:18.337505 2047873024 c_interface.cc:389] Pass FitOfflineMasterModelArgs, batch_filename_size=2, batch_weight_size=2, num_collection_passes=1, reset_nwt=yes to MN4artm4core15MasterComponentEFvRKNS_25FitOfflineMasterModelArgsEE
I1006 02:41:18.337519 2047873024 master_component.cc:1398] ProcessBatchesArgs: nwt_target_name=nwt, batch_filename_size=2, batch_size=0, batch_weight_size=2, pwt_source_name=pwt, num_document_passes=1, regularizer=(name:SmoothSparsePhi_bcg, tau:100000), class=(text:1), class=(author:1), reuse_theta=yes, opt_for_avx=yes, predict_class_id=, reset_nwt=yes
I1006 02:41:18.353335 25919488 processor.cc:747] Processing queue has data, processing started
I1006 02:41:18.353338 27529216 processor.cc:747] Processing queue has data, processing started
I1006 02:41:18.366574 25919488 processor.cc:820] Processor: start processing batch 89af3714-01fa-49bd-a0e4-9d8544657682 into model nwt
I1006 02:41:18.379966 27529216 processor.cc:820] Processor: start processing batch d196cba3-f633-43af-a3cb-5de44cb23262 into model nwt
I1006 02:41:18.518388 25919488 processor.cc:925] Processor: complete processing batch 89af3714-01fa-49bd-a0e4-9d8544657682 into model nwt
I1006 02:41:18.522164 25919488 cuckoo_watch.h:45] 168ms in ProcessBatch(lectures_batches/aaaaaa.batch) [including 13ms in LoadMessage; 8ms in InitializeSparseNdw; 0ms in FindReuseThetaCacheEntry; 8ms in InitializeTheta; 0ms in CreateRegularizerAgents; 81ms in InferThetaAndUpdateNwtSparse; 0ms in UpdateCacheEntry; 3ms in CalculateScore(sparsity_theta_score); 48ms in CalculateScore(^^^ItemsProcessedScore^^^); ]
