Log file created at: 2018/10/05 19:59:45
Running on machine: artems-MBP.Dlink
Log line format: [IWEF]mmdd hh:mm:ss.uuuuuu threadid file:line] msg
I1005 19:59:45.616917 2047873024 c_interface.cc:127] Logging enabled to .
I1005 19:59:45.618295 2047873024 c_interface.cc:128] BigARTM version: v0.9.0
I1005 19:59:45.618341 2047873024 c_interface.cc:271] Pass MasterModelConfig: topic_name_size=0, score_config_size=1, num_processors=0, pwt_name=pwt, nwt_name=nwt, num_document_passes=0, reuse_theta=no, cache_theta=no, opt_for_avx=yes, disk_cache_path= to ArtmCreateMasterModel
I1005 19:59:45.618372 2047873024 c_interface.cc:274] Creating MasterModel (id=1)...
I1005 19:59:45.619009 2047873024 collection_parser.cc:557] CollectionParserConfig.num_threads is automatically set to 8
W1005 19:59:46.097201 25919488 helpers.cc:221] File already exists: lectures_batches/aaaaaa.batch
W1005 19:59:46.782780 26992640 helpers.cc:221] File already exists: lectures_batches/aaaaab.batch
I1005 19:59:46.865723 2047873024 c_interface.cc:375] Pass ddf5bc9d-599d-4bc4-a764-33d5e10a6e02 to MN4artm4core15MasterComponentEFvRKNSt3__112basic_stringIcNS2_11char_traitsIcEENS2_9allocatorIcEEEEE
I1005 19:59:46.865886 2047873024 c_interface.cc:389] Pass GatherDictionaryArgs: dictionary_target_name=ddf5bc9d-599d-4bc4-a764-33d5e10a6e02, data_path=lectures_batches, symmetric_cooc_values=0 to MN4artm4core15MasterComponentEFvRKNS_20GatherDictionaryArgsEE
I1005 19:59:46.865981 2047873024 dictionary_operations.cc:261] Found 2 batches in 'lectures_batches' folder
I1005 19:59:46.957020 2047873024 dictionary_operations.cc:325] Find 26866 unique tokens in 1728 items
I1005 19:59:46.988435 2047873024 dictionary_operations.cc:589] Dictionary name='ddf5bc9d-599d-4bc4-a764-33d5e10a6e02' contains entries: author:539; text:26327; 
I1005 19:59:51.385785 2047873024 c_interface.cc:271] Pass MasterModelConfig: topic_name_size=30, class=(text:1), class=(author:1), score_config_size=1, num_processors=0, pwt_name=pwt, nwt_name=nwt, num_document_passes=10, reuse_theta=no, cache_theta=no, opt_for_avx=yes, disk_cache_path= to ArtmCreateMasterModel
I1005 19:59:51.385810 2047873024 instance.cc:401] MasterModelConfig.processors_count is automatically set to 8
I1005 19:59:51.385880 23773184 processor.cc:724] Processor thread started
I1005 19:59:51.385893 24309760 processor.cc:724] Processor thread started
I1005 19:59:51.385907 24846336 processor.cc:724] Processor thread started
I1005 19:59:51.385915 25919488 processor.cc:724] Processor thread started
I1005 19:59:51.385933 26456064 processor.cc:724] Processor thread started
I1005 19:59:51.385951 26992640 processor.cc:724] Processor thread started
I1005 19:59:51.385968 27529216 processor.cc:724] Processor thread started
I1005 19:59:51.385975 2047873024 c_interface.cc:274] Creating MasterModel (id=2)...
I1005 19:59:51.385987 28065792 processor.cc:724] Processor thread started
I1005 19:59:51.408023 26992640 processor.cc:740] No data in processing queue, waiting...
I1005 19:59:51.408025 23773184 processor.cc:740] No data in processing queue, waiting...
I1005 19:59:51.408051 25919488 processor.cc:740] No data in processing queue, waiting...
I1005 19:59:51.408059 24309760 processor.cc:740] No data in processing queue, waiting...
I1005 19:59:51.408074 27529216 processor.cc:740] No data in processing queue, waiting...
I1005 19:59:51.408080 24846336 processor.cc:740] No data in processing queue, waiting...
I1005 19:59:51.408087 28065792 processor.cc:740] No data in processing queue, waiting...
I1005 19:59:51.408090 26456064 processor.cc:740] No data in processing queue, waiting...
I1005 19:59:56.480087 2047873024 c_interface.cc:271] Pass MasterModelConfig: topic_name_size=0, score_config_size=1, num_processors=0, pwt_name=pwt, nwt_name=nwt, num_document_passes=0, reuse_theta=no, cache_theta=no, opt_for_avx=yes, disk_cache_path= to ArtmCreateMasterModel
I1005 19:59:56.480103 2047873024 c_interface.cc:274] Creating MasterModel (id=3)...
I1005 19:59:56.480403 2047873024 c_interface.cc:375] Pass dictionary to MN4artm4core15MasterComponentEFvRKNSt3__112basic_stringIcNS2_11char_traitsIcEENS2_9allocatorIcEEEEE
I1005 19:59:56.480657 2047873024 c_interface.cc:389] Pass GatherDictionaryArgs: dictionary_target_name=dictionary, data_path=lectures_batches, symmetric_cooc_values=0 to MN4artm4core15MasterComponentEFvRKNS_20GatherDictionaryArgsEE
I1005 19:59:56.480779 2047873024 dictionary_operations.cc:261] Found 2 batches in 'lectures_batches' folder
I1005 19:59:56.573370 2047873024 dictionary_operations.cc:325] Find 26866 unique tokens in 1728 items
I1005 19:59:56.604748 2047873024 dictionary_operations.cc:589] Dictionary name='dictionary' contains entries: author:539; text:26327; 
I1005 19:59:57.780436 2047873024 c_interface.cc:375] Pass pwt to MN4artm4core15MasterComponentEFvRKNSt3__112basic_stringIcNS2_11char_traitsIcEENS2_9allocatorIcEEEEE
I1005 19:59:57.780665 2047873024 c_interface.cc:375] Pass nwt to MN4artm4core15MasterComponentEFvRKNSt3__112basic_stringIcNS2_11char_traitsIcEENS2_9allocatorIcEEEEE
I1005 19:59:57.780925 2047873024 c_interface.cc:389] Pass InitializeModelArgs: model_name=pwt, dictionary_name=dictionary, topic_name_size=30, seed=-1 to MN4artm4core15MasterComponentEFvRKNS_19InitializeModelArgsEE
I1005 19:59:57.911123 2047873024 master_component.cc:664] InitializeModel() created matrix pwt with 30 topics and 26866 tokens; 
I1005 19:59:57.911391 2047873024 c_interface.cc:389] Pass InitializeModelArgs: model_name=nwt, dictionary_name=dictionary, topic_name_size=30, seed=-1 to MN4artm4core15MasterComponentEFvRKNS_19InitializeModelArgsEE
I1005 19:59:58.041503 2047873024 master_component.cc:664] InitializeModel() created matrix nwt with 30 topics and 26866 tokens; 
I1005 19:59:58.041700 2047873024 c_interface.cc:231] ArtmCopyRequestedMessage is copying 309 bytes...
I1005 20:01:23.079306 2047873024 c_interface.cc:389] Pass MasterModelConfig: topic_name_size=30, class=(text:1), class=(author:1), score_config_size=2, num_processors=0, pwt_name=pwt, nwt_name=nwt, num_document_passes=10, reuse_theta=no, cache_theta=no, opt_for_avx=yes, disk_cache_path= to MN4artm4core15MasterComponentEFvRKNS_17MasterModelConfigEE
I1005 20:01:23.079371 2047873024 instance.cc:401] MasterModelConfig.processors_count is automatically set to 8
I1005 20:01:23.079793 2047873024 c_interface.cc:389] Pass MasterModelConfig: topic_name_size=30, class=(text:1), class=(author:1), score_config_size=3, num_processors=0, pwt_name=pwt, nwt_name=nwt, num_document_passes=10, reuse_theta=no, cache_theta=no, opt_for_avx=yes, disk_cache_path= to MN4artm4core15MasterComponentEFvRKNS_17MasterModelConfigEE
I1005 20:01:23.079810 2047873024 instance.cc:401] MasterModelConfig.processors_count is automatically set to 8
I1005 20:01:23.080349 2047873024 c_interface.cc:389] Pass MasterModelConfig: topic_name_size=30, class=(text:1), class=(author:1), score_config_size=4, num_processors=0, pwt_name=pwt, nwt_name=nwt, num_document_passes=10, reuse_theta=no, cache_theta=no, opt_for_avx=yes, disk_cache_path= to MN4artm4core15MasterComponentEFvRKNS_17MasterModelConfigEE
I1005 20:01:23.080369 2047873024 instance.cc:401] MasterModelConfig.processors_count is automatically set to 8
I1005 20:01:23.080793 2047873024 c_interface.cc:389] Pass MasterModelConfig: topic_name_size=30, class=(text:1), class=(author:1), score_config_size=5, num_processors=0, pwt_name=pwt, nwt_name=nwt, num_document_passes=10, reuse_theta=no, cache_theta=no, opt_for_avx=yes, disk_cache_path= to MN4artm4core15MasterComponentEFvRKNS_17MasterModelConfigEE
I1005 20:01:23.080814 2047873024 instance.cc:401] MasterModelConfig.processors_count is automatically set to 8
I1005 20:01:23.081260 2047873024 c_interface.cc:389] Pass MasterModelConfig: topic_name_size=30, class=(text:1), class=(author:1), score_config_size=6, num_processors=0, pwt_name=pwt, nwt_name=nwt, num_document_passes=10, reuse_theta=no, cache_theta=no, opt_for_avx=yes, disk_cache_path= to MN4artm4core15MasterComponentEFvRKNS_17MasterModelConfigEE
I1005 20:01:23.081277 2047873024 instance.cc:401] MasterModelConfig.processors_count is automatically set to 8
I1005 20:01:48.934845 2047873024 c_interface.cc:389] Pass MasterModelConfig: topic_name_size=30, class=(text:1), class=(author:1), score_config_size=6, num_processors=0, pwt_name=pwt, nwt_name=nwt, num_document_passes=10, regularizer=(SmoothSparsePhi:100000), reuse_theta=no, cache_theta=no, opt_for_avx=yes, disk_cache_path= to MN4artm4core15MasterComponentEFvRKNS_17MasterModelConfigEE
I1005 20:01:48.934880 2047873024 instance.cc:401] MasterModelConfig.processors_count is automatically set to 8
I1005 20:01:48.934931 2047873024 instance.cc:232] Regularizer 'SmoothSparsePhi' was cold-reconfigured
I1005 20:01:58.234205 2047873024 c_interface.cc:389] Pass FitOfflineMasterModelArgs, batch_filename_size=2, batch_weight_size=2, num_collection_passes=1, reset_nwt=yes to MN4artm4core15MasterComponentEFvRKNS_25FitOfflineMasterModelArgsEE
I1005 20:01:58.234249 2047873024 master_component.cc:1398] ProcessBatchesArgs: nwt_target_name=nwt, batch_filename_size=2, batch_size=0, batch_weight_size=2, pwt_source_name=pwt, num_document_passes=10, regularizer=(name:SmoothSparsePhi, tau:100000), class=(text:1), class=(author:1), reuse_theta=no, opt_for_avx=yes, predict_class_id=, reset_nwt=yes
I1005 20:01:58.245002 2047873024 master_component.cc:826] Batches count (=2) is smaller than num processors (=8), which may cause suboptimal performance.
I1005 20:01:58.246124 27529216 processor.cc:747] Processing queue has data, processing started
I1005 20:01:58.246122 24846336 processor.cc:747] Processing queue has data, processing started
I1005 20:01:58.261116 24846336 processor.cc:820] Processor: start processing batch dabd14b5-1e8a-4d65-94d2-c310c02be74e into model nwt
I1005 20:01:58.271878 27529216 processor.cc:820] Processor: start processing batch 472db180-368e-4dbe-ac96-275aa7464620 into model nwt
I1005 20:01:58.488363 24846336 processor.cc:925] Processor: complete processing batch dabd14b5-1e8a-4d65-94d2-c310c02be74e into model nwt
I1005 20:01:58.491595 24846336 cuckoo_watch.h:45] 245ms in ProcessBatch(lectures_batches/aaaaaa.batch) [including 14ms in LoadMessage; 8ms in InitializeSparseNdw; 0ms in InitializeTheta; 0ms in CreateRegularizerAgents; 170ms in InferThetaAndUpdateNwtSparse; 3ms in CalculateScore(sparsity_theta_score); 44ms in CalculateScore(^^^ItemsProcessedScore^^^); ]
I1005 20:01:58.514142 24846336 processor.cc:740] No data in processing queue, waiting...
I1005 20:01:58.759176 27529216 processor.cc:925] Processor: complete processing batch 472db180-368e-4dbe-ac96-275aa7464620 into model nwt
I1005 20:01:58.764472 27529216 cuckoo_watch.h:45] 518ms in ProcessBatch(lectures_batches/aaaaab.batch) [including 25ms in LoadMessage; 25ms in InitializeSparseNdw; 0ms in InitializeTheta; 0ms in CreateRegularizerAgents; 355ms in InferThetaAndUpdateNwtSparse; 4ms in CalculateScore(sparsity_theta_score); 101ms in CalculateScore(^^^ItemsProcessedScore^^^); ]
I1005 20:01:58.764550 2047873024 master_component.cc:1436] RegularizeModelArgs: rwt_target_name=rwt, pwt_source_name=pwt, nwt_source_name=nwt
I1005 20:01:58.764572 2047873024 master_component.cc:976] MasterComponent: start regularizing model pwt
I1005 20:01:58.787988 27529216 processor.cc:740] No data in processing queue, waiting...
I1005 20:01:58.864650 2047873024 master_component.cc:1002] MasterComponent: complete regularizing model pwt
I1005 20:01:58.864670 2047873024 master_component.cc:1449] NormalizeModelArgs: pwt_target_name=pwt, nwt_source_name=nwt, rwt_source_name=rwt
I1005 20:01:58.864675 2047873024 master_component.cc:1006] MasterComponent: start normalizing model nwt
I1005 20:01:58.923108 2047873024 master_component.cc:1034] MasterComponent: complete normalizing model nwt
I1005 20:01:59.000313 2047873024 master_component.cc:1473] DisposeModel rwt
I1005 20:01:59.017499 2047873024 master_component.cc:1059] FitOffline: ItemsProcessed, num_items=1728, num_batches=2, token_weight=808522, token_weight_in_effect=808522
I1005 20:01:59.017798 2047873024 c_interface.cc:389] Pass FitOfflineMasterModelArgs, batch_filename_size=2, batch_weight_size=2, num_collection_passes=1, reset_nwt=yes to MN4artm4core15MasterComponentEFvRKNS_25FitOfflineMasterModelArgsEE
I1005 20:01:59.017812 2047873024 master_component.cc:1398] ProcessBatchesArgs: nwt_target_name=nwt, batch_filename_size=2, batch_size=0, batch_weight_size=2, pwt_source_name=pwt, num_document_passes=10, regularizer=(name:SmoothSparsePhi, tau:100000), class=(text:1), class=(author:1), reuse_theta=no, opt_for_avx=yes, predict_class_id=, reset_nwt=yes
I1005 20:01:59.031430 26992640 processor.cc:747] Processing queue has data, processing started
I1005 20:01:59.031430 26456064 processor.cc:747] Processing queue has data, processing started
I1005 20:01:59.044281 26456064 processor.cc:820] Processor: start processing batch dabd14b5-1e8a-4d65-94d2-c310c02be74e into model nwt
I1005 20:01:59.056977 26992640 processor.cc:820] Processor: start processing batch 472db180-368e-4dbe-ac96-275aa7464620 into model nwt
I1005 20:01:59.252393 26456064 processor.cc:925] Processor: complete processing batch dabd14b5-1e8a-4d65-94d2-c310c02be74e into model nwt
I1005 20:01:59.256054 26456064 cuckoo_watch.h:45] 224ms in ProcessBatch(lectures_batches/aaaaaa.batch) [including 12ms in LoadMessage; 7ms in InitializeSparseNdw; 0ms in InitializeTheta; 0ms in CreateRegularizerAgents; 153ms in InferThetaAndUpdateNwtSparse; 3ms in CalculateScore(sparsity_theta_score); 43ms in CalculateScore(^^^ItemsProcessedScore^^^); ]
I1005 20:01:59.277715 26456064 processor.cc:740] No data in processing queue, waiting...
I1005 20:01:59.520905 26992640 processor.cc:925] Processor: complete processing batch 472db180-368e-4dbe-ac96-275aa7464620 into model nwt
I1005 20:01:59.525908 26992640 cuckoo_watch.h:45] 494ms in ProcessBatch(lectures_batches/aaaaab.batch) [including 25ms in LoadMessage; 20ms in InitializeSparseNdw; 0ms in InitializeTheta; 0ms in CreateRegularizerAgents; 338ms in InferThetaAndUpdateNwtSparse; 4ms in CalculateScore(sparsity_theta_score); 100ms in CalculateScore(^^^ItemsProcessedScore^^^); ]
I1005 20:01:59.526780 2047873024 master_component.cc:1436] RegularizeModelArgs: rwt_target_name=rwt, pwt_source_name=pwt, nwt_source_name=nwt
I1005 20:01:59.526810 2047873024 master_component.cc:976] MasterComponent: start regularizing model pwt
I1005 20:01:59.550269 26992640 processor.cc:740] No data in processing queue, waiting...
I1005 20:01:59.627158 2047873024 master_component.cc:1002] MasterComponent: complete regularizing model pwt
I1005 20:01:59.627198 2047873024 master_component.cc:1449] NormalizeModelArgs: pwt_target_name=pwt, nwt_source_name=nwt, rwt_source_name=rwt
I1005 20:01:59.627204 2047873024 master_component.cc:1006] MasterComponent: start normalizing model nwt
I1005 20:01:59.697984 2047873024 master_component.cc:1034] MasterComponent: complete normalizing model nwt
I1005 20:01:59.776881 2047873024 master_component.cc:1473] DisposeModel rwt
I1005 20:01:59.789470 2047873024 master_component.cc:1059] FitOffline: ItemsProcessed, num_items=1728, num_batches=2, token_weight=808522, token_weight_in_effect=808522
I1005 20:01:59.789697 2047873024 c_interface.cc:389] Pass FitOfflineMasterModelArgs, batch_filename_size=2, batch_weight_size=2, num_collection_passes=1, reset_nwt=yes to MN4artm4core15MasterComponentEFvRKNS_25FitOfflineMasterModelArgsEE
I1005 20:01:59.789710 2047873024 master_component.cc:1398] ProcessBatchesArgs: nwt_target_name=nwt, batch_filename_size=2, batch_size=0, batch_weight_size=2, pwt_source_name=pwt, num_document_passes=10, regularizer=(name:SmoothSparsePhi, tau:100000), class=(text:1), class=(author:1), reuse_theta=no, opt_for_avx=yes, predict_class_id=, reset_nwt=yes
I1005 20:01:59.803319 26456064 processor.cc:747] Processing queue has data, processing started
I1005 20:01:59.803352 23773184 processor.cc:747] Processing queue has data, processing started
I1005 20:01:59.816315 26456064 processor.cc:820] Processor: start processing batch dabd14b5-1e8a-4d65-94d2-c310c02be74e into model nwt
I1005 20:01:59.827069 23773184 processor.cc:820] Processor: start processing batch 472db180-368e-4dbe-ac96-275aa7464620 into model nwt
I1005 20:02:00.038514 26456064 processor.cc:925] Processor: complete processing batch dabd14b5-1e8a-4d65-94d2-c310c02be74e into model nwt
I1005 20:02:00.041925 26456064 cuckoo_watch.h:45] 238ms in ProcessBatch(lectures_batches/aaaaaa.batch) [including 12ms in LoadMessage; 8ms in InitializeSparseNdw; 0ms in InitializeTheta; 0ms in CreateRegularizerAgents; 160ms in InferThetaAndUpdateNwtSparse; 3ms in CalculateScore(sparsity_theta_score); 49ms in CalculateScore(^^^ItemsProcessedScore^^^); ]
I1005 20:02:00.064039 26456064 processor.cc:740] No data in processing queue, waiting...
I1005 20:02:00.321066 23773184 processor.cc:925] Processor: complete processing batch 472db180-368e-4dbe-ac96-275aa7464620 into model nwt
I1005 20:02:00.327394 23773184 cuckoo_watch.h:45] 524ms in ProcessBatch(lectures_batches/aaaaab.batch) [including 23ms in LoadMessage; 22ms in InitializeSparseNdw; 0ms in InitializeTheta; 0ms in CreateRegularizerAgents; 356ms in InferThetaAndUpdateNwtSparse; 5ms in CalculateScore(sparsity_theta_score); 109ms in CalculateScore(^^^ItemsProcessedScore^^^); ]
I1005 20:02:00.327811 2047873024 master_component.cc:1436] RegularizeModelArgs: rwt_target_name=rwt, pwt_source_name=pwt, nwt_source_name=nwt
I1005 20:02:00.327836 2047873024 master_component.cc:976] MasterComponent: start regularizing model pwt
I1005 20:02:00.351197 23773184 processor.cc:740] No data in processing queue, waiting...
I1005 20:02:00.426309 2047873024 master_component.cc:1002] MasterComponent: complete regularizing model pwt
I1005 20:02:00.426331 2047873024 master_component.cc:1449] NormalizeModelArgs: pwt_target_name=pwt, nwt_source_name=nwt, rwt_source_name=rwt
I1005 20:02:00.426338 2047873024 master_component.cc:1006] MasterComponent: start normalizing model nwt
I1005 20:02:00.481812 2047873024 master_component.cc:1034] MasterComponent: complete normalizing model nwt
I1005 20:02:00.556746 2047873024 master_component.cc:1473] DisposeModel rwt
I1005 20:02:00.571292 2047873024 master_component.cc:1059] FitOffline: ItemsProcessed, num_items=1728, num_batches=2, token_weight=808522, token_weight_in_effect=808522
I1005 20:02:00.571535 2047873024 c_interface.cc:389] Pass FitOfflineMasterModelArgs, batch_filename_size=2, batch_weight_size=2, num_collection_passes=1, reset_nwt=yes to MN4artm4core15MasterComponentEFvRKNS_25FitOfflineMasterModelArgsEE
I1005 20:02:00.571552 2047873024 master_component.cc:1398] ProcessBatchesArgs: nwt_target_name=nwt, batch_filename_size=2, batch_size=0, batch_weight_size=2, pwt_source_name=pwt, num_document_passes=10, regularizer=(name:SmoothSparsePhi, tau:100000), class=(text:1), class=(author:1), reuse_theta=no, opt_for_avx=yes, predict_class_id=, reset_nwt=yes
I1005 20:02:00.585299 26992640 processor.cc:747] Processing queue has data, processing started
I1005 20:02:00.585309 28065792 processor.cc:747] Processing queue has data, processing started
I1005 20:02:00.598235 26992640 processor.cc:820] Processor: start processing batch dabd14b5-1e8a-4d65-94d2-c310c02be74e into model nwt
I1005 20:02:00.609374 28065792 processor.cc:820] Processor: start processing batch 472db180-368e-4dbe-ac96-275aa7464620 into model nwt
I1005 20:02:00.812939 26992640 processor.cc:925] Processor: complete processing batch dabd14b5-1e8a-4d65-94d2-c310c02be74e into model nwt
I1005 20:02:00.816131 26992640 cuckoo_watch.h:45] 230ms in ProcessBatch(lectures_batches/aaaaaa.batch) [including 12ms in LoadMessage; 8ms in InitializeSparseNdw; 0ms in InitializeTheta; 0ms in CreateRegularizerAgents; 159ms in InferThetaAndUpdateNwtSparse; 3ms in CalculateScore(sparsity_theta_score); 43ms in CalculateScore(^^^ItemsProcessedScore^^^); ]
I1005 20:02:00.838620 26992640 processor.cc:740] No data in processing queue, waiting...
I1005 20:02:01.072718 28065792 processor.cc:925] Processor: complete processing batch 472db180-368e-4dbe-ac96-275aa7464620 into model nwt
I1005 20:02:01.078272 28065792 cuckoo_watch.h:45] 492ms in ProcessBatch(lectures_batches/aaaaab.batch) [including 24ms in LoadMessage; 20ms in InitializeSparseNdw; 0ms in InitializeTheta; 0ms in CreateRegularizerAgents; 343ms in InferThetaAndUpdateNwtSparse; 4ms in CalculateScore(sparsity_theta_score); 95ms in CalculateScore(^^^ItemsProcessedScore^^^); ]
I1005 20:02:01.079042 2047873024 master_component.cc:1436] RegularizeModelArgs: rwt_target_name=rwt, pwt_source_name=pwt, nwt_source_name=nwt
I1005 20:02:01.079073 2047873024 master_component.cc:976] MasterComponent: start regularizing model pwt
I1005 20:02:01.102082 28065792 processor.cc:740] No data in processing queue, waiting...
I1005 20:02:01.178829 2047873024 master_component.cc:1002] MasterComponent: complete regularizing model pwt
I1005 20:02:01.178848 2047873024 master_component.cc:1449] NormalizeModelArgs: pwt_target_name=pwt, nwt_source_name=nwt, rwt_source_name=rwt
I1005 20:02:01.178854 2047873024 master_component.cc:1006] MasterComponent: start normalizing model nwt
I1005 20:02:01.237308 2047873024 master_component.cc:1034] MasterComponent: complete normalizing model nwt
I1005 20:02:01.329265 2047873024 master_component.cc:1473] DisposeModel rwt
I1005 20:02:01.345504 2047873024 master_component.cc:1059] FitOffline: ItemsProcessed, num_items=1728, num_batches=2, token_weight=808522, token_weight_in_effect=808522
I1005 20:02:01.345749 2047873024 c_interface.cc:389] Pass FitOfflineMasterModelArgs, batch_filename_size=2, batch_weight_size=2, num_collection_passes=1, reset_nwt=yes to MN4artm4core15MasterComponentEFvRKNS_25FitOfflineMasterModelArgsEE
I1005 20:02:01.345763 2047873024 master_component.cc:1398] ProcessBatchesArgs: nwt_target_name=nwt, batch_filename_size=2, batch_size=0, batch_weight_size=2, pwt_source_name=pwt, num_document_passes=10, regularizer=(name:SmoothSparsePhi, tau:100000), class=(text:1), class=(author:1), reuse_theta=no, opt_for_avx=yes, predict_class_id=, reset_nwt=yes
I1005 20:02:01.362732 23773184 processor.cc:747] Processing queue has data, processing started
I1005 20:02:01.362738 24846336 processor.cc:747] Processing queue has data, processing started
I1005 20:02:01.376456 23773184 processor.cc:820] Processor: start processing batch dabd14b5-1e8a-4d65-94d2-c310c02be74e into model nwt
I1005 20:02:01.387070 24846336 processor.cc:820] Processor: start processing batch 472db180-368e-4dbe-ac96-275aa7464620 into model nwt
I1005 20:02:01.591912 23773184 processor.cc:925] Processor: complete processing batch dabd14b5-1e8a-4d65-94d2-c310c02be74e into model nwt
I1005 20:02:01.595291 23773184 cuckoo_watch.h:45] 232ms in ProcessBatch(lectures_batches/aaaaaa.batch) [including 13ms in LoadMessage; 9ms in InitializeSparseNdw; 0ms in InitializeTheta; 0ms in CreateRegularizerAgents; 159ms in InferThetaAndUpdateNwtSparse; 3ms in CalculateScore(sparsity_theta_score); 42ms in CalculateScore(^^^ItemsProcessedScore^^^); ]
I1005 20:02:01.617537 23773184 processor.cc:740] No data in processing queue, waiting...
I1005 20:02:01.887873 24846336 processor.cc:925] Processor: complete processing batch 472db180-368e-4dbe-ac96-275aa7464620 into model nwt
I1005 20:02:01.893543 24846336 cuckoo_watch.h:45] 530ms in ProcessBatch(lectures_batches/aaaaab.batch) [including 24ms in LoadMessage; 21ms in InitializeSparseNdw; 0ms in InitializeTheta; 0ms in CreateRegularizerAgents; 362ms in InferThetaAndUpdateNwtSparse; 5ms in CalculateScore(sparsity_theta_score); 110ms in CalculateScore(^^^ItemsProcessedScore^^^); ]
I1005 20:02:01.894255 2047873024 master_component.cc:1436] RegularizeModelArgs: rwt_target_name=rwt, pwt_source_name=pwt, nwt_source_name=nwt
I1005 20:02:01.894292 2047873024 master_component.cc:976] MasterComponent: start regularizing model pwt
I1005 20:02:01.917289 24846336 processor.cc:740] No data in processing queue, waiting...
I1005 20:02:01.990555 2047873024 master_component.cc:1002] MasterComponent: complete regularizing model pwt
I1005 20:02:01.990581 2047873024 master_component.cc:1449] NormalizeModelArgs: pwt_target_name=pwt, nwt_source_name=nwt, rwt_source_name=rwt
I1005 20:02:01.990589 2047873024 master_component.cc:1006] MasterComponent: start normalizing model nwt
I1005 20:02:02.058053 2047873024 master_component.cc:1034] MasterComponent: complete normalizing model nwt
I1005 20:02:02.143206 2047873024 master_component.cc:1473] DisposeModel rwt
I1005 20:02:02.159696 2047873024 master_component.cc:1059] FitOffline: ItemsProcessed, num_items=1728, num_batches=2, token_weight=808522, token_weight_in_effect=808522
I1005 20:02:02.160094 2047873024 c_interface.cc:389] Pass FitOfflineMasterModelArgs, batch_filename_size=2, batch_weight_size=2, num_collection_passes=1, reset_nwt=yes to MN4artm4core15MasterComponentEFvRKNS_25FitOfflineMasterModelArgsEE
I1005 20:02:02.160113 2047873024 master_component.cc:1398] ProcessBatchesArgs: nwt_target_name=nwt, batch_filename_size=2, batch_size=0, batch_weight_size=2, pwt_source_name=pwt, num_document_passes=10, regularizer=(name:SmoothSparsePhi, tau:100000), class=(text:1), class=(author:1), reuse_theta=no, opt_for_avx=yes, predict_class_id=, reset_nwt=yes
I1005 20:02:02.175218 28065792 processor.cc:747] Processing queue has data, processing started
I1005 20:02:02.175225 26992640 processor.cc:747] Processing queue has data, processing started
I1005 20:02:02.188485 26992640 processor.cc:820] Processor: start processing batch dabd14b5-1e8a-4d65-94d2-c310c02be74e into model nwt
I1005 20:02:02.199483 28065792 processor.cc:820] Processor: start processing batch 472db180-368e-4dbe-ac96-275aa7464620 into model nwt
I1005 20:02:02.396596 26992640 processor.cc:925] Processor: complete processing batch dabd14b5-1e8a-4d65-94d2-c310c02be74e into model nwt
I1005 20:02:02.399849 26992640 cuckoo_watch.h:45] 224ms in ProcessBatch(lectures_batches/aaaaaa.batch) [including 13ms in LoadMessage; 8ms in InitializeSparseNdw; 0ms in InitializeTheta; 0ms in CreateRegularizerAgents; 153ms in InferThetaAndUpdateNwtSparse; 3ms in CalculateScore(sparsity_theta_score); 42ms in CalculateScore(^^^ItemsProcessedScore^^^); ]
I1005 20:02:02.421898 26992640 processor.cc:740] No data in processing queue, waiting...
I1005 20:02:02.657959 28065792 processor.cc:925] Processor: complete processing batch 472db180-368e-4dbe-ac96-275aa7464620 into model nwt
I1005 20:02:02.662839 28065792 cuckoo_watch.h:45] 487ms in ProcessBatch(lectures_batches/aaaaab.batch) [including 24ms in LoadMessage; 19ms in InitializeSparseNdw; 0ms in InitializeTheta; 0ms in CreateRegularizerAgents; 338ms in InferThetaAndUpdateNwtSparse; 4ms in CalculateScore(sparsity_theta_score); 96ms in CalculateScore(^^^ItemsProcessedScore^^^); ]
I1005 20:02:02.663528 2047873024 master_component.cc:1436] RegularizeModelArgs: rwt_target_name=rwt, pwt_source_name=pwt, nwt_source_name=nwt
I1005 20:02:02.663589 2047873024 master_component.cc:976] MasterComponent: start regularizing model pwt
I1005 20:02:02.687134 28065792 processor.cc:740] No data in processing queue, waiting...
I1005 20:02:02.757978 2047873024 master_component.cc:1002] MasterComponent: complete regularizing model pwt
I1005 20:02:02.757999 2047873024 master_component.cc:1449] NormalizeModelArgs: pwt_target_name=pwt, nwt_source_name=nwt, rwt_source_name=rwt
I1005 20:02:02.758005 2047873024 master_component.cc:1006] MasterComponent: start normalizing model nwt
I1005 20:02:02.819815 2047873024 master_component.cc:1034] MasterComponent: complete normalizing model nwt
I1005 20:02:02.910424 2047873024 master_component.cc:1473] DisposeModel rwt
I1005 20:02:02.928606 2047873024 master_component.cc:1059] FitOffline: ItemsProcessed, num_items=1728, num_batches=2, token_weight=808522, token_weight_in_effect=808522
I1005 20:02:02.928920 2047873024 c_interface.cc:389] Pass FitOfflineMasterModelArgs, batch_filename_size=2, batch_weight_size=2, num_collection_passes=1, reset_nwt=yes to MN4artm4core15MasterComponentEFvRKNS_25FitOfflineMasterModelArgsEE
I1005 20:02:02.928937 2047873024 master_component.cc:1398] ProcessBatchesArgs: nwt_target_name=nwt, batch_filename_size=2, batch_size=0, batch_weight_size=2, pwt_source_name=pwt, num_document_passes=10, regularizer=(name:SmoothSparsePhi, tau:100000), class=(text:1), class=(author:1), reuse_theta=no, opt_for_avx=yes, predict_class_id=, reset_nwt=yes
I1005 20:02:02.945719 24309760 processor.cc:747] Processing queue has data, processing started
I1005 20:02:02.945719 25919488 processor.cc:747] Processing queue has data, processing started
I1005 20:02:02.958763 24309760 processor.cc:820] Processor: start processing batch dabd14b5-1e8a-4d65-94d2-c310c02be74e into model nwt
I1005 20:02:02.968763 25919488 processor.cc:820] Processor: start processing batch 472db180-368e-4dbe-ac96-275aa7464620 into model nwt
I1005 20:02:03.176522 24309760 processor.cc:925] Processor: complete processing batch dabd14b5-1e8a-4d65-94d2-c310c02be74e into model nwt
I1005 20:02:03.179689 24309760 cuckoo_watch.h:45] 233ms in ProcessBatch(lectures_batches/aaaaaa.batch) [including 12ms in LoadMessage; 7ms in InitializeSparseNdw; 0ms in InitializeTheta; 0ms in CreateRegularizerAgents; 161ms in InferThetaAndUpdateNwtSparse; 3ms in CalculateScore(sparsity_theta_score); 45ms in CalculateScore(^^^ItemsProcessedScore^^^); ]
I1005 20:02:03.202098 24309760 processor.cc:740] No data in processing queue, waiting...
I1005 20:02:03.459633 25919488 processor.cc:925] Processor: complete processing batch 472db180-368e-4dbe-ac96-275aa7464620 into model nwt
I1005 20:02:03.465185 25919488 cuckoo_watch.h:45] 519ms in ProcessBatch(lectures_batches/aaaaab.batch) [including 22ms in LoadMessage; 19ms in InitializeSparseNdw; 0ms in InitializeTheta; 0ms in CreateRegularizerAgents; 359ms in InferThetaAndUpdateNwtSparse; 5ms in CalculateScore(sparsity_theta_score); 106ms in CalculateScore(^^^ItemsProcessedScore^^^); ]
I1005 20:02:03.465669 2047873024 master_component.cc:1436] RegularizeModelArgs: rwt_target_name=rwt, pwt_source_name=pwt, nwt_source_name=nwt
I1005 20:02:03.465718 2047873024 master_component.cc:976] MasterComponent: start regularizing model pwt
I1005 20:02:03.489445 25919488 processor.cc:740] No data in processing queue, waiting...
I1005 20:02:03.562399 2047873024 master_component.cc:1002] MasterComponent: complete regularizing model pwt
I1005 20:02:03.562419 2047873024 master_component.cc:1449] NormalizeModelArgs: pwt_target_name=pwt, nwt_source_name=nwt, rwt_source_name=rwt
I1005 20:02:03.562425 2047873024 master_component.cc:1006] MasterComponent: start normalizing model nwt
I1005 20:02:03.636850 2047873024 master_component.cc:1034] MasterComponent: complete normalizing model nwt
I1005 20:02:03.725330 2047873024 master_component.cc:1473] DisposeModel rwt
I1005 20:02:03.744309 2047873024 master_component.cc:1059] FitOffline: ItemsProcessed, num_items=1728, num_batches=2, token_weight=808522, token_weight_in_effect=808522
I1005 20:02:03.744558 2047873024 c_interface.cc:389] Pass FitOfflineMasterModelArgs, batch_filename_size=2, batch_weight_size=2, num_collection_passes=1, reset_nwt=yes to MN4artm4core15MasterComponentEFvRKNS_25FitOfflineMasterModelArgsEE
I1005 20:02:03.744571 2047873024 master_component.cc:1398] ProcessBatchesArgs: nwt_target_name=nwt, batch_filename_size=2, batch_size=0, batch_weight_size=2, pwt_source_name=pwt, num_document_passes=10, regularizer=(name:SmoothSparsePhi, tau:100000), class=(text:1), class=(author:1), reuse_theta=no, opt_for_avx=yes, predict_class_id=, reset_nwt=yes
I1005 20:02:03.757253 24846336 processor.cc:747] Processing queue has data, processing started
I1005 20:02:03.757247 28065792 processor.cc:747] Processing queue has data, processing started
I1005 20:02:03.770236 28065792 processor.cc:820] Processor: start processing batch dabd14b5-1e8a-4d65-94d2-c310c02be74e into model nwt
I1005 20:02:03.780370 24846336 processor.cc:820] Processor: start processing batch 472db180-368e-4dbe-ac96-275aa7464620 into model nwt
I1005 20:02:03.988916 28065792 processor.cc:925] Processor: complete processing batch dabd14b5-1e8a-4d65-94d2-c310c02be74e into model nwt
I1005 20:02:03.992408 28065792 cuckoo_watch.h:45] 235ms in ProcessBatch(lectures_batches/aaaaaa.batch) [including 12ms in LoadMessage; 7ms in InitializeSparseNdw; 0ms in InitializeTheta; 0ms in CreateRegularizerAgents; 162ms in InferThetaAndUpdateNwtSparse; 3ms in CalculateScore(sparsity_theta_score); 45ms in CalculateScore(^^^ItemsProcessedScore^^^); ]
I1005 20:02:04.014112 28065792 processor.cc:740] No data in processing queue, waiting...
I1005 20:02:04.251792 24846336 processor.cc:925] Processor: complete processing batch 472db180-368e-4dbe-ac96-275aa7464620 into model nwt
I1005 20:02:04.257269 24846336 cuckoo_watch.h:45] 499ms in ProcessBatch(lectures_batches/aaaaab.batch) [including 23ms in LoadMessage; 19ms in InitializeSparseNdw; 0ms in InitializeTheta; 0ms in CreateRegularizerAgents; 354ms in InferThetaAndUpdateNwtSparse; 4ms in CalculateScore(sparsity_theta_score); 92ms in CalculateScore(^^^ItemsProcessedScore^^^); ]
I1005 20:02:04.258406 2047873024 master_component.cc:1436] RegularizeModelArgs: rwt_target_name=rwt, pwt_source_name=pwt, nwt_source_name=nwt
I1005 20:02:04.258468 2047873024 master_component.cc:976] MasterComponent: start regularizing model pwt
I1005 20:02:04.281594 24846336 processor.cc:740] No data in processing queue, waiting...
I1005 20:02:04.356509 2047873024 master_component.cc:1002] MasterComponent: complete regularizing model pwt
I1005 20:02:04.356560 2047873024 master_component.cc:1449] NormalizeModelArgs: pwt_target_name=pwt, nwt_source_name=nwt, rwt_source_name=rwt
I1005 20:02:04.356568 2047873024 master_component.cc:1006] MasterComponent: start normalizing model nwt
I1005 20:02:04.424614 2047873024 master_component.cc:1034] MasterComponent: complete normalizing model nwt
I1005 20:02:04.504802 2047873024 master_component.cc:1473] DisposeModel rwt
I1005 20:02:04.521812 2047873024 master_component.cc:1059] FitOffline: ItemsProcessed, num_items=1728, num_batches=2, token_weight=808522, token_weight_in_effect=808522
I1005 20:02:04.522058 2047873024 c_interface.cc:389] Pass FitOfflineMasterModelArgs, batch_filename_size=2, batch_weight_size=2, num_collection_passes=1, reset_nwt=yes to MN4artm4core15MasterComponentEFvRKNS_25FitOfflineMasterModelArgsEE
I1005 20:02:04.522070 2047873024 master_component.cc:1398] ProcessBatchesArgs: nwt_target_name=nwt, batch_filename_size=2, batch_size=0, batch_weight_size=2, pwt_source_name=pwt, num_document_passes=10, regularizer=(name:SmoothSparsePhi, tau:100000), class=(text:1), class=(author:1), reuse_theta=no, opt_for_avx=yes, predict_class_id=, reset_nwt=yes
I1005 20:02:04.535393 28065792 processor.cc:747] Processing queue has data, processing started
I1005 20:02:04.535399 24309760 processor.cc:747] Processing queue has data, processing started
I1005 20:02:04.548601 28065792 processor.cc:820] Processor: start processing batch dabd14b5-1e8a-4d65-94d2-c310c02be74e into model nwt
I1005 20:02:04.560622 24309760 processor.cc:820] Processor: start processing batch 472db180-368e-4dbe-ac96-275aa7464620 into model nwt
I1005 20:02:04.763497 28065792 processor.cc:925] Processor: complete processing batch dabd14b5-1e8a-4d65-94d2-c310c02be74e into model nwt
I1005 20:02:04.766556 28065792 cuckoo_watch.h:45] 231ms in ProcessBatch(lectures_batches/aaaaaa.batch) [including 13ms in LoadMessage; 7ms in InitializeSparseNdw; 0ms in InitializeTheta; 0ms in CreateRegularizerAgents; 162ms in InferThetaAndUpdateNwtSparse; 3ms in CalculateScore(sparsity_theta_score); 41ms in CalculateScore(^^^ItemsProcessedScore^^^); ]
I1005 20:02:04.788956 28065792 processor.cc:740] No data in processing queue, waiting...
I1005 20:02:05.050369 24309760 processor.cc:925] Processor: complete processing batch 472db180-368e-4dbe-ac96-275aa7464620 into model nwt
I1005 20:02:05.055552 24309760 cuckoo_watch.h:45] 520ms in ProcessBatch(lectures_batches/aaaaab.batch) [including 25ms in LoadMessage; 19ms in InitializeSparseNdw; 0ms in InitializeTheta; 0ms in CreateRegularizerAgents; 361ms in InferThetaAndUpdateNwtSparse; 5ms in CalculateScore(sparsity_theta_score); 102ms in CalculateScore(^^^ItemsProcessedScore^^^); ]
I1005 20:02:05.056329 2047873024 master_component.cc:1436] RegularizeModelArgs: rwt_target_name=rwt, pwt_source_name=pwt, nwt_source_name=nwt
I1005 20:02:05.056360 2047873024 master_component.cc:976] MasterComponent: start regularizing model pwt
I1005 20:02:05.079702 24309760 processor.cc:740] No data in processing queue, waiting...
I1005 20:02:05.153702 2047873024 master_component.cc:1002] MasterComponent: complete regularizing model pwt
I1005 20:02:05.153722 2047873024 master_component.cc:1449] NormalizeModelArgs: pwt_target_name=pwt, nwt_source_name=nwt, rwt_source_name=rwt
I1005 20:02:05.153728 2047873024 master_component.cc:1006] MasterComponent: start normalizing model nwt
I1005 20:02:05.221741 2047873024 master_component.cc:1034] MasterComponent: complete normalizing model nwt
I1005 20:02:05.298852 2047873024 master_component.cc:1473] DisposeModel rwt
I1005 20:02:05.315306 2047873024 master_component.cc:1059] FitOffline: ItemsProcessed, num_items=1728, num_batches=2, token_weight=808522, token_weight_in_effect=808522
I1005 20:02:05.315593 2047873024 c_interface.cc:389] Pass FitOfflineMasterModelArgs, batch_filename_size=2, batch_weight_size=2, num_collection_passes=1, reset_nwt=yes to MN4artm4core15MasterComponentEFvRKNS_25FitOfflineMasterModelArgsEE
I1005 20:02:05.315606 2047873024 master_component.cc:1398] ProcessBatchesArgs: nwt_target_name=nwt, batch_filename_size=2, batch_size=0, batch_weight_size=2, pwt_source_name=pwt, num_document_passes=10, regularizer=(name:SmoothSparsePhi, tau:100000), class=(text:1), class=(author:1), reuse_theta=no, opt_for_avx=yes, predict_class_id=, reset_nwt=yes
I1005 20:02:05.333367 27529216 processor.cc:747] Processing queue has data, processing started
I1005 20:02:05.333356 26992640 processor.cc:747] Processing queue has data, processing started
I1005 20:02:05.347599 26992640 processor.cc:820] Processor: start processing batch dabd14b5-1e8a-4d65-94d2-c310c02be74e into model nwt
I1005 20:02:05.358021 27529216 processor.cc:820] Processor: start processing batch 472db180-368e-4dbe-ac96-275aa7464620 into model nwt
I1005 20:02:05.568035 26992640 processor.cc:925] Processor: complete processing batch dabd14b5-1e8a-4d65-94d2-c310c02be74e into model nwt
I1005 20:02:05.571604 26992640 cuckoo_watch.h:45] 238ms in ProcessBatch(lectures_batches/aaaaaa.batch) [including 14ms in LoadMessage; 7ms in InitializeSparseNdw; 0ms in InitializeTheta; 0ms in CreateRegularizerAgents; 161ms in InferThetaAndUpdateNwtSparse; 3ms in CalculateScore(sparsity_theta_score); 47ms in CalculateScore(^^^ItemsProcessedScore^^^); ]
I1005 20:02:05.593530 26992640 processor.cc:740] No data in processing queue, waiting...
I1005 20:02:05.846483 27529216 processor.cc:925] Processor: complete processing batch 472db180-368e-4dbe-ac96-275aa7464620 into model nwt
I1005 20:02:05.852830 27529216 cuckoo_watch.h:45] 519ms in ProcessBatch(lectures_batches/aaaaab.batch) [including 24ms in LoadMessage; 20ms in InitializeSparseNdw; 0ms in InitializeTheta; 0ms in CreateRegularizerAgents; 360ms in InferThetaAndUpdateNwtSparse; 5ms in CalculateScore(sparsity_theta_score); 102ms in CalculateScore(^^^ItemsProcessedScore^^^); ]
I1005 20:02:05.853724 2047873024 master_component.cc:1436] RegularizeModelArgs: rwt_target_name=rwt, pwt_source_name=pwt, nwt_source_name=nwt
I1005 20:02:05.853749 2047873024 master_component.cc:976] MasterComponent: start regularizing model pwt
I1005 20:02:05.876832 27529216 processor.cc:740] No data in processing queue, waiting...
I1005 20:02:05.954565 2047873024 master_component.cc:1002] MasterComponent: complete regularizing model pwt
I1005 20:02:05.954584 2047873024 master_component.cc:1449] NormalizeModelArgs: pwt_target_name=pwt, nwt_source_name=nwt, rwt_source_name=rwt
I1005 20:02:05.954591 2047873024 master_component.cc:1006] MasterComponent: start normalizing model nwt
I1005 20:02:06.031852 2047873024 master_component.cc:1034] MasterComponent: complete normalizing model nwt
I1005 20:02:06.104841 2047873024 master_component.cc:1473] DisposeModel rwt
I1005 20:02:06.119262 2047873024 master_component.cc:1059] FitOffline: ItemsProcessed, num_items=1728, num_batches=2, token_weight=808522, token_weight_in_effect=808522
I1005 20:02:06.119508 2047873024 c_interface.cc:389] Pass FitOfflineMasterModelArgs, batch_filename_size=2, batch_weight_size=2, num_collection_passes=1, reset_nwt=yes to MN4artm4core15MasterComponentEFvRKNS_25FitOfflineMasterModelArgsEE
I1005 20:02:06.119523 2047873024 master_component.cc:1398] ProcessBatchesArgs: nwt_target_name=nwt, batch_filename_size=2, batch_size=0, batch_weight_size=2, pwt_source_name=pwt, num_document_passes=10, regularizer=(name:SmoothSparsePhi, tau:100000), class=(text:1), class=(author:1), reuse_theta=no, opt_for_avx=yes, predict_class_id=, reset_nwt=yes
I1005 20:02:06.134073 24846336 processor.cc:747] Processing queue has data, processing started
I1005 20:02:06.134088 26456064 processor.cc:747] Processing queue has data, processing started
I1005 20:02:06.147001 24846336 processor.cc:820] Processor: start processing batch dabd14b5-1e8a-4d65-94d2-c310c02be74e into model nwt
I1005 20:02:06.157451 26456064 processor.cc:820] Processor: start processing batch 472db180-368e-4dbe-ac96-275aa7464620 into model nwt
I1005 20:02:06.357915 24846336 processor.cc:925] Processor: complete processing batch dabd14b5-1e8a-4d65-94d2-c310c02be74e into model nwt
I1005 20:02:06.361584 24846336 cuckoo_watch.h:45] 227ms in ProcessBatch(lectures_batches/aaaaaa.batch) [including 12ms in LoadMessage; 7ms in InitializeSparseNdw; 0ms in InitializeTheta; 0ms in CreateRegularizerAgents; 157ms in InferThetaAndUpdateNwtSparse; 3ms in CalculateScore(sparsity_theta_score); 42ms in CalculateScore(^^^ItemsProcessedScore^^^); ]
I1005 20:02:06.383008 24846336 processor.cc:740] No data in processing queue, waiting...
I1005 20:02:06.615463 26456064 processor.cc:925] Processor: complete processing batch 472db180-368e-4dbe-ac96-275aa7464620 into model nwt
I1005 20:02:06.620338 26456064 cuckoo_watch.h:45] 486ms in ProcessBatch(lectures_batches/aaaaab.batch) [including 23ms in LoadMessage; 19ms in InitializeSparseNdw; 0ms in InitializeTheta; 0ms in CreateRegularizerAgents; 341ms in InferThetaAndUpdateNwtSparse; 4ms in CalculateScore(sparsity_theta_score); 92ms in CalculateScore(^^^ItemsProcessedScore^^^); ]
I1005 20:02:06.621016 2047873024 master_component.cc:1436] RegularizeModelArgs: rwt_target_name=rwt, pwt_source_name=pwt, nwt_source_name=nwt
I1005 20:02:06.621065 2047873024 master_component.cc:976] MasterComponent: start regularizing model pwt
I1005 20:02:06.644699 26456064 processor.cc:740] No data in processing queue, waiting...
I1005 20:02:06.719820 2047873024 master_component.cc:1002] MasterComponent: complete regularizing model pwt
I1005 20:02:06.719841 2047873024 master_component.cc:1449] NormalizeModelArgs: pwt_target_name=pwt, nwt_source_name=nwt, rwt_source_name=rwt
I1005 20:02:06.719847 2047873024 master_component.cc:1006] MasterComponent: start normalizing model nwt
I1005 20:02:06.795579 2047873024 master_component.cc:1034] MasterComponent: complete normalizing model nwt
I1005 20:02:06.875537 2047873024 master_component.cc:1473] DisposeModel rwt
I1005 20:02:06.891363 2047873024 master_component.cc:1059] FitOffline: ItemsProcessed, num_items=1728, num_batches=2, token_weight=808522, token_weight_in_effect=808522
I1005 20:02:06.891599 2047873024 c_interface.cc:389] Pass FitOfflineMasterModelArgs, batch_filename_size=2, batch_weight_size=2, num_collection_passes=1, reset_nwt=yes to MN4artm4core15MasterComponentEFvRKNS_25FitOfflineMasterModelArgsEE
I1005 20:02:06.891614 2047873024 master_component.cc:1398] ProcessBatchesArgs: nwt_target_name=nwt, batch_filename_size=2, batch_size=0, batch_weight_size=2, pwt_source_name=pwt, num_document_passes=10, regularizer=(name:SmoothSparsePhi, tau:100000), class=(text:1), class=(author:1), reuse_theta=no, opt_for_avx=yes, predict_class_id=, reset_nwt=yes
I1005 20:02:06.908504 23773184 processor.cc:747] Processing queue has data, processing started
I1005 20:02:06.908490 28065792 processor.cc:747] Processing queue has data, processing started
I1005 20:02:06.921803 28065792 processor.cc:820] Processor: start processing batch dabd14b5-1e8a-4d65-94d2-c310c02be74e into model nwt
I1005 20:02:06.932704 23773184 processor.cc:820] Processor: start processing batch 472db180-368e-4dbe-ac96-275aa7464620 into model nwt
I1005 20:02:07.145551 28065792 processor.cc:925] Processor: complete processing batch dabd14b5-1e8a-4d65-94d2-c310c02be74e into model nwt
I1005 20:02:07.149384 28065792 cuckoo_watch.h:45] 240ms in ProcessBatch(lectures_batches/aaaaaa.batch) [including 13ms in LoadMessage; 8ms in InitializeSparseNdw; 0ms in InitializeTheta; 0ms in CreateRegularizerAgents; 158ms in InferThetaAndUpdateNwtSparse; 3ms in CalculateScore(sparsity_theta_score); 52ms in CalculateScore(^^^ItemsProcessedScore^^^); ]
I1005 20:02:07.172161 28065792 processor.cc:740] No data in processing queue, waiting...
I1005 20:02:07.417811 23773184 processor.cc:925] Processor: complete processing batch 472db180-368e-4dbe-ac96-275aa7464620 into model nwt
I1005 20:02:07.423005 23773184 cuckoo_watch.h:45] 514ms in ProcessBatch(lectures_batches/aaaaab.batch) [including 24ms in LoadMessage; 21ms in InitializeSparseNdw; 0ms in InitializeTheta; 0ms in CreateRegularizerAgents; 359ms in InferThetaAndUpdateNwtSparse; 5ms in CalculateScore(sparsity_theta_score); 98ms in CalculateScore(^^^ItemsProcessedScore^^^); ]
I1005 20:02:07.423576 2047873024 master_component.cc:1436] RegularizeModelArgs: rwt_target_name=rwt, pwt_source_name=pwt, nwt_source_name=nwt
I1005 20:02:07.423609 2047873024 master_component.cc:976] MasterComponent: start regularizing model pwt
I1005 20:02:07.447597 23773184 processor.cc:740] No data in processing queue, waiting...
I1005 20:02:07.521744 2047873024 master_component.cc:1002] MasterComponent: complete regularizing model pwt
I1005 20:02:07.521762 2047873024 master_component.cc:1449] NormalizeModelArgs: pwt_target_name=pwt, nwt_source_name=nwt, rwt_source_name=rwt
I1005 20:02:07.521769 2047873024 master_component.cc:1006] MasterComponent: start normalizing model nwt
I1005 20:02:07.604395 2047873024 master_component.cc:1034] MasterComponent: complete normalizing model nwt
I1005 20:02:07.677215 2047873024 master_component.cc:1473] DisposeModel rwt
I1005 20:02:07.693203 2047873024 master_component.cc:1059] FitOffline: ItemsProcessed, num_items=1728, num_batches=2, token_weight=808522, token_weight_in_effect=808522
I1005 20:02:07.693444 2047873024 c_interface.cc:389] Pass FitOfflineMasterModelArgs, batch_filename_size=2, batch_weight_size=2, num_collection_passes=1, reset_nwt=yes to MN4artm4core15MasterComponentEFvRKNS_25FitOfflineMasterModelArgsEE
I1005 20:02:07.693456 2047873024 master_component.cc:1398] ProcessBatchesArgs: nwt_target_name=nwt, batch_filename_size=2, batch_size=0, batch_weight_size=2, pwt_source_name=pwt, num_document_passes=10, regularizer=(name:SmoothSparsePhi, tau:100000), class=(text:1), class=(author:1), reuse_theta=no, opt_for_avx=yes, predict_class_id=, reset_nwt=yes
I1005 20:02:07.709441 26456064 processor.cc:747] Processing queue has data, processing started
I1005 20:02:07.709447 26992640 processor.cc:747] Processing queue has data, processing started
I1005 20:02:07.723168 26456064 processor.cc:820] Processor: start processing batch dabd14b5-1e8a-4d65-94d2-c310c02be74e into model nwt
I1005 20:02:07.733979 26992640 processor.cc:820] Processor: start processing batch 472db180-368e-4dbe-ac96-275aa7464620 into model nwt
I1005 20:02:07.940745 26456064 processor.cc:925] Processor: complete processing batch dabd14b5-1e8a-4d65-94d2-c310c02be74e into model nwt
I1005 20:02:07.944131 26456064 cuckoo_watch.h:45] 234ms in ProcessBatch(lectures_batches/aaaaaa.batch) [including 13ms in LoadMessage; 8ms in InitializeSparseNdw; 0ms in InitializeTheta; 0ms in CreateRegularizerAgents; 161ms in InferThetaAndUpdateNwtSparse; 3ms in CalculateScore(sparsity_theta_score); 44ms in CalculateScore(^^^ItemsProcessedScore^^^); ]
I1005 20:02:07.966756 26456064 processor.cc:740] No data in processing queue, waiting...
I1005 20:02:08.236508 26992640 processor.cc:925] Processor: complete processing batch 472db180-368e-4dbe-ac96-275aa7464620 into model nwt
I1005 20:02:08.242722 26992640 cuckoo_watch.h:45] 533ms in ProcessBatch(lectures_batches/aaaaab.batch) [including 24ms in LoadMessage; 20ms in InitializeSparseNdw; 0ms in InitializeTheta; 0ms in CreateRegularizerAgents; 372ms in InferThetaAndUpdateNwtSparse; 5ms in CalculateScore(sparsity_theta_score); 103ms in CalculateScore(^^^ItemsProcessedScore^^^); ]
I1005 20:02:08.243376 2047873024 master_component.cc:1436] RegularizeModelArgs: rwt_target_name=rwt, pwt_source_name=pwt, nwt_source_name=nwt
I1005 20:02:08.243443 2047873024 master_component.cc:976] MasterComponent: start regularizing model pwt
I1005 20:02:08.266903 26992640 processor.cc:740] No data in processing queue, waiting...
I1005 20:02:08.348039 2047873024 master_component.cc:1002] MasterComponent: complete regularizing model pwt
I1005 20:02:08.348059 2047873024 master_component.cc:1449] NormalizeModelArgs: pwt_target_name=pwt, nwt_source_name=nwt, rwt_source_name=rwt
I1005 20:02:08.348067 2047873024 master_component.cc:1006] MasterComponent: start normalizing model nwt
I1005 20:02:08.426733 2047873024 master_component.cc:1034] MasterComponent: complete normalizing model nwt
I1005 20:02:08.495744 2047873024 master_component.cc:1473] DisposeModel rwt
