I1005 20:07:41.876238 2047873024 master_component.cc:1034] MasterComponent: complete normalizing model nwt
I1005 20:07:41.943092 2047873024 master_component.cc:1473] DisposeModel rwt
I1005 20:07:41.960764 2047873024 master_component.cc:1059] FitOffline: ItemsProcessed, num_items=1728, num_batches=2, token_weight=808522, token_weight_in_effect=808522
I1005 20:07:41.961004 2047873024 c_interface.cc:389] Pass FitOfflineMasterModelArgs, batch_filename_size=2, batch_weight_size=2, num_collection_passes=1, reset_nwt=yes to MN4artm4core15MasterComponentEFvRKNS_25FitOfflineMasterModelArgsEE
I1005 20:07:41.961017 2047873024 master_component.cc:1398] ProcessBatchesArgs: nwt_target_name=nwt, batch_filename_size=2, batch_size=0, batch_weight_size=2, pwt_source_name=pwt, num_document_passes=10, regularizer=(name:SmoothSparsePhi, tau:100000), class=(text:1), class=(author:1), reuse_theta=no, opt_for_avx=yes, predict_class_id=, reset_nwt=yes
I1005 20:07:41.976728 26456064 processor.cc:747] Processing queue has data, processing started
I1005 20:07:41.976737 28065792 processor.cc:747] Processing queue has data, processing started
I1005 20:07:41.992341 26456064 processor.cc:820] Processor: start processing batch dabd14b5-1e8a-4d65-94d2-c310c02be74e into model nwt
I1005 20:07:42.001804 28065792 processor.cc:820] Processor: start processing batch 472db180-368e-4dbe-ac96-275aa7464620 into model nwt
I1005 20:07:42.215404 26456064 processor.cc:925] Processor: complete processing batch dabd14b5-1e8a-4d65-94d2-c310c02be74e into model nwt
I1005 20:07:42.219151 26456064 cuckoo_watch.h:45] 242ms in ProcessBatch(lectures_batches/aaaaaa.batch) [including 15ms in LoadMessage; 8ms in InitializeSparseNdw; 0ms in InitializeTheta; 0ms in CreateRegularizerAgents; 162ms in InferThetaAndUpdateNwtSparse; 3ms in CalculateScore(sparsity_theta_score); 48ms in CalculateScore(^^^ItemsProcessedScore^^^); ]
I1005 20:07:42.239845 26456064 processor.cc:740] No data in processing queue, waiting...
I1005 20:07:42.485188 28065792 processor.cc:925] Processor: complete processing batch 472db180-368e-4dbe-ac96-275aa7464620 into model nwt
I1005 20:07:42.491395 28065792 cuckoo_watch.h:45] 514ms in ProcessBatch(lectures_batches/aaaaab.batch) [including 25ms in LoadMessage; 20ms in InitializeSparseNdw; 0ms in InitializeTheta; 0ms in CreateRegularizerAgents; 354ms in InferThetaAndUpdateNwtSparse; 4ms in CalculateScore(sparsity_theta_score); 103ms in CalculateScore(^^^ItemsProcessedScore^^^); ]
I1005 20:07:42.492200 2047873024 master_component.cc:1436] RegularizeModelArgs: rwt_target_name=rwt, pwt_source_name=pwt, nwt_source_name=nwt
I1005 20:07:42.492218 2047873024 master_component.cc:976] MasterComponent: start regularizing model pwt
I1005 20:07:42.512425 28065792 processor.cc:740] No data in processing queue, waiting...
I1005 20:07:42.602115 2047873024 master_component.cc:1002] MasterComponent: complete regularizing model pwt
I1005 20:07:42.602262 2047873024 master_component.cc:1449] NormalizeModelArgs: pwt_target_name=pwt, nwt_source_name=nwt, rwt_source_name=rwt
I1005 20:07:42.602277 2047873024 master_component.cc:1006] MasterComponent: start normalizing model nwt
I1005 20:07:42.690973 2047873024 master_component.cc:1034] MasterComponent: complete normalizing model nwt
I1005 20:07:42.765061 2047873024 master_component.cc:1473] DisposeModel rwt
I1005 20:07:42.783257 2047873024 master_component.cc:1059] FitOffline: ItemsProcessed, num_items=1728, num_batches=2, token_weight=808522, token_weight_in_effect=808522
I1005 20:07:42.783543 2047873024 c_interface.cc:389] Pass FitOfflineMasterModelArgs, batch_filename_size=2, batch_weight_size=2, num_collection_passes=1, reset_nwt=yes to MN4artm4core15MasterComponentEFvRKNS_25FitOfflineMasterModelArgsEE
I1005 20:07:42.783566 2047873024 master_component.cc:1398] ProcessBatchesArgs: nwt_target_name=nwt, batch_filename_size=2, batch_size=0, batch_weight_size=2, pwt_source_name=pwt, num_document_passes=10, regularizer=(name:SmoothSparsePhi, tau:100000), class=(text:1), class=(author:1), reuse_theta=no, opt_for_avx=yes, predict_class_id=, reset_nwt=yes
I1005 20:07:42.801599 24846336 processor.cc:747] Processing queue has data, processing started
I1005 20:07:42.801610 23773184 processor.cc:747] Processing queue has data, processing started
I1005 20:07:42.815464 24846336 processor.cc:820] Processor: start processing batch dabd14b5-1e8a-4d65-94d2-c310c02be74e into model nwt
I1005 20:07:42.826306 23773184 processor.cc:820] Processor: start processing batch 472db180-368e-4dbe-ac96-275aa7464620 into model nwt
I1005 20:07:43.028347 24846336 processor.cc:925] Processor: complete processing batch dabd14b5-1e8a-4d65-94d2-c310c02be74e into model nwt
I1005 20:07:43.031733 24846336 cuckoo_watch.h:45] 230ms in ProcessBatch(lectures_batches/aaaaaa.batch) [including 13ms in LoadMessage; 8ms in InitializeSparseNdw; 0ms in InitializeTheta; 0ms in CreateRegularizerAgents; 157ms in InferThetaAndUpdateNwtSparse; 3ms in CalculateScore(sparsity_theta_score); 43ms in CalculateScore(^^^ItemsProcessedScore^^^); ]
I1005 20:07:43.054623 24846336 processor.cc:740] No data in processing queue, waiting...
I1005 20:07:43.297978 23773184 processor.cc:925] Processor: complete processing batch 472db180-368e-4dbe-ac96-275aa7464620 into model nwt
I1005 20:07:43.303588 23773184 cuckoo_watch.h:45] 501ms in ProcessBatch(lectures_batches/aaaaab.batch) [including 24ms in LoadMessage; 19ms in InitializeSparseNdw; 0ms in InitializeTheta; 0ms in CreateRegularizerAgents; 350ms in InferThetaAndUpdateNwtSparse; 5ms in CalculateScore(sparsity_theta_score); 96ms in CalculateScore(^^^ItemsProcessedScore^^^); ]
I1005 20:07:43.304184 2047873024 master_component.cc:1436] RegularizeModelArgs: rwt_target_name=rwt, pwt_source_name=pwt, nwt_source_name=nwt
I1005 20:07:43.304209 2047873024 master_component.cc:976] MasterComponent: start regularizing model pwt
I1005 20:07:43.327669 23773184 processor.cc:740] No data in processing queue, waiting...
I1005 20:07:43.419276 2047873024 master_component.cc:1002] MasterComponent: complete regularizing model pwt
I1005 20:07:43.419298 2047873024 master_component.cc:1449] NormalizeModelArgs: pwt_target_name=pwt, nwt_source_name=nwt, rwt_source_name=rwt
I1005 20:07:43.419306 2047873024 master_component.cc:1006] MasterComponent: start normalizing model nwt
I1005 20:07:43.512758 2047873024 master_component.cc:1034] MasterComponent: complete normalizing model nwt
I1005 20:07:43.591291 2047873024 master_component.cc:1473] DisposeModel rwt
I1005 20:07:43.609694 2047873024 master_component.cc:1059] FitOffline: ItemsProcessed, num_items=1728, num_batches=2, token_weight=808522, token_weight_in_effect=808522
I1005 20:07:43.609943 2047873024 c_interface.cc:389] Pass FitOfflineMasterModelArgs, batch_filename_size=2, batch_weight_size=2, num_collection_passes=1, reset_nwt=yes to MN4artm4core15MasterComponentEFvRKNS_25FitOfflineMasterModelArgsEE
I1005 20:07:43.609987 2047873024 master_component.cc:1398] ProcessBatchesArgs: nwt_target_name=nwt, batch_filename_size=2, batch_size=0, batch_weight_size=2, pwt_source_name=pwt, num_document_passes=10, regularizer=(name:SmoothSparsePhi, tau:100000), class=(text:1), class=(author:1), reuse_theta=no, opt_for_avx=yes, predict_class_id=, reset_nwt=yes
I1005 20:07:43.628145 26456064 processor.cc:747] Processing queue has data, processing started
I1005 20:07:43.628154 23773184 processor.cc:747] Processing queue has data, processing started
I1005 20:07:43.641404 26456064 processor.cc:820] Processor: start processing batch dabd14b5-1e8a-4d65-94d2-c310c02be74e into model nwt
I1005 20:07:43.652578 23773184 processor.cc:820] Processor: start processing batch 472db180-368e-4dbe-ac96-275aa7464620 into model nwt
I1005 20:07:43.863860 26456064 processor.cc:925] Processor: complete processing batch dabd14b5-1e8a-4d65-94d2-c310c02be74e into model nwt
I1005 20:07:43.867511 26456064 cuckoo_watch.h:45] 239ms in ProcessBatch(lectures_batches/aaaaaa.batch) [including 13ms in LoadMessage; 8ms in InitializeSparseNdw; 0ms in InitializeTheta; 0ms in CreateRegularizerAgents; 163ms in InferThetaAndUpdateNwtSparse; 3ms in CalculateScore(sparsity_theta_score); 46ms in CalculateScore(^^^ItemsProcessedScore^^^); ]
I1005 20:07:43.890214 26456064 processor.cc:740] No data in processing queue, waiting...
I1005 20:07:44.165701 23773184 processor.cc:925] Processor: complete processing batch 472db180-368e-4dbe-ac96-275aa7464620 into model nwt
I1005 20:07:44.171882 23773184 cuckoo_watch.h:45] 543ms in ProcessBatch(lectures_batches/aaaaab.batch) [including 24ms in LoadMessage; 21ms in InitializeSparseNdw; 0ms in InitializeTheta; 0ms in CreateRegularizerAgents; 381ms in InferThetaAndUpdateNwtSparse; 5ms in CalculateScore(sparsity_theta_score); 104ms in CalculateScore(^^^ItemsProcessedScore^^^); ]
I1005 20:07:44.172111 2047873024 master_component.cc:1436] RegularizeModelArgs: rwt_target_name=rwt, pwt_source_name=pwt, nwt_source_name=nwt
I1005 20:07:44.172138 2047873024 master_component.cc:976] MasterComponent: start regularizing model pwt
I1005 20:07:44.195801 23773184 processor.cc:740] No data in processing queue, waiting...
I1005 20:07:44.279381 2047873024 master_component.cc:1002] MasterComponent: complete regularizing model pwt
I1005 20:07:44.279403 2047873024 master_component.cc:1449] NormalizeModelArgs: pwt_target_name=pwt, nwt_source_name=nwt, rwt_source_name=rwt
I1005 20:07:44.279412 2047873024 master_component.cc:1006] MasterComponent: start normalizing model nwt
I1005 20:07:44.359344 2047873024 master_component.cc:1034] MasterComponent: complete normalizing model nwt
I1005 20:07:44.440357 2047873024 master_component.cc:1473] DisposeModel rwt
I1005 20:07:44.459574 2047873024 master_component.cc:1059] FitOffline: ItemsProcessed, num_items=1728, num_batches=2, token_weight=808522, token_weight_in_effect=808522
I1005 20:07:44.459813 2047873024 c_interface.cc:389] Pass FitOfflineMasterModelArgs, batch_filename_size=2, batch_weight_size=2, num_collection_passes=1, reset_nwt=yes to MN4artm4core15MasterComponentEFvRKNS_25FitOfflineMasterModelArgsEE
I1005 20:07:44.459826 2047873024 master_component.cc:1398] ProcessBatchesArgs: nwt_target_name=nwt, batch_filename_size=2, batch_size=0, batch_weight_size=2, pwt_source_name=pwt, num_document_passes=10, regularizer=(name:SmoothSparsePhi, tau:100000), class=(text:1), class=(author:1), reuse_theta=no, opt_for_avx=yes, predict_class_id=, reset_nwt=yes
I1005 20:07:44.477978 26992640 processor.cc:747] Processing queue has data, processing started
I1005 20:07:44.477998 25919488 processor.cc:747] Processing queue has data, processing started
I1005 20:07:44.491381 26992640 processor.cc:820] Processor: start processing batch dabd14b5-1e8a-4d65-94d2-c310c02be74e into model nwt
I1005 20:07:44.502674 25919488 processor.cc:820] Processor: start processing batch 472db180-368e-4dbe-ac96-275aa7464620 into model nwt
I1005 20:07:44.717231 26992640 processor.cc:925] Processor: complete processing batch dabd14b5-1e8a-4d65-94d2-c310c02be74e into model nwt
I1005 20:07:44.721050 26992640 cuckoo_watch.h:45] 243ms in ProcessBatch(lectures_batches/aaaaaa.batch) [including 13ms in LoadMessage; 8ms in InitializeSparseNdw; 0ms in InitializeTheta; 0ms in CreateRegularizerAgents; 167ms in InferThetaAndUpdateNwtSparse; 3ms in CalculateScore(sparsity_theta_score); 45ms in CalculateScore(^^^ItemsProcessedScore^^^); ]
I1005 20:07:44.743687 26992640 processor.cc:740] No data in processing queue, waiting...
I1005 20:07:45.061830 25919488 processor.cc:925] Processor: complete processing batch 472db180-368e-4dbe-ac96-275aa7464620 into model nwt
I1005 20:07:45.068594 2047873024 master_component.cc:1436] RegularizeModelArgs: rwt_target_name=rwt, pwt_source_name=pwt, nwt_source_name=nwt
I1005 20:07:45.068617 2047873024 master_component.cc:976] MasterComponent: start regularizing model pwt
I1005 20:07:45.068639 25919488 cuckoo_watch.h:45] 590ms in ProcessBatch(lectures_batches/aaaaab.batch) [including 24ms in LoadMessage; 19ms in InitializeSparseNdw; 0ms in InitializeTheta; 0ms in CreateRegularizerAgents; 422ms in InferThetaAndUpdateNwtSparse; 5ms in CalculateScore(sparsity_theta_score); 111ms in CalculateScore(^^^ItemsProcessedScore^^^); ]
I1005 20:07:45.092819 25919488 processor.cc:740] No data in processing queue, waiting...
I1005 20:07:45.182054 2047873024 master_component.cc:1002] MasterComponent: complete regularizing model pwt
I1005 20:07:45.182077 2047873024 master_component.cc:1449] NormalizeModelArgs: pwt_target_name=pwt, nwt_source_name=nwt, rwt_source_name=rwt
I1005 20:07:45.182086 2047873024 master_component.cc:1006] MasterComponent: start normalizing model nwt
I1005 20:07:45.273186 2047873024 master_component.cc:1034] MasterComponent: complete normalizing model nwt
I1005 20:07:45.351613 2047873024 master_component.cc:1473] DisposeModel rwt
I1005 20:07:45.367977 2047873024 master_component.cc:1059] FitOffline: ItemsProcessed, num_items=1728, num_batches=2, token_weight=808522, token_weight_in_effect=808522
I1005 20:07:45.368224 2047873024 c_interface.cc:389] Pass FitOfflineMasterModelArgs, batch_filename_size=2, batch_weight_size=2, num_collection_passes=1, reset_nwt=yes to MN4artm4core15MasterComponentEFvRKNS_25FitOfflineMasterModelArgsEE
I1005 20:07:45.368238 2047873024 master_component.cc:1398] ProcessBatchesArgs: nwt_target_name=nwt, batch_filename_size=2, batch_size=0, batch_weight_size=2, pwt_source_name=pwt, num_document_passes=10, regularizer=(name:SmoothSparsePhi, tau:100000), class=(text:1), class=(author:1), reuse_theta=no, opt_for_avx=yes, predict_class_id=, reset_nwt=yes
I1005 20:07:45.384081 24846336 processor.cc:747] Processing queue has data, processing started
I1005 20:07:45.384091 26456064 processor.cc:747] Processing queue has data, processing started
I1005 20:07:45.397475 24846336 processor.cc:820] Processor: start processing batch dabd14b5-1e8a-4d65-94d2-c310c02be74e into model nwt
I1005 20:07:45.407625 26456064 processor.cc:820] Processor: start processing batch 472db180-368e-4dbe-ac96-275aa7464620 into model nwt
I1005 20:07:45.613384 24846336 processor.cc:925] Processor: complete processing batch dabd14b5-1e8a-4d65-94d2-c310c02be74e into model nwt
I1005 20:07:45.616842 24846336 cuckoo_watch.h:45] 232ms in ProcessBatch(lectures_batches/aaaaaa.batch) [including 13ms in LoadMessage; 7ms in InitializeSparseNdw; 0ms in InitializeTheta; 0ms in CreateRegularizerAgents; 158ms in InferThetaAndUpdateNwtSparse; 3ms in CalculateScore(sparsity_theta_score); 45ms in CalculateScore(^^^ItemsProcessedScore^^^); ]
I1005 20:07:45.638897 24846336 processor.cc:740] No data in processing queue, waiting...
I1005 20:07:45.899572 26456064 processor.cc:925] Processor: complete processing batch 472db180-368e-4dbe-ac96-275aa7464620 into model nwt
I1005 20:07:45.905761 26456064 cuckoo_watch.h:45] 521ms in ProcessBatch(lectures_batches/aaaaab.batch) [including 23ms in LoadMessage; 18ms in InitializeSparseNdw; 0ms in InitializeTheta; 0ms in CreateRegularizerAgents; 359ms in InferThetaAndUpdateNwtSparse; 5ms in CalculateScore(sparsity_theta_score); 108ms in CalculateScore(^^^ItemsProcessedScore^^^); ]
I1005 20:07:45.906574 2047873024 master_component.cc:1436] RegularizeModelArgs: rwt_target_name=rwt, pwt_source_name=pwt, nwt_source_name=nwt
I1005 20:07:45.906611 2047873024 master_component.cc:976] MasterComponent: start regularizing model pwt
I1005 20:07:45.929720 26456064 processor.cc:740] No data in processing queue, waiting...
I1005 20:07:46.007374 2047873024 master_component.cc:1002] MasterComponent: complete regularizing model pwt
I1005 20:07:46.007395 2047873024 master_component.cc:1449] NormalizeModelArgs: pwt_target_name=pwt, nwt_source_name=nwt, rwt_source_name=rwt
I1005 20:07:46.007400 2047873024 master_component.cc:1006] MasterComponent: start normalizing model nwt
I1005 20:07:46.083917 2047873024 master_component.cc:1034] MasterComponent: complete normalizing model nwt
I1005 20:07:46.155802 2047873024 master_component.cc:1473] DisposeModel rwt
I1005 20:07:46.171622 2047873024 master_component.cc:1059] FitOffline: ItemsProcessed, num_items=1728, num_batches=2, token_weight=808522, token_weight_in_effect=808522
I1005 20:07:46.171869 2047873024 c_interface.cc:389] Pass FitOfflineMasterModelArgs, batch_filename_size=2, batch_weight_size=2, num_collection_passes=1, reset_nwt=yes to MN4artm4core15MasterComponentEFvRKNS_25FitOfflineMasterModelArgsEE
I1005 20:07:46.171882 2047873024 master_component.cc:1398] ProcessBatchesArgs: nwt_target_name=nwt, batch_filename_size=2, batch_size=0, batch_weight_size=2, pwt_source_name=pwt, num_document_passes=10, regularizer=(name:SmoothSparsePhi, tau:100000), class=(text:1), class=(author:1), reuse_theta=no, opt_for_avx=yes, predict_class_id=, reset_nwt=yes
I1005 20:07:46.190045 23773184 processor.cc:747] Processing queue has data, processing started
I1005 20:07:46.190062 28065792 processor.cc:747] Processing queue has data, processing started
I1005 20:07:46.203402 23773184 processor.cc:820] Processor: start processing batch dabd14b5-1e8a-4d65-94d2-c310c02be74e into model nwt
I1005 20:07:46.213959 28065792 processor.cc:820] Processor: start processing batch 472db180-368e-4dbe-ac96-275aa7464620 into model nwt
I1005 20:07:46.423311 23773184 processor.cc:925] Processor: complete processing batch dabd14b5-1e8a-4d65-94d2-c310c02be74e into model nwt
I1005 20:07:46.427016 23773184 cuckoo_watch.h:45] 236ms in ProcessBatch(lectures_batches/aaaaaa.batch) [including 13ms in LoadMessage; 8ms in InitializeSparseNdw; 0ms in InitializeTheta; 0ms in CreateRegularizerAgents; 165ms in InferThetaAndUpdateNwtSparse; 3ms in CalculateScore(sparsity_theta_score); 43ms in CalculateScore(^^^ItemsProcessedScore^^^); ]
I1005 20:07:46.449539 23773184 processor.cc:740] No data in processing queue, waiting...
I1005 20:07:46.684309 28065792 processor.cc:925] Processor: complete processing batch 472db180-368e-4dbe-ac96-275aa7464620 into model nwt
I1005 20:07:46.689893 28065792 cuckoo_watch.h:45] 499ms in ProcessBatch(lectures_batches/aaaaab.batch) [including 23ms in LoadMessage; 20ms in InitializeSparseNdw; 0ms in InitializeTheta; 0ms in CreateRegularizerAgents; 348ms in InferThetaAndUpdateNwtSparse; 4ms in CalculateScore(sparsity_theta_score); 95ms in CalculateScore(^^^ItemsProcessedScore^^^); ]
I1005 20:07:46.690682 2047873024 master_component.cc:1436] RegularizeModelArgs: rwt_target_name=rwt, pwt_source_name=pwt, nwt_source_name=nwt
I1005 20:07:46.690747 2047873024 master_component.cc:976] MasterComponent: start regularizing model pwt
I1005 20:07:46.713907 28065792 processor.cc:740] No data in processing queue, waiting...
I1005 20:07:46.802626 2047873024 master_component.cc:1002] MasterComponent: complete regularizing model pwt
I1005 20:07:46.802647 2047873024 master_component.cc:1449] NormalizeModelArgs: pwt_target_name=pwt, nwt_source_name=nwt, rwt_source_name=rwt
I1005 20:07:46.802654 2047873024 master_component.cc:1006] MasterComponent: start normalizing model nwt
I1005 20:07:46.882262 2047873024 master_component.cc:1034] MasterComponent: complete normalizing model nwt
I1005 20:07:46.950423 2047873024 master_component.cc:1473] DisposeModel rwt
I1005 20:07:46.967388 2047873024 master_component.cc:1059] FitOffline: ItemsProcessed, num_items=1728, num_batches=2, token_weight=808522, token_weight_in_effect=808522
I1005 20:07:46.967653 2047873024 c_interface.cc:389] Pass FitOfflineMasterModelArgs, batch_filename_size=2, batch_weight_size=2, num_collection_passes=1, reset_nwt=yes to MN4artm4core15MasterComponentEFvRKNS_25FitOfflineMasterModelArgsEE
I1005 20:07:46.967669 2047873024 master_component.cc:1398] ProcessBatchesArgs: nwt_target_name=nwt, batch_filename_size=2, batch_size=0, batch_weight_size=2, pwt_source_name=pwt, num_document_passes=10, regularizer=(name:SmoothSparsePhi, tau:100000), class=(text:1), class=(author:1), reuse_theta=no, opt_for_avx=yes, predict_class_id=, reset_nwt=yes
I1005 20:07:46.984007 26456064 processor.cc:747] Processing queue has data, processing started
I1005 20:07:46.984010 23773184 processor.cc:747] Processing queue has data, processing started
I1005 20:07:46.997215 26456064 processor.cc:820] Processor: start processing batch dabd14b5-1e8a-4d65-94d2-c310c02be74e into model nwt
I1005 20:07:47.007141 23773184 processor.cc:820] Processor: start processing batch 472db180-368e-4dbe-ac96-275aa7464620 into model nwt
I1005 20:07:47.223423 26456064 processor.cc:925] Processor: complete processing batch dabd14b5-1e8a-4d65-94d2-c310c02be74e into model nwt
I1005 20:07:47.226879 26456064 cuckoo_watch.h:45] 242ms in ProcessBatch(lectures_batches/aaaaaa.batch) [including 13ms in LoadMessage; 8ms in InitializeSparseNdw; 0ms in InitializeTheta; 0ms in CreateRegularizerAgents; 167ms in InferThetaAndUpdateNwtSparse; 3ms in CalculateScore(sparsity_theta_score); 46ms in CalculateScore(^^^ItemsProcessedScore^^^); ]
I1005 20:07:47.249115 26456064 processor.cc:740] No data in processing queue, waiting...
I1005 20:07:47.510224 23773184 processor.cc:925] Processor: complete processing batch 472db180-368e-4dbe-ac96-275aa7464620 into model nwt
I1005 20:07:47.515456 23773184 cuckoo_watch.h:45] 531ms in ProcessBatch(lectures_batches/aaaaab.batch) [including 23ms in LoadMessage; 21ms in InitializeSparseNdw; 0ms in InitializeTheta; 0ms in CreateRegularizerAgents; 363ms in InferThetaAndUpdateNwtSparse; 5ms in CalculateScore(sparsity_theta_score); 111ms in CalculateScore(^^^ItemsProcessedScore^^^); ]
I1005 20:07:47.515877 2047873024 master_component.cc:1436] RegularizeModelArgs: rwt_target_name=rwt, pwt_source_name=pwt, nwt_source_name=nwt
I1005 20:07:47.515921 2047873024 master_component.cc:976] MasterComponent: start regularizing model pwt
I1005 20:07:47.539407 23773184 processor.cc:740] No data in processing queue, waiting...
I1005 20:07:47.621141 2047873024 master_component.cc:1002] MasterComponent: complete regularizing model pwt
I1005 20:07:47.621162 2047873024 master_component.cc:1449] NormalizeModelArgs: pwt_target_name=pwt, nwt_source_name=nwt, rwt_source_name=rwt
I1005 20:07:47.621170 2047873024 master_component.cc:1006] MasterComponent: start normalizing model nwt
I1005 20:07:47.698827 2047873024 master_component.cc:1034] MasterComponent: complete normalizing model nwt
I1005 20:07:47.771761 2047873024 master_component.cc:1473] DisposeModel rwt
I1005 20:07:47.789453 2047873024 master_component.cc:1059] FitOffline: ItemsProcessed, num_items=1728, num_batches=2, token_weight=808522, token_weight_in_effect=808522
I1005 20:07:47.789691 2047873024 c_interface.cc:389] Pass FitOfflineMasterModelArgs, batch_filename_size=2, batch_weight_size=2, num_collection_passes=1, reset_nwt=yes to MN4artm4core15MasterComponentEFvRKNS_25FitOfflineMasterModelArgsEE
I1005 20:07:47.789703 2047873024 master_component.cc:1398] ProcessBatchesArgs: nwt_target_name=nwt, batch_filename_size=2, batch_size=0, batch_weight_size=2, pwt_source_name=pwt, num_document_passes=10, regularizer=(name:SmoothSparsePhi, tau:100000), class=(text:1), class=(author:1), reuse_theta=no, opt_for_avx=yes, predict_class_id=, reset_nwt=yes
I1005 20:07:47.810322 27529216 processor.cc:747] Processing queue has data, processing started
I1005 20:07:47.810334 24846336 processor.cc:747] Processing queue has data, processing started
I1005 20:07:47.823853 27529216 processor.cc:820] Processor: start processing batch dabd14b5-1e8a-4d65-94d2-c310c02be74e into model nwt
I1005 20:07:47.834437 24846336 processor.cc:820] Processor: start processing batch 472db180-368e-4dbe-ac96-275aa7464620 into model nwt
I1005 20:07:48.041734 27529216 processor.cc:925] Processor: complete processing batch dabd14b5-1e8a-4d65-94d2-c310c02be74e into model nwt
I1005 20:07:48.045070 27529216 cuckoo_watch.h:45] 234ms in ProcessBatch(lectures_batches/aaaaaa.batch) [including 13ms in LoadMessage; 7ms in InitializeSparseNdw; 0ms in InitializeTheta; 0ms in CreateRegularizerAgents; 161ms in InferThetaAndUpdateNwtSparse; 3ms in CalculateScore(sparsity_theta_score); 44ms in CalculateScore(^^^ItemsProcessedScore^^^); ]
I1005 20:07:48.068418 27529216 processor.cc:740] No data in processing queue, waiting...
I1005 20:07:48.317723 24846336 processor.cc:925] Processor: complete processing batch 472db180-368e-4dbe-ac96-275aa7464620 into model nwt
I1005 20:07:48.323472 24846336 cuckoo_watch.h:45] 513ms in ProcessBatch(lectures_batches/aaaaab.batch) [including 24ms in LoadMessage; 18ms in InitializeSparseNdw; 0ms in InitializeTheta; 0ms in CreateRegularizerAgents; 360ms in InferThetaAndUpdateNwtSparse; 5ms in CalculateScore(sparsity_theta_score); 98ms in CalculateScore(^^^ItemsProcessedScore^^^); ]
I1005 20:07:48.324585 2047873024 master_component.cc:1436] RegularizeModelArgs: rwt_target_name=rwt, pwt_source_name=pwt, nwt_source_name=nwt
I1005 20:07:48.324652 2047873024 master_component.cc:976] MasterComponent: start regularizing model pwt
I1005 20:07:48.347785 24846336 processor.cc:740] No data in processing queue, waiting...
I1005 20:07:48.428560 2047873024 master_component.cc:1002] MasterComponent: complete regularizing model pwt
I1005 20:07:48.428580 2047873024 master_component.cc:1449] NormalizeModelArgs: pwt_target_name=pwt, nwt_source_name=nwt, rwt_source_name=rwt
I1005 20:07:48.428586 2047873024 master_component.cc:1006] MasterComponent: start normalizing model nwt
I1005 20:07:48.503366 2047873024 master_component.cc:1034] MasterComponent: complete normalizing model nwt
I1005 20:07:48.584532 2047873024 master_component.cc:1473] DisposeModel rwt
I1005 20:07:48.600909 2047873024 master_component.cc:1059] FitOffline: ItemsProcessed, num_items=1728, num_batches=2, token_weight=808522, token_weight_in_effect=808522
I1005 20:07:48.601145 2047873024 c_interface.cc:389] Pass FitOfflineMasterModelArgs, batch_filename_size=2, batch_weight_size=2, num_collection_passes=1, reset_nwt=yes to MN4artm4core15MasterComponentEFvRKNS_25FitOfflineMasterModelArgsEE
I1005 20:07:48.601162 2047873024 master_component.cc:1398] ProcessBatchesArgs: nwt_target_name=nwt, batch_filename_size=2, batch_size=0, batch_weight_size=2, pwt_source_name=pwt, num_document_passes=10, regularizer=(name:SmoothSparsePhi, tau:100000), class=(text:1), class=(author:1), reuse_theta=no, opt_for_avx=yes, predict_class_id=, reset_nwt=yes
I1005 20:07:48.618731 26992640 processor.cc:747] Processing queue has data, processing started
I1005 20:07:48.618724 24309760 processor.cc:747] Processing queue has data, processing started
I1005 20:07:48.632089 24309760 processor.cc:820] Processor: start processing batch dabd14b5-1e8a-4d65-94d2-c310c02be74e into model nwt
I1005 20:07:48.642562 26992640 processor.cc:820] Processor: start processing batch 472db180-368e-4dbe-ac96-275aa7464620 into model nwt
I1005 20:07:48.855130 24309760 processor.cc:925] Processor: complete processing batch dabd14b5-1e8a-4d65-94d2-c310c02be74e into model nwt
I1005 20:07:48.859239 24309760 cuckoo_watch.h:45] 240ms in ProcessBatch(lectures_batches/aaaaaa.batch) [including 13ms in LoadMessage; 7ms in InitializeSparseNdw; 0ms in InitializeTheta; 0ms in CreateRegularizerAgents; 162ms in InferThetaAndUpdateNwtSparse; 4ms in CalculateScore(sparsity_theta_score); 48ms in CalculateScore(^^^ItemsProcessedScore^^^); ]
I1005 20:07:48.882400 24309760 processor.cc:740] No data in processing queue, waiting...
I1005 20:07:49.136783 26992640 processor.cc:925] Processor: complete processing batch 472db180-368e-4dbe-ac96-275aa7464620 into model nwt
I1005 20:07:49.143807 26992640 cuckoo_watch.h:45] 525ms in ProcessBatch(lectures_batches/aaaaab.batch) [including 23ms in LoadMessage; 18ms in InitializeSparseNdw; 0ms in InitializeTheta; 0ms in CreateRegularizerAgents; 362ms in InferThetaAndUpdateNwtSparse; 6ms in CalculateScore(sparsity_theta_score); 106ms in CalculateScore(^^^ItemsProcessedScore^^^); ]
I1005 20:07:49.144930 2047873024 master_component.cc:1436] RegularizeModelArgs: rwt_target_name=rwt, pwt_source_name=pwt, nwt_source_name=nwt
I1005 20:07:49.144982 2047873024 master_component.cc:976] MasterComponent: start regularizing model pwt
I1005 20:07:49.167867 26992640 processor.cc:740] No data in processing queue, waiting...
I1005 20:07:49.248855 2047873024 master_component.cc:1002] MasterComponent: complete regularizing model pwt
I1005 20:07:49.248874 2047873024 master_component.cc:1449] NormalizeModelArgs: pwt_target_name=pwt, nwt_source_name=nwt, rwt_source_name=rwt
I1005 20:07:49.248880 2047873024 master_component.cc:1006] MasterComponent: start normalizing model nwt
I1005 20:07:49.327422 2047873024 master_component.cc:1034] MasterComponent: complete normalizing model nwt
I1005 20:07:49.397521 2047873024 master_component.cc:1473] DisposeModel rwt
I1005 20:07:49.414134 2047873024 master_component.cc:1059] FitOffline: ItemsProcessed, num_items=1728, num_batches=2, token_weight=808522, token_weight_in_effect=808522
I1005 20:07:49.414372 2047873024 c_interface.cc:389] Pass FitOfflineMasterModelArgs, batch_filename_size=2, batch_weight_size=2, num_collection_passes=1, reset_nwt=yes to MN4artm4core15MasterComponentEFvRKNS_25FitOfflineMasterModelArgsEE
I1005 20:07:49.414386 2047873024 master_component.cc:1398] ProcessBatchesArgs: nwt_target_name=nwt, batch_filename_size=2, batch_size=0, batch_weight_size=2, pwt_source_name=pwt, num_document_passes=10, regularizer=(name:SmoothSparsePhi, tau:100000), class=(text:1), class=(author:1), reuse_theta=no, opt_for_avx=yes, predict_class_id=, reset_nwt=yes
I1005 20:07:49.430820 23773184 processor.cc:747] Processing queue has data, processing started
I1005 20:07:49.430829 28065792 processor.cc:747] Processing queue has data, processing started
I1005 20:07:49.443971 23773184 processor.cc:820] Processor: start processing batch dabd14b5-1e8a-4d65-94d2-c310c02be74e into model nwt
I1005 20:07:49.454311 28065792 processor.cc:820] Processor: start processing batch 472db180-368e-4dbe-ac96-275aa7464620 into model nwt
I1005 20:07:49.659124 23773184 processor.cc:925] Processor: complete processing batch dabd14b5-1e8a-4d65-94d2-c310c02be74e into model nwt
I1005 20:07:49.662487 23773184 cuckoo_watch.h:45] 231ms in ProcessBatch(lectures_batches/aaaaaa.batch) [including 13ms in LoadMessage; 7ms in InitializeSparseNdw; 0ms in InitializeTheta; 0ms in CreateRegularizerAgents; 161ms in InferThetaAndUpdateNwtSparse; 3ms in CalculateScore(sparsity_theta_score); 41ms in CalculateScore(^^^ItemsProcessedScore^^^); ]
I1005 20:07:49.685029 23773184 processor.cc:740] No data in processing queue, waiting...
I1005 20:07:49.967550 28065792 processor.cc:925] Processor: complete processing batch 472db180-368e-4dbe-ac96-275aa7464620 into model nwt
I1005 20:07:49.973860 28065792 cuckoo_watch.h:45] 542ms in ProcessBatch(lectures_batches/aaaaab.batch) [including 23ms in LoadMessage; 20ms in InitializeSparseNdw; 0ms in InitializeTheta; 0ms in CreateRegularizerAgents; 374ms in InferThetaAndUpdateNwtSparse; 6ms in CalculateScore(sparsity_theta_score); 110ms in CalculateScore(^^^ItemsProcessedScore^^^); ]
I1005 20:07:49.974236 2047873024 master_component.cc:1436] RegularizeModelArgs: rwt_target_name=rwt, pwt_source_name=pwt, nwt_source_name=nwt
I1005 20:07:49.974290 2047873024 master_component.cc:976] MasterComponent: start regularizing model pwt
I1005 20:07:49.997838 28065792 processor.cc:740] No data in processing queue, waiting...
I1005 20:07:50.083606 2047873024 master_component.cc:1002] MasterComponent: complete regularizing model pwt
I1005 20:07:50.083657 2047873024 master_component.cc:1449] NormalizeModelArgs: pwt_target_name=pwt, nwt_source_name=nwt, rwt_source_name=rwt
I1005 20:07:50.083663 2047873024 master_component.cc:1006] MasterComponent: start normalizing model nwt
I1005 20:07:50.163210 2047873024 master_component.cc:1034] MasterComponent: complete normalizing model nwt
I1005 20:07:50.243188 2047873024 master_component.cc:1473] DisposeModel rwt
I1005 20:07:50.262344 2047873024 master_component.cc:1059] FitOffline: ItemsProcessed, num_items=1728, num_batches=2, token_weight=808522, token_weight_in_effect=808522
I1005 20:07:50.262641 2047873024 c_interface.cc:389] Pass FitOfflineMasterModelArgs, batch_filename_size=2, batch_weight_size=2, num_collection_passes=1, reset_nwt=yes to MN4artm4core15MasterComponentEFvRKNS_25FitOfflineMasterModelArgsEE
I1005 20:07:50.262658 2047873024 master_component.cc:1398] ProcessBatchesArgs: nwt_target_name=nwt, batch_filename_size=2, batch_size=0, batch_weight_size=2, pwt_source_name=pwt, num_document_passes=10, regularizer=(name:SmoothSparsePhi, tau:100000), class=(text:1), class=(author:1), reuse_theta=no, opt_for_avx=yes, predict_class_id=, reset_nwt=yes
I1005 20:07:50.281597 23773184 processor.cc:747] Processing queue has data, processing started
I1005 20:07:50.281606 24846336 processor.cc:747] Processing queue has data, processing started
I1005 20:07:50.295348 23773184 processor.cc:820] Processor: start processing batch dabd14b5-1e8a-4d65-94d2-c310c02be74e into model nwt
I1005 20:07:50.306046 24846336 processor.cc:820] Processor: start processing batch 472db180-368e-4dbe-ac96-275aa7464620 into model nwt
I1005 20:07:50.522670 23773184 processor.cc:925] Processor: complete processing batch dabd14b5-1e8a-4d65-94d2-c310c02be74e into model nwt
I1005 20:07:50.526574 23773184 cuckoo_watch.h:45] 244ms in ProcessBatch(lectures_batches/aaaaaa.batch) [including 13ms in LoadMessage; 8ms in InitializeSparseNdw; 0ms in InitializeTheta; 0ms in CreateRegularizerAgents; 169ms in InferThetaAndUpdateNwtSparse; 3ms in CalculateScore(sparsity_theta_score); 45ms in CalculateScore(^^^ItemsProcessedScore^^^); ]
I1005 20:07:50.548662 23773184 processor.cc:740] No data in processing queue, waiting...
I1005 20:07:50.811286 24846336 processor.cc:925] Processor: complete processing batch 472db180-368e-4dbe-ac96-275aa7464620 into model nwt
I1005 20:07:50.817561 24846336 cuckoo_watch.h:45] 535ms in ProcessBatch(lectures_batches/aaaaab.batch) [including 24ms in LoadMessage; 19ms in InitializeSparseNdw; 0ms in InitializeTheta; 0ms in CreateRegularizerAgents; 378ms in InferThetaAndUpdateNwtSparse; 5ms in CalculateScore(sparsity_theta_score); 101ms in CalculateScore(^^^ItemsProcessedScore^^^); ]
I1005 20:07:50.818760 2047873024 master_component.cc:1436] RegularizeModelArgs: rwt_target_name=rwt, pwt_source_name=pwt, nwt_source_name=nwt
I1005 20:07:50.818821 2047873024 master_component.cc:976] MasterComponent: start regularizing model pwt
I1005 20:07:50.841846 24846336 processor.cc:740] No data in processing queue, waiting...
I1005 20:07:50.933928 2047873024 master_component.cc:1002] MasterComponent: complete regularizing model pwt
I1005 20:07:50.933949 2047873024 master_component.cc:1449] NormalizeModelArgs: pwt_target_name=pwt, nwt_source_name=nwt, rwt_source_name=rwt
I1005 20:07:50.933956 2047873024 master_component.cc:1006] MasterComponent: start normalizing model nwt
I1005 20:07:51.014422 2047873024 master_component.cc:1034] MasterComponent: complete normalizing model nwt
I1005 20:07:51.083993 2047873024 master_component.cc:1473] DisposeModel rwt
I1005 20:07:51.100257 2047873024 master_component.cc:1059] FitOffline: ItemsProcessed, num_items=1728, num_batches=2, token_weight=808522, token_weight_in_effect=808522
I1005 20:07:51.100482 2047873024 c_interface.cc:389] Pass FitOfflineMasterModelArgs, batch_filename_size=2, batch_weight_size=2, num_collection_passes=1, reset_nwt=yes to MN4artm4core15MasterComponentEFvRKNS_25FitOfflineMasterModelArgsEE
I1005 20:07:51.100494 2047873024 master_component.cc:1398] ProcessBatchesArgs: nwt_target_name=nwt, batch_filename_size=2, batch_size=0, batch_weight_size=2, pwt_source_name=pwt, num_document_passes=10, regularizer=(name:SmoothSparsePhi, tau:100000), class=(text:1), class=(author:1), reuse_theta=no, opt_for_avx=yes, predict_class_id=, reset_nwt=yes
I1005 20:07:51.117074 24309760 processor.cc:747] Processing queue has data, processing started
I1005 20:07:51.117065 25919488 processor.cc:747] Processing queue has data, processing started
I1005 20:07:51.130239 25919488 processor.cc:820] Processor: start processing batch dabd14b5-1e8a-4d65-94d2-c310c02be74e into model nwt
I1005 20:07:51.140945 24309760 processor.cc:820] Processor: start processing batch 472db180-368e-4dbe-ac96-275aa7464620 into model nwt
I1005 20:07:51.351024 25919488 processor.cc:925] Processor: complete processing batch dabd14b5-1e8a-4d65-94d2-c310c02be74e into model nwt
I1005 20:07:51.354729 25919488 cuckoo_watch.h:45] 237ms in ProcessBatch(lectures_batches/aaaaaa.batch) [including 13ms in LoadMessage; 7ms in InitializeSparseNdw; 0ms in InitializeTheta; 0ms in CreateRegularizerAgents; 163ms in InferThetaAndUpdateNwtSparse; 3ms in CalculateScore(sparsity_theta_score); 45ms in CalculateScore(^^^ItemsProcessedScore^^^); ]
I1005 20:07:51.377239 25919488 processor.cc:740] No data in processing queue, waiting...
I1005 20:07:51.640421 24309760 processor.cc:925] Processor: complete processing batch 472db180-368e-4dbe-ac96-275aa7464620 into model nwt
I1005 20:07:51.647271 24309760 cuckoo_watch.h:45] 530ms in ProcessBatch(lectures_batches/aaaaab.batch) [including 23ms in LoadMessage; 22ms in InitializeSparseNdw; 0ms in InitializeTheta; 0ms in CreateRegularizerAgents; 368ms in InferThetaAndUpdateNwtSparse; 6ms in CalculateScore(sparsity_theta_score); 102ms in CalculateScore(^^^ItemsProcessedScore^^^); ]
I1005 20:07:51.648223 2047873024 master_component.cc:1436] RegularizeModelArgs: rwt_target_name=rwt, pwt_source_name=pwt, nwt_source_name=nwt
I1005 20:07:51.648281 2047873024 master_component.cc:976] MasterComponent: start regularizing model pwt
I1005 20:07:51.671095 24309760 processor.cc:740] No data in processing queue, waiting...
I1005 20:07:51.751508 2047873024 master_component.cc:1002] MasterComponent: complete regularizing model pwt
I1005 20:07:51.751528 2047873024 master_component.cc:1449] NormalizeModelArgs: pwt_target_name=pwt, nwt_source_name=nwt, rwt_source_name=rwt
I1005 20:07:51.751534 2047873024 master_component.cc:1006] MasterComponent: start normalizing model nwt
I1005 20:07:51.829797 2047873024 master_component.cc:1034] MasterComponent: complete normalizing model nwt
I1005 20:07:51.902211 2047873024 master_component.cc:1473] DisposeModel rwt
I1005 20:07:51.918248 2047873024 master_component.cc:1059] FitOffline: ItemsProcessed, num_items=1728, num_batches=2, token_weight=808522, token_weight_in_effect=808522
I1005 20:07:51.918494 2047873024 c_interface.cc:389] Pass FitOfflineMasterModelArgs, batch_filename_size=2, batch_weight_size=2, num_collection_passes=1, reset_nwt=yes to MN4artm4core15MasterComponentEFvRKNS_25FitOfflineMasterModelArgsEE
I1005 20:07:51.918507 2047873024 master_component.cc:1398] ProcessBatchesArgs: nwt_target_name=nwt, batch_filename_size=2, batch_size=0, batch_weight_size=2, pwt_source_name=pwt, num_document_passes=10, regularizer=(name:SmoothSparsePhi, tau:100000), class=(text:1), class=(author:1), reuse_theta=no, opt_for_avx=yes, predict_class_id=, reset_nwt=yes
I1005 20:07:51.934641 26992640 processor.cc:747] Processing queue has data, processing started
I1005 20:07:51.934639 23773184 processor.cc:747] Processing queue has data, processing started
I1005 20:07:51.948187 26992640 processor.cc:820] Processor: start processing batch dabd14b5-1e8a-4d65-94d2-c310c02be74e into model nwt
I1005 20:07:51.958197 23773184 processor.cc:820] Processor: start processing batch 472db180-368e-4dbe-ac96-275aa7464620 into model nwt
I1005 20:07:52.159174 26992640 processor.cc:925] Processor: complete processing batch dabd14b5-1e8a-4d65-94d2-c310c02be74e into model nwt
I1005 20:07:52.162786 26992640 cuckoo_watch.h:45] 228ms in ProcessBatch(lectures_batches/aaaaaa.batch) [including 13ms in LoadMessage; 7ms in InitializeSparseNdw; 0ms in InitializeTheta; 0ms in CreateRegularizerAgents; 157ms in InferThetaAndUpdateNwtSparse; 3ms in CalculateScore(sparsity_theta_score); 41ms in CalculateScore(^^^ItemsProcessedScore^^^); ]
I1005 20:07:52.185336 26992640 processor.cc:740] No data in processing queue, waiting...
I1005 20:07:52.471498 23773184 processor.cc:925] Processor: complete processing batch 472db180-368e-4dbe-ac96-275aa7464620 into model nwt
I1005 20:07:52.477593 23773184 cuckoo_watch.h:45] 542ms in ProcessBatch(lectures_batches/aaaaab.batch) [including 23ms in LoadMessage; 18ms in InitializeSparseNdw; 0ms in InitializeTheta; 0ms in CreateRegularizerAgents; 391ms in InferThetaAndUpdateNwtSparse; 5ms in CalculateScore(sparsity_theta_score); 97ms in CalculateScore(^^^ItemsProcessedScore^^^); ]
I1005 20:07:52.478344 2047873024 master_component.cc:1436] RegularizeModelArgs: rwt_target_name=rwt, pwt_source_name=pwt, nwt_source_name=nwt
I1005 20:07:52.478408 2047873024 master_component.cc:976] MasterComponent: start regularizing model pwt
I1005 20:07:52.501873 23773184 processor.cc:740] No data in processing queue, waiting...
I1005 20:07:52.579659 2047873024 master_component.cc:1002] MasterComponent: complete regularizing model pwt
I1005 20:07:52.579679 2047873024 master_component.cc:1449] NormalizeModelArgs: pwt_target_name=pwt, nwt_source_name=nwt, rwt_source_name=rwt
I1005 20:07:52.579685 2047873024 master_component.cc:1006] MasterComponent: start normalizing model nwt
I1005 20:07:52.654837 2047873024 master_component.cc:1034] MasterComponent: complete normalizing model nwt
I1005 20:07:52.726819 2047873024 master_component.cc:1473] DisposeModel rwt
I1005 20:07:52.746852 2047873024 master_component.cc:1059] FitOffline: ItemsProcessed, num_items=1728, num_batches=2, token_weight=808522, token_weight_in_effect=808522
I1005 20:07:52.747086 2047873024 c_interface.cc:389] Pass FitOfflineMasterModelArgs, batch_filename_size=2, batch_weight_size=2, num_collection_passes=1, reset_nwt=yes to MN4artm4core15MasterComponentEFvRKNS_25FitOfflineMasterModelArgsEE
I1005 20:07:52.747098 2047873024 master_component.cc:1398] ProcessBatchesArgs: nwt_target_name=nwt, batch_filename_size=2, batch_size=0, batch_weight_size=2, pwt_source_name=pwt, num_document_passes=10, regularizer=(name:SmoothSparsePhi, tau:100000), class=(text:1), class=(author:1), reuse_theta=no, opt_for_avx=yes, predict_class_id=, reset_nwt=yes
I1005 20:07:52.765235 24846336 processor.cc:747] Processing queue has data, processing started
I1005 20:07:52.765261 23773184 processor.cc:747] Processing queue has data, processing started
I1005 20:07:52.779469 24846336 processor.cc:820] Processor: start processing batch dabd14b5-1e8a-4d65-94d2-c310c02be74e into model nwt
I1005 20:07:52.790084 23773184 processor.cc:820] Processor: start processing batch 472db180-368e-4dbe-ac96-275aa7464620 into model nwt
I1005 20:07:53.005817 24846336 processor.cc:925] Processor: complete processing batch dabd14b5-1e8a-4d65-94d2-c310c02be74e into model nwt
I1005 20:07:53.009470 24846336 cuckoo_watch.h:45] 244ms in ProcessBatch(lectures_batches/aaaaaa.batch) [including 14ms in LoadMessage; 8ms in InitializeSparseNdw; 0ms in InitializeTheta; 0ms in CreateRegularizerAgents; 168ms in InferThetaAndUpdateNwtSparse; 3ms in CalculateScore(sparsity_theta_score); 45ms in CalculateScore(^^^ItemsProcessedScore^^^); ]
I1005 20:07:53.031813 24846336 processor.cc:740] No data in processing queue, waiting...
I1005 20:07:53.282809 23773184 processor.cc:925] Processor: complete processing batch 472db180-368e-4dbe-ac96-275aa7464620 into model nwt
I1005 20:07:53.288648 23773184 cuckoo_watch.h:45] 523ms in ProcessBatch(lectures_batches/aaaaab.batch) [including 24ms in LoadMessage; 21ms in InitializeSparseNdw; 0ms in InitializeTheta; 0ms in CreateRegularizerAgents; 361ms in InferThetaAndUpdateNwtSparse; 5ms in CalculateScore(sparsity_theta_score); 104ms in CalculateScore(^^^ItemsProcessedScore^^^); ]
I1005 20:07:53.289113 2047873024 master_component.cc:1436] RegularizeModelArgs: rwt_target_name=rwt, pwt_source_name=pwt, nwt_source_name=nwt
I1005 20:07:53.289145 2047873024 master_component.cc:976] MasterComponent: start regularizing model pwt
I1005 20:07:53.312898 23773184 processor.cc:740] No data in processing queue, waiting...
I1005 20:07:53.393018 2047873024 master_component.cc:1002] MasterComponent: complete regularizing model pwt
I1005 20:07:53.393038 2047873024 master_component.cc:1449] NormalizeModelArgs: pwt_target_name=pwt, nwt_source_name=nwt, rwt_source_name=rwt
I1005 20:07:53.393045 2047873024 master_component.cc:1006] MasterComponent: start normalizing model nwt
I1005 20:07:53.479089 2047873024 master_component.cc:1034] MasterComponent: complete normalizing model nwt
I1005 20:07:53.552757 2047873024 master_component.cc:1473] DisposeModel rwt
I1005 20:07:53.568323 2047873024 master_component.cc:1059] FitOffline: ItemsProcessed, num_items=1728, num_batches=2, token_weight=808522, token_weight_in_effect=808522
I1005 20:07:53.568586 2047873024 c_interface.cc:389] Pass FitOfflineMasterModelArgs, batch_filename_size=2, batch_weight_size=2, num_collection_passes=1, reset_nwt=yes to MN4artm4core15MasterComponentEFvRKNS_25FitOfflineMasterModelArgsEE
I1005 20:07:53.568603 2047873024 master_component.cc:1398] ProcessBatchesArgs: nwt_target_name=nwt, batch_filename_size=2, batch_size=0, batch_weight_size=2, pwt_source_name=pwt, num_document_passes=10, regularizer=(name:SmoothSparsePhi, tau:100000), class=(text:1), class=(author:1), reuse_theta=no, opt_for_avx=yes, predict_class_id=, reset_nwt=yes
I1005 20:07:53.585278 28065792 processor.cc:747] Processing queue has data, processing started
I1005 20:07:53.585292 26992640 processor.cc:747] Processing queue has data, processing started
I1005 20:07:53.598909 28065792 processor.cc:820] Processor: start processing batch dabd14b5-1e8a-4d65-94d2-c310c02be74e into model nwt
I1005 20:07:53.608775 26992640 processor.cc:820] Processor: start processing batch 472db180-368e-4dbe-ac96-275aa7464620 into model nwt
I1005 20:07:53.821816 28065792 processor.cc:925] Processor: complete processing batch dabd14b5-1e8a-4d65-94d2-c310c02be74e into model nwt
I1005 20:07:53.825567 28065792 cuckoo_watch.h:45] 240ms in ProcessBatch(lectures_batches/aaaaaa.batch) [including 13ms in LoadMessage; 8ms in InitializeSparseNdw; 0ms in InitializeTheta; 0ms in CreateRegularizerAgents; 164ms in InferThetaAndUpdateNwtSparse; 4ms in CalculateScore(sparsity_theta_score); 45ms in CalculateScore(^^^ItemsProcessedScore^^^); ]
I1005 20:07:53.848253 28065792 processor.cc:740] No data in processing queue, waiting...
I1005 20:07:54.115854 26992640 processor.cc:925] Processor: complete processing batch 472db180-368e-4dbe-ac96-275aa7464620 into model nwt
I1005 20:07:54.122287 26992640 cuckoo_watch.h:45] 536ms in ProcessBatch(lectures_batches/aaaaab.batch) [including 23ms in LoadMessage; 19ms in InitializeSparseNdw; 0ms in InitializeTheta; 0ms in CreateRegularizerAgents; 373ms in InferThetaAndUpdateNwtSparse; 5ms in CalculateScore(sparsity_theta_score); 108ms in CalculateScore(^^^ItemsProcessedScore^^^); ]
I1005 20:07:54.123509 2047873024 master_component.cc:1436] RegularizeModelArgs: rwt_target_name=rwt, pwt_source_name=pwt, nwt_source_name=nwt
I1005 20:07:54.123574 2047873024 master_component.cc:976] MasterComponent: start regularizing model pwt
I1005 20:07:54.146689 26992640 processor.cc:740] No data in processing queue, waiting...
I1005 20:07:54.225330 2047873024 master_component.cc:1002] MasterComponent: complete regularizing model pwt
I1005 20:07:54.225349 2047873024 master_component.cc:1449] NormalizeModelArgs: pwt_target_name=pwt, nwt_source_name=nwt, rwt_source_name=rwt
I1005 20:07:54.225356 2047873024 master_component.cc:1006] MasterComponent: start normalizing model nwt
I1005 20:07:54.300139 2047873024 master_component.cc:1034] MasterComponent: complete normalizing model nwt
I1005 20:07:54.370790 2047873024 master_component.cc:1473] DisposeModel rwt
I1005 20:07:54.387336 2047873024 master_component.cc:1059] FitOffline: ItemsProcessed, num_items=1728, num_batches=2, token_weight=808522, token_weight_in_effect=808522
I1005 20:07:54.387636 2047873024 c_interface.cc:389] Pass FitOfflineMasterModelArgs, batch_filename_size=2, batch_weight_size=2, num_collection_passes=1, reset_nwt=yes to MN4artm4core15MasterComponentEFvRKNS_25FitOfflineMasterModelArgsEE
I1005 20:07:54.387652 2047873024 master_component.cc:1398] ProcessBatchesArgs: nwt_target_name=nwt, batch_filename_size=2, batch_size=0, batch_weight_size=2, pwt_source_name=pwt, num_document_passes=10, regularizer=(name:SmoothSparsePhi, tau:100000), class=(text:1), class=(author:1), reuse_theta=no, opt_for_avx=yes, predict_class_id=, reset_nwt=yes
I1005 20:07:54.405414 24309760 processor.cc:747] Processing queue has data, processing started
I1005 20:07:54.405422 24846336 processor.cc:747] Processing queue has data, processing started
I1005 20:07:54.419273 24309760 processor.cc:820] Processor: start processing batch dabd14b5-1e8a-4d65-94d2-c310c02be74e into model nwt
I1005 20:07:54.430073 24846336 processor.cc:820] Processor: start processing batch 472db180-368e-4dbe-ac96-275aa7464620 into model nwt
I1005 20:07:54.643929 24309760 processor.cc:925] Processor: complete processing batch dabd14b5-1e8a-4d65-94d2-c310c02be74e into model nwt
I1005 20:07:54.648211 24309760 cuckoo_watch.h:45] 242ms in ProcessBatch(lectures_batches/aaaaaa.batch) [including 13ms in LoadMessage; 8ms in InitializeSparseNdw; 0ms in InitializeTheta; 0ms in CreateRegularizerAgents; 167ms in InferThetaAndUpdateNwtSparse; 3ms in CalculateScore(sparsity_theta_score); 45ms in CalculateScore(^^^ItemsProcessedScore^^^); ]
I1005 20:07:54.671064 24309760 processor.cc:740] No data in processing queue, waiting...
I1005 20:07:54.926545 24846336 processor.cc:925] Processor: complete processing batch 472db180-368e-4dbe-ac96-275aa7464620 into model nwt
I1005 20:07:54.932958 24846336 cuckoo_watch.h:45] 527ms in ProcessBatch(lectures_batches/aaaaab.batch) [including 24ms in LoadMessage; 20ms in InitializeSparseNdw; 0ms in InitializeTheta; 0ms in CreateRegularizerAgents; 366ms in InferThetaAndUpdateNwtSparse; 5ms in CalculateScore(sparsity_theta_score); 103ms in CalculateScore(^^^ItemsProcessedScore^^^); ]
