I1005 20:08:27.893108 2047873024 master_component.cc:1059] FitOffline: ItemsProcessed, num_items=1728, num_batches=2, token_weight=808522, token_weight_in_effect=808522
I1005 20:08:27.893353 2047873024 c_interface.cc:389] Pass FitOfflineMasterModelArgs, batch_filename_size=2, batch_weight_size=2, num_collection_passes=1, reset_nwt=yes to MN4artm4core15MasterComponentEFvRKNS_25FitOfflineMasterModelArgsEE
I1005 20:08:27.893368 2047873024 master_component.cc:1398] ProcessBatchesArgs: nwt_target_name=nwt, batch_filename_size=2, batch_size=0, batch_weight_size=2, pwt_source_name=pwt, num_document_passes=10, regularizer=(name:SmoothSparsePhi, tau:100000), class=(text:1), class=(author:1), reuse_theta=no, opt_for_avx=yes, predict_class_id=, reset_nwt=yes
I1005 20:08:27.911203 26456064 processor.cc:747] Processing queue has data, processing started
I1005 20:08:27.911211 29675520 processor.cc:747] Processing queue has data, processing started
I1005 20:08:27.924651 26456064 processor.cc:820] Processor: start processing batch 9edcad93-fc16-44ef-babc-2bfdcae8eb5f into model nwt
I1005 20:08:27.934562 29675520 processor.cc:820] Processor: start processing batch 7bd3121e-fe96-4fbc-930e-80057f8f7861 into model nwt
I1005 20:08:28.138002 26456064 processor.cc:925] Processor: complete processing batch 9edcad93-fc16-44ef-babc-2bfdcae8eb5f into model nwt
I1005 20:08:28.141991 26456064 cuckoo_watch.h:45] 230ms in ProcessBatch(lectures_batches/aaaaaa.batch) [including 13ms in LoadMessage; 7ms in InitializeSparseNdw; 0ms in InitializeTheta; 0ms in CreateRegularizerAgents; 154ms in InferThetaAndUpdateNwtSparse; 3ms in CalculateScore(sparsity_theta_score); 47ms in CalculateScore(^^^ItemsProcessedScore^^^); ]
I1005 20:08:28.166193 26456064 processor.cc:740] No data in processing queue, waiting...
I1005 20:08:28.426779 29675520 processor.cc:925] Processor: complete processing batch 7bd3121e-fe96-4fbc-930e-80057f8f7861 into model nwt
I1005 20:08:28.432623 29675520 cuckoo_watch.h:45] 521ms in ProcessBatch(lectures_batches/aaaaab.batch) [including 23ms in LoadMessage; 18ms in InitializeSparseNdw; 0ms in InitializeTheta; 0ms in CreateRegularizerAgents; 350ms in InferThetaAndUpdateNwtSparse; 6ms in CalculateScore(sparsity_theta_score); 116ms in CalculateScore(^^^ItemsProcessedScore^^^); ]
I1005 20:08:28.432968 2047873024 master_component.cc:1436] RegularizeModelArgs: rwt_target_name=rwt, pwt_source_name=pwt, nwt_source_name=nwt
I1005 20:08:28.432986 2047873024 master_component.cc:976] MasterComponent: start regularizing model pwt
I1005 20:08:28.456208 29675520 processor.cc:740] No data in processing queue, waiting...
I1005 20:08:28.544724 2047873024 master_component.cc:1002] MasterComponent: complete regularizing model pwt
I1005 20:08:28.544744 2047873024 master_component.cc:1449] NormalizeModelArgs: pwt_target_name=pwt, nwt_source_name=nwt, rwt_source_name=rwt
I1005 20:08:28.544750 2047873024 master_component.cc:1006] MasterComponent: start normalizing model nwt
I1005 20:08:28.629362 2047873024 master_component.cc:1034] MasterComponent: complete normalizing model nwt
I1005 20:08:28.715147 2047873024 master_component.cc:1473] DisposeModel rwt
I1005 20:08:28.733043 2047873024 master_component.cc:1059] FitOffline: ItemsProcessed, num_items=1728, num_batches=2, token_weight=808522, token_weight_in_effect=808522
I1005 20:08:28.733284 2047873024 c_interface.cc:389] Pass FitOfflineMasterModelArgs, batch_filename_size=2, batch_weight_size=2, num_collection_passes=1, reset_nwt=yes to MN4artm4core15MasterComponentEFvRKNS_25FitOfflineMasterModelArgsEE
I1005 20:08:28.733328 2047873024 master_component.cc:1398] ProcessBatchesArgs: nwt_target_name=nwt, batch_filename_size=2, batch_size=0, batch_weight_size=2, pwt_source_name=pwt, num_document_passes=10, regularizer=(name:SmoothSparsePhi, tau:100000), class=(text:1), class=(author:1), reuse_theta=no, opt_for_avx=yes, predict_class_id=, reset_nwt=yes
I1005 20:08:28.751518 25919488 processor.cc:747] Processing queue has data, processing started
I1005 20:08:28.751509 26992640 processor.cc:747] Processing queue has data, processing started
I1005 20:08:28.764933 26992640 processor.cc:820] Processor: start processing batch 9edcad93-fc16-44ef-babc-2bfdcae8eb5f into model nwt
I1005 20:08:28.775079 25919488 processor.cc:820] Processor: start processing batch 7bd3121e-fe96-4fbc-930e-80057f8f7861 into model nwt
I1005 20:08:28.984513 26992640 processor.cc:925] Processor: complete processing batch 9edcad93-fc16-44ef-babc-2bfdcae8eb5f into model nwt
I1005 20:08:28.988262 26992640 cuckoo_watch.h:45] 236ms in ProcessBatch(lectures_batches/aaaaaa.batch) [including 13ms in LoadMessage; 8ms in InitializeSparseNdw; 0ms in InitializeTheta; 0ms in CreateRegularizerAgents; 156ms in InferThetaAndUpdateNwtSparse; 4ms in CalculateScore(sparsity_theta_score); 50ms in CalculateScore(^^^ItemsProcessedScore^^^); ]
I1005 20:08:29.012409 26992640 processor.cc:740] No data in processing queue, waiting...
I1005 20:08:29.257769 25919488 processor.cc:925] Processor: complete processing batch 7bd3121e-fe96-4fbc-930e-80057f8f7861 into model nwt
I1005 20:08:29.263078 25919488 cuckoo_watch.h:45] 511ms in ProcessBatch(lectures_batches/aaaaab.batch) [including 23ms in LoadMessage; 20ms in InitializeSparseNdw; 0ms in InitializeTheta; 0ms in CreateRegularizerAgents; 354ms in InferThetaAndUpdateNwtSparse; 5ms in CalculateScore(sparsity_theta_score); 102ms in CalculateScore(^^^ItemsProcessedScore^^^); ]
I1005 20:08:29.264441 2047873024 master_component.cc:1436] RegularizeModelArgs: rwt_target_name=rwt, pwt_source_name=pwt, nwt_source_name=nwt
I1005 20:08:29.264499 2047873024 master_component.cc:976] MasterComponent: start regularizing model pwt
I1005 20:08:29.287557 25919488 processor.cc:740] No data in processing queue, waiting...
I1005 20:08:29.374593 2047873024 master_component.cc:1002] MasterComponent: complete regularizing model pwt
I1005 20:08:29.374611 2047873024 master_component.cc:1449] NormalizeModelArgs: pwt_target_name=pwt, nwt_source_name=nwt, rwt_source_name=rwt
I1005 20:08:29.374617 2047873024 master_component.cc:1006] MasterComponent: start normalizing model nwt
I1005 20:08:29.460553 2047873024 master_component.cc:1034] MasterComponent: complete normalizing model nwt
I1005 20:08:29.556902 2047873024 master_component.cc:1473] DisposeModel rwt
I1005 20:08:29.577507 2047873024 master_component.cc:1059] FitOffline: ItemsProcessed, num_items=1728, num_batches=2, token_weight=808522, token_weight_in_effect=808522
I1005 20:08:29.577790 2047873024 c_interface.cc:389] Pass FitOfflineMasterModelArgs, batch_filename_size=2, batch_weight_size=2, num_collection_passes=1, reset_nwt=yes to MN4artm4core15MasterComponentEFvRKNS_25FitOfflineMasterModelArgsEE
I1005 20:08:29.577807 2047873024 master_component.cc:1398] ProcessBatchesArgs: nwt_target_name=nwt, batch_filename_size=2, batch_size=0, batch_weight_size=2, pwt_source_name=pwt, num_document_passes=10, regularizer=(name:SmoothSparsePhi, tau:100000), class=(text:1), class=(author:1), reuse_theta=no, opt_for_avx=yes, predict_class_id=, reset_nwt=yes
I1005 20:08:29.596709 28602368 processor.cc:747] Processing queue has data, processing started
I1005 20:08:29.596720 28065792 processor.cc:747] Processing queue has data, processing started
I1005 20:08:29.610112 28602368 processor.cc:820] Processor: start processing batch 9edcad93-fc16-44ef-babc-2bfdcae8eb5f into model nwt
I1005 20:08:29.620590 28065792 processor.cc:820] Processor: start processing batch 7bd3121e-fe96-4fbc-930e-80057f8f7861 into model nwt
I1005 20:08:29.825592 28602368 processor.cc:925] Processor: complete processing batch 9edcad93-fc16-44ef-babc-2bfdcae8eb5f into model nwt
I1005 20:08:29.828976 28602368 cuckoo_watch.h:45] 232ms in ProcessBatch(lectures_batches/aaaaaa.batch) [including 13ms in LoadMessage; 7ms in InitializeSparseNdw; 0ms in InitializeTheta; 0ms in CreateRegularizerAgents; 162ms in InferThetaAndUpdateNwtSparse; 3ms in CalculateScore(sparsity_theta_score); 42ms in CalculateScore(^^^ItemsProcessedScore^^^); ]
I1005 20:08:29.853360 28602368 processor.cc:740] No data in processing queue, waiting...
I1005 20:08:30.124188 28065792 processor.cc:925] Processor: complete processing batch 7bd3121e-fe96-4fbc-930e-80057f8f7861 into model nwt
I1005 20:08:30.130468 28065792 cuckoo_watch.h:45] 533ms in ProcessBatch(lectures_batches/aaaaab.batch) [including 23ms in LoadMessage; 20ms in InitializeSparseNdw; 0ms in InitializeTheta; 0ms in CreateRegularizerAgents; 370ms in InferThetaAndUpdateNwtSparse; 5ms in CalculateScore(sparsity_theta_score); 106ms in CalculateScore(^^^ItemsProcessedScore^^^); ]
I1005 20:08:30.130470 2047873024 master_component.cc:1436] RegularizeModelArgs: rwt_target_name=rwt, pwt_source_name=pwt, nwt_source_name=nwt
I1005 20:08:30.130488 2047873024 master_component.cc:976] MasterComponent: start regularizing model pwt
I1005 20:08:30.154187 28065792 processor.cc:740] No data in processing queue, waiting...
I1005 20:08:30.246640 2047873024 master_component.cc:1002] MasterComponent: complete regularizing model pwt
I1005 20:08:30.246661 2047873024 master_component.cc:1449] NormalizeModelArgs: pwt_target_name=pwt, nwt_source_name=nwt, rwt_source_name=rwt
I1005 20:08:30.246668 2047873024 master_component.cc:1006] MasterComponent: start normalizing model nwt
I1005 20:08:30.334898 2047873024 master_component.cc:1034] MasterComponent: complete normalizing model nwt
I1005 20:08:30.427726 2047873024 master_component.cc:1473] DisposeModel rwt
I1005 20:08:30.448348 2047873024 master_component.cc:1059] FitOffline: ItemsProcessed, num_items=1728, num_batches=2, token_weight=808522, token_weight_in_effect=808522
I1005 20:08:30.448653 2047873024 c_interface.cc:389] Pass FitOfflineMasterModelArgs, batch_filename_size=2, batch_weight_size=2, num_collection_passes=1, reset_nwt=yes to MN4artm4core15MasterComponentEFvRKNS_25FitOfflineMasterModelArgsEE
I1005 20:08:30.448671 2047873024 master_component.cc:1398] ProcessBatchesArgs: nwt_target_name=nwt, batch_filename_size=2, batch_size=0, batch_weight_size=2, pwt_source_name=pwt, num_document_passes=10, regularizer=(name:SmoothSparsePhi, tau:100000), class=(text:1), class=(author:1), reuse_theta=no, opt_for_avx=yes, predict_class_id=, reset_nwt=yes
I1005 20:08:30.468791 29675520 processor.cc:747] Processing queue has data, processing started
I1005 20:08:30.468801 26456064 processor.cc:747] Processing queue has data, processing started
I1005 20:08:30.482067 29675520 processor.cc:820] Processor: start processing batch 9edcad93-fc16-44ef-babc-2bfdcae8eb5f into model nwt
I1005 20:08:30.493255 26456064 processor.cc:820] Processor: start processing batch 7bd3121e-fe96-4fbc-930e-80057f8f7861 into model nwt
I1005 20:08:30.702837 29675520 processor.cc:925] Processor: complete processing batch 9edcad93-fc16-44ef-babc-2bfdcae8eb5f into model nwt
I1005 20:08:30.706722 29675520 cuckoo_watch.h:45] 237ms in ProcessBatch(lectures_batches/aaaaaa.batch) [including 13ms in LoadMessage; 8ms in InitializeSparseNdw; 0ms in InitializeTheta; 0ms in CreateRegularizerAgents; 163ms in InferThetaAndUpdateNwtSparse; 3ms in CalculateScore(sparsity_theta_score); 45ms in CalculateScore(^^^ItemsProcessedScore^^^); ]
I1005 20:08:30.730918 29675520 processor.cc:740] No data in processing queue, waiting...
I1005 20:08:30.994220 26456064 processor.cc:925] Processor: complete processing batch 7bd3121e-fe96-4fbc-930e-80057f8f7861 into model nwt
I1005 20:08:31.000924 26456064 cuckoo_watch.h:45] 532ms in ProcessBatch(lectures_batches/aaaaab.batch) [including 24ms in LoadMessage; 20ms in InitializeSparseNdw; 0ms in InitializeTheta; 0ms in CreateRegularizerAgents; 364ms in InferThetaAndUpdateNwtSparse; 5ms in CalculateScore(sparsity_theta_score); 110ms in CalculateScore(^^^ItemsProcessedScore^^^); ]
I1005 20:08:31.002144 2047873024 master_component.cc:1436] RegularizeModelArgs: rwt_target_name=rwt, pwt_source_name=pwt, nwt_source_name=nwt
I1005 20:08:31.002190 2047873024 master_component.cc:976] MasterComponent: start regularizing model pwt
I1005 20:08:31.025060 26456064 processor.cc:740] No data in processing queue, waiting...
I1005 20:08:31.128334 2047873024 master_component.cc:1002] MasterComponent: complete regularizing model pwt
I1005 20:08:31.128353 2047873024 master_component.cc:1449] NormalizeModelArgs: pwt_target_name=pwt, nwt_source_name=nwt, rwt_source_name=rwt
I1005 20:08:31.128361 2047873024 master_component.cc:1006] MasterComponent: start normalizing model nwt
I1005 20:08:31.219769 2047873024 master_component.cc:1034] MasterComponent: complete normalizing model nwt
I1005 20:08:31.313436 2047873024 master_component.cc:1473] DisposeModel rwt
I1005 20:08:31.334435 2047873024 master_component.cc:1059] FitOffline: ItemsProcessed, num_items=1728, num_batches=2, token_weight=808522, token_weight_in_effect=808522
I1005 20:08:31.334664 2047873024 c_interface.cc:389] Pass FitOfflineMasterModelArgs, batch_filename_size=2, batch_weight_size=2, num_collection_passes=1, reset_nwt=yes to MN4artm4core15MasterComponentEFvRKNS_25FitOfflineMasterModelArgsEE
I1005 20:08:31.334676 2047873024 master_component.cc:1398] ProcessBatchesArgs: nwt_target_name=nwt, batch_filename_size=2, batch_size=0, batch_weight_size=2, pwt_source_name=pwt, num_document_passes=10, regularizer=(name:SmoothSparsePhi, tau:100000), class=(text:1), class=(author:1), reuse_theta=no, opt_for_avx=yes, predict_class_id=, reset_nwt=yes
I1005 20:08:31.355545 29138944 processor.cc:747] Processing queue has data, processing started
I1005 20:08:31.355535 27529216 processor.cc:747] Processing queue has data, processing started
I1005 20:08:31.370569 27529216 processor.cc:820] Processor: start processing batch 9edcad93-fc16-44ef-babc-2bfdcae8eb5f into model nwt
I1005 20:08:31.380677 29138944 processor.cc:820] Processor: start processing batch 7bd3121e-fe96-4fbc-930e-80057f8f7861 into model nwt
I1005 20:08:31.592489 27529216 processor.cc:925] Processor: complete processing batch 9edcad93-fc16-44ef-babc-2bfdcae8eb5f into model nwt
I1005 20:08:31.596050 27529216 cuckoo_watch.h:45] 240ms in ProcessBatch(lectures_batches/aaaaaa.batch) [including 14ms in LoadMessage; 7ms in InitializeSparseNdw; 0ms in InitializeTheta; 0ms in CreateRegularizerAgents; 163ms in InferThetaAndUpdateNwtSparse; 3ms in CalculateScore(sparsity_theta_score); 46ms in CalculateScore(^^^ItemsProcessedScore^^^); ]
I1005 20:08:31.619762 27529216 processor.cc:740] No data in processing queue, waiting...
I1005 20:08:31.855525 29138944 processor.cc:925] Processor: complete processing batch 7bd3121e-fe96-4fbc-930e-80057f8f7861 into model nwt
I1005 20:08:31.862254 29138944 cuckoo_watch.h:45] 506ms in ProcessBatch(lectures_batches/aaaaab.batch) [including 25ms in LoadMessage; 21ms in InitializeSparseNdw; 0ms in InitializeTheta; 0ms in CreateRegularizerAgents; 351ms in InferThetaAndUpdateNwtSparse; 4ms in CalculateScore(sparsity_theta_score); 96ms in CalculateScore(^^^ItemsProcessedScore^^^); ]
I1005 20:08:31.862398 2047873024 master_component.cc:1436] RegularizeModelArgs: rwt_target_name=rwt, pwt_source_name=pwt, nwt_source_name=nwt
I1005 20:08:31.862418 2047873024 master_component.cc:976] MasterComponent: start regularizing model pwt
I1005 20:08:31.886114 29138944 processor.cc:740] No data in processing queue, waiting...
I1005 20:08:31.984938 2047873024 master_component.cc:1002] MasterComponent: complete regularizing model pwt
I1005 20:08:31.984956 2047873024 master_component.cc:1449] NormalizeModelArgs: pwt_target_name=pwt, nwt_source_name=nwt, rwt_source_name=rwt
I1005 20:08:31.984962 2047873024 master_component.cc:1006] MasterComponent: start normalizing model nwt
I1005 20:08:32.067008 2047873024 master_component.cc:1034] MasterComponent: complete normalizing model nwt
I1005 20:08:32.150219 2047873024 master_component.cc:1473] DisposeModel rwt
I1005 20:08:32.170454 2047873024 master_component.cc:1059] FitOffline: ItemsProcessed, num_items=1728, num_batches=2, token_weight=808522, token_weight_in_effect=808522
I1005 20:08:32.170791 2047873024 c_interface.cc:389] Pass FitOfflineMasterModelArgs, batch_filename_size=2, batch_weight_size=2, num_collection_passes=1, reset_nwt=yes to MN4artm4core15MasterComponentEFvRKNS_25FitOfflineMasterModelArgsEE
I1005 20:08:32.170805 2047873024 master_component.cc:1398] ProcessBatchesArgs: nwt_target_name=nwt, batch_filename_size=2, batch_size=0, batch_weight_size=2, pwt_source_name=pwt, num_document_passes=10, regularizer=(name:SmoothSparsePhi, tau:100000), class=(text:1), class=(author:1), reuse_theta=no, opt_for_avx=yes, predict_class_id=, reset_nwt=yes
I1005 20:08:32.188388 28065792 processor.cc:747] Processing queue has data, processing started
I1005 20:08:32.188402 29675520 processor.cc:747] Processing queue has data, processing started
I1005 20:08:32.201592 28065792 processor.cc:820] Processor: start processing batch 9edcad93-fc16-44ef-babc-2bfdcae8eb5f into model nwt
I1005 20:08:32.212620 29675520 processor.cc:820] Processor: start processing batch 7bd3121e-fe96-4fbc-930e-80057f8f7861 into model nwt
I1005 20:08:32.421759 28065792 processor.cc:925] Processor: complete processing batch 9edcad93-fc16-44ef-babc-2bfdcae8eb5f into model nwt
I1005 20:08:32.425206 28065792 cuckoo_watch.h:45] 236ms in ProcessBatch(lectures_batches/aaaaaa.batch) [including 13ms in LoadMessage; 8ms in InitializeSparseNdw; 0ms in InitializeTheta; 0ms in CreateRegularizerAgents; 161ms in InferThetaAndUpdateNwtSparse; 3ms in CalculateScore(sparsity_theta_score); 46ms in CalculateScore(^^^ItemsProcessedScore^^^); ]
I1005 20:08:32.448753 28065792 processor.cc:740] No data in processing queue, waiting...
I1005 20:08:32.707029 29675520 processor.cc:925] Processor: complete processing batch 7bd3121e-fe96-4fbc-930e-80057f8f7861 into model nwt
I1005 20:08:32.713073 29675520 cuckoo_watch.h:45] 524ms in ProcessBatch(lectures_batches/aaaaab.batch) [including 24ms in LoadMessage; 19ms in InitializeSparseNdw; 0ms in InitializeTheta; 0ms in CreateRegularizerAgents; 362ms in InferThetaAndUpdateNwtSparse; 5ms in CalculateScore(sparsity_theta_score); 106ms in CalculateScore(^^^ItemsProcessedScore^^^); ]
I1005 20:08:32.713852 2047873024 master_component.cc:1436] RegularizeModelArgs: rwt_target_name=rwt, pwt_source_name=pwt, nwt_source_name=nwt
I1005 20:08:32.713894 2047873024 master_component.cc:976] MasterComponent: start regularizing model pwt
I1005 20:08:32.736485 29675520 processor.cc:740] No data in processing queue, waiting...
I1005 20:08:32.826817 2047873024 master_component.cc:1002] MasterComponent: complete regularizing model pwt
I1005 20:08:32.826836 2047873024 master_component.cc:1449] NormalizeModelArgs: pwt_target_name=pwt, nwt_source_name=nwt, rwt_source_name=rwt
I1005 20:08:32.826843 2047873024 master_component.cc:1006] MasterComponent: start normalizing model nwt
I1005 20:08:32.914949 2047873024 master_component.cc:1034] MasterComponent: complete normalizing model nwt
I1005 20:08:33.002542 2047873024 master_component.cc:1473] DisposeModel rwt
I1005 20:08:33.021121 2047873024 master_component.cc:1059] FitOffline: ItemsProcessed, num_items=1728, num_batches=2, token_weight=808522, token_weight_in_effect=808522
I1005 20:08:33.021392 2047873024 c_interface.cc:389] Pass FitOfflineMasterModelArgs, batch_filename_size=2, batch_weight_size=2, num_collection_passes=1, reset_nwt=yes to MN4artm4core15MasterComponentEFvRKNS_25FitOfflineMasterModelArgsEE
I1005 20:08:33.021406 2047873024 master_component.cc:1398] ProcessBatchesArgs: nwt_target_name=nwt, batch_filename_size=2, batch_size=0, batch_weight_size=2, pwt_source_name=pwt, num_document_passes=10, regularizer=(name:SmoothSparsePhi, tau:100000), class=(text:1), class=(author:1), reuse_theta=no, opt_for_avx=yes, predict_class_id=, reset_nwt=yes
I1005 20:08:33.039335 28602368 processor.cc:747] Processing queue has data, processing started
I1005 20:08:33.039335 29138944 processor.cc:747] Processing queue has data, processing started
I1005 20:08:33.054622 29138944 processor.cc:820] Processor: start processing batch 9edcad93-fc16-44ef-babc-2bfdcae8eb5f into model nwt
I1005 20:08:33.065157 28602368 processor.cc:820] Processor: start processing batch 7bd3121e-fe96-4fbc-930e-80057f8f7861 into model nwt
I1005 20:08:33.266126 29138944 processor.cc:925] Processor: complete processing batch 9edcad93-fc16-44ef-babc-2bfdcae8eb5f into model nwt
I1005 20:08:33.269997 29138944 cuckoo_watch.h:45] 230ms in ProcessBatch(lectures_batches/aaaaaa.batch) [including 15ms in LoadMessage; 7ms in InitializeSparseNdw; 0ms in InitializeTheta; 0ms in CreateRegularizerAgents; 154ms in InferThetaAndUpdateNwtSparse; 3ms in CalculateScore(sparsity_theta_score); 45ms in CalculateScore(^^^ItemsProcessedScore^^^); ]
I1005 20:08:33.294157 29138944 processor.cc:740] No data in processing queue, waiting...
I1005 20:08:33.536448 28602368 processor.cc:925] Processor: complete processing batch 7bd3121e-fe96-4fbc-930e-80057f8f7861 into model nwt
I1005 20:08:33.542312 28602368 cuckoo_watch.h:45] 502ms in ProcessBatch(lectures_batches/aaaaab.batch) [including 25ms in LoadMessage; 19ms in InitializeSparseNdw; 0ms in InitializeTheta; 0ms in CreateRegularizerAgents; 346ms in InferThetaAndUpdateNwtSparse; 4ms in CalculateScore(sparsity_theta_score); 99ms in CalculateScore(^^^ItemsProcessedScore^^^); ]
I1005 20:08:33.542834 2047873024 master_component.cc:1436] RegularizeModelArgs: rwt_target_name=rwt, pwt_source_name=pwt, nwt_source_name=nwt
I1005 20:08:33.542852 2047873024 master_component.cc:976] MasterComponent: start regularizing model pwt
I1005 20:08:33.566525 28602368 processor.cc:740] No data in processing queue, waiting...
I1005 20:08:33.667552 2047873024 master_component.cc:1002] MasterComponent: complete regularizing model pwt
I1005 20:08:33.667572 2047873024 master_component.cc:1449] NormalizeModelArgs: pwt_target_name=pwt, nwt_source_name=nwt, rwt_source_name=rwt
I1005 20:08:33.667577 2047873024 master_component.cc:1006] MasterComponent: start normalizing model nwt
I1005 20:08:33.760978 2047873024 master_component.cc:1034] MasterComponent: complete normalizing model nwt
I1005 20:08:33.855315 2047873024 master_component.cc:1473] DisposeModel rwt
I1005 20:08:33.874594 2047873024 master_component.cc:1059] FitOffline: ItemsProcessed, num_items=1728, num_batches=2, token_weight=808522, token_weight_in_effect=808522
I1005 20:08:33.874922 2047873024 c_interface.cc:389] Pass FitOfflineMasterModelArgs, batch_filename_size=2, batch_weight_size=2, num_collection_passes=1, reset_nwt=yes to MN4artm4core15MasterComponentEFvRKNS_25FitOfflineMasterModelArgsEE
I1005 20:08:33.874939 2047873024 master_component.cc:1398] ProcessBatchesArgs: nwt_target_name=nwt, batch_filename_size=2, batch_size=0, batch_weight_size=2, pwt_source_name=pwt, num_document_passes=10, regularizer=(name:SmoothSparsePhi, tau:100000), class=(text:1), class=(author:1), reuse_theta=no, opt_for_avx=yes, predict_class_id=, reset_nwt=yes
I1005 20:08:33.895026 29138944 processor.cc:747] Processing queue has data, processing started
I1005 20:08:33.895020 26456064 processor.cc:747] Processing queue has data, processing started
I1005 20:08:33.908529 26456064 processor.cc:820] Processor: start processing batch 9edcad93-fc16-44ef-babc-2bfdcae8eb5f into model nwt
I1005 20:08:33.919143 29138944 processor.cc:820] Processor: start processing batch 7bd3121e-fe96-4fbc-930e-80057f8f7861 into model nwt
I1005 20:08:34.126071 26456064 processor.cc:925] Processor: complete processing batch 9edcad93-fc16-44ef-babc-2bfdcae8eb5f into model nwt
I1005 20:08:34.129683 26456064 cuckoo_watch.h:45] 234ms in ProcessBatch(lectures_batches/aaaaaa.batch) [including 13ms in LoadMessage; 7ms in InitializeSparseNdw; 0ms in InitializeTheta; 0ms in CreateRegularizerAgents; 160ms in InferThetaAndUpdateNwtSparse; 3ms in CalculateScore(sparsity_theta_score); 45ms in CalculateScore(^^^ItemsProcessedScore^^^); ]
I1005 20:08:34.153934 26456064 processor.cc:740] No data in processing queue, waiting...
I1005 20:08:34.413983 29138944 processor.cc:925] Processor: complete processing batch 7bd3121e-fe96-4fbc-930e-80057f8f7861 into model nwt
I1005 20:08:34.420330 29138944 cuckoo_watch.h:45] 525ms in ProcessBatch(lectures_batches/aaaaab.batch) [including 24ms in LoadMessage; 22ms in InitializeSparseNdw; 0ms in InitializeTheta; 0ms in CreateRegularizerAgents; 360ms in InferThetaAndUpdateNwtSparse; 5ms in CalculateScore(sparsity_theta_score); 106ms in CalculateScore(^^^ItemsProcessedScore^^^); ]
I1005 20:08:34.421308 2047873024 master_component.cc:1436] RegularizeModelArgs: rwt_target_name=rwt, pwt_source_name=pwt, nwt_source_name=nwt
I1005 20:08:34.421344 2047873024 master_component.cc:976] MasterComponent: start regularizing model pwt
I1005 20:08:34.444310 29138944 processor.cc:740] No data in processing queue, waiting...
I1005 20:08:34.540832 2047873024 master_component.cc:1002] MasterComponent: complete regularizing model pwt
I1005 20:08:34.540856 2047873024 master_component.cc:1449] NormalizeModelArgs: pwt_target_name=pwt, nwt_source_name=nwt, rwt_source_name=rwt
I1005 20:08:34.540864 2047873024 master_component.cc:1006] MasterComponent: start normalizing model nwt
I1005 20:08:34.637336 2047873024 master_component.cc:1034] MasterComponent: complete normalizing model nwt
I1005 20:08:34.726208 2047873024 master_component.cc:1473] DisposeModel rwt
I1005 20:08:34.746450 2047873024 master_component.cc:1059] FitOffline: ItemsProcessed, num_items=1728, num_batches=2, token_weight=808522, token_weight_in_effect=808522
I1005 20:08:34.746701 2047873024 c_interface.cc:389] Pass FitOfflineMasterModelArgs, batch_filename_size=2, batch_weight_size=2, num_collection_passes=1, reset_nwt=yes to MN4artm4core15MasterComponentEFvRKNS_25FitOfflineMasterModelArgsEE
I1005 20:08:34.746712 2047873024 master_component.cc:1398] ProcessBatchesArgs: nwt_target_name=nwt, batch_filename_size=2, batch_size=0, batch_weight_size=2, pwt_source_name=pwt, num_document_passes=10, regularizer=(name:SmoothSparsePhi, tau:100000), class=(text:1), class=(author:1), reuse_theta=no, opt_for_avx=yes, predict_class_id=, reset_nwt=yes
I1005 20:08:34.765290 29675520 processor.cc:747] Processing queue has data, processing started
I1005 20:08:34.765298 25919488 processor.cc:747] Processing queue has data, processing started
I1005 20:08:34.778437 29675520 processor.cc:820] Processor: start processing batch 9edcad93-fc16-44ef-babc-2bfdcae8eb5f into model nwt
I1005 20:08:34.788724 25919488 processor.cc:820] Processor: start processing batch 7bd3121e-fe96-4fbc-930e-80057f8f7861 into model nwt
I1005 20:08:34.997247 29675520 processor.cc:925] Processor: complete processing batch 9edcad93-fc16-44ef-babc-2bfdcae8eb5f into model nwt
I1005 20:08:35.001454 29675520 cuckoo_watch.h:45] 236ms in ProcessBatch(lectures_batches/aaaaaa.batch) [including 13ms in LoadMessage; 7ms in InitializeSparseNdw; 0ms in InitializeTheta; 0ms in CreateRegularizerAgents; 160ms in InferThetaAndUpdateNwtSparse; 3ms in CalculateScore(sparsity_theta_score); 46ms in CalculateScore(^^^ItemsProcessedScore^^^); ]
I1005 20:08:35.025435 29675520 processor.cc:740] No data in processing queue, waiting...
I1005 20:08:35.298406 25919488 processor.cc:925] Processor: complete processing batch 7bd3121e-fe96-4fbc-930e-80057f8f7861 into model nwt
I1005 20:08:35.305508 25919488 cuckoo_watch.h:45] 540ms in ProcessBatch(lectures_batches/aaaaab.batch) [including 23ms in LoadMessage; 27ms in InitializeSparseNdw; 0ms in InitializeTheta; 0ms in CreateRegularizerAgents; 374ms in InferThetaAndUpdateNwtSparse; 5ms in CalculateScore(sparsity_theta_score); 100ms in CalculateScore(^^^ItemsProcessedScore^^^); ]
I1005 20:08:35.305557 2047873024 master_component.cc:1436] RegularizeModelArgs: rwt_target_name=rwt, pwt_source_name=pwt, nwt_source_name=nwt
I1005 20:08:35.305577 2047873024 master_component.cc:976] MasterComponent: start regularizing model pwt
I1005 20:08:35.329676 25919488 processor.cc:740] No data in processing queue, waiting...
I1005 20:08:35.428500 2047873024 master_component.cc:1002] MasterComponent: complete regularizing model pwt
I1005 20:08:35.428524 2047873024 master_component.cc:1449] NormalizeModelArgs: pwt_target_name=pwt, nwt_source_name=nwt, rwt_source_name=rwt
I1005 20:08:35.429322 2047873024 master_component.cc:1006] MasterComponent: start normalizing model nwt
I1005 20:08:35.518375 2047873024 master_component.cc:1034] MasterComponent: complete normalizing model nwt
I1005 20:08:35.606312 2047873024 master_component.cc:1473] DisposeModel rwt
I1005 20:08:35.624133 2047873024 master_component.cc:1059] FitOffline: ItemsProcessed, num_items=1728, num_batches=2, token_weight=808522, token_weight_in_effect=808522
I1005 20:08:35.624380 2047873024 c_interface.cc:389] Pass FitOfflineMasterModelArgs, batch_filename_size=2, batch_weight_size=2, num_collection_passes=1, reset_nwt=yes to MN4artm4core15MasterComponentEFvRKNS_25FitOfflineMasterModelArgsEE
I1005 20:08:35.624393 2047873024 master_component.cc:1398] ProcessBatchesArgs: nwt_target_name=nwt, batch_filename_size=2, batch_size=0, batch_weight_size=2, pwt_source_name=pwt, num_document_passes=10, regularizer=(name:SmoothSparsePhi, tau:100000), class=(text:1), class=(author:1), reuse_theta=no, opt_for_avx=yes, predict_class_id=, reset_nwt=yes
I1005 20:08:35.642992 28065792 processor.cc:747] Processing queue has data, processing started
I1005 20:08:35.642985 29138944 processor.cc:747] Processing queue has data, processing started
I1005 20:08:35.656405 29138944 processor.cc:820] Processor: start processing batch 9edcad93-fc16-44ef-babc-2bfdcae8eb5f into model nwt
I1005 20:08:35.667049 28065792 processor.cc:820] Processor: start processing batch 7bd3121e-fe96-4fbc-930e-80057f8f7861 into model nwt
I1005 20:08:35.879971 29138944 processor.cc:925] Processor: complete processing batch 9edcad93-fc16-44ef-babc-2bfdcae8eb5f into model nwt
I1005 20:08:35.883486 29138944 cuckoo_watch.h:45] 240ms in ProcessBatch(lectures_batches/aaaaaa.batch) [including 13ms in LoadMessage; 8ms in InitializeSparseNdw; 0ms in InitializeTheta; 0ms in CreateRegularizerAgents; 166ms in InferThetaAndUpdateNwtSparse; 3ms in CalculateScore(sparsity_theta_score); 44ms in CalculateScore(^^^ItemsProcessedScore^^^); ]
I1005 20:08:35.907622 29138944 processor.cc:740] No data in processing queue, waiting...
I1005 20:08:36.150409 28065792 processor.cc:925] Processor: complete processing batch 7bd3121e-fe96-4fbc-930e-80057f8f7861 into model nwt
I1005 20:08:36.156831 28065792 cuckoo_watch.h:45] 513ms in ProcessBatch(lectures_batches/aaaaab.batch) [including 24ms in LoadMessage; 21ms in InitializeSparseNdw; 0ms in InitializeTheta; 0ms in CreateRegularizerAgents; 350ms in InferThetaAndUpdateNwtSparse; 5ms in CalculateScore(sparsity_theta_score); 106ms in CalculateScore(^^^ItemsProcessedScore^^^); ]
I1005 20:08:36.157713 2047873024 master_component.cc:1436] RegularizeModelArgs: rwt_target_name=rwt, pwt_source_name=pwt, nwt_source_name=nwt
I1005 20:08:36.157742 2047873024 master_component.cc:976] MasterComponent: start regularizing model pwt
I1005 20:08:36.180794 28065792 processor.cc:740] No data in processing queue, waiting...
I1005 20:08:36.279763 2047873024 master_component.cc:1002] MasterComponent: complete regularizing model pwt
I1005 20:08:36.279784 2047873024 master_component.cc:1449] NormalizeModelArgs: pwt_target_name=pwt, nwt_source_name=nwt, rwt_source_name=rwt
I1005 20:08:36.279791 2047873024 master_component.cc:1006] MasterComponent: start normalizing model nwt
I1005 20:08:36.371389 2047873024 master_component.cc:1034] MasterComponent: complete normalizing model nwt
I1005 20:08:36.458292 2047873024 master_component.cc:1473] DisposeModel rwt
I1005 20:08:36.477967 2047873024 master_component.cc:1059] FitOffline: ItemsProcessed, num_items=1728, num_batches=2, token_weight=808522, token_weight_in_effect=808522
I1005 20:08:36.478298 2047873024 c_interface.cc:389] Pass FitOfflineMasterModelArgs, batch_filename_size=2, batch_weight_size=2, num_collection_passes=1, reset_nwt=yes to MN4artm4core15MasterComponentEFvRKNS_25FitOfflineMasterModelArgsEE
I1005 20:08:36.478317 2047873024 master_component.cc:1398] ProcessBatchesArgs: nwt_target_name=nwt, batch_filename_size=2, batch_size=0, batch_weight_size=2, pwt_source_name=pwt, num_document_passes=10, regularizer=(name:SmoothSparsePhi, tau:100000), class=(text:1), class=(author:1), reuse_theta=no, opt_for_avx=yes, predict_class_id=, reset_nwt=yes
I1005 20:08:36.498138 27529216 processor.cc:747] Processing queue has data, processing started
I1005 20:08:36.498138 29675520 processor.cc:747] Processing queue has data, processing started
I1005 20:08:36.511421 27529216 processor.cc:820] Processor: start processing batch 9edcad93-fc16-44ef-babc-2bfdcae8eb5f into model nwt
I1005 20:08:36.521644 29675520 processor.cc:820] Processor: start processing batch 7bd3121e-fe96-4fbc-930e-80057f8f7861 into model nwt
I1005 20:08:36.731616 27529216 processor.cc:925] Processor: complete processing batch 9edcad93-fc16-44ef-babc-2bfdcae8eb5f into model nwt
I1005 20:08:36.735471 27529216 cuckoo_watch.h:45] 237ms in ProcessBatch(lectures_batches/aaaaaa.batch) [including 13ms in LoadMessage; 7ms in InitializeSparseNdw; 0ms in InitializeTheta; 0ms in CreateRegularizerAgents; 160ms in InferThetaAndUpdateNwtSparse; 4ms in CalculateScore(sparsity_theta_score); 47ms in CalculateScore(^^^ItemsProcessedScore^^^); ]
I1005 20:08:36.759634 27529216 processor.cc:740] No data in processing queue, waiting...
I1005 20:08:37.011343 29675520 processor.cc:925] Processor: complete processing batch 7bd3121e-fe96-4fbc-930e-80057f8f7861 into model nwt
I1005 20:08:37.017036 29675520 cuckoo_watch.h:45] 518ms in ProcessBatch(lectures_batches/aaaaab.batch) [including 23ms in LoadMessage; 20ms in InitializeSparseNdw; 0ms in InitializeTheta; 0ms in CreateRegularizerAgents; 365ms in InferThetaAndUpdateNwtSparse; 5ms in CalculateScore(sparsity_theta_score); 99ms in CalculateScore(^^^ItemsProcessedScore^^^); ]
I1005 20:08:37.017773 2047873024 master_component.cc:1436] RegularizeModelArgs: rwt_target_name=rwt, pwt_source_name=pwt, nwt_source_name=nwt
I1005 20:08:37.017812 2047873024 master_component.cc:976] MasterComponent: start regularizing model pwt
I1005 20:08:37.041363 29675520 processor.cc:740] No data in processing queue, waiting...
I1005 20:08:37.132138 2047873024 master_component.cc:1002] MasterComponent: complete regularizing model pwt
I1005 20:08:37.132158 2047873024 master_component.cc:1449] NormalizeModelArgs: pwt_target_name=pwt, nwt_source_name=nwt, rwt_source_name=rwt
I1005 20:08:37.132165 2047873024 master_component.cc:1006] MasterComponent: start normalizing model nwt
I1005 20:08:37.224990 2047873024 master_component.cc:1034] MasterComponent: complete normalizing model nwt
I1005 20:08:37.310135 2047873024 master_component.cc:1473] DisposeModel rwt
I1005 20:08:37.329118 2047873024 master_component.cc:1059] FitOffline: ItemsProcessed, num_items=1728, num_batches=2, token_weight=808522, token_weight_in_effect=808522
I1005 20:08:37.329402 2047873024 c_interface.cc:389] Pass FitOfflineMasterModelArgs, batch_filename_size=2, batch_weight_size=2, num_collection_passes=1, reset_nwt=yes to MN4artm4core15MasterComponentEFvRKNS_25FitOfflineMasterModelArgsEE
I1005 20:08:37.329423 2047873024 master_component.cc:1398] ProcessBatchesArgs: nwt_target_name=nwt, batch_filename_size=2, batch_size=0, batch_weight_size=2, pwt_source_name=pwt, num_document_passes=10, regularizer=(name:SmoothSparsePhi, tau:100000), class=(text:1), class=(author:1), reuse_theta=no, opt_for_avx=yes, predict_class_id=, reset_nwt=yes
I1005 20:08:37.347153 26992640 processor.cc:747] Processing queue has data, processing started
I1005 20:08:37.347165 29138944 processor.cc:747] Processing queue has data, processing started
I1005 20:08:37.360626 26992640 processor.cc:820] Processor: start processing batch 9edcad93-fc16-44ef-babc-2bfdcae8eb5f into model nwt
I1005 20:08:37.371193 29138944 processor.cc:820] Processor: start processing batch 7bd3121e-fe96-4fbc-930e-80057f8f7861 into model nwt
I1005 20:08:37.589323 26992640 processor.cc:925] Processor: complete processing batch 9edcad93-fc16-44ef-babc-2bfdcae8eb5f into model nwt
I1005 20:08:37.593407 26992640 cuckoo_watch.h:45] 246ms in ProcessBatch(lectures_batches/aaaaaa.batch) [including 13ms in LoadMessage; 8ms in InitializeSparseNdw; 0ms in InitializeTheta; 0ms in CreateRegularizerAgents; 169ms in InferThetaAndUpdateNwtSparse; 4ms in CalculateScore(sparsity_theta_score); 46ms in CalculateScore(^^^ItemsProcessedScore^^^); ]
I1005 20:08:37.616794 26992640 processor.cc:740] No data in processing queue, waiting...
I1005 20:08:37.871911 29138944 processor.cc:925] Processor: complete processing batch 7bd3121e-fe96-4fbc-930e-80057f8f7861 into model nwt
I1005 20:08:37.878281 29138944 cuckoo_watch.h:45] 531ms in ProcessBatch(lectures_batches/aaaaab.batch) [including 23ms in LoadMessage; 20ms in InitializeSparseNdw; 0ms in InitializeTheta; 0ms in CreateRegularizerAgents; 364ms in InferThetaAndUpdateNwtSparse; 5ms in CalculateScore(sparsity_theta_score); 109ms in CalculateScore(^^^ItemsProcessedScore^^^); ]
I1005 20:08:37.878490 2047873024 master_component.cc:1436] RegularizeModelArgs: rwt_target_name=rwt, pwt_source_name=pwt, nwt_source_name=nwt
I1005 20:08:37.878509 2047873024 master_component.cc:976] MasterComponent: start regularizing model pwt
I1005 20:08:37.901521 29138944 processor.cc:740] No data in processing queue, waiting...
I1005 20:08:38.000425 2047873024 master_component.cc:1002] MasterComponent: complete regularizing model pwt
I1005 20:08:38.000463 2047873024 master_component.cc:1449] NormalizeModelArgs: pwt_target_name=pwt, nwt_source_name=nwt, rwt_source_name=rwt
I1005 20:08:38.000470 2047873024 master_component.cc:1006] MasterComponent: start normalizing model nwt
I1005 20:08:38.093513 2047873024 master_component.cc:1034] MasterComponent: complete normalizing model nwt
I1005 20:08:38.180413 2047873024 master_component.cc:1473] DisposeModel rwt
I1005 20:08:38.203533 2047873024 master_component.cc:1059] FitOffline: ItemsProcessed, num_items=1728, num_batches=2, token_weight=808522, token_weight_in_effect=808522
I1005 20:08:38.203794 2047873024 c_interface.cc:389] Pass FitOfflineMasterModelArgs, batch_filename_size=2, batch_weight_size=2, num_collection_passes=1, reset_nwt=yes to MN4artm4core15MasterComponentEFvRKNS_25FitOfflineMasterModelArgsEE
I1005 20:08:38.203807 2047873024 master_component.cc:1398] ProcessBatchesArgs: nwt_target_name=nwt, batch_filename_size=2, batch_size=0, batch_weight_size=2, pwt_source_name=pwt, num_document_passes=10, regularizer=(name:SmoothSparsePhi, tau:100000), class=(text:1), class=(author:1), reuse_theta=no, opt_for_avx=yes, predict_class_id=, reset_nwt=yes
I1005 20:08:38.224431 26456064 processor.cc:747] Processing queue has data, processing started
I1005 20:08:38.224422 27529216 processor.cc:747] Processing queue has data, processing started
I1005 20:08:38.239372 27529216 processor.cc:820] Processor: start processing batch 9edcad93-fc16-44ef-babc-2bfdcae8eb5f into model nwt
I1005 20:08:38.249523 26456064 processor.cc:820] Processor: start processing batch 7bd3121e-fe96-4fbc-930e-80057f8f7861 into model nwt
I1005 20:08:38.457561 27529216 processor.cc:925] Processor: complete processing batch 9edcad93-fc16-44ef-babc-2bfdcae8eb5f into model nwt
I1005 20:08:38.461935 27529216 cuckoo_watch.h:45] 237ms in ProcessBatch(lectures_batches/aaaaaa.batch) [including 14ms in LoadMessage; 7ms in InitializeSparseNdw; 0ms in InitializeTheta; 0ms in CreateRegularizerAgents; 161ms in InferThetaAndUpdateNwtSparse; 3ms in CalculateScore(sparsity_theta_score); 45ms in CalculateScore(^^^ItemsProcessedScore^^^); ]
I1005 20:08:38.486135 27529216 processor.cc:740] No data in processing queue, waiting...
I1005 20:08:38.730646 26456064 processor.cc:925] Processor: complete processing batch 7bd3121e-fe96-4fbc-930e-80057f8f7861 into model nwt
I1005 20:08:38.736593 26456064 cuckoo_watch.h:45] 512ms in ProcessBatch(lectures_batches/aaaaab.batch) [including 25ms in LoadMessage; 20ms in InitializeSparseNdw; 0ms in InitializeTheta; 0ms in CreateRegularizerAgents; 344ms in InferThetaAndUpdateNwtSparse; 6ms in CalculateScore(sparsity_theta_score); 109ms in CalculateScore(^^^ItemsProcessedScore^^^); ]
I1005 20:08:38.736717 2047873024 master_component.cc:1436] RegularizeModelArgs: rwt_target_name=rwt, pwt_source_name=pwt, nwt_source_name=nwt
I1005 20:08:38.736783 2047873024 master_component.cc:976] MasterComponent: start regularizing model pwt
I1005 20:08:38.760493 26456064 processor.cc:740] No data in processing queue, waiting...
I1005 20:08:38.849498 2047873024 master_component.cc:1002] MasterComponent: complete regularizing model pwt
I1005 20:08:38.849519 2047873024 master_component.cc:1449] NormalizeModelArgs: pwt_target_name=pwt, nwt_source_name=nwt, rwt_source_name=rwt
I1005 20:08:38.849524 2047873024 master_component.cc:1006] MasterComponent: start normalizing model nwt
I1005 20:08:38.935139 2047873024 master_component.cc:1034] MasterComponent: complete normalizing model nwt
I1005 20:08:39.011844 2047873024 master_component.cc:1473] DisposeModel rwt
I1005 20:08:39.031708 2047873024 master_component.cc:1059] FitOffline: ItemsProcessed, num_items=1728, num_batches=2, token_weight=808522, token_weight_in_effect=808522
I1005 20:08:39.031982 2047873024 c_interface.cc:389] Pass FitOfflineMasterModelArgs, batch_filename_size=2, batch_weight_size=2, num_collection_passes=1, reset_nwt=yes to MN4artm4core15MasterComponentEFvRKNS_25FitOfflineMasterModelArgsEE
I1005 20:08:39.031994 2047873024 master_component.cc:1398] ProcessBatchesArgs: nwt_target_name=nwt, batch_filename_size=2, batch_size=0, batch_weight_size=2, pwt_source_name=pwt, num_document_passes=10, regularizer=(name:SmoothSparsePhi, tau:100000), class=(text:1), class=(author:1), reuse_theta=no, opt_for_avx=yes, predict_class_id=, reset_nwt=yes
I1005 20:08:39.048992 27529216 processor.cc:747] Processing queue has data, processing started
I1005 20:08:39.048985 28065792 processor.cc:747] Processing queue has data, processing started
I1005 20:08:39.062371 28065792 processor.cc:820] Processor: start processing batch 9edcad93-fc16-44ef-babc-2bfdcae8eb5f into model nwt
I1005 20:08:39.072383 27529216 processor.cc:820] Processor: start processing batch 7bd3121e-fe96-4fbc-930e-80057f8f7861 into model nwt
I1005 20:08:39.286239 28065792 processor.cc:925] Processor: complete processing batch 9edcad93-fc16-44ef-babc-2bfdcae8eb5f into model nwt
I1005 20:08:39.289772 28065792 cuckoo_watch.h:45] 240ms in ProcessBatch(lectures_batches/aaaaaa.batch) [including 13ms in LoadMessage; 7ms in InitializeSparseNdw; 0ms in InitializeTheta; 0ms in CreateRegularizerAgents; 165ms in InferThetaAndUpdateNwtSparse; 4ms in CalculateScore(sparsity_theta_score); 46ms in CalculateScore(^^^ItemsProcessedScore^^^); ]
I1005 20:08:39.314005 28065792 processor.cc:740] No data in processing queue, waiting...
I1005 20:08:39.565834 27529216 processor.cc:925] Processor: complete processing batch 7bd3121e-fe96-4fbc-930e-80057f8f7861 into model nwt
I1005 20:08:39.571403 27529216 cuckoo_watch.h:45] 522ms in ProcessBatch(lectures_batches/aaaaab.batch) [including 23ms in LoadMessage; 19ms in InitializeSparseNdw; 0ms in InitializeTheta; 0ms in CreateRegularizerAgents; 358ms in InferThetaAndUpdateNwtSparse; 5ms in CalculateScore(sparsity_theta_score); 109ms in CalculateScore(^^^ItemsProcessedScore^^^); ]
I1005 20:08:39.571552 2047873024 master_component.cc:1436] RegularizeModelArgs: rwt_target_name=rwt, pwt_source_name=pwt, nwt_source_name=nwt
I1005 20:08:39.571581 2047873024 master_component.cc:976] MasterComponent: start regularizing model pwt
I1005 20:08:39.595481 27529216 processor.cc:740] No data in processing queue, waiting...
I1005 20:08:39.694627 2047873024 master_component.cc:1002] MasterComponent: complete regularizing model pwt
I1005 20:08:39.694648 2047873024 master_component.cc:1449] NormalizeModelArgs: pwt_target_name=pwt, nwt_source_name=nwt, rwt_source_name=rwt
I1005 20:08:39.694655 2047873024 master_component.cc:1006] MasterComponent: start normalizing model nwt
I1005 20:08:39.780522 2047873024 master_component.cc:1034] MasterComponent: complete normalizing model nwt
I1005 20:08:39.866397 2047873024 master_component.cc:1473] DisposeModel rwt
I1005 20:08:39.883594 2047873024 master_component.cc:1059] FitOffline: ItemsProcessed, num_items=1728, num_batches=2, token_weight=808522, token_weight_in_effect=808522
I1005 20:08:39.883962 2047873024 c_interface.cc:389] Pass FitOfflineMasterModelArgs, batch_filename_size=2, batch_weight_size=2, num_collection_passes=1, reset_nwt=yes to MN4artm4core15MasterComponentEFvRKNS_25FitOfflineMasterModelArgsEE
I1005 20:08:39.883980 2047873024 master_component.cc:1398] ProcessBatchesArgs: nwt_target_name=nwt, batch_filename_size=2, batch_size=0, batch_weight_size=2, pwt_source_name=pwt, num_document_passes=10, regularizer=(name:SmoothSparsePhi, tau:100000), class=(text:1), class=(author:1), reuse_theta=no, opt_for_avx=yes, predict_class_id=, reset_nwt=yes
I1005 20:08:39.905045 29138944 processor.cc:747] Processing queue has data, processing started
I1005 20:08:39.905148 29675520 processor.cc:747] Processing queue has data, processing started
I1005 20:08:39.919610 29138944 processor.cc:820] Processor: start processing batch 9edcad93-fc16-44ef-babc-2bfdcae8eb5f into model nwt
I1005 20:08:39.930519 29675520 processor.cc:820] Processor: start processing batch 7bd3121e-fe96-4fbc-930e-80057f8f7861 into model nwt
I1005 20:08:40.146643 29138944 processor.cc:925] Processor: complete processing batch 9edcad93-fc16-44ef-babc-2bfdcae8eb5f into model nwt
I1005 20:08:40.150215 29138944 cuckoo_watch.h:45] 245ms in ProcessBatch(lectures_batches/aaaaaa.batch) [including 14ms in LoadMessage; 8ms in InitializeSparseNdw; 0ms in InitializeTheta; 0ms in CreateRegularizerAgents; 166ms in InferThetaAndUpdateNwtSparse; 4ms in CalculateScore(sparsity_theta_score); 47ms in CalculateScore(^^^ItemsProcessedScore^^^); ]
I1005 20:08:40.174221 29138944 processor.cc:740] No data in processing queue, waiting...
I1005 20:08:40.423665 29675520 processor.cc:925] Processor: complete processing batch 7bd3121e-fe96-4fbc-930e-80057f8f7861 into model nwt
I1005 20:08:40.429337 29675520 cuckoo_watch.h:45] 524ms in ProcessBatch(lectures_batches/aaaaab.batch) [including 25ms in LoadMessage; 22ms in InitializeSparseNdw; 0ms in InitializeTheta; 0ms in CreateRegularizerAgents; 365ms in InferThetaAndUpdateNwtSparse; 5ms in CalculateScore(sparsity_theta_score); 100ms in CalculateScore(^^^ItemsProcessedScore^^^); ]
I1005 20:08:40.429978 2047873024 master_component.cc:1436] RegularizeModelArgs: rwt_target_name=rwt, pwt_source_name=pwt, nwt_source_name=nwt
I1005 20:08:40.430009 2047873024 master_component.cc:976] MasterComponent: start regularizing model pwt
I1005 20:08:40.453636 29675520 processor.cc:740] No data in processing queue, waiting...
I1005 20:08:40.550817 2047873024 master_component.cc:1002] MasterComponent: complete regularizing model pwt
I1005 20:08:40.550837 2047873024 master_component.cc:1449] NormalizeModelArgs: pwt_target_name=pwt, nwt_source_name=nwt, rwt_source_name=rwt
I1005 20:08:40.550843 2047873024 master_component.cc:1006] MasterComponent: start normalizing model nwt
I1005 20:08:40.643281 2047873024 master_component.cc:1034] MasterComponent: complete normalizing model nwt
I1005 20:08:40.727393 2047873024 master_component.cc:1473] DisposeModel rwt
I1005 20:08:40.749317 2047873024 master_component.cc:1059] FitOffline: ItemsProcessed, num_items=1728, num_batches=2, token_weight=808522, token_weight_in_effect=808522
I1005 20:08:40.749590 2047873024 c_interface.cc:389] Pass FitOfflineMasterModelArgs, batch_filename_size=2, batch_weight_size=2, num_collection_passes=1, reset_nwt=yes to MN4artm4core15MasterComponentEFvRKNS_25FitOfflineMasterModelArgsEE
I1005 20:08:40.749605 2047873024 master_component.cc:1398] ProcessBatchesArgs: nwt_target_name=nwt, batch_filename_size=2, batch_size=0, batch_weight_size=2, pwt_source_name=pwt, num_document_passes=10, regularizer=(name:SmoothSparsePhi, tau:100000), class=(text:1), class=(author:1), reuse_theta=no, opt_for_avx=yes, predict_class_id=, reset_nwt=yes
I1005 20:08:40.769004 26992640 processor.cc:747] Processing queue has data, processing started
I1005 20:08:40.769019 27529216 processor.cc:747] Processing queue has data, processing started
I1005 20:08:40.782797 26992640 processor.cc:820] Processor: start processing batch 9edcad93-fc16-44ef-babc-2bfdcae8eb5f into model nwt
I1005 20:08:40.793881 27529216 processor.cc:820] Processor: start processing batch 7bd3121e-fe96-4fbc-930e-80057f8f7861 into model nwt
I1005 20:08:41.002313 26992640 processor.cc:925] Processor: complete processing batch 9edcad93-fc16-44ef-babc-2bfdcae8eb5f into model nwt
I1005 20:08:41.005823 26992640 cuckoo_watch.h:45] 236ms in ProcessBatch(lectures_batches/aaaaaa.batch) [including 13ms in LoadMessage; 7ms in InitializeSparseNdw; 0ms in InitializeTheta; 0ms in CreateRegularizerAgents; 164ms in InferThetaAndUpdateNwtSparse; 3ms in CalculateScore(sparsity_theta_score); 42ms in CalculateScore(^^^ItemsProcessedScore^^^); ]
I1005 20:08:41.029404 26992640 processor.cc:740] No data in processing queue, waiting...
I1005 20:08:41.274070 27529216 processor.cc:925] Processor: complete processing batch 7bd3121e-fe96-4fbc-930e-80057f8f7861 into model nwt
I1005 20:08:41.280174 27529216 cuckoo_watch.h:45] 511ms in ProcessBatch(lectures_batches/aaaaab.batch) [including 24ms in LoadMessage; 21ms in InitializeSparseNdw; 0ms in InitializeTheta; 0ms in CreateRegularizerAgents; 357ms in InferThetaAndUpdateNwtSparse; 6ms in CalculateScore(sparsity_theta_score); 95ms in CalculateScore(^^^ItemsProcessedScore^^^); ]
I1005 20:08:41.280269 2047873024 master_component.cc:1436] RegularizeModelArgs: rwt_target_name=rwt, pwt_source_name=pwt, nwt_source_name=nwt
