I1005 20:02:21.333292 2047873024 master_component.cc:976] MasterComponent: start regularizing model pwt
I1005 20:02:21.355932 26992640 processor.cc:740] No data in processing queue, waiting...
I1005 20:02:21.437428 2047873024 master_component.cc:1002] MasterComponent: complete regularizing model pwt
I1005 20:02:21.437448 2047873024 master_component.cc:1449] NormalizeModelArgs: pwt_target_name=pwt, nwt_source_name=nwt, rwt_source_name=rwt
I1005 20:02:21.437455 2047873024 master_component.cc:1006] MasterComponent: start normalizing model nwt
I1005 20:02:21.515591 2047873024 master_component.cc:1034] MasterComponent: complete normalizing model nwt
I1005 20:02:21.577762 2047873024 master_component.cc:1473] DisposeModel rwt
I1005 20:02:21.595139 2047873024 master_component.cc:1059] FitOffline: ItemsProcessed, num_items=1728, num_batches=2, token_weight=808522, token_weight_in_effect=808522
I1005 20:02:21.595376 2047873024 c_interface.cc:389] Pass FitOfflineMasterModelArgs, batch_filename_size=2, batch_weight_size=2, num_collection_passes=1, reset_nwt=yes to MN4artm4core15MasterComponentEFvRKNS_25FitOfflineMasterModelArgsEE
I1005 20:02:21.595388 2047873024 master_component.cc:1398] ProcessBatchesArgs: nwt_target_name=nwt, batch_filename_size=2, batch_size=0, batch_weight_size=2, pwt_source_name=pwt, num_document_passes=10, regularizer=(name:SmoothSparsePhi, tau:100000), class=(text:1), class=(author:1), reuse_theta=no, opt_for_avx=yes, predict_class_id=, reset_nwt=yes
I1005 20:02:21.613483 28065792 processor.cc:747] Processing queue has data, processing started
I1005 20:02:21.613648 26992640 processor.cc:747] Processing queue has data, processing started
I1005 20:02:21.628336 28065792 processor.cc:820] Processor: start processing batch dabd14b5-1e8a-4d65-94d2-c310c02be74e into model nwt
I1005 20:02:21.639678 26992640 processor.cc:820] Processor: start processing batch 472db180-368e-4dbe-ac96-275aa7464620 into model nwt
I1005 20:02:21.855746 28065792 processor.cc:925] Processor: complete processing batch dabd14b5-1e8a-4d65-94d2-c310c02be74e into model nwt
I1005 20:02:21.859617 28065792 cuckoo_watch.h:45] 246ms in ProcessBatch(lectures_batches/aaaaaa.batch) [including 14ms in LoadMessage; 8ms in InitializeSparseNdw; 0ms in InitializeTheta; 0ms in CreateRegularizerAgents; 168ms in InferThetaAndUpdateNwtSparse; 3ms in CalculateScore(sparsity_theta_score); 46ms in CalculateScore(^^^ItemsProcessedScore^^^); ]
I1005 20:02:21.881963 28065792 processor.cc:740] No data in processing queue, waiting...
I1005 20:02:22.150322 26992640 processor.cc:925] Processor: complete processing batch 472db180-368e-4dbe-ac96-275aa7464620 into model nwt
I1005 20:02:22.156630 26992640 cuckoo_watch.h:45] 542ms in ProcessBatch(lectures_batches/aaaaab.batch) [including 25ms in LoadMessage; 22ms in InitializeSparseNdw; 0ms in InitializeTheta; 0ms in CreateRegularizerAgents; 368ms in InferThetaAndUpdateNwtSparse; 5ms in CalculateScore(sparsity_theta_score); 113ms in CalculateScore(^^^ItemsProcessedScore^^^); ]
I1005 20:02:22.157655 2047873024 master_component.cc:1436] RegularizeModelArgs: rwt_target_name=rwt, pwt_source_name=pwt, nwt_source_name=nwt
I1005 20:02:22.157686 2047873024 master_component.cc:976] MasterComponent: start regularizing model pwt
I1005 20:02:22.180697 26992640 processor.cc:740] No data in processing queue, waiting...
I1005 20:02:22.264151 2047873024 master_component.cc:1002] MasterComponent: complete regularizing model pwt
I1005 20:02:22.264175 2047873024 master_component.cc:1449] NormalizeModelArgs: pwt_target_name=pwt, nwt_source_name=nwt, rwt_source_name=rwt
I1005 20:02:22.264183 2047873024 master_component.cc:1006] MasterComponent: start normalizing model nwt
I1005 20:02:22.342990 2047873024 master_component.cc:1034] MasterComponent: complete normalizing model nwt
I1005 20:02:22.407397 2047873024 master_component.cc:1473] DisposeModel rwt
I1005 20:02:22.427073 2047873024 master_component.cc:1059] FitOffline: ItemsProcessed, num_items=1728, num_batches=2, token_weight=808522, token_weight_in_effect=808522
I1005 20:02:45.505167 2047873024 c_interface.cc:231] ArtmCopyRequestedMessage is copying 1170 bytes...
I1005 20:02:54.570214 2047873024 c_interface.cc:231] ArtmCopyRequestedMessage is copying 1170 bytes...
I1005 20:02:57.881386 2047873024 c_interface.cc:231] ArtmCopyRequestedMessage is copying 1170 bytes...
I1005 20:03:04.608801 2047873024 c_interface.cc:231] ArtmCopyRequestedMessage is copying 1170 bytes...
I1005 20:03:57.615787 2047873024 c_interface.cc:231] ArtmCopyRequestedMessage is copying 338249 bytes...
I1005 20:04:25.559239 2047873024 c_interface.cc:231] ArtmCopyRequestedMessage is copying 338249 bytes...
I1005 20:07:08.393204 2047873024 c_interface.cc:389] Pass MasterModelConfig: topic_name_size=30, class=(text:1), class=(author:1), score_config_size=6, num_processors=0, pwt_name=pwt, nwt_name=nwt, num_document_passes=10, regularizer=(SmoothSparsePhi:100000), reuse_theta=no, cache_theta=no, opt_for_avx=yes, disk_cache_path= to MN4artm4core15MasterComponentEFvRKNS_17MasterModelConfigEE
I1005 20:07:08.393245 2047873024 instance.cc:401] MasterModelConfig.processors_count is automatically set to 8
I1005 20:07:08.393296 2047873024 instance.cc:232] Regularizer 'SmoothSparsePhi' was cold-reconfigured
I1005 20:07:08.393761 2047873024 c_interface.cc:389] Pass MasterModelConfig: topic_name_size=30, class=(text:1), class=(author:1), score_config_size=6, num_processors=0, pwt_name=pwt, nwt_name=nwt, num_document_passes=10, regularizer=(SmoothSparsePhi:100000), reuse_theta=no, cache_theta=no, opt_for_avx=yes, disk_cache_path= to MN4artm4core15MasterComponentEFvRKNS_17MasterModelConfigEE
I1005 20:07:08.393780 2047873024 instance.cc:401] MasterModelConfig.processors_count is automatically set to 8
I1005 20:07:08.393818 2047873024 instance.cc:232] Regularizer 'SmoothSparsePhi' was cold-reconfigured
I1005 20:07:27.431819 2047873024 c_interface.cc:231] ArtmCopyRequestedMessage is copying 1170 bytes...
I1005 20:07:30.687863 2047873024 c_interface.cc:389] Pass FitOfflineMasterModelArgs, batch_filename_size=2, batch_weight_size=2, num_collection_passes=1, reset_nwt=yes to MN4artm4core15MasterComponentEFvRKNS_25FitOfflineMasterModelArgsEE
I1005 20:07:30.687883 2047873024 master_component.cc:1398] ProcessBatchesArgs: nwt_target_name=nwt, batch_filename_size=2, batch_size=0, batch_weight_size=2, pwt_source_name=pwt, num_document_passes=10, regularizer=(name:SmoothSparsePhi, tau:100000), class=(text:1), class=(author:1), reuse_theta=no, opt_for_avx=yes, predict_class_id=, reset_nwt=yes
I1005 20:07:30.705466 28065792 processor.cc:747] Processing queue has data, processing started
I1005 20:07:30.705461 26992640 processor.cc:747] Processing queue has data, processing started
I1005 20:07:30.720275 26992640 processor.cc:820] Processor: start processing batch dabd14b5-1e8a-4d65-94d2-c310c02be74e into model nwt
I1005 20:07:30.731588 28065792 processor.cc:820] Processor: start processing batch 472db180-368e-4dbe-ac96-275aa7464620 into model nwt
I1005 20:07:30.939800 26992640 processor.cc:925] Processor: complete processing batch dabd14b5-1e8a-4d65-94d2-c310c02be74e into model nwt
I1005 20:07:30.943691 26992640 cuckoo_watch.h:45] 238ms in ProcessBatch(lectures_batches/aaaaaa.batch) [including 14ms in LoadMessage; 8ms in InitializeSparseNdw; 0ms in InitializeTheta; 0ms in CreateRegularizerAgents; 161ms in InferThetaAndUpdateNwtSparse; 3ms in CalculateScore(sparsity_theta_score); 46ms in CalculateScore(^^^ItemsProcessedScore^^^); ]
I1005 20:07:30.966282 26992640 processor.cc:740] No data in processing queue, waiting...
I1005 20:07:31.218704 28065792 processor.cc:925] Processor: complete processing batch 472db180-368e-4dbe-ac96-275aa7464620 into model nwt
I1005 20:07:31.225567 28065792 cuckoo_watch.h:45] 520ms in ProcessBatch(lectures_batches/aaaaab.batch) [including 26ms in LoadMessage; 20ms in InitializeSparseNdw; 0ms in InitializeTheta; 0ms in CreateRegularizerAgents; 358ms in InferThetaAndUpdateNwtSparse; 5ms in CalculateScore(sparsity_theta_score); 102ms in CalculateScore(^^^ItemsProcessedScore^^^); ]
I1005 20:07:31.226855 2047873024 master_component.cc:1436] RegularizeModelArgs: rwt_target_name=rwt, pwt_source_name=pwt, nwt_source_name=nwt
I1005 20:07:31.226925 2047873024 master_component.cc:976] MasterComponent: start regularizing model pwt
I1005 20:07:31.250037 28065792 processor.cc:740] No data in processing queue, waiting...
I1005 20:07:31.330140 2047873024 master_component.cc:1002] MasterComponent: complete regularizing model pwt
I1005 20:07:31.330159 2047873024 master_component.cc:1449] NormalizeModelArgs: pwt_target_name=pwt, nwt_source_name=nwt, rwt_source_name=rwt
I1005 20:07:31.330165 2047873024 master_component.cc:1006] MasterComponent: start normalizing model nwt
I1005 20:07:31.411298 2047873024 master_component.cc:1034] MasterComponent: complete normalizing model nwt
I1005 20:07:31.485363 2047873024 master_component.cc:1473] DisposeModel rwt
I1005 20:07:31.502429 2047873024 master_component.cc:1059] FitOffline: ItemsProcessed, num_items=1728, num_batches=2, token_weight=808522, token_weight_in_effect=808522
I1005 20:07:31.502672 2047873024 c_interface.cc:389] Pass FitOfflineMasterModelArgs, batch_filename_size=2, batch_weight_size=2, num_collection_passes=1, reset_nwt=yes to MN4artm4core15MasterComponentEFvRKNS_25FitOfflineMasterModelArgsEE
I1005 20:07:31.502717 2047873024 master_component.cc:1398] ProcessBatchesArgs: nwt_target_name=nwt, batch_filename_size=2, batch_size=0, batch_weight_size=2, pwt_source_name=pwt, num_document_passes=10, regularizer=(name:SmoothSparsePhi, tau:100000), class=(text:1), class=(author:1), reuse_theta=no, opt_for_avx=yes, predict_class_id=, reset_nwt=yes
I1005 20:07:31.521234 25919488 processor.cc:747] Processing queue has data, processing started
I1005 20:07:31.521230 23773184 processor.cc:747] Processing queue has data, processing started
I1005 20:07:31.535128 23773184 processor.cc:820] Processor: start processing batch dabd14b5-1e8a-4d65-94d2-c310c02be74e into model nwt
I1005 20:07:31.545135 25919488 processor.cc:820] Processor: start processing batch 472db180-368e-4dbe-ac96-275aa7464620 into model nwt
I1005 20:07:31.748244 23773184 processor.cc:925] Processor: complete processing batch dabd14b5-1e8a-4d65-94d2-c310c02be74e into model nwt
I1005 20:07:31.751760 23773184 cuckoo_watch.h:45] 230ms in ProcessBatch(lectures_batches/aaaaaa.batch) [including 13ms in LoadMessage; 8ms in InitializeSparseNdw; 0ms in InitializeTheta; 0ms in CreateRegularizerAgents; 157ms in InferThetaAndUpdateNwtSparse; 3ms in CalculateScore(sparsity_theta_score); 43ms in CalculateScore(^^^ItemsProcessedScore^^^); ]
I1005 20:07:31.773766 23773184 processor.cc:740] No data in processing queue, waiting...
I1005 20:07:32.017942 25919488 processor.cc:925] Processor: complete processing batch 472db180-368e-4dbe-ac96-275aa7464620 into model nwt
I1005 20:07:32.024178 25919488 cuckoo_watch.h:45] 502ms in ProcessBatch(lectures_batches/aaaaab.batch) [including 23ms in LoadMessage; 19ms in InitializeSparseNdw; 0ms in InitializeTheta; 0ms in CreateRegularizerAgents; 351ms in InferThetaAndUpdateNwtSparse; 4ms in CalculateScore(sparsity_theta_score); 96ms in CalculateScore(^^^ItemsProcessedScore^^^); ]
I1005 20:07:32.025043 2047873024 master_component.cc:1436] RegularizeModelArgs: rwt_target_name=rwt, pwt_source_name=pwt, nwt_source_name=nwt
I1005 20:07:32.025115 2047873024 master_component.cc:976] MasterComponent: start regularizing model pwt
I1005 20:07:32.048192 25919488 processor.cc:740] No data in processing queue, waiting...
I1005 20:07:32.125497 2047873024 master_component.cc:1002] MasterComponent: complete regularizing model pwt
I1005 20:07:32.125517 2047873024 master_component.cc:1449] NormalizeModelArgs: pwt_target_name=pwt, nwt_source_name=nwt, rwt_source_name=rwt
I1005 20:07:32.125524 2047873024 master_component.cc:1006] MasterComponent: start normalizing model nwt
I1005 20:07:32.202744 2047873024 master_component.cc:1034] MasterComponent: complete normalizing model nwt
I1005 20:07:32.273382 2047873024 master_component.cc:1473] DisposeModel rwt
I1005 20:07:32.289121 2047873024 master_component.cc:1059] FitOffline: ItemsProcessed, num_items=1728, num_batches=2, token_weight=808522, token_weight_in_effect=808522
I1005 20:07:32.289360 2047873024 c_interface.cc:389] Pass FitOfflineMasterModelArgs, batch_filename_size=2, batch_weight_size=2, num_collection_passes=1, reset_nwt=yes to MN4artm4core15MasterComponentEFvRKNS_25FitOfflineMasterModelArgsEE
I1005 20:07:32.289373 2047873024 master_component.cc:1398] ProcessBatchesArgs: nwt_target_name=nwt, batch_filename_size=2, batch_size=0, batch_weight_size=2, pwt_source_name=pwt, num_document_passes=10, regularizer=(name:SmoothSparsePhi, tau:100000), class=(text:1), class=(author:1), reuse_theta=no, opt_for_avx=yes, predict_class_id=, reset_nwt=yes
I1005 20:07:32.309840 27529216 processor.cc:747] Processing queue has data, processing started
I1005 20:07:32.309862 25919488 processor.cc:747] Processing queue has data, processing started
I1005 20:07:32.323655 27529216 processor.cc:820] Processor: start processing batch dabd14b5-1e8a-4d65-94d2-c310c02be74e into model nwt
I1005 20:07:32.333971 25919488 processor.cc:820] Processor: start processing batch 472db180-368e-4dbe-ac96-275aa7464620 into model nwt
I1005 20:07:32.549420 27529216 processor.cc:925] Processor: complete processing batch dabd14b5-1e8a-4d65-94d2-c310c02be74e into model nwt
I1005 20:07:32.553459 27529216 cuckoo_watch.h:45] 243ms in ProcessBatch(lectures_batches/aaaaaa.batch) [including 13ms in LoadMessage; 7ms in InitializeSparseNdw; 0ms in InitializeTheta; 0ms in CreateRegularizerAgents; 163ms in InferThetaAndUpdateNwtSparse; 4ms in CalculateScore(sparsity_theta_score); 50ms in CalculateScore(^^^ItemsProcessedScore^^^); ]
I1005 20:07:32.576735 27529216 processor.cc:740] No data in processing queue, waiting...
I1005 20:07:32.822090 25919488 processor.cc:925] Processor: complete processing batch 472db180-368e-4dbe-ac96-275aa7464620 into model nwt
I1005 20:07:32.828809 25919488 cuckoo_watch.h:45] 518ms in ProcessBatch(lectures_batches/aaaaab.batch) [including 24ms in LoadMessage; 18ms in InitializeSparseNdw; 0ms in InitializeTheta; 0ms in CreateRegularizerAgents; 363ms in InferThetaAndUpdateNwtSparse; 5ms in CalculateScore(sparsity_theta_score); 100ms in CalculateScore(^^^ItemsProcessedScore^^^); ]
I1005 20:07:32.829771 2047873024 master_component.cc:1436] RegularizeModelArgs: rwt_target_name=rwt, pwt_source_name=pwt, nwt_source_name=nwt
I1005 20:07:32.829823 2047873024 master_component.cc:976] MasterComponent: start regularizing model pwt
I1005 20:07:32.852151 25919488 processor.cc:740] No data in processing queue, waiting...
I1005 20:07:32.933768 2047873024 master_component.cc:1002] MasterComponent: complete regularizing model pwt
I1005 20:07:32.933789 2047873024 master_component.cc:1449] NormalizeModelArgs: pwt_target_name=pwt, nwt_source_name=nwt, rwt_source_name=rwt
I1005 20:07:32.933794 2047873024 master_component.cc:1006] MasterComponent: start normalizing model nwt
I1005 20:07:33.010818 2047873024 master_component.cc:1034] MasterComponent: complete normalizing model nwt
I1005 20:07:33.080987 2047873024 master_component.cc:1473] DisposeModel rwt
I1005 20:07:33.097229 2047873024 master_component.cc:1059] FitOffline: ItemsProcessed, num_items=1728, num_batches=2, token_weight=808522, token_weight_in_effect=808522
I1005 20:07:33.097476 2047873024 c_interface.cc:389] Pass FitOfflineMasterModelArgs, batch_filename_size=2, batch_weight_size=2, num_collection_passes=1, reset_nwt=yes to MN4artm4core15MasterComponentEFvRKNS_25FitOfflineMasterModelArgsEE
I1005 20:07:33.097491 2047873024 master_component.cc:1398] ProcessBatchesArgs: nwt_target_name=nwt, batch_filename_size=2, batch_size=0, batch_weight_size=2, pwt_source_name=pwt, num_document_passes=10, regularizer=(name:SmoothSparsePhi, tau:100000), class=(text:1), class=(author:1), reuse_theta=no, opt_for_avx=yes, predict_class_id=, reset_nwt=yes
I1005 20:07:33.115600 26992640 processor.cc:747] Processing queue has data, processing started
I1005 20:07:33.115595 24309760 processor.cc:747] Processing queue has data, processing started
I1005 20:07:33.129421 24309760 processor.cc:820] Processor: start processing batch dabd14b5-1e8a-4d65-94d2-c310c02be74e into model nwt
I1005 20:07:33.139864 26992640 processor.cc:820] Processor: start processing batch 472db180-368e-4dbe-ac96-275aa7464620 into model nwt
I1005 20:07:33.353755 24309760 processor.cc:925] Processor: complete processing batch dabd14b5-1e8a-4d65-94d2-c310c02be74e into model nwt
I1005 20:07:33.357632 24309760 cuckoo_watch.h:45] 241ms in ProcessBatch(lectures_batches/aaaaaa.batch) [including 13ms in LoadMessage; 7ms in InitializeSparseNdw; 0ms in InitializeTheta; 0ms in CreateRegularizerAgents; 165ms in InferThetaAndUpdateNwtSparse; 3ms in CalculateScore(sparsity_theta_score); 46ms in CalculateScore(^^^ItemsProcessedScore^^^); ]
I1005 20:07:33.379951 24309760 processor.cc:740] No data in processing queue, waiting...
I1005 20:07:33.632311 26992640 processor.cc:925] Processor: complete processing batch 472db180-368e-4dbe-ac96-275aa7464620 into model nwt
I1005 20:07:33.638304 26992640 cuckoo_watch.h:45] 522ms in ProcessBatch(lectures_batches/aaaaab.batch) [including 24ms in LoadMessage; 20ms in InitializeSparseNdw; 0ms in InitializeTheta; 0ms in CreateRegularizerAgents; 364ms in InferThetaAndUpdateNwtSparse; 5ms in CalculateScore(sparsity_theta_score); 101ms in CalculateScore(^^^ItemsProcessedScore^^^); ]
I1005 20:07:33.639389 2047873024 master_component.cc:1436] RegularizeModelArgs: rwt_target_name=rwt, pwt_source_name=pwt, nwt_source_name=nwt
I1005 20:07:33.639425 2047873024 master_component.cc:976] MasterComponent: start regularizing model pwt
I1005 20:07:33.662267 26992640 processor.cc:740] No data in processing queue, waiting...
I1005 20:07:33.743968 2047873024 master_component.cc:1002] MasterComponent: complete regularizing model pwt
I1005 20:07:33.743988 2047873024 master_component.cc:1449] NormalizeModelArgs: pwt_target_name=pwt, nwt_source_name=nwt, rwt_source_name=rwt
I1005 20:07:33.743994 2047873024 master_component.cc:1006] MasterComponent: start normalizing model nwt
I1005 20:07:33.821405 2047873024 master_component.cc:1034] MasterComponent: complete normalizing model nwt
I1005 20:07:33.893981 2047873024 master_component.cc:1473] DisposeModel rwt
I1005 20:07:33.910425 2047873024 master_component.cc:1059] FitOffline: ItemsProcessed, num_items=1728, num_batches=2, token_weight=808522, token_weight_in_effect=808522
I1005 20:07:33.910698 2047873024 c_interface.cc:389] Pass FitOfflineMasterModelArgs, batch_filename_size=2, batch_weight_size=2, num_collection_passes=1, reset_nwt=yes to MN4artm4core15MasterComponentEFvRKNS_25FitOfflineMasterModelArgsEE
I1005 20:07:33.910713 2047873024 master_component.cc:1398] ProcessBatchesArgs: nwt_target_name=nwt, batch_filename_size=2, batch_size=0, batch_weight_size=2, pwt_source_name=pwt, num_document_passes=10, regularizer=(name:SmoothSparsePhi, tau:100000), class=(text:1), class=(author:1), reuse_theta=no, opt_for_avx=yes, predict_class_id=, reset_nwt=yes
I1005 20:07:33.927189 23773184 processor.cc:747] Processing queue has data, processing started
I1005 20:07:33.927197 27529216 processor.cc:747] Processing queue has data, processing started
I1005 20:07:33.940408 23773184 processor.cc:820] Processor: start processing batch dabd14b5-1e8a-4d65-94d2-c310c02be74e into model nwt
I1005 20:07:33.950361 27529216 processor.cc:820] Processor: start processing batch 472db180-368e-4dbe-ac96-275aa7464620 into model nwt
I1005 20:07:34.169718 23773184 processor.cc:925] Processor: complete processing batch dabd14b5-1e8a-4d65-94d2-c310c02be74e into model nwt
I1005 20:07:34.173605 23773184 cuckoo_watch.h:45] 246ms in ProcessBatch(lectures_batches/aaaaaa.batch) [including 13ms in LoadMessage; 8ms in InitializeSparseNdw; 0ms in InitializeTheta; 0ms in CreateRegularizerAgents; 168ms in InferThetaAndUpdateNwtSparse; 4ms in CalculateScore(sparsity_theta_score); 48ms in CalculateScore(^^^ItemsProcessedScore^^^); ]
I1005 20:07:34.196542 23773184 processor.cc:740] No data in processing queue, waiting...
I1005 20:07:34.458042 27529216 processor.cc:925] Processor: complete processing batch 472db180-368e-4dbe-ac96-275aa7464620 into model nwt
I1005 20:07:34.463611 27529216 cuckoo_watch.h:45] 536ms in ProcessBatch(lectures_batches/aaaaab.batch) [including 23ms in LoadMessage; 21ms in InitializeSparseNdw; 0ms in InitializeTheta; 0ms in CreateRegularizerAgents; 374ms in InferThetaAndUpdateNwtSparse; 6ms in CalculateScore(sparsity_theta_score); 105ms in CalculateScore(^^^ItemsProcessedScore^^^); ]
I1005 20:07:34.463676 2047873024 master_component.cc:1436] RegularizeModelArgs: rwt_target_name=rwt, pwt_source_name=pwt, nwt_source_name=nwt
I1005 20:07:34.463690 2047873024 master_component.cc:976] MasterComponent: start regularizing model pwt
I1005 20:07:34.487431 27529216 processor.cc:740] No data in processing queue, waiting...
I1005 20:07:34.564783 2047873024 master_component.cc:1002] MasterComponent: complete regularizing model pwt
I1005 20:07:34.564805 2047873024 master_component.cc:1449] NormalizeModelArgs: pwt_target_name=pwt, nwt_source_name=nwt, rwt_source_name=rwt
I1005 20:07:34.564810 2047873024 master_component.cc:1006] MasterComponent: start normalizing model nwt
I1005 20:07:34.645776 2047873024 master_component.cc:1034] MasterComponent: complete normalizing model nwt
I1005 20:07:34.733871 2047873024 master_component.cc:1473] DisposeModel rwt
I1005 20:07:34.752691 2047873024 master_component.cc:1059] FitOffline: ItemsProcessed, num_items=1728, num_batches=2, token_weight=808522, token_weight_in_effect=808522
I1005 20:07:34.752943 2047873024 c_interface.cc:389] Pass FitOfflineMasterModelArgs, batch_filename_size=2, batch_weight_size=2, num_collection_passes=1, reset_nwt=yes to MN4artm4core15MasterComponentEFvRKNS_25FitOfflineMasterModelArgsEE
I1005 20:07:34.752957 2047873024 master_component.cc:1398] ProcessBatchesArgs: nwt_target_name=nwt, batch_filename_size=2, batch_size=0, batch_weight_size=2, pwt_source_name=pwt, num_document_passes=10, regularizer=(name:SmoothSparsePhi, tau:100000), class=(text:1), class=(author:1), reuse_theta=no, opt_for_avx=yes, predict_class_id=, reset_nwt=yes
I1005 20:07:34.772016 28065792 processor.cc:747] Processing queue has data, processing started
I1005 20:07:34.771987 24309760 processor.cc:747] Processing queue has data, processing started
I1005 20:07:34.785166 24309760 processor.cc:820] Processor: start processing batch dabd14b5-1e8a-4d65-94d2-c310c02be74e into model nwt
I1005 20:07:34.795012 28065792 processor.cc:820] Processor: start processing batch 472db180-368e-4dbe-ac96-275aa7464620 into model nwt
I1005 20:07:35.013345 24309760 processor.cc:925] Processor: complete processing batch dabd14b5-1e8a-4d65-94d2-c310c02be74e into model nwt
I1005 20:07:35.016770 24309760 cuckoo_watch.h:45] 244ms in ProcessBatch(lectures_batches/aaaaaa.batch) [including 13ms in LoadMessage; 7ms in InitializeSparseNdw; 0ms in InitializeTheta; 0ms in CreateRegularizerAgents; 172ms in InferThetaAndUpdateNwtSparse; 3ms in CalculateScore(sparsity_theta_score); 44ms in CalculateScore(^^^ItemsProcessedScore^^^); ]
I1005 20:07:35.038650 24309760 processor.cc:740] No data in processing queue, waiting...
I1005 20:07:35.290207 28065792 processor.cc:925] Processor: complete processing batch 472db180-368e-4dbe-ac96-275aa7464620 into model nwt
I1005 20:07:35.296429 28065792 cuckoo_watch.h:45] 524ms in ProcessBatch(lectures_batches/aaaaab.batch) [including 22ms in LoadMessage; 18ms in InitializeSparseNdw; 0ms in InitializeTheta; 0ms in CreateRegularizerAgents; 372ms in InferThetaAndUpdateNwtSparse; 5ms in CalculateScore(sparsity_theta_score); 98ms in CalculateScore(^^^ItemsProcessedScore^^^); ]
I1005 20:07:35.296998 2047873024 master_component.cc:1436] RegularizeModelArgs: rwt_target_name=rwt, pwt_source_name=pwt, nwt_source_name=nwt
I1005 20:07:35.297045 2047873024 master_component.cc:976] MasterComponent: start regularizing model pwt
I1005 20:07:35.320703 28065792 processor.cc:740] No data in processing queue, waiting...
I1005 20:07:35.409981 2047873024 master_component.cc:1002] MasterComponent: complete regularizing model pwt
I1005 20:07:35.410001 2047873024 master_component.cc:1449] NormalizeModelArgs: pwt_target_name=pwt, nwt_source_name=nwt, rwt_source_name=rwt
I1005 20:07:35.410007 2047873024 master_component.cc:1006] MasterComponent: start normalizing model nwt
I1005 20:07:35.502288 2047873024 master_component.cc:1034] MasterComponent: complete normalizing model nwt
I1005 20:07:35.578477 2047873024 master_component.cc:1473] DisposeModel rwt
I1005 20:07:35.596267 2047873024 master_component.cc:1059] FitOffline: ItemsProcessed, num_items=1728, num_batches=2, token_weight=808522, token_weight_in_effect=808522
I1005 20:07:35.596506 2047873024 c_interface.cc:389] Pass FitOfflineMasterModelArgs, batch_filename_size=2, batch_weight_size=2, num_collection_passes=1, reset_nwt=yes to MN4artm4core15MasterComponentEFvRKNS_25FitOfflineMasterModelArgsEE
I1005 20:07:35.596518 2047873024 master_component.cc:1398] ProcessBatchesArgs: nwt_target_name=nwt, batch_filename_size=2, batch_size=0, batch_weight_size=2, pwt_source_name=pwt, num_document_passes=10, regularizer=(name:SmoothSparsePhi, tau:100000), class=(text:1), class=(author:1), reuse_theta=no, opt_for_avx=yes, predict_class_id=, reset_nwt=yes
I1005 20:07:35.613082 27529216 processor.cc:747] Processing queue has data, processing started
I1005 20:07:35.613092 24309760 processor.cc:747] Processing queue has data, processing started
I1005 20:07:35.627503 27529216 processor.cc:820] Processor: start processing batch dabd14b5-1e8a-4d65-94d2-c310c02be74e into model nwt
I1005 20:07:35.637560 24309760 processor.cc:820] Processor: start processing batch 472db180-368e-4dbe-ac96-275aa7464620 into model nwt
I1005 20:07:35.847421 27529216 processor.cc:925] Processor: complete processing batch dabd14b5-1e8a-4d65-94d2-c310c02be74e into model nwt
I1005 20:07:35.851076 27529216 cuckoo_watch.h:45] 237ms in ProcessBatch(lectures_batches/aaaaaa.batch) [including 14ms in LoadMessage; 7ms in InitializeSparseNdw; 0ms in InitializeTheta; 0ms in CreateRegularizerAgents; 165ms in InferThetaAndUpdateNwtSparse; 3ms in CalculateScore(sparsity_theta_score); 43ms in CalculateScore(^^^ItemsProcessedScore^^^); ]
I1005 20:07:35.873500 27529216 processor.cc:740] No data in processing queue, waiting...
I1005 20:07:36.120481 24309760 processor.cc:925] Processor: complete processing batch 472db180-368e-4dbe-ac96-275aa7464620 into model nwt
I1005 20:07:36.125775 24309760 cuckoo_watch.h:45] 512ms in ProcessBatch(lectures_batches/aaaaab.batch) [including 24ms in LoadMessage; 19ms in InitializeSparseNdw; 0ms in InitializeTheta; 0ms in CreateRegularizerAgents; 362ms in InferThetaAndUpdateNwtSparse; 4ms in CalculateScore(sparsity_theta_score); 96ms in CalculateScore(^^^ItemsProcessedScore^^^); ]
I1005 20:07:36.125875 2047873024 master_component.cc:1436] RegularizeModelArgs: rwt_target_name=rwt, pwt_source_name=pwt, nwt_source_name=nwt
I1005 20:07:36.125888 2047873024 master_component.cc:976] MasterComponent: start regularizing model pwt
I1005 20:07:36.150063 24309760 processor.cc:740] No data in processing queue, waiting...
I1005 20:07:36.226090 2047873024 master_component.cc:1002] MasterComponent: complete regularizing model pwt
I1005 20:07:36.226109 2047873024 master_component.cc:1449] NormalizeModelArgs: pwt_target_name=pwt, nwt_source_name=nwt, rwt_source_name=rwt
I1005 20:07:36.226114 2047873024 master_component.cc:1006] MasterComponent: start normalizing model nwt
I1005 20:07:36.316915 2047873024 master_component.cc:1034] MasterComponent: complete normalizing model nwt
I1005 20:07:36.387773 2047873024 master_component.cc:1473] DisposeModel rwt
I1005 20:07:36.404803 2047873024 master_component.cc:1059] FitOffline: ItemsProcessed, num_items=1728, num_batches=2, token_weight=808522, token_weight_in_effect=808522
I1005 20:07:36.405036 2047873024 c_interface.cc:389] Pass FitOfflineMasterModelArgs, batch_filename_size=2, batch_weight_size=2, num_collection_passes=1, reset_nwt=yes to MN4artm4core15MasterComponentEFvRKNS_25FitOfflineMasterModelArgsEE
I1005 20:07:36.405051 2047873024 master_component.cc:1398] ProcessBatchesArgs: nwt_target_name=nwt, batch_filename_size=2, batch_size=0, batch_weight_size=2, pwt_source_name=pwt, num_document_passes=10, regularizer=(name:SmoothSparsePhi, tau:100000), class=(text:1), class=(author:1), reuse_theta=no, opt_for_avx=yes, predict_class_id=, reset_nwt=yes
I1005 20:07:36.420469 23773184 processor.cc:747] Processing queue has data, processing started
I1005 20:07:36.420471 28065792 processor.cc:747] Processing queue has data, processing started
I1005 20:07:36.433878 23773184 processor.cc:820] Processor: start processing batch dabd14b5-1e8a-4d65-94d2-c310c02be74e into model nwt
I1005 20:07:36.443768 28065792 processor.cc:820] Processor: start processing batch 472db180-368e-4dbe-ac96-275aa7464620 into model nwt
I1005 20:07:36.661422 23773184 processor.cc:925] Processor: complete processing batch dabd14b5-1e8a-4d65-94d2-c310c02be74e into model nwt
I1005 20:07:36.665365 23773184 cuckoo_watch.h:45] 244ms in ProcessBatch(lectures_batches/aaaaaa.batch) [including 13ms in LoadMessage; 7ms in InitializeSparseNdw; 0ms in InitializeTheta; 0ms in CreateRegularizerAgents; 168ms in InferThetaAndUpdateNwtSparse; 3ms in CalculateScore(sparsity_theta_score); 47ms in CalculateScore(^^^ItemsProcessedScore^^^); ]
I1005 20:07:36.689199 23773184 processor.cc:740] No data in processing queue, waiting...
I1005 20:07:36.933284 28065792 processor.cc:925] Processor: complete processing batch 472db180-368e-4dbe-ac96-275aa7464620 into model nwt
I1005 20:07:36.939350 28065792 cuckoo_watch.h:45] 518ms in ProcessBatch(lectures_batches/aaaaab.batch) [including 23ms in LoadMessage; 21ms in InitializeSparseNdw; 0ms in InitializeTheta; 0ms in CreateRegularizerAgents; 360ms in InferThetaAndUpdateNwtSparse; 5ms in CalculateScore(sparsity_theta_score); 102ms in CalculateScore(^^^ItemsProcessedScore^^^); ]
I1005 20:07:36.940167 2047873024 master_component.cc:1436] RegularizeModelArgs: rwt_target_name=rwt, pwt_source_name=pwt, nwt_source_name=nwt
I1005 20:07:36.940217 2047873024 master_component.cc:976] MasterComponent: start regularizing model pwt
I1005 20:07:36.963651 28065792 processor.cc:740] No data in processing queue, waiting...
I1005 20:07:37.046749 2047873024 master_component.cc:1002] MasterComponent: complete regularizing model pwt
I1005 20:07:37.046769 2047873024 master_component.cc:1449] NormalizeModelArgs: pwt_target_name=pwt, nwt_source_name=nwt, rwt_source_name=rwt
I1005 20:07:37.046777 2047873024 master_component.cc:1006] MasterComponent: start normalizing model nwt
I1005 20:07:37.133900 2047873024 master_component.cc:1034] MasterComponent: complete normalizing model nwt
I1005 20:07:37.213604 2047873024 master_component.cc:1473] DisposeModel rwt
I1005 20:07:37.232484 2047873024 master_component.cc:1059] FitOffline: ItemsProcessed, num_items=1728, num_batches=2, token_weight=808522, token_weight_in_effect=808522
I1005 20:07:37.232800 2047873024 c_interface.cc:389] Pass FitOfflineMasterModelArgs, batch_filename_size=2, batch_weight_size=2, num_collection_passes=1, reset_nwt=yes to MN4artm4core15MasterComponentEFvRKNS_25FitOfflineMasterModelArgsEE
I1005 20:07:37.232818 2047873024 master_component.cc:1398] ProcessBatchesArgs: nwt_target_name=nwt, batch_filename_size=2, batch_size=0, batch_weight_size=2, pwt_source_name=pwt, num_document_passes=10, regularizer=(name:SmoothSparsePhi, tau:100000), class=(text:1), class=(author:1), reuse_theta=no, opt_for_avx=yes, predict_class_id=, reset_nwt=yes
I1005 20:07:37.251754 27529216 processor.cc:747] Processing queue has data, processing started
I1005 20:07:37.251754 25919488 processor.cc:747] Processing queue has data, processing started
I1005 20:07:37.265204 25919488 processor.cc:820] Processor: start processing batch dabd14b5-1e8a-4d65-94d2-c310c02be74e into model nwt
I1005 20:07:37.276124 27529216 processor.cc:820] Processor: start processing batch 472db180-368e-4dbe-ac96-275aa7464620 into model nwt
I1005 20:07:37.478853 25919488 processor.cc:925] Processor: complete processing batch dabd14b5-1e8a-4d65-94d2-c310c02be74e into model nwt
I1005 20:07:37.482324 25919488 cuckoo_watch.h:45] 230ms in ProcessBatch(lectures_batches/aaaaaa.batch) [including 13ms in LoadMessage; 8ms in InitializeSparseNdw; 0ms in InitializeTheta; 0ms in CreateRegularizerAgents; 157ms in InferThetaAndUpdateNwtSparse; 3ms in CalculateScore(sparsity_theta_score); 43ms in CalculateScore(^^^ItemsProcessedScore^^^); ]
I1005 20:07:37.505398 25919488 processor.cc:740] No data in processing queue, waiting...
I1005 20:07:37.743458 27529216 processor.cc:925] Processor: complete processing batch 472db180-368e-4dbe-ac96-275aa7464620 into model nwt
I1005 20:07:37.750519 27529216 cuckoo_watch.h:45] 498ms in ProcessBatch(lectures_batches/aaaaab.batch) [including 24ms in LoadMessage; 20ms in InitializeSparseNdw; 0ms in InitializeTheta; 0ms in CreateRegularizerAgents; 342ms in InferThetaAndUpdateNwtSparse; 5ms in CalculateScore(sparsity_theta_score); 98ms in CalculateScore(^^^ItemsProcessedScore^^^); ]
I1005 20:07:37.750931 2047873024 master_component.cc:1436] RegularizeModelArgs: rwt_target_name=rwt, pwt_source_name=pwt, nwt_source_name=nwt
I1005 20:07:37.751015 2047873024 master_component.cc:976] MasterComponent: start regularizing model pwt
I1005 20:07:37.774554 27529216 processor.cc:740] No data in processing queue, waiting...
I1005 20:07:37.853900 2047873024 master_component.cc:1002] MasterComponent: complete regularizing model pwt
I1005 20:07:37.853919 2047873024 master_component.cc:1449] NormalizeModelArgs: pwt_target_name=pwt, nwt_source_name=nwt, rwt_source_name=rwt
I1005 20:07:37.853925 2047873024 master_component.cc:1006] MasterComponent: start normalizing model nwt
I1005 20:07:37.928731 2047873024 master_component.cc:1034] MasterComponent: complete normalizing model nwt
I1005 20:07:38.001858 2047873024 master_component.cc:1473] DisposeModel rwt
I1005 20:07:38.020766 2047873024 master_component.cc:1059] FitOffline: ItemsProcessed, num_items=1728, num_batches=2, token_weight=808522, token_weight_in_effect=808522
I1005 20:07:38.021019 2047873024 c_interface.cc:389] Pass FitOfflineMasterModelArgs, batch_filename_size=2, batch_weight_size=2, num_collection_passes=1, reset_nwt=yes to MN4artm4core15MasterComponentEFvRKNS_25FitOfflineMasterModelArgsEE
I1005 20:07:38.021033 2047873024 master_component.cc:1398] ProcessBatchesArgs: nwt_target_name=nwt, batch_filename_size=2, batch_size=0, batch_weight_size=2, pwt_source_name=pwt, num_document_passes=10, regularizer=(name:SmoothSparsePhi, tau:100000), class=(text:1), class=(author:1), reuse_theta=no, opt_for_avx=yes, predict_class_id=, reset_nwt=yes
I1005 20:07:38.039242 28065792 processor.cc:747] Processing queue has data, processing started
I1005 20:07:38.039348 26456064 processor.cc:747] Processing queue has data, processing started
I1005 20:07:38.052806 28065792 processor.cc:820] Processor: start processing batch dabd14b5-1e8a-4d65-94d2-c310c02be74e into model nwt
I1005 20:07:38.062562 26456064 processor.cc:820] Processor: start processing batch 472db180-368e-4dbe-ac96-275aa7464620 into model nwt
I1005 20:07:38.268685 28065792 processor.cc:925] Processor: complete processing batch dabd14b5-1e8a-4d65-94d2-c310c02be74e into model nwt
I1005 20:07:38.272389 28065792 cuckoo_watch.h:45] 233ms in ProcessBatch(lectures_batches/aaaaaa.batch) [including 13ms in LoadMessage; 7ms in InitializeSparseNdw; 0ms in InitializeTheta; 0ms in CreateRegularizerAgents; 158ms in InferThetaAndUpdateNwtSparse; 3ms in CalculateScore(sparsity_theta_score); 45ms in CalculateScore(^^^ItemsProcessedScore^^^); ]
I1005 20:07:38.294298 28065792 processor.cc:740] No data in processing queue, waiting...
I1005 20:07:38.528605 26456064 processor.cc:925] Processor: complete processing batch 472db180-368e-4dbe-ac96-275aa7464620 into model nwt
I1005 20:07:38.534623 26456064 cuckoo_watch.h:45] 495ms in ProcessBatch(lectures_batches/aaaaab.batch) [including 23ms in LoadMessage; 18ms in InitializeSparseNdw; 0ms in InitializeTheta; 0ms in CreateRegularizerAgents; 343ms in InferThetaAndUpdateNwtSparse; 5ms in CalculateScore(sparsity_theta_score); 98ms in CalculateScore(^^^ItemsProcessedScore^^^); ]
I1005 20:07:38.535392 2047873024 master_component.cc:1436] RegularizeModelArgs: rwt_target_name=rwt, pwt_source_name=pwt, nwt_source_name=nwt
I1005 20:07:38.535429 2047873024 master_component.cc:976] MasterComponent: start regularizing model pwt
I1005 20:07:38.558197 26456064 processor.cc:740] No data in processing queue, waiting...
I1005 20:07:38.641579 2047873024 master_component.cc:1002] MasterComponent: complete regularizing model pwt
I1005 20:07:38.641599 2047873024 master_component.cc:1449] NormalizeModelArgs: pwt_target_name=pwt, nwt_source_name=nwt, rwt_source_name=rwt
I1005 20:07:38.641605 2047873024 master_component.cc:1006] MasterComponent: start normalizing model nwt
I1005 20:07:38.719957 2047873024 master_component.cc:1034] MasterComponent: complete normalizing model nwt
I1005 20:07:38.793052 2047873024 master_component.cc:1473] DisposeModel rwt
I1005 20:07:38.808707 2047873024 master_component.cc:1059] FitOffline: ItemsProcessed, num_items=1728, num_batches=2, token_weight=808522, token_weight_in_effect=808522
I1005 20:07:38.808948 2047873024 c_interface.cc:389] Pass FitOfflineMasterModelArgs, batch_filename_size=2, batch_weight_size=2, num_collection_passes=1, reset_nwt=yes to MN4artm4core15MasterComponentEFvRKNS_25FitOfflineMasterModelArgsEE
I1005 20:07:38.808964 2047873024 master_component.cc:1398] ProcessBatchesArgs: nwt_target_name=nwt, batch_filename_size=2, batch_size=0, batch_weight_size=2, pwt_source_name=pwt, num_document_passes=10, regularizer=(name:SmoothSparsePhi, tau:100000), class=(text:1), class=(author:1), reuse_theta=no, opt_for_avx=yes, predict_class_id=, reset_nwt=yes
I1005 20:07:38.825335 26992640 processor.cc:747] Processing queue has data, processing started
I1005 20:07:38.825354 23773184 processor.cc:747] Processing queue has data, processing started
I1005 20:07:38.838513 26992640 processor.cc:820] Processor: start processing batch dabd14b5-1e8a-4d65-94d2-c310c02be74e into model nwt
I1005 20:07:38.849268 23773184 processor.cc:820] Processor: start processing batch 472db180-368e-4dbe-ac96-275aa7464620 into model nwt
I1005 20:07:39.060277 26992640 processor.cc:925] Processor: complete processing batch dabd14b5-1e8a-4d65-94d2-c310c02be74e into model nwt
I1005 20:07:39.063477 26992640 cuckoo_watch.h:45] 238ms in ProcessBatch(lectures_batches/aaaaaa.batch) [including 13ms in LoadMessage; 7ms in InitializeSparseNdw; 0ms in InitializeTheta; 0ms in CreateRegularizerAgents; 164ms in InferThetaAndUpdateNwtSparse; 3ms in CalculateScore(sparsity_theta_score); 46ms in CalculateScore(^^^ItemsProcessedScore^^^); ]
I1005 20:07:39.085508 26992640 processor.cc:740] No data in processing queue, waiting...
I1005 20:07:39.325067 23773184 processor.cc:925] Processor: complete processing batch 472db180-368e-4dbe-ac96-275aa7464620 into model nwt
I1005 20:07:39.331431 23773184 cuckoo_watch.h:45] 506ms in ProcessBatch(lectures_batches/aaaaab.batch) [including 23ms in LoadMessage; 19ms in InitializeSparseNdw; 0ms in InitializeTheta; 0ms in CreateRegularizerAgents; 352ms in InferThetaAndUpdateNwtSparse; 5ms in CalculateScore(sparsity_theta_score); 98ms in CalculateScore(^^^ItemsProcessedScore^^^); ]
I1005 20:07:39.332680 2047873024 master_component.cc:1436] RegularizeModelArgs: rwt_target_name=rwt, pwt_source_name=pwt, nwt_source_name=nwt
I1005 20:07:39.332764 2047873024 master_component.cc:976] MasterComponent: start regularizing model pwt
I1005 20:07:39.355839 23773184 processor.cc:740] No data in processing queue, waiting...
I1005 20:07:39.437170 2047873024 master_component.cc:1002] MasterComponent: complete regularizing model pwt
I1005 20:07:39.437191 2047873024 master_component.cc:1449] NormalizeModelArgs: pwt_target_name=pwt, nwt_source_name=nwt, rwt_source_name=rwt
I1005 20:07:39.437223 2047873024 master_component.cc:1006] MasterComponent: start normalizing model nwt
I1005 20:07:39.515333 2047873024 master_component.cc:1034] MasterComponent: complete normalizing model nwt
I1005 20:07:39.588191 2047873024 master_component.cc:1473] DisposeModel rwt
I1005 20:07:39.605674 2047873024 master_component.cc:1059] FitOffline: ItemsProcessed, num_items=1728, num_batches=2, token_weight=808522, token_weight_in_effect=808522
I1005 20:07:39.605911 2047873024 c_interface.cc:389] Pass FitOfflineMasterModelArgs, batch_filename_size=2, batch_weight_size=2, num_collection_passes=1, reset_nwt=yes to MN4artm4core15MasterComponentEFvRKNS_25FitOfflineMasterModelArgsEE
I1005 20:07:39.605923 2047873024 master_component.cc:1398] ProcessBatchesArgs: nwt_target_name=nwt, batch_filename_size=2, batch_size=0, batch_weight_size=2, pwt_source_name=pwt, num_document_passes=10, regularizer=(name:SmoothSparsePhi, tau:100000), class=(text:1), class=(author:1), reuse_theta=no, opt_for_avx=yes, predict_class_id=, reset_nwt=yes
I1005 20:07:39.622933 27529216 processor.cc:747] Processing queue has data, processing started
I1005 20:07:39.622953 28065792 processor.cc:747] Processing queue has data, processing started
I1005 20:07:39.636276 27529216 processor.cc:820] Processor: start processing batch dabd14b5-1e8a-4d65-94d2-c310c02be74e into model nwt
I1005 20:07:39.645822 28065792 processor.cc:820] Processor: start processing batch 472db180-368e-4dbe-ac96-275aa7464620 into model nwt
I1005 20:07:39.855671 27529216 processor.cc:925] Processor: complete processing batch dabd14b5-1e8a-4d65-94d2-c310c02be74e into model nwt
I1005 20:07:39.859292 27529216 cuckoo_watch.h:45] 236ms in ProcessBatch(lectures_batches/aaaaaa.batch) [including 13ms in LoadMessage; 7ms in InitializeSparseNdw; 0ms in InitializeTheta; 0ms in CreateRegularizerAgents; 162ms in InferThetaAndUpdateNwtSparse; 4ms in CalculateScore(sparsity_theta_score); 45ms in CalculateScore(^^^ItemsProcessedScore^^^); ]
I1005 20:07:39.882186 27529216 processor.cc:740] No data in processing queue, waiting...
I1005 20:07:40.129194 28065792 processor.cc:925] Processor: complete processing batch 472db180-368e-4dbe-ac96-275aa7464620 into model nwt
I1005 20:07:40.135442 28065792 cuckoo_watch.h:45] 512ms in ProcessBatch(lectures_batches/aaaaab.batch) [including 22ms in LoadMessage; 18ms in InitializeSparseNdw; 0ms in InitializeTheta; 0ms in CreateRegularizerAgents; 363ms in InferThetaAndUpdateNwtSparse; 5ms in CalculateScore(sparsity_theta_score); 96ms in CalculateScore(^^^ItemsProcessedScore^^^); ]
I1005 20:07:40.136507 2047873024 master_component.cc:1436] RegularizeModelArgs: rwt_target_name=rwt, pwt_source_name=pwt, nwt_source_name=nwt
I1005 20:07:40.136567 2047873024 master_component.cc:976] MasterComponent: start regularizing model pwt
I1005 20:07:40.158185 28065792 processor.cc:740] No data in processing queue, waiting...
I1005 20:07:40.237406 2047873024 master_component.cc:1002] MasterComponent: complete regularizing model pwt
I1005 20:07:40.237426 2047873024 master_component.cc:1449] NormalizeModelArgs: pwt_target_name=pwt, nwt_source_name=nwt, rwt_source_name=rwt
I1005 20:07:40.237432 2047873024 master_component.cc:1006] MasterComponent: start normalizing model nwt
I1005 20:07:40.314332 2047873024 master_component.cc:1034] MasterComponent: complete normalizing model nwt
I1005 20:07:40.382978 2047873024 master_component.cc:1473] DisposeModel rwt
I1005 20:07:40.400259 2047873024 master_component.cc:1059] FitOffline: ItemsProcessed, num_items=1728, num_batches=2, token_weight=808522, token_weight_in_effect=808522
I1005 20:07:40.400501 2047873024 c_interface.cc:389] Pass FitOfflineMasterModelArgs, batch_filename_size=2, batch_weight_size=2, num_collection_passes=1, reset_nwt=yes to MN4artm4core15MasterComponentEFvRKNS_25FitOfflineMasterModelArgsEE
I1005 20:07:40.400516 2047873024 master_component.cc:1398] ProcessBatchesArgs: nwt_target_name=nwt, batch_filename_size=2, batch_size=0, batch_weight_size=2, pwt_source_name=pwt, num_document_passes=10, regularizer=(name:SmoothSparsePhi, tau:100000), class=(text:1), class=(author:1), reuse_theta=no, opt_for_avx=yes, predict_class_id=, reset_nwt=yes
I1005 20:07:40.417336 26992640 processor.cc:747] Processing queue has data, processing started
I1005 20:07:40.417331 24309760 processor.cc:747] Processing queue has data, processing started
I1005 20:07:40.430877 24309760 processor.cc:820] Processor: start processing batch dabd14b5-1e8a-4d65-94d2-c310c02be74e into model nwt
I1005 20:07:40.440302 26992640 processor.cc:820] Processor: start processing batch 472db180-368e-4dbe-ac96-275aa7464620 into model nwt
I1005 20:07:40.655661 24309760 processor.cc:925] Processor: complete processing batch dabd14b5-1e8a-4d65-94d2-c310c02be74e into model nwt
I1005 20:07:40.659591 24309760 cuckoo_watch.h:45] 242ms in ProcessBatch(lectures_batches/aaaaaa.batch) [including 13ms in LoadMessage; 7ms in InitializeSparseNdw; 0ms in InitializeTheta; 0ms in CreateRegularizerAgents; 163ms in InferThetaAndUpdateNwtSparse; 4ms in CalculateScore(sparsity_theta_score); 49ms in CalculateScore(^^^ItemsProcessedScore^^^); ]
I1005 20:07:40.681417 24309760 processor.cc:740] No data in processing queue, waiting...
I1005 20:07:40.913239 26992640 processor.cc:925] Processor: complete processing batch 472db180-368e-4dbe-ac96-275aa7464620 into model nwt
I1005 20:07:40.919106 26992640 cuckoo_watch.h:45] 501ms in ProcessBatch(lectures_batches/aaaaab.batch) [including 22ms in LoadMessage; 19ms in InitializeSparseNdw; 0ms in InitializeTheta; 0ms in CreateRegularizerAgents; 347ms in InferThetaAndUpdateNwtSparse; 5ms in CalculateScore(sparsity_theta_score); 100ms in CalculateScore(^^^ItemsProcessedScore^^^); ]
I1005 20:07:40.919664 2047873024 master_component.cc:1436] RegularizeModelArgs: rwt_target_name=rwt, pwt_source_name=pwt, nwt_source_name=nwt
I1005 20:07:40.919705 2047873024 master_component.cc:976] MasterComponent: start regularizing model pwt
I1005 20:07:40.943426 26992640 processor.cc:740] No data in processing queue, waiting...
I1005 20:07:41.019609 2047873024 master_component.cc:1002] MasterComponent: complete regularizing model pwt
I1005 20:07:41.019628 2047873024 master_component.cc:1449] NormalizeModelArgs: pwt_target_name=pwt, nwt_source_name=nwt, rwt_source_name=rwt
I1005 20:07:41.019634 2047873024 master_component.cc:1006] MasterComponent: start normalizing model nwt
I1005 20:07:41.092811 2047873024 master_component.cc:1034] MasterComponent: complete normalizing model nwt
I1005 20:07:41.159222 2047873024 master_component.cc:1473] DisposeModel rwt
I1005 20:07:41.176601 2047873024 master_component.cc:1059] FitOffline: ItemsProcessed, num_items=1728, num_batches=2, token_weight=808522, token_weight_in_effect=808522
I1005 20:07:41.176862 2047873024 c_interface.cc:389] Pass FitOfflineMasterModelArgs, batch_filename_size=2, batch_weight_size=2, num_collection_passes=1, reset_nwt=yes to MN4artm4core15MasterComponentEFvRKNS_25FitOfflineMasterModelArgsEE
I1005 20:07:41.176875 2047873024 master_component.cc:1398] ProcessBatchesArgs: nwt_target_name=nwt, batch_filename_size=2, batch_size=0, batch_weight_size=2, pwt_source_name=pwt, num_document_passes=10, regularizer=(name:SmoothSparsePhi, tau:100000), class=(text:1), class=(author:1), reuse_theta=no, opt_for_avx=yes, predict_class_id=, reset_nwt=yes
I1005 20:07:41.194449 24846336 processor.cc:747] Processing queue has data, processing started
I1005 20:07:41.194456 26456064 processor.cc:747] Processing queue has data, processing started
I1005 20:07:41.209066 24846336 processor.cc:820] Processor: start processing batch dabd14b5-1e8a-4d65-94d2-c310c02be74e into model nwt
I1005 20:07:41.219029 26456064 processor.cc:820] Processor: start processing batch 472db180-368e-4dbe-ac96-275aa7464620 into model nwt
I1005 20:07:41.421164 24846336 processor.cc:925] Processor: complete processing batch dabd14b5-1e8a-4d65-94d2-c310c02be74e into model nwt
I1005 20:07:41.424685 24846336 cuckoo_watch.h:45] 230ms in ProcessBatch(lectures_batches/aaaaaa.batch) [including 14ms in LoadMessage; 7ms in InitializeSparseNdw; 0ms in InitializeTheta; 0ms in CreateRegularizerAgents; 158ms in InferThetaAndUpdateNwtSparse; 3ms in CalculateScore(sparsity_theta_score); 42ms in CalculateScore(^^^ItemsProcessedScore^^^); ]
I1005 20:07:41.446550 24846336 processor.cc:740] No data in processing queue, waiting...
I1005 20:07:41.690392 26456064 processor.cc:925] Processor: complete processing batch 472db180-368e-4dbe-ac96-275aa7464620 into model nwt
I1005 20:07:41.695876 26456064 cuckoo_watch.h:45] 501ms in ProcessBatch(lectures_batches/aaaaab.batch) [including 24ms in LoadMessage; 18ms in InitializeSparseNdw; 0ms in InitializeTheta; 0ms in CreateRegularizerAgents; 350ms in InferThetaAndUpdateNwtSparse; 5ms in CalculateScore(sparsity_theta_score); 96ms in CalculateScore(^^^ItemsProcessedScore^^^); ]
I1005 20:07:41.696990 2047873024 master_component.cc:1436] RegularizeModelArgs: rwt_target_name=rwt, pwt_source_name=pwt, nwt_source_name=nwt
I1005 20:07:41.697036 2047873024 master_component.cc:976] MasterComponent: start regularizing model pwt
I1005 20:07:41.720103 26456064 processor.cc:740] No data in processing queue, waiting...
I1005 20:07:41.798363 2047873024 master_component.cc:1002] MasterComponent: complete regularizing model pwt
I1005 20:07:41.798383 2047873024 master_component.cc:1449] NormalizeModelArgs: pwt_target_name=pwt, nwt_source_name=nwt, rwt_source_name=rwt
I1005 20:07:41.798389 2047873024 master_component.cc:1006] MasterComponent: start normalizing model nwt
