Log file created at: 2018/10/05 20:08:15
Running on machine: artems-MBP.Dlink
Log line format: [IWEF]mmdd hh:mm:ss.uuuuuu threadid file:line] msg
I1005 20:08:15.292009 2047873024 c_interface.cc:127] Logging enabled to .
I1005 20:08:15.292428 2047873024 c_interface.cc:128] BigARTM version: v0.9.0
I1005 20:08:15.292505 2047873024 c_interface.cc:271] Pass MasterModelConfig: topic_name_size=0, score_config_size=1, num_processors=0, pwt_name=pwt, nwt_name=nwt, num_document_passes=0, reuse_theta=no, cache_theta=no, opt_for_avx=yes, disk_cache_path= to ArtmCreateMasterModel
I1005 20:08:15.292541 2047873024 c_interface.cc:274] Creating MasterModel (id=1)...
I1005 20:08:15.293601 2047873024 collection_parser.cc:557] CollectionParserConfig.num_threads is automatically set to 8
W1005 20:08:15.780678 25919488 helpers.cc:221] File already exists: lectures_batches/aaaaaa.batch
W1005 20:08:16.464730 26456064 helpers.cc:221] File already exists: lectures_batches/aaaaab.batch
I1005 20:08:16.531699 2047873024 c_interface.cc:375] Pass 11523ed6-9fe2-4b53-97a5-1b821a8a2d1d to MN4artm4core15MasterComponentEFvRKNSt3__112basic_stringIcNS2_11char_traitsIcEENS2_9allocatorIcEEEEE
I1005 20:08:16.531846 2047873024 c_interface.cc:389] Pass GatherDictionaryArgs: dictionary_target_name=11523ed6-9fe2-4b53-97a5-1b821a8a2d1d, data_path=lectures_batches, symmetric_cooc_values=0 to MN4artm4core15MasterComponentEFvRKNS_20GatherDictionaryArgsEE
I1005 20:08:16.531935 2047873024 dictionary_operations.cc:261] Found 2 batches in 'lectures_batches' folder
I1005 20:08:16.624394 2047873024 dictionary_operations.cc:325] Find 26866 unique tokens in 1728 items
I1005 20:08:16.655593 2047873024 dictionary_operations.cc:589] Dictionary name='11523ed6-9fe2-4b53-97a5-1b821a8a2d1d' contains entries: author:539; text:26327; 
I1005 20:08:16.661499 2047873024 c_interface.cc:271] Pass MasterModelConfig: topic_name_size=30, class=(text:1), class=(author:1), score_config_size=1, num_processors=0, pwt_name=pwt, nwt_name=nwt, num_document_passes=10, reuse_theta=no, cache_theta=no, opt_for_avx=yes, disk_cache_path= to ArtmCreateMasterModel
I1005 20:08:16.661520 2047873024 instance.cc:401] MasterModelConfig.processors_count is automatically set to 8
I1005 20:08:16.661586 25919488 processor.cc:724] Processor thread started
I1005 20:08:16.661608 26456064 processor.cc:724] Processor thread started
I1005 20:08:16.661605 26992640 processor.cc:724] Processor thread started
I1005 20:08:16.661619 27529216 processor.cc:724] Processor thread started
I1005 20:08:16.661628 28065792 processor.cc:724] Processor thread started
I1005 20:08:16.661643 28602368 processor.cc:724] Processor thread started
I1005 20:08:16.661655 2047873024 c_interface.cc:274] Creating MasterModel (id=2)...
I1005 20:08:16.661660 29675520 processor.cc:724] Processor thread started
I1005 20:08:16.661660 29138944 processor.cc:724] Processor thread started
I1005 20:08:16.667922 2047873024 c_interface.cc:271] Pass MasterModelConfig: topic_name_size=0, score_config_size=1, num_processors=0, pwt_name=pwt, nwt_name=nwt, num_document_passes=0, reuse_theta=no, cache_theta=no, opt_for_avx=yes, disk_cache_path= to ArtmCreateMasterModel
I1005 20:08:16.667938 2047873024 c_interface.cc:274] Creating MasterModel (id=3)...
I1005 20:08:16.668205 2047873024 c_interface.cc:375] Pass dictionary to MN4artm4core15MasterComponentEFvRKNSt3__112basic_stringIcNS2_11char_traitsIcEENS2_9allocatorIcEEEEE
I1005 20:08:16.668311 2047873024 c_interface.cc:389] Pass GatherDictionaryArgs: dictionary_target_name=dictionary, data_path=lectures_batches, symmetric_cooc_values=0 to MN4artm4core15MasterComponentEFvRKNS_20GatherDictionaryArgsEE
I1005 20:08:16.668416 2047873024 dictionary_operations.cc:261] Found 2 batches in 'lectures_batches' folder
I1005 20:08:16.683667 28065792 processor.cc:740] No data in processing queue, waiting...
I1005 20:08:16.683665 25919488 processor.cc:740] No data in processing queue, waiting...
I1005 20:08:16.683674 26992640 processor.cc:740] No data in processing queue, waiting...
I1005 20:08:16.683676 29138944 processor.cc:740] No data in processing queue, waiting...
I1005 20:08:16.684013 26456064 processor.cc:740] No data in processing queue, waiting...
I1005 20:08:16.684016 29675520 processor.cc:740] No data in processing queue, waiting...
I1005 20:08:16.684017 27529216 processor.cc:740] No data in processing queue, waiting...
I1005 20:08:16.684026 28602368 processor.cc:740] No data in processing queue, waiting...
I1005 20:08:16.763310 2047873024 dictionary_operations.cc:325] Find 26866 unique tokens in 1728 items
I1005 20:08:16.794787 2047873024 dictionary_operations.cc:589] Dictionary name='dictionary' contains entries: author:539; text:26327; 
I1005 20:08:16.800127 2047873024 c_interface.cc:375] Pass pwt to MN4artm4core15MasterComponentEFvRKNSt3__112basic_stringIcNS2_11char_traitsIcEENS2_9allocatorIcEEEEE
I1005 20:08:16.800249 2047873024 c_interface.cc:375] Pass nwt to MN4artm4core15MasterComponentEFvRKNSt3__112basic_stringIcNS2_11char_traitsIcEENS2_9allocatorIcEEEEE
I1005 20:08:16.800501 2047873024 c_interface.cc:389] Pass InitializeModelArgs: model_name=pwt, dictionary_name=dictionary, topic_name_size=30, seed=-1 to MN4artm4core15MasterComponentEFvRKNS_19InitializeModelArgsEE
I1005 20:08:16.952126 2047873024 master_component.cc:664] InitializeModel() created matrix pwt with 30 topics and 26866 tokens; 
I1005 20:08:16.952507 2047873024 c_interface.cc:389] Pass InitializeModelArgs: model_name=nwt, dictionary_name=dictionary, topic_name_size=30, seed=-1 to MN4artm4core15MasterComponentEFvRKNS_19InitializeModelArgsEE
I1005 20:08:17.092206 2047873024 master_component.cc:664] InitializeModel() created matrix nwt with 30 topics and 26866 tokens; 
I1005 20:08:17.092401 2047873024 c_interface.cc:231] ArtmCopyRequestedMessage is copying 309 bytes...
I1005 20:08:17.109256 2047873024 c_interface.cc:389] Pass MasterModelConfig: topic_name_size=30, class=(text:1), class=(author:1), score_config_size=2, num_processors=0, pwt_name=pwt, nwt_name=nwt, num_document_passes=10, reuse_theta=no, cache_theta=no, opt_for_avx=yes, disk_cache_path= to MN4artm4core15MasterComponentEFvRKNS_17MasterModelConfigEE
I1005 20:08:17.109279 2047873024 instance.cc:401] MasterModelConfig.processors_count is automatically set to 8
I1005 20:08:17.109843 2047873024 c_interface.cc:389] Pass MasterModelConfig: topic_name_size=30, class=(text:1), class=(author:1), score_config_size=3, num_processors=0, pwt_name=pwt, nwt_name=nwt, num_document_passes=10, reuse_theta=no, cache_theta=no, opt_for_avx=yes, disk_cache_path= to MN4artm4core15MasterComponentEFvRKNS_17MasterModelConfigEE
I1005 20:08:17.109858 2047873024 instance.cc:401] MasterModelConfig.processors_count is automatically set to 8
I1005 20:08:17.110337 2047873024 c_interface.cc:389] Pass MasterModelConfig: topic_name_size=30, class=(text:1), class=(author:1), score_config_size=4, num_processors=0, pwt_name=pwt, nwt_name=nwt, num_document_passes=10, reuse_theta=no, cache_theta=no, opt_for_avx=yes, disk_cache_path= to MN4artm4core15MasterComponentEFvRKNS_17MasterModelConfigEE
I1005 20:08:17.110353 2047873024 instance.cc:401] MasterModelConfig.processors_count is automatically set to 8
I1005 20:08:17.111090 2047873024 c_interface.cc:389] Pass MasterModelConfig: topic_name_size=30, class=(text:1), class=(author:1), score_config_size=5, num_processors=0, pwt_name=pwt, nwt_name=nwt, num_document_passes=10, reuse_theta=no, cache_theta=no, opt_for_avx=yes, disk_cache_path= to MN4artm4core15MasterComponentEFvRKNS_17MasterModelConfigEE
I1005 20:08:17.111111 2047873024 instance.cc:401] MasterModelConfig.processors_count is automatically set to 8
I1005 20:08:17.111881 2047873024 c_interface.cc:389] Pass MasterModelConfig: topic_name_size=30, class=(text:1), class=(author:1), score_config_size=6, num_processors=0, pwt_name=pwt, nwt_name=nwt, num_document_passes=10, reuse_theta=no, cache_theta=no, opt_for_avx=yes, disk_cache_path= to MN4artm4core15MasterComponentEFvRKNS_17MasterModelConfigEE
I1005 20:08:17.111904 2047873024 instance.cc:401] MasterModelConfig.processors_count is automatically set to 8
I1005 20:08:17.119122 2047873024 c_interface.cc:389] Pass MasterModelConfig: topic_name_size=30, class=(text:1), class=(author:1), score_config_size=6, num_processors=0, pwt_name=pwt, nwt_name=nwt, num_document_passes=10, regularizer=(SmoothSparsePhi:100000), reuse_theta=no, cache_theta=no, opt_for_avx=yes, disk_cache_path= to MN4artm4core15MasterComponentEFvRKNS_17MasterModelConfigEE
I1005 20:08:17.119168 2047873024 instance.cc:401] MasterModelConfig.processors_count is automatically set to 8
I1005 20:08:17.119215 2047873024 instance.cc:232] Regularizer 'SmoothSparsePhi' was cold-reconfigured
I1005 20:08:17.130393 2047873024 c_interface.cc:389] Pass FitOfflineMasterModelArgs, batch_filename_size=2, batch_weight_size=2, num_collection_passes=1, reset_nwt=yes to MN4artm4core15MasterComponentEFvRKNS_25FitOfflineMasterModelArgsEE
I1005 20:08:17.130442 2047873024 master_component.cc:1398] ProcessBatchesArgs: nwt_target_name=nwt, batch_filename_size=2, batch_size=0, batch_weight_size=2, pwt_source_name=pwt, num_document_passes=10, regularizer=(name:SmoothSparsePhi, tau:100000), class=(text:1), class=(author:1), reuse_theta=no, opt_for_avx=yes, predict_class_id=, reset_nwt=yes
I1005 20:08:17.142117 2047873024 master_component.cc:826] Batches count (=2) is smaller than num processors (=8), which may cause suboptimal performance.
I1005 20:08:17.142418 29138944 processor.cc:747] Processing queue has data, processing started
I1005 20:08:17.142423 26992640 processor.cc:747] Processing queue has data, processing started
I1005 20:08:17.156455 29138944 processor.cc:820] Processor: start processing batch 9edcad93-fc16-44ef-babc-2bfdcae8eb5f into model nwt
I1005 20:08:17.168391 26992640 processor.cc:820] Processor: start processing batch 7bd3121e-fe96-4fbc-930e-80057f8f7861 into model nwt
I1005 20:08:17.371091 29138944 processor.cc:925] Processor: complete processing batch 9edcad93-fc16-44ef-babc-2bfdcae8eb5f into model nwt
I1005 20:08:17.374374 29138944 cuckoo_watch.h:45] 231ms in ProcessBatch(lectures_batches/aaaaaa.batch) [including 14ms in LoadMessage; 9ms in InitializeSparseNdw; 0ms in InitializeTheta; 0ms in CreateRegularizerAgents; 157ms in InferThetaAndUpdateNwtSparse; 3ms in CalculateScore(sparsity_theta_score); 44ms in CalculateScore(^^^ItemsProcessedScore^^^); ]
I1005 20:08:17.398720 29138944 processor.cc:740] No data in processing queue, waiting...
I1005 20:08:17.654654 26992640 processor.cc:925] Processor: complete processing batch 7bd3121e-fe96-4fbc-930e-80057f8f7861 into model nwt
I1005 20:08:17.660435 26992640 cuckoo_watch.h:45] 517ms in ProcessBatch(lectures_batches/aaaaab.batch) [including 25ms in LoadMessage; 22ms in InitializeSparseNdw; 0ms in InitializeTheta; 0ms in CreateRegularizerAgents; 352ms in InferThetaAndUpdateNwtSparse; 5ms in CalculateScore(sparsity_theta_score); 104ms in CalculateScore(^^^ItemsProcessedScore^^^); ]
I1005 20:08:17.660512 2047873024 master_component.cc:1436] RegularizeModelArgs: rwt_target_name=rwt, pwt_source_name=pwt, nwt_source_name=nwt
I1005 20:08:17.660533 2047873024 master_component.cc:976] MasterComponent: start regularizing model pwt
I1005 20:08:17.684720 26992640 processor.cc:740] No data in processing queue, waiting...
I1005 20:08:17.762475 2047873024 master_component.cc:1002] MasterComponent: complete regularizing model pwt
I1005 20:08:17.762492 2047873024 master_component.cc:1449] NormalizeModelArgs: pwt_target_name=pwt, nwt_source_name=nwt, rwt_source_name=rwt
I1005 20:08:17.762498 2047873024 master_component.cc:1006] MasterComponent: start normalizing model nwt
I1005 20:08:17.826793 2047873024 master_component.cc:1034] MasterComponent: complete normalizing model nwt
I1005 20:08:17.925463 2047873024 master_component.cc:1473] DisposeModel rwt
I1005 20:08:17.941391 2047873024 master_component.cc:1059] FitOffline: ItemsProcessed, num_items=1728, num_batches=2, token_weight=808522, token_weight_in_effect=808522
I1005 20:08:17.941675 2047873024 c_interface.cc:389] Pass FitOfflineMasterModelArgs, batch_filename_size=2, batch_weight_size=2, num_collection_passes=1, reset_nwt=yes to MN4artm4core15MasterComponentEFvRKNS_25FitOfflineMasterModelArgsEE
I1005 20:08:17.941692 2047873024 master_component.cc:1398] ProcessBatchesArgs: nwt_target_name=nwt, batch_filename_size=2, batch_size=0, batch_weight_size=2, pwt_source_name=pwt, num_document_passes=10, regularizer=(name:SmoothSparsePhi, tau:100000), class=(text:1), class=(author:1), reuse_theta=no, opt_for_avx=yes, predict_class_id=, reset_nwt=yes
I1005 20:08:17.958112 29138944 processor.cc:747] Processing queue has data, processing started
I1005 20:08:17.958282 25919488 processor.cc:747] Processing queue has data, processing started
I1005 20:08:17.971462 29138944 processor.cc:820] Processor: start processing batch 9edcad93-fc16-44ef-babc-2bfdcae8eb5f into model nwt
I1005 20:08:17.983139 25919488 processor.cc:820] Processor: start processing batch 7bd3121e-fe96-4fbc-930e-80057f8f7861 into model nwt
I1005 20:08:18.194205 29138944 processor.cc:925] Processor: complete processing batch 9edcad93-fc16-44ef-babc-2bfdcae8eb5f into model nwt
I1005 20:08:18.198004 29138944 cuckoo_watch.h:45] 239ms in ProcessBatch(lectures_batches/aaaaaa.batch) [including 13ms in LoadMessage; 7ms in InitializeSparseNdw; 0ms in InitializeTheta; 0ms in CreateRegularizerAgents; 164ms in InferThetaAndUpdateNwtSparse; 3ms in CalculateScore(sparsity_theta_score); 46ms in CalculateScore(^^^ItemsProcessedScore^^^); ]
I1005 20:08:18.221940 29138944 processor.cc:740] No data in processing queue, waiting...
I1005 20:08:18.469305 25919488 processor.cc:925] Processor: complete processing batch 7bd3121e-fe96-4fbc-930e-80057f8f7861 into model nwt
I1005 20:08:18.475736 25919488 cuckoo_watch.h:45] 517ms in ProcessBatch(lectures_batches/aaaaab.batch) [including 24ms in LoadMessage; 20ms in InitializeSparseNdw; 0ms in InitializeTheta; 0ms in CreateRegularizerAgents; 355ms in InferThetaAndUpdateNwtSparse; 5ms in CalculateScore(sparsity_theta_score); 105ms in CalculateScore(^^^ItemsProcessedScore^^^); ]
I1005 20:08:18.477159 2047873024 master_component.cc:1436] RegularizeModelArgs: rwt_target_name=rwt, pwt_source_name=pwt, nwt_source_name=nwt
I1005 20:08:18.477195 2047873024 master_component.cc:976] MasterComponent: start regularizing model pwt
I1005 20:08:18.499384 25919488 processor.cc:740] No data in processing queue, waiting...
I1005 20:08:18.591516 2047873024 master_component.cc:1002] MasterComponent: complete regularizing model pwt
I1005 20:08:18.591536 2047873024 master_component.cc:1449] NormalizeModelArgs: pwt_target_name=pwt, nwt_source_name=nwt, rwt_source_name=rwt
I1005 20:08:18.591543 2047873024 master_component.cc:1006] MasterComponent: start normalizing model nwt
I1005 20:08:18.654836 2047873024 master_component.cc:1034] MasterComponent: complete normalizing model nwt
I1005 20:08:18.750584 2047873024 master_component.cc:1473] DisposeModel rwt
I1005 20:08:18.768193 2047873024 master_component.cc:1059] FitOffline: ItemsProcessed, num_items=1728, num_batches=2, token_weight=808522, token_weight_in_effect=808522
I1005 20:08:18.768501 2047873024 c_interface.cc:389] Pass FitOfflineMasterModelArgs, batch_filename_size=2, batch_weight_size=2, num_collection_passes=1, reset_nwt=yes to MN4artm4core15MasterComponentEFvRKNS_25FitOfflineMasterModelArgsEE
I1005 20:08:18.768517 2047873024 master_component.cc:1398] ProcessBatchesArgs: nwt_target_name=nwt, batch_filename_size=2, batch_size=0, batch_weight_size=2, pwt_source_name=pwt, num_document_passes=10, regularizer=(name:SmoothSparsePhi, tau:100000), class=(text:1), class=(author:1), reuse_theta=no, opt_for_avx=yes, predict_class_id=, reset_nwt=yes
I1005 20:08:18.785758 26456064 processor.cc:747] Processing queue has data, processing started
I1005 20:08:18.785758 27529216 processor.cc:747] Processing queue has data, processing started
I1005 20:08:18.798578 27529216 processor.cc:820] Processor: start processing batch 9edcad93-fc16-44ef-babc-2bfdcae8eb5f into model nwt
I1005 20:08:18.809096 26456064 processor.cc:820] Processor: start processing batch 7bd3121e-fe96-4fbc-930e-80057f8f7861 into model nwt
I1005 20:08:19.011301 27529216 processor.cc:925] Processor: complete processing batch 9edcad93-fc16-44ef-babc-2bfdcae8eb5f into model nwt
I1005 20:08:19.014539 27529216 cuckoo_watch.h:45] 228ms in ProcessBatch(lectures_batches/aaaaaa.batch) [including 12ms in LoadMessage; 7ms in InitializeSparseNdw; 0ms in InitializeTheta; 0ms in CreateRegularizerAgents; 154ms in InferThetaAndUpdateNwtSparse; 3ms in CalculateScore(sparsity_theta_score); 46ms in CalculateScore(^^^ItemsProcessedScore^^^); ]
I1005 20:08:19.037971 27529216 processor.cc:740] No data in processing queue, waiting...
I1005 20:08:19.284637 26456064 processor.cc:925] Processor: complete processing batch 7bd3121e-fe96-4fbc-930e-80057f8f7861 into model nwt
I1005 20:08:19.290508 26456064 cuckoo_watch.h:45] 504ms in ProcessBatch(lectures_batches/aaaaab.batch) [including 23ms in LoadMessage; 19ms in InitializeSparseNdw; 0ms in InitializeTheta; 0ms in CreateRegularizerAgents; 353ms in InferThetaAndUpdateNwtSparse; 4ms in CalculateScore(sparsity_theta_score); 98ms in CalculateScore(^^^ItemsProcessedScore^^^); ]
I1005 20:08:19.291326 2047873024 master_component.cc:1436] RegularizeModelArgs: rwt_target_name=rwt, pwt_source_name=pwt, nwt_source_name=nwt
I1005 20:08:19.291383 2047873024 master_component.cc:976] MasterComponent: start regularizing model pwt
I1005 20:08:19.314743 26456064 processor.cc:740] No data in processing queue, waiting...
I1005 20:08:19.402132 2047873024 master_component.cc:1002] MasterComponent: complete regularizing model pwt
I1005 20:08:19.402153 2047873024 master_component.cc:1449] NormalizeModelArgs: pwt_target_name=pwt, nwt_source_name=nwt, rwt_source_name=rwt
I1005 20:08:19.402159 2047873024 master_component.cc:1006] MasterComponent: start normalizing model nwt
I1005 20:08:19.465138 2047873024 master_component.cc:1034] MasterComponent: complete normalizing model nwt
I1005 20:08:19.555439 2047873024 master_component.cc:1473] DisposeModel rwt
I1005 20:08:19.571019 2047873024 master_component.cc:1059] FitOffline: ItemsProcessed, num_items=1728, num_batches=2, token_weight=808522, token_weight_in_effect=808522
I1005 20:08:19.571365 2047873024 c_interface.cc:389] Pass FitOfflineMasterModelArgs, batch_filename_size=2, batch_weight_size=2, num_collection_passes=1, reset_nwt=yes to MN4artm4core15MasterComponentEFvRKNS_25FitOfflineMasterModelArgsEE
I1005 20:08:19.571385 2047873024 master_component.cc:1398] ProcessBatchesArgs: nwt_target_name=nwt, batch_filename_size=2, batch_size=0, batch_weight_size=2, pwt_source_name=pwt, num_document_passes=10, regularizer=(name:SmoothSparsePhi, tau:100000), class=(text:1), class=(author:1), reuse_theta=no, opt_for_avx=yes, predict_class_id=, reset_nwt=yes
I1005 20:08:19.587512 29675520 processor.cc:747] Processing queue has data, processing started
I1005 20:08:19.587513 25919488 processor.cc:747] Processing queue has data, processing started
I1005 20:08:19.600441 29675520 processor.cc:820] Processor: start processing batch 9edcad93-fc16-44ef-babc-2bfdcae8eb5f into model nwt
I1005 20:08:19.611270 25919488 processor.cc:820] Processor: start processing batch 7bd3121e-fe96-4fbc-930e-80057f8f7861 into model nwt
I1005 20:08:19.811357 29675520 processor.cc:925] Processor: complete processing batch 9edcad93-fc16-44ef-babc-2bfdcae8eb5f into model nwt
I1005 20:08:19.814644 29675520 cuckoo_watch.h:45] 227ms in ProcessBatch(lectures_batches/aaaaaa.batch) [including 12ms in LoadMessage; 7ms in InitializeSparseNdw; 0ms in InitializeTheta; 0ms in CreateRegularizerAgents; 157ms in InferThetaAndUpdateNwtSparse; 3ms in CalculateScore(sparsity_theta_score); 42ms in CalculateScore(^^^ItemsProcessedScore^^^); ]
I1005 20:08:19.837774 29675520 processor.cc:740] No data in processing queue, waiting...
I1005 20:08:20.080364 25919488 processor.cc:925] Processor: complete processing batch 7bd3121e-fe96-4fbc-930e-80057f8f7861 into model nwt
I1005 20:08:20.085927 25919488 cuckoo_watch.h:45] 498ms in ProcessBatch(lectures_batches/aaaaab.batch) [including 23ms in LoadMessage; 19ms in InitializeSparseNdw; 0ms in InitializeTheta; 0ms in CreateRegularizerAgents; 351ms in InferThetaAndUpdateNwtSparse; 4ms in CalculateScore(sparsity_theta_score); 93ms in CalculateScore(^^^ItemsProcessedScore^^^); ]
I1005 20:08:20.086110 2047873024 master_component.cc:1436] RegularizeModelArgs: rwt_target_name=rwt, pwt_source_name=pwt, nwt_source_name=nwt
I1005 20:08:20.086140 2047873024 master_component.cc:976] MasterComponent: start regularizing model pwt
I1005 20:08:20.110266 25919488 processor.cc:740] No data in processing queue, waiting...
I1005 20:08:20.200071 2047873024 master_component.cc:1002] MasterComponent: complete regularizing model pwt
I1005 20:08:20.200091 2047873024 master_component.cc:1449] NormalizeModelArgs: pwt_target_name=pwt, nwt_source_name=nwt, rwt_source_name=rwt
I1005 20:08:20.200098 2047873024 master_component.cc:1006] MasterComponent: start normalizing model nwt
I1005 20:08:20.260202 2047873024 master_component.cc:1034] MasterComponent: complete normalizing model nwt
I1005 20:08:20.347146 2047873024 master_component.cc:1473] DisposeModel rwt
I1005 20:08:20.363409 2047873024 master_component.cc:1059] FitOffline: ItemsProcessed, num_items=1728, num_batches=2, token_weight=808522, token_weight_in_effect=808522
I1005 20:08:20.363644 2047873024 c_interface.cc:389] Pass FitOfflineMasterModelArgs, batch_filename_size=2, batch_weight_size=2, num_collection_passes=1, reset_nwt=yes to MN4artm4core15MasterComponentEFvRKNS_25FitOfflineMasterModelArgsEE
I1005 20:08:20.363656 2047873024 master_component.cc:1398] ProcessBatchesArgs: nwt_target_name=nwt, batch_filename_size=2, batch_size=0, batch_weight_size=2, pwt_source_name=pwt, num_document_passes=10, regularizer=(name:SmoothSparsePhi, tau:100000), class=(text:1), class=(author:1), reuse_theta=no, opt_for_avx=yes, predict_class_id=, reset_nwt=yes
I1005 20:08:20.378835 26992640 processor.cc:747] Processing queue has data, processing started
I1005 20:08:20.378849 29675520 processor.cc:747] Processing queue has data, processing started
I1005 20:08:20.392216 26992640 processor.cc:820] Processor: start processing batch 9edcad93-fc16-44ef-babc-2bfdcae8eb5f into model nwt
I1005 20:08:20.402810 29675520 processor.cc:820] Processor: start processing batch 7bd3121e-fe96-4fbc-930e-80057f8f7861 into model nwt
I1005 20:08:20.595664 26992640 processor.cc:925] Processor: complete processing batch 9edcad93-fc16-44ef-babc-2bfdcae8eb5f into model nwt
I1005 20:08:20.598994 26992640 cuckoo_watch.h:45] 220ms in ProcessBatch(lectures_batches/aaaaaa.batch) [including 13ms in LoadMessage; 8ms in InitializeSparseNdw; 0ms in InitializeTheta; 0ms in CreateRegularizerAgents; 150ms in InferThetaAndUpdateNwtSparse; 3ms in CalculateScore(sparsity_theta_score); 41ms in CalculateScore(^^^ItemsProcessedScore^^^); ]
I1005 20:08:20.622875 26992640 processor.cc:740] No data in processing queue, waiting...
I1005 20:08:20.845219 29675520 processor.cc:925] Processor: complete processing batch 7bd3121e-fe96-4fbc-930e-80057f8f7861 into model nwt
I1005 20:08:20.851184 29675520 cuckoo_watch.h:45] 472ms in ProcessBatch(lectures_batches/aaaaab.batch) [including 23ms in LoadMessage; 19ms in InitializeSparseNdw; 0ms in InitializeTheta; 0ms in CreateRegularizerAgents; 328ms in InferThetaAndUpdateNwtSparse; 4ms in CalculateScore(sparsity_theta_score); 89ms in CalculateScore(^^^ItemsProcessedScore^^^); ]
I1005 20:08:20.852123 2047873024 master_component.cc:1436] RegularizeModelArgs: rwt_target_name=rwt, pwt_source_name=pwt, nwt_source_name=nwt
I1005 20:08:20.852171 2047873024 master_component.cc:976] MasterComponent: start regularizing model pwt
I1005 20:08:20.875499 29675520 processor.cc:740] No data in processing queue, waiting...
I1005 20:08:20.955849 2047873024 master_component.cc:1002] MasterComponent: complete regularizing model pwt
I1005 20:08:20.955868 2047873024 master_component.cc:1449] NormalizeModelArgs: pwt_target_name=pwt, nwt_source_name=nwt, rwt_source_name=rwt
I1005 20:08:20.955875 2047873024 master_component.cc:1006] MasterComponent: start normalizing model nwt
I1005 20:08:21.018949 2047873024 master_component.cc:1034] MasterComponent: complete normalizing model nwt
I1005 20:08:21.119832 2047873024 master_component.cc:1473] DisposeModel rwt
I1005 20:08:21.139446 2047873024 master_component.cc:1059] FitOffline: ItemsProcessed, num_items=1728, num_batches=2, token_weight=808522, token_weight_in_effect=808522
I1005 20:08:21.139744 2047873024 c_interface.cc:389] Pass FitOfflineMasterModelArgs, batch_filename_size=2, batch_weight_size=2, num_collection_passes=1, reset_nwt=yes to MN4artm4core15MasterComponentEFvRKNS_25FitOfflineMasterModelArgsEE
I1005 20:08:21.139801 2047873024 master_component.cc:1398] ProcessBatchesArgs: nwt_target_name=nwt, batch_filename_size=2, batch_size=0, batch_weight_size=2, pwt_source_name=pwt, num_document_passes=10, regularizer=(name:SmoothSparsePhi, tau:100000), class=(text:1), class=(author:1), reuse_theta=no, opt_for_avx=yes, predict_class_id=, reset_nwt=yes
I1005 20:08:21.155608 29675520 processor.cc:747] Processing queue has data, processing started
I1005 20:08:21.155624 27529216 processor.cc:747] Processing queue has data, processing started
I1005 20:08:21.169037 29675520 processor.cc:820] Processor: start processing batch 9edcad93-fc16-44ef-babc-2bfdcae8eb5f into model nwt
I1005 20:08:21.179119 27529216 processor.cc:820] Processor: start processing batch 7bd3121e-fe96-4fbc-930e-80057f8f7861 into model nwt
I1005 20:08:21.375418 29675520 processor.cc:925] Processor: complete processing batch 9edcad93-fc16-44ef-babc-2bfdcae8eb5f into model nwt
I1005 20:08:21.378476 29675520 cuckoo_watch.h:45] 222ms in ProcessBatch(lectures_batches/aaaaaa.batch) [including 13ms in LoadMessage; 7ms in InitializeSparseNdw; 0ms in InitializeTheta; 0ms in CreateRegularizerAgents; 152ms in InferThetaAndUpdateNwtSparse; 3ms in CalculateScore(sparsity_theta_score); 43ms in CalculateScore(^^^ItemsProcessedScore^^^); ]
I1005 20:08:21.402642 29675520 processor.cc:740] No data in processing queue, waiting...
I1005 20:08:21.635121 27529216 processor.cc:925] Processor: complete processing batch 7bd3121e-fe96-4fbc-930e-80057f8f7861 into model nwt
I1005 20:08:21.640203 27529216 cuckoo_watch.h:45] 484ms in ProcessBatch(lectures_batches/aaaaab.batch) [including 23ms in LoadMessage; 19ms in InitializeSparseNdw; 0ms in InitializeTheta; 0ms in CreateRegularizerAgents; 336ms in InferThetaAndUpdateNwtSparse; 5ms in CalculateScore(sparsity_theta_score); 94ms in CalculateScore(^^^ItemsProcessedScore^^^); ]
I1005 20:08:21.641532 2047873024 master_component.cc:1436] RegularizeModelArgs: rwt_target_name=rwt, pwt_source_name=pwt, nwt_source_name=nwt
I1005 20:08:21.641577 2047873024 master_component.cc:976] MasterComponent: start regularizing model pwt
I1005 20:08:21.664567 27529216 processor.cc:740] No data in processing queue, waiting...
I1005 20:08:21.757848 2047873024 master_component.cc:1002] MasterComponent: complete regularizing model pwt
I1005 20:08:21.757867 2047873024 master_component.cc:1449] NormalizeModelArgs: pwt_target_name=pwt, nwt_source_name=nwt, rwt_source_name=rwt
I1005 20:08:21.757875 2047873024 master_component.cc:1006] MasterComponent: start normalizing model nwt
I1005 20:08:21.824102 2047873024 master_component.cc:1034] MasterComponent: complete normalizing model nwt
I1005 20:08:21.911478 2047873024 master_component.cc:1473] DisposeModel rwt
I1005 20:08:21.927256 2047873024 master_component.cc:1059] FitOffline: ItemsProcessed, num_items=1728, num_batches=2, token_weight=808522, token_weight_in_effect=808522
I1005 20:08:21.927495 2047873024 c_interface.cc:389] Pass FitOfflineMasterModelArgs, batch_filename_size=2, batch_weight_size=2, num_collection_passes=1, reset_nwt=yes to MN4artm4core15MasterComponentEFvRKNS_25FitOfflineMasterModelArgsEE
I1005 20:08:21.927510 2047873024 master_component.cc:1398] ProcessBatchesArgs: nwt_target_name=nwt, batch_filename_size=2, batch_size=0, batch_weight_size=2, pwt_source_name=pwt, num_document_passes=10, regularizer=(name:SmoothSparsePhi, tau:100000), class=(text:1), class=(author:1), reuse_theta=no, opt_for_avx=yes, predict_class_id=, reset_nwt=yes
I1005 20:08:21.943868 26456064 processor.cc:747] Processing queue has data, processing started
I1005 20:08:21.943861 25919488 processor.cc:747] Processing queue has data, processing started
I1005 20:08:21.957242 25919488 processor.cc:820] Processor: start processing batch 9edcad93-fc16-44ef-babc-2bfdcae8eb5f into model nwt
I1005 20:08:21.968930 26456064 processor.cc:820] Processor: start processing batch 7bd3121e-fe96-4fbc-930e-80057f8f7861 into model nwt
I1005 20:08:22.198676 25919488 processor.cc:925] Processor: complete processing batch 9edcad93-fc16-44ef-babc-2bfdcae8eb5f into model nwt
I1005 20:08:22.201948 25919488 cuckoo_watch.h:45] 258ms in ProcessBatch(lectures_batches/aaaaaa.batch) [including 13ms in LoadMessage; 9ms in InitializeSparseNdw; 0ms in InitializeTheta; 0ms in CreateRegularizerAgents; 183ms in InferThetaAndUpdateNwtSparse; 3ms in CalculateScore(sparsity_theta_score); 45ms in CalculateScore(^^^ItemsProcessedScore^^^); ]
I1005 20:08:22.226248 25919488 processor.cc:740] No data in processing queue, waiting...
I1005 20:08:22.452447 26456064 processor.cc:925] Processor: complete processing batch 7bd3121e-fe96-4fbc-930e-80057f8f7861 into model nwt
I1005 20:08:22.457798 26456064 cuckoo_watch.h:45] 513ms in ProcessBatch(lectures_batches/aaaaab.batch) [including 25ms in LoadMessage; 21ms in InitializeSparseNdw; 0ms in InitializeTheta; 0ms in CreateRegularizerAgents; 355ms in InferThetaAndUpdateNwtSparse; 4ms in CalculateScore(sparsity_theta_score); 102ms in CalculateScore(^^^ItemsProcessedScore^^^); ]
I1005 20:08:22.457901 2047873024 master_component.cc:1436] RegularizeModelArgs: rwt_target_name=rwt, pwt_source_name=pwt, nwt_source_name=nwt
I1005 20:08:22.457931 2047873024 master_component.cc:976] MasterComponent: start regularizing model pwt
I1005 20:08:22.481977 26456064 processor.cc:740] No data in processing queue, waiting...
I1005 20:08:22.564954 2047873024 master_component.cc:1002] MasterComponent: complete regularizing model pwt
I1005 20:08:22.564975 2047873024 master_component.cc:1449] NormalizeModelArgs: pwt_target_name=pwt, nwt_source_name=nwt, rwt_source_name=rwt
I1005 20:08:22.564982 2047873024 master_component.cc:1006] MasterComponent: start normalizing model nwt
I1005 20:08:22.636283 2047873024 master_component.cc:1034] MasterComponent: complete normalizing model nwt
I1005 20:08:22.737684 2047873024 master_component.cc:1473] DisposeModel rwt
I1005 20:08:22.757800 2047873024 master_component.cc:1059] FitOffline: ItemsProcessed, num_items=1728, num_batches=2, token_weight=808522, token_weight_in_effect=808522
I1005 20:08:22.758134 2047873024 c_interface.cc:389] Pass FitOfflineMasterModelArgs, batch_filename_size=2, batch_weight_size=2, num_collection_passes=1, reset_nwt=yes to MN4artm4core15MasterComponentEFvRKNS_25FitOfflineMasterModelArgsEE
I1005 20:08:22.758152 2047873024 master_component.cc:1398] ProcessBatchesArgs: nwt_target_name=nwt, batch_filename_size=2, batch_size=0, batch_weight_size=2, pwt_source_name=pwt, num_document_passes=10, regularizer=(name:SmoothSparsePhi, tau:100000), class=(text:1), class=(author:1), reuse_theta=no, opt_for_avx=yes, predict_class_id=, reset_nwt=yes
I1005 20:08:22.775717 26992640 processor.cc:747] Processing queue has data, processing started
I1005 20:08:22.775759 29138944 processor.cc:747] Processing queue has data, processing started
I1005 20:08:22.790827 26992640 processor.cc:820] Processor: start processing batch 9edcad93-fc16-44ef-babc-2bfdcae8eb5f into model nwt
I1005 20:08:22.801229 29138944 processor.cc:820] Processor: start processing batch 7bd3121e-fe96-4fbc-930e-80057f8f7861 into model nwt
I1005 20:08:23.013351 26992640 processor.cc:925] Processor: complete processing batch 9edcad93-fc16-44ef-babc-2bfdcae8eb5f into model nwt
I1005 20:08:23.016580 26992640 cuckoo_watch.h:45] 240ms in ProcessBatch(lectures_batches/aaaaaa.batch) [including 15ms in LoadMessage; 7ms in InitializeSparseNdw; 0ms in InitializeTheta; 0ms in CreateRegularizerAgents; 165ms in InferThetaAndUpdateNwtSparse; 3ms in CalculateScore(sparsity_theta_score); 46ms in CalculateScore(^^^ItemsProcessedScore^^^); ]
I1005 20:08:23.040303 26992640 processor.cc:740] No data in processing queue, waiting...
I1005 20:08:23.296772 29138944 processor.cc:925] Processor: complete processing batch 7bd3121e-fe96-4fbc-930e-80057f8f7861 into model nwt
I1005 20:08:23.303032 29138944 cuckoo_watch.h:45] 527ms in ProcessBatch(lectures_batches/aaaaab.batch) [including 25ms in LoadMessage; 20ms in InitializeSparseNdw; 0ms in InitializeTheta; 0ms in CreateRegularizerAgents; 364ms in InferThetaAndUpdateNwtSparse; 4ms in CalculateScore(sparsity_theta_score); 105ms in CalculateScore(^^^ItemsProcessedScore^^^); ]
I1005 20:08:23.304020 2047873024 master_component.cc:1436] RegularizeModelArgs: rwt_target_name=rwt, pwt_source_name=pwt, nwt_source_name=nwt
I1005 20:08:23.304042 2047873024 master_component.cc:976] MasterComponent: start regularizing model pwt
I1005 20:08:23.327469 29138944 processor.cc:740] No data in processing queue, waiting...
I1005 20:08:23.413540 2047873024 master_component.cc:1002] MasterComponent: complete regularizing model pwt
I1005 20:08:23.413559 2047873024 master_component.cc:1449] NormalizeModelArgs: pwt_target_name=pwt, nwt_source_name=nwt, rwt_source_name=rwt
I1005 20:08:23.413565 2047873024 master_component.cc:1006] MasterComponent: start normalizing model nwt
I1005 20:08:23.489809 2047873024 master_component.cc:1034] MasterComponent: complete normalizing model nwt
I1005 20:08:23.590685 2047873024 master_component.cc:1473] DisposeModel rwt
I1005 20:08:23.606379 2047873024 master_component.cc:1059] FitOffline: ItemsProcessed, num_items=1728, num_batches=2, token_weight=808522, token_weight_in_effect=808522
I1005 20:08:23.606678 2047873024 c_interface.cc:389] Pass FitOfflineMasterModelArgs, batch_filename_size=2, batch_weight_size=2, num_collection_passes=1, reset_nwt=yes to MN4artm4core15MasterComponentEFvRKNS_25FitOfflineMasterModelArgsEE
I1005 20:08:23.606694 2047873024 master_component.cc:1398] ProcessBatchesArgs: nwt_target_name=nwt, batch_filename_size=2, batch_size=0, batch_weight_size=2, pwt_source_name=pwt, num_document_passes=10, regularizer=(name:SmoothSparsePhi, tau:100000), class=(text:1), class=(author:1), reuse_theta=no, opt_for_avx=yes, predict_class_id=, reset_nwt=yes
I1005 20:08:23.626718 29675520 processor.cc:747] Processing queue has data, processing started
I1005 20:08:23.626731 28602368 processor.cc:747] Processing queue has data, processing started
I1005 20:08:23.641381 29675520 processor.cc:820] Processor: start processing batch 9edcad93-fc16-44ef-babc-2bfdcae8eb5f into model nwt
I1005 20:08:23.654425 28602368 processor.cc:820] Processor: start processing batch 7bd3121e-fe96-4fbc-930e-80057f8f7861 into model nwt
I1005 20:08:23.869568 29675520 processor.cc:925] Processor: complete processing batch 9edcad93-fc16-44ef-babc-2bfdcae8eb5f into model nwt
I1005 20:08:23.873850 29675520 cuckoo_watch.h:45] 247ms in ProcessBatch(lectures_batches/aaaaaa.batch) [including 14ms in LoadMessage; 9ms in InitializeSparseNdw; 0ms in InitializeTheta; 0ms in CreateRegularizerAgents; 167ms in InferThetaAndUpdateNwtSparse; 3ms in CalculateScore(sparsity_theta_score); 47ms in CalculateScore(^^^ItemsProcessedScore^^^); ]
I1005 20:08:23.897558 29675520 processor.cc:740] No data in processing queue, waiting...
I1005 20:08:24.153115 28602368 processor.cc:925] Processor: complete processing batch 7bd3121e-fe96-4fbc-930e-80057f8f7861 into model nwt
I1005 20:08:24.158252 28602368 cuckoo_watch.h:45] 531ms in ProcessBatch(lectures_batches/aaaaab.batch) [including 27ms in LoadMessage; 20ms in InitializeSparseNdw; 0ms in InitializeTheta; 0ms in CreateRegularizerAgents; 370ms in InferThetaAndUpdateNwtSparse; 5ms in CalculateScore(sparsity_theta_score); 102ms in CalculateScore(^^^ItemsProcessedScore^^^); ]
I1005 20:08:24.159600 2047873024 master_component.cc:1436] RegularizeModelArgs: rwt_target_name=rwt, pwt_source_name=pwt, nwt_source_name=nwt
I1005 20:08:24.159633 2047873024 master_component.cc:976] MasterComponent: start regularizing model pwt
I1005 20:08:24.182369 28602368 processor.cc:740] No data in processing queue, waiting...
I1005 20:08:24.273265 2047873024 master_component.cc:1002] MasterComponent: complete regularizing model pwt
I1005 20:08:24.273286 2047873024 master_component.cc:1449] NormalizeModelArgs: pwt_target_name=pwt, nwt_source_name=nwt, rwt_source_name=rwt
I1005 20:08:24.273293 2047873024 master_component.cc:1006] MasterComponent: start normalizing model nwt
I1005 20:08:24.348178 2047873024 master_component.cc:1034] MasterComponent: complete normalizing model nwt
I1005 20:08:24.441982 2047873024 master_component.cc:1473] DisposeModel rwt
I1005 20:08:24.457949 2047873024 master_component.cc:1059] FitOffline: ItemsProcessed, num_items=1728, num_batches=2, token_weight=808522, token_weight_in_effect=808522
I1005 20:08:24.458194 2047873024 c_interface.cc:389] Pass FitOfflineMasterModelArgs, batch_filename_size=2, batch_weight_size=2, num_collection_passes=1, reset_nwt=yes to MN4artm4core15MasterComponentEFvRKNS_25FitOfflineMasterModelArgsEE
I1005 20:08:24.458209 2047873024 master_component.cc:1398] ProcessBatchesArgs: nwt_target_name=nwt, batch_filename_size=2, batch_size=0, batch_weight_size=2, pwt_source_name=pwt, num_document_passes=10, regularizer=(name:SmoothSparsePhi, tau:100000), class=(text:1), class=(author:1), reuse_theta=no, opt_for_avx=yes, predict_class_id=, reset_nwt=yes
I1005 20:08:24.479472 26992640 processor.cc:747] Processing queue has data, processing started
I1005 20:08:24.479482 28065792 processor.cc:747] Processing queue has data, processing started
I1005 20:08:24.493790 26992640 processor.cc:820] Processor: start processing batch 9edcad93-fc16-44ef-babc-2bfdcae8eb5f into model nwt
I1005 20:08:24.504643 28065792 processor.cc:820] Processor: start processing batch 7bd3121e-fe96-4fbc-930e-80057f8f7861 into model nwt
I1005 20:08:24.708948 26992640 processor.cc:925] Processor: complete processing batch 9edcad93-fc16-44ef-babc-2bfdcae8eb5f into model nwt
I1005 20:08:24.712198 26992640 cuckoo_watch.h:45] 232ms in ProcessBatch(lectures_batches/aaaaaa.batch) [including 14ms in LoadMessage; 7ms in InitializeSparseNdw; 0ms in InitializeTheta; 0ms in CreateRegularizerAgents; 159ms in InferThetaAndUpdateNwtSparse; 3ms in CalculateScore(sparsity_theta_score); 44ms in CalculateScore(^^^ItemsProcessedScore^^^); ]
I1005 20:08:24.736435 26992640 processor.cc:740] No data in processing queue, waiting...
I1005 20:08:24.990869 28065792 processor.cc:925] Processor: complete processing batch 7bd3121e-fe96-4fbc-930e-80057f8f7861 into model nwt
I1005 20:08:24.996383 28065792 cuckoo_watch.h:45] 516ms in ProcessBatch(lectures_batches/aaaaab.batch) [including 25ms in LoadMessage; 19ms in InitializeSparseNdw; 0ms in InitializeTheta; 0ms in CreateRegularizerAgents; 360ms in InferThetaAndUpdateNwtSparse; 5ms in CalculateScore(sparsity_theta_score); 100ms in CalculateScore(^^^ItemsProcessedScore^^^); ]
I1005 20:08:24.997203 2047873024 master_component.cc:1436] RegularizeModelArgs: rwt_target_name=rwt, pwt_source_name=pwt, nwt_source_name=nwt
I1005 20:08:24.997262 2047873024 master_component.cc:976] MasterComponent: start regularizing model pwt
I1005 20:08:25.020056 28065792 processor.cc:740] No data in processing queue, waiting...
I1005 20:08:25.114564 2047873024 master_component.cc:1002] MasterComponent: complete regularizing model pwt
I1005 20:08:25.114585 2047873024 master_component.cc:1449] NormalizeModelArgs: pwt_target_name=pwt, nwt_source_name=nwt, rwt_source_name=rwt
I1005 20:08:25.114593 2047873024 master_component.cc:1006] MasterComponent: start normalizing model nwt
I1005 20:08:25.200520 2047873024 master_component.cc:1034] MasterComponent: complete normalizing model nwt
I1005 20:08:25.295815 2047873024 master_component.cc:1473] DisposeModel rwt
I1005 20:08:25.314115 2047873024 master_component.cc:1059] FitOffline: ItemsProcessed, num_items=1728, num_batches=2, token_weight=808522, token_weight_in_effect=808522
I1005 20:08:25.314391 2047873024 c_interface.cc:389] Pass FitOfflineMasterModelArgs, batch_filename_size=2, batch_weight_size=2, num_collection_passes=1, reset_nwt=yes to MN4artm4core15MasterComponentEFvRKNS_25FitOfflineMasterModelArgsEE
I1005 20:08:25.314407 2047873024 master_component.cc:1398] ProcessBatchesArgs: nwt_target_name=nwt, batch_filename_size=2, batch_size=0, batch_weight_size=2, pwt_source_name=pwt, num_document_passes=10, regularizer=(name:SmoothSparsePhi, tau:100000), class=(text:1), class=(author:1), reuse_theta=no, opt_for_avx=yes, predict_class_id=, reset_nwt=yes
I1005 20:08:25.332485 25919488 processor.cc:747] Processing queue has data, processing started
I1005 20:08:25.332478 26456064 processor.cc:747] Processing queue has data, processing started
I1005 20:08:25.345721 26456064 processor.cc:820] Processor: start processing batch 9edcad93-fc16-44ef-babc-2bfdcae8eb5f into model nwt
I1005 20:08:25.356541 25919488 processor.cc:820] Processor: start processing batch 7bd3121e-fe96-4fbc-930e-80057f8f7861 into model nwt
I1005 20:08:25.558006 26456064 processor.cc:925] Processor: complete processing batch 9edcad93-fc16-44ef-babc-2bfdcae8eb5f into model nwt
I1005 20:08:25.561269 26456064 cuckoo_watch.h:45] 228ms in ProcessBatch(lectures_batches/aaaaaa.batch) [including 13ms in LoadMessage; 7ms in InitializeSparseNdw; 0ms in InitializeTheta; 0ms in CreateRegularizerAgents; 159ms in InferThetaAndUpdateNwtSparse; 3ms in CalculateScore(sparsity_theta_score); 41ms in CalculateScore(^^^ItemsProcessedScore^^^); ]
I1005 20:08:25.585337 26456064 processor.cc:740] No data in processing queue, waiting...
I1005 20:08:25.832666 25919488 processor.cc:925] Processor: complete processing batch 7bd3121e-fe96-4fbc-930e-80057f8f7861 into model nwt
I1005 20:08:25.838323 25919488 cuckoo_watch.h:45] 505ms in ProcessBatch(lectures_batches/aaaaab.batch) [including 23ms in LoadMessage; 20ms in InitializeSparseNdw; 0ms in InitializeTheta; 0ms in CreateRegularizerAgents; 346ms in InferThetaAndUpdateNwtSparse; 5ms in CalculateScore(sparsity_theta_score); 103ms in CalculateScore(^^^ItemsProcessedScore^^^); ]
I1005 20:08:25.839651 2047873024 master_component.cc:1436] RegularizeModelArgs: rwt_target_name=rwt, pwt_source_name=pwt, nwt_source_name=nwt
I1005 20:08:25.839694 2047873024 master_component.cc:976] MasterComponent: start regularizing model pwt
I1005 20:08:25.862226 25919488 processor.cc:740] No data in processing queue, waiting...
I1005 20:08:25.963117 2047873024 master_component.cc:1002] MasterComponent: complete regularizing model pwt
I1005 20:08:25.963138 2047873024 master_component.cc:1449] NormalizeModelArgs: pwt_target_name=pwt, nwt_source_name=nwt, rwt_source_name=rwt
I1005 20:08:25.963145 2047873024 master_component.cc:1006] MasterComponent: start normalizing model nwt
I1005 20:08:26.046581 2047873024 master_component.cc:1034] MasterComponent: complete normalizing model nwt
I1005 20:08:26.152099 2047873024 master_component.cc:1473] DisposeModel rwt
I1005 20:08:26.170130 2047873024 master_component.cc:1059] FitOffline: ItemsProcessed, num_items=1728, num_batches=2, token_weight=808522, token_weight_in_effect=808522
I1005 20:08:26.170378 2047873024 c_interface.cc:389] Pass FitOfflineMasterModelArgs, batch_filename_size=2, batch_weight_size=2, num_collection_passes=1, reset_nwt=yes to MN4artm4core15MasterComponentEFvRKNS_25FitOfflineMasterModelArgsEE
I1005 20:08:26.170392 2047873024 master_component.cc:1398] ProcessBatchesArgs: nwt_target_name=nwt, batch_filename_size=2, batch_size=0, batch_weight_size=2, pwt_source_name=pwt, num_document_passes=10, regularizer=(name:SmoothSparsePhi, tau:100000), class=(text:1), class=(author:1), reuse_theta=no, opt_for_avx=yes, predict_class_id=, reset_nwt=yes
I1005 20:08:26.188742 27529216 processor.cc:747] Processing queue has data, processing started
I1005 20:08:26.188766 29138944 processor.cc:747] Processing queue has data, processing started
I1005 20:08:26.203367 27529216 processor.cc:820] Processor: start processing batch 9edcad93-fc16-44ef-babc-2bfdcae8eb5f into model nwt
I1005 20:08:26.214704 29138944 processor.cc:820] Processor: start processing batch 7bd3121e-fe96-4fbc-930e-80057f8f7861 into model nwt
I1005 20:08:26.429801 27529216 processor.cc:925] Processor: complete processing batch 9edcad93-fc16-44ef-babc-2bfdcae8eb5f into model nwt
I1005 20:08:26.433578 27529216 cuckoo_watch.h:45] 244ms in ProcessBatch(lectures_batches/aaaaaa.batch) [including 14ms in LoadMessage; 8ms in InitializeSparseNdw; 0ms in InitializeTheta; 0ms in CreateRegularizerAgents; 166ms in InferThetaAndUpdateNwtSparse; 3ms in CalculateScore(sparsity_theta_score); 48ms in CalculateScore(^^^ItemsProcessedScore^^^); ]
I1005 20:08:26.456817 27529216 processor.cc:740] No data in processing queue, waiting...
I1005 20:08:26.711256 29138944 processor.cc:925] Processor: complete processing batch 7bd3121e-fe96-4fbc-930e-80057f8f7861 into model nwt
I1005 20:08:26.716979 29138944 cuckoo_watch.h:45] 528ms in ProcessBatch(lectures_batches/aaaaab.batch) [including 25ms in LoadMessage; 20ms in InitializeSparseNdw; 0ms in InitializeTheta; 0ms in CreateRegularizerAgents; 363ms in InferThetaAndUpdateNwtSparse; 5ms in CalculateScore(sparsity_theta_score); 107ms in CalculateScore(^^^ItemsProcessedScore^^^); ]
I1005 20:08:26.717882 2047873024 master_component.cc:1436] RegularizeModelArgs: rwt_target_name=rwt, pwt_source_name=pwt, nwt_source_name=nwt
I1005 20:08:26.717898 2047873024 master_component.cc:976] MasterComponent: start regularizing model pwt
I1005 20:08:26.740260 29138944 processor.cc:740] No data in processing queue, waiting...
I1005 20:08:26.834477 2047873024 master_component.cc:1002] MasterComponent: complete regularizing model pwt
I1005 20:08:26.834497 2047873024 master_component.cc:1449] NormalizeModelArgs: pwt_target_name=pwt, nwt_source_name=nwt, rwt_source_name=rwt
I1005 20:08:26.834504 2047873024 master_component.cc:1006] MasterComponent: start normalizing model nwt
I1005 20:08:26.919384 2047873024 master_component.cc:1034] MasterComponent: complete normalizing model nwt
I1005 20:08:27.015353 2047873024 master_component.cc:1473] DisposeModel rwt
I1005 20:08:27.032510 2047873024 master_component.cc:1059] FitOffline: ItemsProcessed, num_items=1728, num_batches=2, token_weight=808522, token_weight_in_effect=808522
I1005 20:08:27.032747 2047873024 c_interface.cc:389] Pass FitOfflineMasterModelArgs, batch_filename_size=2, batch_weight_size=2, num_collection_passes=1, reset_nwt=yes to MN4artm4core15MasterComponentEFvRKNS_25FitOfflineMasterModelArgsEE
I1005 20:08:27.032760 2047873024 master_component.cc:1398] ProcessBatchesArgs: nwt_target_name=nwt, batch_filename_size=2, batch_size=0, batch_weight_size=2, pwt_source_name=pwt, num_document_passes=10, regularizer=(name:SmoothSparsePhi, tau:100000), class=(text:1), class=(author:1), reuse_theta=no, opt_for_avx=yes, predict_class_id=, reset_nwt=yes
I1005 20:08:27.051690 26992640 processor.cc:747] Processing queue has data, processing started
I1005 20:08:27.051683 28065792 processor.cc:747] Processing queue has data, processing started
I1005 20:08:27.066942 28065792 processor.cc:820] Processor: start processing batch 9edcad93-fc16-44ef-babc-2bfdcae8eb5f into model nwt
I1005 20:08:27.076700 26992640 processor.cc:820] Processor: start processing batch 7bd3121e-fe96-4fbc-930e-80057f8f7861 into model nwt
I1005 20:08:27.280663 28065792 processor.cc:925] Processor: complete processing batch 9edcad93-fc16-44ef-babc-2bfdcae8eb5f into model nwt
I1005 20:08:27.284581 28065792 cuckoo_watch.h:45] 232ms in ProcessBatch(lectures_batches/aaaaaa.batch) [including 15ms in LoadMessage; 8ms in InitializeSparseNdw; 0ms in InitializeTheta; 0ms in CreateRegularizerAgents; 155ms in InferThetaAndUpdateNwtSparse; 4ms in CalculateScore(sparsity_theta_score); 46ms in CalculateScore(^^^ItemsProcessedScore^^^); ]
I1005 20:08:27.308424 28065792 processor.cc:740] No data in processing queue, waiting...
I1005 20:08:27.561328 26992640 processor.cc:925] Processor: complete processing batch 7bd3121e-fe96-4fbc-930e-80057f8f7861 into model nwt
I1005 20:08:27.568063 26992640 cuckoo_watch.h:45] 516ms in ProcessBatch(lectures_batches/aaaaab.batch) [including 24ms in LoadMessage; 19ms in InitializeSparseNdw; 0ms in InitializeTheta; 0ms in CreateRegularizerAgents; 352ms in InferThetaAndUpdateNwtSparse; 5ms in CalculateScore(sparsity_theta_score); 107ms in CalculateScore(^^^ItemsProcessedScore^^^); ]
I1005 20:08:27.568789 2047873024 master_component.cc:1436] RegularizeModelArgs: rwt_target_name=rwt, pwt_source_name=pwt, nwt_source_name=nwt
I1005 20:08:27.568848 2047873024 master_component.cc:976] MasterComponent: start regularizing model pwt
I1005 20:08:27.591856 26992640 processor.cc:740] No data in processing queue, waiting...
I1005 20:08:27.691309 2047873024 master_component.cc:1002] MasterComponent: complete regularizing model pwt
I1005 20:08:27.691330 2047873024 master_component.cc:1449] NormalizeModelArgs: pwt_target_name=pwt, nwt_source_name=nwt, rwt_source_name=rwt
I1005 20:08:27.691337 2047873024 master_component.cc:1006] MasterComponent: start normalizing model nwt
I1005 20:08:27.776754 2047873024 master_component.cc:1034] MasterComponent: complete normalizing model nwt
I1005 20:08:27.874640 2047873024 master_component.cc:1473] DisposeModel rwt
