I1005 21:16:19.612996 26456064 processor.cc:820] Processor: start processing batch dcac163a-c52b-4687-930c-dd7115082cba into model nwt
I1005 21:16:19.756968 29138944 processor.cc:925] Processor: complete processing batch e5030de3-8abd-4032-8d24-b273d0c8d586 into model nwt
I1005 21:16:19.761194 29138944 cuckoo_watch.h:45] 171ms in ProcessBatch(lectures_batches/aaaaaa.batch) [including 13ms in LoadMessage; 7ms in InitializeSparseNdw; 0ms in FindReuseThetaCacheEntry; 8ms in InitializeTheta; 0ms in CreateRegularizerAgents; 85ms in InferThetaAndUpdateNwtSparse; 0ms in UpdateCacheEntry; 3ms in CalculateScore(sparsity_theta_score); 47ms in CalculateScore(^^^ItemsProcessedScore^^^); ]
I1005 21:16:19.784065 29138944 processor.cc:740] No data in processing queue, waiting...
I1005 21:16:19.911013 26456064 processor.cc:925] Processor: complete processing batch dcac163a-c52b-4687-930c-dd7115082cba into model nwt
I1005 21:16:19.917412 26456064 cuckoo_watch.h:45] 328ms in ProcessBatch(lectures_batches/aaaaab.batch) [including 23ms in LoadMessage; 20ms in InitializeSparseNdw; 0ms in FindReuseThetaCacheEntry; 3ms in InitializeTheta; 0ms in CreateRegularizerAgents; 174ms in InferThetaAndUpdateNwtSparse; 0ms in UpdateCacheEntry; 5ms in CalculateScore(sparsity_theta_score); 93ms in CalculateScore(^^^ItemsProcessedScore^^^); ]
I1005 21:16:19.918448 2047873024 master_component.cc:1436] RegularizeModelArgs: rwt_target_name=rwt, pwt_source_name=pwt, nwt_source_name=nwt
I1005 21:16:19.918478 2047873024 master_component.cc:976] MasterComponent: start regularizing model pwt
I1005 21:16:19.941323 26456064 processor.cc:740] No data in processing queue, waiting...
I1005 21:16:20.041517 2047873024 master_component.cc:1002] MasterComponent: complete regularizing model pwt
I1005 21:16:20.041539 2047873024 master_component.cc:1449] NormalizeModelArgs: pwt_target_name=pwt, nwt_source_name=nwt, rwt_source_name=rwt
I1005 21:16:20.041546 2047873024 master_component.cc:1006] MasterComponent: start normalizing model nwt
I1005 21:16:20.132133 2047873024 master_component.cc:1034] MasterComponent: complete normalizing model nwt
I1005 21:16:20.223135 2047873024 master_component.cc:1473] DisposeModel rwt
I1005 21:16:20.244904 2047873024 master_component.cc:1059] FitOffline: ItemsProcessed, num_items=1728, num_batches=2, token_weight=808522, token_weight_in_effect=808522
I1005 21:16:20.245179 2047873024 c_interface.cc:389] Pass FitOfflineMasterModelArgs, batch_filename_size=2, batch_weight_size=2, num_collection_passes=1, reset_nwt=yes to MN4artm4core15MasterComponentEFvRKNS_25FitOfflineMasterModelArgsEE
I1005 21:16:20.245196 2047873024 master_component.cc:1398] ProcessBatchesArgs: nwt_target_name=nwt, batch_filename_size=2, batch_size=0, batch_weight_size=2, pwt_source_name=pwt, num_document_passes=1, regularizer=(name:SmoothSparsePhi_bcg, tau:100000), class=(text:1), class=(author:1), reuse_theta=yes, opt_for_avx=yes, predict_class_id=, reset_nwt=yes
I1005 21:16:20.266048 28065792 processor.cc:747] Processing queue has data, processing started
I1005 21:16:20.266047 26992640 processor.cc:747] Processing queue has data, processing started
I1005 21:16:20.280691 26992640 processor.cc:820] Processor: start processing batch e5030de3-8abd-4032-8d24-b273d0c8d586 into model nwt
I1005 21:16:20.291445 28065792 processor.cc:820] Processor: start processing batch dcac163a-c52b-4687-930c-dd7115082cba into model nwt
I1005 21:16:20.444016 26992640 processor.cc:925] Processor: complete processing batch e5030de3-8abd-4032-8d24-b273d0c8d586 into model nwt
I1005 21:16:20.449000 26992640 cuckoo_watch.h:45] 182ms in ProcessBatch(lectures_batches/aaaaaa.batch) [including 14ms in LoadMessage; 8ms in InitializeSparseNdw; 0ms in FindReuseThetaCacheEntry; 9ms in InitializeTheta; 0ms in CreateRegularizerAgents; 90ms in InferThetaAndUpdateNwtSparse; 0ms in UpdateCacheEntry; 4ms in CalculateScore(sparsity_theta_score); 50ms in CalculateScore(^^^ItemsProcessedScore^^^); ]
I1005 21:16:20.471899 26992640 processor.cc:740] No data in processing queue, waiting...
I1005 21:16:20.618089 28065792 processor.cc:925] Processor: complete processing batch dcac163a-c52b-4687-930c-dd7115082cba into model nwt
I1005 21:16:20.624900 28065792 cuckoo_watch.h:45] 358ms in ProcessBatch(lectures_batches/aaaaab.batch) [including 25ms in LoadMessage; 22ms in InitializeSparseNdw; 0ms in FindReuseThetaCacheEntry; 3ms in InitializeTheta; 0ms in CreateRegularizerAgents; 183ms in InferThetaAndUpdateNwtSparse; 0ms in UpdateCacheEntry; 6ms in CalculateScore(sparsity_theta_score); 110ms in CalculateScore(^^^ItemsProcessedScore^^^); ]
I1005 21:16:20.625952 2047873024 master_component.cc:1436] RegularizeModelArgs: rwt_target_name=rwt, pwt_source_name=pwt, nwt_source_name=nwt
I1005 21:16:20.625978 2047873024 master_component.cc:976] MasterComponent: start regularizing model pwt
I1005 21:16:20.647498 28065792 processor.cc:740] No data in processing queue, waiting...
I1005 21:16:20.743767 2047873024 master_component.cc:1002] MasterComponent: complete regularizing model pwt
I1005 21:16:20.743789 2047873024 master_component.cc:1449] NormalizeModelArgs: pwt_target_name=pwt, nwt_source_name=nwt, rwt_source_name=rwt
I1005 21:16:20.743796 2047873024 master_component.cc:1006] MasterComponent: start normalizing model nwt
I1005 21:16:20.835852 2047873024 master_component.cc:1034] MasterComponent: complete normalizing model nwt
I1005 21:16:20.928886 2047873024 master_component.cc:1473] DisposeModel rwt
I1005 21:16:20.948066 2047873024 master_component.cc:1059] FitOffline: ItemsProcessed, num_items=1728, num_batches=2, token_weight=808522, token_weight_in_effect=808522
I1005 21:16:20.948314 2047873024 c_interface.cc:389] Pass FitOfflineMasterModelArgs, batch_filename_size=2, batch_weight_size=2, num_collection_passes=1, reset_nwt=yes to MN4artm4core15MasterComponentEFvRKNS_25FitOfflineMasterModelArgsEE
I1005 21:16:20.948328 2047873024 master_component.cc:1398] ProcessBatchesArgs: nwt_target_name=nwt, batch_filename_size=2, batch_size=0, batch_weight_size=2, pwt_source_name=pwt, num_document_passes=1, regularizer=(name:SmoothSparsePhi_bcg, tau:100000), class=(text:1), class=(author:1), reuse_theta=yes, opt_for_avx=yes, predict_class_id=, reset_nwt=yes
I1005 21:16:20.968277 27529216 processor.cc:747] Processing queue has data, processing started
I1005 21:16:20.968278 26992640 processor.cc:747] Processing queue has data, processing started
I1005 21:16:20.983358 27529216 processor.cc:820] Processor: start processing batch e5030de3-8abd-4032-8d24-b273d0c8d586 into model nwt
I1005 21:16:20.994527 26992640 processor.cc:820] Processor: start processing batch dcac163a-c52b-4687-930c-dd7115082cba into model nwt
I1005 21:16:21.153010 27529216 processor.cc:925] Processor: complete processing batch e5030de3-8abd-4032-8d24-b273d0c8d586 into model nwt
I1005 21:16:21.157232 27529216 cuckoo_watch.h:45] 188ms in ProcessBatch(lectures_batches/aaaaaa.batch) [including 14ms in LoadMessage; 8ms in InitializeSparseNdw; 0ms in FindReuseThetaCacheEntry; 9ms in InitializeTheta; 0ms in CreateRegularizerAgents; 92ms in InferThetaAndUpdateNwtSparse; 0ms in UpdateCacheEntry; 4ms in CalculateScore(sparsity_theta_score); 53ms in CalculateScore(^^^ItemsProcessedScore^^^); ]
I1005 21:16:21.179884 27529216 processor.cc:740] No data in processing queue, waiting...
I1005 21:16:21.310298 26992640 processor.cc:925] Processor: complete processing batch dcac163a-c52b-4687-930c-dd7115082cba into model nwt
I1005 21:16:21.317337 26992640 cuckoo_watch.h:45] 348ms in ProcessBatch(lectures_batches/aaaaab.batch) [including 26ms in LoadMessage; 22ms in InitializeSparseNdw; 0ms in FindReuseThetaCacheEntry; 4ms in InitializeTheta; 0ms in CreateRegularizerAgents; 184ms in InferThetaAndUpdateNwtSparse; 0ms in UpdateCacheEntry; 5ms in CalculateScore(sparsity_theta_score); 98ms in CalculateScore(^^^ItemsProcessedScore^^^); ]
I1005 21:16:21.318183 2047873024 master_component.cc:1436] RegularizeModelArgs: rwt_target_name=rwt, pwt_source_name=pwt, nwt_source_name=nwt
I1005 21:16:21.318235 2047873024 master_component.cc:976] MasterComponent: start regularizing model pwt
I1005 21:16:21.341138 26992640 processor.cc:740] No data in processing queue, waiting...
I1005 21:16:21.445092 2047873024 master_component.cc:1002] MasterComponent: complete regularizing model pwt
I1005 21:16:21.445116 2047873024 master_component.cc:1449] NormalizeModelArgs: pwt_target_name=pwt, nwt_source_name=nwt, rwt_source_name=rwt
I1005 21:16:21.445124 2047873024 master_component.cc:1006] MasterComponent: start normalizing model nwt
I1005 21:16:21.537178 2047873024 master_component.cc:1034] MasterComponent: complete normalizing model nwt
I1005 21:16:21.634780 2047873024 master_component.cc:1473] DisposeModel rwt
I1005 21:16:21.654897 2047873024 master_component.cc:1059] FitOffline: ItemsProcessed, num_items=1728, num_batches=2, token_weight=808522, token_weight_in_effect=808522
I1005 21:16:21.664789 2047873024 c_interface.cc:231] ArtmCopyRequestedMessage is copying 1271 bytes...
I1005 21:16:21.687614 2047873024 c_interface.cc:231] ArtmCopyRequestedMessage is copying 1230 bytes...
I1005 21:16:21.692350 2047873024 c_interface.cc:231] ArtmCopyRequestedMessage is copying 1271 bytes...
I1005 21:16:21.694391 2047873024 c_interface.cc:231] ArtmCopyRequestedMessage is copying 1230 bytes...
I1005 21:17:52.504400 2047873024 c_interface.cc:271] Pass MasterModelConfig: topic_name_size=30, class=(text:1), class=(author:1), score_config_size=1, num_processors=0, pwt_name=pwt, nwt_name=nwt, num_document_passes=1, reuse_theta=yes, cache_theta=yes, opt_for_avx=yes, disk_cache_path= to ArtmCreateMasterModel
I1005 21:17:52.504439 2047873024 instance.cc:401] MasterModelConfig.processors_count is automatically set to 8
I1005 21:17:52.504508 24309760 processor.cc:724] Processor thread started
I1005 21:17:52.504508 23773184 processor.cc:724] Processor thread started
I1005 21:17:52.504513 24846336 processor.cc:724] Processor thread started
I1005 21:17:52.504526 34930688 processor.cc:724] Processor thread started
I1005 21:17:52.504540 35467264 processor.cc:724] Processor thread started
I1005 21:17:52.504564 36003840 processor.cc:724] Processor thread started
I1005 21:17:52.504586 2047873024 c_interface.cc:274] Creating MasterModel (id=4)...
I1005 21:17:52.504582 36540416 processor.cc:724] Processor thread started
I1005 21:17:52.504593 37076992 processor.cc:724] Processor thread started
I1005 21:17:52.505162 29138944 processor.cc:732] Processor thread stopped
I1005 21:17:52.505173 29138944 processor.cc:733] Total number of processed batches: 7
I1005 21:17:52.506301 28602368 processor.cc:732] Processor thread stopped
I1005 21:17:52.506314 28602368 processor.cc:733] Total number of processed batches: 6
I1005 21:17:52.507524 28065792 processor.cc:732] Processor thread stopped
I1005 21:17:52.507539 28065792 processor.cc:733] Total number of processed batches: 9
I1005 21:17:52.508675 27529216 processor.cc:732] Processor thread stopped
I1005 21:17:52.508687 27529216 processor.cc:733] Total number of processed batches: 5
I1005 21:17:52.509745 26992640 processor.cc:732] Processor thread stopped
I1005 21:17:52.509758 26992640 processor.cc:733] Total number of processed batches: 10
I1005 21:17:52.511020 26456064 processor.cc:732] Processor thread stopped
I1005 21:17:52.511034 26456064 processor.cc:733] Total number of processed batches: 6
I1005 21:17:52.512106 25919488 processor.cc:732] Processor thread stopped
I1005 21:17:52.512118 25919488 processor.cc:733] Total number of processed batches: 8
I1005 21:17:52.513192 25382912 processor.cc:732] Processor thread stopped
I1005 21:17:52.513201 25382912 processor.cc:733] Total number of processed batches: 9
I1005 21:17:52.527920 24846336 processor.cc:740] No data in processing queue, waiting...
I1005 21:17:52.527931 36540416 processor.cc:740] No data in processing queue, waiting...
I1005 21:17:52.527931 24309760 processor.cc:740] No data in processing queue, waiting...
I1005 21:17:52.527938 35467264 processor.cc:740] No data in processing queue, waiting...
I1005 21:17:52.527948 36003840 processor.cc:740] No data in processing queue, waiting...
I1005 21:17:52.527958 37076992 processor.cc:740] No data in processing queue, waiting...
I1005 21:17:52.527962 34930688 processor.cc:740] No data in processing queue, waiting...
I1005 21:17:52.527968 23773184 processor.cc:740] No data in processing queue, waiting...
I1005 21:17:52.562140 2047873024 c_interface.cc:339] Disposing MasterComponent (id=2)...
I1005 21:17:54.389410 2047873024 c_interface.cc:271] Pass MasterModelConfig: topic_name_size=0, score_config_size=1, num_processors=0, pwt_name=pwt, nwt_name=nwt, num_document_passes=0, reuse_theta=no, cache_theta=no, opt_for_avx=yes, disk_cache_path= to ArtmCreateMasterModel
I1005 21:17:54.389428 2047873024 c_interface.cc:274] Creating MasterModel (id=5)...
I1005 21:17:54.389842 2047873024 c_interface.cc:375] Pass dictionary to MN4artm4core15MasterComponentEFvRKNSt3__112basic_stringIcNS2_11char_traitsIcEENS2_9allocatorIcEEEEE
I1005 21:17:54.397549 2047873024 c_interface.cc:339] Disposing MasterComponent (id=3)...
I1005 21:17:54.397670 2047873024 c_interface.cc:375] Pass dictionary to MN4artm4core15MasterComponentEFvRKNSt3__112basic_stringIcNS2_11char_traitsIcEENS2_9allocatorIcEEEEE
I1005 21:17:54.397802 2047873024 c_interface.cc:389] Pass GatherDictionaryArgs: dictionary_target_name=dictionary, data_path=lectures_batches, symmetric_cooc_values=0 to MN4artm4core15MasterComponentEFvRKNS_20GatherDictionaryArgsEE
I1005 21:17:54.397881 2047873024 dictionary_operations.cc:261] Found 2 batches in 'lectures_batches' folder
I1005 21:17:54.490433 2047873024 dictionary_operations.cc:325] Find 26866 unique tokens in 1728 items
I1005 21:17:54.520170 2047873024 dictionary_operations.cc:589] Dictionary name='dictionary' contains entries: author:539; text:26327; 
I1005 21:17:54.520417 2047873024 c_interface.cc:375] Pass pwt to MN4artm4core15MasterComponentEFvRKNSt3__112basic_stringIcNS2_11char_traitsIcEENS2_9allocatorIcEEEEE
I1005 21:17:54.520438 2047873024 c_interface.cc:375] Pass nwt to MN4artm4core15MasterComponentEFvRKNSt3__112basic_stringIcNS2_11char_traitsIcEENS2_9allocatorIcEEEEE
I1005 21:17:54.520723 2047873024 c_interface.cc:389] Pass InitializeModelArgs: model_name=pwt, dictionary_name=dictionary, topic_name_size=30, seed=-1 to MN4artm4core15MasterComponentEFvRKNS_19InitializeModelArgsEE
I1005 21:17:54.659297 2047873024 master_component.cc:664] InitializeModel() created matrix pwt with 30 topics and 26866 tokens; 
I1005 21:17:54.659575 2047873024 c_interface.cc:389] Pass InitializeModelArgs: model_name=nwt, dictionary_name=dictionary, topic_name_size=30, seed=-1 to MN4artm4core15MasterComponentEFvRKNS_19InitializeModelArgsEE
I1005 21:17:54.805778 2047873024 master_component.cc:664] InitializeModel() created matrix nwt with 30 topics and 26866 tokens; 
I1005 21:17:54.805964 2047873024 c_interface.cc:231] ArtmCopyRequestedMessage is copying 309 bytes...
I1005 21:18:01.191862 2047873024 c_interface.cc:389] Pass MasterModelConfig: topic_name_size=30, class=(text:1), class=(author:1), score_config_size=2, num_processors=0, pwt_name=pwt, nwt_name=nwt, num_document_passes=1, reuse_theta=yes, cache_theta=yes, opt_for_avx=yes, disk_cache_path= to MN4artm4core15MasterComponentEFvRKNS_17MasterModelConfigEE
I1005 21:18:01.191886 2047873024 instance.cc:401] MasterModelConfig.processors_count is automatically set to 8
I1005 21:18:01.192689 2047873024 c_interface.cc:389] Pass MasterModelConfig: topic_name_size=30, class=(text:1), class=(author:1), score_config_size=3, num_processors=0, pwt_name=pwt, nwt_name=nwt, num_document_passes=1, reuse_theta=yes, cache_theta=yes, opt_for_avx=yes, disk_cache_path= to MN4artm4core15MasterComponentEFvRKNS_17MasterModelConfigEE
I1005 21:18:01.192711 2047873024 instance.cc:401] MasterModelConfig.processors_count is automatically set to 8
I1005 21:18:01.193267 2047873024 c_interface.cc:389] Pass MasterModelConfig: topic_name_size=30, class=(text:1), class=(author:1), score_config_size=4, num_processors=0, pwt_name=pwt, nwt_name=nwt, num_document_passes=1, reuse_theta=yes, cache_theta=yes, opt_for_avx=yes, disk_cache_path= to MN4artm4core15MasterComponentEFvRKNS_17MasterModelConfigEE
I1005 21:18:01.193284 2047873024 instance.cc:401] MasterModelConfig.processors_count is automatically set to 8
I1005 21:18:01.193676 2047873024 c_interface.cc:389] Pass MasterModelConfig: topic_name_size=30, class=(text:1), class=(author:1), score_config_size=5, num_processors=0, pwt_name=pwt, nwt_name=nwt, num_document_passes=1, reuse_theta=yes, cache_theta=yes, opt_for_avx=yes, disk_cache_path= to MN4artm4core15MasterComponentEFvRKNS_17MasterModelConfigEE
I1005 21:18:01.193693 2047873024 instance.cc:401] MasterModelConfig.processors_count is automatically set to 8
I1005 21:18:01.194121 2047873024 c_interface.cc:389] Pass MasterModelConfig: topic_name_size=30, class=(text:1), class=(author:1), score_config_size=6, num_processors=0, pwt_name=pwt, nwt_name=nwt, num_document_passes=1, reuse_theta=yes, cache_theta=yes, opt_for_avx=yes, disk_cache_path= to MN4artm4core15MasterComponentEFvRKNS_17MasterModelConfigEE
I1005 21:18:01.194139 2047873024 instance.cc:401] MasterModelConfig.processors_count is automatically set to 8
I1005 21:18:03.062366 2047873024 c_interface.cc:389] Pass MasterModelConfig: topic_name_size=30, class=(text:1), class=(author:1), score_config_size=6, num_processors=0, pwt_name=pwt, nwt_name=nwt, num_document_passes=1, regularizer=(SmoothSparsePhi_bcg:100000), reuse_theta=yes, cache_theta=yes, opt_for_avx=yes, disk_cache_path= to MN4artm4core15MasterComponentEFvRKNS_17MasterModelConfigEE
I1005 21:18:03.062391 2047873024 instance.cc:401] MasterModelConfig.processors_count is automatically set to 8
I1005 21:18:03.062434 2047873024 instance.cc:232] Regularizer 'SmoothSparsePhi_bcg' was cold-reconfigured
I1005 21:18:05.477443 2047873024 c_interface.cc:389] Pass FitOfflineMasterModelArgs, batch_filename_size=2, batch_weight_size=2, num_collection_passes=1, reset_nwt=yes to MN4artm4core15MasterComponentEFvRKNS_25FitOfflineMasterModelArgsEE
I1005 21:18:05.477461 2047873024 master_component.cc:1398] ProcessBatchesArgs: nwt_target_name=nwt, batch_filename_size=2, batch_size=0, batch_weight_size=2, pwt_source_name=pwt, num_document_passes=1, regularizer=(name:SmoothSparsePhi_bcg, tau:100000), class=(text:1), class=(author:1), reuse_theta=yes, opt_for_avx=yes, predict_class_id=, reset_nwt=yes
I1005 21:18:05.489223 35467264 processor.cc:747] Processing queue has data, processing started
I1005 21:18:05.489228 24846336 processor.cc:747] Processing queue has data, processing started
I1005 21:18:05.502873 35467264 processor.cc:820] Processor: start processing batch e5030de3-8abd-4032-8d24-b273d0c8d586 into model nwt
I1005 21:18:05.516384 24846336 processor.cc:820] Processor: start processing batch dcac163a-c52b-4687-930c-dd7115082cba into model nwt
I1005 21:18:05.657572 35467264 processor.cc:925] Processor: complete processing batch e5030de3-8abd-4032-8d24-b273d0c8d586 into model nwt
I1005 21:18:05.661044 35467264 cuckoo_watch.h:45] 171ms in ProcessBatch(lectures_batches/aaaaaa.batch) [including 13ms in LoadMessage; 9ms in InitializeSparseNdw; 0ms in FindReuseThetaCacheEntry; 0ms in InitializeTheta; 0ms in CreateRegularizerAgents; 92ms in InferThetaAndUpdateNwtSparse; 0ms in UpdateCacheEntry; 3ms in CalculateScore(sparsity_theta_score); 48ms in CalculateScore(^^^ItemsProcessedScore^^^); ]
I1005 21:18:05.683362 35467264 processor.cc:740] No data in processing queue, waiting...
I1005 21:18:05.806895 24846336 processor.cc:925] Processor: complete processing batch dcac163a-c52b-4687-930c-dd7115082cba into model nwt
I1005 21:18:05.812613 24846336 cuckoo_watch.h:45] 323ms in ProcessBatch(lectures_batches/aaaaab.batch) [including 27ms in LoadMessage; 24ms in InitializeSparseNdw; 0ms in FindReuseThetaCacheEntry; 0ms in InitializeTheta; 0ms in CreateRegularizerAgents; 166ms in InferThetaAndUpdateNwtSparse; 0ms in UpdateCacheEntry; 5ms in CalculateScore(sparsity_theta_score); 94ms in CalculateScore(^^^ItemsProcessedScore^^^); ]
I1005 21:18:05.813295 2047873024 master_component.cc:1436] RegularizeModelArgs: rwt_target_name=rwt, pwt_source_name=pwt, nwt_source_name=nwt
I1005 21:18:05.813349 2047873024 master_component.cc:976] MasterComponent: start regularizing model pwt
I1005 21:18:05.836694 24846336 processor.cc:740] No data in processing queue, waiting...
I1005 21:18:05.912617 2047873024 master_component.cc:1002] MasterComponent: complete regularizing model pwt
I1005 21:18:05.912637 2047873024 master_component.cc:1449] NormalizeModelArgs: pwt_target_name=pwt, nwt_source_name=nwt, rwt_source_name=rwt
I1005 21:18:05.912643 2047873024 master_component.cc:1006] MasterComponent: start normalizing model nwt
I1005 21:18:05.970484 2047873024 master_component.cc:1034] MasterComponent: complete normalizing model nwt
I1005 21:18:06.064415 2047873024 master_component.cc:1473] DisposeModel rwt
I1005 21:18:06.085311 2047873024 master_component.cc:1059] FitOffline: ItemsProcessed, num_items=1728, num_batches=2, token_weight=808522, token_weight_in_effect=808522
I1005 21:18:06.085621 2047873024 c_interface.cc:389] Pass FitOfflineMasterModelArgs, batch_filename_size=2, batch_weight_size=2, num_collection_passes=1, reset_nwt=yes to MN4artm4core15MasterComponentEFvRKNS_25FitOfflineMasterModelArgsEE
I1005 21:18:06.085645 2047873024 master_component.cc:1398] ProcessBatchesArgs: nwt_target_name=nwt, batch_filename_size=2, batch_size=0, batch_weight_size=2, pwt_source_name=pwt, num_document_passes=1, regularizer=(name:SmoothSparsePhi_bcg, tau:100000), class=(text:1), class=(author:1), reuse_theta=yes, opt_for_avx=yes, predict_class_id=, reset_nwt=yes
I1005 21:18:06.103992 24309760 processor.cc:747] Processing queue has data, processing started
I1005 21:18:06.104032 37076992 processor.cc:747] Processing queue has data, processing started
I1005 21:18:06.119112 24309760 processor.cc:820] Processor: start processing batch e5030de3-8abd-4032-8d24-b273d0c8d586 into model nwt
I1005 21:18:06.129789 37076992 processor.cc:820] Processor: start processing batch dcac163a-c52b-4687-930c-dd7115082cba into model nwt
I1005 21:18:06.276175 24309760 processor.cc:925] Processor: complete processing batch e5030de3-8abd-4032-8d24-b273d0c8d586 into model nwt
I1005 21:18:06.280326 24309760 cuckoo_watch.h:45] 176ms in ProcessBatch(lectures_batches/aaaaaa.batch) [including 15ms in LoadMessage; 8ms in InitializeSparseNdw; 0ms in FindReuseThetaCacheEntry; 8ms in InitializeTheta; 0ms in CreateRegularizerAgents; 87ms in InferThetaAndUpdateNwtSparse; 0ms in UpdateCacheEntry; 3ms in CalculateScore(sparsity_theta_score); 48ms in CalculateScore(^^^ItemsProcessedScore^^^); ]
I1005 21:18:06.302681 24309760 processor.cc:740] No data in processing queue, waiting...
I1005 21:18:06.446275 37076992 processor.cc:925] Processor: complete processing batch dcac163a-c52b-4687-930c-dd7115082cba into model nwt
I1005 21:18:06.452675 37076992 cuckoo_watch.h:45] 348ms in ProcessBatch(lectures_batches/aaaaab.batch) [including 25ms in LoadMessage; 22ms in InitializeSparseNdw; 0ms in FindReuseThetaCacheEntry; 4ms in InitializeTheta; 0ms in CreateRegularizerAgents; 178ms in InferThetaAndUpdateNwtSparse; 0ms in UpdateCacheEntry; 5ms in CalculateScore(sparsity_theta_score); 105ms in CalculateScore(^^^ItemsProcessedScore^^^); ]
I1005 21:18:06.453218 2047873024 master_component.cc:1436] RegularizeModelArgs: rwt_target_name=rwt, pwt_source_name=pwt, nwt_source_name=nwt
I1005 21:18:06.453270 2047873024 master_component.cc:976] MasterComponent: start regularizing model pwt
I1005 21:18:06.476708 37076992 processor.cc:740] No data in processing queue, waiting...
I1005 21:18:06.556506 2047873024 master_component.cc:1002] MasterComponent: complete regularizing model pwt
I1005 21:18:06.556526 2047873024 master_component.cc:1449] NormalizeModelArgs: pwt_target_name=pwt, nwt_source_name=nwt, rwt_source_name=rwt
I1005 21:18:06.556533 2047873024 master_component.cc:1006] MasterComponent: start normalizing model nwt
I1005 21:18:06.616243 2047873024 master_component.cc:1034] MasterComponent: complete normalizing model nwt
I1005 21:18:06.700600 2047873024 master_component.cc:1473] DisposeModel rwt
I1005 21:18:06.718420 2047873024 master_component.cc:1059] FitOffline: ItemsProcessed, num_items=1728, num_batches=2, token_weight=808522, token_weight_in_effect=808522
I1005 21:18:06.718663 2047873024 c_interface.cc:389] Pass FitOfflineMasterModelArgs, batch_filename_size=2, batch_weight_size=2, num_collection_passes=1, reset_nwt=yes to MN4artm4core15MasterComponentEFvRKNS_25FitOfflineMasterModelArgsEE
I1005 21:18:06.718677 2047873024 master_component.cc:1398] ProcessBatchesArgs: nwt_target_name=nwt, batch_filename_size=2, batch_size=0, batch_weight_size=2, pwt_source_name=pwt, num_document_passes=1, regularizer=(name:SmoothSparsePhi_bcg, tau:100000), class=(text:1), class=(author:1), reuse_theta=yes, opt_for_avx=yes, predict_class_id=, reset_nwt=yes
I1005 21:18:06.731782 35467264 processor.cc:747] Processing queue has data, processing started
I1005 21:18:06.731801 36540416 processor.cc:747] Processing queue has data, processing started
I1005 21:18:06.748139 35467264 processor.cc:820] Processor: start processing batch e5030de3-8abd-4032-8d24-b273d0c8d586 into model nwt
I1005 21:18:06.758294 36540416 processor.cc:820] Processor: start processing batch dcac163a-c52b-4687-930c-dd7115082cba into model nwt
I1005 21:18:06.903937 35467264 processor.cc:925] Processor: complete processing batch e5030de3-8abd-4032-8d24-b273d0c8d586 into model nwt
I1005 21:18:06.907806 35467264 cuckoo_watch.h:45] 175ms in ProcessBatch(lectures_batches/aaaaaa.batch) [including 16ms in LoadMessage; 7ms in InitializeSparseNdw; 0ms in FindReuseThetaCacheEntry; 8ms in InitializeTheta; 0ms in CreateRegularizerAgents; 83ms in InferThetaAndUpdateNwtSparse; 0ms in UpdateCacheEntry; 3ms in CalculateScore(sparsity_theta_score); 51ms in CalculateScore(^^^ItemsProcessedScore^^^); ]
I1005 21:18:06.930320 35467264 processor.cc:740] No data in processing queue, waiting...
I1005 21:18:07.055735 36540416 processor.cc:925] Processor: complete processing batch dcac163a-c52b-4687-930c-dd7115082cba into model nwt
I1005 21:18:07.061738 36540416 cuckoo_watch.h:45] 329ms in ProcessBatch(lectures_batches/aaaaab.batch) [including 26ms in LoadMessage; 20ms in InitializeSparseNdw; 0ms in FindReuseThetaCacheEntry; 4ms in InitializeTheta; 0ms in CreateRegularizerAgents; 174ms in InferThetaAndUpdateNwtSparse; 0ms in UpdateCacheEntry; 4ms in CalculateScore(sparsity_theta_score); 92ms in CalculateScore(^^^ItemsProcessedScore^^^); ]
I1005 21:18:07.062077 2047873024 master_component.cc:1436] RegularizeModelArgs: rwt_target_name=rwt, pwt_source_name=pwt, nwt_source_name=nwt
I1005 21:18:07.062120 2047873024 master_component.cc:976] MasterComponent: start regularizing model pwt
I1005 21:18:07.085875 36540416 processor.cc:740] No data in processing queue, waiting...
I1005 21:18:07.158630 2047873024 master_component.cc:1002] MasterComponent: complete regularizing model pwt
I1005 21:18:07.158650 2047873024 master_component.cc:1449] NormalizeModelArgs: pwt_target_name=pwt, nwt_source_name=nwt, rwt_source_name=rwt
I1005 21:18:07.158658 2047873024 master_component.cc:1006] MasterComponent: start normalizing model nwt
I1005 21:18:07.213488 2047873024 master_component.cc:1034] MasterComponent: complete normalizing model nwt
I1005 21:18:07.304023 2047873024 master_component.cc:1473] DisposeModel rwt
I1005 21:18:07.320662 2047873024 master_component.cc:1059] FitOffline: ItemsProcessed, num_items=1728, num_batches=2, token_weight=808522, token_weight_in_effect=808522
I1005 21:18:07.320919 2047873024 c_interface.cc:389] Pass FitOfflineMasterModelArgs, batch_filename_size=2, batch_weight_size=2, num_collection_passes=1, reset_nwt=yes to MN4artm4core15MasterComponentEFvRKNS_25FitOfflineMasterModelArgsEE
I1005 21:18:07.320935 2047873024 master_component.cc:1398] ProcessBatchesArgs: nwt_target_name=nwt, batch_filename_size=2, batch_size=0, batch_weight_size=2, pwt_source_name=pwt, num_document_passes=1, regularizer=(name:SmoothSparsePhi_bcg, tau:100000), class=(text:1), class=(author:1), reuse_theta=yes, opt_for_avx=yes, predict_class_id=, reset_nwt=yes
I1005 21:18:07.336026 34930688 processor.cc:747] Processing queue has data, processing started
I1005 21:18:07.336019 23773184 processor.cc:747] Processing queue has data, processing started
I1005 21:18:07.349352 23773184 processor.cc:820] Processor: start processing batch e5030de3-8abd-4032-8d24-b273d0c8d586 into model nwt
I1005 21:18:07.359946 34930688 processor.cc:820] Processor: start processing batch dcac163a-c52b-4687-930c-dd7115082cba into model nwt
I1005 21:18:07.506544 23773184 processor.cc:925] Processor: complete processing batch e5030de3-8abd-4032-8d24-b273d0c8d586 into model nwt
I1005 21:18:07.510427 23773184 cuckoo_watch.h:45] 174ms in ProcessBatch(lectures_batches/aaaaaa.batch) [including 13ms in LoadMessage; 7ms in InitializeSparseNdw; 0ms in FindReuseThetaCacheEntry; 8ms in InitializeTheta; 0ms in CreateRegularizerAgents; 86ms in InferThetaAndUpdateNwtSparse; 0ms in UpdateCacheEntry; 4ms in CalculateScore(sparsity_theta_score); 50ms in CalculateScore(^^^ItemsProcessedScore^^^); ]
I1005 21:18:07.532963 23773184 processor.cc:740] No data in processing queue, waiting...
I1005 21:18:07.668213 34930688 processor.cc:925] Processor: complete processing batch dcac163a-c52b-4687-930c-dd7115082cba into model nwt
I1005 21:18:07.675078 34930688 cuckoo_watch.h:45] 339ms in ProcessBatch(lectures_batches/aaaaab.batch) [including 23ms in LoadMessage; 21ms in InitializeSparseNdw; 0ms in FindReuseThetaCacheEntry; 4ms in InitializeTheta; 0ms in CreateRegularizerAgents; 179ms in InferThetaAndUpdateNwtSparse; 0ms in UpdateCacheEntry; 5ms in CalculateScore(sparsity_theta_score); 97ms in CalculateScore(^^^ItemsProcessedScore^^^); ]
I1005 21:18:07.676138 2047873024 master_component.cc:1436] RegularizeModelArgs: rwt_target_name=rwt, pwt_source_name=pwt, nwt_source_name=nwt
I1005 21:18:07.676254 2047873024 master_component.cc:976] MasterComponent: start regularizing model pwt
I1005 21:18:07.699349 34930688 processor.cc:740] No data in processing queue, waiting...
I1005 21:18:07.785102 2047873024 master_component.cc:1002] MasterComponent: complete regularizing model pwt
I1005 21:18:07.785123 2047873024 master_component.cc:1449] NormalizeModelArgs: pwt_target_name=pwt, nwt_source_name=nwt, rwt_source_name=rwt
I1005 21:18:07.785130 2047873024 master_component.cc:1006] MasterComponent: start normalizing model nwt
I1005 21:18:07.846156 2047873024 master_component.cc:1034] MasterComponent: complete normalizing model nwt
I1005 21:18:07.927108 2047873024 master_component.cc:1473] DisposeModel rwt
I1005 21:18:07.940423 2047873024 master_component.cc:1059] FitOffline: ItemsProcessed, num_items=1728, num_batches=2, token_weight=808522, token_weight_in_effect=808522
I1005 21:18:07.940656 2047873024 c_interface.cc:389] Pass FitOfflineMasterModelArgs, batch_filename_size=2, batch_weight_size=2, num_collection_passes=1, reset_nwt=yes to MN4artm4core15MasterComponentEFvRKNS_25FitOfflineMasterModelArgsEE
I1005 21:18:07.940668 2047873024 master_component.cc:1398] ProcessBatchesArgs: nwt_target_name=nwt, batch_filename_size=2, batch_size=0, batch_weight_size=2, pwt_source_name=pwt, num_document_passes=1, regularizer=(name:SmoothSparsePhi_bcg, tau:100000), class=(text:1), class=(author:1), reuse_theta=yes, opt_for_avx=yes, predict_class_id=, reset_nwt=yes
I1005 21:18:07.956183 23773184 processor.cc:747] Processing queue has data, processing started
I1005 21:18:07.956207 24309760 processor.cc:747] Processing queue has data, processing started
I1005 21:18:07.969207 23773184 processor.cc:820] Processor: start processing batch e5030de3-8abd-4032-8d24-b273d0c8d586 into model nwt
I1005 21:18:07.980983 24309760 processor.cc:820] Processor: start processing batch dcac163a-c52b-4687-930c-dd7115082cba into model nwt
I1005 21:18:08.134970 23773184 processor.cc:925] Processor: complete processing batch e5030de3-8abd-4032-8d24-b273d0c8d586 into model nwt
I1005 21:18:08.139057 23773184 cuckoo_watch.h:45] 182ms in ProcessBatch(lectures_batches/aaaaaa.batch) [including 12ms in LoadMessage; 7ms in InitializeSparseNdw; 0ms in FindReuseThetaCacheEntry; 9ms in InitializeTheta; 0ms in CreateRegularizerAgents; 92ms in InferThetaAndUpdateNwtSparse; 0ms in UpdateCacheEntry; 4ms in CalculateScore(sparsity_theta_score); 51ms in CalculateScore(^^^ItemsProcessedScore^^^); ]
I1005 21:18:08.162050 23773184 processor.cc:740] No data in processing queue, waiting...
I1005 21:18:08.292541 24309760 processor.cc:925] Processor: complete processing batch dcac163a-c52b-4687-930c-dd7115082cba into model nwt
I1005 21:18:08.299042 24309760 cuckoo_watch.h:45] 342ms in ProcessBatch(lectures_batches/aaaaab.batch) [including 24ms in LoadMessage; 22ms in InitializeSparseNdw; 0ms in FindReuseThetaCacheEntry; 3ms in InitializeTheta; 0ms in CreateRegularizerAgents; 180ms in InferThetaAndUpdateNwtSparse; 0ms in UpdateCacheEntry; 5ms in CalculateScore(sparsity_theta_score); 98ms in CalculateScore(^^^ItemsProcessedScore^^^); ]
I1005 21:18:08.299288 2047873024 master_component.cc:1436] RegularizeModelArgs: rwt_target_name=rwt, pwt_source_name=pwt, nwt_source_name=nwt
I1005 21:18:08.299315 2047873024 master_component.cc:976] MasterComponent: start regularizing model pwt
I1005 21:18:08.323022 24309760 processor.cc:740] No data in processing queue, waiting...
I1005 21:18:08.398416 2047873024 master_component.cc:1002] MasterComponent: complete regularizing model pwt
I1005 21:18:08.398435 2047873024 master_component.cc:1449] NormalizeModelArgs: pwt_target_name=pwt, nwt_source_name=nwt, rwt_source_name=rwt
I1005 21:18:08.398442 2047873024 master_component.cc:1006] MasterComponent: start normalizing model nwt
I1005 21:18:08.453714 2047873024 master_component.cc:1034] MasterComponent: complete normalizing model nwt
I1005 21:18:08.536176 2047873024 master_component.cc:1473] DisposeModel rwt
I1005 21:18:08.552999 2047873024 master_component.cc:1059] FitOffline: ItemsProcessed, num_items=1728, num_batches=2, token_weight=808522, token_weight_in_effect=808522
I1005 21:18:08.553267 2047873024 c_interface.cc:389] Pass FitOfflineMasterModelArgs, batch_filename_size=2, batch_weight_size=2, num_collection_passes=1, reset_nwt=yes to MN4artm4core15MasterComponentEFvRKNS_25FitOfflineMasterModelArgsEE
I1005 21:18:08.553282 2047873024 master_component.cc:1398] ProcessBatchesArgs: nwt_target_name=nwt, batch_filename_size=2, batch_size=0, batch_weight_size=2, pwt_source_name=pwt, num_document_passes=1, regularizer=(name:SmoothSparsePhi_bcg, tau:100000), class=(text:1), class=(author:1), reuse_theta=yes, opt_for_avx=yes, predict_class_id=, reset_nwt=yes
I1005 21:18:08.568670 36003840 processor.cc:747] Processing queue has data, processing started
I1005 21:18:08.568686 23773184 processor.cc:747] Processing queue has data, processing started
I1005 21:18:08.581682 36003840 processor.cc:820] Processor: start processing batch e5030de3-8abd-4032-8d24-b273d0c8d586 into model nwt
I1005 21:18:08.592324 23773184 processor.cc:820] Processor: start processing batch dcac163a-c52b-4687-930c-dd7115082cba into model nwt
I1005 21:18:08.740239 36003840 processor.cc:925] Processor: complete processing batch e5030de3-8abd-4032-8d24-b273d0c8d586 into model nwt
I1005 21:18:08.744176 36003840 cuckoo_watch.h:45] 175ms in ProcessBatch(lectures_batches/aaaaaa.batch) [including 12ms in LoadMessage; 8ms in InitializeSparseNdw; 0ms in FindReuseThetaCacheEntry; 9ms in InitializeTheta; 0ms in CreateRegularizerAgents; 87ms in InferThetaAndUpdateNwtSparse; 0ms in UpdateCacheEntry; 3ms in CalculateScore(sparsity_theta_score); 49ms in CalculateScore(^^^ItemsProcessedScore^^^); ]
I1005 21:18:08.766907 36003840 processor.cc:740] No data in processing queue, waiting...
I1005 21:18:08.904472 23773184 processor.cc:925] Processor: complete processing batch dcac163a-c52b-4687-930c-dd7115082cba into model nwt
I1005 21:18:08.910778 23773184 cuckoo_watch.h:45] 342ms in ProcessBatch(lectures_batches/aaaaab.batch) [including 23ms in LoadMessage; 23ms in InitializeSparseNdw; 0ms in FindReuseThetaCacheEntry; 4ms in InitializeTheta; 0ms in CreateRegularizerAgents; 176ms in InferThetaAndUpdateNwtSparse; 0ms in UpdateCacheEntry; 4ms in CalculateScore(sparsity_theta_score); 103ms in CalculateScore(^^^ItemsProcessedScore^^^); ]
I1005 21:18:08.911432 2047873024 master_component.cc:1436] RegularizeModelArgs: rwt_target_name=rwt, pwt_source_name=pwt, nwt_source_name=nwt
I1005 21:18:08.911475 2047873024 master_component.cc:976] MasterComponent: start regularizing model pwt
I1005 21:18:08.934753 23773184 processor.cc:740] No data in processing queue, waiting...
I1005 21:18:09.007920 2047873024 master_component.cc:1002] MasterComponent: complete regularizing model pwt
I1005 21:18:09.007939 2047873024 master_component.cc:1449] NormalizeModelArgs: pwt_target_name=pwt, nwt_source_name=nwt, rwt_source_name=rwt
I1005 21:18:09.007946 2047873024 master_component.cc:1006] MasterComponent: start normalizing model nwt
I1005 21:18:09.066941 2047873024 master_component.cc:1034] MasterComponent: complete normalizing model nwt
I1005 21:18:09.163478 2047873024 master_component.cc:1473] DisposeModel rwt
I1005 21:18:09.178789 2047873024 master_component.cc:1059] FitOffline: ItemsProcessed, num_items=1728, num_batches=2, token_weight=808522, token_weight_in_effect=808522
I1005 21:18:09.179071 2047873024 c_interface.cc:389] Pass FitOfflineMasterModelArgs, batch_filename_size=2, batch_weight_size=2, num_collection_passes=1, reset_nwt=yes to MN4artm4core15MasterComponentEFvRKNS_25FitOfflineMasterModelArgsEE
I1005 21:18:09.179088 2047873024 master_component.cc:1398] ProcessBatchesArgs: nwt_target_name=nwt, batch_filename_size=2, batch_size=0, batch_weight_size=2, pwt_source_name=pwt, num_document_passes=1, regularizer=(name:SmoothSparsePhi_bcg, tau:100000), class=(text:1), class=(author:1), reuse_theta=yes, opt_for_avx=yes, predict_class_id=, reset_nwt=yes
I1005 21:18:09.195058 34930688 processor.cc:747] Processing queue has data, processing started
I1005 21:18:09.195058 35467264 processor.cc:747] Processing queue has data, processing started
I1005 21:18:09.208163 35467264 processor.cc:820] Processor: start processing batch e5030de3-8abd-4032-8d24-b273d0c8d586 into model nwt
I1005 21:18:09.219590 34930688 processor.cc:820] Processor: start processing batch dcac163a-c52b-4687-930c-dd7115082cba into model nwt
I1005 21:18:09.360934 35467264 processor.cc:925] Processor: complete processing batch e5030de3-8abd-4032-8d24-b273d0c8d586 into model nwt
I1005 21:18:09.364778 35467264 cuckoo_watch.h:45] 169ms in ProcessBatch(lectures_batches/aaaaaa.batch) [including 12ms in LoadMessage; 8ms in InitializeSparseNdw; 0ms in FindReuseThetaCacheEntry; 9ms in InitializeTheta; 0ms in CreateRegularizerAgents; 85ms in InferThetaAndUpdateNwtSparse; 0ms in UpdateCacheEntry; 3ms in CalculateScore(sparsity_theta_score); 45ms in CalculateScore(^^^ItemsProcessedScore^^^); ]
I1005 21:18:09.387172 35467264 processor.cc:740] No data in processing queue, waiting...
I1005 21:18:09.521481 34930688 processor.cc:925] Processor: complete processing batch dcac163a-c52b-4687-930c-dd7115082cba into model nwt
I1005 21:18:09.527155 34930688 cuckoo_watch.h:45] 331ms in ProcessBatch(lectures_batches/aaaaab.batch) [including 24ms in LoadMessage; 22ms in InitializeSparseNdw; 0ms in FindReuseThetaCacheEntry; 4ms in InitializeTheta; 0ms in CreateRegularizerAgents; 176ms in InferThetaAndUpdateNwtSparse; 0ms in UpdateCacheEntry; 5ms in CalculateScore(sparsity_theta_score); 93ms in CalculateScore(^^^ItemsProcessedScore^^^); ]
I1005 21:18:09.527667 2047873024 master_component.cc:1436] RegularizeModelArgs: rwt_target_name=rwt, pwt_source_name=pwt, nwt_source_name=nwt
I1005 21:18:09.527691 2047873024 master_component.cc:976] MasterComponent: start regularizing model pwt
I1005 21:18:09.550012 34930688 processor.cc:740] No data in processing queue, waiting...
I1005 21:18:09.622947 2047873024 master_component.cc:1002] MasterComponent: complete regularizing model pwt
I1005 21:18:09.622967 2047873024 master_component.cc:1449] NormalizeModelArgs: pwt_target_name=pwt, nwt_source_name=nwt, rwt_source_name=rwt
I1005 21:18:09.622973 2047873024 master_component.cc:1006] MasterComponent: start normalizing model nwt
I1005 21:18:09.680763 2047873024 master_component.cc:1034] MasterComponent: complete normalizing model nwt
I1005 21:18:09.762737 2047873024 master_component.cc:1473] DisposeModel rwt
I1005 21:18:09.779245 2047873024 master_component.cc:1059] FitOffline: ItemsProcessed, num_items=1728, num_batches=2, token_weight=808522, token_weight_in_effect=808522
I1005 21:18:09.779487 2047873024 c_interface.cc:389] Pass FitOfflineMasterModelArgs, batch_filename_size=2, batch_weight_size=2, num_collection_passes=1, reset_nwt=yes to MN4artm4core15MasterComponentEFvRKNS_25FitOfflineMasterModelArgsEE
I1005 21:18:09.779501 2047873024 master_component.cc:1398] ProcessBatchesArgs: nwt_target_name=nwt, batch_filename_size=2, batch_size=0, batch_weight_size=2, pwt_source_name=pwt, num_document_passes=1, regularizer=(name:SmoothSparsePhi_bcg, tau:100000), class=(text:1), class=(author:1), reuse_theta=yes, opt_for_avx=yes, predict_class_id=, reset_nwt=yes
I1005 21:18:09.794607 24309760 processor.cc:747] Processing queue has data, processing started
I1005 21:18:09.794629 34930688 processor.cc:747] Processing queue has data, processing started
I1005 21:18:09.808570 24309760 processor.cc:820] Processor: start processing batch e5030de3-8abd-4032-8d24-b273d0c8d586 into model nwt
I1005 21:18:09.819279 34930688 processor.cc:820] Processor: start processing batch dcac163a-c52b-4687-930c-dd7115082cba into model nwt
I1005 21:18:09.967916 24309760 processor.cc:925] Processor: complete processing batch e5030de3-8abd-4032-8d24-b273d0c8d586 into model nwt
I1005 21:18:09.971520 24309760 cuckoo_watch.h:45] 176ms in ProcessBatch(lectures_batches/aaaaaa.batch) [including 13ms in LoadMessage; 8ms in InitializeSparseNdw; 0ms in FindReuseThetaCacheEntry; 8ms in InitializeTheta; 0ms in CreateRegularizerAgents; 88ms in InferThetaAndUpdateNwtSparse; 0ms in UpdateCacheEntry; 3ms in CalculateScore(sparsity_theta_score); 49ms in CalculateScore(^^^ItemsProcessedScore^^^); ]
I1005 21:18:09.993868 24309760 processor.cc:740] No data in processing queue, waiting...
I1005 21:18:10.115924 34930688 processor.cc:925] Processor: complete processing batch dcac163a-c52b-4687-930c-dd7115082cba into model nwt
I1005 21:18:10.121742 34930688 cuckoo_watch.h:45] 327ms in ProcessBatch(lectures_batches/aaaaab.batch) [including 24ms in LoadMessage; 21ms in InitializeSparseNdw; 0ms in FindReuseThetaCacheEntry; 4ms in InitializeTheta; 0ms in CreateRegularizerAgents; 170ms in InferThetaAndUpdateNwtSparse; 0ms in UpdateCacheEntry; 4ms in CalculateScore(sparsity_theta_score); 96ms in CalculateScore(^^^ItemsProcessedScore^^^); ]
I1005 21:18:10.122864 2047873024 master_component.cc:1436] RegularizeModelArgs: rwt_target_name=rwt, pwt_source_name=pwt, nwt_source_name=nwt
I1005 21:18:10.122912 2047873024 master_component.cc:976] MasterComponent: start regularizing model pwt
I1005 21:18:10.145697 34930688 processor.cc:740] No data in processing queue, waiting...
I1005 21:18:10.222364 2047873024 master_component.cc:1002] MasterComponent: complete regularizing model pwt
I1005 21:18:10.222389 2047873024 master_component.cc:1449] NormalizeModelArgs: pwt_target_name=pwt, nwt_source_name=nwt, rwt_source_name=rwt
I1005 21:18:10.222398 2047873024 master_component.cc:1006] MasterComponent: start normalizing model nwt
I1005 21:18:10.291281 2047873024 master_component.cc:1034] MasterComponent: complete normalizing model nwt
I1005 21:18:10.378660 2047873024 master_component.cc:1473] DisposeModel rwt
I1005 21:18:10.398375 2047873024 master_component.cc:1059] FitOffline: ItemsProcessed, num_items=1728, num_batches=2, token_weight=808522, token_weight_in_effect=808522
I1005 21:18:10.398620 2047873024 c_interface.cc:389] Pass FitOfflineMasterModelArgs, batch_filename_size=2, batch_weight_size=2, num_collection_passes=1, reset_nwt=yes to MN4artm4core15MasterComponentEFvRKNS_25FitOfflineMasterModelArgsEE
I1005 21:18:10.398635 2047873024 master_component.cc:1398] ProcessBatchesArgs: nwt_target_name=nwt, batch_filename_size=2, batch_size=0, batch_weight_size=2, pwt_source_name=pwt, num_document_passes=1, regularizer=(name:SmoothSparsePhi_bcg, tau:100000), class=(text:1), class=(author:1), reuse_theta=yes, opt_for_avx=yes, predict_class_id=, reset_nwt=yes
I1005 21:18:10.413694 34930688 processor.cc:747] Processing queue has data, processing started
I1005 21:18:10.413717 35467264 processor.cc:747] Processing queue has data, processing started
I1005 21:18:10.426656 34930688 processor.cc:820] Processor: start processing batch e5030de3-8abd-4032-8d24-b273d0c8d586 into model nwt
I1005 21:18:10.437937 35467264 processor.cc:820] Processor: start processing batch dcac163a-c52b-4687-930c-dd7115082cba into model nwt
I1005 21:18:10.572353 34930688 processor.cc:925] Processor: complete processing batch e5030de3-8abd-4032-8d24-b273d0c8d586 into model nwt
I1005 21:18:10.576933 34930688 cuckoo_watch.h:45] 163ms in ProcessBatch(lectures_batches/aaaaaa.batch) [including 12ms in LoadMessage; 8ms in InitializeSparseNdw; 0ms in FindReuseThetaCacheEntry; 8ms in InitializeTheta; 0ms in CreateRegularizerAgents; 80ms in InferThetaAndUpdateNwtSparse; 0ms in UpdateCacheEntry; 3ms in CalculateScore(sparsity_theta_score); 44ms in CalculateScore(^^^ItemsProcessedScore^^^); ]
I1005 21:18:10.599436 34930688 processor.cc:740] No data in processing queue, waiting...
I1005 21:18:10.730005 35467264 processor.cc:925] Processor: complete processing batch dcac163a-c52b-4687-930c-dd7115082cba into model nwt
I1005 21:18:10.736181 35467264 cuckoo_watch.h:45] 322ms in ProcessBatch(lectures_batches/aaaaab.batch) [including 24ms in LoadMessage; 20ms in InitializeSparseNdw; 0ms in FindReuseThetaCacheEntry; 3ms in InitializeTheta; 0ms in CreateRegularizerAgents; 166ms in InferThetaAndUpdateNwtSparse; 0ms in UpdateCacheEntry; 5ms in CalculateScore(sparsity_theta_score); 95ms in CalculateScore(^^^ItemsProcessedScore^^^); ]
I1005 21:18:10.736793 2047873024 master_component.cc:1436] RegularizeModelArgs: rwt_target_name=rwt, pwt_source_name=pwt, nwt_source_name=nwt
I1005 21:18:10.736882 2047873024 master_component.cc:976] MasterComponent: start regularizing model pwt
I1005 21:18:10.760735 35467264 processor.cc:740] No data in processing queue, waiting...
I1005 21:18:10.832391 2047873024 master_component.cc:1002] MasterComponent: complete regularizing model pwt
I1005 21:18:10.832412 2047873024 master_component.cc:1449] NormalizeModelArgs: pwt_target_name=pwt, nwt_source_name=nwt, rwt_source_name=rwt
I1005 21:18:10.832418 2047873024 master_component.cc:1006] MasterComponent: start normalizing model nwt
I1005 21:18:10.888378 2047873024 master_component.cc:1034] MasterComponent: complete normalizing model nwt
I1005 21:18:10.969609 2047873024 master_component.cc:1473] DisposeModel rwt
I1005 21:18:10.985108 2047873024 master_component.cc:1059] FitOffline: ItemsProcessed, num_items=1728, num_batches=2, token_weight=808522, token_weight_in_effect=808522
I1005 21:18:10.985393 2047873024 c_interface.cc:389] Pass FitOfflineMasterModelArgs, batch_filename_size=2, batch_weight_size=2, num_collection_passes=1, reset_nwt=yes to MN4artm4core15MasterComponentEFvRKNS_25FitOfflineMasterModelArgsEE
I1005 21:18:10.985412 2047873024 master_component.cc:1398] ProcessBatchesArgs: nwt_target_name=nwt, batch_filename_size=2, batch_size=0, batch_weight_size=2, pwt_source_name=pwt, num_document_passes=1, regularizer=(name:SmoothSparsePhi_bcg, tau:100000), class=(text:1), class=(author:1), reuse_theta=yes, opt_for_avx=yes, predict_class_id=, reset_nwt=yes
I1005 21:18:11.000670 35467264 processor.cc:747] Processing queue has data, processing started
I1005 21:18:11.000680 34930688 processor.cc:747] Processing queue has data, processing started
I1005 21:18:11.014660 35467264 processor.cc:820] Processor: start processing batch e5030de3-8abd-4032-8d24-b273d0c8d586 into model nwt
I1005 21:18:11.024698 34930688 processor.cc:820] Processor: start processing batch dcac163a-c52b-4687-930c-dd7115082cba into model nwt
I1005 21:18:11.158452 35467264 processor.cc:925] Processor: complete processing batch e5030de3-8abd-4032-8d24-b273d0c8d586 into model nwt
I1005 21:18:11.162303 35467264 cuckoo_watch.h:45] 161ms in ProcessBatch(lectures_batches/aaaaaa.batch) [including 13ms in LoadMessage; 7ms in InitializeSparseNdw; 0ms in FindReuseThetaCacheEntry; 9ms in InitializeTheta; 0ms in CreateRegularizerAgents; 79ms in InferThetaAndUpdateNwtSparse; 0ms in UpdateCacheEntry; 3ms in CalculateScore(sparsity_theta_score); 43ms in CalculateScore(^^^ItemsProcessedScore^^^); ]
I1005 21:18:11.184357 35467264 processor.cc:740] No data in processing queue, waiting...
I1005 21:18:11.318958 34930688 processor.cc:925] Processor: complete processing batch dcac163a-c52b-4687-930c-dd7115082cba into model nwt
I1005 21:18:11.324285 34930688 cuckoo_watch.h:45] 323ms in ProcessBatch(lectures_batches/aaaaab.batch) [including 23ms in LoadMessage; 20ms in InitializeSparseNdw; 0ms in FindReuseThetaCacheEntry; 3ms in InitializeTheta; 0ms in CreateRegularizerAgents; 165ms in InferThetaAndUpdateNwtSparse; 0ms in UpdateCacheEntry; 4ms in CalculateScore(sparsity_theta_score); 99ms in CalculateScore(^^^ItemsProcessedScore^^^); ]
I1005 21:18:11.325273 2047873024 master_component.cc:1436] RegularizeModelArgs: rwt_target_name=rwt, pwt_source_name=pwt, nwt_source_name=nwt
