I1005 21:05:28.933756 2047873024 master_component.cc:1002] MasterComponent: complete regularizing model pwt
I1005 21:05:28.933776 2047873024 master_component.cc:1449] NormalizeModelArgs: pwt_target_name=pwt, nwt_source_name=nwt, rwt_source_name=rwt
I1005 21:05:28.933782 2047873024 master_component.cc:1006] MasterComponent: start normalizing model nwt
I1005 21:05:29.014827 2047873024 master_component.cc:1034] MasterComponent: complete normalizing model nwt
I1005 21:05:29.090731 2047873024 master_component.cc:1473] DisposeModel rwt
I1005 21:05:29.105093 2047873024 master_component.cc:1059] FitOffline: ItemsProcessed, num_items=1728, num_batches=2, token_weight=808522, token_weight_in_effect=808522
I1005 21:05:29.105335 2047873024 c_interface.cc:389] Pass FitOfflineMasterModelArgs, batch_filename_size=2, batch_weight_size=2, num_collection_passes=1, reset_nwt=yes to MN4artm4core15MasterComponentEFvRKNS_25FitOfflineMasterModelArgsEE
I1005 21:05:29.105350 2047873024 master_component.cc:1398] ProcessBatchesArgs: nwt_target_name=nwt, batch_filename_size=2, batch_size=0, batch_weight_size=2, pwt_source_name=pwt, num_document_passes=1, regularizer=(name:SmoothSparsePhi_bcg, tau:100), class=(author:1), class=(text:1), reuse_theta=yes, opt_for_avx=yes, predict_class_id=, reset_nwt=yes
I1005 21:05:29.123487 24309760 processor.cc:747] Processing queue has data, processing started
I1005 21:05:29.123520 25919488 processor.cc:747] Processing queue has data, processing started
I1005 21:05:29.136893 24309760 processor.cc:820] Processor: start processing batch 971465db-d459-45dc-ab7c-30c5e49ec8d0 into model nwt
I1005 21:05:29.147097 25919488 processor.cc:820] Processor: start processing batch 12d9ebe3-8112-491c-95b2-8a8eddac7cb4 into model nwt
I1005 21:05:29.295506 24309760 processor.cc:925] Processor: complete processing batch 971465db-d459-45dc-ab7c-30c5e49ec8d0 into model nwt
I1005 21:05:29.299376 24309760 cuckoo_watch.h:45] 175ms in ProcessBatch(lectures_batches/aaaaaa.batch) [including 13ms in LoadMessage; 7ms in InitializeSparseNdw; 0ms in FindReuseThetaCacheEntry; 7ms in InitializeTheta; 0ms in CreateRegularizerAgents; 90ms in InferThetaAndUpdateNwtSparse; 0ms in UpdateCacheEntry; 3ms in CalculateScore(sparsity_theta_score); 48ms in CalculateScore(^^^ItemsProcessedScore^^^); ]
I1005 21:05:29.321575 24309760 processor.cc:740] No data in processing queue, waiting...
I1005 21:05:29.473356 25919488 processor.cc:925] Processor: complete processing batch 12d9ebe3-8112-491c-95b2-8a8eddac7cb4 into model nwt
I1005 21:05:29.480681 25919488 cuckoo_watch.h:45] 357ms in ProcessBatch(lectures_batches/aaaaab.batch) [including 23ms in LoadMessage; 19ms in InitializeSparseNdw; 0ms in FindReuseThetaCacheEntry; 3ms in InitializeTheta; 0ms in CreateRegularizerAgents; 185ms in InferThetaAndUpdateNwtSparse; 0ms in UpdateCacheEntry; 6ms in CalculateScore(sparsity_theta_score); 111ms in CalculateScore(^^^ItemsProcessedScore^^^); ]
I1005 21:05:29.481465 2047873024 master_component.cc:1436] RegularizeModelArgs: rwt_target_name=rwt, pwt_source_name=pwt, nwt_source_name=nwt
I1005 21:05:29.481523 2047873024 master_component.cc:976] MasterComponent: start regularizing model pwt
I1005 21:05:29.504603 25919488 processor.cc:740] No data in processing queue, waiting...
I1005 21:05:29.580740 2047873024 master_component.cc:1002] MasterComponent: complete regularizing model pwt
I1005 21:05:29.580760 2047873024 master_component.cc:1449] NormalizeModelArgs: pwt_target_name=pwt, nwt_source_name=nwt, rwt_source_name=rwt
I1005 21:05:29.580766 2047873024 master_component.cc:1006] MasterComponent: start normalizing model nwt
I1005 21:05:29.655972 2047873024 master_component.cc:1034] MasterComponent: complete normalizing model nwt
I1005 21:05:29.726666 2047873024 master_component.cc:1473] DisposeModel rwt
I1005 21:05:29.741005 2047873024 master_component.cc:1059] FitOffline: ItemsProcessed, num_items=1728, num_batches=2, token_weight=808522, token_weight_in_effect=808522
I1005 21:05:29.741238 2047873024 c_interface.cc:389] Pass FitOfflineMasterModelArgs, batch_filename_size=2, batch_weight_size=2, num_collection_passes=1, reset_nwt=yes to MN4artm4core15MasterComponentEFvRKNS_25FitOfflineMasterModelArgsEE
I1005 21:05:29.741251 2047873024 master_component.cc:1398] ProcessBatchesArgs: nwt_target_name=nwt, batch_filename_size=2, batch_size=0, batch_weight_size=2, pwt_source_name=pwt, num_document_passes=1, regularizer=(name:SmoothSparsePhi_bcg, tau:100), class=(author:1), class=(text:1), reuse_theta=yes, opt_for_avx=yes, predict_class_id=, reset_nwt=yes
I1005 21:05:29.760987 24309760 processor.cc:747] Processing queue has data, processing started
I1005 21:05:29.760987 25382912 processor.cc:747] Processing queue has data, processing started
I1005 21:05:29.774783 24309760 processor.cc:820] Processor: start processing batch 971465db-d459-45dc-ab7c-30c5e49ec8d0 into model nwt
I1005 21:05:29.785537 25382912 processor.cc:820] Processor: start processing batch 12d9ebe3-8112-491c-95b2-8a8eddac7cb4 into model nwt
I1005 21:05:29.935215 24309760 processor.cc:925] Processor: complete processing batch 971465db-d459-45dc-ab7c-30c5e49ec8d0 into model nwt
I1005 21:05:29.939797 24309760 cuckoo_watch.h:45] 178ms in ProcessBatch(lectures_batches/aaaaaa.batch) [including 13ms in LoadMessage; 9ms in InitializeSparseNdw; 0ms in FindReuseThetaCacheEntry; 8ms in InitializeTheta; 0ms in CreateRegularizerAgents; 89ms in InferThetaAndUpdateNwtSparse; 0ms in UpdateCacheEntry; 4ms in CalculateScore(sparsity_theta_score); 48ms in CalculateScore(^^^ItemsProcessedScore^^^); ]
I1005 21:05:29.962707 24309760 processor.cc:740] No data in processing queue, waiting...
I1005 21:05:30.104163 25382912 processor.cc:925] Processor: complete processing batch 12d9ebe3-8112-491c-95b2-8a8eddac7cb4 into model nwt
I1005 21:05:30.111166 25382912 cuckoo_watch.h:45] 350ms in ProcessBatch(lectures_batches/aaaaab.batch) [including 24ms in LoadMessage; 21ms in InitializeSparseNdw; 0ms in FindReuseThetaCacheEntry; 3ms in InitializeTheta; 0ms in CreateRegularizerAgents; 182ms in InferThetaAndUpdateNwtSparse; 0ms in UpdateCacheEntry; 4ms in CalculateScore(sparsity_theta_score); 106ms in CalculateScore(^^^ItemsProcessedScore^^^); ]
I1005 21:05:30.111794 2047873024 master_component.cc:1436] RegularizeModelArgs: rwt_target_name=rwt, pwt_source_name=pwt, nwt_source_name=nwt
I1005 21:05:30.111840 2047873024 master_component.cc:976] MasterComponent: start regularizing model pwt
I1005 21:05:30.134719 25382912 processor.cc:740] No data in processing queue, waiting...
I1005 21:05:30.224797 2047873024 master_component.cc:1002] MasterComponent: complete regularizing model pwt
I1005 21:05:30.224815 2047873024 master_component.cc:1449] NormalizeModelArgs: pwt_target_name=pwt, nwt_source_name=nwt, rwt_source_name=rwt
I1005 21:05:30.224822 2047873024 master_component.cc:1006] MasterComponent: start normalizing model nwt
I1005 21:05:30.320482 2047873024 master_component.cc:1034] MasterComponent: complete normalizing model nwt
I1005 21:05:30.405285 2047873024 master_component.cc:1473] DisposeModel rwt
I1005 21:05:30.422562 2047873024 master_component.cc:1059] FitOffline: ItemsProcessed, num_items=1728, num_batches=2, token_weight=808522, token_weight_in_effect=808522
I1005 21:05:30.422834 2047873024 c_interface.cc:389] Pass FitOfflineMasterModelArgs, batch_filename_size=2, batch_weight_size=2, num_collection_passes=1, reset_nwt=yes to MN4artm4core15MasterComponentEFvRKNS_25FitOfflineMasterModelArgsEE
I1005 21:05:30.422848 2047873024 master_component.cc:1398] ProcessBatchesArgs: nwt_target_name=nwt, batch_filename_size=2, batch_size=0, batch_weight_size=2, pwt_source_name=pwt, num_document_passes=1, regularizer=(name:SmoothSparsePhi_bcg, tau:100), class=(author:1), class=(text:1), reuse_theta=yes, opt_for_avx=yes, predict_class_id=, reset_nwt=yes
I1005 21:05:30.440795 24309760 processor.cc:747] Processing queue has data, processing started
I1005 21:05:30.440791 23773184 processor.cc:747] Processing queue has data, processing started
I1005 21:05:30.454797 23773184 processor.cc:820] Processor: start processing batch 971465db-d459-45dc-ab7c-30c5e49ec8d0 into model nwt
I1005 21:05:30.465739 24309760 processor.cc:820] Processor: start processing batch 12d9ebe3-8112-491c-95b2-8a8eddac7cb4 into model nwt
I1005 21:05:30.622324 23773184 processor.cc:925] Processor: complete processing batch 971465db-d459-45dc-ab7c-30c5e49ec8d0 into model nwt
I1005 21:05:30.626591 23773184 cuckoo_watch.h:45] 185ms in ProcessBatch(lectures_batches/aaaaaa.batch) [including 13ms in LoadMessage; 8ms in InitializeSparseNdw; 0ms in FindReuseThetaCacheEntry; 8ms in InitializeTheta; 0ms in CreateRegularizerAgents; 92ms in InferThetaAndUpdateNwtSparse; 0ms in UpdateCacheEntry; 4ms in CalculateScore(sparsity_theta_score); 53ms in CalculateScore(^^^ItemsProcessedScore^^^); ]
I1005 21:05:30.649005 23773184 processor.cc:740] No data in processing queue, waiting...
I1005 21:05:30.796025 24309760 processor.cc:925] Processor: complete processing batch 12d9ebe3-8112-491c-95b2-8a8eddac7cb4 into model nwt
I1005 21:05:30.802403 24309760 cuckoo_watch.h:45] 361ms in ProcessBatch(lectures_batches/aaaaab.batch) [including 24ms in LoadMessage; 22ms in InitializeSparseNdw; 0ms in FindReuseThetaCacheEntry; 3ms in InitializeTheta; 0ms in CreateRegularizerAgents; 184ms in InferThetaAndUpdateNwtSparse; 0ms in UpdateCacheEntry; 5ms in CalculateScore(sparsity_theta_score); 114ms in CalculateScore(^^^ItemsProcessedScore^^^); ]
I1005 21:05:30.803625 2047873024 master_component.cc:1436] RegularizeModelArgs: rwt_target_name=rwt, pwt_source_name=pwt, nwt_source_name=nwt
I1005 21:05:30.803689 2047873024 master_component.cc:976] MasterComponent: start regularizing model pwt
I1005 21:05:30.826761 24309760 processor.cc:740] No data in processing queue, waiting...
I1005 21:05:30.903517 2047873024 master_component.cc:1002] MasterComponent: complete regularizing model pwt
I1005 21:05:30.903535 2047873024 master_component.cc:1449] NormalizeModelArgs: pwt_target_name=pwt, nwt_source_name=nwt, rwt_source_name=rwt
I1005 21:05:30.903542 2047873024 master_component.cc:1006] MasterComponent: start normalizing model nwt
I1005 21:05:30.990586 2047873024 master_component.cc:1034] MasterComponent: complete normalizing model nwt
I1005 21:05:31.070025 2047873024 master_component.cc:1473] DisposeModel rwt
I1005 21:05:31.084852 2047873024 master_component.cc:1059] FitOffline: ItemsProcessed, num_items=1728, num_batches=2, token_weight=808522, token_weight_in_effect=808522
I1005 21:05:31.085177 2047873024 c_interface.cc:389] Pass FitOfflineMasterModelArgs, batch_filename_size=2, batch_weight_size=2, num_collection_passes=1, reset_nwt=yes to MN4artm4core15MasterComponentEFvRKNS_25FitOfflineMasterModelArgsEE
I1005 21:05:31.085196 2047873024 master_component.cc:1398] ProcessBatchesArgs: nwt_target_name=nwt, batch_filename_size=2, batch_size=0, batch_weight_size=2, pwt_source_name=pwt, num_document_passes=1, regularizer=(name:SmoothSparsePhi_bcg, tau:100), class=(author:1), class=(text:1), reuse_theta=yes, opt_for_avx=yes, predict_class_id=, reset_nwt=yes
I1005 21:05:31.105141 26992640 processor.cc:747] Processing queue has data, processing started
I1005 21:05:31.105154 27529216 processor.cc:747] Processing queue has data, processing started
I1005 21:05:31.119405 26992640 processor.cc:820] Processor: start processing batch 971465db-d459-45dc-ab7c-30c5e49ec8d0 into model nwt
I1005 21:05:31.129986 27529216 processor.cc:820] Processor: start processing batch 12d9ebe3-8112-491c-95b2-8a8eddac7cb4 into model nwt
I1005 21:05:31.292091 26992640 processor.cc:925] Processor: complete processing batch 971465db-d459-45dc-ab7c-30c5e49ec8d0 into model nwt
I1005 21:05:31.297646 26992640 cuckoo_watch.h:45] 192ms in ProcessBatch(lectures_batches/aaaaaa.batch) [including 14ms in LoadMessage; 8ms in InitializeSparseNdw; 0ms in FindReuseThetaCacheEntry; 9ms in InitializeTheta; 0ms in CreateRegularizerAgents; 96ms in InferThetaAndUpdateNwtSparse; 0ms in UpdateCacheEntry; 4ms in CalculateScore(sparsity_theta_score); 53ms in CalculateScore(^^^ItemsProcessedScore^^^); ]
I1005 21:05:31.321111 26992640 processor.cc:740] No data in processing queue, waiting...
I1005 21:05:31.465154 27529216 processor.cc:925] Processor: complete processing batch 12d9ebe3-8112-491c-95b2-8a8eddac7cb4 into model nwt
I1005 21:05:31.472152 27529216 cuckoo_watch.h:45] 366ms in ProcessBatch(lectures_batches/aaaaab.batch) [including 24ms in LoadMessage; 22ms in InitializeSparseNdw; 0ms in FindReuseThetaCacheEntry; 4ms in InitializeTheta; 0ms in CreateRegularizerAgents; 189ms in InferThetaAndUpdateNwtSparse; 0ms in UpdateCacheEntry; 5ms in CalculateScore(sparsity_theta_score); 113ms in CalculateScore(^^^ItemsProcessedScore^^^); ]
I1005 21:05:31.473155 2047873024 master_component.cc:1436] RegularizeModelArgs: rwt_target_name=rwt, pwt_source_name=pwt, nwt_source_name=nwt
I1005 21:05:31.473196 2047873024 master_component.cc:976] MasterComponent: start regularizing model pwt
I1005 21:05:31.496243 27529216 processor.cc:740] No data in processing queue, waiting...
I1005 21:05:31.575103 2047873024 master_component.cc:1002] MasterComponent: complete regularizing model pwt
I1005 21:05:31.575122 2047873024 master_component.cc:1449] NormalizeModelArgs: pwt_target_name=pwt, nwt_source_name=nwt, rwt_source_name=rwt
I1005 21:05:31.575129 2047873024 master_component.cc:1006] MasterComponent: start normalizing model nwt
I1005 21:05:31.654002 2047873024 master_component.cc:1034] MasterComponent: complete normalizing model nwt
I1005 21:05:31.725862 2047873024 master_component.cc:1473] DisposeModel rwt
I1005 21:05:31.742488 2047873024 master_component.cc:1059] FitOffline: ItemsProcessed, num_items=1728, num_batches=2, token_weight=808522, token_weight_in_effect=808522
I1005 21:05:31.742738 2047873024 c_interface.cc:389] Pass FitOfflineMasterModelArgs, batch_filename_size=2, batch_weight_size=2, num_collection_passes=1, reset_nwt=yes to MN4artm4core15MasterComponentEFvRKNS_25FitOfflineMasterModelArgsEE
I1005 21:05:31.742753 2047873024 master_component.cc:1398] ProcessBatchesArgs: nwt_target_name=nwt, batch_filename_size=2, batch_size=0, batch_weight_size=2, pwt_source_name=pwt, num_document_passes=1, regularizer=(name:SmoothSparsePhi_bcg, tau:100), class=(author:1), class=(text:1), reuse_theta=yes, opt_for_avx=yes, predict_class_id=, reset_nwt=yes
I1005 21:05:31.760123 27529216 processor.cc:747] Processing queue has data, processing started
I1005 21:05:31.761394 24846336 processor.cc:747] Processing queue has data, processing started
I1005 21:05:31.776568 27529216 processor.cc:820] Processor: start processing batch 971465db-d459-45dc-ab7c-30c5e49ec8d0 into model nwt
I1005 21:05:31.787199 24846336 processor.cc:820] Processor: start processing batch 12d9ebe3-8112-491c-95b2-8a8eddac7cb4 into model nwt
I1005 21:05:31.949120 27529216 processor.cc:925] Processor: complete processing batch 971465db-d459-45dc-ab7c-30c5e49ec8d0 into model nwt
I1005 21:05:31.954080 27529216 cuckoo_watch.h:45] 193ms in ProcessBatch(lectures_batches/aaaaaa.batch) [including 16ms in LoadMessage; 9ms in InitializeSparseNdw; 0ms in FindReuseThetaCacheEntry; 8ms in InitializeTheta; 0ms in CreateRegularizerAgents; 96ms in InferThetaAndUpdateNwtSparse; 0ms in UpdateCacheEntry; 3ms in CalculateScore(sparsity_theta_score); 53ms in CalculateScore(^^^ItemsProcessedScore^^^); ]
I1005 21:05:31.976531 27529216 processor.cc:740] No data in processing queue, waiting...
I1005 21:05:32.106866 24846336 processor.cc:925] Processor: complete processing batch 12d9ebe3-8112-491c-95b2-8a8eddac7cb4 into model nwt
I1005 21:05:32.115344 24846336 cuckoo_watch.h:45] 353ms in ProcessBatch(lectures_batches/aaaaab.batch) [including 25ms in LoadMessage; 19ms in InitializeSparseNdw; 0ms in FindReuseThetaCacheEntry; 3ms in InitializeTheta; 0ms in CreateRegularizerAgents; 181ms in InferThetaAndUpdateNwtSparse; 0ms in UpdateCacheEntry; 6ms in CalculateScore(sparsity_theta_score); 108ms in CalculateScore(^^^ItemsProcessedScore^^^); ]
I1005 21:05:32.115664 2047873024 master_component.cc:1436] RegularizeModelArgs: rwt_target_name=rwt, pwt_source_name=pwt, nwt_source_name=nwt
I1005 21:05:32.115702 2047873024 master_component.cc:976] MasterComponent: start regularizing model pwt
I1005 21:05:32.139685 24846336 processor.cc:740] No data in processing queue, waiting...
I1005 21:05:32.221971 2047873024 master_component.cc:1002] MasterComponent: complete regularizing model pwt
I1005 21:05:32.221992 2047873024 master_component.cc:1449] NormalizeModelArgs: pwt_target_name=pwt, nwt_source_name=nwt, rwt_source_name=rwt
I1005 21:05:32.221999 2047873024 master_component.cc:1006] MasterComponent: start normalizing model nwt
I1005 21:05:32.311031 2047873024 master_component.cc:1034] MasterComponent: complete normalizing model nwt
I1005 21:05:32.386647 2047873024 master_component.cc:1473] DisposeModel rwt
I1005 21:05:32.404698 2047873024 master_component.cc:1059] FitOffline: ItemsProcessed, num_items=1728, num_batches=2, token_weight=808522, token_weight_in_effect=808522
I1005 21:05:32.404932 2047873024 c_interface.cc:389] Pass FitOfflineMasterModelArgs, batch_filename_size=2, batch_weight_size=2, num_collection_passes=1, reset_nwt=yes to MN4artm4core15MasterComponentEFvRKNS_25FitOfflineMasterModelArgsEE
I1005 21:05:32.404944 2047873024 master_component.cc:1398] ProcessBatchesArgs: nwt_target_name=nwt, batch_filename_size=2, batch_size=0, batch_weight_size=2, pwt_source_name=pwt, num_document_passes=1, regularizer=(name:SmoothSparsePhi_bcg, tau:100), class=(author:1), class=(text:1), reuse_theta=yes, opt_for_avx=yes, predict_class_id=, reset_nwt=yes
I1005 21:05:32.424087 25919488 processor.cc:747] Processing queue has data, processing started
I1005 21:05:32.424124 23773184 processor.cc:747] Processing queue has data, processing started
I1005 21:05:32.437983 25919488 processor.cc:820] Processor: start processing batch 971465db-d459-45dc-ab7c-30c5e49ec8d0 into model nwt
I1005 21:05:32.449944 23773184 processor.cc:820] Processor: start processing batch 12d9ebe3-8112-491c-95b2-8a8eddac7cb4 into model nwt
I1005 21:05:32.597622 25919488 processor.cc:925] Processor: complete processing batch 971465db-d459-45dc-ab7c-30c5e49ec8d0 into model nwt
I1005 21:05:32.602450 25919488 cuckoo_watch.h:45] 178ms in ProcessBatch(lectures_batches/aaaaaa.batch) [including 13ms in LoadMessage; 8ms in InitializeSparseNdw; 0ms in FindReuseThetaCacheEntry; 8ms in InitializeTheta; 0ms in CreateRegularizerAgents; 91ms in InferThetaAndUpdateNwtSparse; 0ms in UpdateCacheEntry; 3ms in CalculateScore(sparsity_theta_score); 46ms in CalculateScore(^^^ItemsProcessedScore^^^); ]
I1005 21:05:32.624572 25919488 processor.cc:740] No data in processing queue, waiting...
I1005 21:05:32.757134 23773184 processor.cc:925] Processor: complete processing batch 12d9ebe3-8112-491c-95b2-8a8eddac7cb4 into model nwt
I1005 21:05:32.763046 23773184 cuckoo_watch.h:45] 338ms in ProcessBatch(lectures_batches/aaaaab.batch) [including 25ms in LoadMessage; 21ms in InitializeSparseNdw; 0ms in FindReuseThetaCacheEntry; 3ms in InitializeTheta; 0ms in CreateRegularizerAgents; 177ms in InferThetaAndUpdateNwtSparse; 0ms in UpdateCacheEntry; 5ms in CalculateScore(sparsity_theta_score); 98ms in CalculateScore(^^^ItemsProcessedScore^^^); ]
I1005 21:05:32.763236 2047873024 master_component.cc:1436] RegularizeModelArgs: rwt_target_name=rwt, pwt_source_name=pwt, nwt_source_name=nwt
I1005 21:05:32.763260 2047873024 master_component.cc:976] MasterComponent: start regularizing model pwt
I1005 21:05:32.787444 23773184 processor.cc:740] No data in processing queue, waiting...
I1005 21:05:32.872635 2047873024 master_component.cc:1002] MasterComponent: complete regularizing model pwt
I1005 21:05:32.872656 2047873024 master_component.cc:1449] NormalizeModelArgs: pwt_target_name=pwt, nwt_source_name=nwt, rwt_source_name=rwt
I1005 21:05:32.872663 2047873024 master_component.cc:1006] MasterComponent: start normalizing model nwt
I1005 21:05:32.954965 2047873024 master_component.cc:1034] MasterComponent: complete normalizing model nwt
I1005 21:05:33.045923 2047873024 master_component.cc:1473] DisposeModel rwt
I1005 21:05:33.068955 2047873024 master_component.cc:1059] FitOffline: ItemsProcessed, num_items=1728, num_batches=2, token_weight=808522, token_weight_in_effect=808522
I1005 21:05:33.069250 2047873024 c_interface.cc:389] Pass FitOfflineMasterModelArgs, batch_filename_size=2, batch_weight_size=2, num_collection_passes=1, reset_nwt=yes to MN4artm4core15MasterComponentEFvRKNS_25FitOfflineMasterModelArgsEE
I1005 21:05:33.069269 2047873024 master_component.cc:1398] ProcessBatchesArgs: nwt_target_name=nwt, batch_filename_size=2, batch_size=0, batch_weight_size=2, pwt_source_name=pwt, num_document_passes=1, regularizer=(name:SmoothSparsePhi_bcg, tau:100), class=(author:1), class=(text:1), reuse_theta=yes, opt_for_avx=yes, predict_class_id=, reset_nwt=yes
I1005 21:05:33.092010 24846336 processor.cc:747] Processing queue has data, processing started
I1005 21:05:33.092015 26456064 processor.cc:747] Processing queue has data, processing started
I1005 21:05:33.108134 24846336 processor.cc:820] Processor: start processing batch 971465db-d459-45dc-ab7c-30c5e49ec8d0 into model nwt
I1005 21:05:33.120200 26456064 processor.cc:820] Processor: start processing batch 12d9ebe3-8112-491c-95b2-8a8eddac7cb4 into model nwt
I1005 21:05:33.285639 24846336 processor.cc:925] Processor: complete processing batch 971465db-d459-45dc-ab7c-30c5e49ec8d0 into model nwt
I1005 21:05:33.290501 24846336 cuckoo_watch.h:45] 198ms in ProcessBatch(lectures_batches/aaaaaa.batch) [including 15ms in LoadMessage; 9ms in InitializeSparseNdw; 0ms in FindReuseThetaCacheEntry; 8ms in InitializeTheta; 0ms in CreateRegularizerAgents; 99ms in InferThetaAndUpdateNwtSparse; 0ms in UpdateCacheEntry; 5ms in CalculateScore(sparsity_theta_score); 53ms in CalculateScore(^^^ItemsProcessedScore^^^); ]
I1005 21:05:33.312130 24846336 processor.cc:740] No data in processing queue, waiting...
I1005 21:05:33.445471 26456064 processor.cc:925] Processor: complete processing batch 12d9ebe3-8112-491c-95b2-8a8eddac7cb4 into model nwt
I1005 21:05:33.452870 26456064 cuckoo_watch.h:45] 360ms in ProcessBatch(lectures_batches/aaaaab.batch) [including 28ms in LoadMessage; 21ms in InitializeSparseNdw; 0ms in FindReuseThetaCacheEntry; 3ms in InitializeTheta; 0ms in CreateRegularizerAgents; 187ms in InferThetaAndUpdateNwtSparse; 0ms in UpdateCacheEntry; 5ms in CalculateScore(sparsity_theta_score); 105ms in CalculateScore(^^^ItemsProcessedScore^^^); ]
I1005 21:05:33.452944 2047873024 master_component.cc:1436] RegularizeModelArgs: rwt_target_name=rwt, pwt_source_name=pwt, nwt_source_name=nwt
I1005 21:05:33.452963 2047873024 master_component.cc:976] MasterComponent: start regularizing model pwt
I1005 21:05:33.476352 26456064 processor.cc:740] No data in processing queue, waiting...
I1005 21:05:33.557077 2047873024 master_component.cc:1002] MasterComponent: complete regularizing model pwt
I1005 21:05:33.557097 2047873024 master_component.cc:1449] NormalizeModelArgs: pwt_target_name=pwt, nwt_source_name=nwt, rwt_source_name=rwt
I1005 21:05:33.557104 2047873024 master_component.cc:1006] MasterComponent: start normalizing model nwt
I1005 21:05:33.634205 2047873024 master_component.cc:1034] MasterComponent: complete normalizing model nwt
I1005 21:05:33.700984 2047873024 master_component.cc:1473] DisposeModel rwt
I1005 21:05:33.715034 2047873024 master_component.cc:1059] FitOffline: ItemsProcessed, num_items=1728, num_batches=2, token_weight=808522, token_weight_in_effect=808522
I1005 21:05:33.715263 2047873024 c_interface.cc:389] Pass FitOfflineMasterModelArgs, batch_filename_size=2, batch_weight_size=2, num_collection_passes=1, reset_nwt=yes to MN4artm4core15MasterComponentEFvRKNS_25FitOfflineMasterModelArgsEE
I1005 21:05:33.715276 2047873024 master_component.cc:1398] ProcessBatchesArgs: nwt_target_name=nwt, batch_filename_size=2, batch_size=0, batch_weight_size=2, pwt_source_name=pwt, num_document_passes=1, regularizer=(name:SmoothSparsePhi_bcg, tau:100), class=(author:1), class=(text:1), reuse_theta=yes, opt_for_avx=yes, predict_class_id=, reset_nwt=yes
I1005 21:05:33.732890 24309760 processor.cc:747] Processing queue has data, processing started
I1005 21:05:33.732924 25382912 processor.cc:747] Processing queue has data, processing started
I1005 21:05:33.747117 24309760 processor.cc:820] Processor: start processing batch 971465db-d459-45dc-ab7c-30c5e49ec8d0 into model nwt
I1005 21:05:33.757575 25382912 processor.cc:820] Processor: start processing batch 12d9ebe3-8112-491c-95b2-8a8eddac7cb4 into model nwt
I1005 21:05:33.902565 24309760 processor.cc:925] Processor: complete processing batch 971465db-d459-45dc-ab7c-30c5e49ec8d0 into model nwt
I1005 21:05:33.907266 24309760 cuckoo_watch.h:45] 174ms in ProcessBatch(lectures_batches/aaaaaa.batch) [including 14ms in LoadMessage; 8ms in InitializeSparseNdw; 0ms in FindReuseThetaCacheEntry; 8ms in InitializeTheta; 0ms in CreateRegularizerAgents; 85ms in InferThetaAndUpdateNwtSparse; 0ms in UpdateCacheEntry; 3ms in CalculateScore(sparsity_theta_score); 47ms in CalculateScore(^^^ItemsProcessedScore^^^); ]
I1005 21:05:33.929816 24309760 processor.cc:740] No data in processing queue, waiting...
I1005 21:05:34.073972 25382912 processor.cc:925] Processor: complete processing batch 12d9ebe3-8112-491c-95b2-8a8eddac7cb4 into model nwt
I1005 21:05:34.082165 25382912 cuckoo_watch.h:45] 349ms in ProcessBatch(lectures_batches/aaaaab.batch) [including 24ms in LoadMessage; 20ms in InitializeSparseNdw; 0ms in FindReuseThetaCacheEntry; 4ms in InitializeTheta; 0ms in CreateRegularizerAgents; 175ms in InferThetaAndUpdateNwtSparse; 0ms in UpdateCacheEntry; 6ms in CalculateScore(sparsity_theta_score); 108ms in CalculateScore(^^^ItemsProcessedScore^^^); ]
I1005 21:05:34.083407 2047873024 master_component.cc:1436] RegularizeModelArgs: rwt_target_name=rwt, pwt_source_name=pwt, nwt_source_name=nwt
I1005 21:05:34.083468 2047873024 master_component.cc:976] MasterComponent: start regularizing model pwt
I1005 21:05:34.106493 25382912 processor.cc:740] No data in processing queue, waiting...
I1005 21:05:34.186026 2047873024 master_component.cc:1002] MasterComponent: complete regularizing model pwt
I1005 21:05:34.186045 2047873024 master_component.cc:1449] NormalizeModelArgs: pwt_target_name=pwt, nwt_source_name=nwt, rwt_source_name=rwt
I1005 21:05:34.186053 2047873024 master_component.cc:1006] MasterComponent: start normalizing model nwt
I1005 21:05:34.271759 2047873024 master_component.cc:1034] MasterComponent: complete normalizing model nwt
I1005 21:05:34.346288 2047873024 master_component.cc:1473] DisposeModel rwt
I1005 21:05:34.363423 2047873024 master_component.cc:1059] FitOffline: ItemsProcessed, num_items=1728, num_batches=2, token_weight=808522, token_weight_in_effect=808522
I1005 21:05:34.363773 2047873024 c_interface.cc:389] Pass FitOfflineMasterModelArgs, batch_filename_size=2, batch_weight_size=2, num_collection_passes=1, reset_nwt=yes to MN4artm4core15MasterComponentEFvRKNS_25FitOfflineMasterModelArgsEE
I1005 21:05:34.363791 2047873024 master_component.cc:1398] ProcessBatchesArgs: nwt_target_name=nwt, batch_filename_size=2, batch_size=0, batch_weight_size=2, pwt_source_name=pwt, num_document_passes=1, regularizer=(name:SmoothSparsePhi_bcg, tau:100), class=(author:1), class=(text:1), reuse_theta=yes, opt_for_avx=yes, predict_class_id=, reset_nwt=yes
I1005 21:05:34.382504 24846336 processor.cc:747] Processing queue has data, processing started
I1005 21:05:34.382519 26992640 processor.cc:747] Processing queue has data, processing started
I1005 21:05:34.395870 24846336 processor.cc:820] Processor: start processing batch 971465db-d459-45dc-ab7c-30c5e49ec8d0 into model nwt
I1005 21:05:34.407456 26992640 processor.cc:820] Processor: start processing batch 12d9ebe3-8112-491c-95b2-8a8eddac7cb4 into model nwt
I1005 21:05:34.564415 24846336 processor.cc:925] Processor: complete processing batch 971465db-d459-45dc-ab7c-30c5e49ec8d0 into model nwt
I1005 21:05:34.568862 24846336 cuckoo_watch.h:45] 186ms in ProcessBatch(lectures_batches/aaaaaa.batch) [including 13ms in LoadMessage; 9ms in InitializeSparseNdw; 0ms in FindReuseThetaCacheEntry; 8ms in InitializeTheta; 0ms in CreateRegularizerAgents; 93ms in InferThetaAndUpdateNwtSparse; 0ms in UpdateCacheEntry; 4ms in CalculateScore(sparsity_theta_score); 51ms in CalculateScore(^^^ItemsProcessedScore^^^); ]
I1005 21:05:34.590718 24846336 processor.cc:740] No data in processing queue, waiting...
I1005 21:05:34.720906 26992640 processor.cc:925] Processor: complete processing batch 12d9ebe3-8112-491c-95b2-8a8eddac7cb4 into model nwt
I1005 21:05:34.729164 26992640 cuckoo_watch.h:45] 346ms in ProcessBatch(lectures_batches/aaaaab.batch) [including 24ms in LoadMessage; 21ms in InitializeSparseNdw; 0ms in FindReuseThetaCacheEntry; 3ms in InitializeTheta; 0ms in CreateRegularizerAgents; 169ms in InferThetaAndUpdateNwtSparse; 0ms in UpdateCacheEntry; 5ms in CalculateScore(sparsity_theta_score); 113ms in CalculateScore(^^^ItemsProcessedScore^^^); ]
I1005 21:05:34.729341 2047873024 master_component.cc:1436] RegularizeModelArgs: rwt_target_name=rwt, pwt_source_name=pwt, nwt_source_name=nwt
I1005 21:05:34.729359 2047873024 master_component.cc:976] MasterComponent: start regularizing model pwt
I1005 21:05:34.752517 26992640 processor.cc:740] No data in processing queue, waiting...
I1005 21:05:34.851418 2047873024 master_component.cc:1002] MasterComponent: complete regularizing model pwt
I1005 21:05:34.851440 2047873024 master_component.cc:1449] NormalizeModelArgs: pwt_target_name=pwt, nwt_source_name=nwt, rwt_source_name=rwt
I1005 21:05:34.851449 2047873024 master_component.cc:1006] MasterComponent: start normalizing model nwt
I1005 21:05:34.942996 2047873024 master_component.cc:1034] MasterComponent: complete normalizing model nwt
I1005 21:05:35.035243 2047873024 master_component.cc:1473] DisposeModel rwt
I1005 21:05:35.053445 2047873024 master_component.cc:1059] FitOffline: ItemsProcessed, num_items=1728, num_batches=2, token_weight=808522, token_weight_in_effect=808522
I1005 21:05:35.053791 2047873024 c_interface.cc:389] Pass FitOfflineMasterModelArgs, batch_filename_size=2, batch_weight_size=2, num_collection_passes=1, reset_nwt=yes to MN4artm4core15MasterComponentEFvRKNS_25FitOfflineMasterModelArgsEE
I1005 21:05:35.053808 2047873024 master_component.cc:1398] ProcessBatchesArgs: nwt_target_name=nwt, batch_filename_size=2, batch_size=0, batch_weight_size=2, pwt_source_name=pwt, num_document_passes=1, regularizer=(name:SmoothSparsePhi_bcg, tau:100), class=(author:1), class=(text:1), reuse_theta=yes, opt_for_avx=yes, predict_class_id=, reset_nwt=yes
I1005 21:05:35.074141 27529216 processor.cc:747] Processing queue has data, processing started
I1005 21:05:35.074194 25382912 processor.cc:747] Processing queue has data, processing started
I1005 21:05:35.089603 27529216 processor.cc:820] Processor: start processing batch 971465db-d459-45dc-ab7c-30c5e49ec8d0 into model nwt
I1005 21:05:35.099784 25382912 processor.cc:820] Processor: start processing batch 12d9ebe3-8112-491c-95b2-8a8eddac7cb4 into model nwt
I1005 21:05:35.257959 27529216 processor.cc:925] Processor: complete processing batch 971465db-d459-45dc-ab7c-30c5e49ec8d0 into model nwt
I1005 21:05:35.263947 27529216 cuckoo_watch.h:45] 189ms in ProcessBatch(lectures_batches/aaaaaa.batch) [including 15ms in LoadMessage; 8ms in InitializeSparseNdw; 0ms in FindReuseThetaCacheEntry; 8ms in InitializeTheta; 0ms in CreateRegularizerAgents; 91ms in InferThetaAndUpdateNwtSparse; 0ms in UpdateCacheEntry; 4ms in CalculateScore(sparsity_theta_score); 53ms in CalculateScore(^^^ItemsProcessedScore^^^); ]
I1005 21:05:35.287166 27529216 processor.cc:740] No data in processing queue, waiting...
I1005 21:05:35.427549 25382912 processor.cc:925] Processor: complete processing batch 12d9ebe3-8112-491c-95b2-8a8eddac7cb4 into model nwt
I1005 21:05:35.434137 25382912 cuckoo_watch.h:45] 359ms in ProcessBatch(lectures_batches/aaaaab.batch) [including 25ms in LoadMessage; 22ms in InitializeSparseNdw; 0ms in FindReuseThetaCacheEntry; 3ms in InitializeTheta; 0ms in CreateRegularizerAgents; 189ms in InferThetaAndUpdateNwtSparse; 0ms in UpdateCacheEntry; 5ms in CalculateScore(sparsity_theta_score); 105ms in CalculateScore(^^^ItemsProcessedScore^^^); ]
I1005 21:05:35.435250 2047873024 master_component.cc:1436] RegularizeModelArgs: rwt_target_name=rwt, pwt_source_name=pwt, nwt_source_name=nwt
I1005 21:05:35.435268 2047873024 master_component.cc:976] MasterComponent: start regularizing model pwt
I1005 21:05:35.458031 25382912 processor.cc:740] No data in processing queue, waiting...
I1005 21:05:35.536988 2047873024 master_component.cc:1002] MasterComponent: complete regularizing model pwt
I1005 21:05:35.537008 2047873024 master_component.cc:1449] NormalizeModelArgs: pwt_target_name=pwt, nwt_source_name=nwt, rwt_source_name=rwt
I1005 21:05:35.537014 2047873024 master_component.cc:1006] MasterComponent: start normalizing model nwt
I1005 21:05:35.616724 2047873024 master_component.cc:1034] MasterComponent: complete normalizing model nwt
I1005 21:05:35.694231 2047873024 master_component.cc:1473] DisposeModel rwt
I1005 21:05:35.709435 2047873024 master_component.cc:1059] FitOffline: ItemsProcessed, num_items=1728, num_batches=2, token_weight=808522, token_weight_in_effect=808522
I1005 21:05:35.709678 2047873024 c_interface.cc:389] Pass FitOfflineMasterModelArgs, batch_filename_size=2, batch_weight_size=2, num_collection_passes=1, reset_nwt=yes to MN4artm4core15MasterComponentEFvRKNS_25FitOfflineMasterModelArgsEE
I1005 21:05:35.709693 2047873024 master_component.cc:1398] ProcessBatchesArgs: nwt_target_name=nwt, batch_filename_size=2, batch_size=0, batch_weight_size=2, pwt_source_name=pwt, num_document_passes=1, regularizer=(name:SmoothSparsePhi_bcg, tau:100), class=(author:1), class=(text:1), reuse_theta=yes, opt_for_avx=yes, predict_class_id=, reset_nwt=yes
I1005 21:05:35.727639 24846336 processor.cc:747] Processing queue has data, processing started
I1005 21:05:35.727658 24309760 processor.cc:747] Processing queue has data, processing started
I1005 21:05:35.741936 24846336 processor.cc:820] Processor: start processing batch 971465db-d459-45dc-ab7c-30c5e49ec8d0 into model nwt
I1005 21:05:35.752480 24309760 processor.cc:820] Processor: start processing batch 12d9ebe3-8112-491c-95b2-8a8eddac7cb4 into model nwt
I1005 21:05:35.904955 24846336 processor.cc:925] Processor: complete processing batch 971465db-d459-45dc-ab7c-30c5e49ec8d0 into model nwt
I1005 21:05:35.909965 24846336 cuckoo_watch.h:45] 182ms in ProcessBatch(lectures_batches/aaaaaa.batch) [including 14ms in LoadMessage; 7ms in InitializeSparseNdw; 0ms in FindReuseThetaCacheEntry; 7ms in InitializeTheta; 0ms in CreateRegularizerAgents; 88ms in InferThetaAndUpdateNwtSparse; 0ms in UpdateCacheEntry; 4ms in CalculateScore(sparsity_theta_score); 53ms in CalculateScore(^^^ItemsProcessedScore^^^); ]
I1005 21:05:35.932538 24846336 processor.cc:740] No data in processing queue, waiting...
I1005 21:05:36.075076 24309760 processor.cc:925] Processor: complete processing batch 12d9ebe3-8112-491c-95b2-8a8eddac7cb4 into model nwt
I1005 21:05:36.083305 24309760 cuckoo_watch.h:45] 355ms in ProcessBatch(lectures_batches/aaaaab.batch) [including 24ms in LoadMessage; 19ms in InitializeSparseNdw; 0ms in FindReuseThetaCacheEntry; 3ms in InitializeTheta; 0ms in CreateRegularizerAgents; 178ms in InferThetaAndUpdateNwtSparse; 0ms in UpdateCacheEntry; 5ms in CalculateScore(sparsity_theta_score); 115ms in CalculateScore(^^^ItemsProcessedScore^^^); ]
I1005 21:05:36.083990 2047873024 master_component.cc:1436] RegularizeModelArgs: rwt_target_name=rwt, pwt_source_name=pwt, nwt_source_name=nwt
I1005 21:05:36.084043 2047873024 master_component.cc:976] MasterComponent: start regularizing model pwt
I1005 21:05:36.107571 24309760 processor.cc:740] No data in processing queue, waiting...
I1005 21:05:36.195303 2047873024 master_component.cc:1002] MasterComponent: complete regularizing model pwt
I1005 21:05:36.195324 2047873024 master_component.cc:1449] NormalizeModelArgs: pwt_target_name=pwt, nwt_source_name=nwt, rwt_source_name=rwt
I1005 21:05:36.195346 2047873024 master_component.cc:1006] MasterComponent: start normalizing model nwt
I1005 21:05:36.280725 2047873024 master_component.cc:1034] MasterComponent: complete normalizing model nwt
I1005 21:05:36.358106 2047873024 master_component.cc:1473] DisposeModel rwt
I1005 21:05:36.373569 2047873024 master_component.cc:1059] FitOffline: ItemsProcessed, num_items=1728, num_batches=2, token_weight=808522, token_weight_in_effect=808522
I1005 21:05:36.373790 2047873024 c_interface.cc:389] Pass FitOfflineMasterModelArgs, batch_filename_size=2, batch_weight_size=2, num_collection_passes=1, reset_nwt=yes to MN4artm4core15MasterComponentEFvRKNS_25FitOfflineMasterModelArgsEE
I1005 21:05:36.373805 2047873024 master_component.cc:1398] ProcessBatchesArgs: nwt_target_name=nwt, batch_filename_size=2, batch_size=0, batch_weight_size=2, pwt_source_name=pwt, num_document_passes=1, regularizer=(name:SmoothSparsePhi_bcg, tau:100), class=(author:1), class=(text:1), reuse_theta=yes, opt_for_avx=yes, predict_class_id=, reset_nwt=yes
I1005 21:05:36.391402 23773184 processor.cc:747] Processing queue has data, processing started
I1005 21:05:36.391454 25382912 processor.cc:747] Processing queue has data, processing started
I1005 21:05:36.405689 23773184 processor.cc:820] Processor: start processing batch 971465db-d459-45dc-ab7c-30c5e49ec8d0 into model nwt
I1005 21:05:36.416319 25382912 processor.cc:820] Processor: start processing batch 12d9ebe3-8112-491c-95b2-8a8eddac7cb4 into model nwt
I1005 21:05:36.564914 23773184 processor.cc:925] Processor: complete processing batch 971465db-d459-45dc-ab7c-30c5e49ec8d0 into model nwt
I1005 21:05:36.569022 23773184 cuckoo_watch.h:45] 177ms in ProcessBatch(lectures_batches/aaaaaa.batch) [including 14ms in LoadMessage; 7ms in InitializeSparseNdw; 0ms in FindReuseThetaCacheEntry; 7ms in InitializeTheta; 0ms in CreateRegularizerAgents; 89ms in InferThetaAndUpdateNwtSparse; 0ms in UpdateCacheEntry; 3ms in CalculateScore(sparsity_theta_score); 49ms in CalculateScore(^^^ItemsProcessedScore^^^); ]
I1005 21:05:36.591305 23773184 processor.cc:740] No data in processing queue, waiting...
I1005 21:05:36.724066 25382912 processor.cc:925] Processor: complete processing batch 12d9ebe3-8112-491c-95b2-8a8eddac7cb4 into model nwt
I1005 21:05:36.729753 25382912 cuckoo_watch.h:45] 338ms in ProcessBatch(lectures_batches/aaaaab.batch) [including 24ms in LoadMessage; 19ms in InitializeSparseNdw; 0ms in FindReuseThetaCacheEntry; 3ms in InitializeTheta; 0ms in CreateRegularizerAgents; 181ms in InferThetaAndUpdateNwtSparse; 0ms in UpdateCacheEntry; 5ms in CalculateScore(sparsity_theta_score); 96ms in CalculateScore(^^^ItemsProcessedScore^^^); ]
I1005 21:05:36.730958 2047873024 master_component.cc:1436] RegularizeModelArgs: rwt_target_name=rwt, pwt_source_name=pwt, nwt_source_name=nwt
I1005 21:05:36.731010 2047873024 master_component.cc:976] MasterComponent: start regularizing model pwt
I1005 21:05:36.754014 25382912 processor.cc:740] No data in processing queue, waiting...
I1005 21:05:36.834569 2047873024 master_component.cc:1002] MasterComponent: complete regularizing model pwt
I1005 21:05:36.834594 2047873024 master_component.cc:1449] NormalizeModelArgs: pwt_target_name=pwt, nwt_source_name=nwt, rwt_source_name=rwt
I1005 21:05:36.834601 2047873024 master_component.cc:1006] MasterComponent: start normalizing model nwt
I1005 21:05:36.927520 2047873024 master_component.cc:1034] MasterComponent: complete normalizing model nwt
I1005 21:05:37.001863 2047873024 master_component.cc:1473] DisposeModel rwt
I1005 21:05:37.017922 2047873024 master_component.cc:1059] FitOffline: ItemsProcessed, num_items=1728, num_batches=2, token_weight=808522, token_weight_in_effect=808522
I1005 21:05:37.018170 2047873024 c_interface.cc:389] Pass FitOfflineMasterModelArgs, batch_filename_size=2, batch_weight_size=2, num_collection_passes=1, reset_nwt=yes to MN4artm4core15MasterComponentEFvRKNS_25FitOfflineMasterModelArgsEE
I1005 21:05:37.018183 2047873024 master_component.cc:1398] ProcessBatchesArgs: nwt_target_name=nwt, batch_filename_size=2, batch_size=0, batch_weight_size=2, pwt_source_name=pwt, num_document_passes=1, regularizer=(name:SmoothSparsePhi_bcg, tau:100), class=(author:1), class=(text:1), reuse_theta=yes, opt_for_avx=yes, predict_class_id=, reset_nwt=yes
I1005 21:05:37.035980 26456064 processor.cc:747] Processing queue has data, processing started
I1005 21:05:37.035997 27529216 processor.cc:747] Processing queue has data, processing started
I1005 21:05:37.049434 26456064 processor.cc:820] Processor: start processing batch 971465db-d459-45dc-ab7c-30c5e49ec8d0 into model nwt
I1005 21:05:37.060472 27529216 processor.cc:820] Processor: start processing batch 12d9ebe3-8112-491c-95b2-8a8eddac7cb4 into model nwt
I1005 21:05:37.210966 26456064 processor.cc:925] Processor: complete processing batch 971465db-d459-45dc-ab7c-30c5e49ec8d0 into model nwt
I1005 21:05:37.215711 26456064 cuckoo_watch.h:45] 179ms in ProcessBatch(lectures_batches/aaaaaa.batch) [including 13ms in LoadMessage; 9ms in InitializeSparseNdw; 0ms in FindReuseThetaCacheEntry; 7ms in InitializeTheta; 0ms in CreateRegularizerAgents; 88ms in InferThetaAndUpdateNwtSparse; 0ms in UpdateCacheEntry; 4ms in CalculateScore(sparsity_theta_score); 50ms in CalculateScore(^^^ItemsProcessedScore^^^); ]
I1005 21:05:37.238438 26456064 processor.cc:740] No data in processing queue, waiting...
I1005 21:05:37.374629 27529216 processor.cc:925] Processor: complete processing batch 12d9ebe3-8112-491c-95b2-8a8eddac7cb4 into model nwt
I1005 21:05:37.381184 27529216 cuckoo_watch.h:45] 345ms in ProcessBatch(lectures_batches/aaaaab.batch) [including 24ms in LoadMessage; 19ms in InitializeSparseNdw; 0ms in FindReuseThetaCacheEntry; 4ms in InitializeTheta; 0ms in CreateRegularizerAgents; 174ms in InferThetaAndUpdateNwtSparse; 0ms in UpdateCacheEntry; 6ms in CalculateScore(sparsity_theta_score); 108ms in CalculateScore(^^^ItemsProcessedScore^^^); ]
I1005 21:05:37.381949 2047873024 master_component.cc:1436] RegularizeModelArgs: rwt_target_name=rwt, pwt_source_name=pwt, nwt_source_name=nwt
I1005 21:05:37.381994 2047873024 master_component.cc:976] MasterComponent: start regularizing model pwt
I1005 21:05:37.405190 27529216 processor.cc:740] No data in processing queue, waiting...
I1005 21:05:37.483328 2047873024 master_component.cc:1002] MasterComponent: complete regularizing model pwt
I1005 21:05:37.483348 2047873024 master_component.cc:1449] NormalizeModelArgs: pwt_target_name=pwt, nwt_source_name=nwt, rwt_source_name=rwt
I1005 21:05:37.483355 2047873024 master_component.cc:1006] MasterComponent: start normalizing model nwt
I1005 21:05:37.559132 2047873024 master_component.cc:1034] MasterComponent: complete normalizing model nwt
I1005 21:05:37.627172 2047873024 master_component.cc:1473] DisposeModel rwt
I1005 21:05:37.643365 2047873024 master_component.cc:1059] FitOffline: ItemsProcessed, num_items=1728, num_batches=2, token_weight=808522, token_weight_in_effect=808522
I1005 21:05:37.643625 2047873024 c_interface.cc:389] Pass FitOfflineMasterModelArgs, batch_filename_size=2, batch_weight_size=2, num_collection_passes=1, reset_nwt=yes to MN4artm4core15MasterComponentEFvRKNS_25FitOfflineMasterModelArgsEE
I1005 21:05:37.643646 2047873024 master_component.cc:1398] ProcessBatchesArgs: nwt_target_name=nwt, batch_filename_size=2, batch_size=0, batch_weight_size=2, pwt_source_name=pwt, num_document_passes=1, regularizer=(name:SmoothSparsePhi_bcg, tau:100), class=(author:1), class=(text:1), reuse_theta=yes, opt_for_avx=yes, predict_class_id=, reset_nwt=yes
I1005 21:05:37.661424 23773184 processor.cc:747] Processing queue has data, processing started
I1005 21:05:37.661437 25919488 processor.cc:747] Processing queue has data, processing started
I1005 21:05:37.675511 23773184 processor.cc:820] Processor: start processing batch 971465db-d459-45dc-ab7c-30c5e49ec8d0 into model nwt
I1005 21:05:37.686522 25919488 processor.cc:820] Processor: start processing batch 12d9ebe3-8112-491c-95b2-8a8eddac7cb4 into model nwt
I1005 21:05:37.829668 23773184 processor.cc:925] Processor: complete processing batch 971465db-d459-45dc-ab7c-30c5e49ec8d0 into model nwt
I1005 21:05:37.834695 23773184 cuckoo_watch.h:45] 173ms in ProcessBatch(lectures_batches/aaaaaa.batch) [including 14ms in LoadMessage; 8ms in InitializeSparseNdw; 0ms in FindReuseThetaCacheEntry; 7ms in InitializeTheta; 0ms in CreateRegularizerAgents; 85ms in InferThetaAndUpdateNwtSparse; 0ms in UpdateCacheEntry; 4ms in CalculateScore(sparsity_theta_score); 48ms in CalculateScore(^^^ItemsProcessedScore^^^); ]
I1005 21:05:37.856644 23773184 processor.cc:740] No data in processing queue, waiting...
I1005 21:05:37.985244 25919488 processor.cc:925] Processor: complete processing batch 12d9ebe3-8112-491c-95b2-8a8eddac7cb4 into model nwt
I1005 21:05:37.992048 25919488 cuckoo_watch.h:45] 330ms in ProcessBatch(lectures_batches/aaaaab.batch) [including 25ms in LoadMessage; 20ms in InitializeSparseNdw; 0ms in FindReuseThetaCacheEntry; 3ms in InitializeTheta; 0ms in CreateRegularizerAgents; 170ms in InferThetaAndUpdateNwtSparse; 0ms in UpdateCacheEntry; 6ms in CalculateScore(sparsity_theta_score); 97ms in CalculateScore(^^^ItemsProcessedScore^^^); ]
I1005 21:05:37.992347 2047873024 master_component.cc:1436] RegularizeModelArgs: rwt_target_name=rwt, pwt_source_name=pwt, nwt_source_name=nwt
I1005 21:05:37.992401 2047873024 master_component.cc:976] MasterComponent: start regularizing model pwt
I1005 21:05:38.016404 25919488 processor.cc:740] No data in processing queue, waiting...
I1005 21:05:38.094698 2047873024 master_component.cc:1002] MasterComponent: complete regularizing model pwt
I1005 21:05:38.094717 2047873024 master_component.cc:1449] NormalizeModelArgs: pwt_target_name=pwt, nwt_source_name=nwt, rwt_source_name=rwt
I1005 21:05:38.094723 2047873024 master_component.cc:1006] MasterComponent: start normalizing model nwt
I1005 21:05:38.175930 2047873024 master_component.cc:1034] MasterComponent: complete normalizing model nwt
I1005 21:05:38.267433 2047873024 master_component.cc:1473] DisposeModel rwt
I1005 21:05:38.288666 2047873024 master_component.cc:1059] FitOffline: ItemsProcessed, num_items=1728, num_batches=2, token_weight=808522, token_weight_in_effect=808522
I1005 21:05:38.289036 2047873024 c_interface.cc:389] Pass FitOfflineMasterModelArgs, batch_filename_size=2, batch_weight_size=2, num_collection_passes=1, reset_nwt=yes to MN4artm4core15MasterComponentEFvRKNS_25FitOfflineMasterModelArgsEE
I1005 21:05:38.289053 2047873024 master_component.cc:1398] ProcessBatchesArgs: nwt_target_name=nwt, batch_filename_size=2, batch_size=0, batch_weight_size=2, pwt_source_name=pwt, num_document_passes=1, regularizer=(name:SmoothSparsePhi_bcg, tau:100), class=(author:1), class=(text:1), reuse_theta=yes, opt_for_avx=yes, predict_class_id=, reset_nwt=yes
I1005 21:05:38.309406 25382912 processor.cc:747] Processing queue has data, processing started
I1005 21:05:38.309451 24846336 processor.cc:747] Processing queue has data, processing started
I1005 21:05:38.322983 25382912 processor.cc:820] Processor: start processing batch 971465db-d459-45dc-ab7c-30c5e49ec8d0 into model nwt
I1005 21:05:38.333142 24846336 processor.cc:820] Processor: start processing batch 12d9ebe3-8112-491c-95b2-8a8eddac7cb4 into model nwt
I1005 21:05:38.484827 25382912 processor.cc:925] Processor: complete processing batch 971465db-d459-45dc-ab7c-30c5e49ec8d0 into model nwt
I1005 21:05:38.489276 25382912 cuckoo_watch.h:45] 179ms in ProcessBatch(lectures_batches/aaaaaa.batch) [including 13ms in LoadMessage; 8ms in InitializeSparseNdw; 0ms in FindReuseThetaCacheEntry; 7ms in InitializeTheta; 0ms in CreateRegularizerAgents; 90ms in InferThetaAndUpdateNwtSparse; 0ms in UpdateCacheEntry; 4ms in CalculateScore(sparsity_theta_score); 50ms in CalculateScore(^^^ItemsProcessedScore^^^); ]
I1005 21:05:38.512231 25382912 processor.cc:740] No data in processing queue, waiting...
I1005 21:05:38.648700 24846336 processor.cc:925] Processor: complete processing batch 12d9ebe3-8112-491c-95b2-8a8eddac7cb4 into model nwt
I1005 21:05:38.655714 24846336 cuckoo_watch.h:45] 346ms in ProcessBatch(lectures_batches/aaaaab.batch) [including 23ms in LoadMessage; 20ms in InitializeSparseNdw; 0ms in FindReuseThetaCacheEntry; 3ms in InitializeTheta; 0ms in CreateRegularizerAgents; 175ms in InferThetaAndUpdateNwtSparse; 0ms in UpdateCacheEntry; 5ms in CalculateScore(sparsity_theta_score); 110ms in CalculateScore(^^^ItemsProcessedScore^^^); ]
I1005 21:05:38.656844 2047873024 master_component.cc:1436] RegularizeModelArgs: rwt_target_name=rwt, pwt_source_name=pwt, nwt_source_name=nwt
I1005 21:05:38.656913 2047873024 master_component.cc:976] MasterComponent: start regularizing model pwt
I1005 21:05:38.679778 24846336 processor.cc:740] No data in processing queue, waiting...
I1005 21:05:38.765797 2047873024 master_component.cc:1002] MasterComponent: complete regularizing model pwt
I1005 21:05:38.765820 2047873024 master_component.cc:1449] NormalizeModelArgs: pwt_target_name=pwt, nwt_source_name=nwt, rwt_source_name=rwt
I1005 21:05:38.765826 2047873024 master_component.cc:1006] MasterComponent: start normalizing model nwt
I1005 21:05:38.849625 2047873024 master_component.cc:1034] MasterComponent: complete normalizing model nwt
I1005 21:05:38.920732 2047873024 master_component.cc:1473] DisposeModel rwt
I1005 21:05:38.937192 2047873024 master_component.cc:1059] FitOffline: ItemsProcessed, num_items=1728, num_batches=2, token_weight=808522, token_weight_in_effect=808522
