I1006 02:24:26.363389 2047873024 master_component.cc:1398] ProcessBatchesArgs: nwt_target_name=nwt, batch_filename_size=2, batch_size=0, batch_weight_size=2, pwt_source_name=pwt, num_document_passes=1, regularizer=(name:SmoothSparsePhi_bcg, tau:100000), regularizer=(name:SmoothSparsePhi_sbj, tau:-500000), class=(text:1), class=(author:1), reuse_theta=yes, opt_for_avx=yes, predict_class_id=, reset_nwt=yes
I1006 02:24:26.381906 27529216 processor.cc:747] Processing queue has data, processing started
I1006 02:24:26.381911 25382912 processor.cc:747] Processing queue has data, processing started
I1006 02:24:26.394940 27529216 processor.cc:820] Processor: start processing batch dd744804-9833-470b-bd4a-9bfd8d8763fe into model nwt
I1006 02:24:26.406901 25382912 processor.cc:820] Processor: start processing batch 1807f09b-437d-4c03-b47a-c2a2e773c2dd into model nwt
I1006 02:24:26.552561 27529216 processor.cc:925] Processor: complete processing batch dd744804-9833-470b-bd4a-9bfd8d8763fe into model nwt
I1006 02:24:26.557166 27529216 cuckoo_watch.h:45] 175ms in ProcessBatch(lectures_batches/aaaaaa.batch) [including 12ms in LoadMessage; 9ms in InitializeSparseNdw; 0ms in FindReuseThetaCacheEntry; 9ms in InitializeTheta; 0ms in CreateRegularizerAgents; 88ms in InferThetaAndUpdateNwtSparse; 0ms in UpdateCacheEntry; 3ms in CalculateScore(sparsity_theta_score); 46ms in CalculateScore(^^^ItemsProcessedScore^^^); ]
I1006 02:24:26.581270 27529216 processor.cc:740] No data in processing queue, waiting...
I1006 02:24:26.704160 25382912 processor.cc:925] Processor: complete processing batch 1807f09b-437d-4c03-b47a-c2a2e773c2dd into model nwt
I1006 02:24:26.710891 25382912 cuckoo_watch.h:45] 328ms in ProcessBatch(lectures_batches/aaaaab.batch) [including 24ms in LoadMessage; 21ms in InitializeSparseNdw; 0ms in FindReuseThetaCacheEntry; 5ms in InitializeTheta; 0ms in CreateRegularizerAgents; 167ms in InferThetaAndUpdateNwtSparse; 0ms in UpdateCacheEntry; 5ms in CalculateScore(sparsity_theta_score); 97ms in CalculateScore(^^^ItemsProcessedScore^^^); ]
I1006 02:24:26.710932 2047873024 master_component.cc:1436] RegularizeModelArgs: rwt_target_name=rwt, pwt_source_name=pwt, nwt_source_name=nwt
I1006 02:24:26.710955 2047873024 master_component.cc:976] MasterComponent: start regularizing model pwt
I1006 02:24:26.735126 25382912 processor.cc:740] No data in processing queue, waiting...
I1006 02:24:26.880272 2047873024 master_component.cc:1002] MasterComponent: complete regularizing model pwt
I1006 02:24:26.880295 2047873024 master_component.cc:1449] NormalizeModelArgs: pwt_target_name=pwt, nwt_source_name=nwt, rwt_source_name=rwt
I1006 02:24:26.880306 2047873024 master_component.cc:1006] MasterComponent: start normalizing model nwt
I1006 02:24:26.961711 2047873024 master_component.cc:1034] MasterComponent: complete normalizing model nwt
I1006 02:24:27.026197 2047873024 master_component.cc:1473] DisposeModel rwt
I1006 02:24:27.046397 2047873024 master_component.cc:1059] FitOffline: ItemsProcessed, num_items=1728, num_batches=2, token_weight=808522, token_weight_in_effect=808522
I1006 02:24:27.046723 2047873024 c_interface.cc:389] Pass FitOfflineMasterModelArgs, batch_filename_size=2, batch_weight_size=2, num_collection_passes=1, reset_nwt=yes to MN4artm4core15MasterComponentEFvRKNS_25FitOfflineMasterModelArgsEE
I1006 02:24:27.046741 2047873024 master_component.cc:1398] ProcessBatchesArgs: nwt_target_name=nwt, batch_filename_size=2, batch_size=0, batch_weight_size=2, pwt_source_name=pwt, num_document_passes=1, regularizer=(name:SmoothSparsePhi_bcg, tau:100000), regularizer=(name:SmoothSparsePhi_sbj, tau:-500000), class=(text:1), class=(author:1), reuse_theta=yes, opt_for_avx=yes, predict_class_id=, reset_nwt=yes
I1006 02:24:27.065650 25919488 processor.cc:747] Processing queue has data, processing started
I1006 02:24:27.065659 26992640 processor.cc:747] Processing queue has data, processing started
I1006 02:24:27.078994 25919488 processor.cc:820] Processor: start processing batch dd744804-9833-470b-bd4a-9bfd8d8763fe into model nwt
I1006 02:24:27.090164 26992640 processor.cc:820] Processor: start processing batch 1807f09b-437d-4c03-b47a-c2a2e773c2dd into model nwt
I1006 02:24:27.239467 25919488 processor.cc:925] Processor: complete processing batch dd744804-9833-470b-bd4a-9bfd8d8763fe into model nwt
I1006 02:24:27.244484 25919488 cuckoo_watch.h:45] 178ms in ProcessBatch(lectures_batches/aaaaaa.batch) [including 13ms in LoadMessage; 8ms in InitializeSparseNdw; 0ms in FindReuseThetaCacheEntry; 10ms in InitializeTheta; 0ms in CreateRegularizerAgents; 84ms in InferThetaAndUpdateNwtSparse; 0ms in UpdateCacheEntry; 4ms in CalculateScore(sparsity_theta_score); 51ms in CalculateScore(^^^ItemsProcessedScore^^^); ]
I1006 02:24:27.268275 25919488 processor.cc:740] No data in processing queue, waiting...
I1006 02:24:27.395534 26992640 processor.cc:925] Processor: complete processing batch 1807f09b-437d-4c03-b47a-c2a2e773c2dd into model nwt
I1006 02:24:27.402129 26992640 cuckoo_watch.h:45] 336ms in ProcessBatch(lectures_batches/aaaaab.batch) [including 24ms in LoadMessage; 20ms in InitializeSparseNdw; 0ms in FindReuseThetaCacheEntry; 3ms in InitializeTheta; 0ms in CreateRegularizerAgents; 173ms in InferThetaAndUpdateNwtSparse; 0ms in UpdateCacheEntry; 5ms in CalculateScore(sparsity_theta_score); 101ms in CalculateScore(^^^ItemsProcessedScore^^^); ]
I1006 02:24:27.403345 2047873024 master_component.cc:1436] RegularizeModelArgs: rwt_target_name=rwt, pwt_source_name=pwt, nwt_source_name=nwt
I1006 02:24:27.403417 2047873024 master_component.cc:976] MasterComponent: start regularizing model pwt
I1006 02:24:27.426409 26992640 processor.cc:740] No data in processing queue, waiting...
I1006 02:24:27.578343 2047873024 master_component.cc:1002] MasterComponent: complete regularizing model pwt
I1006 02:24:27.578361 2047873024 master_component.cc:1449] NormalizeModelArgs: pwt_target_name=pwt, nwt_source_name=nwt, rwt_source_name=rwt
I1006 02:24:27.578367 2047873024 master_component.cc:1006] MasterComponent: start normalizing model nwt
I1006 02:24:27.654887 2047873024 master_component.cc:1034] MasterComponent: complete normalizing model nwt
I1006 02:24:27.721084 2047873024 master_component.cc:1473] DisposeModel rwt
I1006 02:24:27.743450 2047873024 master_component.cc:1059] FitOffline: ItemsProcessed, num_items=1728, num_batches=2, token_weight=808522, token_weight_in_effect=808522
I1006 02:24:27.743713 2047873024 c_interface.cc:389] Pass FitOfflineMasterModelArgs, batch_filename_size=2, batch_weight_size=2, num_collection_passes=1, reset_nwt=yes to MN4artm4core15MasterComponentEFvRKNS_25FitOfflineMasterModelArgsEE
I1006 02:24:27.743729 2047873024 master_component.cc:1398] ProcessBatchesArgs: nwt_target_name=nwt, batch_filename_size=2, batch_size=0, batch_weight_size=2, pwt_source_name=pwt, num_document_passes=1, regularizer=(name:SmoothSparsePhi_bcg, tau:100000), regularizer=(name:SmoothSparsePhi_sbj, tau:-500000), class=(text:1), class=(author:1), reuse_theta=yes, opt_for_avx=yes, predict_class_id=, reset_nwt=yes
I1006 02:24:27.765100 28065792 processor.cc:747] Processing queue has data, processing started
I1006 02:24:27.765139 24846336 processor.cc:747] Processing queue has data, processing started
I1006 02:24:27.779937 28065792 processor.cc:820] Processor: start processing batch dd744804-9833-470b-bd4a-9bfd8d8763fe into model nwt
I1006 02:24:27.789916 24846336 processor.cc:820] Processor: start processing batch 1807f09b-437d-4c03-b47a-c2a2e773c2dd into model nwt
I1006 02:24:27.931578 28065792 processor.cc:925] Processor: complete processing batch dd744804-9833-470b-bd4a-9bfd8d8763fe into model nwt
I1006 02:24:27.936862 28065792 cuckoo_watch.h:45] 171ms in ProcessBatch(lectures_batches/aaaaaa.batch) [including 14ms in LoadMessage; 7ms in InitializeSparseNdw; 0ms in FindReuseThetaCacheEntry; 8ms in InitializeTheta; 0ms in CreateRegularizerAgents; 80ms in InferThetaAndUpdateNwtSparse; 0ms in UpdateCacheEntry; 4ms in CalculateScore(sparsity_theta_score); 49ms in CalculateScore(^^^ItemsProcessedScore^^^); ]
I1006 02:24:27.961150 28065792 processor.cc:740] No data in processing queue, waiting...
I1006 02:24:28.086556 24846336 processor.cc:925] Processor: complete processing batch 1807f09b-437d-4c03-b47a-c2a2e773c2dd into model nwt
I1006 02:24:28.093334 24846336 cuckoo_watch.h:45] 328ms in ProcessBatch(lectures_batches/aaaaab.batch) [including 24ms in LoadMessage; 19ms in InitializeSparseNdw; 0ms in FindReuseThetaCacheEntry; 4ms in InitializeTheta; 0ms in CreateRegularizerAgents; 167ms in InferThetaAndUpdateNwtSparse; 0ms in UpdateCacheEntry; 6ms in CalculateScore(sparsity_theta_score); 99ms in CalculateScore(^^^ItemsProcessedScore^^^); ]
I1006 02:24:28.093837 2047873024 master_component.cc:1436] RegularizeModelArgs: rwt_target_name=rwt, pwt_source_name=pwt, nwt_source_name=nwt
I1006 02:24:28.093880 2047873024 master_component.cc:976] MasterComponent: start regularizing model pwt
I1006 02:24:28.117655 24846336 processor.cc:740] No data in processing queue, waiting...
I1006 02:24:28.269368 2047873024 master_component.cc:1002] MasterComponent: complete regularizing model pwt
I1006 02:24:28.269390 2047873024 master_component.cc:1449] NormalizeModelArgs: pwt_target_name=pwt, nwt_source_name=nwt, rwt_source_name=rwt
I1006 02:24:28.269397 2047873024 master_component.cc:1006] MasterComponent: start normalizing model nwt
I1006 02:24:28.349671 2047873024 master_component.cc:1034] MasterComponent: complete normalizing model nwt
I1006 02:24:28.413451 2047873024 master_component.cc:1473] DisposeModel rwt
I1006 02:24:28.434926 2047873024 master_component.cc:1059] FitOffline: ItemsProcessed, num_items=1728, num_batches=2, token_weight=808522, token_weight_in_effect=808522
I1006 02:24:28.442953 2047873024 c_interface.cc:231] ArtmCopyRequestedMessage is copying 1916 bytes...
I1006 02:24:28.460855 2047873024 c_interface.cc:231] ArtmCopyRequestedMessage is copying 1845 bytes...
I1006 02:24:28.463663 2047873024 c_interface.cc:231] ArtmCopyRequestedMessage is copying 1916 bytes...
I1006 02:24:28.465570 2047873024 c_interface.cc:231] ArtmCopyRequestedMessage is copying 1845 bytes...
I1006 02:24:28.602449 2047873024 c_interface.cc:231] ArtmCopyRequestedMessage is copying 553047 bytes...
I1006 02:24:28.855417 2047873024 c_interface.cc:231] ArtmCopyRequestedMessage is copying 553047 bytes...
I1006 02:24:29.079910 2047873024 c_interface.cc:231] ArtmCopyRequestedMessage is copying 553047 bytes...
I1006 02:24:29.312665 2047873024 c_interface.cc:231] ArtmCopyRequestedMessage is copying 553047 bytes...
I1006 02:24:29.560540 2047873024 c_interface.cc:231] ArtmCopyRequestedMessage is copying 553047 bytes...
I1006 02:24:29.803725 2047873024 c_interface.cc:231] ArtmCopyRequestedMessage is copying 553047 bytes...
I1006 02:24:30.046017 2047873024 c_interface.cc:231] ArtmCopyRequestedMessage is copying 553047 bytes...
I1006 02:24:30.280293 2047873024 c_interface.cc:231] ArtmCopyRequestedMessage is copying 553047 bytes...
I1006 02:24:30.513530 2047873024 c_interface.cc:231] ArtmCopyRequestedMessage is copying 553047 bytes...
I1006 02:24:30.748471 2047873024 c_interface.cc:231] ArtmCopyRequestedMessage is copying 553047 bytes...
I1006 02:24:30.974465 2047873024 c_interface.cc:231] ArtmCopyRequestedMessage is copying 553047 bytes...
I1006 02:24:31.213965 2047873024 c_interface.cc:231] ArtmCopyRequestedMessage is copying 553047 bytes...
I1006 02:24:31.462853 2047873024 c_interface.cc:231] ArtmCopyRequestedMessage is copying 553047 bytes...
I1006 02:24:31.692977 2047873024 c_interface.cc:231] ArtmCopyRequestedMessage is copying 553047 bytes...
I1006 02:24:31.922122 2047873024 c_interface.cc:231] ArtmCopyRequestedMessage is copying 553047 bytes...
I1006 02:24:32.169116 2047873024 c_interface.cc:231] ArtmCopyRequestedMessage is copying 553047 bytes...
I1006 02:24:32.413436 2047873024 c_interface.cc:231] ArtmCopyRequestedMessage is copying 553047 bytes...
I1006 02:24:32.652940 2047873024 c_interface.cc:231] ArtmCopyRequestedMessage is copying 553047 bytes...
I1006 02:24:32.882091 2047873024 c_interface.cc:231] ArtmCopyRequestedMessage is copying 553047 bytes...
I1006 02:24:33.126499 2047873024 c_interface.cc:231] ArtmCopyRequestedMessage is copying 553047 bytes...
I1006 02:24:33.359735 2047873024 c_interface.cc:231] ArtmCopyRequestedMessage is copying 553047 bytes...
I1006 02:24:33.594470 2047873024 c_interface.cc:231] ArtmCopyRequestedMessage is copying 553047 bytes...
I1006 02:24:33.823410 2047873024 c_interface.cc:231] ArtmCopyRequestedMessage is copying 553047 bytes...
I1006 02:24:34.070013 2047873024 c_interface.cc:231] ArtmCopyRequestedMessage is copying 553047 bytes...
I1006 02:24:34.300658 2047873024 c_interface.cc:231] ArtmCopyRequestedMessage is copying 553047 bytes...
I1006 02:24:34.535398 2047873024 c_interface.cc:231] ArtmCopyRequestedMessage is copying 553047 bytes...
I1006 02:24:34.769338 2047873024 c_interface.cc:231] ArtmCopyRequestedMessage is copying 553047 bytes...
I1006 02:24:35.012648 2047873024 c_interface.cc:231] ArtmCopyRequestedMessage is copying 553047 bytes...
I1006 02:24:35.240072 2047873024 c_interface.cc:231] ArtmCopyRequestedMessage is copying 553047 bytes...
I1006 02:24:35.469189 2047873024 c_interface.cc:231] ArtmCopyRequestedMessage is copying 553047 bytes...
I1006 02:24:35.704157 2047873024 c_interface.cc:231] ArtmCopyRequestedMessage is copying 553047 bytes...
I1006 02:24:35.961169 2047873024 c_interface.cc:231] ArtmCopyRequestedMessage is copying 906512 bytes...
I1006 02:24:36.193388 2047873024 c_interface.cc:231] ArtmCopyRequestedMessage is copying 906512 bytes...
I1006 02:24:36.426688 2047873024 c_interface.cc:231] ArtmCopyRequestedMessage is copying 906512 bytes...
I1006 02:24:36.663060 2047873024 c_interface.cc:231] ArtmCopyRequestedMessage is copying 906512 bytes...
I1006 02:24:36.907310 2047873024 c_interface.cc:231] ArtmCopyRequestedMessage is copying 906512 bytes...
I1006 02:24:37.141840 2047873024 c_interface.cc:231] ArtmCopyRequestedMessage is copying 906512 bytes...
I1006 02:24:37.380563 2047873024 c_interface.cc:231] ArtmCopyRequestedMessage is copying 906512 bytes...
I1006 02:24:37.612452 2047873024 c_interface.cc:231] ArtmCopyRequestedMessage is copying 906512 bytes...
I1006 02:24:37.849979 2047873024 c_interface.cc:231] ArtmCopyRequestedMessage is copying 906512 bytes...
I1006 02:24:38.098121 2047873024 c_interface.cc:231] ArtmCopyRequestedMessage is copying 906512 bytes...
I1006 02:24:38.326460 2047873024 c_interface.cc:231] ArtmCopyRequestedMessage is copying 906512 bytes...
I1006 02:24:38.561940 2047873024 c_interface.cc:231] ArtmCopyRequestedMessage is copying 906512 bytes...
I1006 02:24:38.790033 2047873024 c_interface.cc:231] ArtmCopyRequestedMessage is copying 906512 bytes...
I1006 02:24:39.023788 2047873024 c_interface.cc:231] ArtmCopyRequestedMessage is copying 906512 bytes...
I1006 02:24:39.261123 2047873024 c_interface.cc:231] ArtmCopyRequestedMessage is copying 906512 bytes...
I1006 02:24:39.538816 2047873024 c_interface.cc:231] ArtmCopyRequestedMessage is copying 906512 bytes...
I1006 02:24:39.771205 2047873024 c_interface.cc:231] ArtmCopyRequestedMessage is copying 906512 bytes...
I1006 02:24:40.001919 2047873024 c_interface.cc:231] ArtmCopyRequestedMessage is copying 906512 bytes...
I1006 02:24:40.227146 2047873024 c_interface.cc:231] ArtmCopyRequestedMessage is copying 906512 bytes...
I1006 02:24:40.472285 2047873024 c_interface.cc:231] ArtmCopyRequestedMessage is copying 906512 bytes...
I1006 02:24:40.696565 2047873024 c_interface.cc:231] ArtmCopyRequestedMessage is copying 906512 bytes...
I1006 02:24:40.920228 2047873024 c_interface.cc:231] ArtmCopyRequestedMessage is copying 906512 bytes...
I1006 02:24:41.155365 2047873024 c_interface.cc:231] ArtmCopyRequestedMessage is copying 906512 bytes...
I1006 02:24:41.407289 2047873024 c_interface.cc:231] ArtmCopyRequestedMessage is copying 906512 bytes...
I1006 02:24:41.651813 2047873024 c_interface.cc:231] ArtmCopyRequestedMessage is copying 906512 bytes...
I1006 02:24:41.896576 2047873024 c_interface.cc:231] ArtmCopyRequestedMessage is copying 906512 bytes...
I1006 02:24:42.130892 2047873024 c_interface.cc:231] ArtmCopyRequestedMessage is copying 906512 bytes...
I1006 02:24:42.374383 2047873024 c_interface.cc:231] ArtmCopyRequestedMessage is copying 906512 bytes...
I1006 02:24:42.609923 2047873024 c_interface.cc:231] ArtmCopyRequestedMessage is copying 906512 bytes...
I1006 02:24:42.845422 2047873024 c_interface.cc:231] ArtmCopyRequestedMessage is copying 906512 bytes...
I1006 02:24:43.111557 2047873024 phi_matrix_operations.cc:84] RetrieveExternalTopicModel() with 30 topics, 26866 tokens
I1006 02:24:43.144335 2047873024 c_interface.cc:231] ArtmCopyRequestedMessage is copying 825332 bytes...
I1006 02:24:43.938938 2047873024 phi_matrix_operations.cc:84] RetrieveExternalTopicModel() with 30 topics, 539 tokens
I1006 02:24:43.939944 2047873024 c_interface.cc:231] ArtmCopyRequestedMessage is copying 21124 bytes...
I1006 02:24:43.943646 2047873024 c_interface.cc:236] ArtmCopyRequestedObject is copying 64680 bytes...
I1006 02:24:44.014595 2047873024 c_interface.cc:231] ArtmCopyRequestedMessage is copying 68913 bytes...
W1006 02:24:44.050448 2047873024 check_messages.h:1082] Inconsistent fields size in ThetaMatrix: 1728 vs 0 vs 1728 vs 0;
I1006 02:24:44.053086 2047873024 c_interface.cc:231] ArtmCopyRequestedMessage is copying 62001 bytes...
I1006 02:24:44.062450 2047873024 c_interface.cc:236] ArtmCopyRequestedObject is copying 207360 bytes...
I1006 02:40:39.168697 2047873024 c_interface.cc:375] Pass dictionary to MN4artm4core15MasterComponentEFvRKNSt3__112basic_stringIcNS2_11char_traitsIcEENS2_9allocatorIcEEEEE
I1006 02:40:39.178808 2047873024 c_interface.cc:339] Disposing MasterComponent (id=3)...
I1006 02:40:39.178906 2047873024 c_interface.cc:375] Pass c2c468aa-1dd2-48e6-9b33-d19703badd34 to MN4artm4core15MasterComponentEFvRKNSt3__112basic_stringIcNS2_11char_traitsIcEENS2_9allocatorIcEEEEE
I1006 02:40:39.193100 2047873024 c_interface.cc:339] Disposing MasterComponent (id=1)...
I1006 02:40:39.194371 28602368 processor.cc:732] Processor thread stopped
I1006 02:40:39.194403 28602368 processor.cc:733] Total number of processed batches: 11
I1006 02:40:39.195706 28065792 processor.cc:732] Processor thread stopped
I1006 02:40:39.195746 28065792 processor.cc:733] Total number of processed batches: 7
I1006 02:40:39.196998 27529216 processor.cc:732] Processor thread stopped
I1006 02:40:39.197036 27529216 processor.cc:733] Total number of processed batches: 14
I1006 02:40:39.198238 26992640 processor.cc:732] Processor thread stopped
I1006 02:40:39.198271 26992640 processor.cc:733] Total number of processed batches: 9
I1006 02:40:39.199394 26456064 processor.cc:732] Processor thread stopped
I1006 02:40:39.199420 26456064 processor.cc:733] Total number of processed batches: 15
I1006 02:40:39.200755 25919488 processor.cc:732] Processor thread stopped
I1006 02:40:39.200794 25919488 processor.cc:733] Total number of processed batches: 12
I1006 02:40:39.201964 25382912 processor.cc:732] Processor thread stopped
I1006 02:40:39.201994 25382912 processor.cc:733] Total number of processed batches: 12
I1006 02:40:39.203191 24846336 processor.cc:732] Processor thread stopped
I1006 02:40:39.203224 24846336 processor.cc:733] Total number of processed batches: 10
I1006 02:40:39.269913 2047873024 c_interface.cc:339] Disposing MasterComponent (id=2)...
