Log file created at: 2018/10/05 18:06:50
Running on machine: artems-MBP.Dlink
Log line format: [IWEF]mmdd hh:mm:ss.uuuuuu threadid file:line] msg
I1005 18:06:50.126440 2047873024 c_interface.cc:127] Logging enabled to .
I1005 18:06:50.127610 2047873024 c_interface.cc:128] BigARTM version: v0.9.0
I1005 18:06:50.127663 2047873024 c_interface.cc:271] Pass MasterModelConfig: topic_name_size=0, score_config_size=1, num_processors=0, pwt_name=pwt, nwt_name=nwt, num_document_passes=0, reuse_theta=no, cache_theta=no, opt_for_avx=yes, disk_cache_path= to ArtmCreateMasterModel
I1005 18:06:50.127698 2047873024 c_interface.cc:274] Creating MasterModel (id=1)...
I1005 18:06:58.763845 2047873024 c_interface.cc:271] Pass MasterModelConfig: topic_name_size=0, score_config_size=1, num_processors=0, pwt_name=pwt, nwt_name=nwt, num_document_passes=0, reuse_theta=no, cache_theta=no, opt_for_avx=yes, disk_cache_path= to ArtmCreateMasterModel
I1005 18:06:58.763866 2047873024 c_interface.cc:274] Creating MasterModel (id=2)...
I1005 18:06:58.764854 2047873024 collection_parser.cc:557] CollectionParserConfig.num_threads is automatically set to 8
I1005 18:07:00.004113 2047873024 c_interface.cc:375] Pass 0cc442ca-2087-4f64-b665-10d3c0c84bbe to MN4artm4core15MasterComponentEFvRKNSt3__112basic_stringIcNS2_11char_traitsIcEENS2_9allocatorIcEEEEE
I1005 18:07:00.004262 2047873024 c_interface.cc:389] Pass GatherDictionaryArgs: dictionary_target_name=0cc442ca-2087-4f64-b665-10d3c0c84bbe, data_path=lectures_batches, symmetric_cooc_values=0 to MN4artm4core15MasterComponentEFvRKNS_20GatherDictionaryArgsEE
I1005 18:07:00.004348 2047873024 dictionary_operations.cc:261] Found 2 batches in 'lectures_batches' folder
I1005 18:07:00.095227 2047873024 dictionary_operations.cc:325] Find 26866 unique tokens in 1728 items
I1005 18:07:00.127111 2047873024 dictionary_operations.cc:589] Dictionary name='0cc442ca-2087-4f64-b665-10d3c0c84bbe' contains entries: author:539; text:26327; 
I1005 18:25:08.664424 2047873024 c_interface.cc:271] Pass MasterModelConfig: topic_name_size=30, class=(author:1), class=(text:1), score_config_size=1, num_processors=0, pwt_name=pwt, nwt_name=nwt, num_document_passes=10, reuse_theta=no, cache_theta=no, opt_for_avx=yes, disk_cache_path= to ArtmCreateMasterModel
I1005 18:25:08.666302 2047873024 instance.cc:401] MasterModelConfig.processors_count is automatically set to 8
I1005 18:25:08.666404 23773184 processor.cc:724] Processor thread started
I1005 18:25:08.666435 24309760 processor.cc:724] Processor thread started
I1005 18:25:08.666448 25919488 processor.cc:724] Processor thread started
I1005 18:25:08.666458 24846336 processor.cc:724] Processor thread started
I1005 18:25:08.666473 25382912 processor.cc:724] Processor thread started
I1005 18:25:08.666476 26456064 processor.cc:724] Processor thread started
I1005 18:25:08.666482 26992640 processor.cc:724] Processor thread started
I1005 18:25:08.666487 2047873024 c_interface.cc:274] Creating MasterModel (id=3)...
I1005 18:25:08.666493 27529216 processor.cc:724] Processor thread started
I1005 18:25:08.689288 23773184 processor.cc:740] No data in processing queue, waiting...
I1005 18:25:08.689309 24846336 processor.cc:740] No data in processing queue, waiting...
I1005 18:25:08.689321 25382912 processor.cc:740] No data in processing queue, waiting...
I1005 18:25:08.689334 24309760 processor.cc:740] No data in processing queue, waiting...
I1005 18:25:08.689371 26456064 processor.cc:740] No data in processing queue, waiting...
I1005 18:25:08.689378 26992640 processor.cc:740] No data in processing queue, waiting...
I1005 18:25:08.689378 25919488 processor.cc:740] No data in processing queue, waiting...
I1005 18:25:08.689384 27529216 processor.cc:740] No data in processing queue, waiting...
I1005 18:25:51.884198 2047873024 c_interface.cc:271] Pass MasterModelConfig: topic_name_size=0, score_config_size=1, num_processors=0, pwt_name=pwt, nwt_name=nwt, num_document_passes=0, reuse_theta=no, cache_theta=no, opt_for_avx=yes, disk_cache_path= to ArtmCreateMasterModel
I1005 18:25:51.884232 2047873024 c_interface.cc:274] Creating MasterModel (id=4)...
I1005 18:25:59.830428 2047873024 c_interface.cc:231] ArtmCopyRequestedMessage is copying 155 bytes...
I1005 18:25:59.831974 2047873024 c_interface.cc:231] ArtmCopyRequestedMessage is copying 155 bytes...
I1005 18:26:33.541836 2047873024 c_interface.cc:271] Pass MasterModelConfig: topic_name_size=0, score_config_size=1, num_processors=0, pwt_name=pwt, nwt_name=nwt, num_document_passes=0, reuse_theta=no, cache_theta=no, opt_for_avx=yes, disk_cache_path= to ArtmCreateMasterModel
I1005 18:26:33.541882 2047873024 c_interface.cc:274] Creating MasterModel (id=5)...
I1005 18:26:33.542107 2047873024 c_interface.cc:375] Pass dictionary to MN4artm4core15MasterComponentEFvRKNSt3__112basic_stringIcNS2_11char_traitsIcEENS2_9allocatorIcEEEEE
I1005 18:26:33.542301 2047873024 c_interface.cc:339] Disposing MasterComponent (id=4)...
I1005 18:26:33.542438 2047873024 c_interface.cc:375] Pass dictionary to MN4artm4core15MasterComponentEFvRKNSt3__112basic_stringIcNS2_11char_traitsIcEENS2_9allocatorIcEEEEE
I1005 18:26:33.542568 2047873024 c_interface.cc:389] Pass GatherDictionaryArgs: dictionary_target_name=dictionary, data_path=lectures_batches, symmetric_cooc_values=0 to MN4artm4core15MasterComponentEFvRKNS_20GatherDictionaryArgsEE
I1005 18:26:33.542697 2047873024 dictionary_operations.cc:261] Found 2 batches in 'lectures_batches' folder
I1005 18:26:33.652298 2047873024 dictionary_operations.cc:325] Find 26866 unique tokens in 1728 items
I1005 18:26:33.683748 2047873024 dictionary_operations.cc:589] Dictionary name='dictionary' contains entries: author:539; text:26327; 
I1005 18:27:35.544442 2047873024 c_interface.cc:231] ArtmCopyRequestedMessage is copying 410 bytes...
I1005 18:27:35.545874 2047873024 c_interface.cc:231] ArtmCopyRequestedMessage is copying 410 bytes...
I1005 18:27:46.374692 2047873024 c_interface.cc:375] Pass pwt to MN4artm4core15MasterComponentEFvRKNSt3__112basic_stringIcNS2_11char_traitsIcEENS2_9allocatorIcEEEEE
I1005 18:27:46.374866 2047873024 c_interface.cc:375] Pass nwt to MN4artm4core15MasterComponentEFvRKNSt3__112basic_stringIcNS2_11char_traitsIcEENS2_9allocatorIcEEEEE
I1005 18:27:46.375247 2047873024 c_interface.cc:389] Pass InitializeModelArgs: model_name=pwt, dictionary_name=dictionary, topic_name_size=30, seed=-1 to MN4artm4core15MasterComponentEFvRKNS_19InitializeModelArgsEE
I1005 18:27:46.507688 2047873024 master_component.cc:664] InitializeModel() created matrix pwt with 30 topics and 26866 tokens; 
I1005 18:27:46.507946 2047873024 c_interface.cc:389] Pass InitializeModelArgs: model_name=nwt, dictionary_name=dictionary, topic_name_size=30, seed=-1 to MN4artm4core15MasterComponentEFvRKNS_19InitializeModelArgsEE
I1005 18:27:46.641463 2047873024 master_component.cc:664] InitializeModel() created matrix nwt with 30 topics and 26866 tokens; 
I1005 18:27:46.641654 2047873024 c_interface.cc:231] ArtmCopyRequestedMessage is copying 309 bytes...
I1005 19:28:10.281909 2047873024 c_interface.cc:389] Pass MasterModelConfig: topic_name_size=30, class=(author:1), class=(text:1), score_config_size=2, num_processors=0, pwt_name=pwt, nwt_name=nwt, num_document_passes=10, reuse_theta=no, cache_theta=no, opt_for_avx=yes, disk_cache_path= to MN4artm4core15MasterComponentEFvRKNS_17MasterModelConfigEE
I1005 19:28:10.285202 2047873024 instance.cc:401] MasterModelConfig.processors_count is automatically set to 8
I1005 19:28:10.285809 2047873024 c_interface.cc:389] Pass MasterModelConfig: topic_name_size=30, class=(author:1), class=(text:1), score_config_size=3, num_processors=0, pwt_name=pwt, nwt_name=nwt, num_document_passes=10, reuse_theta=no, cache_theta=no, opt_for_avx=yes, disk_cache_path= to MN4artm4core15MasterComponentEFvRKNS_17MasterModelConfigEE
I1005 19:28:10.285830 2047873024 instance.cc:401] MasterModelConfig.processors_count is automatically set to 8
I1005 19:33:03.151378 2047873024 c_interface.cc:231] ArtmCopyRequestedMessage is copying 648 bytes...
I1005 19:33:03.153606 2047873024 c_interface.cc:231] ArtmCopyRequestedMessage is copying 648 bytes...
I1005 19:33:11.109397 2047873024 c_interface.cc:375] Pass pwt to MN4artm4core15MasterComponentEFvRKNSt3__112basic_stringIcNS2_11char_traitsIcEENS2_9allocatorIcEEEEE
I1005 19:33:11.123764 2047873024 c_interface.cc:375] Pass nwt to MN4artm4core15MasterComponentEFvRKNSt3__112basic_stringIcNS2_11char_traitsIcEENS2_9allocatorIcEEEEE
I1005 19:33:11.139446 2047873024 c_interface.cc:389] Pass InitializeModelArgs: model_name=pwt, dictionary_name=dictionary, topic_name_size=30, seed=-1 to MN4artm4core15MasterComponentEFvRKNS_19InitializeModelArgsEE
I1005 19:33:11.272987 2047873024 master_component.cc:664] InitializeModel() created matrix pwt with 30 topics and 26866 tokens; 
I1005 19:33:11.273241 2047873024 c_interface.cc:389] Pass InitializeModelArgs: model_name=nwt, dictionary_name=dictionary, topic_name_size=30, seed=-1 to MN4artm4core15MasterComponentEFvRKNS_19InitializeModelArgsEE
I1005 19:33:11.394284 2047873024 master_component.cc:664] InitializeModel() created matrix nwt with 30 topics and 26866 tokens; 
I1005 19:33:11.394464 2047873024 c_interface.cc:231] ArtmCopyRequestedMessage is copying 373 bytes...
I1005 19:36:34.088763 2047873024 c_interface.cc:389] Pass MasterModelConfig: topic_name_size=30, class=(author:1), class=(text:1), score_config_size=3, num_processors=0, pwt_name=pwt, nwt_name=nwt, num_document_passes=10, regularizer=(SmoothSparsePhi:100000), reuse_theta=no, cache_theta=no, opt_for_avx=yes, disk_cache_path= to MN4artm4core15MasterComponentEFvRKNS_17MasterModelConfigEE
I1005 19:36:34.088824 2047873024 instance.cc:401] MasterModelConfig.processors_count is automatically set to 8
I1005 19:36:34.088858 2047873024 instance.cc:232] Regularizer 'SmoothSparsePhi' was cold-reconfigured
I1005 19:39:31.329439 2047873024 c_interface.cc:231] ArtmCopyRequestedMessage is copying 761 bytes...
I1005 19:39:31.331621 2047873024 c_interface.cc:231] ArtmCopyRequestedMessage is copying 761 bytes...
I1005 19:47:23.064522 2047873024 c_interface.cc:231] ArtmCopyRequestedMessage is copying 761 bytes...
I1005 19:47:23.066818 2047873024 c_interface.cc:231] ArtmCopyRequestedMessage is copying 761 bytes...
I1005 19:47:41.184631 2047873024 c_interface.cc:389] Pass FitOfflineMasterModelArgs, batch_filename_size=2, batch_weight_size=2, num_collection_passes=1, reset_nwt=yes to MN4artm4core15MasterComponentEFvRKNS_25FitOfflineMasterModelArgsEE
I1005 19:47:41.184656 2047873024 master_component.cc:1398] ProcessBatchesArgs: nwt_target_name=nwt, batch_filename_size=2, batch_size=0, batch_weight_size=2, pwt_source_name=pwt, num_document_passes=10, regularizer=(name:SmoothSparsePhi, tau:100000), class=(author:1), class=(text:1), reuse_theta=no, opt_for_avx=yes, predict_class_id=, reset_nwt=yes
I1005 19:47:41.195686 2047873024 master_component.cc:826] Batches count (=2) is smaller than num processors (=8), which may cause suboptimal performance.
I1005 19:47:41.196431 24846336 processor.cc:747] Processing queue has data, processing started
I1005 19:47:41.196439 25382912 processor.cc:747] Processing queue has data, processing started
I1005 19:47:41.213037 24846336 processor.cc:820] Processor: start processing batch 8e5324c3-60ac-4fe0-8596-6b66efde3474 into model nwt
I1005 19:47:41.227337 25382912 processor.cc:820] Processor: start processing batch f77511fa-f51f-43d7-8787-787d83058187 into model nwt
I1005 19:47:41.425446 24846336 processor.cc:925] Processor: complete processing batch 8e5324c3-60ac-4fe0-8596-6b66efde3474 into model nwt
I1005 19:47:41.428555 24846336 cuckoo_watch.h:45] 232ms in ProcessBatch(lectures_batches/aaaaaa.batch) [including 16ms in LoadMessage; 9ms in InitializeSparseNdw; 0ms in InitializeTheta; 0ms in CreateRegularizerAgents; 155ms in InferThetaAndUpdateNwtSparse; 47ms in CalculateScore(^^^ItemsProcessedScore^^^); ]
I1005 19:47:41.450978 24846336 processor.cc:740] No data in processing queue, waiting...
I1005 19:47:41.678344 25382912 processor.cc:925] Processor: complete processing batch f77511fa-f51f-43d7-8787-787d83058187 into model nwt
I1005 19:47:41.683735 25382912 cuckoo_watch.h:45] 487ms in ProcessBatch(lectures_batches/aaaaab.batch) [including 30ms in LoadMessage; 24ms in InitializeSparseNdw; 0ms in InitializeTheta; 0ms in CreateRegularizerAgents; 336ms in InferThetaAndUpdateNwtSparse; 90ms in CalculateScore(^^^ItemsProcessedScore^^^); ]
I1005 19:47:41.684031 2047873024 master_component.cc:1436] RegularizeModelArgs: rwt_target_name=rwt, pwt_source_name=pwt, nwt_source_name=nwt
I1005 19:47:41.684070 2047873024 master_component.cc:976] MasterComponent: start regularizing model pwt
I1005 19:47:41.708250 25382912 processor.cc:740] No data in processing queue, waiting...
I1005 19:47:41.781051 2047873024 master_component.cc:1002] MasterComponent: complete regularizing model pwt
I1005 19:47:41.781074 2047873024 master_component.cc:1449] NormalizeModelArgs: pwt_target_name=pwt, nwt_source_name=nwt, rwt_source_name=rwt
I1005 19:47:41.781080 2047873024 master_component.cc:1006] MasterComponent: start normalizing model nwt
I1005 19:47:41.838444 2047873024 master_component.cc:1034] MasterComponent: complete normalizing model nwt
I1005 19:47:41.925124 2047873024 master_component.cc:1473] DisposeModel rwt
I1005 19:47:41.940825 2047873024 master_component.cc:1059] FitOffline: ItemsProcessed, num_items=1728, num_batches=2, token_weight=808522, token_weight_in_effect=808522
I1005 19:47:41.941205 2047873024 c_interface.cc:389] Pass FitOfflineMasterModelArgs, batch_filename_size=2, batch_weight_size=2, num_collection_passes=1, reset_nwt=yes to MN4artm4core15MasterComponentEFvRKNS_25FitOfflineMasterModelArgsEE
I1005 19:47:41.941224 2047873024 master_component.cc:1398] ProcessBatchesArgs: nwt_target_name=nwt, batch_filename_size=2, batch_size=0, batch_weight_size=2, pwt_source_name=pwt, num_document_passes=10, regularizer=(name:SmoothSparsePhi, tau:100000), class=(author:1), class=(text:1), reuse_theta=no, opt_for_avx=yes, predict_class_id=, reset_nwt=yes
I1005 19:47:41.958952 24309760 processor.cc:747] Processing queue has data, processing started
I1005 19:47:41.958964 24846336 processor.cc:747] Processing queue has data, processing started
I1005 19:47:41.973842 24846336 processor.cc:820] Processor: start processing batch 8e5324c3-60ac-4fe0-8596-6b66efde3474 into model nwt
I1005 19:47:41.984012 24309760 processor.cc:820] Processor: start processing batch f77511fa-f51f-43d7-8787-787d83058187 into model nwt
I1005 19:47:42.189716 24846336 processor.cc:925] Processor: complete processing batch 8e5324c3-60ac-4fe0-8596-6b66efde3474 into model nwt
I1005 19:47:42.193496 24846336 cuckoo_watch.h:45] 232ms in ProcessBatch(lectures_batches/aaaaaa.batch) [including 13ms in LoadMessage; 8ms in InitializeSparseNdw; 0ms in InitializeTheta; 0ms in CreateRegularizerAgents; 162ms in InferThetaAndUpdateNwtSparse; 45ms in CalculateScore(^^^ItemsProcessedScore^^^); ]
I1005 19:47:42.216336 24846336 processor.cc:740] No data in processing queue, waiting...
I1005 19:47:42.469238 24309760 processor.cc:925] Processor: complete processing batch f77511fa-f51f-43d7-8787-787d83058187 into model nwt
I1005 19:47:42.475356 24309760 cuckoo_watch.h:45] 516ms in ProcessBatch(lectures_batches/aaaaab.batch) [including 25ms in LoadMessage; 22ms in InitializeSparseNdw; 0ms in InitializeTheta; 0ms in CreateRegularizerAgents; 362ms in InferThetaAndUpdateNwtSparse; 100ms in CalculateScore(^^^ItemsProcessedScore^^^); ]
I1005 19:47:42.476599 2047873024 master_component.cc:1436] RegularizeModelArgs: rwt_target_name=rwt, pwt_source_name=pwt, nwt_source_name=nwt
I1005 19:47:42.476663 2047873024 master_component.cc:976] MasterComponent: start regularizing model pwt
I1005 19:47:42.499853 24309760 processor.cc:740] No data in processing queue, waiting...
I1005 19:47:42.569738 2047873024 master_component.cc:1002] MasterComponent: complete regularizing model pwt
I1005 19:47:42.569759 2047873024 master_component.cc:1449] NormalizeModelArgs: pwt_target_name=pwt, nwt_source_name=nwt, rwt_source_name=rwt
I1005 19:47:42.569766 2047873024 master_component.cc:1006] MasterComponent: start normalizing model nwt
I1005 19:47:42.630697 2047873024 master_component.cc:1034] MasterComponent: complete normalizing model nwt
I1005 19:47:42.705657 2047873024 master_component.cc:1473] DisposeModel rwt
I1005 19:47:42.721029 2047873024 master_component.cc:1059] FitOffline: ItemsProcessed, num_items=1728, num_batches=2, token_weight=808522, token_weight_in_effect=808522
I1005 19:47:42.721279 2047873024 c_interface.cc:389] Pass FitOfflineMasterModelArgs, batch_filename_size=2, batch_weight_size=2, num_collection_passes=1, reset_nwt=yes to MN4artm4core15MasterComponentEFvRKNS_25FitOfflineMasterModelArgsEE
I1005 19:47:42.721293 2047873024 master_component.cc:1398] ProcessBatchesArgs: nwt_target_name=nwt, batch_filename_size=2, batch_size=0, batch_weight_size=2, pwt_source_name=pwt, num_document_passes=10, regularizer=(name:SmoothSparsePhi, tau:100000), class=(author:1), class=(text:1), reuse_theta=no, opt_for_avx=yes, predict_class_id=, reset_nwt=yes
I1005 19:47:42.734544 24846336 processor.cc:747] Processing queue has data, processing started
I1005 19:47:42.734544 26992640 processor.cc:747] Processing queue has data, processing started
I1005 19:47:42.749161 24846336 processor.cc:820] Processor: start processing batch 8e5324c3-60ac-4fe0-8596-6b66efde3474 into model nwt
I1005 19:47:42.758023 26992640 processor.cc:820] Processor: start processing batch f77511fa-f51f-43d7-8787-787d83058187 into model nwt
I1005 19:47:42.952661 24846336 processor.cc:925] Processor: complete processing batch 8e5324c3-60ac-4fe0-8596-6b66efde3474 into model nwt
I1005 19:47:42.955849 24846336 cuckoo_watch.h:45] 221ms in ProcessBatch(lectures_batches/aaaaaa.batch) [including 14ms in LoadMessage; 7ms in InitializeSparseNdw; 0ms in InitializeTheta; 0ms in CreateRegularizerAgents; 154ms in InferThetaAndUpdateNwtSparse; 41ms in CalculateScore(^^^ItemsProcessedScore^^^); ]
I1005 19:47:42.978112 24846336 processor.cc:740] No data in processing queue, waiting...
I1005 19:47:43.208171 26992640 processor.cc:925] Processor: complete processing batch f77511fa-f51f-43d7-8787-787d83058187 into model nwt
I1005 19:47:43.213203 26992640 cuckoo_watch.h:45] 478ms in ProcessBatch(lectures_batches/aaaaab.batch) [including 23ms in LoadMessage; 20ms in InitializeSparseNdw; 0ms in InitializeTheta; 0ms in CreateRegularizerAgents; 332ms in InferThetaAndUpdateNwtSparse; 96ms in CalculateScore(^^^ItemsProcessedScore^^^); ]
I1005 19:47:43.213948 2047873024 master_component.cc:1436] RegularizeModelArgs: rwt_target_name=rwt, pwt_source_name=pwt, nwt_source_name=nwt
I1005 19:47:43.213996 2047873024 master_component.cc:976] MasterComponent: start regularizing model pwt
I1005 19:47:43.237294 26992640 processor.cc:740] No data in processing queue, waiting...
I1005 19:47:43.306478 2047873024 master_component.cc:1002] MasterComponent: complete regularizing model pwt
I1005 19:47:43.306499 2047873024 master_component.cc:1449] NormalizeModelArgs: pwt_target_name=pwt, nwt_source_name=nwt, rwt_source_name=rwt
I1005 19:47:43.306504 2047873024 master_component.cc:1006] MasterComponent: start normalizing model nwt
I1005 19:47:43.361510 2047873024 master_component.cc:1034] MasterComponent: complete normalizing model nwt
I1005 19:47:43.448984 2047873024 master_component.cc:1473] DisposeModel rwt
I1005 19:47:43.464303 2047873024 master_component.cc:1059] FitOffline: ItemsProcessed, num_items=1728, num_batches=2, token_weight=808522, token_weight_in_effect=808522
I1005 19:47:43.464545 2047873024 c_interface.cc:389] Pass FitOfflineMasterModelArgs, batch_filename_size=2, batch_weight_size=2, num_collection_passes=1, reset_nwt=yes to MN4artm4core15MasterComponentEFvRKNS_25FitOfflineMasterModelArgsEE
I1005 19:47:43.464560 2047873024 master_component.cc:1398] ProcessBatchesArgs: nwt_target_name=nwt, batch_filename_size=2, batch_size=0, batch_weight_size=2, pwt_source_name=pwt, num_document_passes=10, regularizer=(name:SmoothSparsePhi, tau:100000), class=(author:1), class=(text:1), reuse_theta=no, opt_for_avx=yes, predict_class_id=, reset_nwt=yes
I1005 19:47:43.479122 23773184 processor.cc:747] Processing queue has data, processing started
I1005 19:47:43.479151 25919488 processor.cc:747] Processing queue has data, processing started
I1005 19:47:43.495393 23773184 processor.cc:820] Processor: start processing batch 8e5324c3-60ac-4fe0-8596-6b66efde3474 into model nwt
I1005 19:47:43.508576 25919488 processor.cc:820] Processor: start processing batch f77511fa-f51f-43d7-8787-787d83058187 into model nwt
I1005 19:47:43.713416 23773184 processor.cc:925] Processor: complete processing batch 8e5324c3-60ac-4fe0-8596-6b66efde3474 into model nwt
I1005 19:47:43.716961 23773184 cuckoo_watch.h:45] 237ms in ProcessBatch(lectures_batches/aaaaaa.batch) [including 16ms in LoadMessage; 9ms in InitializeSparseNdw; 0ms in InitializeTheta; 0ms in CreateRegularizerAgents; 163ms in InferThetaAndUpdateNwtSparse; 45ms in CalculateScore(^^^ItemsProcessedScore^^^); ]
I1005 19:47:43.739519 23773184 processor.cc:740] No data in processing queue, waiting...
I1005 19:47:43.986508 25919488 processor.cc:925] Processor: complete processing batch f77511fa-f51f-43d7-8787-787d83058187 into model nwt
I1005 19:47:43.992236 25919488 cuckoo_watch.h:45] 513ms in ProcessBatch(lectures_batches/aaaaab.batch) [including 29ms in LoadMessage; 23ms in InitializeSparseNdw; 0ms in InitializeTheta; 0ms in CreateRegularizerAgents; 354ms in InferThetaAndUpdateNwtSparse; 99ms in CalculateScore(^^^ItemsProcessedScore^^^); ]
I1005 19:47:43.993285 2047873024 master_component.cc:1436] RegularizeModelArgs: rwt_target_name=rwt, pwt_source_name=pwt, nwt_source_name=nwt
I1005 19:47:43.993348 2047873024 master_component.cc:976] MasterComponent: start regularizing model pwt
I1005 19:47:44.016502 25919488 processor.cc:740] No data in processing queue, waiting...
I1005 19:47:44.093278 2047873024 master_component.cc:1002] MasterComponent: complete regularizing model pwt
I1005 19:47:44.093299 2047873024 master_component.cc:1449] NormalizeModelArgs: pwt_target_name=pwt, nwt_source_name=nwt, rwt_source_name=rwt
I1005 19:47:44.093308 2047873024 master_component.cc:1006] MasterComponent: start normalizing model nwt
I1005 19:47:44.156563 2047873024 master_component.cc:1034] MasterComponent: complete normalizing model nwt
I1005 19:47:44.234524 2047873024 master_component.cc:1473] DisposeModel rwt
I1005 19:47:44.250820 2047873024 master_component.cc:1059] FitOffline: ItemsProcessed, num_items=1728, num_batches=2, token_weight=808522, token_weight_in_effect=808522
I1005 19:47:44.251063 2047873024 c_interface.cc:389] Pass FitOfflineMasterModelArgs, batch_filename_size=2, batch_weight_size=2, num_collection_passes=1, reset_nwt=yes to MN4artm4core15MasterComponentEFvRKNS_25FitOfflineMasterModelArgsEE
I1005 19:47:44.251078 2047873024 master_component.cc:1398] ProcessBatchesArgs: nwt_target_name=nwt, batch_filename_size=2, batch_size=0, batch_weight_size=2, pwt_source_name=pwt, num_document_passes=10, regularizer=(name:SmoothSparsePhi, tau:100000), class=(author:1), class=(text:1), reuse_theta=no, opt_for_avx=yes, predict_class_id=, reset_nwt=yes
I1005 19:47:44.265419 25382912 processor.cc:747] Processing queue has data, processing started
I1005 19:47:44.265429 27529216 processor.cc:747] Processing queue has data, processing started
I1005 19:47:44.278981 25382912 processor.cc:820] Processor: start processing batch 8e5324c3-60ac-4fe0-8596-6b66efde3474 into model nwt
I1005 19:47:44.289259 27529216 processor.cc:820] Processor: start processing batch f77511fa-f51f-43d7-8787-787d83058187 into model nwt
I1005 19:47:44.490743 25382912 processor.cc:925] Processor: complete processing batch 8e5324c3-60ac-4fe0-8596-6b66efde3474 into model nwt
I1005 19:47:44.494065 25382912 cuckoo_watch.h:45] 228ms in ProcessBatch(lectures_batches/aaaaaa.batch) [including 13ms in LoadMessage; 7ms in InitializeSparseNdw; 0ms in InitializeTheta; 0ms in CreateRegularizerAgents; 156ms in InferThetaAndUpdateNwtSparse; 47ms in CalculateScore(^^^ItemsProcessedScore^^^); ]
I1005 19:47:44.516921 25382912 processor.cc:740] No data in processing queue, waiting...
I1005 19:47:44.754637 27529216 processor.cc:925] Processor: complete processing batch f77511fa-f51f-43d7-8787-787d83058187 into model nwt
I1005 19:47:44.759742 27529216 cuckoo_watch.h:45] 494ms in ProcessBatch(lectures_batches/aaaaab.batch) [including 23ms in LoadMessage; 20ms in InitializeSparseNdw; 0ms in InitializeTheta; 0ms in CreateRegularizerAgents; 346ms in InferThetaAndUpdateNwtSparse; 98ms in CalculateScore(^^^ItemsProcessedScore^^^); ]
I1005 19:47:44.760375 2047873024 master_component.cc:1436] RegularizeModelArgs: rwt_target_name=rwt, pwt_source_name=pwt, nwt_source_name=nwt
I1005 19:47:44.760406 2047873024 master_component.cc:976] MasterComponent: start regularizing model pwt
I1005 19:47:44.783488 27529216 processor.cc:740] No data in processing queue, waiting...
I1005 19:47:44.855576 2047873024 master_component.cc:1002] MasterComponent: complete regularizing model pwt
I1005 19:47:44.855595 2047873024 master_component.cc:1449] NormalizeModelArgs: pwt_target_name=pwt, nwt_source_name=nwt, rwt_source_name=rwt
I1005 19:47:44.855602 2047873024 master_component.cc:1006] MasterComponent: start normalizing model nwt
I1005 19:47:44.913364 2047873024 master_component.cc:1034] MasterComponent: complete normalizing model nwt
I1005 19:47:44.987855 2047873024 master_component.cc:1473] DisposeModel rwt
I1005 19:47:45.003005 2047873024 master_component.cc:1059] FitOffline: ItemsProcessed, num_items=1728, num_batches=2, token_weight=808522, token_weight_in_effect=808522
I1005 19:47:45.003237 2047873024 c_interface.cc:389] Pass FitOfflineMasterModelArgs, batch_filename_size=2, batch_weight_size=2, num_collection_passes=1, reset_nwt=yes to MN4artm4core15MasterComponentEFvRKNS_25FitOfflineMasterModelArgsEE
I1005 19:47:45.003252 2047873024 master_component.cc:1398] ProcessBatchesArgs: nwt_target_name=nwt, batch_filename_size=2, batch_size=0, batch_weight_size=2, pwt_source_name=pwt, num_document_passes=10, regularizer=(name:SmoothSparsePhi, tau:100000), class=(author:1), class=(text:1), reuse_theta=no, opt_for_avx=yes, predict_class_id=, reset_nwt=yes
I1005 19:47:45.016913 23773184 processor.cc:747] Processing queue has data, processing started
I1005 19:47:45.016932 26456064 processor.cc:747] Processing queue has data, processing started
I1005 19:47:45.030050 23773184 processor.cc:820] Processor: start processing batch 8e5324c3-60ac-4fe0-8596-6b66efde3474 into model nwt
I1005 19:47:45.042173 26456064 processor.cc:820] Processor: start processing batch f77511fa-f51f-43d7-8787-787d83058187 into model nwt
I1005 19:47:45.250799 23773184 processor.cc:925] Processor: complete processing batch 8e5324c3-60ac-4fe0-8596-6b66efde3474 into model nwt
I1005 19:47:45.254686 23773184 cuckoo_watch.h:45] 237ms in ProcessBatch(lectures_batches/aaaaaa.batch) [including 13ms in LoadMessage; 7ms in InitializeSparseNdw; 0ms in InitializeTheta; 0ms in CreateRegularizerAgents; 161ms in InferThetaAndUpdateNwtSparse; 52ms in CalculateScore(^^^ItemsProcessedScore^^^); ]
I1005 19:47:45.277304 23773184 processor.cc:740] No data in processing queue, waiting...
I1005 19:47:45.527758 26456064 processor.cc:925] Processor: complete processing batch f77511fa-f51f-43d7-8787-787d83058187 into model nwt
I1005 19:47:45.533030 26456064 cuckoo_watch.h:45] 516ms in ProcessBatch(lectures_batches/aaaaab.batch) [including 25ms in LoadMessage; 20ms in InitializeSparseNdw; 0ms in InitializeTheta; 0ms in CreateRegularizerAgents; 363ms in InferThetaAndUpdateNwtSparse; 100ms in CalculateScore(^^^ItemsProcessedScore^^^); ]
I1005 19:47:45.533704 2047873024 master_component.cc:1436] RegularizeModelArgs: rwt_target_name=rwt, pwt_source_name=pwt, nwt_source_name=nwt
I1005 19:47:45.533759 2047873024 master_component.cc:976] MasterComponent: start regularizing model pwt
I1005 19:47:45.556169 26456064 processor.cc:740] No data in processing queue, waiting...
I1005 19:47:45.631745 2047873024 master_component.cc:1002] MasterComponent: complete regularizing model pwt
I1005 19:47:45.631767 2047873024 master_component.cc:1449] NormalizeModelArgs: pwt_target_name=pwt, nwt_source_name=nwt, rwt_source_name=rwt
I1005 19:47:45.631772 2047873024 master_component.cc:1006] MasterComponent: start normalizing model nwt
I1005 19:47:45.691522 2047873024 master_component.cc:1034] MasterComponent: complete normalizing model nwt
I1005 19:47:45.767510 2047873024 master_component.cc:1473] DisposeModel rwt
I1005 19:47:45.782110 2047873024 master_component.cc:1059] FitOffline: ItemsProcessed, num_items=1728, num_batches=2, token_weight=808522, token_weight_in_effect=808522
I1005 19:47:45.782400 2047873024 c_interface.cc:389] Pass FitOfflineMasterModelArgs, batch_filename_size=2, batch_weight_size=2, num_collection_passes=1, reset_nwt=yes to MN4artm4core15MasterComponentEFvRKNS_25FitOfflineMasterModelArgsEE
I1005 19:47:45.782418 2047873024 master_component.cc:1398] ProcessBatchesArgs: nwt_target_name=nwt, batch_filename_size=2, batch_size=0, batch_weight_size=2, pwt_source_name=pwt, num_document_passes=10, regularizer=(name:SmoothSparsePhi, tau:100000), class=(author:1), class=(text:1), reuse_theta=no, opt_for_avx=yes, predict_class_id=, reset_nwt=yes
I1005 19:47:45.796557 23773184 processor.cc:747] Processing queue has data, processing started
I1005 19:47:45.796564 24846336 processor.cc:747] Processing queue has data, processing started
I1005 19:47:45.809734 23773184 processor.cc:820] Processor: start processing batch 8e5324c3-60ac-4fe0-8596-6b66efde3474 into model nwt
I1005 19:47:45.819746 24846336 processor.cc:820] Processor: start processing batch f77511fa-f51f-43d7-8787-787d83058187 into model nwt
I1005 19:47:46.016857 23773184 processor.cc:925] Processor: complete processing batch 8e5324c3-60ac-4fe0-8596-6b66efde3474 into model nwt
I1005 19:47:46.020331 23773184 cuckoo_watch.h:45] 223ms in ProcessBatch(lectures_batches/aaaaaa.batch) [including 13ms in LoadMessage; 7ms in InitializeSparseNdw; 0ms in InitializeTheta; 0ms in CreateRegularizerAgents; 156ms in InferThetaAndUpdateNwtSparse; 43ms in CalculateScore(^^^ItemsProcessedScore^^^); ]
I1005 19:47:46.042237 23773184 processor.cc:740] No data in processing queue, waiting...
I1005 19:47:46.289628 24846336 processor.cc:925] Processor: complete processing batch f77511fa-f51f-43d7-8787-787d83058187 into model nwt
I1005 19:47:46.294880 24846336 cuckoo_watch.h:45] 498ms in ProcessBatch(lectures_batches/aaaaab.batch) [including 23ms in LoadMessage; 22ms in InitializeSparseNdw; 0ms in InitializeTheta; 0ms in CreateRegularizerAgents; 349ms in InferThetaAndUpdateNwtSparse; 98ms in CalculateScore(^^^ItemsProcessedScore^^^); ]
I1005 19:47:46.295246 2047873024 master_component.cc:1436] RegularizeModelArgs: rwt_target_name=rwt, pwt_source_name=pwt, nwt_source_name=nwt
I1005 19:47:46.295265 2047873024 master_component.cc:976] MasterComponent: start regularizing model pwt
I1005 19:47:46.317971 24846336 processor.cc:740] No data in processing queue, waiting...
I1005 19:47:46.394357 2047873024 master_component.cc:1002] MasterComponent: complete regularizing model pwt
I1005 19:47:46.394376 2047873024 master_component.cc:1449] NormalizeModelArgs: pwt_target_name=pwt, nwt_source_name=nwt, rwt_source_name=rwt
I1005 19:47:46.394383 2047873024 master_component.cc:1006] MasterComponent: start normalizing model nwt
I1005 19:47:46.456037 2047873024 master_component.cc:1034] MasterComponent: complete normalizing model nwt
I1005 19:47:46.533444 2047873024 master_component.cc:1473] DisposeModel rwt
I1005 19:47:46.547989 2047873024 master_component.cc:1059] FitOffline: ItemsProcessed, num_items=1728, num_batches=2, token_weight=808522, token_weight_in_effect=808522
I1005 19:47:46.548243 2047873024 c_interface.cc:389] Pass FitOfflineMasterModelArgs, batch_filename_size=2, batch_weight_size=2, num_collection_passes=1, reset_nwt=yes to MN4artm4core15MasterComponentEFvRKNS_25FitOfflineMasterModelArgsEE
I1005 19:47:46.548254 2047873024 master_component.cc:1398] ProcessBatchesArgs: nwt_target_name=nwt, batch_filename_size=2, batch_size=0, batch_weight_size=2, pwt_source_name=pwt, num_document_passes=10, regularizer=(name:SmoothSparsePhi, tau:100000), class=(author:1), class=(text:1), reuse_theta=no, opt_for_avx=yes, predict_class_id=, reset_nwt=yes
I1005 19:47:46.563168 23773184 processor.cc:747] Processing queue has data, processing started
I1005 19:47:46.563187 24846336 processor.cc:747] Processing queue has data, processing started
I1005 19:47:46.576304 23773184 processor.cc:820] Processor: start processing batch 8e5324c3-60ac-4fe0-8596-6b66efde3474 into model nwt
I1005 19:47:46.586443 24846336 processor.cc:820] Processor: start processing batch f77511fa-f51f-43d7-8787-787d83058187 into model nwt
I1005 19:47:46.781944 23773184 processor.cc:925] Processor: complete processing batch 8e5324c3-60ac-4fe0-8596-6b66efde3474 into model nwt
I1005 19:47:46.785194 23773184 cuckoo_watch.h:45] 221ms in ProcessBatch(lectures_batches/aaaaaa.batch) [including 13ms in LoadMessage; 7ms in InitializeSparseNdw; 0ms in InitializeTheta; 0ms in CreateRegularizerAgents; 154ms in InferThetaAndUpdateNwtSparse; 43ms in CalculateScore(^^^ItemsProcessedScore^^^); ]
I1005 19:47:46.807548 23773184 processor.cc:740] No data in processing queue, waiting...
I1005 19:47:47.045226 24846336 processor.cc:925] Processor: complete processing batch f77511fa-f51f-43d7-8787-787d83058187 into model nwt
I1005 19:47:47.051160 24846336 cuckoo_watch.h:45] 487ms in ProcessBatch(lectures_batches/aaaaab.batch) [including 23ms in LoadMessage; 20ms in InitializeSparseNdw; 0ms in InitializeTheta; 0ms in CreateRegularizerAgents; 340ms in InferThetaAndUpdateNwtSparse; 98ms in CalculateScore(^^^ItemsProcessedScore^^^); ]
I1005 19:47:47.052228 2047873024 master_component.cc:1436] RegularizeModelArgs: rwt_target_name=rwt, pwt_source_name=pwt, nwt_source_name=nwt
I1005 19:47:47.052278 2047873024 master_component.cc:976] MasterComponent: start regularizing model pwt
I1005 19:47:47.074564 24846336 processor.cc:740] No data in processing queue, waiting...
I1005 19:47:47.151240 2047873024 master_component.cc:1002] MasterComponent: complete regularizing model pwt
I1005 19:47:47.151266 2047873024 master_component.cc:1449] NormalizeModelArgs: pwt_target_name=pwt, nwt_source_name=nwt, rwt_source_name=rwt
I1005 19:47:47.151278 2047873024 master_component.cc:1006] MasterComponent: start normalizing model nwt
I1005 19:47:47.219568 2047873024 master_component.cc:1034] MasterComponent: complete normalizing model nwt
I1005 19:47:47.294538 2047873024 master_component.cc:1473] DisposeModel rwt
I1005 19:47:47.310253 2047873024 master_component.cc:1059] FitOffline: ItemsProcessed, num_items=1728, num_batches=2, token_weight=808522, token_weight_in_effect=808522
I1005 19:47:47.310483 2047873024 c_interface.cc:389] Pass FitOfflineMasterModelArgs, batch_filename_size=2, batch_weight_size=2, num_collection_passes=1, reset_nwt=yes to MN4artm4core15MasterComponentEFvRKNS_25FitOfflineMasterModelArgsEE
I1005 19:47:47.310497 2047873024 master_component.cc:1398] ProcessBatchesArgs: nwt_target_name=nwt, batch_filename_size=2, batch_size=0, batch_weight_size=2, pwt_source_name=pwt, num_document_passes=10, regularizer=(name:SmoothSparsePhi, tau:100000), class=(author:1), class=(text:1), reuse_theta=no, opt_for_avx=yes, predict_class_id=, reset_nwt=yes
I1005 19:47:47.325198 23773184 processor.cc:747] Processing queue has data, processing started
I1005 19:47:47.325192 26456064 processor.cc:747] Processing queue has data, processing started
I1005 19:47:47.338129 26456064 processor.cc:820] Processor: start processing batch 8e5324c3-60ac-4fe0-8596-6b66efde3474 into model nwt
I1005 19:47:47.347909 23773184 processor.cc:820] Processor: start processing batch f77511fa-f51f-43d7-8787-787d83058187 into model nwt
I1005 19:47:47.544731 26456064 processor.cc:925] Processor: complete processing batch 8e5324c3-60ac-4fe0-8596-6b66efde3474 into model nwt
I1005 19:47:47.548029 26456064 cuckoo_watch.h:45] 222ms in ProcessBatch(lectures_batches/aaaaaa.batch) [including 12ms in LoadMessage; 7ms in InitializeSparseNdw; 0ms in InitializeTheta; 0ms in CreateRegularizerAgents; 156ms in InferThetaAndUpdateNwtSparse; 42ms in CalculateScore(^^^ItemsProcessedScore^^^); ]
I1005 19:47:47.570230 26456064 processor.cc:740] No data in processing queue, waiting...
I1005 19:47:47.801054 23773184 processor.cc:925] Processor: complete processing batch f77511fa-f51f-43d7-8787-787d83058187 into model nwt
I1005 19:47:47.806098 23773184 cuckoo_watch.h:45] 480ms in ProcessBatch(lectures_batches/aaaaab.batch) [including 22ms in LoadMessage; 19ms in InitializeSparseNdw; 0ms in InitializeTheta; 0ms in CreateRegularizerAgents; 338ms in InferThetaAndUpdateNwtSparse; 94ms in CalculateScore(^^^ItemsProcessedScore^^^); ]
I1005 19:47:47.806896 2047873024 master_component.cc:1436] RegularizeModelArgs: rwt_target_name=rwt, pwt_source_name=pwt, nwt_source_name=nwt
I1005 19:47:47.806939 2047873024 master_component.cc:976] MasterComponent: start regularizing model pwt
I1005 19:47:47.829905 23773184 processor.cc:740] No data in processing queue, waiting...
I1005 19:47:47.909240 2047873024 master_component.cc:1002] MasterComponent: complete regularizing model pwt
I1005 19:47:47.909260 2047873024 master_component.cc:1449] NormalizeModelArgs: pwt_target_name=pwt, nwt_source_name=nwt, rwt_source_name=rwt
I1005 19:47:47.909265 2047873024 master_component.cc:1006] MasterComponent: start normalizing model nwt
I1005 19:47:47.979152 2047873024 master_component.cc:1034] MasterComponent: complete normalizing model nwt
I1005 19:47:48.056982 2047873024 master_component.cc:1473] DisposeModel rwt
I1005 19:47:48.071113 2047873024 master_component.cc:1059] FitOffline: ItemsProcessed, num_items=1728, num_batches=2, token_weight=808522, token_weight_in_effect=808522
I1005 19:47:48.071357 2047873024 c_interface.cc:389] Pass FitOfflineMasterModelArgs, batch_filename_size=2, batch_weight_size=2, num_collection_passes=1, reset_nwt=yes to MN4artm4core15MasterComponentEFvRKNS_25FitOfflineMasterModelArgsEE
I1005 19:47:48.071370 2047873024 master_component.cc:1398] ProcessBatchesArgs: nwt_target_name=nwt, batch_filename_size=2, batch_size=0, batch_weight_size=2, pwt_source_name=pwt, num_document_passes=10, regularizer=(name:SmoothSparsePhi, tau:100000), class=(author:1), class=(text:1), reuse_theta=no, opt_for_avx=yes, predict_class_id=, reset_nwt=yes
I1005 19:47:48.086314 24846336 processor.cc:747] Processing queue has data, processing started
I1005 19:47:48.086319 27529216 processor.cc:747] Processing queue has data, processing started
I1005 19:47:48.100327 24846336 processor.cc:820] Processor: start processing batch 8e5324c3-60ac-4fe0-8596-6b66efde3474 into model nwt
I1005 19:47:48.112375 27529216 processor.cc:820] Processor: start processing batch f77511fa-f51f-43d7-8787-787d83058187 into model nwt
I1005 19:47:48.306577 24846336 processor.cc:925] Processor: complete processing batch 8e5324c3-60ac-4fe0-8596-6b66efde3474 into model nwt
I1005 19:47:48.310364 24846336 cuckoo_watch.h:45] 224ms in ProcessBatch(lectures_batches/aaaaaa.batch) [including 13ms in LoadMessage; 7ms in InitializeSparseNdw; 0ms in InitializeTheta; 0ms in CreateRegularizerAgents; 153ms in InferThetaAndUpdateNwtSparse; 44ms in CalculateScore(^^^ItemsProcessedScore^^^); ]
I1005 19:47:48.333346 24846336 processor.cc:740] No data in processing queue, waiting...
I1005 19:47:48.568706 27529216 processor.cc:925] Processor: complete processing batch f77511fa-f51f-43d7-8787-787d83058187 into model nwt
I1005 19:47:48.574885 27529216 cuckoo_watch.h:45] 486ms in ProcessBatch(lectures_batches/aaaaab.batch) [including 24ms in LoadMessage; 19ms in InitializeSparseNdw; 0ms in InitializeTheta; 0ms in CreateRegularizerAgents; 336ms in InferThetaAndUpdateNwtSparse; 100ms in CalculateScore(^^^ItemsProcessedScore^^^); ]
I1005 19:47:48.575373 2047873024 master_component.cc:1436] RegularizeModelArgs: rwt_target_name=rwt, pwt_source_name=pwt, nwt_source_name=nwt
I1005 19:47:48.575397 2047873024 master_component.cc:976] MasterComponent: start regularizing model pwt
I1005 19:47:48.599015 27529216 processor.cc:740] No data in processing queue, waiting...
I1005 19:47:48.679142 2047873024 master_component.cc:1002] MasterComponent: complete regularizing model pwt
I1005 19:47:48.679162 2047873024 master_component.cc:1449] NormalizeModelArgs: pwt_target_name=pwt, nwt_source_name=nwt, rwt_source_name=rwt
I1005 19:47:48.679169 2047873024 master_component.cc:1006] MasterComponent: start normalizing model nwt
I1005 19:47:48.761200 2047873024 master_component.cc:1034] MasterComponent: complete normalizing model nwt
I1005 19:47:48.841286 2047873024 master_component.cc:1473] DisposeModel rwt
I1005 19:47:48.855360 2047873024 master_component.cc:1059] FitOffline: ItemsProcessed, num_items=1728, num_batches=2, token_weight=808522, token_weight_in_effect=808522
I1005 19:47:48.855589 2047873024 c_interface.cc:389] Pass FitOfflineMasterModelArgs, batch_filename_size=2, batch_weight_size=2, num_collection_passes=1, reset_nwt=yes to MN4artm4core15MasterComponentEFvRKNS_25FitOfflineMasterModelArgsEE
I1005 19:47:48.855602 2047873024 master_component.cc:1398] ProcessBatchesArgs: nwt_target_name=nwt, batch_filename_size=2, batch_size=0, batch_weight_size=2, pwt_source_name=pwt, num_document_passes=10, regularizer=(name:SmoothSparsePhi, tau:100000), class=(author:1), class=(text:1), reuse_theta=no, opt_for_avx=yes, predict_class_id=, reset_nwt=yes
I1005 19:47:48.869429 24309760 processor.cc:747] Processing queue has data, processing started
I1005 19:47:48.869416 26456064 processor.cc:747] Processing queue has data, processing started
I1005 19:47:48.882647 26456064 processor.cc:820] Processor: start processing batch 8e5324c3-60ac-4fe0-8596-6b66efde3474 into model nwt
I1005 19:47:48.892537 24309760 processor.cc:820] Processor: start processing batch f77511fa-f51f-43d7-8787-787d83058187 into model nwt
I1005 19:47:49.089594 26456064 processor.cc:925] Processor: complete processing batch 8e5324c3-60ac-4fe0-8596-6b66efde3474 into model nwt
I1005 19:47:49.093492 26456064 cuckoo_watch.h:45] 224ms in ProcessBatch(lectures_batches/aaaaaa.batch) [including 13ms in LoadMessage; 7ms in InitializeSparseNdw; 0ms in InitializeTheta; 0ms in CreateRegularizerAgents; 155ms in InferThetaAndUpdateNwtSparse; 44ms in CalculateScore(^^^ItemsProcessedScore^^^); ]
I1005 19:47:49.116185 26456064 processor.cc:740] No data in processing queue, waiting...
I1005 19:47:49.362788 24309760 processor.cc:925] Processor: complete processing batch f77511fa-f51f-43d7-8787-787d83058187 into model nwt
I1005 19:47:49.369163 24309760 cuckoo_watch.h:45] 499ms in ProcessBatch(lectures_batches/aaaaab.batch) [including 23ms in LoadMessage; 20ms in InitializeSparseNdw; 0ms in InitializeTheta; 0ms in CreateRegularizerAgents; 348ms in InferThetaAndUpdateNwtSparse; 101ms in CalculateScore(^^^ItemsProcessedScore^^^); ]
I1005 19:47:49.369261 2047873024 master_component.cc:1436] RegularizeModelArgs: rwt_target_name=rwt, pwt_source_name=pwt, nwt_source_name=nwt
I1005 19:47:49.369277 2047873024 master_component.cc:976] MasterComponent: start regularizing model pwt
I1005 19:47:49.393111 24309760 processor.cc:740] No data in processing queue, waiting...
I1005 19:47:49.469434 2047873024 master_component.cc:1002] MasterComponent: complete regularizing model pwt
I1005 19:47:49.469453 2047873024 master_component.cc:1449] NormalizeModelArgs: pwt_target_name=pwt, nwt_source_name=nwt, rwt_source_name=rwt
I1005 19:47:49.469460 2047873024 master_component.cc:1006] MasterComponent: start normalizing model nwt
I1005 19:47:49.546574 2047873024 master_component.cc:1034] MasterComponent: complete normalizing model nwt
I1005 19:47:49.617678 2047873024 master_component.cc:1473] DisposeModel rwt
I1005 19:47:49.634547 2047873024 master_component.cc:1059] FitOffline: ItemsProcessed, num_items=1728, num_batches=2, token_weight=808522, token_weight_in_effect=808522
I1005 19:47:49.634773 2047873024 c_interface.cc:389] Pass FitOfflineMasterModelArgs, batch_filename_size=2, batch_weight_size=2, num_collection_passes=1, reset_nwt=yes to MN4artm4core15MasterComponentEFvRKNS_25FitOfflineMasterModelArgsEE
I1005 19:47:49.634786 2047873024 master_component.cc:1398] ProcessBatchesArgs: nwt_target_name=nwt, batch_filename_size=2, batch_size=0, batch_weight_size=2, pwt_source_name=pwt, num_document_passes=10, regularizer=(name:SmoothSparsePhi, tau:100000), class=(author:1), class=(text:1), reuse_theta=no, opt_for_avx=yes, predict_class_id=, reset_nwt=yes
I1005 19:47:49.651345 25919488 processor.cc:747] Processing queue has data, processing started
I1005 19:47:49.651336 23773184 processor.cc:747] Processing queue has data, processing started
I1005 19:47:49.664335 23773184 processor.cc:820] Processor: start processing batch 8e5324c3-60ac-4fe0-8596-6b66efde3474 into model nwt
I1005 19:47:49.674640 25919488 processor.cc:820] Processor: start processing batch f77511fa-f51f-43d7-8787-787d83058187 into model nwt
I1005 19:47:49.879835 23773184 processor.cc:925] Processor: complete processing batch 8e5324c3-60ac-4fe0-8596-6b66efde3474 into model nwt
I1005 19:47:49.883671 23773184 cuckoo_watch.h:45] 232ms in ProcessBatch(lectures_batches/aaaaaa.batch) [including 12ms in LoadMessage; 7ms in InitializeSparseNdw; 0ms in InitializeTheta; 0ms in CreateRegularizerAgents; 161ms in InferThetaAndUpdateNwtSparse; 46ms in CalculateScore(^^^ItemsProcessedScore^^^); ]
I1005 19:47:49.905946 23773184 processor.cc:740] No data in processing queue, waiting...
I1005 19:47:50.178887 25919488 processor.cc:925] Processor: complete processing batch f77511fa-f51f-43d7-8787-787d83058187 into model nwt
I1005 19:47:50.184235 25919488 cuckoo_watch.h:45] 532ms in ProcessBatch(lectures_batches/aaaaab.batch) [including 23ms in LoadMessage; 20ms in InitializeSparseNdw; 0ms in InitializeTheta; 0ms in CreateRegularizerAgents; 366ms in InferThetaAndUpdateNwtSparse; 116ms in CalculateScore(^^^ItemsProcessedScore^^^); ]
I1005 19:47:50.184733 2047873024 master_component.cc:1436] RegularizeModelArgs: rwt_target_name=rwt, pwt_source_name=pwt, nwt_source_name=nwt
I1005 19:47:50.184756 2047873024 master_component.cc:976] MasterComponent: start regularizing model pwt
I1005 19:47:50.208309 25919488 processor.cc:740] No data in processing queue, waiting...
I1005 19:47:50.288192 2047873024 master_component.cc:1002] MasterComponent: complete regularizing model pwt
I1005 19:47:50.288213 2047873024 master_component.cc:1449] NormalizeModelArgs: pwt_target_name=pwt, nwt_source_name=nwt, rwt_source_name=rwt
I1005 19:47:50.288219 2047873024 master_component.cc:1006] MasterComponent: start normalizing model nwt
I1005 19:47:50.361760 2047873024 master_component.cc:1034] MasterComponent: complete normalizing model nwt
I1005 19:47:50.439620 2047873024 master_component.cc:1473] DisposeModel rwt
I1005 19:47:50.455233 2047873024 master_component.cc:1059] FitOffline: ItemsProcessed, num_items=1728, num_batches=2, token_weight=808522, token_weight_in_effect=808522
I1005 19:47:50.455461 2047873024 c_interface.cc:389] Pass FitOfflineMasterModelArgs, batch_filename_size=2, batch_weight_size=2, num_collection_passes=1, reset_nwt=yes to MN4artm4core15MasterComponentEFvRKNS_25FitOfflineMasterModelArgsEE
I1005 19:47:50.455472 2047873024 master_component.cc:1398] ProcessBatchesArgs: nwt_target_name=nwt, batch_filename_size=2, batch_size=0, batch_weight_size=2, pwt_source_name=pwt, num_document_passes=10, regularizer=(name:SmoothSparsePhi, tau:100000), class=(author:1), class=(text:1), reuse_theta=no, opt_for_avx=yes, predict_class_id=, reset_nwt=yes
I1005 19:47:50.471112 26456064 processor.cc:747] Processing queue has data, processing started
I1005 19:47:50.471103 24309760 processor.cc:747] Processing queue has data, processing started
I1005 19:47:50.484362 24309760 processor.cc:820] Processor: start processing batch 8e5324c3-60ac-4fe0-8596-6b66efde3474 into model nwt
I1005 19:47:50.494520 26456064 processor.cc:820] Processor: start processing batch f77511fa-f51f-43d7-8787-787d83058187 into model nwt
I1005 19:47:50.698863 24309760 processor.cc:925] Processor: complete processing batch 8e5324c3-60ac-4fe0-8596-6b66efde3474 into model nwt
I1005 19:47:50.702185 24309760 cuckoo_watch.h:45] 231ms in ProcessBatch(lectures_batches/aaaaaa.batch) [including 13ms in LoadMessage; 7ms in InitializeSparseNdw; 0ms in InitializeTheta; 0ms in CreateRegularizerAgents; 161ms in InferThetaAndUpdateNwtSparse; 45ms in CalculateScore(^^^ItemsProcessedScore^^^); ]
I1005 19:47:50.724992 24309760 processor.cc:740] No data in processing queue, waiting...
I1005 19:47:50.943660 26456064 processor.cc:925] Processor: complete processing batch f77511fa-f51f-43d7-8787-787d83058187 into model nwt
I1005 19:47:50.949517 26456064 cuckoo_watch.h:45] 478ms in ProcessBatch(lectures_batches/aaaaab.batch) [including 23ms in LoadMessage; 21ms in InitializeSparseNdw; 0ms in InitializeTheta; 0ms in CreateRegularizerAgents; 334ms in InferThetaAndUpdateNwtSparse; 92ms in CalculateScore(^^^ItemsProcessedScore^^^); ]
I1005 19:47:50.950584 2047873024 master_component.cc:1436] RegularizeModelArgs: rwt_target_name=rwt, pwt_source_name=pwt, nwt_source_name=nwt
I1005 19:47:50.950631 2047873024 master_component.cc:976] MasterComponent: start regularizing model pwt
I1005 19:47:50.973758 26456064 processor.cc:740] No data in processing queue, waiting...
I1005 19:47:51.052673 2047873024 master_component.cc:1002] MasterComponent: complete regularizing model pwt
I1005 19:47:51.052692 2047873024 master_component.cc:1449] NormalizeModelArgs: pwt_target_name=pwt, nwt_source_name=nwt, rwt_source_name=rwt
