I1005 21:15:28.625051 28602368 processor.cc:820] Processor: start processing batch 09732821-7fc5-4100-ae8e-9b5b43c08823 into model nwt
I1005 21:15:28.635386 26456064 processor.cc:820] Processor: start processing batch 663592c4-c376-4a4e-9e99-8b006228477e into model nwt
I1005 21:15:28.785130 28602368 processor.cc:925] Processor: complete processing batch 09732821-7fc5-4100-ae8e-9b5b43c08823 into model nwt
I1005 21:15:28.789842 28602368 cuckoo_watch.h:45] 179ms in ProcessBatch(lectures_batches/aaaaaa.batch) [including 14ms in LoadMessage; 7ms in InitializeSparseNdw; 0ms in FindReuseThetaCacheEntry; 7ms in InitializeTheta; 0ms in CreateRegularizerAgents; 88ms in InferThetaAndUpdateNwtSparse; 0ms in UpdateCacheEntry; 4ms in CalculateScore(sparsity_theta_score); 51ms in CalculateScore(^^^ItemsProcessedScore^^^); ]
I1005 21:15:28.814128 28602368 processor.cc:740] No data in processing queue, waiting...
I1005 21:15:28.959643 26456064 processor.cc:925] Processor: complete processing batch 663592c4-c376-4a4e-9e99-8b006228477e into model nwt
I1005 21:15:28.967352 26456064 cuckoo_watch.h:45] 357ms in ProcessBatch(lectures_batches/aaaaab.batch) [including 25ms in LoadMessage; 19ms in InitializeSparseNdw; 0ms in FindReuseThetaCacheEntry; 3ms in InitializeTheta; 0ms in CreateRegularizerAgents; 186ms in InferThetaAndUpdateNwtSparse; 0ms in UpdateCacheEntry; 7ms in CalculateScore(sparsity_theta_score); 106ms in CalculateScore(^^^ItemsProcessedScore^^^); ]
I1005 21:15:28.967496 2047873024 master_component.cc:1436] RegularizeModelArgs: rwt_target_name=rwt, pwt_source_name=pwt, nwt_source_name=nwt
I1005 21:15:28.967521 2047873024 master_component.cc:976] MasterComponent: start regularizing model pwt
I1005 21:15:28.991397 26456064 processor.cc:740] No data in processing queue, waiting...
I1005 21:15:29.129357 2047873024 master_component.cc:1002] MasterComponent: complete regularizing model pwt
I1005 21:15:29.129379 2047873024 master_component.cc:1449] NormalizeModelArgs: pwt_target_name=pwt, nwt_source_name=nwt, rwt_source_name=rwt
I1005 21:15:29.129387 2047873024 master_component.cc:1006] MasterComponent: start normalizing model nwt
I1005 21:15:29.203130 2047873024 master_component.cc:1034] MasterComponent: complete normalizing model nwt
I1005 21:15:29.241348 2047873024 master_component.cc:1473] DisposeModel rwt
I1005 21:15:29.263105 2047873024 master_component.cc:1059] FitOffline: ItemsProcessed, num_items=1728, num_batches=2, token_weight=808522, token_weight_in_effect=808522
I1005 21:15:29.263353 2047873024 c_interface.cc:389] Pass FitOfflineMasterModelArgs, batch_filename_size=2, batch_weight_size=2, num_collection_passes=1, reset_nwt=yes to MN4artm4core15MasterComponentEFvRKNS_25FitOfflineMasterModelArgsEE
I1005 21:15:29.263367 2047873024 master_component.cc:1398] ProcessBatchesArgs: nwt_target_name=nwt, batch_filename_size=2, batch_size=0, batch_weight_size=2, pwt_source_name=pwt, num_document_passes=1, regularizer=(name:SmoothSparsePhi_bcg, tau:10000), regularizer=(name:SmoothSparsePhi_sbj, tau:-100000), class=(author:1), class=(text:1), reuse_theta=yes, opt_for_avx=yes, predict_class_id=, reset_nwt=yes
I1005 21:15:29.282830 26992640 processor.cc:747] Processing queue has data, processing started
I1005 21:15:29.282835 29138944 processor.cc:747] Processing queue has data, processing started
I1005 21:15:29.297093 26992640 processor.cc:820] Processor: start processing batch 09732821-7fc5-4100-ae8e-9b5b43c08823 into model nwt
I1005 21:15:29.308300 29138944 processor.cc:820] Processor: start processing batch 663592c4-c376-4a4e-9e99-8b006228477e into model nwt
I1005 21:15:29.459308 26992640 processor.cc:925] Processor: complete processing batch 09732821-7fc5-4100-ae8e-9b5b43c08823 into model nwt
I1005 21:15:29.464447 26992640 cuckoo_watch.h:45] 181ms in ProcessBatch(lectures_batches/aaaaaa.batch) [including 14ms in LoadMessage; 8ms in InitializeSparseNdw; 0ms in FindReuseThetaCacheEntry; 8ms in InitializeTheta; 0ms in CreateRegularizerAgents; 87ms in InferThetaAndUpdateNwtSparse; 0ms in UpdateCacheEntry; 5ms in CalculateScore(sparsity_theta_score); 51ms in CalculateScore(^^^ItemsProcessedScore^^^); ]
I1005 21:15:29.487259 26992640 processor.cc:740] No data in processing queue, waiting...
I1005 21:15:29.607416 29138944 processor.cc:925] Processor: complete processing batch 663592c4-c376-4a4e-9e99-8b006228477e into model nwt
I1005 21:15:29.615113 29138944 cuckoo_watch.h:45] 332ms in ProcessBatch(lectures_batches/aaaaab.batch) [including 25ms in LoadMessage; 20ms in InitializeSparseNdw; 0ms in FindReuseThetaCacheEntry; 3ms in InitializeTheta; 0ms in CreateRegularizerAgents; 172ms in InferThetaAndUpdateNwtSparse; 0ms in UpdateCacheEntry; 5ms in CalculateScore(sparsity_theta_score); 96ms in CalculateScore(^^^ItemsProcessedScore^^^); ]
I1005 21:15:29.616216 2047873024 master_component.cc:1436] RegularizeModelArgs: rwt_target_name=rwt, pwt_source_name=pwt, nwt_source_name=nwt
I1005 21:15:29.616252 2047873024 master_component.cc:976] MasterComponent: start regularizing model pwt
I1005 21:15:29.638939 29138944 processor.cc:740] No data in processing queue, waiting...
I1005 21:15:29.788215 2047873024 master_component.cc:1002] MasterComponent: complete regularizing model pwt
I1005 21:15:29.788236 2047873024 master_component.cc:1449] NormalizeModelArgs: pwt_target_name=pwt, nwt_source_name=nwt, rwt_source_name=rwt
I1005 21:15:29.788244 2047873024 master_component.cc:1006] MasterComponent: start normalizing model nwt
I1005 21:15:29.857506 2047873024 master_component.cc:1034] MasterComponent: complete normalizing model nwt
I1005 21:15:29.896529 2047873024 master_component.cc:1473] DisposeModel rwt
I1005 21:15:29.920159 2047873024 master_component.cc:1059] FitOffline: ItemsProcessed, num_items=1728, num_batches=2, token_weight=808522, token_weight_in_effect=808522
I1005 21:15:29.920442 2047873024 c_interface.cc:389] Pass FitOfflineMasterModelArgs, batch_filename_size=2, batch_weight_size=2, num_collection_passes=1, reset_nwt=yes to MN4artm4core15MasterComponentEFvRKNS_25FitOfflineMasterModelArgsEE
I1005 21:15:29.920459 2047873024 master_component.cc:1398] ProcessBatchesArgs: nwt_target_name=nwt, batch_filename_size=2, batch_size=0, batch_weight_size=2, pwt_source_name=pwt, num_document_passes=1, regularizer=(name:SmoothSparsePhi_bcg, tau:10000), regularizer=(name:SmoothSparsePhi_sbj, tau:-100000), class=(author:1), class=(text:1), reuse_theta=yes, opt_for_avx=yes, predict_class_id=, reset_nwt=yes
I1005 21:15:29.941594 29138944 processor.cc:747] Processing queue has data, processing started
I1005 21:15:29.941620 28065792 processor.cc:747] Processing queue has data, processing started
I1005 21:15:29.956665 29138944 processor.cc:820] Processor: start processing batch 09732821-7fc5-4100-ae8e-9b5b43c08823 into model nwt
I1005 21:15:29.967983 28065792 processor.cc:820] Processor: start processing batch 663592c4-c376-4a4e-9e99-8b006228477e into model nwt
I1005 21:15:30.120302 29138944 processor.cc:925] Processor: complete processing batch 09732821-7fc5-4100-ae8e-9b5b43c08823 into model nwt
I1005 21:15:30.125272 29138944 cuckoo_watch.h:45] 183ms in ProcessBatch(lectures_batches/aaaaaa.batch) [including 15ms in LoadMessage; 9ms in InitializeSparseNdw; 0ms in FindReuseThetaCacheEntry; 9ms in InitializeTheta; 0ms in CreateRegularizerAgents; 89ms in InferThetaAndUpdateNwtSparse; 0ms in UpdateCacheEntry; 5ms in CalculateScore(sparsity_theta_score); 50ms in CalculateScore(^^^ItemsProcessedScore^^^); ]
I1005 21:15:30.149214 29138944 processor.cc:740] No data in processing queue, waiting...
I1005 21:15:30.267590 28065792 processor.cc:925] Processor: complete processing batch 663592c4-c376-4a4e-9e99-8b006228477e into model nwt
I1005 21:15:30.274775 28065792 cuckoo_watch.h:45] 333ms in ProcessBatch(lectures_batches/aaaaab.batch) [including 26ms in LoadMessage; 21ms in InitializeSparseNdw; 0ms in FindReuseThetaCacheEntry; 3ms in InitializeTheta; 0ms in CreateRegularizerAgents; 173ms in InferThetaAndUpdateNwtSparse; 0ms in UpdateCacheEntry; 5ms in CalculateScore(sparsity_theta_score); 94ms in CalculateScore(^^^ItemsProcessedScore^^^); ]
I1005 21:15:30.275786 2047873024 master_component.cc:1436] RegularizeModelArgs: rwt_target_name=rwt, pwt_source_name=pwt, nwt_source_name=nwt
I1005 21:15:30.275810 2047873024 master_component.cc:976] MasterComponent: start regularizing model pwt
I1005 21:15:30.298061 28065792 processor.cc:740] No data in processing queue, waiting...
I1005 21:15:30.440464 2047873024 master_component.cc:1002] MasterComponent: complete regularizing model pwt
I1005 21:15:30.440486 2047873024 master_component.cc:1449] NormalizeModelArgs: pwt_target_name=pwt, nwt_source_name=nwt, rwt_source_name=rwt
I1005 21:15:30.440493 2047873024 master_component.cc:1006] MasterComponent: start normalizing model nwt
I1005 21:15:30.502347 2047873024 master_component.cc:1034] MasterComponent: complete normalizing model nwt
I1005 21:15:30.541826 2047873024 master_component.cc:1473] DisposeModel rwt
I1005 21:15:30.562383 2047873024 master_component.cc:1059] FitOffline: ItemsProcessed, num_items=1728, num_batches=2, token_weight=808522, token_weight_in_effect=808522
I1005 21:15:30.562688 2047873024 c_interface.cc:389] Pass FitOfflineMasterModelArgs, batch_filename_size=2, batch_weight_size=2, num_collection_passes=1, reset_nwt=yes to MN4artm4core15MasterComponentEFvRKNS_25FitOfflineMasterModelArgsEE
I1005 21:15:30.562702 2047873024 master_component.cc:1398] ProcessBatchesArgs: nwt_target_name=nwt, batch_filename_size=2, batch_size=0, batch_weight_size=2, pwt_source_name=pwt, num_document_passes=1, regularizer=(name:SmoothSparsePhi_bcg, tau:10000), regularizer=(name:SmoothSparsePhi_sbj, tau:-100000), class=(author:1), class=(text:1), reuse_theta=yes, opt_for_avx=yes, predict_class_id=, reset_nwt=yes
I1005 21:15:30.580427 26456064 processor.cc:747] Processing queue has data, processing started
I1005 21:15:30.580446 27529216 processor.cc:747] Processing queue has data, processing started
I1005 21:15:30.593766 26456064 processor.cc:820] Processor: start processing batch 09732821-7fc5-4100-ae8e-9b5b43c08823 into model nwt
I1005 21:15:30.604681 27529216 processor.cc:820] Processor: start processing batch 663592c4-c376-4a4e-9e99-8b006228477e into model nwt
I1005 21:15:30.743854 26456064 processor.cc:925] Processor: complete processing batch 09732821-7fc5-4100-ae8e-9b5b43c08823 into model nwt
I1005 21:15:30.749186 26456064 cuckoo_watch.h:45] 168ms in ProcessBatch(lectures_batches/aaaaaa.batch) [including 13ms in LoadMessage; 8ms in InitializeSparseNdw; 0ms in FindReuseThetaCacheEntry; 8ms in InitializeTheta; 0ms in CreateRegularizerAgents; 83ms in InferThetaAndUpdateNwtSparse; 0ms in UpdateCacheEntry; 3ms in CalculateScore(sparsity_theta_score); 45ms in CalculateScore(^^^ItemsProcessedScore^^^); ]
I1005 21:15:30.773474 26456064 processor.cc:740] No data in processing queue, waiting...
I1005 21:15:30.909443 27529216 processor.cc:925] Processor: complete processing batch 663592c4-c376-4a4e-9e99-8b006228477e into model nwt
I1005 21:15:30.915776 27529216 cuckoo_watch.h:45] 335ms in ProcessBatch(lectures_batches/aaaaab.batch) [including 24ms in LoadMessage; 20ms in InitializeSparseNdw; 0ms in FindReuseThetaCacheEntry; 4ms in InitializeTheta; 0ms in CreateRegularizerAgents; 168ms in InferThetaAndUpdateNwtSparse; 0ms in UpdateCacheEntry; 6ms in CalculateScore(sparsity_theta_score); 104ms in CalculateScore(^^^ItemsProcessedScore^^^); ]
I1005 21:15:30.916815 2047873024 master_component.cc:1436] RegularizeModelArgs: rwt_target_name=rwt, pwt_source_name=pwt, nwt_source_name=nwt
I1005 21:15:30.916852 2047873024 master_component.cc:976] MasterComponent: start regularizing model pwt
I1005 21:15:30.939615 27529216 processor.cc:740] No data in processing queue, waiting...
I1005 21:15:31.088034 2047873024 master_component.cc:1002] MasterComponent: complete regularizing model pwt
I1005 21:15:31.088057 2047873024 master_component.cc:1449] NormalizeModelArgs: pwt_target_name=pwt, nwt_source_name=nwt, rwt_source_name=rwt
I1005 21:15:31.088065 2047873024 master_component.cc:1006] MasterComponent: start normalizing model nwt
I1005 21:15:31.156246 2047873024 master_component.cc:1034] MasterComponent: complete normalizing model nwt
I1005 21:15:31.193843 2047873024 master_component.cc:1473] DisposeModel rwt
I1005 21:15:31.213789 2047873024 master_component.cc:1059] FitOffline: ItemsProcessed, num_items=1728, num_batches=2, token_weight=808522, token_weight_in_effect=808522
I1005 21:15:31.221236 2047873024 c_interface.cc:231] ArtmCopyRequestedMessage is copying 2561 bytes...
I1005 21:15:31.239918 2047873024 c_interface.cc:231] ArtmCopyRequestedMessage is copying 2460 bytes...
I1005 21:15:31.243607 2047873024 c_interface.cc:231] ArtmCopyRequestedMessage is copying 2561 bytes...
I1005 21:15:31.246603 2047873024 c_interface.cc:231] ArtmCopyRequestedMessage is copying 2460 bytes...
I1005 21:15:31.392045 2047873024 c_interface.cc:231] ArtmCopyRequestedMessage is copying 347264 bytes...
I1005 21:15:52.667332 29138944 processor.cc:732] Processor thread stopped
I1005 21:15:52.667384 29138944 processor.cc:733] Total number of processed batches: 16
I1005 21:15:52.668697 28602368 processor.cc:732] Processor thread stopped
I1005 21:15:52.668725 28602368 processor.cc:733] Total number of processed batches: 15
I1005 21:15:52.670056 28065792 processor.cc:732] Processor thread stopped
I1005 21:15:52.670087 28065792 processor.cc:733] Total number of processed batches: 12
I1005 21:15:52.671483 27529216 processor.cc:732] Processor thread stopped
I1005 21:15:52.671525 27529216 processor.cc:733] Total number of processed batches: 14
I1005 21:15:52.672915 26992640 processor.cc:732] Processor thread stopped
I1005 21:15:52.672955 26992640 processor.cc:733] Total number of processed batches: 11
I1005 21:15:52.674302 26456064 processor.cc:732] Processor thread stopped
I1005 21:15:52.674341 26456064 processor.cc:733] Total number of processed batches: 17
I1005 21:15:52.675758 25919488 processor.cc:732] Processor thread stopped
I1005 21:15:52.675789 25919488 processor.cc:733] Total number of processed batches: 17
I1005 21:15:52.676951 25382912 processor.cc:732] Processor thread stopped
I1005 21:15:52.676988 25382912 processor.cc:733] Total number of processed batches: 18
I1005 21:15:52.736042 2047873024 c_interface.cc:339] Disposing MasterComponent (id=2)...
I1005 21:15:52.736282 2047873024 c_interface.cc:375] Pass dictionary to MN4artm4core15MasterComponentEFvRKNSt3__112basic_stringIcNS2_11char_traitsIcEENS2_9allocatorIcEEEEE
I1005 21:15:52.743065 2047873024 c_interface.cc:339] Disposing MasterComponent (id=3)...
I1005 21:15:52.743160 2047873024 c_interface.cc:375] Pass 0c5875ec-8b65-4fa2-a939-316675ff7837 to MN4artm4core15MasterComponentEFvRKNSt3__112basic_stringIcNS2_11char_traitsIcEENS2_9allocatorIcEEEEE
I1005 21:15:52.749227 2047873024 c_interface.cc:339] Disposing MasterComponent (id=1)...
