I1005 20:40:13.698235 27529216 processor.cc:740] No data in processing queue, waiting...
I1005 20:40:13.928925 26992640 processor.cc:925] Processor: complete processing batch 2e0d52d3-bce9-4217-b753-7b1e3ea34342 into model nwt
I1005 20:40:13.936561 26992640 cuckoo_watch.h:45] 513ms in ProcessBatch(lectures_batches/aaaaab.batch) [including 24ms in LoadMessage; 21ms in InitializeSparseNdw; 0ms in FindReuseThetaCacheEntry; 5ms in InitializeTheta; 0ms in CreateRegularizerAgents; 350ms in InferThetaAndUpdateNwtSparse; 0ms in UpdateCacheEntry; 4ms in CalculateScore(sparsity_theta_score); 98ms in CalculateScore(^^^ItemsProcessedScore^^^); ]
I1005 20:40:13.936734 2047873024 master_component.cc:1436] RegularizeModelArgs: rwt_target_name=rwt, pwt_source_name=pwt, nwt_source_name=nwt
I1005 20:40:13.936764 2047873024 master_component.cc:976] MasterComponent: start regularizing model pwt
I1005 20:40:13.960772 26992640 processor.cc:740] No data in processing queue, waiting...
I1005 20:40:14.045580 2047873024 master_component.cc:1002] MasterComponent: complete regularizing model pwt
I1005 20:40:14.045603 2047873024 master_component.cc:1449] NormalizeModelArgs: pwt_target_name=pwt, nwt_source_name=nwt, rwt_source_name=rwt
I1005 20:40:14.045610 2047873024 master_component.cc:1006] MasterComponent: start normalizing model nwt
I1005 20:40:14.122098 2047873024 master_component.cc:1034] MasterComponent: complete normalizing model nwt
I1005 20:40:14.198076 2047873024 master_component.cc:1473] DisposeModel rwt
I1005 20:40:14.214390 2047873024 master_component.cc:1059] FitOffline: ItemsProcessed, num_items=1728, num_batches=2, token_weight=808522, token_weight_in_effect=808522
I1005 20:40:14.214622 2047873024 c_interface.cc:389] Pass FitOfflineMasterModelArgs, batch_filename_size=2, batch_weight_size=2, num_collection_passes=1, reset_nwt=yes to MN4artm4core15MasterComponentEFvRKNS_25FitOfflineMasterModelArgsEE
I1005 20:40:14.214635 2047873024 master_component.cc:1398] ProcessBatchesArgs: nwt_target_name=nwt, batch_filename_size=2, batch_size=0, batch_weight_size=2, pwt_source_name=pwt, num_document_passes=10, regularizer=(name:SmoothSparsePhi_bcg, tau:100000), class=(author:1), class=(text:1), reuse_theta=yes, opt_for_avx=yes, predict_class_id=, reset_nwt=yes
I1005 20:40:14.231065 27529216 processor.cc:747] Processing queue has data, processing started
I1005 20:40:14.231108 26992640 processor.cc:747] Processing queue has data, processing started
I1005 20:40:14.244841 27529216 processor.cc:820] Processor: start processing batch 5595bf76-db70-4e76-8078-14ac58e7232f into model nwt
I1005 20:40:14.255308 26992640 processor.cc:820] Processor: start processing batch 2e0d52d3-bce9-4217-b753-7b1e3ea34342 into model nwt
I1005 20:40:14.471292 27529216 processor.cc:925] Processor: complete processing batch 5595bf76-db70-4e76-8078-14ac58e7232f into model nwt
I1005 20:40:14.475788 27529216 cuckoo_watch.h:45] 244ms in ProcessBatch(lectures_batches/aaaaaa.batch) [including 13ms in LoadMessage; 7ms in InitializeSparseNdw; 0ms in FindReuseThetaCacheEntry; 8ms in InitializeTheta; 0ms in CreateRegularizerAgents; 160ms in InferThetaAndUpdateNwtSparse; 0ms in UpdateCacheEntry; 4ms in CalculateScore(sparsity_theta_score); 44ms in CalculateScore(^^^ItemsProcessedScore^^^); ]
I1005 20:40:14.497599 27529216 processor.cc:740] No data in processing queue, waiting...
I1005 20:40:14.743070 26992640 processor.cc:925] Processor: complete processing batch 2e0d52d3-bce9-4217-b753-7b1e3ea34342 into model nwt
I1005 20:40:14.750347 26992640 cuckoo_watch.h:45] 519ms in ProcessBatch(lectures_batches/aaaaab.batch) [including 24ms in LoadMessage; 19ms in InitializeSparseNdw; 0ms in FindReuseThetaCacheEntry; 3ms in InitializeTheta; 0ms in CreateRegularizerAgents; 351ms in InferThetaAndUpdateNwtSparse; 0ms in UpdateCacheEntry; 7ms in CalculateScore(sparsity_theta_score); 105ms in CalculateScore(^^^ItemsProcessedScore^^^); ]
I1005 20:40:14.751258 2047873024 master_component.cc:1436] RegularizeModelArgs: rwt_target_name=rwt, pwt_source_name=pwt, nwt_source_name=nwt
I1005 20:40:14.751296 2047873024 master_component.cc:976] MasterComponent: start regularizing model pwt
I1005 20:40:14.774075 26992640 processor.cc:740] No data in processing queue, waiting...
I1005 20:40:14.852272 2047873024 master_component.cc:1002] MasterComponent: complete regularizing model pwt
I1005 20:40:14.852308 2047873024 master_component.cc:1449] NormalizeModelArgs: pwt_target_name=pwt, nwt_source_name=nwt, rwt_source_name=rwt
I1005 20:40:14.852316 2047873024 master_component.cc:1006] MasterComponent: start normalizing model nwt
I1005 20:40:14.939513 2047873024 master_component.cc:1034] MasterComponent: complete normalizing model nwt
I1005 20:40:15.020480 2047873024 master_component.cc:1473] DisposeModel rwt
I1005 20:40:15.038426 2047873024 master_component.cc:1059] FitOffline: ItemsProcessed, num_items=1728, num_batches=2, token_weight=808522, token_weight_in_effect=808522
I1005 20:40:15.038666 2047873024 c_interface.cc:389] Pass FitOfflineMasterModelArgs, batch_filename_size=2, batch_weight_size=2, num_collection_passes=1, reset_nwt=yes to MN4artm4core15MasterComponentEFvRKNS_25FitOfflineMasterModelArgsEE
I1005 20:40:15.038681 2047873024 master_component.cc:1398] ProcessBatchesArgs: nwt_target_name=nwt, batch_filename_size=2, batch_size=0, batch_weight_size=2, pwt_source_name=pwt, num_document_passes=10, regularizer=(name:SmoothSparsePhi_bcg, tau:100000), class=(author:1), class=(text:1), reuse_theta=yes, opt_for_avx=yes, predict_class_id=, reset_nwt=yes
I1005 20:40:15.055042 26456064 processor.cc:747] Processing queue has data, processing started
I1005 20:40:15.055038 27529216 processor.cc:747] Processing queue has data, processing started
I1005 20:40:15.068284 27529216 processor.cc:820] Processor: start processing batch 5595bf76-db70-4e76-8078-14ac58e7232f into model nwt
I1005 20:40:15.079326 26456064 processor.cc:820] Processor: start processing batch 2e0d52d3-bce9-4217-b753-7b1e3ea34342 into model nwt
I1005 20:40:15.308595 27529216 processor.cc:925] Processor: complete processing batch 5595bf76-db70-4e76-8078-14ac58e7232f into model nwt
I1005 20:40:15.313402 27529216 cuckoo_watch.h:45] 258ms in ProcessBatch(lectures_batches/aaaaaa.batch) [including 13ms in LoadMessage; 7ms in InitializeSparseNdw; 0ms in FindReuseThetaCacheEntry; 9ms in InitializeTheta; 0ms in CreateRegularizerAgents; 170ms in InferThetaAndUpdateNwtSparse; 0ms in UpdateCacheEntry; 3ms in CalculateScore(sparsity_theta_score); 48ms in CalculateScore(^^^ItemsProcessedScore^^^); ]
I1005 20:40:15.335870 27529216 processor.cc:740] No data in processing queue, waiting...
I1005 20:40:15.584040 26456064 processor.cc:925] Processor: complete processing batch 2e0d52d3-bce9-4217-b753-7b1e3ea34342 into model nwt
I1005 20:40:15.590963 26456064 cuckoo_watch.h:45] 535ms in ProcessBatch(lectures_batches/aaaaab.batch) [including 24ms in LoadMessage; 20ms in InitializeSparseNdw; 0ms in FindReuseThetaCacheEntry; 4ms in InitializeTheta; 0ms in CreateRegularizerAgents; 368ms in InferThetaAndUpdateNwtSparse; 0ms in UpdateCacheEntry; 5ms in CalculateScore(sparsity_theta_score); 105ms in CalculateScore(^^^ItemsProcessedScore^^^); ]
I1005 20:40:15.591979 2047873024 master_component.cc:1436] RegularizeModelArgs: rwt_target_name=rwt, pwt_source_name=pwt, nwt_source_name=nwt
I1005 20:40:15.592039 2047873024 master_component.cc:976] MasterComponent: start regularizing model pwt
I1005 20:40:15.614701 26456064 processor.cc:740] No data in processing queue, waiting...
I1005 20:40:15.695003 2047873024 master_component.cc:1002] MasterComponent: complete regularizing model pwt
I1005 20:40:15.695053 2047873024 master_component.cc:1449] NormalizeModelArgs: pwt_target_name=pwt, nwt_source_name=nwt, rwt_source_name=rwt
I1005 20:40:15.695061 2047873024 master_component.cc:1006] MasterComponent: start normalizing model nwt
I1005 20:40:15.771164 2047873024 master_component.cc:1034] MasterComponent: complete normalizing model nwt
I1005 20:40:15.846264 2047873024 master_component.cc:1473] DisposeModel rwt
I1005 20:40:15.863796 2047873024 master_component.cc:1059] FitOffline: ItemsProcessed, num_items=1728, num_batches=2, token_weight=808522, token_weight_in_effect=808522
I1005 20:40:15.864035 2047873024 c_interface.cc:389] Pass FitOfflineMasterModelArgs, batch_filename_size=2, batch_weight_size=2, num_collection_passes=1, reset_nwt=yes to MN4artm4core15MasterComponentEFvRKNS_25FitOfflineMasterModelArgsEE
I1005 20:40:15.864051 2047873024 master_component.cc:1398] ProcessBatchesArgs: nwt_target_name=nwt, batch_filename_size=2, batch_size=0, batch_weight_size=2, pwt_source_name=pwt, num_document_passes=10, regularizer=(name:SmoothSparsePhi_bcg, tau:100000), class=(author:1), class=(text:1), reuse_theta=yes, opt_for_avx=yes, predict_class_id=, reset_nwt=yes
I1005 20:40:15.881600 29675520 processor.cc:747] Processing queue has data, processing started
I1005 20:40:15.881593 26992640 processor.cc:747] Processing queue has data, processing started
I1005 20:40:15.894711 26992640 processor.cc:820] Processor: start processing batch 5595bf76-db70-4e76-8078-14ac58e7232f into model nwt
I1005 20:40:15.905902 29675520 processor.cc:820] Processor: start processing batch 2e0d52d3-bce9-4217-b753-7b1e3ea34342 into model nwt
I1005 20:40:16.127138 26992640 processor.cc:925] Processor: complete processing batch 5595bf76-db70-4e76-8078-14ac58e7232f into model nwt
I1005 20:40:16.131397 26992640 cuckoo_watch.h:45] 249ms in ProcessBatch(lectures_batches/aaaaaa.batch) [including 13ms in LoadMessage; 7ms in InitializeSparseNdw; 0ms in FindReuseThetaCacheEntry; 9ms in InitializeTheta; 0ms in CreateRegularizerAgents; 164ms in InferThetaAndUpdateNwtSparse; 0ms in UpdateCacheEntry; 3ms in CalculateScore(sparsity_theta_score); 46ms in CalculateScore(^^^ItemsProcessedScore^^^); ]
I1005 20:40:16.153098 26992640 processor.cc:740] No data in processing queue, waiting...
I1005 20:40:16.408987 29675520 processor.cc:925] Processor: complete processing batch 2e0d52d3-bce9-4217-b753-7b1e3ea34342 into model nwt
I1005 20:40:16.417358 29675520 cuckoo_watch.h:45] 535ms in ProcessBatch(lectures_batches/aaaaab.batch) [including 24ms in LoadMessage; 19ms in InitializeSparseNdw; 0ms in FindReuseThetaCacheEntry; 3ms in InitializeTheta; 0ms in CreateRegularizerAgents; 362ms in InferThetaAndUpdateNwtSparse; 0ms in UpdateCacheEntry; 6ms in CalculateScore(sparsity_theta_score); 109ms in CalculateScore(^^^ItemsProcessedScore^^^); ]
I1005 20:40:16.417922 2047873024 master_component.cc:1436] RegularizeModelArgs: rwt_target_name=rwt, pwt_source_name=pwt, nwt_source_name=nwt
I1005 20:40:16.417979 2047873024 master_component.cc:976] MasterComponent: start regularizing model pwt
I1005 20:40:16.441655 29675520 processor.cc:740] No data in processing queue, waiting...
I1005 20:40:16.522627 2047873024 master_component.cc:1002] MasterComponent: complete regularizing model pwt
I1005 20:40:16.522647 2047873024 master_component.cc:1449] NormalizeModelArgs: pwt_target_name=pwt, nwt_source_name=nwt, rwt_source_name=rwt
I1005 20:40:16.522653 2047873024 master_component.cc:1006] MasterComponent: start normalizing model nwt
I1005 20:40:16.601394 2047873024 master_component.cc:1034] MasterComponent: complete normalizing model nwt
I1005 20:40:16.675596 2047873024 master_component.cc:1473] DisposeModel rwt
I1005 20:40:16.691385 2047873024 master_component.cc:1059] FitOffline: ItemsProcessed, num_items=1728, num_batches=2, token_weight=808522, token_weight_in_effect=808522
I1005 20:40:16.691627 2047873024 c_interface.cc:389] Pass FitOfflineMasterModelArgs, batch_filename_size=2, batch_weight_size=2, num_collection_passes=1, reset_nwt=yes to MN4artm4core15MasterComponentEFvRKNS_25FitOfflineMasterModelArgsEE
I1005 20:40:16.691673 2047873024 master_component.cc:1398] ProcessBatchesArgs: nwt_target_name=nwt, batch_filename_size=2, batch_size=0, batch_weight_size=2, pwt_source_name=pwt, num_document_passes=10, regularizer=(name:SmoothSparsePhi_bcg, tau:100000), class=(author:1), class=(text:1), reuse_theta=yes, opt_for_avx=yes, predict_class_id=, reset_nwt=yes
I1005 20:40:16.711457 28602368 processor.cc:747] Processing queue has data, processing started
I1005 20:40:16.711500 28065792 processor.cc:747] Processing queue has data, processing started
I1005 20:40:16.726697 28602368 processor.cc:820] Processor: start processing batch 5595bf76-db70-4e76-8078-14ac58e7232f into model nwt
I1005 20:40:16.737551 28065792 processor.cc:820] Processor: start processing batch 2e0d52d3-bce9-4217-b753-7b1e3ea34342 into model nwt
I1005 20:40:16.965271 28602368 processor.cc:925] Processor: complete processing batch 5595bf76-db70-4e76-8078-14ac58e7232f into model nwt
I1005 20:40:16.970899 28602368 cuckoo_watch.h:45] 259ms in ProcessBatch(lectures_batches/aaaaaa.batch) [including 15ms in LoadMessage; 8ms in InitializeSparseNdw; 0ms in FindReuseThetaCacheEntry; 8ms in InitializeTheta; 0ms in CreateRegularizerAgents; 168ms in InferThetaAndUpdateNwtSparse; 0ms in UpdateCacheEntry; 4ms in CalculateScore(sparsity_theta_score); 48ms in CalculateScore(^^^ItemsProcessedScore^^^); ]
I1005 20:40:16.994241 28602368 processor.cc:740] No data in processing queue, waiting...
I1005 20:40:17.242274 28065792 processor.cc:925] Processor: complete processing batch 2e0d52d3-bce9-4217-b753-7b1e3ea34342 into model nwt
I1005 20:40:17.248878 28065792 cuckoo_watch.h:45] 537ms in ProcessBatch(lectures_batches/aaaaab.batch) [including 26ms in LoadMessage; 24ms in InitializeSparseNdw; 0ms in FindReuseThetaCacheEntry; 4ms in InitializeTheta; 0ms in CreateRegularizerAgents; 366ms in InferThetaAndUpdateNwtSparse; 0ms in UpdateCacheEntry; 5ms in CalculateScore(sparsity_theta_score); 103ms in CalculateScore(^^^ItemsProcessedScore^^^); ]
I1005 20:40:17.248973 2047873024 master_component.cc:1436] RegularizeModelArgs: rwt_target_name=rwt, pwt_source_name=pwt, nwt_source_name=nwt
I1005 20:40:17.248991 2047873024 master_component.cc:976] MasterComponent: start regularizing model pwt
I1005 20:40:17.273342 28065792 processor.cc:740] No data in processing queue, waiting...
I1005 20:40:17.354038 2047873024 master_component.cc:1002] MasterComponent: complete regularizing model pwt
I1005 20:40:17.354058 2047873024 master_component.cc:1449] NormalizeModelArgs: pwt_target_name=pwt, nwt_source_name=nwt, rwt_source_name=rwt
I1005 20:40:17.354065 2047873024 master_component.cc:1006] MasterComponent: start normalizing model nwt
I1005 20:40:17.439426 2047873024 master_component.cc:1034] MasterComponent: complete normalizing model nwt
I1005 20:40:17.525120 2047873024 master_component.cc:1473] DisposeModel rwt
I1005 20:40:17.545678 2047873024 master_component.cc:1059] FitOffline: ItemsProcessed, num_items=1728, num_batches=2, token_weight=808522, token_weight_in_effect=808522
I1005 20:40:17.545938 2047873024 c_interface.cc:389] Pass FitOfflineMasterModelArgs, batch_filename_size=2, batch_weight_size=2, num_collection_passes=1, reset_nwt=yes to MN4artm4core15MasterComponentEFvRKNS_25FitOfflineMasterModelArgsEE
I1005 20:40:17.545953 2047873024 master_component.cc:1398] ProcessBatchesArgs: nwt_target_name=nwt, batch_filename_size=2, batch_size=0, batch_weight_size=2, pwt_source_name=pwt, num_document_passes=10, regularizer=(name:SmoothSparsePhi_bcg, tau:100000), class=(author:1), class=(text:1), reuse_theta=yes, opt_for_avx=yes, predict_class_id=, reset_nwt=yes
I1005 20:40:17.565269 29675520 processor.cc:747] Processing queue has data, processing started
I1005 20:40:17.565268 25919488 processor.cc:747] Processing queue has data, processing started
I1005 20:40:17.578526 25919488 processor.cc:820] Processor: start processing batch 5595bf76-db70-4e76-8078-14ac58e7232f into model nwt
I1005 20:40:17.590826 29675520 processor.cc:820] Processor: start processing batch 2e0d52d3-bce9-4217-b753-7b1e3ea34342 into model nwt
I1005 20:40:17.815796 25919488 processor.cc:925] Processor: complete processing batch 5595bf76-db70-4e76-8078-14ac58e7232f into model nwt
I1005 20:40:17.820145 25919488 cuckoo_watch.h:45] 254ms in ProcessBatch(lectures_batches/aaaaaa.batch) [including 13ms in LoadMessage; 8ms in InitializeSparseNdw; 0ms in FindReuseThetaCacheEntry; 10ms in InitializeTheta; 0ms in CreateRegularizerAgents; 166ms in InferThetaAndUpdateNwtSparse; 0ms in UpdateCacheEntry; 3ms in CalculateScore(sparsity_theta_score); 47ms in CalculateScore(^^^ItemsProcessedScore^^^); ]
I1005 20:40:17.842805 25919488 processor.cc:740] No data in processing queue, waiting...
I1005 20:40:18.090003 29675520 processor.cc:925] Processor: complete processing batch 2e0d52d3-bce9-4217-b753-7b1e3ea34342 into model nwt
I1005 20:40:18.098040 29675520 cuckoo_watch.h:45] 532ms in ProcessBatch(lectures_batches/aaaaab.batch) [including 25ms in LoadMessage; 21ms in InitializeSparseNdw; 0ms in FindReuseThetaCacheEntry; 3ms in InitializeTheta; 0ms in CreateRegularizerAgents; 367ms in InferThetaAndUpdateNwtSparse; 0ms in UpdateCacheEntry; 5ms in CalculateScore(sparsity_theta_score); 100ms in CalculateScore(^^^ItemsProcessedScore^^^); ]
I1005 20:40:18.098515 2047873024 master_component.cc:1436] RegularizeModelArgs: rwt_target_name=rwt, pwt_source_name=pwt, nwt_source_name=nwt
I1005 20:40:18.098572 2047873024 master_component.cc:976] MasterComponent: start regularizing model pwt
I1005 20:40:18.122123 29675520 processor.cc:740] No data in processing queue, waiting...
I1005 20:40:18.202214 2047873024 master_component.cc:1002] MasterComponent: complete regularizing model pwt
I1005 20:40:18.202235 2047873024 master_component.cc:1449] NormalizeModelArgs: pwt_target_name=pwt, nwt_source_name=nwt, rwt_source_name=rwt
I1005 20:40:18.202242 2047873024 master_component.cc:1006] MasterComponent: start normalizing model nwt
I1005 20:40:18.289156 2047873024 master_component.cc:1034] MasterComponent: complete normalizing model nwt
I1005 20:40:18.397212 2047873024 master_component.cc:1473] DisposeModel rwt
I1005 20:40:18.418318 2047873024 master_component.cc:1059] FitOffline: ItemsProcessed, num_items=1728, num_batches=2, token_weight=808522, token_weight_in_effect=808522
I1005 20:40:18.418635 2047873024 c_interface.cc:389] Pass FitOfflineMasterModelArgs, batch_filename_size=2, batch_weight_size=2, num_collection_passes=1, reset_nwt=yes to MN4artm4core15MasterComponentEFvRKNS_25FitOfflineMasterModelArgsEE
I1005 20:40:18.418651 2047873024 master_component.cc:1398] ProcessBatchesArgs: nwt_target_name=nwt, batch_filename_size=2, batch_size=0, batch_weight_size=2, pwt_source_name=pwt, num_document_passes=10, regularizer=(name:SmoothSparsePhi_bcg, tau:100000), class=(author:1), class=(text:1), reuse_theta=yes, opt_for_avx=yes, predict_class_id=, reset_nwt=yes
I1005 20:40:18.437212 26992640 processor.cc:747] Processing queue has data, processing started
I1005 20:40:18.437222 27529216 processor.cc:747] Processing queue has data, processing started
I1005 20:40:18.451045 26992640 processor.cc:820] Processor: start processing batch 5595bf76-db70-4e76-8078-14ac58e7232f into model nwt
I1005 20:40:18.461331 27529216 processor.cc:820] Processor: start processing batch 2e0d52d3-bce9-4217-b753-7b1e3ea34342 into model nwt
I1005 20:40:18.680045 26992640 processor.cc:925] Processor: complete processing batch 5595bf76-db70-4e76-8078-14ac58e7232f into model nwt
I1005 20:40:18.684718 26992640 cuckoo_watch.h:45] 247ms in ProcessBatch(lectures_batches/aaaaaa.batch) [including 13ms in LoadMessage; 7ms in InitializeSparseNdw; 0ms in FindReuseThetaCacheEntry; 8ms in InitializeTheta; 0ms in CreateRegularizerAgents; 163ms in InferThetaAndUpdateNwtSparse; 0ms in UpdateCacheEntry; 3ms in CalculateScore(sparsity_theta_score); 45ms in CalculateScore(^^^ItemsProcessedScore^^^); ]
I1005 20:40:18.707123 26992640 processor.cc:740] No data in processing queue, waiting...
I1005 20:40:18.957969 27529216 processor.cc:925] Processor: complete processing batch 2e0d52d3-bce9-4217-b753-7b1e3ea34342 into model nwt
I1005 20:40:18.965047 27529216 cuckoo_watch.h:45] 527ms in ProcessBatch(lectures_batches/aaaaab.batch) [including 24ms in LoadMessage; 20ms in InitializeSparseNdw; 0ms in FindReuseThetaCacheEntry; 3ms in InitializeTheta; 0ms in CreateRegularizerAgents; 357ms in InferThetaAndUpdateNwtSparse; 0ms in UpdateCacheEntry; 6ms in CalculateScore(sparsity_theta_score); 108ms in CalculateScore(^^^ItemsProcessedScore^^^); ]
I1005 20:40:18.965638 2047873024 master_component.cc:1436] RegularizeModelArgs: rwt_target_name=rwt, pwt_source_name=pwt, nwt_source_name=nwt
I1005 20:40:18.965664 2047873024 master_component.cc:976] MasterComponent: start regularizing model pwt
I1005 20:40:18.989148 27529216 processor.cc:740] No data in processing queue, waiting...
I1005 20:40:19.068470 2047873024 master_component.cc:1002] MasterComponent: complete regularizing model pwt
I1005 20:40:19.068488 2047873024 master_component.cc:1449] NormalizeModelArgs: pwt_target_name=pwt, nwt_source_name=nwt, rwt_source_name=rwt
I1005 20:40:19.068495 2047873024 master_component.cc:1006] MasterComponent: start normalizing model nwt
I1005 20:40:19.149288 2047873024 master_component.cc:1034] MasterComponent: complete normalizing model nwt
I1005 20:40:19.240142 2047873024 master_component.cc:1473] DisposeModel rwt
I1005 20:40:19.261369 2047873024 master_component.cc:1059] FitOffline: ItemsProcessed, num_items=1728, num_batches=2, token_weight=808522, token_weight_in_effect=808522
I1005 20:40:19.261656 2047873024 c_interface.cc:389] Pass FitOfflineMasterModelArgs, batch_filename_size=2, batch_weight_size=2, num_collection_passes=1, reset_nwt=yes to MN4artm4core15MasterComponentEFvRKNS_25FitOfflineMasterModelArgsEE
I1005 20:40:19.261674 2047873024 master_component.cc:1398] ProcessBatchesArgs: nwt_target_name=nwt, batch_filename_size=2, batch_size=0, batch_weight_size=2, pwt_source_name=pwt, num_document_passes=10, regularizer=(name:SmoothSparsePhi_bcg, tau:100000), class=(author:1), class=(text:1), reuse_theta=yes, opt_for_avx=yes, predict_class_id=, reset_nwt=yes
I1005 20:40:19.282480 25919488 processor.cc:747] Processing queue has data, processing started
I1005 20:40:19.282469 26456064 processor.cc:747] Processing queue has data, processing started
I1005 20:40:19.297461 26456064 processor.cc:820] Processor: start processing batch 5595bf76-db70-4e76-8078-14ac58e7232f into model nwt
I1005 20:40:19.307417 25919488 processor.cc:820] Processor: start processing batch 2e0d52d3-bce9-4217-b753-7b1e3ea34342 into model nwt
I1005 20:40:19.541529 26456064 processor.cc:925] Processor: complete processing batch 5595bf76-db70-4e76-8078-14ac58e7232f into model nwt
I1005 20:40:19.546072 26456064 cuckoo_watch.h:45] 263ms in ProcessBatch(lectures_batches/aaaaaa.batch) [including 14ms in LoadMessage; 7ms in InitializeSparseNdw; 0ms in FindReuseThetaCacheEntry; 8ms in InitializeTheta; 0ms in CreateRegularizerAgents; 173ms in InferThetaAndUpdateNwtSparse; 0ms in UpdateCacheEntry; 4ms in CalculateScore(sparsity_theta_score); 49ms in CalculateScore(^^^ItemsProcessedScore^^^); ]
I1005 20:40:19.568585 26456064 processor.cc:740] No data in processing queue, waiting...
I1005 20:40:19.883735 25919488 processor.cc:925] Processor: complete processing batch 2e0d52d3-bce9-4217-b753-7b1e3ea34342 into model nwt
I1005 20:40:19.890626 25919488 cuckoo_watch.h:45] 608ms in ProcessBatch(lectures_batches/aaaaab.batch) [including 24ms in LoadMessage; 22ms in InitializeSparseNdw; 0ms in FindReuseThetaCacheEntry; 3ms in InitializeTheta; 0ms in CreateRegularizerAgents; 430ms in InferThetaAndUpdateNwtSparse; 0ms in UpdateCacheEntry; 6ms in CalculateScore(sparsity_theta_score); 112ms in CalculateScore(^^^ItemsProcessedScore^^^); ]
I1005 20:40:19.890712 2047873024 master_component.cc:1436] RegularizeModelArgs: rwt_target_name=rwt, pwt_source_name=pwt, nwt_source_name=nwt
I1005 20:40:19.890729 2047873024 master_component.cc:976] MasterComponent: start regularizing model pwt
I1005 20:40:19.915143 25919488 processor.cc:740] No data in processing queue, waiting...
I1005 20:40:19.992974 2047873024 master_component.cc:1002] MasterComponent: complete regularizing model pwt
I1005 20:40:19.993000 2047873024 master_component.cc:1449] NormalizeModelArgs: pwt_target_name=pwt, nwt_source_name=nwt, rwt_source_name=rwt
I1005 20:40:19.993007 2047873024 master_component.cc:1006] MasterComponent: start normalizing model nwt
I1005 20:40:20.085073 2047873024 master_component.cc:1034] MasterComponent: complete normalizing model nwt
I1005 20:40:20.167620 2047873024 master_component.cc:1473] DisposeModel rwt
I1005 20:40:20.187692 2047873024 master_component.cc:1059] FitOffline: ItemsProcessed, num_items=1728, num_batches=2, token_weight=808522, token_weight_in_effect=808522
I1005 20:40:20.187991 2047873024 c_interface.cc:389] Pass FitOfflineMasterModelArgs, batch_filename_size=2, batch_weight_size=2, num_collection_passes=1, reset_nwt=yes to MN4artm4core15MasterComponentEFvRKNS_25FitOfflineMasterModelArgsEE
I1005 20:40:20.188009 2047873024 master_component.cc:1398] ProcessBatchesArgs: nwt_target_name=nwt, batch_filename_size=2, batch_size=0, batch_weight_size=2, pwt_source_name=pwt, num_document_passes=10, regularizer=(name:SmoothSparsePhi_bcg, tau:100000), class=(author:1), class=(text:1), reuse_theta=yes, opt_for_avx=yes, predict_class_id=, reset_nwt=yes
I1005 20:40:20.206909 29675520 processor.cc:747] Processing queue has data, processing started
I1005 20:40:20.206899 26992640 processor.cc:747] Processing queue has data, processing started
I1005 20:40:20.220480 26992640 processor.cc:820] Processor: start processing batch 5595bf76-db70-4e76-8078-14ac58e7232f into model nwt
I1005 20:40:20.231930 29675520 processor.cc:820] Processor: start processing batch 2e0d52d3-bce9-4217-b753-7b1e3ea34342 into model nwt
I1005 20:40:20.468735 26992640 processor.cc:925] Processor: complete processing batch 5595bf76-db70-4e76-8078-14ac58e7232f into model nwt
I1005 20:40:20.473090 26992640 cuckoo_watch.h:45] 266ms in ProcessBatch(lectures_batches/aaaaaa.batch) [including 13ms in LoadMessage; 7ms in InitializeSparseNdw; 0ms in FindReuseThetaCacheEntry; 9ms in InitializeTheta; 0ms in CreateRegularizerAgents; 171ms in InferThetaAndUpdateNwtSparse; 0ms in UpdateCacheEntry; 4ms in CalculateScore(sparsity_theta_score); 53ms in CalculateScore(^^^ItemsProcessedScore^^^); ]
I1005 20:40:20.494892 26992640 processor.cc:740] No data in processing queue, waiting...
I1005 20:40:20.750589 29675520 processor.cc:925] Processor: complete processing batch 2e0d52d3-bce9-4217-b753-7b1e3ea34342 into model nwt
I1005 20:40:20.758028 29675520 cuckoo_watch.h:45] 551ms in ProcessBatch(lectures_batches/aaaaab.batch) [including 24ms in LoadMessage; 21ms in InitializeSparseNdw; 0ms in FindReuseThetaCacheEntry; 3ms in InitializeTheta; 0ms in CreateRegularizerAgents; 374ms in InferThetaAndUpdateNwtSparse; 0ms in UpdateCacheEntry; 5ms in CalculateScore(sparsity_theta_score); 113ms in CalculateScore(^^^ItemsProcessedScore^^^); ]
I1005 20:40:20.758647 2047873024 master_component.cc:1436] RegularizeModelArgs: rwt_target_name=rwt, pwt_source_name=pwt, nwt_source_name=nwt
I1005 20:40:20.758683 2047873024 master_component.cc:976] MasterComponent: start regularizing model pwt
I1005 20:40:20.782188 29675520 processor.cc:740] No data in processing queue, waiting...
I1005 20:40:20.871829 2047873024 master_component.cc:1002] MasterComponent: complete regularizing model pwt
I1005 20:40:20.871850 2047873024 master_component.cc:1449] NormalizeModelArgs: pwt_target_name=pwt, nwt_source_name=nwt, rwt_source_name=rwt
I1005 20:40:20.871858 2047873024 master_component.cc:1006] MasterComponent: start normalizing model nwt
I1005 20:40:20.960666 2047873024 master_component.cc:1034] MasterComponent: complete normalizing model nwt
I1005 20:40:21.053297 2047873024 master_component.cc:1473] DisposeModel rwt
I1005 20:40:21.071609 2047873024 master_component.cc:1059] FitOffline: ItemsProcessed, num_items=1728, num_batches=2, token_weight=808522, token_weight_in_effect=808522
I1005 20:40:21.071872 2047873024 c_interface.cc:389] Pass FitOfflineMasterModelArgs, batch_filename_size=2, batch_weight_size=2, num_collection_passes=1, reset_nwt=yes to MN4artm4core15MasterComponentEFvRKNS_25FitOfflineMasterModelArgsEE
I1005 20:40:21.071925 2047873024 master_component.cc:1398] ProcessBatchesArgs: nwt_target_name=nwt, batch_filename_size=2, batch_size=0, batch_weight_size=2, pwt_source_name=pwt, num_document_passes=10, regularizer=(name:SmoothSparsePhi_bcg, tau:100000), class=(author:1), class=(text:1), reuse_theta=yes, opt_for_avx=yes, predict_class_id=, reset_nwt=yes
I1005 20:40:21.093207 28065792 processor.cc:747] Processing queue has data, processing started
I1005 20:40:21.093228 25919488 processor.cc:747] Processing queue has data, processing started
I1005 20:40:21.108228 28065792 processor.cc:820] Processor: start processing batch 5595bf76-db70-4e76-8078-14ac58e7232f into model nwt
I1005 20:40:21.120704 25919488 processor.cc:820] Processor: start processing batch 2e0d52d3-bce9-4217-b753-7b1e3ea34342 into model nwt
I1005 20:40:21.342468 28065792 processor.cc:925] Processor: complete processing batch 5595bf76-db70-4e76-8078-14ac58e7232f into model nwt
I1005 20:40:21.347357 28065792 cuckoo_watch.h:45] 254ms in ProcessBatch(lectures_batches/aaaaaa.batch) [including 14ms in LoadMessage; 9ms in InitializeSparseNdw; 0ms in FindReuseThetaCacheEntry; 9ms in InitializeTheta; 0ms in CreateRegularizerAgents; 163ms in InferThetaAndUpdateNwtSparse; 0ms in UpdateCacheEntry; 3ms in CalculateScore(sparsity_theta_score); 47ms in CalculateScore(^^^ItemsProcessedScore^^^); ]
I1005 20:40:21.369247 28065792 processor.cc:740] No data in processing queue, waiting...
I1005 20:40:21.627949 25919488 processor.cc:925] Processor: complete processing batch 2e0d52d3-bce9-4217-b753-7b1e3ea34342 into model nwt
I1005 20:40:21.634878 25919488 cuckoo_watch.h:45] 541ms in ProcessBatch(lectures_batches/aaaaab.batch) [including 27ms in LoadMessage; 20ms in InitializeSparseNdw; 0ms in FindReuseThetaCacheEntry; 4ms in InitializeTheta; 0ms in CreateRegularizerAgents; 370ms in InferThetaAndUpdateNwtSparse; 0ms in UpdateCacheEntry; 5ms in CalculateScore(sparsity_theta_score); 105ms in CalculateScore(^^^ItemsProcessedScore^^^); ]
I1005 20:40:21.635334 2047873024 master_component.cc:1436] RegularizeModelArgs: rwt_target_name=rwt, pwt_source_name=pwt, nwt_source_name=nwt
I1005 20:40:21.635368 2047873024 master_component.cc:976] MasterComponent: start regularizing model pwt
I1005 20:40:21.659075 25919488 processor.cc:740] No data in processing queue, waiting...
I1005 20:40:21.743877 2047873024 master_component.cc:1002] MasterComponent: complete regularizing model pwt
I1005 20:40:21.743897 2047873024 master_component.cc:1449] NormalizeModelArgs: pwt_target_name=pwt, nwt_source_name=nwt, rwt_source_name=rwt
I1005 20:40:21.743903 2047873024 master_component.cc:1006] MasterComponent: start normalizing model nwt
I1005 20:40:21.829959 2047873024 master_component.cc:1034] MasterComponent: complete normalizing model nwt
I1005 20:40:21.924387 2047873024 master_component.cc:1473] DisposeModel rwt
I1005 20:40:21.947032 2047873024 master_component.cc:1059] FitOffline: ItemsProcessed, num_items=1728, num_batches=2, token_weight=808522, token_weight_in_effect=808522
I1005 20:40:21.947314 2047873024 c_interface.cc:389] Pass FitOfflineMasterModelArgs, batch_filename_size=2, batch_weight_size=2, num_collection_passes=1, reset_nwt=yes to MN4artm4core15MasterComponentEFvRKNS_25FitOfflineMasterModelArgsEE
I1005 20:40:21.947331 2047873024 master_component.cc:1398] ProcessBatchesArgs: nwt_target_name=nwt, batch_filename_size=2, batch_size=0, batch_weight_size=2, pwt_source_name=pwt, num_document_passes=10, regularizer=(name:SmoothSparsePhi_bcg, tau:100000), class=(author:1), class=(text:1), reuse_theta=yes, opt_for_avx=yes, predict_class_id=, reset_nwt=yes
I1005 20:40:21.966893 29138944 processor.cc:747] Processing queue has data, processing started
I1005 20:40:21.966922 28065792 processor.cc:747] Processing queue has data, processing started
I1005 20:40:21.980425 29138944 processor.cc:820] Processor: start processing batch 5595bf76-db70-4e76-8078-14ac58e7232f into model nwt
I1005 20:40:21.991596 28065792 processor.cc:820] Processor: start processing batch 2e0d52d3-bce9-4217-b753-7b1e3ea34342 into model nwt
I1005 20:40:22.231238 29138944 processor.cc:925] Processor: complete processing batch 5595bf76-db70-4e76-8078-14ac58e7232f into model nwt
I1005 20:40:22.235481 29138944 cuckoo_watch.h:45] 268ms in ProcessBatch(lectures_batches/aaaaaa.batch) [including 13ms in LoadMessage; 8ms in InitializeSparseNdw; 0ms in FindReuseThetaCacheEntry; 8ms in InitializeTheta; 0ms in CreateRegularizerAgents; 178ms in InferThetaAndUpdateNwtSparse; 0ms in UpdateCacheEntry; 3ms in CalculateScore(sparsity_theta_score); 50ms in CalculateScore(^^^ItemsProcessedScore^^^); ]
I1005 20:40:22.259080 29138944 processor.cc:740] No data in processing queue, waiting...
I1005 20:40:22.512775 28065792 processor.cc:925] Processor: complete processing batch 2e0d52d3-bce9-4217-b753-7b1e3ea34342 into model nwt
I1005 20:40:22.520560 28065792 cuckoo_watch.h:45] 553ms in ProcessBatch(lectures_batches/aaaaab.batch) [including 24ms in LoadMessage; 20ms in InitializeSparseNdw; 0ms in FindReuseThetaCacheEntry; 3ms in InitializeTheta; 0ms in CreateRegularizerAgents; 378ms in InferThetaAndUpdateNwtSparse; 0ms in UpdateCacheEntry; 6ms in CalculateScore(sparsity_theta_score); 111ms in CalculateScore(^^^ItemsProcessedScore^^^); ]
I1005 20:40:22.521416 2047873024 master_component.cc:1436] RegularizeModelArgs: rwt_target_name=rwt, pwt_source_name=pwt, nwt_source_name=nwt
I1005 20:40:22.521464 2047873024 master_component.cc:976] MasterComponent: start regularizing model pwt
I1005 20:40:22.544443 28065792 processor.cc:740] No data in processing queue, waiting...
I1005 20:40:22.624963 2047873024 master_component.cc:1002] MasterComponent: complete regularizing model pwt
I1005 20:40:22.624989 2047873024 master_component.cc:1449] NormalizeModelArgs: pwt_target_name=pwt, nwt_source_name=nwt, rwt_source_name=rwt
I1005 20:40:22.624996 2047873024 master_component.cc:1006] MasterComponent: start normalizing model nwt
I1005 20:40:22.722131 2047873024 master_component.cc:1034] MasterComponent: complete normalizing model nwt
I1005 20:40:22.817644 2047873024 master_component.cc:1473] DisposeModel rwt
I1005 20:40:22.837775 2047873024 master_component.cc:1059] FitOffline: ItemsProcessed, num_items=1728, num_batches=2, token_weight=808522, token_weight_in_effect=808522
I1005 20:40:22.838029 2047873024 c_interface.cc:389] Pass FitOfflineMasterModelArgs, batch_filename_size=2, batch_weight_size=2, num_collection_passes=1, reset_nwt=yes to MN4artm4core15MasterComponentEFvRKNS_25FitOfflineMasterModelArgsEE
I1005 20:40:22.838043 2047873024 master_component.cc:1398] ProcessBatchesArgs: nwt_target_name=nwt, batch_filename_size=2, batch_size=0, batch_weight_size=2, pwt_source_name=pwt, num_document_passes=10, regularizer=(name:SmoothSparsePhi_bcg, tau:100000), class=(author:1), class=(text:1), reuse_theta=yes, opt_for_avx=yes, predict_class_id=, reset_nwt=yes
I1005 20:40:22.855701 26456064 processor.cc:747] Processing queue has data, processing started
I1005 20:40:22.855720 29675520 processor.cc:747] Processing queue has data, processing started
I1005 20:40:22.869036 26456064 processor.cc:820] Processor: start processing batch 5595bf76-db70-4e76-8078-14ac58e7232f into model nwt
I1005 20:40:22.880683 29675520 processor.cc:820] Processor: start processing batch 2e0d52d3-bce9-4217-b753-7b1e3ea34342 into model nwt
I1005 20:40:23.094492 26456064 processor.cc:925] Processor: complete processing batch 5595bf76-db70-4e76-8078-14ac58e7232f into model nwt
I1005 20:40:23.098830 26456064 cuckoo_watch.h:45] 243ms in ProcessBatch(lectures_batches/aaaaaa.batch) [including 13ms in LoadMessage; 7ms in InitializeSparseNdw; 0ms in FindReuseThetaCacheEntry; 8ms in InitializeTheta; 0ms in CreateRegularizerAgents; 161ms in InferThetaAndUpdateNwtSparse; 0ms in UpdateCacheEntry; 3ms in CalculateScore(sparsity_theta_score); 43ms in CalculateScore(^^^ItemsProcessedScore^^^); ]
I1005 20:40:23.121109 26456064 processor.cc:740] No data in processing queue, waiting...
I1005 20:40:23.357477 29675520 processor.cc:925] Processor: complete processing batch 2e0d52d3-bce9-4217-b753-7b1e3ea34342 into model nwt
I1005 20:40:23.364121 29675520 cuckoo_watch.h:45] 508ms in ProcessBatch(lectures_batches/aaaaab.batch) [including 24ms in LoadMessage; 18ms in InitializeSparseNdw; 0ms in FindReuseThetaCacheEntry; 4ms in InitializeTheta; 0ms in CreateRegularizerAgents; 348ms in InferThetaAndUpdateNwtSparse; 0ms in UpdateCacheEntry; 4ms in CalculateScore(sparsity_theta_score); 99ms in CalculateScore(^^^ItemsProcessedScore^^^); ]
I1005 20:40:23.365101 2047873024 master_component.cc:1436] RegularizeModelArgs: rwt_target_name=rwt, pwt_source_name=pwt, nwt_source_name=nwt
I1005 20:40:23.365141 2047873024 master_component.cc:976] MasterComponent: start regularizing model pwt
I1005 20:40:23.388283 29675520 processor.cc:740] No data in processing queue, waiting...
I1005 20:40:23.467312 2047873024 master_component.cc:1002] MasterComponent: complete regularizing model pwt
I1005 20:40:23.467332 2047873024 master_component.cc:1449] NormalizeModelArgs: pwt_target_name=pwt, nwt_source_name=nwt, rwt_source_name=rwt
I1005 20:40:23.467337 2047873024 master_component.cc:1006] MasterComponent: start normalizing model nwt
I1005 20:40:23.547631 2047873024 master_component.cc:1034] MasterComponent: complete normalizing model nwt
I1005 20:40:23.625116 2047873024 master_component.cc:1473] DisposeModel rwt
I1005 20:40:23.642616 2047873024 master_component.cc:1059] FitOffline: ItemsProcessed, num_items=1728, num_batches=2, token_weight=808522, token_weight_in_effect=808522
I1005 20:40:23.642856 2047873024 c_interface.cc:389] Pass FitOfflineMasterModelArgs, batch_filename_size=2, batch_weight_size=2, num_collection_passes=1, reset_nwt=yes to MN4artm4core15MasterComponentEFvRKNS_25FitOfflineMasterModelArgsEE
I1005 20:40:23.642871 2047873024 master_component.cc:1398] ProcessBatchesArgs: nwt_target_name=nwt, batch_filename_size=2, batch_size=0, batch_weight_size=2, pwt_source_name=pwt, num_document_passes=10, regularizer=(name:SmoothSparsePhi_bcg, tau:100000), class=(author:1), class=(text:1), reuse_theta=yes, opt_for_avx=yes, predict_class_id=, reset_nwt=yes
I1005 20:40:23.660113 28602368 processor.cc:747] Processing queue has data, processing started
I1005 20:40:23.660138 29138944 processor.cc:747] Processing queue has data, processing started
I1005 20:40:23.673892 28602368 processor.cc:820] Processor: start processing batch 5595bf76-db70-4e76-8078-14ac58e7232f into model nwt
I1005 20:40:23.685015 29138944 processor.cc:820] Processor: start processing batch 2e0d52d3-bce9-4217-b753-7b1e3ea34342 into model nwt
I1005 20:40:23.902868 28602368 processor.cc:925] Processor: complete processing batch 5595bf76-db70-4e76-8078-14ac58e7232f into model nwt
I1005 20:40:23.907498 28602368 cuckoo_watch.h:45] 247ms in ProcessBatch(lectures_batches/aaaaaa.batch) [including 13ms in LoadMessage; 7ms in InitializeSparseNdw; 0ms in FindReuseThetaCacheEntry; 9ms in InitializeTheta; 0ms in CreateRegularizerAgents; 162ms in InferThetaAndUpdateNwtSparse; 0ms in UpdateCacheEntry; 3ms in CalculateScore(sparsity_theta_score); 45ms in CalculateScore(^^^ItemsProcessedScore^^^); ]
I1005 20:40:23.930044 28602368 processor.cc:740] No data in processing queue, waiting...
I1005 20:40:24.190063 29138944 processor.cc:925] Processor: complete processing batch 2e0d52d3-bce9-4217-b753-7b1e3ea34342 into model nwt
I1005 20:40:24.197533 29138944 cuckoo_watch.h:45] 537ms in ProcessBatch(lectures_batches/aaaaab.batch) [including 24ms in LoadMessage; 19ms in InitializeSparseNdw; 0ms in FindReuseThetaCacheEntry; 3ms in InitializeTheta; 0ms in CreateRegularizerAgents; 372ms in InferThetaAndUpdateNwtSparse; 0ms in UpdateCacheEntry; 6ms in CalculateScore(sparsity_theta_score); 102ms in CalculateScore(^^^ItemsProcessedScore^^^); ]
I1005 20:40:24.198770 2047873024 master_component.cc:1436] RegularizeModelArgs: rwt_target_name=rwt, pwt_source_name=pwt, nwt_source_name=nwt
I1005 20:40:24.198829 2047873024 master_component.cc:976] MasterComponent: start regularizing model pwt
I1005 20:40:24.221729 29138944 processor.cc:740] No data in processing queue, waiting...
I1005 20:40:24.303609 2047873024 master_component.cc:1002] MasterComponent: complete regularizing model pwt
I1005 20:40:24.303629 2047873024 master_component.cc:1449] NormalizeModelArgs: pwt_target_name=pwt, nwt_source_name=nwt, rwt_source_name=rwt
I1005 20:40:24.303637 2047873024 master_component.cc:1006] MasterComponent: start normalizing model nwt
I1005 20:40:24.380261 2047873024 master_component.cc:1034] MasterComponent: complete normalizing model nwt
I1005 20:40:24.453920 2047873024 master_component.cc:1473] DisposeModel rwt
I1005 20:40:24.471377 2047873024 master_component.cc:1059] FitOffline: ItemsProcessed, num_items=1728, num_batches=2, token_weight=808522, token_weight_in_effect=808522
I1005 20:40:24.471694 2047873024 c_interface.cc:389] Pass FitOfflineMasterModelArgs, batch_filename_size=2, batch_weight_size=2, num_collection_passes=1, reset_nwt=yes to MN4artm4core15MasterComponentEFvRKNS_25FitOfflineMasterModelArgsEE
I1005 20:40:24.471712 2047873024 master_component.cc:1398] ProcessBatchesArgs: nwt_target_name=nwt, batch_filename_size=2, batch_size=0, batch_weight_size=2, pwt_source_name=pwt, num_document_passes=10, regularizer=(name:SmoothSparsePhi_bcg, tau:100000), class=(author:1), class=(text:1), reuse_theta=yes, opt_for_avx=yes, predict_class_id=, reset_nwt=yes
I1005 20:40:24.490859 28065792 processor.cc:747] Processing queue has data, processing started
I1005 20:40:24.490864 27529216 processor.cc:747] Processing queue has data, processing started
I1005 20:40:24.504570 28065792 processor.cc:820] Processor: start processing batch 5595bf76-db70-4e76-8078-14ac58e7232f into model nwt
I1005 20:40:24.515018 27529216 processor.cc:820] Processor: start processing batch 2e0d52d3-bce9-4217-b753-7b1e3ea34342 into model nwt
I1005 20:40:24.745087 28065792 processor.cc:925] Processor: complete processing batch 5595bf76-db70-4e76-8078-14ac58e7232f into model nwt
I1005 20:40:24.749853 28065792 cuckoo_watch.h:45] 258ms in ProcessBatch(lectures_batches/aaaaaa.batch) [including 13ms in LoadMessage; 7ms in InitializeSparseNdw; 0ms in FindReuseThetaCacheEntry; 9ms in InitializeTheta; 0ms in CreateRegularizerAgents; 172ms in InferThetaAndUpdateNwtSparse; 0ms in UpdateCacheEntry; 3ms in CalculateScore(sparsity_theta_score); 47ms in CalculateScore(^^^ItemsProcessedScore^^^); ]
I1005 20:40:24.772675 28065792 processor.cc:740] No data in processing queue, waiting...
I1005 20:40:25.021486 27529216 processor.cc:925] Processor: complete processing batch 2e0d52d3-bce9-4217-b753-7b1e3ea34342 into model nwt
I1005 20:40:25.027926 27529216 cuckoo_watch.h:45] 537ms in ProcessBatch(lectures_batches/aaaaab.batch) [including 24ms in LoadMessage; 21ms in InitializeSparseNdw; 0ms in FindReuseThetaCacheEntry; 4ms in InitializeTheta; 0ms in CreateRegularizerAgents; 363ms in InferThetaAndUpdateNwtSparse; 0ms in UpdateCacheEntry; 4ms in CalculateScore(sparsity_theta_score); 110ms in CalculateScore(^^^ItemsProcessedScore^^^); ]
I1005 20:40:25.028870 2047873024 master_component.cc:1436] RegularizeModelArgs: rwt_target_name=rwt, pwt_source_name=pwt, nwt_source_name=nwt
I1005 20:40:25.028908 2047873024 master_component.cc:976] MasterComponent: start regularizing model pwt
I1005 20:40:25.051641 27529216 processor.cc:740] No data in processing queue, waiting...
I1005 20:40:25.135641 2047873024 master_component.cc:1002] MasterComponent: complete regularizing model pwt
I1005 20:40:25.135663 2047873024 master_component.cc:1449] NormalizeModelArgs: pwt_target_name=pwt, nwt_source_name=nwt, rwt_source_name=rwt
I1005 20:40:25.135669 2047873024 master_component.cc:1006] MasterComponent: start normalizing model nwt
I1005 20:40:25.217435 2047873024 master_component.cc:1034] MasterComponent: complete normalizing model nwt
I1005 20:40:25.290729 2047873024 master_component.cc:1473] DisposeModel rwt
I1005 20:40:25.307581 2047873024 master_component.cc:1059] FitOffline: ItemsProcessed, num_items=1728, num_batches=2, token_weight=808522, token_weight_in_effect=808522
I1005 20:40:25.307842 2047873024 c_interface.cc:389] Pass FitOfflineMasterModelArgs, batch_filename_size=2, batch_weight_size=2, num_collection_passes=1, reset_nwt=yes to MN4artm4core15MasterComponentEFvRKNS_25FitOfflineMasterModelArgsEE
I1005 20:40:25.307855 2047873024 master_component.cc:1398] ProcessBatchesArgs: nwt_target_name=nwt, batch_filename_size=2, batch_size=0, batch_weight_size=2, pwt_source_name=pwt, num_document_passes=10, regularizer=(name:SmoothSparsePhi_bcg, tau:100000), class=(author:1), class=(text:1), reuse_theta=yes, opt_for_avx=yes, predict_class_id=, reset_nwt=yes
I1005 20:40:25.324488 29138944 processor.cc:747] Processing queue has data, processing started
I1005 20:40:25.324491 27529216 processor.cc:747] Processing queue has data, processing started
I1005 20:40:25.338433 29138944 processor.cc:820] Processor: start processing batch 5595bf76-db70-4e76-8078-14ac58e7232f into model nwt
I1005 20:40:25.349287 27529216 processor.cc:820] Processor: start processing batch 2e0d52d3-bce9-4217-b753-7b1e3ea34342 into model nwt
I1005 20:40:25.575242 29138944 processor.cc:925] Processor: complete processing batch 5595bf76-db70-4e76-8078-14ac58e7232f into model nwt
I1005 20:40:25.579615 29138944 cuckoo_watch.h:45] 255ms in ProcessBatch(lectures_batches/aaaaaa.batch) [including 13ms in LoadMessage; 9ms in InitializeSparseNdw; 0ms in FindReuseThetaCacheEntry; 9ms in InitializeTheta; 0ms in CreateRegularizerAgents; 164ms in InferThetaAndUpdateNwtSparse; 0ms in UpdateCacheEntry; 3ms in CalculateScore(sparsity_theta_score); 49ms in CalculateScore(^^^ItemsProcessedScore^^^); ]
I1005 20:40:25.601511 29138944 processor.cc:740] No data in processing queue, waiting...
I1005 20:40:25.826460 27529216 processor.cc:925] Processor: complete processing batch 2e0d52d3-bce9-4217-b753-7b1e3ea34342 into model nwt
I1005 20:40:25.833290 27529216 cuckoo_watch.h:45] 508ms in ProcessBatch(lectures_batches/aaaaab.batch) [including 24ms in LoadMessage; 20ms in InitializeSparseNdw; 0ms in FindReuseThetaCacheEntry; 3ms in InitializeTheta; 0ms in CreateRegularizerAgents; 345ms in InferThetaAndUpdateNwtSparse; 0ms in UpdateCacheEntry; 5ms in CalculateScore(sparsity_theta_score); 101ms in CalculateScore(^^^ItemsProcessedScore^^^); ]
I1005 20:40:25.833746 2047873024 master_component.cc:1436] RegularizeModelArgs: rwt_target_name=rwt, pwt_source_name=pwt, nwt_source_name=nwt
I1005 20:40:25.833794 2047873024 master_component.cc:976] MasterComponent: start regularizing model pwt
I1005 20:40:25.857168 27529216 processor.cc:740] No data in processing queue, waiting...
I1005 20:40:25.941388 2047873024 master_component.cc:1002] MasterComponent: complete regularizing model pwt
I1005 20:40:25.941411 2047873024 master_component.cc:1449] NormalizeModelArgs: pwt_target_name=pwt, nwt_source_name=nwt, rwt_source_name=rwt
I1005 20:40:25.941416 2047873024 master_component.cc:1006] MasterComponent: start normalizing model nwt
I1005 20:40:26.029753 2047873024 master_component.cc:1034] MasterComponent: complete normalizing model nwt
I1005 20:40:26.117592 2047873024 master_component.cc:1473] DisposeModel rwt
I1005 20:40:26.139518 2047873024 master_component.cc:1059] FitOffline: ItemsProcessed, num_items=1728, num_batches=2, token_weight=808522, token_weight_in_effect=808522
I1005 20:40:26.139856 2047873024 c_interface.cc:389] Pass FitOfflineMasterModelArgs, batch_filename_size=2, batch_weight_size=2, num_collection_passes=1, reset_nwt=yes to MN4artm4core15MasterComponentEFvRKNS_25FitOfflineMasterModelArgsEE
I1005 20:40:26.139871 2047873024 master_component.cc:1398] ProcessBatchesArgs: nwt_target_name=nwt, batch_filename_size=2, batch_size=0, batch_weight_size=2, pwt_source_name=pwt, num_document_passes=10, regularizer=(name:SmoothSparsePhi_bcg, tau:100000), class=(author:1), class=(text:1), reuse_theta=yes, opt_for_avx=yes, predict_class_id=, reset_nwt=yes
I1005 20:40:26.158504 27529216 processor.cc:747] Processing queue has data, processing started
I1005 20:40:26.158495 25919488 processor.cc:747] Processing queue has data, processing started
I1005 20:40:26.172338 25919488 processor.cc:820] Processor: start processing batch 5595bf76-db70-4e76-8078-14ac58e7232f into model nwt
I1005 20:40:26.182924 27529216 processor.cc:820] Processor: start processing batch 2e0d52d3-bce9-4217-b753-7b1e3ea34342 into model nwt
I1005 20:40:26.423137 25919488 processor.cc:925] Processor: complete processing batch 5595bf76-db70-4e76-8078-14ac58e7232f into model nwt
I1005 20:40:26.427531 25919488 cuckoo_watch.h:45] 268ms in ProcessBatch(lectures_batches/aaaaaa.batch) [including 13ms in LoadMessage; 8ms in InitializeSparseNdw; 0ms in FindReuseThetaCacheEntry; 8ms in InitializeTheta; 0ms in CreateRegularizerAgents; 175ms in InferThetaAndUpdateNwtSparse; 0ms in UpdateCacheEntry; 4ms in CalculateScore(sparsity_theta_score); 52ms in CalculateScore(^^^ItemsProcessedScore^^^); ]
I1005 20:40:26.450181 25919488 processor.cc:740] No data in processing queue, waiting...
I1005 20:40:26.695837 27529216 processor.cc:925] Processor: complete processing batch 2e0d52d3-bce9-4217-b753-7b1e3ea34342 into model nwt
I1005 20:40:26.702576 27529216 cuckoo_watch.h:45] 544ms in ProcessBatch(lectures_batches/aaaaab.batch) [including 24ms in LoadMessage; 23ms in InitializeSparseNdw; 0ms in FindReuseThetaCacheEntry; 4ms in InitializeTheta; 0ms in CreateRegularizerAgents; 374ms in InferThetaAndUpdateNwtSparse; 0ms in UpdateCacheEntry; 5ms in CalculateScore(sparsity_theta_score); 105ms in CalculateScore(^^^ItemsProcessedScore^^^); ]
