I1005 21:05:04.439662 2047873024 master_component.cc:1398] ProcessBatchesArgs: nwt_target_name=nwt, batch_filename_size=2, batch_size=0, batch_weight_size=2, pwt_source_name=pwt, num_document_passes=10, regularizer=(name:SmoothSparsePhi_bcg, tau:-100), class=(author:1), class=(text:1), reuse_theta=yes, opt_for_avx=yes, predict_class_id=, reset_nwt=yes
I1005 21:05:04.458592 25919488 processor.cc:747] Processing queue has data, processing started
I1005 21:05:04.458626 25382912 processor.cc:747] Processing queue has data, processing started
I1005 21:05:04.471755 25919488 processor.cc:820] Processor: start processing batch 971465db-d459-45dc-ab7c-30c5e49ec8d0 into model nwt
I1005 21:05:04.482589 25382912 processor.cc:820] Processor: start processing batch 12d9ebe3-8112-491c-95b2-8a8eddac7cb4 into model nwt
I1005 21:05:04.725291 25919488 processor.cc:925] Processor: complete processing batch 971465db-d459-45dc-ab7c-30c5e49ec8d0 into model nwt
I1005 21:05:04.729991 25919488 cuckoo_watch.h:45] 271ms in ProcessBatch(lectures_batches/aaaaaa.batch) [including 13ms in LoadMessage; 8ms in InitializeSparseNdw; 0ms in FindReuseThetaCacheEntry; 8ms in InitializeTheta; 0ms in CreateRegularizerAgents; 178ms in InferThetaAndUpdateNwtSparse; 0ms in UpdateCacheEntry; 5ms in CalculateScore(sparsity_theta_score); 52ms in CalculateScore(^^^ItemsProcessedScore^^^); ]
I1005 21:05:04.752465 25919488 processor.cc:740] No data in processing queue, waiting...
I1005 21:05:05.010058 25382912 processor.cc:925] Processor: complete processing batch 12d9ebe3-8112-491c-95b2-8a8eddac7cb4 into model nwt
I1005 21:05:05.016726 25382912 cuckoo_watch.h:45] 558ms in ProcessBatch(lectures_batches/aaaaab.batch) [including 23ms in LoadMessage; 22ms in InitializeSparseNdw; 0ms in FindReuseThetaCacheEntry; 3ms in InitializeTheta; 0ms in CreateRegularizerAgents; 383ms in InferThetaAndUpdateNwtSparse; 0ms in UpdateCacheEntry; 6ms in CalculateScore(sparsity_theta_score); 111ms in CalculateScore(^^^ItemsProcessedScore^^^); ]
I1005 21:05:05.016777 2047873024 master_component.cc:1436] RegularizeModelArgs: rwt_target_name=rwt, pwt_source_name=pwt, nwt_source_name=nwt
I1005 21:05:05.016799 2047873024 master_component.cc:976] MasterComponent: start regularizing model pwt
I1005 21:05:05.041152 25382912 processor.cc:740] No data in processing queue, waiting...
I1005 21:05:05.144348 2047873024 master_component.cc:1002] MasterComponent: complete regularizing model pwt
I1005 21:05:05.144444 2047873024 master_component.cc:1449] NormalizeModelArgs: pwt_target_name=pwt, nwt_source_name=nwt, rwt_source_name=rwt
I1005 21:05:05.144454 2047873024 master_component.cc:1006] MasterComponent: start normalizing model nwt
I1005 21:05:05.228541 2047873024 master_component.cc:1034] MasterComponent: complete normalizing model nwt
I1005 21:05:05.298126 2047873024 master_component.cc:1473] DisposeModel rwt
I1005 21:05:05.315264 2047873024 master_component.cc:1059] FitOffline: ItemsProcessed, num_items=1728, num_batches=2, token_weight=808522, token_weight_in_effect=808522
I1005 21:05:05.315552 2047873024 c_interface.cc:389] Pass FitOfflineMasterModelArgs, batch_filename_size=2, batch_weight_size=2, num_collection_passes=1, reset_nwt=yes to MN4artm4core15MasterComponentEFvRKNS_25FitOfflineMasterModelArgsEE
I1005 21:05:05.315567 2047873024 master_component.cc:1398] ProcessBatchesArgs: nwt_target_name=nwt, batch_filename_size=2, batch_size=0, batch_weight_size=2, pwt_source_name=pwt, num_document_passes=10, regularizer=(name:SmoothSparsePhi_bcg, tau:-100), class=(author:1), class=(text:1), reuse_theta=yes, opt_for_avx=yes, predict_class_id=, reset_nwt=yes
I1005 21:05:05.332994 27529216 processor.cc:747] Processing queue has data, processing started
I1005 21:05:05.332996 26992640 processor.cc:747] Processing queue has data, processing started
I1005 21:05:05.346990 27529216 processor.cc:820] Processor: start processing batch 971465db-d459-45dc-ab7c-30c5e49ec8d0 into model nwt
I1005 21:05:05.358084 26992640 processor.cc:820] Processor: start processing batch 12d9ebe3-8112-491c-95b2-8a8eddac7cb4 into model nwt
I1005 21:05:05.598361 27529216 processor.cc:925] Processor: complete processing batch 971465db-d459-45dc-ab7c-30c5e49ec8d0 into model nwt
I1005 21:05:05.602936 27529216 cuckoo_watch.h:45] 269ms in ProcessBatch(lectures_batches/aaaaaa.batch) [including 13ms in LoadMessage; 8ms in InitializeSparseNdw; 0ms in FindReuseThetaCacheEntry; 8ms in InitializeTheta; 0ms in CreateRegularizerAgents; 177ms in InferThetaAndUpdateNwtSparse; 0ms in UpdateCacheEntry; 4ms in CalculateScore(sparsity_theta_score); 52ms in CalculateScore(^^^ItemsProcessedScore^^^); ]
I1005 21:05:05.626107 27529216 processor.cc:740] No data in processing queue, waiting...
I1005 21:05:05.889394 26992640 processor.cc:925] Processor: complete processing batch 12d9ebe3-8112-491c-95b2-8a8eddac7cb4 into model nwt
I1005 21:05:05.896142 26992640 cuckoo_watch.h:45] 563ms in ProcessBatch(lectures_batches/aaaaab.batch) [including 25ms in LoadMessage; 21ms in InitializeSparseNdw; 0ms in FindReuseThetaCacheEntry; 3ms in InitializeTheta; 0ms in CreateRegularizerAgents; 381ms in InferThetaAndUpdateNwtSparse; 0ms in UpdateCacheEntry; 5ms in CalculateScore(sparsity_theta_score); 119ms in CalculateScore(^^^ItemsProcessedScore^^^); ]
I1005 21:05:05.896718 2047873024 master_component.cc:1436] RegularizeModelArgs: rwt_target_name=rwt, pwt_source_name=pwt, nwt_source_name=nwt
I1005 21:05:05.896772 2047873024 master_component.cc:976] MasterComponent: start regularizing model pwt
I1005 21:05:05.920043 26992640 processor.cc:740] No data in processing queue, waiting...
I1005 21:05:05.997903 2047873024 master_component.cc:1002] MasterComponent: complete regularizing model pwt
I1005 21:05:05.997921 2047873024 master_component.cc:1449] NormalizeModelArgs: pwt_target_name=pwt, nwt_source_name=nwt, rwt_source_name=rwt
I1005 21:05:05.997927 2047873024 master_component.cc:1006] MasterComponent: start normalizing model nwt
I1005 21:05:06.075721 2047873024 master_component.cc:1034] MasterComponent: complete normalizing model nwt
I1005 21:05:06.141439 2047873024 master_component.cc:1473] DisposeModel rwt
I1005 21:05:06.157440 2047873024 master_component.cc:1059] FitOffline: ItemsProcessed, num_items=1728, num_batches=2, token_weight=808522, token_weight_in_effect=808522
I1005 21:05:06.157709 2047873024 c_interface.cc:389] Pass FitOfflineMasterModelArgs, batch_filename_size=2, batch_weight_size=2, num_collection_passes=1, reset_nwt=yes to MN4artm4core15MasterComponentEFvRKNS_25FitOfflineMasterModelArgsEE
I1005 21:05:06.157732 2047873024 master_component.cc:1398] ProcessBatchesArgs: nwt_target_name=nwt, batch_filename_size=2, batch_size=0, batch_weight_size=2, pwt_source_name=pwt, num_document_passes=10, regularizer=(name:SmoothSparsePhi_bcg, tau:-100), class=(author:1), class=(text:1), reuse_theta=yes, opt_for_avx=yes, predict_class_id=, reset_nwt=yes
I1005 21:05:06.174399 23773184 processor.cc:747] Processing queue has data, processing started
I1005 21:05:06.174437 25919488 processor.cc:747] Processing queue has data, processing started
I1005 21:05:06.187690 23773184 processor.cc:820] Processor: start processing batch 971465db-d459-45dc-ab7c-30c5e49ec8d0 into model nwt
I1005 21:05:06.198189 25919488 processor.cc:820] Processor: start processing batch 12d9ebe3-8112-491c-95b2-8a8eddac7cb4 into model nwt
I1005 21:05:06.429047 23773184 processor.cc:925] Processor: complete processing batch 971465db-d459-45dc-ab7c-30c5e49ec8d0 into model nwt
I1005 21:05:06.433851 23773184 cuckoo_watch.h:45] 259ms in ProcessBatch(lectures_batches/aaaaaa.batch) [including 13ms in LoadMessage; 7ms in InitializeSparseNdw; 0ms in FindReuseThetaCacheEntry; 7ms in InitializeTheta; 0ms in CreateRegularizerAgents; 171ms in InferThetaAndUpdateNwtSparse; 0ms in UpdateCacheEntry; 4ms in CalculateScore(sparsity_theta_score); 49ms in CalculateScore(^^^ItemsProcessedScore^^^); ]
I1005 21:05:06.456972 23773184 processor.cc:740] No data in processing queue, waiting...
I1005 21:05:06.716017 25919488 processor.cc:925] Processor: complete processing batch 12d9ebe3-8112-491c-95b2-8a8eddac7cb4 into model nwt
I1005 21:05:06.722601 25919488 cuckoo_watch.h:45] 548ms in ProcessBatch(lectures_batches/aaaaab.batch) [including 23ms in LoadMessage; 20ms in InitializeSparseNdw; 0ms in FindReuseThetaCacheEntry; 3ms in InitializeTheta; 0ms in CreateRegularizerAgents; 382ms in InferThetaAndUpdateNwtSparse; 0ms in UpdateCacheEntry; 5ms in CalculateScore(sparsity_theta_score); 105ms in CalculateScore(^^^ItemsProcessedScore^^^); ]
I1005 21:05:06.723469 2047873024 master_component.cc:1436] RegularizeModelArgs: rwt_target_name=rwt, pwt_source_name=pwt, nwt_source_name=nwt
I1005 21:05:06.723500 2047873024 master_component.cc:976] MasterComponent: start regularizing model pwt
I1005 21:05:06.746021 25919488 processor.cc:740] No data in processing queue, waiting...
I1005 21:05:06.825475 2047873024 master_component.cc:1002] MasterComponent: complete regularizing model pwt
I1005 21:05:06.825515 2047873024 master_component.cc:1449] NormalizeModelArgs: pwt_target_name=pwt, nwt_source_name=nwt, rwt_source_name=rwt
I1005 21:05:06.825522 2047873024 master_component.cc:1006] MasterComponent: start normalizing model nwt
I1005 21:05:06.911823 2047873024 master_component.cc:1034] MasterComponent: complete normalizing model nwt
I1005 21:05:06.990131 2047873024 master_component.cc:1473] DisposeModel rwt
I1005 21:05:07.006703 2047873024 master_component.cc:1059] FitOffline: ItemsProcessed, num_items=1728, num_batches=2, token_weight=808522, token_weight_in_effect=808522
I1005 21:05:07.007171 2047873024 c_interface.cc:389] Pass FitOfflineMasterModelArgs, batch_filename_size=2, batch_weight_size=2, num_collection_passes=1, reset_nwt=yes to MN4artm4core15MasterComponentEFvRKNS_25FitOfflineMasterModelArgsEE
I1005 21:05:07.007187 2047873024 master_component.cc:1398] ProcessBatchesArgs: nwt_target_name=nwt, batch_filename_size=2, batch_size=0, batch_weight_size=2, pwt_source_name=pwt, num_document_passes=10, regularizer=(name:SmoothSparsePhi_bcg, tau:-100), class=(author:1), class=(text:1), reuse_theta=yes, opt_for_avx=yes, predict_class_id=, reset_nwt=yes
I1005 21:05:07.024439 24309760 processor.cc:747] Processing queue has data, processing started
I1005 21:05:07.024437 25382912 processor.cc:747] Processing queue has data, processing started
I1005 21:05:07.039650 25382912 processor.cc:820] Processor: start processing batch 971465db-d459-45dc-ab7c-30c5e49ec8d0 into model nwt
I1005 21:05:07.049772 24309760 processor.cc:820] Processor: start processing batch 12d9ebe3-8112-491c-95b2-8a8eddac7cb4 into model nwt
I1005 21:05:07.277134 25382912 processor.cc:925] Processor: complete processing batch 971465db-d459-45dc-ab7c-30c5e49ec8d0 into model nwt
I1005 21:05:07.281621 25382912 cuckoo_watch.h:45] 257ms in ProcessBatch(lectures_batches/aaaaaa.batch) [including 15ms in LoadMessage; 8ms in InitializeSparseNdw; 0ms in FindReuseThetaCacheEntry; 7ms in InitializeTheta; 0ms in CreateRegularizerAgents; 166ms in InferThetaAndUpdateNwtSparse; 0ms in UpdateCacheEntry; 4ms in CalculateScore(sparsity_theta_score); 50ms in CalculateScore(^^^ItemsProcessedScore^^^); ]
I1005 21:05:07.304527 25382912 processor.cc:740] No data in processing queue, waiting...
I1005 21:05:07.566608 24309760 processor.cc:925] Processor: complete processing batch 12d9ebe3-8112-491c-95b2-8a8eddac7cb4 into model nwt
I1005 21:05:07.573546 24309760 cuckoo_watch.h:45] 549ms in ProcessBatch(lectures_batches/aaaaab.batch) [including 25ms in LoadMessage; 20ms in InitializeSparseNdw; 0ms in FindReuseThetaCacheEntry; 3ms in InitializeTheta; 0ms in CreateRegularizerAgents; 377ms in InferThetaAndUpdateNwtSparse; 0ms in UpdateCacheEntry; 5ms in CalculateScore(sparsity_theta_score); 110ms in CalculateScore(^^^ItemsProcessedScore^^^); ]
I1005 21:05:07.573808 2047873024 master_component.cc:1436] RegularizeModelArgs: rwt_target_name=rwt, pwt_source_name=pwt, nwt_source_name=nwt
I1005 21:05:07.573828 2047873024 master_component.cc:976] MasterComponent: start regularizing model pwt
I1005 21:05:07.597648 24309760 processor.cc:740] No data in processing queue, waiting...
I1005 21:05:07.675246 2047873024 master_component.cc:1002] MasterComponent: complete regularizing model pwt
I1005 21:05:07.675264 2047873024 master_component.cc:1449] NormalizeModelArgs: pwt_target_name=pwt, nwt_source_name=nwt, rwt_source_name=rwt
I1005 21:05:07.675271 2047873024 master_component.cc:1006] MasterComponent: start normalizing model nwt
I1005 21:05:07.752774 2047873024 master_component.cc:1034] MasterComponent: complete normalizing model nwt
I1005 21:05:07.818898 2047873024 master_component.cc:1473] DisposeModel rwt
I1005 21:05:07.838181 2047873024 master_component.cc:1059] FitOffline: ItemsProcessed, num_items=1728, num_batches=2, token_weight=808522, token_weight_in_effect=808522
I1005 21:05:07.838428 2047873024 c_interface.cc:389] Pass FitOfflineMasterModelArgs, batch_filename_size=2, batch_weight_size=2, num_collection_passes=1, reset_nwt=yes to MN4artm4core15MasterComponentEFvRKNS_25FitOfflineMasterModelArgsEE
I1005 21:05:07.838472 2047873024 master_component.cc:1398] ProcessBatchesArgs: nwt_target_name=nwt, batch_filename_size=2, batch_size=0, batch_weight_size=2, pwt_source_name=pwt, num_document_passes=10, regularizer=(name:SmoothSparsePhi_bcg, tau:-100), class=(author:1), class=(text:1), reuse_theta=yes, opt_for_avx=yes, predict_class_id=, reset_nwt=yes
I1005 21:05:07.857750 25382912 processor.cc:747] Processing queue has data, processing started
I1005 21:05:07.857750 24846336 processor.cc:747] Processing queue has data, processing started
I1005 21:05:07.872815 25382912 processor.cc:820] Processor: start processing batch 971465db-d459-45dc-ab7c-30c5e49ec8d0 into model nwt
I1005 21:05:07.882692 24846336 processor.cc:820] Processor: start processing batch 12d9ebe3-8112-491c-95b2-8a8eddac7cb4 into model nwt
I1005 21:05:08.111802 25382912 processor.cc:925] Processor: complete processing batch 971465db-d459-45dc-ab7c-30c5e49ec8d0 into model nwt
I1005 21:05:08.116621 25382912 cuckoo_watch.h:45] 258ms in ProcessBatch(lectures_batches/aaaaaa.batch) [including 14ms in LoadMessage; 8ms in InitializeSparseNdw; 0ms in FindReuseThetaCacheEntry; 8ms in InitializeTheta; 0ms in CreateRegularizerAgents; 167ms in InferThetaAndUpdateNwtSparse; 0ms in UpdateCacheEntry; 4ms in CalculateScore(sparsity_theta_score); 49ms in CalculateScore(^^^ItemsProcessedScore^^^); ]
I1005 21:05:08.139667 25382912 processor.cc:740] No data in processing queue, waiting...
I1005 21:05:08.392607 24846336 processor.cc:925] Processor: complete processing batch 12d9ebe3-8112-491c-95b2-8a8eddac7cb4 into model nwt
I1005 21:05:08.399240 24846336 cuckoo_watch.h:45] 541ms in ProcessBatch(lectures_batches/aaaaab.batch) [including 24ms in LoadMessage; 24ms in InitializeSparseNdw; 0ms in FindReuseThetaCacheEntry; 3ms in InitializeTheta; 0ms in CreateRegularizerAgents; 366ms in InferThetaAndUpdateNwtSparse; 0ms in UpdateCacheEntry; 5ms in CalculateScore(sparsity_theta_score); 109ms in CalculateScore(^^^ItemsProcessedScore^^^); ]
I1005 21:05:08.400043 2047873024 master_component.cc:1436] RegularizeModelArgs: rwt_target_name=rwt, pwt_source_name=pwt, nwt_source_name=nwt
I1005 21:05:08.400086 2047873024 master_component.cc:976] MasterComponent: start regularizing model pwt
I1005 21:05:08.423394 24846336 processor.cc:740] No data in processing queue, waiting...
I1005 21:05:08.505542 2047873024 master_component.cc:1002] MasterComponent: complete regularizing model pwt
I1005 21:05:08.505561 2047873024 master_component.cc:1449] NormalizeModelArgs: pwt_target_name=pwt, nwt_source_name=nwt, rwt_source_name=rwt
I1005 21:05:08.505568 2047873024 master_component.cc:1006] MasterComponent: start normalizing model nwt
I1005 21:05:08.580898 2047873024 master_component.cc:1034] MasterComponent: complete normalizing model nwt
I1005 21:05:08.652246 2047873024 master_component.cc:1473] DisposeModel rwt
I1005 21:05:08.669716 2047873024 master_component.cc:1059] FitOffline: ItemsProcessed, num_items=1728, num_batches=2, token_weight=808522, token_weight_in_effect=808522
I1005 21:05:08.669950 2047873024 c_interface.cc:389] Pass FitOfflineMasterModelArgs, batch_filename_size=2, batch_weight_size=2, num_collection_passes=1, reset_nwt=yes to MN4artm4core15MasterComponentEFvRKNS_25FitOfflineMasterModelArgsEE
I1005 21:05:08.669962 2047873024 master_component.cc:1398] ProcessBatchesArgs: nwt_target_name=nwt, batch_filename_size=2, batch_size=0, batch_weight_size=2, pwt_source_name=pwt, num_document_passes=10, regularizer=(name:SmoothSparsePhi_bcg, tau:-100), class=(author:1), class=(text:1), reuse_theta=yes, opt_for_avx=yes, predict_class_id=, reset_nwt=yes
I1005 21:05:08.692011 23773184 processor.cc:747] Processing queue has data, processing started
I1005 21:05:08.692020 26456064 processor.cc:747] Processing queue has data, processing started
I1005 21:05:08.706624 23773184 processor.cc:820] Processor: start processing batch 971465db-d459-45dc-ab7c-30c5e49ec8d0 into model nwt
I1005 21:05:08.716830 26456064 processor.cc:820] Processor: start processing batch 12d9ebe3-8112-491c-95b2-8a8eddac7cb4 into model nwt
I1005 21:05:08.950071 23773184 processor.cc:925] Processor: complete processing batch 971465db-d459-45dc-ab7c-30c5e49ec8d0 into model nwt
I1005 21:05:08.954699 23773184 cuckoo_watch.h:45] 262ms in ProcessBatch(lectures_batches/aaaaaa.batch) [including 14ms in LoadMessage; 7ms in InitializeSparseNdw; 0ms in FindReuseThetaCacheEntry; 8ms in InitializeTheta; 0ms in CreateRegularizerAgents; 175ms in InferThetaAndUpdateNwtSparse; 0ms in UpdateCacheEntry; 3ms in CalculateScore(sparsity_theta_score); 47ms in CalculateScore(^^^ItemsProcessedScore^^^); ]
I1005 21:05:08.976611 23773184 processor.cc:740] No data in processing queue, waiting...
I1005 21:05:09.245674 26456064 processor.cc:925] Processor: complete processing batch 12d9ebe3-8112-491c-95b2-8a8eddac7cb4 into model nwt
I1005 21:05:09.252192 26456064 cuckoo_watch.h:45] 560ms in ProcessBatch(lectures_batches/aaaaab.batch) [including 24ms in LoadMessage; 25ms in InitializeSparseNdw; 0ms in FindReuseThetaCacheEntry; 3ms in InitializeTheta; 0ms in CreateRegularizerAgents; 379ms in InferThetaAndUpdateNwtSparse; 0ms in UpdateCacheEntry; 6ms in CalculateScore(sparsity_theta_score); 113ms in CalculateScore(^^^ItemsProcessedScore^^^); ]
I1005 21:05:09.252769 2047873024 master_component.cc:1436] RegularizeModelArgs: rwt_target_name=rwt, pwt_source_name=pwt, nwt_source_name=nwt
I1005 21:05:09.252795 2047873024 master_component.cc:976] MasterComponent: start regularizing model pwt
I1005 21:05:09.276540 26456064 processor.cc:740] No data in processing queue, waiting...
I1005 21:05:09.362802 2047873024 master_component.cc:1002] MasterComponent: complete regularizing model pwt
I1005 21:05:09.362823 2047873024 master_component.cc:1449] NormalizeModelArgs: pwt_target_name=pwt, nwt_source_name=nwt, rwt_source_name=rwt
I1005 21:05:09.362829 2047873024 master_component.cc:1006] MasterComponent: start normalizing model nwt
I1005 21:05:09.452705 2047873024 master_component.cc:1034] MasterComponent: complete normalizing model nwt
I1005 21:05:09.529047 2047873024 master_component.cc:1473] DisposeModel rwt
I1005 21:05:09.545141 2047873024 master_component.cc:1059] FitOffline: ItemsProcessed, num_items=1728, num_batches=2, token_weight=808522, token_weight_in_effect=808522
I1005 21:05:09.545373 2047873024 c_interface.cc:389] Pass FitOfflineMasterModelArgs, batch_filename_size=2, batch_weight_size=2, num_collection_passes=1, reset_nwt=yes to MN4artm4core15MasterComponentEFvRKNS_25FitOfflineMasterModelArgsEE
I1005 21:05:09.545387 2047873024 master_component.cc:1398] ProcessBatchesArgs: nwt_target_name=nwt, batch_filename_size=2, batch_size=0, batch_weight_size=2, pwt_source_name=pwt, num_document_passes=10, regularizer=(name:SmoothSparsePhi_bcg, tau:-100), class=(author:1), class=(text:1), reuse_theta=yes, opt_for_avx=yes, predict_class_id=, reset_nwt=yes
I1005 21:05:09.562934 26456064 processor.cc:747] Processing queue has data, processing started
I1005 21:05:09.562924 24309760 processor.cc:747] Processing queue has data, processing started
I1005 21:05:09.576730 24309760 processor.cc:820] Processor: start processing batch 971465db-d459-45dc-ab7c-30c5e49ec8d0 into model nwt
I1005 21:05:09.588932 26456064 processor.cc:820] Processor: start processing batch 12d9ebe3-8112-491c-95b2-8a8eddac7cb4 into model nwt
I1005 21:05:09.821439 24309760 processor.cc:925] Processor: complete processing batch 971465db-d459-45dc-ab7c-30c5e49ec8d0 into model nwt
I1005 21:05:09.825577 24309760 cuckoo_watch.h:45] 262ms in ProcessBatch(lectures_batches/aaaaaa.batch) [including 13ms in LoadMessage; 8ms in InitializeSparseNdw; 0ms in FindReuseThetaCacheEntry; 8ms in InitializeTheta; 0ms in CreateRegularizerAgents; 167ms in InferThetaAndUpdateNwtSparse; 0ms in UpdateCacheEntry; 4ms in CalculateScore(sparsity_theta_score); 55ms in CalculateScore(^^^ItemsProcessedScore^^^); ]
I1005 21:05:09.847849 24309760 processor.cc:740] No data in processing queue, waiting...
I1005 21:05:10.119793 26456064 processor.cc:925] Processor: complete processing batch 12d9ebe3-8112-491c-95b2-8a8eddac7cb4 into model nwt
I1005 21:05:10.126775 26456064 cuckoo_watch.h:45] 563ms in ProcessBatch(lectures_batches/aaaaab.batch) [including 25ms in LoadMessage; 25ms in InitializeSparseNdw; 0ms in FindReuseThetaCacheEntry; 3ms in InitializeTheta; 0ms in CreateRegularizerAgents; 383ms in InferThetaAndUpdateNwtSparse; 0ms in UpdateCacheEntry; 6ms in CalculateScore(sparsity_theta_score); 111ms in CalculateScore(^^^ItemsProcessedScore^^^); ]
I1005 21:05:10.127060 2047873024 master_component.cc:1436] RegularizeModelArgs: rwt_target_name=rwt, pwt_source_name=pwt, nwt_source_name=nwt
I1005 21:05:10.127094 2047873024 master_component.cc:976] MasterComponent: start regularizing model pwt
I1005 21:05:10.151221 26456064 processor.cc:740] No data in processing queue, waiting...
I1005 21:05:10.234900 2047873024 master_component.cc:1002] MasterComponent: complete regularizing model pwt
I1005 21:05:10.234921 2047873024 master_component.cc:1449] NormalizeModelArgs: pwt_target_name=pwt, nwt_source_name=nwt, rwt_source_name=rwt
I1005 21:05:10.234927 2047873024 master_component.cc:1006] MasterComponent: start normalizing model nwt
I1005 21:05:10.326026 2047873024 master_component.cc:1034] MasterComponent: complete normalizing model nwt
I1005 21:05:10.410931 2047873024 master_component.cc:1473] DisposeModel rwt
I1005 21:05:10.431859 2047873024 master_component.cc:1059] FitOffline: ItemsProcessed, num_items=1728, num_batches=2, token_weight=808522, token_weight_in_effect=808522
I1005 21:05:10.432122 2047873024 c_interface.cc:389] Pass FitOfflineMasterModelArgs, batch_filename_size=2, batch_weight_size=2, num_collection_passes=1, reset_nwt=yes to MN4artm4core15MasterComponentEFvRKNS_25FitOfflineMasterModelArgsEE
I1005 21:05:10.432139 2047873024 master_component.cc:1398] ProcessBatchesArgs: nwt_target_name=nwt, batch_filename_size=2, batch_size=0, batch_weight_size=2, pwt_source_name=pwt, num_document_passes=10, regularizer=(name:SmoothSparsePhi_bcg, tau:-100), class=(author:1), class=(text:1), reuse_theta=yes, opt_for_avx=yes, predict_class_id=, reset_nwt=yes
I1005 21:05:10.453724 24309760 processor.cc:747] Processing queue has data, processing started
I1005 21:05:10.453716 23773184 processor.cc:747] Processing queue has data, processing started
I1005 21:05:10.468627 23773184 processor.cc:820] Processor: start processing batch 971465db-d459-45dc-ab7c-30c5e49ec8d0 into model nwt
I1005 21:05:10.478965 24309760 processor.cc:820] Processor: start processing batch 12d9ebe3-8112-491c-95b2-8a8eddac7cb4 into model nwt
I1005 21:05:10.711535 23773184 processor.cc:925] Processor: complete processing batch 971465db-d459-45dc-ab7c-30c5e49ec8d0 into model nwt
I1005 21:05:10.716042 23773184 cuckoo_watch.h:45] 262ms in ProcessBatch(lectures_batches/aaaaaa.batch) [including 14ms in LoadMessage; 8ms in InitializeSparseNdw; 0ms in FindReuseThetaCacheEntry; 8ms in InitializeTheta; 0ms in CreateRegularizerAgents; 173ms in InferThetaAndUpdateNwtSparse; 0ms in UpdateCacheEntry; 4ms in CalculateScore(sparsity_theta_score); 47ms in CalculateScore(^^^ItemsProcessedScore^^^); ]
I1005 21:05:10.739408 23773184 processor.cc:740] No data in processing queue, waiting...
I1005 21:05:10.984095 24309760 processor.cc:925] Processor: complete processing batch 12d9ebe3-8112-491c-95b2-8a8eddac7cb4 into model nwt
I1005 21:05:10.991554 24309760 cuckoo_watch.h:45] 537ms in ProcessBatch(lectures_batches/aaaaab.batch) [including 25ms in LoadMessage; 22ms in InitializeSparseNdw; 0ms in FindReuseThetaCacheEntry; 4ms in InitializeTheta; 0ms in CreateRegularizerAgents; 372ms in InferThetaAndUpdateNwtSparse; 0ms in UpdateCacheEntry; 5ms in CalculateScore(sparsity_theta_score); 99ms in CalculateScore(^^^ItemsProcessedScore^^^); ]
I1005 21:05:10.991740 2047873024 master_component.cc:1436] RegularizeModelArgs: rwt_target_name=rwt, pwt_source_name=pwt, nwt_source_name=nwt
I1005 21:05:10.991760 2047873024 master_component.cc:976] MasterComponent: start regularizing model pwt
I1005 21:05:11.015652 24309760 processor.cc:740] No data in processing queue, waiting...
I1005 21:05:11.091244 2047873024 master_component.cc:1002] MasterComponent: complete regularizing model pwt
I1005 21:05:11.091264 2047873024 master_component.cc:1449] NormalizeModelArgs: pwt_target_name=pwt, nwt_source_name=nwt, rwt_source_name=rwt
I1005 21:05:11.091270 2047873024 master_component.cc:1006] MasterComponent: start normalizing model nwt
I1005 21:05:11.167183 2047873024 master_component.cc:1034] MasterComponent: complete normalizing model nwt
I1005 21:05:11.233721 2047873024 master_component.cc:1473] DisposeModel rwt
I1005 21:05:11.248350 2047873024 master_component.cc:1059] FitOffline: ItemsProcessed, num_items=1728, num_batches=2, token_weight=808522, token_weight_in_effect=808522
I1005 21:05:11.255336 2047873024 c_interface.cc:231] ArtmCopyRequestedMessage is copying 2574 bytes...
I1005 21:05:11.272775 2047873024 c_interface.cc:231] ArtmCopyRequestedMessage is copying 2578 bytes...
I1005 21:05:11.278383 2047873024 c_interface.cc:231] ArtmCopyRequestedMessage is copying 2574 bytes...
I1005 21:05:11.280623 2047873024 c_interface.cc:231] ArtmCopyRequestedMessage is copying 2578 bytes...
I1005 21:05:21.946065 2047873024 c_interface.cc:389] Pass MasterModelConfig: topic_name_size=30, class=(author:1), class=(text:1), score_config_size=6, num_processors=0, pwt_name=pwt, nwt_name=nwt, num_document_passes=10, regularizer=(SmoothSparsePhi_bcg:100), reuse_theta=yes, cache_theta=yes, opt_for_avx=yes, disk_cache_path= to MN4artm4core15MasterComponentEFvRKNS_17MasterModelConfigEE
I1005 21:05:21.946094 2047873024 instance.cc:401] MasterModelConfig.processors_count is automatically set to 8
I1005 21:05:21.946146 2047873024 instance.cc:232] Regularizer 'SmoothSparsePhi_bcg' was cold-reconfigured
I1005 21:05:24.410784 2047873024 c_interface.cc:389] Pass MasterModelConfig: topic_name_size=30, class=(author:1), class=(text:1), score_config_size=6, num_processors=0, pwt_name=pwt, nwt_name=nwt, num_document_passes=1, regularizer=(SmoothSparsePhi_bcg:100), reuse_theta=yes, cache_theta=yes, opt_for_avx=yes, disk_cache_path= to MN4artm4core15MasterComponentEFvRKNS_17MasterModelConfigEE
I1005 21:05:24.410853 2047873024 instance.cc:401] MasterModelConfig.processors_count is automatically set to 8
I1005 21:05:24.410907 2047873024 instance.cc:232] Regularizer 'SmoothSparsePhi_bcg' was cold-reconfigured
I1005 21:05:24.411309 2047873024 c_interface.cc:389] Pass FitOfflineMasterModelArgs, batch_filename_size=2, batch_weight_size=2, num_collection_passes=1, reset_nwt=yes to MN4artm4core15MasterComponentEFvRKNS_25FitOfflineMasterModelArgsEE
I1005 21:05:24.411325 2047873024 master_component.cc:1398] ProcessBatchesArgs: nwt_target_name=nwt, batch_filename_size=2, batch_size=0, batch_weight_size=2, pwt_source_name=pwt, num_document_passes=1, regularizer=(name:SmoothSparsePhi_bcg, tau:100), class=(author:1), class=(text:1), reuse_theta=yes, opt_for_avx=yes, predict_class_id=, reset_nwt=yes
I1005 21:05:24.428261 27529216 processor.cc:747] Processing queue has data, processing started
I1005 21:05:24.428283 26992640 processor.cc:747] Processing queue has data, processing started
I1005 21:05:24.444149 27529216 processor.cc:820] Processor: start processing batch 971465db-d459-45dc-ab7c-30c5e49ec8d0 into model nwt
I1005 21:05:24.457386 26992640 processor.cc:820] Processor: start processing batch 12d9ebe3-8112-491c-95b2-8a8eddac7cb4 into model nwt
I1005 21:05:24.617908 27529216 processor.cc:925] Processor: complete processing batch 971465db-d459-45dc-ab7c-30c5e49ec8d0 into model nwt
I1005 21:05:24.622558 27529216 cuckoo_watch.h:45] 194ms in ProcessBatch(lectures_batches/aaaaaa.batch) [including 15ms in LoadMessage; 9ms in InitializeSparseNdw; 0ms in FindReuseThetaCacheEntry; 7ms in InitializeTheta; 0ms in CreateRegularizerAgents; 96ms in InferThetaAndUpdateNwtSparse; 0ms in UpdateCacheEntry; 4ms in CalculateScore(sparsity_theta_score); 54ms in CalculateScore(^^^ItemsProcessedScore^^^); ]
I1005 21:05:24.645371 27529216 processor.cc:740] No data in processing queue, waiting...
I1005 21:05:24.788637 26992640 processor.cc:925] Processor: complete processing batch 12d9ebe3-8112-491c-95b2-8a8eddac7cb4 into model nwt
I1005 21:05:24.795336 26992640 cuckoo_watch.h:45] 367ms in ProcessBatch(lectures_batches/aaaaab.batch) [including 29ms in LoadMessage; 21ms in InitializeSparseNdw; 0ms in FindReuseThetaCacheEntry; 3ms in InitializeTheta; 0ms in CreateRegularizerAgents; 186ms in InferThetaAndUpdateNwtSparse; 0ms in UpdateCacheEntry; 5ms in CalculateScore(sparsity_theta_score); 113ms in CalculateScore(^^^ItemsProcessedScore^^^); ]
I1005 21:05:24.796375 2047873024 master_component.cc:1436] RegularizeModelArgs: rwt_target_name=rwt, pwt_source_name=pwt, nwt_source_name=nwt
I1005 21:05:24.796414 2047873024 master_component.cc:976] MasterComponent: start regularizing model pwt
I1005 21:05:24.819388 26992640 processor.cc:740] No data in processing queue, waiting...
I1005 21:05:24.897114 2047873024 master_component.cc:1002] MasterComponent: complete regularizing model pwt
I1005 21:05:24.897133 2047873024 master_component.cc:1449] NormalizeModelArgs: pwt_target_name=pwt, nwt_source_name=nwt, rwt_source_name=rwt
I1005 21:05:24.897140 2047873024 master_component.cc:1006] MasterComponent: start normalizing model nwt
I1005 21:05:24.975855 2047873024 master_component.cc:1034] MasterComponent: complete normalizing model nwt
I1005 21:05:25.064290 2047873024 master_component.cc:1473] DisposeModel rwt
I1005 21:05:25.086778 2047873024 master_component.cc:1059] FitOffline: ItemsProcessed, num_items=1728, num_batches=2, token_weight=808522, token_weight_in_effect=808522
I1005 21:05:25.087049 2047873024 c_interface.cc:389] Pass FitOfflineMasterModelArgs, batch_filename_size=2, batch_weight_size=2, num_collection_passes=1, reset_nwt=yes to MN4artm4core15MasterComponentEFvRKNS_25FitOfflineMasterModelArgsEE
I1005 21:05:25.087067 2047873024 master_component.cc:1398] ProcessBatchesArgs: nwt_target_name=nwt, batch_filename_size=2, batch_size=0, batch_weight_size=2, pwt_source_name=pwt, num_document_passes=1, regularizer=(name:SmoothSparsePhi_bcg, tau:100), class=(author:1), class=(text:1), reuse_theta=yes, opt_for_avx=yes, predict_class_id=, reset_nwt=yes
I1005 21:05:25.105427 24309760 processor.cc:747] Processing queue has data, processing started
I1005 21:05:25.105432 26992640 processor.cc:747] Processing queue has data, processing started
I1005 21:05:25.118957 24309760 processor.cc:820] Processor: start processing batch 971465db-d459-45dc-ab7c-30c5e49ec8d0 into model nwt
I1005 21:05:25.130502 26992640 processor.cc:820] Processor: start processing batch 12d9ebe3-8112-491c-95b2-8a8eddac7cb4 into model nwt
I1005 21:05:25.286677 24309760 processor.cc:925] Processor: complete processing batch 971465db-d459-45dc-ab7c-30c5e49ec8d0 into model nwt
I1005 21:05:25.290925 24309760 cuckoo_watch.h:45] 185ms in ProcessBatch(lectures_batches/aaaaaa.batch) [including 13ms in LoadMessage; 8ms in InitializeSparseNdw; 0ms in FindReuseThetaCacheEntry; 7ms in InitializeTheta; 0ms in CreateRegularizerAgents; 96ms in InferThetaAndUpdateNwtSparse; 0ms in UpdateCacheEntry; 4ms in CalculateScore(sparsity_theta_score); 50ms in CalculateScore(^^^ItemsProcessedScore^^^); ]
I1005 21:05:25.313552 24309760 processor.cc:740] No data in processing queue, waiting...
I1005 21:05:25.466114 26992640 processor.cc:925] Processor: complete processing batch 12d9ebe3-8112-491c-95b2-8a8eddac7cb4 into model nwt
I1005 21:05:25.474176 26992640 cuckoo_watch.h:45] 368ms in ProcessBatch(lectures_batches/aaaaab.batch) [including 25ms in LoadMessage; 21ms in InitializeSparseNdw; 0ms in FindReuseThetaCacheEntry; 4ms in InitializeTheta; 0ms in CreateRegularizerAgents; 194ms in InferThetaAndUpdateNwtSparse; 0ms in UpdateCacheEntry; 5ms in CalculateScore(sparsity_theta_score); 109ms in CalculateScore(^^^ItemsProcessedScore^^^); ]
I1005 21:05:25.474501 2047873024 master_component.cc:1436] RegularizeModelArgs: rwt_target_name=rwt, pwt_source_name=pwt, nwt_source_name=nwt
I1005 21:05:25.474545 2047873024 master_component.cc:976] MasterComponent: start regularizing model pwt
I1005 21:05:25.498209 26992640 processor.cc:740] No data in processing queue, waiting...
I1005 21:05:25.578691 2047873024 master_component.cc:1002] MasterComponent: complete regularizing model pwt
I1005 21:05:25.578712 2047873024 master_component.cc:1449] NormalizeModelArgs: pwt_target_name=pwt, nwt_source_name=nwt, rwt_source_name=rwt
I1005 21:05:25.578721 2047873024 master_component.cc:1006] MasterComponent: start normalizing model nwt
I1005 21:05:25.668787 2047873024 master_component.cc:1034] MasterComponent: complete normalizing model nwt
I1005 21:05:25.752398 2047873024 master_component.cc:1473] DisposeModel rwt
I1005 21:05:25.769801 2047873024 master_component.cc:1059] FitOffline: ItemsProcessed, num_items=1728, num_batches=2, token_weight=808522, token_weight_in_effect=808522
I1005 21:05:25.770066 2047873024 c_interface.cc:389] Pass FitOfflineMasterModelArgs, batch_filename_size=2, batch_weight_size=2, num_collection_passes=1, reset_nwt=yes to MN4artm4core15MasterComponentEFvRKNS_25FitOfflineMasterModelArgsEE
I1005 21:05:25.770082 2047873024 master_component.cc:1398] ProcessBatchesArgs: nwt_target_name=nwt, batch_filename_size=2, batch_size=0, batch_weight_size=2, pwt_source_name=pwt, num_document_passes=1, regularizer=(name:SmoothSparsePhi_bcg, tau:100), class=(author:1), class=(text:1), reuse_theta=yes, opt_for_avx=yes, predict_class_id=, reset_nwt=yes
I1005 21:05:25.788354 26456064 processor.cc:747] Processing queue has data, processing started
I1005 21:05:25.788373 24846336 processor.cc:747] Processing queue has data, processing started
I1005 21:05:25.801861 26456064 processor.cc:820] Processor: start processing batch 971465db-d459-45dc-ab7c-30c5e49ec8d0 into model nwt
I1005 21:05:25.812285 24846336 processor.cc:820] Processor: start processing batch 12d9ebe3-8112-491c-95b2-8a8eddac7cb4 into model nwt
I1005 21:05:25.955843 26456064 processor.cc:925] Processor: complete processing batch 971465db-d459-45dc-ab7c-30c5e49ec8d0 into model nwt
I1005 21:05:25.960403 26456064 cuckoo_watch.h:45] 171ms in ProcessBatch(lectures_batches/aaaaaa.batch) [including 13ms in LoadMessage; 7ms in InitializeSparseNdw; 0ms in FindReuseThetaCacheEntry; 8ms in InitializeTheta; 0ms in CreateRegularizerAgents; 85ms in InferThetaAndUpdateNwtSparse; 0ms in UpdateCacheEntry; 4ms in CalculateScore(sparsity_theta_score); 47ms in CalculateScore(^^^ItemsProcessedScore^^^); ]
I1005 21:05:25.981564 26456064 processor.cc:740] No data in processing queue, waiting...
I1005 21:05:26.123505 24846336 processor.cc:925] Processor: complete processing batch 12d9ebe3-8112-491c-95b2-8a8eddac7cb4 into model nwt
I1005 21:05:26.130071 24846336 cuckoo_watch.h:45] 341ms in ProcessBatch(lectures_batches/aaaaab.batch) [including 23ms in LoadMessage; 19ms in InitializeSparseNdw; 0ms in FindReuseThetaCacheEntry; 3ms in InitializeTheta; 0ms in CreateRegularizerAgents; 176ms in InferThetaAndUpdateNwtSparse; 0ms in UpdateCacheEntry; 4ms in CalculateScore(sparsity_theta_score); 106ms in CalculateScore(^^^ItemsProcessedScore^^^); ]
I1005 21:05:26.130141 2047873024 master_component.cc:1436] RegularizeModelArgs: rwt_target_name=rwt, pwt_source_name=pwt, nwt_source_name=nwt
I1005 21:05:26.130154 2047873024 master_component.cc:976] MasterComponent: start regularizing model pwt
I1005 21:05:26.154206 24846336 processor.cc:740] No data in processing queue, waiting...
I1005 21:05:26.243674 2047873024 master_component.cc:1002] MasterComponent: complete regularizing model pwt
I1005 21:05:26.243695 2047873024 master_component.cc:1449] NormalizeModelArgs: pwt_target_name=pwt, nwt_source_name=nwt, rwt_source_name=rwt
I1005 21:05:26.243702 2047873024 master_component.cc:1006] MasterComponent: start normalizing model nwt
I1005 21:05:26.331740 2047873024 master_component.cc:1034] MasterComponent: complete normalizing model nwt
I1005 21:05:26.412904 2047873024 master_component.cc:1473] DisposeModel rwt
I1005 21:05:26.430395 2047873024 master_component.cc:1059] FitOffline: ItemsProcessed, num_items=1728, num_batches=2, token_weight=808522, token_weight_in_effect=808522
I1005 21:05:26.430632 2047873024 c_interface.cc:389] Pass FitOfflineMasterModelArgs, batch_filename_size=2, batch_weight_size=2, num_collection_passes=1, reset_nwt=yes to MN4artm4core15MasterComponentEFvRKNS_25FitOfflineMasterModelArgsEE
I1005 21:05:26.430647 2047873024 master_component.cc:1398] ProcessBatchesArgs: nwt_target_name=nwt, batch_filename_size=2, batch_size=0, batch_weight_size=2, pwt_source_name=pwt, num_document_passes=1, regularizer=(name:SmoothSparsePhi_bcg, tau:100), class=(author:1), class=(text:1), reuse_theta=yes, opt_for_avx=yes, predict_class_id=, reset_nwt=yes
I1005 21:05:26.448397 23773184 processor.cc:747] Processing queue has data, processing started
I1005 21:05:26.448390 27529216 processor.cc:747] Processing queue has data, processing started
I1005 21:05:26.462136 27529216 processor.cc:820] Processor: start processing batch 971465db-d459-45dc-ab7c-30c5e49ec8d0 into model nwt
I1005 21:05:26.471937 23773184 processor.cc:820] Processor: start processing batch 12d9ebe3-8112-491c-95b2-8a8eddac7cb4 into model nwt
I1005 21:05:26.628398 27529216 processor.cc:925] Processor: complete processing batch 971465db-d459-45dc-ab7c-30c5e49ec8d0 into model nwt
I1005 21:05:26.633227 27529216 cuckoo_watch.h:45] 184ms in ProcessBatch(lectures_batches/aaaaaa.batch) [including 13ms in LoadMessage; 8ms in InitializeSparseNdw; 0ms in FindReuseThetaCacheEntry; 8ms in InitializeTheta; 0ms in CreateRegularizerAgents; 90ms in InferThetaAndUpdateNwtSparse; 0ms in UpdateCacheEntry; 4ms in CalculateScore(sparsity_theta_score); 52ms in CalculateScore(^^^ItemsProcessedScore^^^); ]
I1005 21:05:26.654971 27529216 processor.cc:740] No data in processing queue, waiting...
I1005 21:05:26.779520 23773184 processor.cc:925] Processor: complete processing batch 12d9ebe3-8112-491c-95b2-8a8eddac7cb4 into model nwt
I1005 21:05:26.785861 23773184 cuckoo_watch.h:45] 337ms in ProcessBatch(lectures_batches/aaaaab.batch) [including 23ms in LoadMessage; 20ms in InitializeSparseNdw; 0ms in FindReuseThetaCacheEntry; 3ms in InitializeTheta; 0ms in CreateRegularizerAgents; 178ms in InferThetaAndUpdateNwtSparse; 0ms in UpdateCacheEntry; 5ms in CalculateScore(sparsity_theta_score); 99ms in CalculateScore(^^^ItemsProcessedScore^^^); ]
I1005 21:05:26.786885 2047873024 master_component.cc:1436] RegularizeModelArgs: rwt_target_name=rwt, pwt_source_name=pwt, nwt_source_name=nwt
I1005 21:05:26.786924 2047873024 master_component.cc:976] MasterComponent: start regularizing model pwt
I1005 21:05:26.809762 23773184 processor.cc:740] No data in processing queue, waiting...
I1005 21:05:26.902271 2047873024 master_component.cc:1002] MasterComponent: complete regularizing model pwt
I1005 21:05:26.902290 2047873024 master_component.cc:1449] NormalizeModelArgs: pwt_target_name=pwt, nwt_source_name=nwt, rwt_source_name=rwt
I1005 21:05:26.902297 2047873024 master_component.cc:1006] MasterComponent: start normalizing model nwt
I1005 21:05:26.980437 2047873024 master_component.cc:1034] MasterComponent: complete normalizing model nwt
I1005 21:05:27.064205 2047873024 master_component.cc:1473] DisposeModel rwt
I1005 21:05:27.083073 2047873024 master_component.cc:1059] FitOffline: ItemsProcessed, num_items=1728, num_batches=2, token_weight=808522, token_weight_in_effect=808522
I1005 21:05:27.083317 2047873024 c_interface.cc:389] Pass FitOfflineMasterModelArgs, batch_filename_size=2, batch_weight_size=2, num_collection_passes=1, reset_nwt=yes to MN4artm4core15MasterComponentEFvRKNS_25FitOfflineMasterModelArgsEE
I1005 21:05:27.083329 2047873024 master_component.cc:1398] ProcessBatchesArgs: nwt_target_name=nwt, batch_filename_size=2, batch_size=0, batch_weight_size=2, pwt_source_name=pwt, num_document_passes=1, regularizer=(name:SmoothSparsePhi_bcg, tau:100), class=(author:1), class=(text:1), reuse_theta=yes, opt_for_avx=yes, predict_class_id=, reset_nwt=yes
I1005 21:05:27.105413 26992640 processor.cc:747] Processing queue has data, processing started
I1005 21:05:27.105437 26456064 processor.cc:747] Processing queue has data, processing started
I1005 21:05:27.119784 26992640 processor.cc:820] Processor: start processing batch 971465db-d459-45dc-ab7c-30c5e49ec8d0 into model nwt
I1005 21:05:27.132323 26456064 processor.cc:820] Processor: start processing batch 12d9ebe3-8112-491c-95b2-8a8eddac7cb4 into model nwt
I1005 21:05:27.287050 26992640 processor.cc:925] Processor: complete processing batch 971465db-d459-45dc-ab7c-30c5e49ec8d0 into model nwt
I1005 21:05:27.291713 26992640 cuckoo_watch.h:45] 186ms in ProcessBatch(lectures_batches/aaaaaa.batch) [including 14ms in LoadMessage; 10ms in InitializeSparseNdw; 0ms in FindReuseThetaCacheEntry; 9ms in InitializeTheta; 0ms in CreateRegularizerAgents; 92ms in InferThetaAndUpdateNwtSparse; 0ms in UpdateCacheEntry; 3ms in CalculateScore(sparsity_theta_score); 51ms in CalculateScore(^^^ItemsProcessedScore^^^); ]
I1005 21:05:27.314450 26992640 processor.cc:740] No data in processing queue, waiting...
I1005 21:05:27.458755 26456064 processor.cc:925] Processor: complete processing batch 12d9ebe3-8112-491c-95b2-8a8eddac7cb4 into model nwt
I1005 21:05:27.465796 26456064 cuckoo_watch.h:45] 360ms in ProcessBatch(lectures_batches/aaaaab.batch) [including 26ms in LoadMessage; 21ms in InitializeSparseNdw; 0ms in FindReuseThetaCacheEntry; 3ms in InitializeTheta; 0ms in CreateRegularizerAgents; 191ms in InferThetaAndUpdateNwtSparse; 0ms in UpdateCacheEntry; 5ms in CalculateScore(sparsity_theta_score); 103ms in CalculateScore(^^^ItemsProcessedScore^^^); ]
I1005 21:05:27.466634 2047873024 master_component.cc:1436] RegularizeModelArgs: rwt_target_name=rwt, pwt_source_name=pwt, nwt_source_name=nwt
I1005 21:05:27.466693 2047873024 master_component.cc:976] MasterComponent: start regularizing model pwt
I1005 21:05:27.490638 26456064 processor.cc:740] No data in processing queue, waiting...
I1005 21:05:27.574730 2047873024 master_component.cc:1002] MasterComponent: complete regularizing model pwt
I1005 21:05:27.574753 2047873024 master_component.cc:1449] NormalizeModelArgs: pwt_target_name=pwt, nwt_source_name=nwt, rwt_source_name=rwt
I1005 21:05:27.574759 2047873024 master_component.cc:1006] MasterComponent: start normalizing model nwt
I1005 21:05:27.662674 2047873024 master_component.cc:1034] MasterComponent: complete normalizing model nwt
I1005 21:05:27.744699 2047873024 master_component.cc:1473] DisposeModel rwt
I1005 21:05:27.765123 2047873024 master_component.cc:1059] FitOffline: ItemsProcessed, num_items=1728, num_batches=2, token_weight=808522, token_weight_in_effect=808522
I1005 21:05:27.765383 2047873024 c_interface.cc:389] Pass FitOfflineMasterModelArgs, batch_filename_size=2, batch_weight_size=2, num_collection_passes=1, reset_nwt=yes to MN4artm4core15MasterComponentEFvRKNS_25FitOfflineMasterModelArgsEE
I1005 21:05:27.765410 2047873024 master_component.cc:1398] ProcessBatchesArgs: nwt_target_name=nwt, batch_filename_size=2, batch_size=0, batch_weight_size=2, pwt_source_name=pwt, num_document_passes=1, regularizer=(name:SmoothSparsePhi_bcg, tau:100), class=(author:1), class=(text:1), reuse_theta=yes, opt_for_avx=yes, predict_class_id=, reset_nwt=yes
I1005 21:05:27.784718 25382912 processor.cc:747] Processing queue has data, processing started
I1005 21:05:27.784763 24846336 processor.cc:747] Processing queue has data, processing started
I1005 21:05:27.798619 25382912 processor.cc:820] Processor: start processing batch 971465db-d459-45dc-ab7c-30c5e49ec8d0 into model nwt
I1005 21:05:27.808930 24846336 processor.cc:820] Processor: start processing batch 12d9ebe3-8112-491c-95b2-8a8eddac7cb4 into model nwt
I1005 21:05:27.966755 25382912 processor.cc:925] Processor: complete processing batch 971465db-d459-45dc-ab7c-30c5e49ec8d0 into model nwt
I1005 21:05:27.971673 25382912 cuckoo_watch.h:45] 186ms in ProcessBatch(lectures_batches/aaaaaa.batch) [including 13ms in LoadMessage; 8ms in InitializeSparseNdw; 0ms in FindReuseThetaCacheEntry; 8ms in InitializeTheta; 0ms in CreateRegularizerAgents; 94ms in InferThetaAndUpdateNwtSparse; 0ms in UpdateCacheEntry; 4ms in CalculateScore(sparsity_theta_score); 51ms in CalculateScore(^^^ItemsProcessedScore^^^); ]
I1005 21:05:27.993772 25382912 processor.cc:740] No data in processing queue, waiting...
I1005 21:05:28.149999 24846336 processor.cc:925] Processor: complete processing batch 12d9ebe3-8112-491c-95b2-8a8eddac7cb4 into model nwt
I1005 21:05:28.156899 24846336 cuckoo_watch.h:45] 372ms in ProcessBatch(lectures_batches/aaaaab.batch) [including 24ms in LoadMessage; 21ms in InitializeSparseNdw; 0ms in FindReuseThetaCacheEntry; 3ms in InitializeTheta; 0ms in CreateRegularizerAgents; 192ms in InferThetaAndUpdateNwtSparse; 0ms in UpdateCacheEntry; 6ms in CalculateScore(sparsity_theta_score); 115ms in CalculateScore(^^^ItemsProcessedScore^^^); ]
I1005 21:05:28.157500 2047873024 master_component.cc:1436] RegularizeModelArgs: rwt_target_name=rwt, pwt_source_name=pwt, nwt_source_name=nwt
I1005 21:05:28.157553 2047873024 master_component.cc:976] MasterComponent: start regularizing model pwt
I1005 21:05:28.181110 24846336 processor.cc:740] No data in processing queue, waiting...
I1005 21:05:28.274137 2047873024 master_component.cc:1002] MasterComponent: complete regularizing model pwt
I1005 21:05:28.274166 2047873024 master_component.cc:1449] NormalizeModelArgs: pwt_target_name=pwt, nwt_source_name=nwt, rwt_source_name=rwt
I1005 21:05:28.274173 2047873024 master_component.cc:1006] MasterComponent: start normalizing model nwt
I1005 21:05:28.359618 2047873024 master_component.cc:1034] MasterComponent: complete normalizing model nwt
I1005 21:05:28.440253 2047873024 master_component.cc:1473] DisposeModel rwt
I1005 21:05:28.456984 2047873024 master_component.cc:1059] FitOffline: ItemsProcessed, num_items=1728, num_batches=2, token_weight=808522, token_weight_in_effect=808522
I1005 21:05:28.457284 2047873024 c_interface.cc:389] Pass FitOfflineMasterModelArgs, batch_filename_size=2, batch_weight_size=2, num_collection_passes=1, reset_nwt=yes to MN4artm4core15MasterComponentEFvRKNS_25FitOfflineMasterModelArgsEE
I1005 21:05:28.457303 2047873024 master_component.cc:1398] ProcessBatchesArgs: nwt_target_name=nwt, batch_filename_size=2, batch_size=0, batch_weight_size=2, pwt_source_name=pwt, num_document_passes=1, regularizer=(name:SmoothSparsePhi_bcg, tau:100), class=(author:1), class=(text:1), reuse_theta=yes, opt_for_avx=yes, predict_class_id=, reset_nwt=yes
I1005 21:05:28.476001 25919488 processor.cc:747] Processing queue has data, processing started
I1005 21:05:28.476231 26456064 processor.cc:747] Processing queue has data, processing started
I1005 21:05:28.489307 25919488 processor.cc:820] Processor: start processing batch 971465db-d459-45dc-ab7c-30c5e49ec8d0 into model nwt
I1005 21:05:28.500555 26456064 processor.cc:820] Processor: start processing batch 12d9ebe3-8112-491c-95b2-8a8eddac7cb4 into model nwt
I1005 21:05:28.652462 25919488 processor.cc:925] Processor: complete processing batch 971465db-d459-45dc-ab7c-30c5e49ec8d0 into model nwt
I1005 21:05:28.657266 25919488 cuckoo_watch.h:45] 181ms in ProcessBatch(lectures_batches/aaaaaa.batch) [including 13ms in LoadMessage; 7ms in InitializeSparseNdw; 0ms in FindReuseThetaCacheEntry; 8ms in InitializeTheta; 0ms in CreateRegularizerAgents; 90ms in InferThetaAndUpdateNwtSparse; 0ms in UpdateCacheEntry; 3ms in CalculateScore(sparsity_theta_score); 52ms in CalculateScore(^^^ItemsProcessedScore^^^); ]
I1005 21:05:28.680311 25919488 processor.cc:740] No data in processing queue, waiting...
I1005 21:05:28.824431 26456064 processor.cc:925] Processor: complete processing batch 12d9ebe3-8112-491c-95b2-8a8eddac7cb4 into model nwt
I1005 21:05:28.831472 26456064 cuckoo_watch.h:45] 355ms in ProcessBatch(lectures_batches/aaaaab.batch) [including 24ms in LoadMessage; 20ms in InitializeSparseNdw; 0ms in FindReuseThetaCacheEntry; 4ms in InitializeTheta; 0ms in CreateRegularizerAgents; 187ms in InferThetaAndUpdateNwtSparse; 0ms in UpdateCacheEntry; 5ms in CalculateScore(sparsity_theta_score); 105ms in CalculateScore(^^^ItemsProcessedScore^^^); ]
I1005 21:05:28.831887 2047873024 master_component.cc:1436] RegularizeModelArgs: rwt_target_name=rwt, pwt_source_name=pwt, nwt_source_name=nwt
I1005 21:05:28.831926 2047873024 master_component.cc:976] MasterComponent: start regularizing model pwt
I1005 21:05:28.855633 26456064 processor.cc:740] No data in processing queue, waiting...
