I1006 02:41:28.416612 2047873024 master_component.cc:1436] RegularizeModelArgs: rwt_target_name=rwt, pwt_source_name=pwt, nwt_source_name=nwt
I1006 02:41:28.416661 2047873024 master_component.cc:976] MasterComponent: start regularizing model pwt
I1006 02:41:28.440462 26456064 processor.cc:740] No data in processing queue, waiting...
I1006 02:41:28.517848 2047873024 master_component.cc:1002] MasterComponent: complete regularizing model pwt
I1006 02:41:28.517866 2047873024 master_component.cc:1449] NormalizeModelArgs: pwt_target_name=pwt, nwt_source_name=nwt, rwt_source_name=rwt
I1006 02:41:28.517874 2047873024 master_component.cc:1006] MasterComponent: start normalizing model nwt
I1006 02:41:28.606990 2047873024 master_component.cc:1034] MasterComponent: complete normalizing model nwt
I1006 02:41:28.688652 2047873024 master_component.cc:1473] DisposeModel rwt
I1006 02:41:28.705349 2047873024 master_component.cc:1059] FitOffline: ItemsProcessed, num_items=1728, num_batches=2, token_weight=808522, token_weight_in_effect=808522
I1006 02:41:28.705590 2047873024 c_interface.cc:389] Pass FitOfflineMasterModelArgs, batch_filename_size=2, batch_weight_size=2, num_collection_passes=1, reset_nwt=yes to MN4artm4core15MasterComponentEFvRKNS_25FitOfflineMasterModelArgsEE
I1006 02:41:28.705610 2047873024 master_component.cc:1398] ProcessBatchesArgs: nwt_target_name=nwt, batch_filename_size=2, batch_size=0, batch_weight_size=2, pwt_source_name=pwt, num_document_passes=1, regularizer=(name:SmoothSparsePhi_bcg, tau:100000), class=(text:1), class=(author:1), reuse_theta=yes, opt_for_avx=yes, predict_class_id=, reset_nwt=yes
I1006 02:41:28.723098 29675520 processor.cc:747] Processing queue has data, processing started
I1006 02:41:28.723099 26992640 processor.cc:747] Processing queue has data, processing started
I1006 02:41:28.736537 29675520 processor.cc:820] Processor: start processing batch 89af3714-01fa-49bd-a0e4-9d8544657682 into model nwt
I1006 02:41:28.747128 26992640 processor.cc:820] Processor: start processing batch d196cba3-f633-43af-a3cb-5de44cb23262 into model nwt
I1006 02:41:28.899920 29675520 processor.cc:925] Processor: complete processing batch 89af3714-01fa-49bd-a0e4-9d8544657682 into model nwt
I1006 02:41:28.904755 29675520 cuckoo_watch.h:45] 181ms in ProcessBatch(lectures_batches/aaaaaa.batch) [including 13ms in LoadMessage; 7ms in InitializeSparseNdw; 0ms in FindReuseThetaCacheEntry; 8ms in InitializeTheta; 0ms in CreateRegularizerAgents; 92ms in InferThetaAndUpdateNwtSparse; 0ms in UpdateCacheEntry; 4ms in CalculateScore(sparsity_theta_score); 49ms in CalculateScore(^^^ItemsProcessedScore^^^); ]
I1006 02:41:28.926738 29675520 processor.cc:740] No data in processing queue, waiting...
I1006 02:41:29.050523 26992640 processor.cc:925] Processor: complete processing batch d196cba3-f633-43af-a3cb-5de44cb23262 into model nwt
I1006 02:41:29.056426 26992640 cuckoo_watch.h:45] 333ms in ProcessBatch(lectures_batches/aaaaab.batch) [including 23ms in LoadMessage; 21ms in InitializeSparseNdw; 0ms in FindReuseThetaCacheEntry; 3ms in InitializeTheta; 0ms in CreateRegularizerAgents; 177ms in InferThetaAndUpdateNwtSparse; 0ms in UpdateCacheEntry; 4ms in CalculateScore(sparsity_theta_score); 96ms in CalculateScore(^^^ItemsProcessedScore^^^); ]
I1006 02:41:29.057436 2047873024 master_component.cc:1436] RegularizeModelArgs: rwt_target_name=rwt, pwt_source_name=pwt, nwt_source_name=nwt
I1006 02:41:29.057485 2047873024 master_component.cc:976] MasterComponent: start regularizing model pwt
I1006 02:41:29.080651 26992640 processor.cc:740] No data in processing queue, waiting...
I1006 02:41:29.158821 2047873024 master_component.cc:1002] MasterComponent: complete regularizing model pwt
I1006 02:41:29.158841 2047873024 master_component.cc:1449] NormalizeModelArgs: pwt_target_name=pwt, nwt_source_name=nwt, rwt_source_name=rwt
I1006 02:41:29.158848 2047873024 master_component.cc:1006] MasterComponent: start normalizing model nwt
I1006 02:41:29.252789 2047873024 master_component.cc:1034] MasterComponent: complete normalizing model nwt
I1006 02:41:29.347674 2047873024 master_component.cc:1473] DisposeModel rwt
I1006 02:41:29.367952 2047873024 master_component.cc:1059] FitOffline: ItemsProcessed, num_items=1728, num_batches=2, token_weight=808522, token_weight_in_effect=808522
I1006 02:41:29.368178 2047873024 c_interface.cc:389] Pass FitOfflineMasterModelArgs, batch_filename_size=2, batch_weight_size=2, num_collection_passes=1, reset_nwt=yes to MN4artm4core15MasterComponentEFvRKNS_25FitOfflineMasterModelArgsEE
I1006 02:41:29.368191 2047873024 master_component.cc:1398] ProcessBatchesArgs: nwt_target_name=nwt, batch_filename_size=2, batch_size=0, batch_weight_size=2, pwt_source_name=pwt, num_document_passes=1, regularizer=(name:SmoothSparsePhi_bcg, tau:100000), class=(text:1), class=(author:1), reuse_theta=yes, opt_for_avx=yes, predict_class_id=, reset_nwt=yes
I1006 02:41:29.386883 26456064 processor.cc:747] Processing queue has data, processing started
I1006 02:41:29.386898 28602368 processor.cc:747] Processing queue has data, processing started
I1006 02:41:29.400782 26456064 processor.cc:820] Processor: start processing batch 89af3714-01fa-49bd-a0e4-9d8544657682 into model nwt
I1006 02:41:29.411031 28602368 processor.cc:820] Processor: start processing batch d196cba3-f633-43af-a3cb-5de44cb23262 into model nwt
I1006 02:41:29.564489 26456064 processor.cc:925] Processor: complete processing batch 89af3714-01fa-49bd-a0e4-9d8544657682 into model nwt
I1006 02:41:29.569499 26456064 cuckoo_watch.h:45] 182ms in ProcessBatch(lectures_batches/aaaaaa.batch) [including 13ms in LoadMessage; 8ms in InitializeSparseNdw; 0ms in FindReuseThetaCacheEntry; 7ms in InitializeTheta; 0ms in CreateRegularizerAgents; 93ms in InferThetaAndUpdateNwtSparse; 0ms in UpdateCacheEntry; 3ms in CalculateScore(sparsity_theta_score); 49ms in CalculateScore(^^^ItemsProcessedScore^^^); ]
I1006 02:41:29.591701 26456064 processor.cc:740] No data in processing queue, waiting...
I1006 02:41:29.707404 28602368 processor.cc:925] Processor: complete processing batch d196cba3-f633-43af-a3cb-5de44cb23262 into model nwt
I1006 02:41:29.713739 28602368 cuckoo_watch.h:45] 326ms in ProcessBatch(lectures_batches/aaaaab.batch) [including 24ms in LoadMessage; 22ms in InitializeSparseNdw; 0ms in FindReuseThetaCacheEntry; 3ms in InitializeTheta; 0ms in CreateRegularizerAgents; 171ms in InferThetaAndUpdateNwtSparse; 0ms in UpdateCacheEntry; 5ms in CalculateScore(sparsity_theta_score); 93ms in CalculateScore(^^^ItemsProcessedScore^^^); ]
I1006 02:41:29.714140 2047873024 master_component.cc:1436] RegularizeModelArgs: rwt_target_name=rwt, pwt_source_name=pwt, nwt_source_name=nwt
I1006 02:41:29.714160 2047873024 master_component.cc:976] MasterComponent: start regularizing model pwt
I1006 02:41:29.738461 28602368 processor.cc:740] No data in processing queue, waiting...
I1006 02:41:29.824976 2047873024 master_component.cc:1002] MasterComponent: complete regularizing model pwt
I1006 02:41:29.825000 2047873024 master_component.cc:1449] NormalizeModelArgs: pwt_target_name=pwt, nwt_source_name=nwt, rwt_source_name=rwt
I1006 02:41:29.825007 2047873024 master_component.cc:1006] MasterComponent: start normalizing model nwt
I1006 02:41:29.912739 2047873024 master_component.cc:1034] MasterComponent: complete normalizing model nwt
I1006 02:41:29.993026 2047873024 master_component.cc:1473] DisposeModel rwt
I1006 02:41:30.012411 2047873024 master_component.cc:1059] FitOffline: ItemsProcessed, num_items=1728, num_batches=2, token_weight=808522, token_weight_in_effect=808522
I1006 02:41:30.020169 2047873024 c_interface.cc:231] ArtmCopyRequestedMessage is copying 1271 bytes...
I1006 02:41:30.039469 2047873024 c_interface.cc:231] ArtmCopyRequestedMessage is copying 1230 bytes...
I1006 02:41:30.045436 2047873024 c_interface.cc:231] ArtmCopyRequestedMessage is copying 1271 bytes...
I1006 02:41:30.047646 2047873024 c_interface.cc:231] ArtmCopyRequestedMessage is copying 1230 bytes...
I1006 02:41:30.227136 2047873024 c_interface.cc:389] Pass MasterModelConfig: topic_name_size=30, class=(text:1), class=(author:1), score_config_size=6, num_processors=0, pwt_name=pwt, nwt_name=nwt, num_document_passes=1, regularizer=(SmoothSparsePhi_bcg:100000), regularizer=(SmoothSparsePhi_sbj:-100000), reuse_theta=yes, cache_theta=yes, opt_for_avx=yes, disk_cache_path= to MN4artm4core15MasterComponentEFvRKNS_17MasterModelConfigEE
I1006 02:41:30.227164 2047873024 instance.cc:401] MasterModelConfig.processors_count is automatically set to 8
I1006 02:41:30.227218 2047873024 instance.cc:232] Regularizer 'SmoothSparsePhi_bcg' was cold-reconfigured
I1006 02:41:30.227234 2047873024 instance.cc:232] Regularizer 'SmoothSparsePhi_sbj' was cold-reconfigured
I1006 02:41:30.233887 2047873024 c_interface.cc:389] Pass MasterModelConfig: topic_name_size=30, class=(text:1), class=(author:1), score_config_size=6, num_processors=0, pwt_name=pwt, nwt_name=nwt, num_document_passes=1, regularizer=(SmoothSparsePhi_bcg:100000), regularizer=(SmoothSparsePhi_sbj:-100000), reuse_theta=yes, cache_theta=yes, opt_for_avx=yes, disk_cache_path= to MN4artm4core15MasterComponentEFvRKNS_17MasterModelConfigEE
I1006 02:41:30.233916 2047873024 instance.cc:401] MasterModelConfig.processors_count is automatically set to 8
I1006 02:41:30.234051 2047873024 instance.cc:232] Regularizer 'SmoothSparsePhi_bcg' was cold-reconfigured
I1006 02:41:30.234102 2047873024 instance.cc:232] Regularizer 'SmoothSparsePhi_sbj' was cold-reconfigured
I1006 02:41:30.240931 2047873024 c_interface.cc:389] Pass FitOfflineMasterModelArgs, batch_filename_size=2, batch_weight_size=2, num_collection_passes=1, reset_nwt=yes to MN4artm4core15MasterComponentEFvRKNS_25FitOfflineMasterModelArgsEE
I1006 02:41:30.240954 2047873024 master_component.cc:1398] ProcessBatchesArgs: nwt_target_name=nwt, batch_filename_size=2, batch_size=0, batch_weight_size=2, pwt_source_name=pwt, num_document_passes=1, regularizer=(name:SmoothSparsePhi_bcg, tau:100000), regularizer=(name:SmoothSparsePhi_sbj, tau:-100000), class=(text:1), class=(author:1), reuse_theta=yes, opt_for_avx=yes, predict_class_id=, reset_nwt=yes
I1006 02:41:30.264277 29675520 processor.cc:747] Processing queue has data, processing started
I1006 02:41:30.264665 26456064 processor.cc:747] Processing queue has data, processing started
I1006 02:41:30.278364 29675520 processor.cc:820] Processor: start processing batch 89af3714-01fa-49bd-a0e4-9d8544657682 into model nwt
I1006 02:41:30.290227 26456064 processor.cc:820] Processor: start processing batch d196cba3-f633-43af-a3cb-5de44cb23262 into model nwt
I1006 02:41:30.434919 29675520 processor.cc:925] Processor: complete processing batch 89af3714-01fa-49bd-a0e4-9d8544657682 into model nwt
I1006 02:41:30.439702 29675520 cuckoo_watch.h:45] 175ms in ProcessBatch(lectures_batches/aaaaaa.batch) [including 14ms in LoadMessage; 9ms in InitializeSparseNdw; 0ms in FindReuseThetaCacheEntry; 8ms in InitializeTheta; 0ms in CreateRegularizerAgents; 86ms in InferThetaAndUpdateNwtSparse; 0ms in UpdateCacheEntry; 3ms in CalculateScore(sparsity_theta_score); 47ms in CalculateScore(^^^ItemsProcessedScore^^^); ]
I1006 02:41:30.462239 29675520 processor.cc:740] No data in processing queue, waiting...
I1006 02:41:30.595731 26456064 processor.cc:925] Processor: complete processing batch d196cba3-f633-43af-a3cb-5de44cb23262 into model nwt
I1006 02:41:30.602072 26456064 cuckoo_watch.h:45] 337ms in ProcessBatch(lectures_batches/aaaaab.batch) [including 25ms in LoadMessage; 21ms in InitializeSparseNdw; 0ms in FindReuseThetaCacheEntry; 3ms in InitializeTheta; 0ms in CreateRegularizerAgents; 170ms in InferThetaAndUpdateNwtSparse; 0ms in UpdateCacheEntry; 4ms in CalculateScore(sparsity_theta_score); 105ms in CalculateScore(^^^ItemsProcessedScore^^^); ]
I1006 02:41:30.602665 2047873024 master_component.cc:1436] RegularizeModelArgs: rwt_target_name=rwt, pwt_source_name=pwt, nwt_source_name=nwt
I1006 02:41:30.602710 2047873024 master_component.cc:976] MasterComponent: start regularizing model pwt
I1006 02:41:30.626443 26456064 processor.cc:740] No data in processing queue, waiting...
I1006 02:41:30.748560 2047873024 master_component.cc:1002] MasterComponent: complete regularizing model pwt
I1006 02:41:30.748579 2047873024 master_component.cc:1449] NormalizeModelArgs: pwt_target_name=pwt, nwt_source_name=nwt, rwt_source_name=rwt
I1006 02:41:30.748585 2047873024 master_component.cc:1006] MasterComponent: start normalizing model nwt
I1006 02:41:30.821652 2047873024 master_component.cc:1034] MasterComponent: complete normalizing model nwt
I1006 02:41:30.879245 2047873024 master_component.cc:1473] DisposeModel rwt
I1006 02:41:30.900609 2047873024 master_component.cc:1059] FitOffline: ItemsProcessed, num_items=1728, num_batches=2, token_weight=808522, token_weight_in_effect=808522
I1006 02:41:30.900856 2047873024 c_interface.cc:389] Pass FitOfflineMasterModelArgs, batch_filename_size=2, batch_weight_size=2, num_collection_passes=1, reset_nwt=yes to MN4artm4core15MasterComponentEFvRKNS_25FitOfflineMasterModelArgsEE
I1006 02:41:30.900877 2047873024 master_component.cc:1398] ProcessBatchesArgs: nwt_target_name=nwt, batch_filename_size=2, batch_size=0, batch_weight_size=2, pwt_source_name=pwt, num_document_passes=1, regularizer=(name:SmoothSparsePhi_bcg, tau:100000), regularizer=(name:SmoothSparsePhi_sbj, tau:-100000), class=(text:1), class=(author:1), reuse_theta=yes, opt_for_avx=yes, predict_class_id=, reset_nwt=yes
I1006 02:41:30.918033 29138944 processor.cc:747] Processing queue has data, processing started
I1006 02:41:30.918040 27529216 processor.cc:747] Processing queue has data, processing started
I1006 02:41:30.932374 29138944 processor.cc:820] Processor: start processing batch 89af3714-01fa-49bd-a0e4-9d8544657682 into model nwt
I1006 02:41:30.943732 27529216 processor.cc:820] Processor: start processing batch d196cba3-f633-43af-a3cb-5de44cb23262 into model nwt
I1006 02:41:31.087905 29138944 processor.cc:925] Processor: complete processing batch 89af3714-01fa-49bd-a0e4-9d8544657682 into model nwt
I1006 02:41:31.092730 29138944 cuckoo_watch.h:45] 174ms in ProcessBatch(lectures_batches/aaaaaa.batch) [including 14ms in LoadMessage; 9ms in InitializeSparseNdw; 0ms in FindReuseThetaCacheEntry; 8ms in InitializeTheta; 0ms in CreateRegularizerAgents; 86ms in InferThetaAndUpdateNwtSparse; 0ms in UpdateCacheEntry; 4ms in CalculateScore(sparsity_theta_score); 46ms in CalculateScore(^^^ItemsProcessedScore^^^); ]
I1006 02:41:31.114822 29138944 processor.cc:740] No data in processing queue, waiting...
I1006 02:41:31.255643 27529216 processor.cc:925] Processor: complete processing batch d196cba3-f633-43af-a3cb-5de44cb23262 into model nwt
I1006 02:41:31.262513 27529216 cuckoo_watch.h:45] 344ms in ProcessBatch(lectures_batches/aaaaab.batch) [including 25ms in LoadMessage; 20ms in InitializeSparseNdw; 0ms in FindReuseThetaCacheEntry; 3ms in InitializeTheta; 0ms in CreateRegularizerAgents; 179ms in InferThetaAndUpdateNwtSparse; 0ms in UpdateCacheEntry; 5ms in CalculateScore(sparsity_theta_score); 102ms in CalculateScore(^^^ItemsProcessedScore^^^); ]
I1006 02:41:31.262924 2047873024 master_component.cc:1436] RegularizeModelArgs: rwt_target_name=rwt, pwt_source_name=pwt, nwt_source_name=nwt
I1006 02:41:31.262980 2047873024 master_component.cc:976] MasterComponent: start regularizing model pwt
I1006 02:41:31.286765 27529216 processor.cc:740] No data in processing queue, waiting...
I1006 02:41:31.420838 2047873024 master_component.cc:1002] MasterComponent: complete regularizing model pwt
I1006 02:41:31.420859 2047873024 master_component.cc:1449] NormalizeModelArgs: pwt_target_name=pwt, nwt_source_name=nwt, rwt_source_name=rwt
I1006 02:41:31.420867 2047873024 master_component.cc:1006] MasterComponent: start normalizing model nwt
I1006 02:41:31.510124 2047873024 master_component.cc:1034] MasterComponent: complete normalizing model nwt
I1006 02:41:31.583788 2047873024 master_component.cc:1473] DisposeModel rwt
I1006 02:41:31.605826 2047873024 master_component.cc:1059] FitOffline: ItemsProcessed, num_items=1728, num_batches=2, token_weight=808522, token_weight_in_effect=808522
I1006 02:41:31.606073 2047873024 c_interface.cc:389] Pass FitOfflineMasterModelArgs, batch_filename_size=2, batch_weight_size=2, num_collection_passes=1, reset_nwt=yes to MN4artm4core15MasterComponentEFvRKNS_25FitOfflineMasterModelArgsEE
I1006 02:41:31.606088 2047873024 master_component.cc:1398] ProcessBatchesArgs: nwt_target_name=nwt, batch_filename_size=2, batch_size=0, batch_weight_size=2, pwt_source_name=pwt, num_document_passes=1, regularizer=(name:SmoothSparsePhi_bcg, tau:100000), regularizer=(name:SmoothSparsePhi_sbj, tau:-100000), class=(text:1), class=(author:1), reuse_theta=yes, opt_for_avx=yes, predict_class_id=, reset_nwt=yes
I1006 02:41:31.624377 26456064 processor.cc:747] Processing queue has data, processing started
I1006 02:41:31.624367 28602368 processor.cc:747] Processing queue has data, processing started
I1006 02:41:31.637915 28602368 processor.cc:820] Processor: start processing batch 89af3714-01fa-49bd-a0e4-9d8544657682 into model nwt
I1006 02:41:31.648707 26456064 processor.cc:820] Processor: start processing batch d196cba3-f633-43af-a3cb-5de44cb23262 into model nwt
I1006 02:41:31.795054 28602368 processor.cc:925] Processor: complete processing batch 89af3714-01fa-49bd-a0e4-9d8544657682 into model nwt
I1006 02:41:31.800112 28602368 cuckoo_watch.h:45] 175ms in ProcessBatch(lectures_batches/aaaaaa.batch) [including 13ms in LoadMessage; 7ms in InitializeSparseNdw; 0ms in FindReuseThetaCacheEntry; 8ms in InitializeTheta; 0ms in CreateRegularizerAgents; 84ms in InferThetaAndUpdateNwtSparse; 0ms in UpdateCacheEntry; 4ms in CalculateScore(sparsity_theta_score); 50ms in CalculateScore(^^^ItemsProcessedScore^^^); ]
I1006 02:41:31.822634 28602368 processor.cc:740] No data in processing queue, waiting...
I1006 02:41:31.966239 26456064 processor.cc:925] Processor: complete processing batch d196cba3-f633-43af-a3cb-5de44cb23262 into model nwt
I1006 02:41:31.973366 26456064 cuckoo_watch.h:45] 348ms in ProcessBatch(lectures_batches/aaaaab.batch) [including 24ms in LoadMessage; 19ms in InitializeSparseNdw; 0ms in FindReuseThetaCacheEntry; 3ms in InitializeTheta; 0ms in CreateRegularizerAgents; 179ms in InferThetaAndUpdateNwtSparse; 0ms in UpdateCacheEntry; 5ms in CalculateScore(sparsity_theta_score); 108ms in CalculateScore(^^^ItemsProcessedScore^^^); ]
I1006 02:41:31.974002 2047873024 master_component.cc:1436] RegularizeModelArgs: rwt_target_name=rwt, pwt_source_name=pwt, nwt_source_name=nwt
I1006 02:41:31.974041 2047873024 master_component.cc:976] MasterComponent: start regularizing model pwt
I1006 02:41:31.997469 26456064 processor.cc:740] No data in processing queue, waiting...
I1006 02:41:32.116695 2047873024 master_component.cc:1002] MasterComponent: complete regularizing model pwt
I1006 02:41:32.116716 2047873024 master_component.cc:1449] NormalizeModelArgs: pwt_target_name=pwt, nwt_source_name=nwt, rwt_source_name=rwt
I1006 02:41:32.116752 2047873024 master_component.cc:1006] MasterComponent: start normalizing model nwt
I1006 02:41:32.200274 2047873024 master_component.cc:1034] MasterComponent: complete normalizing model nwt
I1006 02:41:32.276527 2047873024 master_component.cc:1473] DisposeModel rwt
I1006 02:41:32.298869 2047873024 master_component.cc:1059] FitOffline: ItemsProcessed, num_items=1728, num_batches=2, token_weight=808522, token_weight_in_effect=808522
I1006 02:41:32.299134 2047873024 c_interface.cc:389] Pass FitOfflineMasterModelArgs, batch_filename_size=2, batch_weight_size=2, num_collection_passes=1, reset_nwt=yes to MN4artm4core15MasterComponentEFvRKNS_25FitOfflineMasterModelArgsEE
I1006 02:41:32.299150 2047873024 master_component.cc:1398] ProcessBatchesArgs: nwt_target_name=nwt, batch_filename_size=2, batch_size=0, batch_weight_size=2, pwt_source_name=pwt, num_document_passes=1, regularizer=(name:SmoothSparsePhi_bcg, tau:100000), regularizer=(name:SmoothSparsePhi_sbj, tau:-100000), class=(text:1), class=(author:1), reuse_theta=yes, opt_for_avx=yes, predict_class_id=, reset_nwt=yes
I1006 02:41:32.318509 26992640 processor.cc:747] Processing queue has data, processing started
I1006 02:41:32.318531 28065792 processor.cc:747] Processing queue has data, processing started
I1006 02:41:32.331600 26992640 processor.cc:820] Processor: start processing batch 89af3714-01fa-49bd-a0e4-9d8544657682 into model nwt
I1006 02:41:32.342716 28065792 processor.cc:820] Processor: start processing batch d196cba3-f633-43af-a3cb-5de44cb23262 into model nwt
I1006 02:41:32.495054 26992640 processor.cc:925] Processor: complete processing batch 89af3714-01fa-49bd-a0e4-9d8544657682 into model nwt
I1006 02:41:32.499536 26992640 cuckoo_watch.h:45] 180ms in ProcessBatch(lectures_batches/aaaaaa.batch) [including 13ms in LoadMessage; 8ms in InitializeSparseNdw; 0ms in FindReuseThetaCacheEntry; 8ms in InitializeTheta; 0ms in CreateRegularizerAgents; 91ms in InferThetaAndUpdateNwtSparse; 0ms in UpdateCacheEntry; 3ms in CalculateScore(sparsity_theta_score); 50ms in CalculateScore(^^^ItemsProcessedScore^^^); ]
I1006 02:41:32.522287 26992640 processor.cc:740] No data in processing queue, waiting...
I1006 02:41:32.673621 28065792 processor.cc:925] Processor: complete processing batch d196cba3-f633-43af-a3cb-5de44cb23262 into model nwt
I1006 02:41:32.680778 28065792 cuckoo_watch.h:45] 362ms in ProcessBatch(lectures_batches/aaaaab.batch) [including 24ms in LoadMessage; 20ms in InitializeSparseNdw; 0ms in FindReuseThetaCacheEntry; 4ms in InitializeTheta; 0ms in CreateRegularizerAgents; 188ms in InferThetaAndUpdateNwtSparse; 0ms in UpdateCacheEntry; 6ms in CalculateScore(sparsity_theta_score); 111ms in CalculateScore(^^^ItemsProcessedScore^^^); ]
I1006 02:41:32.680889 2047873024 master_component.cc:1436] RegularizeModelArgs: rwt_target_name=rwt, pwt_source_name=pwt, nwt_source_name=nwt
I1006 02:41:32.680920 2047873024 master_component.cc:976] MasterComponent: start regularizing model pwt
I1006 02:41:32.705329 28065792 processor.cc:740] No data in processing queue, waiting...
I1006 02:41:32.818446 2047873024 master_component.cc:1002] MasterComponent: complete regularizing model pwt
I1006 02:41:32.818466 2047873024 master_component.cc:1449] NormalizeModelArgs: pwt_target_name=pwt, nwt_source_name=nwt, rwt_source_name=rwt
I1006 02:41:32.818472 2047873024 master_component.cc:1006] MasterComponent: start normalizing model nwt
I1006 02:41:32.892755 2047873024 master_component.cc:1034] MasterComponent: complete normalizing model nwt
I1006 02:41:32.948642 2047873024 master_component.cc:1473] DisposeModel rwt
I1006 02:41:32.969452 2047873024 master_component.cc:1059] FitOffline: ItemsProcessed, num_items=1728, num_batches=2, token_weight=808522, token_weight_in_effect=808522
I1006 02:41:32.969750 2047873024 c_interface.cc:389] Pass FitOfflineMasterModelArgs, batch_filename_size=2, batch_weight_size=2, num_collection_passes=1, reset_nwt=yes to MN4artm4core15MasterComponentEFvRKNS_25FitOfflineMasterModelArgsEE
I1006 02:41:32.969769 2047873024 master_component.cc:1398] ProcessBatchesArgs: nwt_target_name=nwt, batch_filename_size=2, batch_size=0, batch_weight_size=2, pwt_source_name=pwt, num_document_passes=1, regularizer=(name:SmoothSparsePhi_bcg, tau:100000), regularizer=(name:SmoothSparsePhi_sbj, tau:-100000), class=(text:1), class=(author:1), reuse_theta=yes, opt_for_avx=yes, predict_class_id=, reset_nwt=yes
I1006 02:41:32.989347 27529216 processor.cc:747] Processing queue has data, processing started
I1006 02:41:32.989375 29138944 processor.cc:747] Processing queue has data, processing started
I1006 02:41:33.003197 27529216 processor.cc:820] Processor: start processing batch 89af3714-01fa-49bd-a0e4-9d8544657682 into model nwt
I1006 02:41:33.014644 29138944 processor.cc:820] Processor: start processing batch d196cba3-f633-43af-a3cb-5de44cb23262 into model nwt
I1006 02:41:33.154284 27529216 processor.cc:925] Processor: complete processing batch 89af3714-01fa-49bd-a0e4-9d8544657682 into model nwt
I1006 02:41:33.159392 27529216 cuckoo_watch.h:45] 170ms in ProcessBatch(lectures_batches/aaaaaa.batch) [including 13ms in LoadMessage; 8ms in InitializeSparseNdw; 0ms in FindReuseThetaCacheEntry; 7ms in InitializeTheta; 0ms in CreateRegularizerAgents; 83ms in InferThetaAndUpdateNwtSparse; 0ms in UpdateCacheEntry; 3ms in CalculateScore(sparsity_theta_score); 47ms in CalculateScore(^^^ItemsProcessedScore^^^); ]
I1006 02:41:33.181182 27529216 processor.cc:740] No data in processing queue, waiting...
I1006 02:41:33.319926 29138944 processor.cc:925] Processor: complete processing batch d196cba3-f633-43af-a3cb-5de44cb23262 into model nwt
I1006 02:41:33.327432 29138944 cuckoo_watch.h:45] 338ms in ProcessBatch(lectures_batches/aaaaab.batch) [including 25ms in LoadMessage; 18ms in InitializeSparseNdw; 0ms in FindReuseThetaCacheEntry; 3ms in InitializeTheta; 0ms in CreateRegularizerAgents; 176ms in InferThetaAndUpdateNwtSparse; 0ms in UpdateCacheEntry; 5ms in CalculateScore(sparsity_theta_score); 101ms in CalculateScore(^^^ItemsProcessedScore^^^); ]
I1006 02:41:33.327746 2047873024 master_component.cc:1436] RegularizeModelArgs: rwt_target_name=rwt, pwt_source_name=pwt, nwt_source_name=nwt
I1006 02:41:33.327788 2047873024 master_component.cc:976] MasterComponent: start regularizing model pwt
I1006 02:41:33.351907 29138944 processor.cc:740] No data in processing queue, waiting...
I1006 02:41:33.481351 2047873024 master_component.cc:1002] MasterComponent: complete regularizing model pwt
I1006 02:41:33.481371 2047873024 master_component.cc:1449] NormalizeModelArgs: pwt_target_name=pwt, nwt_source_name=nwt, rwt_source_name=rwt
I1006 02:41:33.481379 2047873024 master_component.cc:1006] MasterComponent: start normalizing model nwt
I1006 02:41:33.554286 2047873024 master_component.cc:1034] MasterComponent: complete normalizing model nwt
I1006 02:41:33.610868 2047873024 master_component.cc:1473] DisposeModel rwt
I1006 02:41:33.629863 2047873024 master_component.cc:1059] FitOffline: ItemsProcessed, num_items=1728, num_batches=2, token_weight=808522, token_weight_in_effect=808522
I1006 02:41:33.630100 2047873024 c_interface.cc:389] Pass FitOfflineMasterModelArgs, batch_filename_size=2, batch_weight_size=2, num_collection_passes=1, reset_nwt=yes to MN4artm4core15MasterComponentEFvRKNS_25FitOfflineMasterModelArgsEE
I1006 02:41:33.630115 2047873024 master_component.cc:1398] ProcessBatchesArgs: nwt_target_name=nwt, batch_filename_size=2, batch_size=0, batch_weight_size=2, pwt_source_name=pwt, num_document_passes=1, regularizer=(name:SmoothSparsePhi_bcg, tau:100000), regularizer=(name:SmoothSparsePhi_sbj, tau:-100000), class=(text:1), class=(author:1), reuse_theta=yes, opt_for_avx=yes, predict_class_id=, reset_nwt=yes
I1006 02:41:33.647330 25919488 processor.cc:747] Processing queue has data, processing started
I1006 02:41:33.647330 26992640 processor.cc:747] Processing queue has data, processing started
I1006 02:41:33.660281 25919488 processor.cc:820] Processor: start processing batch 89af3714-01fa-49bd-a0e4-9d8544657682 into model nwt
I1006 02:41:33.671851 26992640 processor.cc:820] Processor: start processing batch d196cba3-f633-43af-a3cb-5de44cb23262 into model nwt
I1006 02:41:33.810585 25919488 processor.cc:925] Processor: complete processing batch 89af3714-01fa-49bd-a0e4-9d8544657682 into model nwt
I1006 02:41:33.814404 25919488 cuckoo_watch.h:45] 166ms in ProcessBatch(lectures_batches/aaaaaa.batch) [including 12ms in LoadMessage; 8ms in InitializeSparseNdw; 0ms in FindReuseThetaCacheEntry; 8ms in InitializeTheta; 0ms in CreateRegularizerAgents; 85ms in InferThetaAndUpdateNwtSparse; 0ms in UpdateCacheEntry; 3ms in CalculateScore(sparsity_theta_score); 44ms in CalculateScore(^^^ItemsProcessedScore^^^); ]
I1006 02:41:33.837370 25919488 processor.cc:740] No data in processing queue, waiting...
I1006 02:41:33.990363 26992640 processor.cc:925] Processor: complete processing batch d196cba3-f633-43af-a3cb-5de44cb23262 into model nwt
I1006 02:41:33.999028 26992640 cuckoo_watch.h:45] 351ms in ProcessBatch(lectures_batches/aaaaab.batch) [including 24ms in LoadMessage; 21ms in InitializeSparseNdw; 0ms in FindReuseThetaCacheEntry; 3ms in InitializeTheta; 0ms in CreateRegularizerAgents; 170ms in InferThetaAndUpdateNwtSparse; 0ms in UpdateCacheEntry; 5ms in CalculateScore(sparsity_theta_score); 116ms in CalculateScore(^^^ItemsProcessedScore^^^); ]
I1006 02:41:33.999855 2047873024 master_component.cc:1436] RegularizeModelArgs: rwt_target_name=rwt, pwt_source_name=pwt, nwt_source_name=nwt
I1006 02:41:33.999927 2047873024 master_component.cc:976] MasterComponent: start regularizing model pwt
I1006 02:41:34.023272 26992640 processor.cc:740] No data in processing queue, waiting...
I1006 02:41:34.144021 2047873024 master_component.cc:1002] MasterComponent: complete regularizing model pwt
I1006 02:41:34.144039 2047873024 master_component.cc:1449] NormalizeModelArgs: pwt_target_name=pwt, nwt_source_name=nwt, rwt_source_name=rwt
I1006 02:41:34.144047 2047873024 master_component.cc:1006] MasterComponent: start normalizing model nwt
I1006 02:41:34.218946 2047873024 master_component.cc:1034] MasterComponent: complete normalizing model nwt
I1006 02:41:34.276394 2047873024 master_component.cc:1473] DisposeModel rwt
I1006 02:41:34.294523 2047873024 master_component.cc:1059] FitOffline: ItemsProcessed, num_items=1728, num_batches=2, token_weight=808522, token_weight_in_effect=808522
I1006 02:41:34.294780 2047873024 c_interface.cc:389] Pass FitOfflineMasterModelArgs, batch_filename_size=2, batch_weight_size=2, num_collection_passes=1, reset_nwt=yes to MN4artm4core15MasterComponentEFvRKNS_25FitOfflineMasterModelArgsEE
I1006 02:41:34.294795 2047873024 master_component.cc:1398] ProcessBatchesArgs: nwt_target_name=nwt, batch_filename_size=2, batch_size=0, batch_weight_size=2, pwt_source_name=pwt, num_document_passes=1, regularizer=(name:SmoothSparsePhi_bcg, tau:100000), regularizer=(name:SmoothSparsePhi_sbj, tau:-100000), class=(text:1), class=(author:1), reuse_theta=yes, opt_for_avx=yes, predict_class_id=, reset_nwt=yes
I1006 02:41:34.313385 26456064 processor.cc:747] Processing queue has data, processing started
I1006 02:41:34.313385 29675520 processor.cc:747] Processing queue has data, processing started
I1006 02:41:34.327181 26456064 processor.cc:820] Processor: start processing batch 89af3714-01fa-49bd-a0e4-9d8544657682 into model nwt
I1006 02:41:34.337409 29675520 processor.cc:820] Processor: start processing batch d196cba3-f633-43af-a3cb-5de44cb23262 into model nwt
I1006 02:41:34.473104 26456064 processor.cc:925] Processor: complete processing batch 89af3714-01fa-49bd-a0e4-9d8544657682 into model nwt
I1006 02:41:34.477334 26456064 cuckoo_watch.h:45] 163ms in ProcessBatch(lectures_batches/aaaaaa.batch) [including 13ms in LoadMessage; 7ms in InitializeSparseNdw; 0ms in FindReuseThetaCacheEntry; 7ms in InitializeTheta; 0ms in CreateRegularizerAgents; 80ms in InferThetaAndUpdateNwtSparse; 0ms in UpdateCacheEntry; 3ms in CalculateScore(sparsity_theta_score); 45ms in CalculateScore(^^^ItemsProcessedScore^^^); ]
I1006 02:41:34.499963 26456064 processor.cc:740] No data in processing queue, waiting...
I1006 02:41:34.626993 29675520 processor.cc:925] Processor: complete processing batch d196cba3-f633-43af-a3cb-5de44cb23262 into model nwt
I1006 02:41:34.633528 29675520 cuckoo_watch.h:45] 320ms in ProcessBatch(lectures_batches/aaaaab.batch) [including 23ms in LoadMessage; 18ms in InitializeSparseNdw; 0ms in FindReuseThetaCacheEntry; 3ms in InitializeTheta; 0ms in CreateRegularizerAgents; 169ms in InferThetaAndUpdateNwtSparse; 0ms in UpdateCacheEntry; 5ms in CalculateScore(sparsity_theta_score); 93ms in CalculateScore(^^^ItemsProcessedScore^^^); ]
I1006 02:41:34.634219 2047873024 master_component.cc:1436] RegularizeModelArgs: rwt_target_name=rwt, pwt_source_name=pwt, nwt_source_name=nwt
I1006 02:41:34.634279 2047873024 master_component.cc:976] MasterComponent: start regularizing model pwt
I1006 02:41:34.657812 29675520 processor.cc:740] No data in processing queue, waiting...
I1006 02:41:34.775458 2047873024 master_component.cc:1002] MasterComponent: complete regularizing model pwt
I1006 02:41:34.775478 2047873024 master_component.cc:1449] NormalizeModelArgs: pwt_target_name=pwt, nwt_source_name=nwt, rwt_source_name=rwt
I1006 02:41:34.775485 2047873024 master_component.cc:1006] MasterComponent: start normalizing model nwt
I1006 02:41:34.847872 2047873024 master_component.cc:1034] MasterComponent: complete normalizing model nwt
I1006 02:41:34.906114 2047873024 master_component.cc:1473] DisposeModel rwt
I1006 02:41:34.926124 2047873024 master_component.cc:1059] FitOffline: ItemsProcessed, num_items=1728, num_batches=2, token_weight=808522, token_weight_in_effect=808522
I1006 02:41:34.926391 2047873024 c_interface.cc:389] Pass FitOfflineMasterModelArgs, batch_filename_size=2, batch_weight_size=2, num_collection_passes=1, reset_nwt=yes to MN4artm4core15MasterComponentEFvRKNS_25FitOfflineMasterModelArgsEE
I1006 02:41:34.926405 2047873024 master_component.cc:1398] ProcessBatchesArgs: nwt_target_name=nwt, batch_filename_size=2, batch_size=0, batch_weight_size=2, pwt_source_name=pwt, num_document_passes=1, regularizer=(name:SmoothSparsePhi_bcg, tau:100000), regularizer=(name:SmoothSparsePhi_sbj, tau:-100000), class=(text:1), class=(author:1), reuse_theta=yes, opt_for_avx=yes, predict_class_id=, reset_nwt=yes
I1006 02:41:34.944519 26992640 processor.cc:747] Processing queue has data, processing started
I1006 02:41:34.944521 28065792 processor.cc:747] Processing queue has data, processing started
I1006 02:41:34.957696 26992640 processor.cc:820] Processor: start processing batch 89af3714-01fa-49bd-a0e4-9d8544657682 into model nwt
I1006 02:41:34.969063 28065792 processor.cc:820] Processor: start processing batch d196cba3-f633-43af-a3cb-5de44cb23262 into model nwt
I1006 02:41:35.113324 26992640 processor.cc:925] Processor: complete processing batch 89af3714-01fa-49bd-a0e4-9d8544657682 into model nwt
I1006 02:41:35.118307 26992640 cuckoo_watch.h:45] 173ms in ProcessBatch(lectures_batches/aaaaaa.batch) [including 13ms in LoadMessage; 7ms in InitializeSparseNdw; 0ms in FindReuseThetaCacheEntry; 9ms in InitializeTheta; 0ms in CreateRegularizerAgents; 88ms in InferThetaAndUpdateNwtSparse; 0ms in UpdateCacheEntry; 3ms in CalculateScore(sparsity_theta_score); 46ms in CalculateScore(^^^ItemsProcessedScore^^^); ]
I1006 02:41:35.140797 26992640 processor.cc:740] No data in processing queue, waiting...
I1006 02:41:35.283876 28065792 processor.cc:925] Processor: complete processing batch d196cba3-f633-43af-a3cb-5de44cb23262 into model nwt
I1006 02:41:35.291258 28065792 cuckoo_watch.h:45] 346ms in ProcessBatch(lectures_batches/aaaaab.batch) [including 24ms in LoadMessage; 19ms in InitializeSparseNdw; 0ms in FindReuseThetaCacheEntry; 3ms in InitializeTheta; 0ms in CreateRegularizerAgents; 178ms in InferThetaAndUpdateNwtSparse; 0ms in UpdateCacheEntry; 5ms in CalculateScore(sparsity_theta_score); 106ms in CalculateScore(^^^ItemsProcessedScore^^^); ]
I1006 02:41:35.291611 2047873024 master_component.cc:1436] RegularizeModelArgs: rwt_target_name=rwt, pwt_source_name=pwt, nwt_source_name=nwt
I1006 02:41:35.291654 2047873024 master_component.cc:976] MasterComponent: start regularizing model pwt
I1006 02:41:35.315268 28065792 processor.cc:740] No data in processing queue, waiting...
I1006 02:41:35.434048 2047873024 master_component.cc:1002] MasterComponent: complete regularizing model pwt
I1006 02:41:35.434069 2047873024 master_component.cc:1449] NormalizeModelArgs: pwt_target_name=pwt, nwt_source_name=nwt, rwt_source_name=rwt
I1006 02:41:35.434077 2047873024 master_component.cc:1006] MasterComponent: start normalizing model nwt
I1006 02:41:35.513566 2047873024 master_component.cc:1034] MasterComponent: complete normalizing model nwt
I1006 02:41:35.570483 2047873024 master_component.cc:1473] DisposeModel rwt
I1006 02:41:35.591181 2047873024 master_component.cc:1059] FitOffline: ItemsProcessed, num_items=1728, num_batches=2, token_weight=808522, token_weight_in_effect=808522
I1006 02:41:35.591410 2047873024 c_interface.cc:389] Pass FitOfflineMasterModelArgs, batch_filename_size=2, batch_weight_size=2, num_collection_passes=1, reset_nwt=yes to MN4artm4core15MasterComponentEFvRKNS_25FitOfflineMasterModelArgsEE
I1006 02:41:35.591423 2047873024 master_component.cc:1398] ProcessBatchesArgs: nwt_target_name=nwt, batch_filename_size=2, batch_size=0, batch_weight_size=2, pwt_source_name=pwt, num_document_passes=1, regularizer=(name:SmoothSparsePhi_bcg, tau:100000), regularizer=(name:SmoothSparsePhi_sbj, tau:-100000), class=(text:1), class=(author:1), reuse_theta=yes, opt_for_avx=yes, predict_class_id=, reset_nwt=yes
I1006 02:41:35.608532 28602368 processor.cc:747] Processing queue has data, processing started
I1006 02:41:35.608553 26456064 processor.cc:747] Processing queue has data, processing started
I1006 02:41:35.622042 28602368 processor.cc:820] Processor: start processing batch 89af3714-01fa-49bd-a0e4-9d8544657682 into model nwt
I1006 02:41:35.631597 26456064 processor.cc:820] Processor: start processing batch d196cba3-f633-43af-a3cb-5de44cb23262 into model nwt
I1006 02:41:35.770799 28602368 processor.cc:925] Processor: complete processing batch 89af3714-01fa-49bd-a0e4-9d8544657682 into model nwt
I1006 02:41:35.775996 28602368 cuckoo_watch.h:45] 167ms in ProcessBatch(lectures_batches/aaaaaa.batch) [including 13ms in LoadMessage; 7ms in InitializeSparseNdw; 0ms in FindReuseThetaCacheEntry; 7ms in InitializeTheta; 0ms in CreateRegularizerAgents; 83ms in InferThetaAndUpdateNwtSparse; 0ms in UpdateCacheEntry; 3ms in CalculateScore(sparsity_theta_score); 45ms in CalculateScore(^^^ItemsProcessedScore^^^); ]
I1006 02:41:35.798715 28602368 processor.cc:740] No data in processing queue, waiting...
I1006 02:41:35.930052 26456064 processor.cc:925] Processor: complete processing batch d196cba3-f633-43af-a3cb-5de44cb23262 into model nwt
I1006 02:41:35.935969 26456064 cuckoo_watch.h:45] 327ms in ProcessBatch(lectures_batches/aaaaab.batch) [including 23ms in LoadMessage; 19ms in InitializeSparseNdw; 0ms in FindReuseThetaCacheEntry; 3ms in InitializeTheta; 0ms in CreateRegularizerAgents; 169ms in InferThetaAndUpdateNwtSparse; 0ms in UpdateCacheEntry; 5ms in CalculateScore(sparsity_theta_score); 99ms in CalculateScore(^^^ItemsProcessedScore^^^); ]
I1006 02:41:35.936794 2047873024 master_component.cc:1436] RegularizeModelArgs: rwt_target_name=rwt, pwt_source_name=pwt, nwt_source_name=nwt
I1006 02:41:35.936818 2047873024 master_component.cc:976] MasterComponent: start regularizing model pwt
I1006 02:41:35.958031 26456064 processor.cc:740] No data in processing queue, waiting...
I1006 02:41:36.094712 2047873024 master_component.cc:1002] MasterComponent: complete regularizing model pwt
I1006 02:41:36.094733 2047873024 master_component.cc:1449] NormalizeModelArgs: pwt_target_name=pwt, nwt_source_name=nwt, rwt_source_name=rwt
I1006 02:41:36.094740 2047873024 master_component.cc:1006] MasterComponent: start normalizing model nwt
I1006 02:41:36.179766 2047873024 master_component.cc:1034] MasterComponent: complete normalizing model nwt
I1006 02:41:36.249392 2047873024 master_component.cc:1473] DisposeModel rwt
I1006 02:41:36.269162 2047873024 master_component.cc:1059] FitOffline: ItemsProcessed, num_items=1728, num_batches=2, token_weight=808522, token_weight_in_effect=808522
I1006 02:41:36.269423 2047873024 c_interface.cc:389] Pass FitOfflineMasterModelArgs, batch_filename_size=2, batch_weight_size=2, num_collection_passes=1, reset_nwt=yes to MN4artm4core15MasterComponentEFvRKNS_25FitOfflineMasterModelArgsEE
I1006 02:41:36.269438 2047873024 master_component.cc:1398] ProcessBatchesArgs: nwt_target_name=nwt, batch_filename_size=2, batch_size=0, batch_weight_size=2, pwt_source_name=pwt, num_document_passes=1, regularizer=(name:SmoothSparsePhi_bcg, tau:100000), regularizer=(name:SmoothSparsePhi_sbj, tau:-100000), class=(text:1), class=(author:1), reuse_theta=yes, opt_for_avx=yes, predict_class_id=, reset_nwt=yes
I1006 02:41:36.287175 28065792 processor.cc:747] Processing queue has data, processing started
I1006 02:41:36.287186 29675520 processor.cc:747] Processing queue has data, processing started
I1006 02:41:36.300894 28065792 processor.cc:820] Processor: start processing batch 89af3714-01fa-49bd-a0e4-9d8544657682 into model nwt
I1006 02:41:36.310510 29675520 processor.cc:820] Processor: start processing batch d196cba3-f633-43af-a3cb-5de44cb23262 into model nwt
I1006 02:41:36.450820 28065792 processor.cc:925] Processor: complete processing batch 89af3714-01fa-49bd-a0e4-9d8544657682 into model nwt
I1006 02:41:36.455516 28065792 cuckoo_watch.h:45] 168ms in ProcessBatch(lectures_batches/aaaaaa.batch) [including 13ms in LoadMessage; 7ms in InitializeSparseNdw; 0ms in FindReuseThetaCacheEntry; 8ms in InitializeTheta; 0ms in CreateRegularizerAgents; 83ms in InferThetaAndUpdateNwtSparse; 0ms in UpdateCacheEntry; 3ms in CalculateScore(sparsity_theta_score); 46ms in CalculateScore(^^^ItemsProcessedScore^^^); ]
I1006 02:41:36.477588 28065792 processor.cc:740] No data in processing queue, waiting...
I1006 02:41:36.612205 29675520 processor.cc:925] Processor: complete processing batch d196cba3-f633-43af-a3cb-5de44cb23262 into model nwt
I1006 02:41:36.618774 29675520 cuckoo_watch.h:45] 331ms in ProcessBatch(lectures_batches/aaaaab.batch) [including 23ms in LoadMessage; 19ms in InitializeSparseNdw; 0ms in FindReuseThetaCacheEntry; 3ms in InitializeTheta; 0ms in CreateRegularizerAgents; 169ms in InferThetaAndUpdateNwtSparse; 0ms in UpdateCacheEntry; 5ms in CalculateScore(sparsity_theta_score); 104ms in CalculateScore(^^^ItemsProcessedScore^^^); ]
I1006 02:41:36.619603 2047873024 master_component.cc:1436] RegularizeModelArgs: rwt_target_name=rwt, pwt_source_name=pwt, nwt_source_name=nwt
I1006 02:41:36.619662 2047873024 master_component.cc:976] MasterComponent: start regularizing model pwt
I1006 02:41:36.642805 29675520 processor.cc:740] No data in processing queue, waiting...
I1006 02:41:36.780510 2047873024 master_component.cc:1002] MasterComponent: complete regularizing model pwt
I1006 02:41:36.780530 2047873024 master_component.cc:1449] NormalizeModelArgs: pwt_target_name=pwt, nwt_source_name=nwt, rwt_source_name=rwt
I1006 02:41:36.780537 2047873024 master_component.cc:1006] MasterComponent: start normalizing model nwt
I1006 02:41:36.857683 2047873024 master_component.cc:1034] MasterComponent: complete normalizing model nwt
I1006 02:41:36.928843 2047873024 master_component.cc:1473] DisposeModel rwt
I1006 02:41:36.949801 2047873024 master_component.cc:1059] FitOffline: ItemsProcessed, num_items=1728, num_batches=2, token_weight=808522, token_weight_in_effect=808522
I1006 02:41:36.950047 2047873024 c_interface.cc:389] Pass FitOfflineMasterModelArgs, batch_filename_size=2, batch_weight_size=2, num_collection_passes=1, reset_nwt=yes to MN4artm4core15MasterComponentEFvRKNS_25FitOfflineMasterModelArgsEE
I1006 02:41:36.950062 2047873024 master_component.cc:1398] ProcessBatchesArgs: nwt_target_name=nwt, batch_filename_size=2, batch_size=0, batch_weight_size=2, pwt_source_name=pwt, num_document_passes=1, regularizer=(name:SmoothSparsePhi_bcg, tau:100000), regularizer=(name:SmoothSparsePhi_sbj, tau:-100000), class=(text:1), class=(author:1), reuse_theta=yes, opt_for_avx=yes, predict_class_id=, reset_nwt=yes
I1006 02:41:36.969189 26456064 processor.cc:747] Processing queue has data, processing started
I1006 02:41:36.969220 27529216 processor.cc:747] Processing queue has data, processing started
I1006 02:41:36.982808 26456064 processor.cc:820] Processor: start processing batch 89af3714-01fa-49bd-a0e4-9d8544657682 into model nwt
I1006 02:41:36.993407 27529216 processor.cc:820] Processor: start processing batch d196cba3-f633-43af-a3cb-5de44cb23262 into model nwt
I1006 02:41:37.145366 26456064 processor.cc:925] Processor: complete processing batch 89af3714-01fa-49bd-a0e4-9d8544657682 into model nwt
I1006 02:41:37.150683 26456064 cuckoo_watch.h:45] 181ms in ProcessBatch(lectures_batches/aaaaaa.batch) [including 13ms in LoadMessage; 8ms in InitializeSparseNdw; 0ms in FindReuseThetaCacheEntry; 8ms in InitializeTheta; 0ms in CreateRegularizerAgents; 91ms in InferThetaAndUpdateNwtSparse; 0ms in UpdateCacheEntry; 3ms in CalculateScore(sparsity_theta_score); 50ms in CalculateScore(^^^ItemsProcessedScore^^^); ]
I1006 02:41:37.173899 26456064 processor.cc:740] No data in processing queue, waiting...
I1006 02:41:37.309104 27529216 processor.cc:925] Processor: complete processing batch d196cba3-f633-43af-a3cb-5de44cb23262 into model nwt
I1006 02:41:37.315290 27529216 cuckoo_watch.h:45] 345ms in ProcessBatch(lectures_batches/aaaaab.batch) [including 24ms in LoadMessage; 20ms in InitializeSparseNdw; 0ms in FindReuseThetaCacheEntry; 3ms in InitializeTheta; 0ms in CreateRegularizerAgents; 181ms in InferThetaAndUpdateNwtSparse; 0ms in UpdateCacheEntry; 5ms in CalculateScore(sparsity_theta_score); 104ms in CalculateScore(^^^ItemsProcessedScore^^^); ]
I1006 02:41:37.315979 2047873024 master_component.cc:1436] RegularizeModelArgs: rwt_target_name=rwt, pwt_source_name=pwt, nwt_source_name=nwt
I1006 02:41:37.316033 2047873024 master_component.cc:976] MasterComponent: start regularizing model pwt
I1006 02:41:37.339215 27529216 processor.cc:740] No data in processing queue, waiting...
I1006 02:41:37.467558 2047873024 master_component.cc:1002] MasterComponent: complete regularizing model pwt
I1006 02:41:37.467579 2047873024 master_component.cc:1449] NormalizeModelArgs: pwt_target_name=pwt, nwt_source_name=nwt, rwt_source_name=rwt
I1006 02:41:37.467587 2047873024 master_component.cc:1006] MasterComponent: start normalizing model nwt
I1006 02:41:37.551503 2047873024 master_component.cc:1034] MasterComponent: complete normalizing model nwt
I1006 02:41:37.627104 2047873024 master_component.cc:1473] DisposeModel rwt
I1006 02:41:37.646756 2047873024 master_component.cc:1059] FitOffline: ItemsProcessed, num_items=1728, num_batches=2, token_weight=808522, token_weight_in_effect=808522
I1006 02:41:37.646997 2047873024 c_interface.cc:389] Pass FitOfflineMasterModelArgs, batch_filename_size=2, batch_weight_size=2, num_collection_passes=1, reset_nwt=yes to MN4artm4core15MasterComponentEFvRKNS_25FitOfflineMasterModelArgsEE
I1006 02:41:37.647013 2047873024 master_component.cc:1398] ProcessBatchesArgs: nwt_target_name=nwt, batch_filename_size=2, batch_size=0, batch_weight_size=2, pwt_source_name=pwt, num_document_passes=1, regularizer=(name:SmoothSparsePhi_bcg, tau:100000), regularizer=(name:SmoothSparsePhi_sbj, tau:-100000), class=(text:1), class=(author:1), reuse_theta=yes, opt_for_avx=yes, predict_class_id=, reset_nwt=yes
I1006 02:41:37.664820 28065792 processor.cc:747] Processing queue has data, processing started
I1006 02:41:37.664809 29675520 processor.cc:747] Processing queue has data, processing started
I1006 02:41:37.678025 29675520 processor.cc:820] Processor: start processing batch 89af3714-01fa-49bd-a0e4-9d8544657682 into model nwt
I1006 02:41:37.687963 28065792 processor.cc:820] Processor: start processing batch d196cba3-f633-43af-a3cb-5de44cb23262 into model nwt
I1006 02:41:37.829103 29675520 processor.cc:925] Processor: complete processing batch 89af3714-01fa-49bd-a0e4-9d8544657682 into model nwt
I1006 02:41:37.833700 29675520 cuckoo_watch.h:45] 168ms in ProcessBatch(lectures_batches/aaaaaa.batch) [including 13ms in LoadMessage; 7ms in InitializeSparseNdw; 0ms in FindReuseThetaCacheEntry; 7ms in InitializeTheta; 0ms in CreateRegularizerAgents; 82ms in InferThetaAndUpdateNwtSparse; 0ms in UpdateCacheEntry; 4ms in CalculateScore(sparsity_theta_score); 48ms in CalculateScore(^^^ItemsProcessedScore^^^); ]
I1006 02:41:37.856642 29675520 processor.cc:740] No data in processing queue, waiting...
I1006 02:41:38.000504 28065792 processor.cc:925] Processor: complete processing batch d196cba3-f633-43af-a3cb-5de44cb23262 into model nwt
I1006 02:41:38.006963 28065792 cuckoo_watch.h:45] 342ms in ProcessBatch(lectures_batches/aaaaab.batch) [including 23ms in LoadMessage; 18ms in InitializeSparseNdw; 0ms in FindReuseThetaCacheEntry; 3ms in InitializeTheta; 0ms in CreateRegularizerAgents; 174ms in InferThetaAndUpdateNwtSparse; 0ms in UpdateCacheEntry; 5ms in CalculateScore(sparsity_theta_score); 109ms in CalculateScore(^^^ItemsProcessedScore^^^); ]
I1006 02:41:38.007319 2047873024 master_component.cc:1436] RegularizeModelArgs: rwt_target_name=rwt, pwt_source_name=pwt, nwt_source_name=nwt
I1006 02:41:38.007362 2047873024 master_component.cc:976] MasterComponent: start regularizing model pwt
I1006 02:41:38.031510 28065792 processor.cc:740] No data in processing queue, waiting...
I1006 02:41:38.162295 2047873024 master_component.cc:1002] MasterComponent: complete regularizing model pwt
I1006 02:41:38.162315 2047873024 master_component.cc:1449] NormalizeModelArgs: pwt_target_name=pwt, nwt_source_name=nwt, rwt_source_name=rwt
I1006 02:41:38.162322 2047873024 master_component.cc:1006] MasterComponent: start normalizing model nwt
I1006 02:41:38.236881 2047873024 master_component.cc:1034] MasterComponent: complete normalizing model nwt
I1006 02:41:38.293799 2047873024 master_component.cc:1473] DisposeModel rwt
I1006 02:41:38.313410 2047873024 master_component.cc:1059] FitOffline: ItemsProcessed, num_items=1728, num_batches=2, token_weight=808522, token_weight_in_effect=808522
I1006 02:41:38.313652 2047873024 c_interface.cc:389] Pass FitOfflineMasterModelArgs, batch_filename_size=2, batch_weight_size=2, num_collection_passes=1, reset_nwt=yes to MN4artm4core15MasterComponentEFvRKNS_25FitOfflineMasterModelArgsEE
