I1005 21:06:03.640561 2047873024 master_component.cc:1436] RegularizeModelArgs: rwt_target_name=rwt, pwt_source_name=pwt, nwt_source_name=nwt
I1005 21:06:03.640614 2047873024 master_component.cc:976] MasterComponent: start regularizing model pwt
I1005 21:06:03.664108 26456064 processor.cc:740] No data in processing queue, waiting...
I1005 21:06:03.752740 2047873024 master_component.cc:1002] MasterComponent: complete regularizing model pwt
I1005 21:06:03.752761 2047873024 master_component.cc:1449] NormalizeModelArgs: pwt_target_name=pwt, nwt_source_name=nwt, rwt_source_name=rwt
I1005 21:06:03.752769 2047873024 master_component.cc:1006] MasterComponent: start normalizing model nwt
I1005 21:06:03.844413 2047873024 master_component.cc:1034] MasterComponent: complete normalizing model nwt
I1005 21:06:03.934892 2047873024 master_component.cc:1473] DisposeModel rwt
I1005 21:06:03.953387 2047873024 master_component.cc:1059] FitOffline: ItemsProcessed, num_items=1728, num_batches=2, token_weight=808522, token_weight_in_effect=808522
I1005 21:06:03.953775 2047873024 c_interface.cc:389] Pass FitOfflineMasterModelArgs, batch_filename_size=2, batch_weight_size=2, num_collection_passes=1, reset_nwt=yes to MN4artm4core15MasterComponentEFvRKNS_25FitOfflineMasterModelArgsEE
I1005 21:06:03.953804 2047873024 master_component.cc:1398] ProcessBatchesArgs: nwt_target_name=nwt, batch_filename_size=2, batch_size=0, batch_weight_size=2, pwt_source_name=pwt, num_document_passes=1, regularizer=(name:SmoothSparsePhi_bcg, tau:10000), class=(author:1), class=(text:1), reuse_theta=yes, opt_for_avx=yes, predict_class_id=, reset_nwt=yes
I1005 21:06:03.976814 27529216 processor.cc:747] Processing queue has data, processing started
I1005 21:06:03.976866 24309760 processor.cc:747] Processing queue has data, processing started
I1005 21:06:03.991274 27529216 processor.cc:820] Processor: start processing batch 971465db-d459-45dc-ab7c-30c5e49ec8d0 into model nwt
I1005 21:06:04.002893 24309760 processor.cc:820] Processor: start processing batch 12d9ebe3-8112-491c-95b2-8a8eddac7cb4 into model nwt
I1005 21:06:04.158972 27529216 processor.cc:925] Processor: complete processing batch 971465db-d459-45dc-ab7c-30c5e49ec8d0 into model nwt
I1005 21:06:04.163185 27529216 cuckoo_watch.h:45] 186ms in ProcessBatch(lectures_batches/aaaaaa.batch) [including 14ms in LoadMessage; 9ms in InitializeSparseNdw; 0ms in FindReuseThetaCacheEntry; 8ms in InitializeTheta; 0ms in CreateRegularizerAgents; 93ms in InferThetaAndUpdateNwtSparse; 0ms in UpdateCacheEntry; 4ms in CalculateScore(sparsity_theta_score); 50ms in CalculateScore(^^^ItemsProcessedScore^^^); ]
I1005 21:06:04.185134 27529216 processor.cc:740] No data in processing queue, waiting...
I1005 21:06:04.316534 24309760 processor.cc:925] Processor: complete processing batch 12d9ebe3-8112-491c-95b2-8a8eddac7cb4 into model nwt
I1005 21:06:04.323915 24309760 cuckoo_watch.h:45] 346ms in ProcessBatch(lectures_batches/aaaaab.batch) [including 25ms in LoadMessage; 21ms in InitializeSparseNdw; 0ms in FindReuseThetaCacheEntry; 4ms in InitializeTheta; 0ms in CreateRegularizerAgents; 178ms in InferThetaAndUpdateNwtSparse; 0ms in UpdateCacheEntry; 6ms in CalculateScore(sparsity_theta_score); 102ms in CalculateScore(^^^ItemsProcessedScore^^^); ]
I1005 21:06:04.324442 2047873024 master_component.cc:1436] RegularizeModelArgs: rwt_target_name=rwt, pwt_source_name=pwt, nwt_source_name=nwt
I1005 21:06:04.324472 2047873024 master_component.cc:976] MasterComponent: start regularizing model pwt
I1005 21:06:04.348047 24309760 processor.cc:740] No data in processing queue, waiting...
I1005 21:06:04.435885 2047873024 master_component.cc:1002] MasterComponent: complete regularizing model pwt
I1005 21:06:04.435904 2047873024 master_component.cc:1449] NormalizeModelArgs: pwt_target_name=pwt, nwt_source_name=nwt, rwt_source_name=rwt
I1005 21:06:04.435910 2047873024 master_component.cc:1006] MasterComponent: start normalizing model nwt
I1005 21:06:04.521520 2047873024 master_component.cc:1034] MasterComponent: complete normalizing model nwt
I1005 21:06:04.606595 2047873024 master_component.cc:1473] DisposeModel rwt
I1005 21:06:04.623461 2047873024 master_component.cc:1059] FitOffline: ItemsProcessed, num_items=1728, num_batches=2, token_weight=808522, token_weight_in_effect=808522
I1005 21:06:04.623714 2047873024 c_interface.cc:389] Pass FitOfflineMasterModelArgs, batch_filename_size=2, batch_weight_size=2, num_collection_passes=1, reset_nwt=yes to MN4artm4core15MasterComponentEFvRKNS_25FitOfflineMasterModelArgsEE
I1005 21:06:04.623728 2047873024 master_component.cc:1398] ProcessBatchesArgs: nwt_target_name=nwt, batch_filename_size=2, batch_size=0, batch_weight_size=2, pwt_source_name=pwt, num_document_passes=1, regularizer=(name:SmoothSparsePhi_bcg, tau:10000), class=(author:1), class=(text:1), reuse_theta=yes, opt_for_avx=yes, predict_class_id=, reset_nwt=yes
I1005 21:06:04.643026 25919488 processor.cc:747] Processing queue has data, processing started
I1005 21:06:04.643088 25382912 processor.cc:747] Processing queue has data, processing started
I1005 21:06:04.657438 25919488 processor.cc:820] Processor: start processing batch 971465db-d459-45dc-ab7c-30c5e49ec8d0 into model nwt
I1005 21:06:04.667734 25382912 processor.cc:820] Processor: start processing batch 12d9ebe3-8112-491c-95b2-8a8eddac7cb4 into model nwt
I1005 21:06:04.829808 25919488 processor.cc:925] Processor: complete processing batch 971465db-d459-45dc-ab7c-30c5e49ec8d0 into model nwt
I1005 21:06:04.834513 25919488 cuckoo_watch.h:45] 191ms in ProcessBatch(lectures_batches/aaaaaa.batch) [including 14ms in LoadMessage; 8ms in InitializeSparseNdw; 0ms in FindReuseThetaCacheEntry; 7ms in InitializeTheta; 0ms in CreateRegularizerAgents; 97ms in InferThetaAndUpdateNwtSparse; 0ms in UpdateCacheEntry; 4ms in CalculateScore(sparsity_theta_score); 53ms in CalculateScore(^^^ItemsProcessedScore^^^); ]
I1005 21:06:04.857978 25919488 processor.cc:740] No data in processing queue, waiting...
I1005 21:06:04.994029 25382912 processor.cc:925] Processor: complete processing batch 12d9ebe3-8112-491c-95b2-8a8eddac7cb4 into model nwt
I1005 21:06:05.000463 25382912 cuckoo_watch.h:45] 357ms in ProcessBatch(lectures_batches/aaaaab.batch) [including 24ms in LoadMessage; 18ms in InitializeSparseNdw; 0ms in FindReuseThetaCacheEntry; 4ms in InitializeTheta; 0ms in CreateRegularizerAgents; 184ms in InferThetaAndUpdateNwtSparse; 0ms in UpdateCacheEntry; 6ms in CalculateScore(sparsity_theta_score); 111ms in CalculateScore(^^^ItemsProcessedScore^^^); ]
I1005 21:06:05.001190 2047873024 master_component.cc:1436] RegularizeModelArgs: rwt_target_name=rwt, pwt_source_name=pwt, nwt_source_name=nwt
I1005 21:06:05.001243 2047873024 master_component.cc:976] MasterComponent: start regularizing model pwt
I1005 21:06:05.024343 25382912 processor.cc:740] No data in processing queue, waiting...
I1005 21:06:05.103049 2047873024 master_component.cc:1002] MasterComponent: complete regularizing model pwt
I1005 21:06:05.103068 2047873024 master_component.cc:1449] NormalizeModelArgs: pwt_target_name=pwt, nwt_source_name=nwt, rwt_source_name=rwt
I1005 21:06:05.103075 2047873024 master_component.cc:1006] MasterComponent: start normalizing model nwt
I1005 21:06:05.179304 2047873024 master_component.cc:1034] MasterComponent: complete normalizing model nwt
I1005 21:06:05.255221 2047873024 master_component.cc:1473] DisposeModel rwt
I1005 21:06:05.273263 2047873024 master_component.cc:1059] FitOffline: ItemsProcessed, num_items=1728, num_batches=2, token_weight=808522, token_weight_in_effect=808522
I1005 21:06:05.273597 2047873024 c_interface.cc:389] Pass FitOfflineMasterModelArgs, batch_filename_size=2, batch_weight_size=2, num_collection_passes=1, reset_nwt=yes to MN4artm4core15MasterComponentEFvRKNS_25FitOfflineMasterModelArgsEE
I1005 21:06:05.273613 2047873024 master_component.cc:1398] ProcessBatchesArgs: nwt_target_name=nwt, batch_filename_size=2, batch_size=0, batch_weight_size=2, pwt_source_name=pwt, num_document_passes=1, regularizer=(name:SmoothSparsePhi_bcg, tau:10000), class=(author:1), class=(text:1), reuse_theta=yes, opt_for_avx=yes, predict_class_id=, reset_nwt=yes
I1005 21:06:05.292153 26456064 processor.cc:747] Processing queue has data, processing started
I1005 21:06:05.292174 24846336 processor.cc:747] Processing queue has data, processing started
I1005 21:06:05.305424 26456064 processor.cc:820] Processor: start processing batch 971465db-d459-45dc-ab7c-30c5e49ec8d0 into model nwt
I1005 21:06:05.316790 24846336 processor.cc:820] Processor: start processing batch 12d9ebe3-8112-491c-95b2-8a8eddac7cb4 into model nwt
I1005 21:06:05.473482 26456064 processor.cc:925] Processor: complete processing batch 971465db-d459-45dc-ab7c-30c5e49ec8d0 into model nwt
I1005 21:06:05.478543 26456064 cuckoo_watch.h:45] 186ms in ProcessBatch(lectures_batches/aaaaaa.batch) [including 13ms in LoadMessage; 8ms in InitializeSparseNdw; 0ms in FindReuseThetaCacheEntry; 8ms in InitializeTheta; 0ms in CreateRegularizerAgents; 94ms in InferThetaAndUpdateNwtSparse; 0ms in UpdateCacheEntry; 4ms in CalculateScore(sparsity_theta_score); 51ms in CalculateScore(^^^ItemsProcessedScore^^^); ]
I1005 21:06:05.501456 26456064 processor.cc:740] No data in processing queue, waiting...
I1005 21:06:05.646148 24846336 processor.cc:925] Processor: complete processing batch 12d9ebe3-8112-491c-95b2-8a8eddac7cb4 into model nwt
I1005 21:06:05.652680 24846336 cuckoo_watch.h:45] 360ms in ProcessBatch(lectures_batches/aaaaab.batch) [including 24ms in LoadMessage; 20ms in InitializeSparseNdw; 0ms in FindReuseThetaCacheEntry; 5ms in InitializeTheta; 0ms in CreateRegularizerAgents; 181ms in InferThetaAndUpdateNwtSparse; 0ms in UpdateCacheEntry; 5ms in CalculateScore(sparsity_theta_score); 115ms in CalculateScore(^^^ItemsProcessedScore^^^); ]
I1005 21:06:05.652779 2047873024 master_component.cc:1436] RegularizeModelArgs: rwt_target_name=rwt, pwt_source_name=pwt, nwt_source_name=nwt
I1005 21:06:05.652838 2047873024 master_component.cc:976] MasterComponent: start regularizing model pwt
I1005 21:06:05.676582 24846336 processor.cc:740] No data in processing queue, waiting...
I1005 21:06:05.756422 2047873024 master_component.cc:1002] MasterComponent: complete regularizing model pwt
I1005 21:06:05.756444 2047873024 master_component.cc:1449] NormalizeModelArgs: pwt_target_name=pwt, nwt_source_name=nwt, rwt_source_name=rwt
I1005 21:06:05.756451 2047873024 master_component.cc:1006] MasterComponent: start normalizing model nwt
I1005 21:06:05.835232 2047873024 master_component.cc:1034] MasterComponent: complete normalizing model nwt
I1005 21:06:05.902122 2047873024 master_component.cc:1473] DisposeModel rwt
I1005 21:06:05.919023 2047873024 master_component.cc:1059] FitOffline: ItemsProcessed, num_items=1728, num_batches=2, token_weight=808522, token_weight_in_effect=808522
I1005 21:06:05.919309 2047873024 c_interface.cc:389] Pass FitOfflineMasterModelArgs, batch_filename_size=2, batch_weight_size=2, num_collection_passes=1, reset_nwt=yes to MN4artm4core15MasterComponentEFvRKNS_25FitOfflineMasterModelArgsEE
I1005 21:06:05.919325 2047873024 master_component.cc:1398] ProcessBatchesArgs: nwt_target_name=nwt, batch_filename_size=2, batch_size=0, batch_weight_size=2, pwt_source_name=pwt, num_document_passes=1, regularizer=(name:SmoothSparsePhi_bcg, tau:10000), class=(author:1), class=(text:1), reuse_theta=yes, opt_for_avx=yes, predict_class_id=, reset_nwt=yes
I1005 21:06:05.936918 23773184 processor.cc:747] Processing queue has data, processing started
I1005 21:06:05.936935 25382912 processor.cc:747] Processing queue has data, processing started
I1005 21:06:05.950878 23773184 processor.cc:820] Processor: start processing batch 971465db-d459-45dc-ab7c-30c5e49ec8d0 into model nwt
I1005 21:06:05.961925 25382912 processor.cc:820] Processor: start processing batch 12d9ebe3-8112-491c-95b2-8a8eddac7cb4 into model nwt
I1005 21:06:06.108021 23773184 processor.cc:925] Processor: complete processing batch 971465db-d459-45dc-ab7c-30c5e49ec8d0 into model nwt
I1005 21:06:06.112752 23773184 cuckoo_watch.h:45] 175ms in ProcessBatch(lectures_batches/aaaaaa.batch) [including 13ms in LoadMessage; 8ms in InitializeSparseNdw; 0ms in FindReuseThetaCacheEntry; 11ms in InitializeTheta; 0ms in CreateRegularizerAgents; 87ms in InferThetaAndUpdateNwtSparse; 0ms in UpdateCacheEntry; 3ms in CalculateScore(sparsity_theta_score); 45ms in CalculateScore(^^^ItemsProcessedScore^^^); ]
I1005 21:06:06.136289 23773184 processor.cc:740] No data in processing queue, waiting...
I1005 21:06:06.288548 25382912 processor.cc:925] Processor: complete processing batch 12d9ebe3-8112-491c-95b2-8a8eddac7cb4 into model nwt
I1005 21:06:06.295064 25382912 cuckoo_watch.h:45] 358ms in ProcessBatch(lectures_batches/aaaaab.batch) [including 24ms in LoadMessage; 22ms in InitializeSparseNdw; 0ms in FindReuseThetaCacheEntry; 3ms in InitializeTheta; 0ms in CreateRegularizerAgents; 187ms in InferThetaAndUpdateNwtSparse; 0ms in UpdateCacheEntry; 5ms in CalculateScore(sparsity_theta_score); 106ms in CalculateScore(^^^ItemsProcessedScore^^^); ]
I1005 21:06:06.295459 2047873024 master_component.cc:1436] RegularizeModelArgs: rwt_target_name=rwt, pwt_source_name=pwt, nwt_source_name=nwt
I1005 21:06:06.295476 2047873024 master_component.cc:976] MasterComponent: start regularizing model pwt
I1005 21:06:06.319401 25382912 processor.cc:740] No data in processing queue, waiting...
I1005 21:06:06.406517 2047873024 master_component.cc:1002] MasterComponent: complete regularizing model pwt
I1005 21:06:06.406534 2047873024 master_component.cc:1449] NormalizeModelArgs: pwt_target_name=pwt, nwt_source_name=nwt, rwt_source_name=rwt
I1005 21:06:06.406540 2047873024 master_component.cc:1006] MasterComponent: start normalizing model nwt
I1005 21:06:06.483674 2047873024 master_component.cc:1034] MasterComponent: complete normalizing model nwt
I1005 21:06:06.554196 2047873024 master_component.cc:1473] DisposeModel rwt
I1005 21:06:06.569506 2047873024 master_component.cc:1059] FitOffline: ItemsProcessed, num_items=1728, num_batches=2, token_weight=808522, token_weight_in_effect=808522
I1005 21:06:06.569787 2047873024 c_interface.cc:389] Pass FitOfflineMasterModelArgs, batch_filename_size=2, batch_weight_size=2, num_collection_passes=1, reset_nwt=yes to MN4artm4core15MasterComponentEFvRKNS_25FitOfflineMasterModelArgsEE
I1005 21:06:06.569802 2047873024 master_component.cc:1398] ProcessBatchesArgs: nwt_target_name=nwt, batch_filename_size=2, batch_size=0, batch_weight_size=2, pwt_source_name=pwt, num_document_passes=1, regularizer=(name:SmoothSparsePhi_bcg, tau:10000), class=(author:1), class=(text:1), reuse_theta=yes, opt_for_avx=yes, predict_class_id=, reset_nwt=yes
I1005 21:06:06.588533 24309760 processor.cc:747] Processing queue has data, processing started
I1005 21:06:06.588549 27529216 processor.cc:747] Processing queue has data, processing started
I1005 21:06:06.601578 24309760 processor.cc:820] Processor: start processing batch 971465db-d459-45dc-ab7c-30c5e49ec8d0 into model nwt
I1005 21:06:06.612839 27529216 processor.cc:820] Processor: start processing batch 12d9ebe3-8112-491c-95b2-8a8eddac7cb4 into model nwt
I1005 21:06:06.761155 24309760 processor.cc:925] Processor: complete processing batch 971465db-d459-45dc-ab7c-30c5e49ec8d0 into model nwt
I1005 21:06:06.765349 24309760 cuckoo_watch.h:45] 176ms in ProcessBatch(lectures_batches/aaaaaa.batch) [including 13ms in LoadMessage; 9ms in InitializeSparseNdw; 0ms in FindReuseThetaCacheEntry; 8ms in InitializeTheta; 0ms in CreateRegularizerAgents; 88ms in InferThetaAndUpdateNwtSparse; 0ms in UpdateCacheEntry; 3ms in CalculateScore(sparsity_theta_score); 49ms in CalculateScore(^^^ItemsProcessedScore^^^); ]
I1005 21:06:06.787443 24309760 processor.cc:740] No data in processing queue, waiting...
I1005 21:06:06.915175 27529216 processor.cc:925] Processor: complete processing batch 12d9ebe3-8112-491c-95b2-8a8eddac7cb4 into model nwt
I1005 21:06:06.923283 27529216 cuckoo_watch.h:45] 334ms in ProcessBatch(lectures_batches/aaaaab.batch) [including 24ms in LoadMessage; 22ms in InitializeSparseNdw; 0ms in FindReuseThetaCacheEntry; 5ms in InitializeTheta; 0ms in CreateRegularizerAgents; 172ms in InferThetaAndUpdateNwtSparse; 0ms in UpdateCacheEntry; 5ms in CalculateScore(sparsity_theta_score); 96ms in CalculateScore(^^^ItemsProcessedScore^^^); ]
I1005 21:06:06.924504 2047873024 master_component.cc:1436] RegularizeModelArgs: rwt_target_name=rwt, pwt_source_name=pwt, nwt_source_name=nwt
I1005 21:06:06.924557 2047873024 master_component.cc:976] MasterComponent: start regularizing model pwt
I1005 21:06:06.947535 27529216 processor.cc:740] No data in processing queue, waiting...
I1005 21:06:07.026163 2047873024 master_component.cc:1002] MasterComponent: complete regularizing model pwt
I1005 21:06:07.026185 2047873024 master_component.cc:1449] NormalizeModelArgs: pwt_target_name=pwt, nwt_source_name=nwt, rwt_source_name=rwt
I1005 21:06:07.026192 2047873024 master_component.cc:1006] MasterComponent: start normalizing model nwt
I1005 21:06:07.113752 2047873024 master_component.cc:1034] MasterComponent: complete normalizing model nwt
I1005 21:06:07.202435 2047873024 master_component.cc:1473] DisposeModel rwt
I1005 21:06:07.219521 2047873024 master_component.cc:1059] FitOffline: ItemsProcessed, num_items=1728, num_batches=2, token_weight=808522, token_weight_in_effect=808522
I1005 21:06:07.219774 2047873024 c_interface.cc:389] Pass FitOfflineMasterModelArgs, batch_filename_size=2, batch_weight_size=2, num_collection_passes=1, reset_nwt=yes to MN4artm4core15MasterComponentEFvRKNS_25FitOfflineMasterModelArgsEE
I1005 21:06:07.219789 2047873024 master_component.cc:1398] ProcessBatchesArgs: nwt_target_name=nwt, batch_filename_size=2, batch_size=0, batch_weight_size=2, pwt_source_name=pwt, num_document_passes=1, regularizer=(name:SmoothSparsePhi_bcg, tau:10000), class=(author:1), class=(text:1), reuse_theta=yes, opt_for_avx=yes, predict_class_id=, reset_nwt=yes
I1005 21:06:07.239076 24846336 processor.cc:747] Processing queue has data, processing started
I1005 21:06:07.239100 25382912 processor.cc:747] Processing queue has data, processing started
I1005 21:06:07.253357 24846336 processor.cc:820] Processor: start processing batch 971465db-d459-45dc-ab7c-30c5e49ec8d0 into model nwt
I1005 21:06:07.264156 25382912 processor.cc:820] Processor: start processing batch 12d9ebe3-8112-491c-95b2-8a8eddac7cb4 into model nwt
I1005 21:06:07.409442 24846336 processor.cc:925] Processor: complete processing batch 971465db-d459-45dc-ab7c-30c5e49ec8d0 into model nwt
I1005 21:06:07.414237 24846336 cuckoo_watch.h:45] 175ms in ProcessBatch(lectures_batches/aaaaaa.batch) [including 14ms in LoadMessage; 8ms in InitializeSparseNdw; 0ms in FindReuseThetaCacheEntry; 8ms in InitializeTheta; 0ms in CreateRegularizerAgents; 85ms in InferThetaAndUpdateNwtSparse; 0ms in UpdateCacheEntry; 4ms in CalculateScore(sparsity_theta_score); 49ms in CalculateScore(^^^ItemsProcessedScore^^^); ]
I1005 21:06:07.436620 24846336 processor.cc:740] No data in processing queue, waiting...
I1005 21:06:07.585144 25382912 processor.cc:925] Processor: complete processing batch 12d9ebe3-8112-491c-95b2-8a8eddac7cb4 into model nwt
I1005 21:06:07.591953 25382912 cuckoo_watch.h:45] 352ms in ProcessBatch(lectures_batches/aaaaab.batch) [including 25ms in LoadMessage; 20ms in InitializeSparseNdw; 0ms in FindReuseThetaCacheEntry; 3ms in InitializeTheta; 0ms in CreateRegularizerAgents; 185ms in InferThetaAndUpdateNwtSparse; 0ms in UpdateCacheEntry; 5ms in CalculateScore(sparsity_theta_score); 106ms in CalculateScore(^^^ItemsProcessedScore^^^); ]
I1005 21:06:07.592914 2047873024 master_component.cc:1436] RegularizeModelArgs: rwt_target_name=rwt, pwt_source_name=pwt, nwt_source_name=nwt
I1005 21:06:07.592974 2047873024 master_component.cc:976] MasterComponent: start regularizing model pwt
I1005 21:06:07.615814 25382912 processor.cc:740] No data in processing queue, waiting...
I1005 21:06:07.709216 2047873024 master_component.cc:1002] MasterComponent: complete regularizing model pwt
I1005 21:06:07.709236 2047873024 master_component.cc:1449] NormalizeModelArgs: pwt_target_name=pwt, nwt_source_name=nwt, rwt_source_name=rwt
I1005 21:06:07.709242 2047873024 master_component.cc:1006] MasterComponent: start normalizing model nwt
I1005 21:06:07.795969 2047873024 master_component.cc:1034] MasterComponent: complete normalizing model nwt
I1005 21:06:07.867337 2047873024 master_component.cc:1473] DisposeModel rwt
I1005 21:06:07.885550 2047873024 master_component.cc:1059] FitOffline: ItemsProcessed, num_items=1728, num_batches=2, token_weight=808522, token_weight_in_effect=808522
I1005 21:06:07.885831 2047873024 c_interface.cc:389] Pass FitOfflineMasterModelArgs, batch_filename_size=2, batch_weight_size=2, num_collection_passes=1, reset_nwt=yes to MN4artm4core15MasterComponentEFvRKNS_25FitOfflineMasterModelArgsEE
I1005 21:06:07.885846 2047873024 master_component.cc:1398] ProcessBatchesArgs: nwt_target_name=nwt, batch_filename_size=2, batch_size=0, batch_weight_size=2, pwt_source_name=pwt, num_document_passes=1, regularizer=(name:SmoothSparsePhi_bcg, tau:10000), class=(author:1), class=(text:1), reuse_theta=yes, opt_for_avx=yes, predict_class_id=, reset_nwt=yes
I1005 21:06:07.903405 27529216 processor.cc:747] Processing queue has data, processing started
I1005 21:06:07.903400 25919488 processor.cc:747] Processing queue has data, processing started
I1005 21:06:07.916956 25919488 processor.cc:820] Processor: start processing batch 971465db-d459-45dc-ab7c-30c5e49ec8d0 into model nwt
I1005 21:06:07.928395 27529216 processor.cc:820] Processor: start processing batch 12d9ebe3-8112-491c-95b2-8a8eddac7cb4 into model nwt
I1005 21:06:08.087361 25919488 processor.cc:925] Processor: complete processing batch 971465db-d459-45dc-ab7c-30c5e49ec8d0 into model nwt
I1005 21:06:08.092221 25919488 cuckoo_watch.h:45] 188ms in ProcessBatch(lectures_batches/aaaaaa.batch) [including 13ms in LoadMessage; 8ms in InitializeSparseNdw; 0ms in FindReuseThetaCacheEntry; 8ms in InitializeTheta; 0ms in CreateRegularizerAgents; 95ms in InferThetaAndUpdateNwtSparse; 0ms in UpdateCacheEntry; 4ms in CalculateScore(sparsity_theta_score); 53ms in CalculateScore(^^^ItemsProcessedScore^^^); ]
I1005 21:06:08.114467 25919488 processor.cc:740] No data in processing queue, waiting...
I1005 21:06:08.255589 27529216 processor.cc:925] Processor: complete processing batch 12d9ebe3-8112-491c-95b2-8a8eddac7cb4 into model nwt
I1005 21:06:08.263221 27529216 cuckoo_watch.h:45] 359ms in ProcessBatch(lectures_batches/aaaaab.batch) [including 24ms in LoadMessage; 22ms in InitializeSparseNdw; 0ms in FindReuseThetaCacheEntry; 4ms in InitializeTheta; 0ms in CreateRegularizerAgents; 184ms in InferThetaAndUpdateNwtSparse; 0ms in UpdateCacheEntry; 5ms in CalculateScore(sparsity_theta_score); 109ms in CalculateScore(^^^ItemsProcessedScore^^^); ]
I1005 21:06:08.263934 2047873024 master_component.cc:1436] RegularizeModelArgs: rwt_target_name=rwt, pwt_source_name=pwt, nwt_source_name=nwt
I1005 21:06:08.263989 2047873024 master_component.cc:976] MasterComponent: start regularizing model pwt
I1005 21:06:08.287590 27529216 processor.cc:740] No data in processing queue, waiting...
I1005 21:06:08.370693 2047873024 master_component.cc:1002] MasterComponent: complete regularizing model pwt
I1005 21:06:08.370714 2047873024 master_component.cc:1449] NormalizeModelArgs: pwt_target_name=pwt, nwt_source_name=nwt, rwt_source_name=rwt
I1005 21:06:08.370721 2047873024 master_component.cc:1006] MasterComponent: start normalizing model nwt
I1005 21:06:08.453244 2047873024 master_component.cc:1034] MasterComponent: complete normalizing model nwt
I1005 21:06:08.522284 2047873024 master_component.cc:1473] DisposeModel rwt
I1005 21:06:08.541684 2047873024 master_component.cc:1059] FitOffline: ItemsProcessed, num_items=1728, num_batches=2, token_weight=808522, token_weight_in_effect=808522
I1005 21:06:08.541915 2047873024 c_interface.cc:389] Pass FitOfflineMasterModelArgs, batch_filename_size=2, batch_weight_size=2, num_collection_passes=1, reset_nwt=yes to MN4artm4core15MasterComponentEFvRKNS_25FitOfflineMasterModelArgsEE
I1005 21:06:08.541929 2047873024 master_component.cc:1398] ProcessBatchesArgs: nwt_target_name=nwt, batch_filename_size=2, batch_size=0, batch_weight_size=2, pwt_source_name=pwt, num_document_passes=1, regularizer=(name:SmoothSparsePhi_bcg, tau:10000), class=(author:1), class=(text:1), reuse_theta=yes, opt_for_avx=yes, predict_class_id=, reset_nwt=yes
I1005 21:06:08.558820 26992640 processor.cc:747] Processing queue has data, processing started
I1005 21:06:08.558820 23773184 processor.cc:747] Processing queue has data, processing started
I1005 21:06:08.571986 23773184 processor.cc:820] Processor: start processing batch 971465db-d459-45dc-ab7c-30c5e49ec8d0 into model nwt
I1005 21:06:08.583542 26992640 processor.cc:820] Processor: start processing batch 12d9ebe3-8112-491c-95b2-8a8eddac7cb4 into model nwt
I1005 21:06:08.736021 23773184 processor.cc:925] Processor: complete processing batch 971465db-d459-45dc-ab7c-30c5e49ec8d0 into model nwt
I1005 21:06:08.741040 23773184 cuckoo_watch.h:45] 182ms in ProcessBatch(lectures_batches/aaaaaa.batch) [including 13ms in LoadMessage; 8ms in InitializeSparseNdw; 0ms in FindReuseThetaCacheEntry; 8ms in InitializeTheta; 0ms in CreateRegularizerAgents; 90ms in InferThetaAndUpdateNwtSparse; 0ms in UpdateCacheEntry; 3ms in CalculateScore(sparsity_theta_score); 52ms in CalculateScore(^^^ItemsProcessedScore^^^); ]
I1005 21:06:08.763728 23773184 processor.cc:740] No data in processing queue, waiting...
I1005 21:06:08.901871 26992640 processor.cc:925] Processor: complete processing batch 12d9ebe3-8112-491c-95b2-8a8eddac7cb4 into model nwt
I1005 21:06:08.908627 26992640 cuckoo_watch.h:45] 349ms in ProcessBatch(lectures_batches/aaaaab.batch) [including 24ms in LoadMessage; 20ms in InitializeSparseNdw; 0ms in FindReuseThetaCacheEntry; 3ms in InitializeTheta; 0ms in CreateRegularizerAgents; 180ms in InferThetaAndUpdateNwtSparse; 0ms in UpdateCacheEntry; 6ms in CalculateScore(sparsity_theta_score); 107ms in CalculateScore(^^^ItemsProcessedScore^^^); ]
I1005 21:06:08.908792 2047873024 master_component.cc:1436] RegularizeModelArgs: rwt_target_name=rwt, pwt_source_name=pwt, nwt_source_name=nwt
I1005 21:06:08.908844 2047873024 master_component.cc:976] MasterComponent: start regularizing model pwt
I1005 21:06:08.933109 26992640 processor.cc:740] No data in processing queue, waiting...
I1005 21:06:09.014003 2047873024 master_component.cc:1002] MasterComponent: complete regularizing model pwt
I1005 21:06:09.014024 2047873024 master_component.cc:1449] NormalizeModelArgs: pwt_target_name=pwt, nwt_source_name=nwt, rwt_source_name=rwt
I1005 21:06:09.014030 2047873024 master_component.cc:1006] MasterComponent: start normalizing model nwt
I1005 21:06:09.092521 2047873024 master_component.cc:1034] MasterComponent: complete normalizing model nwt
I1005 21:06:09.178701 2047873024 master_component.cc:1473] DisposeModel rwt
I1005 21:06:09.195567 2047873024 master_component.cc:1059] FitOffline: ItemsProcessed, num_items=1728, num_batches=2, token_weight=808522, token_weight_in_effect=808522
I1005 21:06:09.195816 2047873024 c_interface.cc:389] Pass FitOfflineMasterModelArgs, batch_filename_size=2, batch_weight_size=2, num_collection_passes=1, reset_nwt=yes to MN4artm4core15MasterComponentEFvRKNS_25FitOfflineMasterModelArgsEE
I1005 21:06:09.195833 2047873024 master_component.cc:1398] ProcessBatchesArgs: nwt_target_name=nwt, batch_filename_size=2, batch_size=0, batch_weight_size=2, pwt_source_name=pwt, num_document_passes=1, regularizer=(name:SmoothSparsePhi_bcg, tau:10000), class=(author:1), class=(text:1), reuse_theta=yes, opt_for_avx=yes, predict_class_id=, reset_nwt=yes
I1005 21:06:09.215216 24846336 processor.cc:747] Processing queue has data, processing started
I1005 21:06:09.215232 26456064 processor.cc:747] Processing queue has data, processing started
I1005 21:06:09.228591 24846336 processor.cc:820] Processor: start processing batch 971465db-d459-45dc-ab7c-30c5e49ec8d0 into model nwt
I1005 21:06:09.240000 26456064 processor.cc:820] Processor: start processing batch 12d9ebe3-8112-491c-95b2-8a8eddac7cb4 into model nwt
I1005 21:06:09.384606 24846336 processor.cc:925] Processor: complete processing batch 971465db-d459-45dc-ab7c-30c5e49ec8d0 into model nwt
I1005 21:06:09.388986 24846336 cuckoo_watch.h:45] 173ms in ProcessBatch(lectures_batches/aaaaaa.batch) [including 13ms in LoadMessage; 8ms in InitializeSparseNdw; 0ms in FindReuseThetaCacheEntry; 8ms in InitializeTheta; 0ms in CreateRegularizerAgents; 85ms in InferThetaAndUpdateNwtSparse; 0ms in UpdateCacheEntry; 4ms in CalculateScore(sparsity_theta_score); 48ms in CalculateScore(^^^ItemsProcessedScore^^^); ]
I1005 21:06:09.411159 24846336 processor.cc:740] No data in processing queue, waiting...
I1005 21:06:09.537765 26456064 processor.cc:925] Processor: complete processing batch 12d9ebe3-8112-491c-95b2-8a8eddac7cb4 into model nwt
I1005 21:06:09.545095 26456064 cuckoo_watch.h:45] 329ms in ProcessBatch(lectures_batches/aaaaab.batch) [including 24ms in LoadMessage; 21ms in InitializeSparseNdw; 0ms in FindReuseThetaCacheEntry; 4ms in InitializeTheta; 0ms in CreateRegularizerAgents; 167ms in InferThetaAndUpdateNwtSparse; 0ms in UpdateCacheEntry; 5ms in CalculateScore(sparsity_theta_score); 98ms in CalculateScore(^^^ItemsProcessedScore^^^); ]
I1005 21:06:09.545776 2047873024 master_component.cc:1436] RegularizeModelArgs: rwt_target_name=rwt, pwt_source_name=pwt, nwt_source_name=nwt
I1005 21:06:09.545819 2047873024 master_component.cc:976] MasterComponent: start regularizing model pwt
I1005 21:06:09.569353 26456064 processor.cc:740] No data in processing queue, waiting...
I1005 21:06:09.651644 2047873024 master_component.cc:1002] MasterComponent: complete regularizing model pwt
I1005 21:06:09.651665 2047873024 master_component.cc:1449] NormalizeModelArgs: pwt_target_name=pwt, nwt_source_name=nwt, rwt_source_name=rwt
I1005 21:06:09.651671 2047873024 master_component.cc:1006] MasterComponent: start normalizing model nwt
I1005 21:06:09.728757 2047873024 master_component.cc:1034] MasterComponent: complete normalizing model nwt
I1005 21:06:09.794312 2047873024 master_component.cc:1473] DisposeModel rwt
I1005 21:06:09.812625 2047873024 master_component.cc:1059] FitOffline: ItemsProcessed, num_items=1728, num_batches=2, token_weight=808522, token_weight_in_effect=808522
I1005 21:06:09.813024 2047873024 c_interface.cc:389] Pass FitOfflineMasterModelArgs, batch_filename_size=2, batch_weight_size=2, num_collection_passes=1, reset_nwt=yes to MN4artm4core15MasterComponentEFvRKNS_25FitOfflineMasterModelArgsEE
I1005 21:06:09.813042 2047873024 master_component.cc:1398] ProcessBatchesArgs: nwt_target_name=nwt, batch_filename_size=2, batch_size=0, batch_weight_size=2, pwt_source_name=pwt, num_document_passes=1, regularizer=(name:SmoothSparsePhi_bcg, tau:10000), class=(author:1), class=(text:1), reuse_theta=yes, opt_for_avx=yes, predict_class_id=, reset_nwt=yes
I1005 21:06:09.833262 25382912 processor.cc:747] Processing queue has data, processing started
I1005 21:06:09.833256 27529216 processor.cc:747] Processing queue has data, processing started
I1005 21:06:09.848135 27529216 processor.cc:820] Processor: start processing batch 971465db-d459-45dc-ab7c-30c5e49ec8d0 into model nwt
I1005 21:06:09.859087 25382912 processor.cc:820] Processor: start processing batch 12d9ebe3-8112-491c-95b2-8a8eddac7cb4 into model nwt
I1005 21:06:10.019361 27529216 processor.cc:925] Processor: complete processing batch 971465db-d459-45dc-ab7c-30c5e49ec8d0 into model nwt
I1005 21:06:10.024292 27529216 cuckoo_watch.h:45] 190ms in ProcessBatch(lectures_batches/aaaaaa.batch) [including 14ms in LoadMessage; 9ms in InitializeSparseNdw; 0ms in FindReuseThetaCacheEntry; 8ms in InitializeTheta; 0ms in CreateRegularizerAgents; 92ms in InferThetaAndUpdateNwtSparse; 0ms in UpdateCacheEntry; 5ms in CalculateScore(sparsity_theta_score); 54ms in CalculateScore(^^^ItemsProcessedScore^^^); ]
I1005 21:06:10.046260 27529216 processor.cc:740] No data in processing queue, waiting...
I1005 21:06:10.175911 25382912 processor.cc:925] Processor: complete processing batch 12d9ebe3-8112-491c-95b2-8a8eddac7cb4 into model nwt
I1005 21:06:10.183763 25382912 cuckoo_watch.h:45] 350ms in ProcessBatch(lectures_batches/aaaaab.batch) [including 25ms in LoadMessage; 21ms in InitializeSparseNdw; 0ms in FindReuseThetaCacheEntry; 3ms in InitializeTheta; 0ms in CreateRegularizerAgents; 176ms in InferThetaAndUpdateNwtSparse; 0ms in UpdateCacheEntry; 5ms in CalculateScore(sparsity_theta_score); 108ms in CalculateScore(^^^ItemsProcessedScore^^^); ]
I1005 21:06:10.184290 2047873024 master_component.cc:1436] RegularizeModelArgs: rwt_target_name=rwt, pwt_source_name=pwt, nwt_source_name=nwt
I1005 21:06:10.184345 2047873024 master_component.cc:976] MasterComponent: start regularizing model pwt
I1005 21:06:10.207914 25382912 processor.cc:740] No data in processing queue, waiting...
I1005 21:06:10.299537 2047873024 master_component.cc:1002] MasterComponent: complete regularizing model pwt
I1005 21:06:10.299557 2047873024 master_component.cc:1449] NormalizeModelArgs: pwt_target_name=pwt, nwt_source_name=nwt, rwt_source_name=rwt
I1005 21:06:10.299563 2047873024 master_component.cc:1006] MasterComponent: start normalizing model nwt
I1005 21:06:10.376077 2047873024 master_component.cc:1034] MasterComponent: complete normalizing model nwt
I1005 21:06:10.442853 2047873024 master_component.cc:1473] DisposeModel rwt
I1005 21:06:10.460108 2047873024 master_component.cc:1059] FitOffline: ItemsProcessed, num_items=1728, num_batches=2, token_weight=808522, token_weight_in_effect=808522
I1005 21:06:10.460366 2047873024 c_interface.cc:389] Pass FitOfflineMasterModelArgs, batch_filename_size=2, batch_weight_size=2, num_collection_passes=1, reset_nwt=yes to MN4artm4core15MasterComponentEFvRKNS_25FitOfflineMasterModelArgsEE
I1005 21:06:10.460379 2047873024 master_component.cc:1398] ProcessBatchesArgs: nwt_target_name=nwt, batch_filename_size=2, batch_size=0, batch_weight_size=2, pwt_source_name=pwt, num_document_passes=1, regularizer=(name:SmoothSparsePhi_bcg, tau:10000), class=(author:1), class=(text:1), reuse_theta=yes, opt_for_avx=yes, predict_class_id=, reset_nwt=yes
I1005 21:06:10.479521 24846336 processor.cc:747] Processing queue has data, processing started
I1005 21:06:10.479506 26992640 processor.cc:747] Processing queue has data, processing started
I1005 21:06:10.493221 26992640 processor.cc:820] Processor: start processing batch 971465db-d459-45dc-ab7c-30c5e49ec8d0 into model nwt
I1005 21:06:10.503293 24846336 processor.cc:820] Processor: start processing batch 12d9ebe3-8112-491c-95b2-8a8eddac7cb4 into model nwt
I1005 21:06:10.658670 26992640 processor.cc:925] Processor: complete processing batch 971465db-d459-45dc-ab7c-30c5e49ec8d0 into model nwt
I1005 21:06:10.663887 26992640 cuckoo_watch.h:45] 184ms in ProcessBatch(lectures_batches/aaaaaa.batch) [including 13ms in LoadMessage; 8ms in InitializeSparseNdw; 0ms in FindReuseThetaCacheEntry; 7ms in InitializeTheta; 0ms in CreateRegularizerAgents; 90ms in InferThetaAndUpdateNwtSparse; 0ms in UpdateCacheEntry; 4ms in CalculateScore(sparsity_theta_score); 53ms in CalculateScore(^^^ItemsProcessedScore^^^); ]
I1005 21:06:10.685045 26992640 processor.cc:740] No data in processing queue, waiting...
I1005 21:06:10.814471 24846336 processor.cc:925] Processor: complete processing batch 12d9ebe3-8112-491c-95b2-8a8eddac7cb4 into model nwt
I1005 21:06:10.821059 24846336 cuckoo_watch.h:45] 341ms in ProcessBatch(lectures_batches/aaaaab.batch) [including 23ms in LoadMessage; 19ms in InitializeSparseNdw; 0ms in FindReuseThetaCacheEntry; 4ms in InitializeTheta; 0ms in CreateRegularizerAgents; 177ms in InferThetaAndUpdateNwtSparse; 0ms in UpdateCacheEntry; 5ms in CalculateScore(sparsity_theta_score); 104ms in CalculateScore(^^^ItemsProcessedScore^^^); ]
I1005 21:06:10.821578 2047873024 master_component.cc:1436] RegularizeModelArgs: rwt_target_name=rwt, pwt_source_name=pwt, nwt_source_name=nwt
I1005 21:06:10.821631 2047873024 master_component.cc:976] MasterComponent: start regularizing model pwt
I1005 21:06:10.845098 24846336 processor.cc:740] No data in processing queue, waiting...
I1005 21:06:10.932688 2047873024 master_component.cc:1002] MasterComponent: complete regularizing model pwt
I1005 21:06:10.932708 2047873024 master_component.cc:1449] NormalizeModelArgs: pwt_target_name=pwt, nwt_source_name=nwt, rwt_source_name=rwt
I1005 21:06:10.932714 2047873024 master_component.cc:1006] MasterComponent: start normalizing model nwt
I1005 21:06:11.022647 2047873024 master_component.cc:1034] MasterComponent: complete normalizing model nwt
I1005 21:06:11.097896 2047873024 master_component.cc:1473] DisposeModel rwt
I1005 21:06:11.113201 2047873024 master_component.cc:1059] FitOffline: ItemsProcessed, num_items=1728, num_batches=2, token_weight=808522, token_weight_in_effect=808522
I1005 21:06:11.113497 2047873024 c_interface.cc:389] Pass FitOfflineMasterModelArgs, batch_filename_size=2, batch_weight_size=2, num_collection_passes=1, reset_nwt=yes to MN4artm4core15MasterComponentEFvRKNS_25FitOfflineMasterModelArgsEE
I1005 21:06:11.113514 2047873024 master_component.cc:1398] ProcessBatchesArgs: nwt_target_name=nwt, batch_filename_size=2, batch_size=0, batch_weight_size=2, pwt_source_name=pwt, num_document_passes=1, regularizer=(name:SmoothSparsePhi_bcg, tau:10000), class=(author:1), class=(text:1), reuse_theta=yes, opt_for_avx=yes, predict_class_id=, reset_nwt=yes
I1005 21:06:11.131031 25919488 processor.cc:747] Processing queue has data, processing started
I1005 21:06:11.131084 25382912 processor.cc:747] Processing queue has data, processing started
I1005 21:06:11.144434 25919488 processor.cc:820] Processor: start processing batch 971465db-d459-45dc-ab7c-30c5e49ec8d0 into model nwt
I1005 21:06:11.155019 25382912 processor.cc:820] Processor: start processing batch 12d9ebe3-8112-491c-95b2-8a8eddac7cb4 into model nwt
I1005 21:06:11.309530 25919488 processor.cc:925] Processor: complete processing batch 971465db-d459-45dc-ab7c-30c5e49ec8d0 into model nwt
I1005 21:06:11.313940 25919488 cuckoo_watch.h:45] 182ms in ProcessBatch(lectures_batches/aaaaaa.batch) [including 13ms in LoadMessage; 7ms in InitializeSparseNdw; 0ms in FindReuseThetaCacheEntry; 8ms in InitializeTheta; 0ms in CreateRegularizerAgents; 90ms in InferThetaAndUpdateNwtSparse; 0ms in UpdateCacheEntry; 4ms in CalculateScore(sparsity_theta_score); 53ms in CalculateScore(^^^ItemsProcessedScore^^^); ]
I1005 21:06:11.336493 25919488 processor.cc:740] No data in processing queue, waiting...
I1005 21:06:11.475143 25382912 processor.cc:925] Processor: complete processing batch 12d9ebe3-8112-491c-95b2-8a8eddac7cb4 into model nwt
I1005 21:06:11.482455 25382912 cuckoo_watch.h:45] 351ms in ProcessBatch(lectures_batches/aaaaab.batch) [including 23ms in LoadMessage; 20ms in InitializeSparseNdw; 0ms in FindReuseThetaCacheEntry; 4ms in InitializeTheta; 0ms in CreateRegularizerAgents; 181ms in InferThetaAndUpdateNwtSparse; 0ms in UpdateCacheEntry; 5ms in CalculateScore(sparsity_theta_score); 108ms in CalculateScore(^^^ItemsProcessedScore^^^); ]
I1005 21:06:11.483655 2047873024 master_component.cc:1436] RegularizeModelArgs: rwt_target_name=rwt, pwt_source_name=pwt, nwt_source_name=nwt
I1005 21:06:11.483722 2047873024 master_component.cc:976] MasterComponent: start regularizing model pwt
I1005 21:06:11.506567 25382912 processor.cc:740] No data in processing queue, waiting...
I1005 21:06:11.587097 2047873024 master_component.cc:1002] MasterComponent: complete regularizing model pwt
I1005 21:06:11.587118 2047873024 master_component.cc:1449] NormalizeModelArgs: pwt_target_name=pwt, nwt_source_name=nwt, rwt_source_name=rwt
I1005 21:06:11.587126 2047873024 master_component.cc:1006] MasterComponent: start normalizing model nwt
I1005 21:06:11.666079 2047873024 master_component.cc:1034] MasterComponent: complete normalizing model nwt
I1005 21:06:11.735777 2047873024 master_component.cc:1473] DisposeModel rwt
I1005 21:06:11.753759 2047873024 master_component.cc:1059] FitOffline: ItemsProcessed, num_items=1728, num_batches=2, token_weight=808522, token_weight_in_effect=808522
I1005 21:06:11.753998 2047873024 c_interface.cc:389] Pass FitOfflineMasterModelArgs, batch_filename_size=2, batch_weight_size=2, num_collection_passes=1, reset_nwt=yes to MN4artm4core15MasterComponentEFvRKNS_25FitOfflineMasterModelArgsEE
I1005 21:06:11.754011 2047873024 master_component.cc:1398] ProcessBatchesArgs: nwt_target_name=nwt, batch_filename_size=2, batch_size=0, batch_weight_size=2, pwt_source_name=pwt, num_document_passes=1, regularizer=(name:SmoothSparsePhi_bcg, tau:10000), class=(author:1), class=(text:1), reuse_theta=yes, opt_for_avx=yes, predict_class_id=, reset_nwt=yes
I1005 21:06:11.775267 26456064 processor.cc:747] Processing queue has data, processing started
I1005 21:06:11.775264 24309760 processor.cc:747] Processing queue has data, processing started
I1005 21:06:11.790678 24309760 processor.cc:820] Processor: start processing batch 971465db-d459-45dc-ab7c-30c5e49ec8d0 into model nwt
I1005 21:06:11.800864 26456064 processor.cc:820] Processor: start processing batch 12d9ebe3-8112-491c-95b2-8a8eddac7cb4 into model nwt
I1005 21:06:11.946305 24309760 processor.cc:925] Processor: complete processing batch 971465db-d459-45dc-ab7c-30c5e49ec8d0 into model nwt
I1005 21:06:11.951980 24309760 cuckoo_watch.h:45] 176ms in ProcessBatch(lectures_batches/aaaaaa.batch) [including 15ms in LoadMessage; 8ms in InitializeSparseNdw; 0ms in FindReuseThetaCacheEntry; 8ms in InitializeTheta; 0ms in CreateRegularizerAgents; 87ms in InferThetaAndUpdateNwtSparse; 0ms in UpdateCacheEntry; 3ms in CalculateScore(sparsity_theta_score); 47ms in CalculateScore(^^^ItemsProcessedScore^^^); ]
I1005 21:06:11.974087 24309760 processor.cc:740] No data in processing queue, waiting...
I1005 21:06:12.105159 26456064 processor.cc:925] Processor: complete processing batch 12d9ebe3-8112-491c-95b2-8a8eddac7cb4 into model nwt
I1005 21:06:12.110932 26456064 cuckoo_watch.h:45] 335ms in ProcessBatch(lectures_batches/aaaaab.batch) [including 25ms in LoadMessage; 19ms in InitializeSparseNdw; 0ms in FindReuseThetaCacheEntry; 3ms in InitializeTheta; 0ms in CreateRegularizerAgents; 172ms in InferThetaAndUpdateNwtSparse; 0ms in UpdateCacheEntry; 5ms in CalculateScore(sparsity_theta_score); 101ms in CalculateScore(^^^ItemsProcessedScore^^^); ]
I1005 21:06:12.110996 2047873024 master_component.cc:1436] RegularizeModelArgs: rwt_target_name=rwt, pwt_source_name=pwt, nwt_source_name=nwt
I1005 21:06:12.111038 2047873024 master_component.cc:976] MasterComponent: start regularizing model pwt
I1005 21:06:12.135416 26456064 processor.cc:740] No data in processing queue, waiting...
I1005 21:06:12.222602 2047873024 master_component.cc:1002] MasterComponent: complete regularizing model pwt
I1005 21:06:12.222626 2047873024 master_component.cc:1449] NormalizeModelArgs: pwt_target_name=pwt, nwt_source_name=nwt, rwt_source_name=rwt
I1005 21:06:12.222635 2047873024 master_component.cc:1006] MasterComponent: start normalizing model nwt
I1005 21:06:12.312029 2047873024 master_component.cc:1034] MasterComponent: complete normalizing model nwt
I1005 21:06:12.387750 2047873024 master_component.cc:1473] DisposeModel rwt
I1005 21:06:12.402575 2047873024 master_component.cc:1059] FitOffline: ItemsProcessed, num_items=1728, num_batches=2, token_weight=808522, token_weight_in_effect=808522
I1005 21:06:12.402818 2047873024 c_interface.cc:389] Pass FitOfflineMasterModelArgs, batch_filename_size=2, batch_weight_size=2, num_collection_passes=1, reset_nwt=yes to MN4artm4core15MasterComponentEFvRKNS_25FitOfflineMasterModelArgsEE
I1005 21:06:12.402832 2047873024 master_component.cc:1398] ProcessBatchesArgs: nwt_target_name=nwt, batch_filename_size=2, batch_size=0, batch_weight_size=2, pwt_source_name=pwt, num_document_passes=1, regularizer=(name:SmoothSparsePhi_bcg, tau:10000), class=(author:1), class=(text:1), reuse_theta=yes, opt_for_avx=yes, predict_class_id=, reset_nwt=yes
I1005 21:06:12.420364 25919488 processor.cc:747] Processing queue has data, processing started
I1005 21:06:12.420392 25382912 processor.cc:747] Processing queue has data, processing started
I1005 21:06:12.434012 25919488 processor.cc:820] Processor: start processing batch 971465db-d459-45dc-ab7c-30c5e49ec8d0 into model nwt
I1005 21:06:12.445291 25382912 processor.cc:820] Processor: start processing batch 12d9ebe3-8112-491c-95b2-8a8eddac7cb4 into model nwt
I1005 21:06:12.592428 25919488 processor.cc:925] Processor: complete processing batch 971465db-d459-45dc-ab7c-30c5e49ec8d0 into model nwt
I1005 21:06:12.596745 25919488 cuckoo_watch.h:45] 176ms in ProcessBatch(lectures_batches/aaaaaa.batch) [including 13ms in LoadMessage; 8ms in InitializeSparseNdw; 0ms in FindReuseThetaCacheEntry; 9ms in InitializeTheta; 0ms in CreateRegularizerAgents; 90ms in InferThetaAndUpdateNwtSparse; 0ms in UpdateCacheEntry; 3ms in CalculateScore(sparsity_theta_score); 47ms in CalculateScore(^^^ItemsProcessedScore^^^); ]
I1005 21:06:12.619551 25919488 processor.cc:740] No data in processing queue, waiting...
I1005 21:06:12.755329 25382912 processor.cc:925] Processor: complete processing batch 12d9ebe3-8112-491c-95b2-8a8eddac7cb4 into model nwt
I1005 21:06:12.762480 25382912 cuckoo_watch.h:45] 342ms in ProcessBatch(lectures_batches/aaaaab.batch) [including 24ms in LoadMessage; 20ms in InitializeSparseNdw; 0ms in FindReuseThetaCacheEntry; 3ms in InitializeTheta; 0ms in CreateRegularizerAgents; 176ms in InferThetaAndUpdateNwtSparse; 0ms in UpdateCacheEntry; 5ms in CalculateScore(sparsity_theta_score); 103ms in CalculateScore(^^^ItemsProcessedScore^^^); ]
I1005 21:06:12.762832 2047873024 master_component.cc:1436] RegularizeModelArgs: rwt_target_name=rwt, pwt_source_name=pwt, nwt_source_name=nwt
I1005 21:06:12.762882 2047873024 master_component.cc:976] MasterComponent: start regularizing model pwt
I1005 21:06:12.786972 25382912 processor.cc:740] No data in processing queue, waiting...
I1005 21:06:12.877879 2047873024 master_component.cc:1002] MasterComponent: complete regularizing model pwt
I1005 21:06:12.877900 2047873024 master_component.cc:1449] NormalizeModelArgs: pwt_target_name=pwt, nwt_source_name=nwt, rwt_source_name=rwt
I1005 21:06:12.877908 2047873024 master_component.cc:1006] MasterComponent: start normalizing model nwt
I1005 21:06:12.959939 2047873024 master_component.cc:1034] MasterComponent: complete normalizing model nwt
I1005 21:06:13.051540 2047873024 master_component.cc:1473] DisposeModel rwt
I1005 21:06:13.067814 2047873024 master_component.cc:1059] FitOffline: ItemsProcessed, num_items=1728, num_batches=2, token_weight=808522, token_weight_in_effect=808522
I1005 21:06:13.068051 2047873024 c_interface.cc:389] Pass FitOfflineMasterModelArgs, batch_filename_size=2, batch_weight_size=2, num_collection_passes=1, reset_nwt=yes to MN4artm4core15MasterComponentEFvRKNS_25FitOfflineMasterModelArgsEE
I1005 21:06:13.068063 2047873024 master_component.cc:1398] ProcessBatchesArgs: nwt_target_name=nwt, batch_filename_size=2, batch_size=0, batch_weight_size=2, pwt_source_name=pwt, num_document_passes=1, regularizer=(name:SmoothSparsePhi_bcg, tau:10000), class=(author:1), class=(text:1), reuse_theta=yes, opt_for_avx=yes, predict_class_id=, reset_nwt=yes
I1005 21:06:13.085072 24846336 processor.cc:747] Processing queue has data, processing started
I1005 21:06:13.085105 26992640 processor.cc:747] Processing queue has data, processing started
I1005 21:06:13.099725 24846336 processor.cc:820] Processor: start processing batch 971465db-d459-45dc-ab7c-30c5e49ec8d0 into model nwt
I1005 21:06:13.109769 26992640 processor.cc:820] Processor: start processing batch 12d9ebe3-8112-491c-95b2-8a8eddac7cb4 into model nwt
I1005 21:06:13.267043 24846336 processor.cc:925] Processor: complete processing batch 971465db-d459-45dc-ab7c-30c5e49ec8d0 into model nwt
I1005 21:06:13.271878 24846336 cuckoo_watch.h:45] 186ms in ProcessBatch(lectures_batches/aaaaaa.batch) [including 14ms in LoadMessage; 7ms in InitializeSparseNdw; 0ms in FindReuseThetaCacheEntry; 7ms in InitializeTheta; 0ms in CreateRegularizerAgents; 92ms in InferThetaAndUpdateNwtSparse; 0ms in UpdateCacheEntry; 5ms in CalculateScore(sparsity_theta_score); 53ms in CalculateScore(^^^ItemsProcessedScore^^^); ]
I1005 21:06:13.293566 24846336 processor.cc:740] No data in processing queue, waiting...
I1005 21:06:13.419613 26992640 processor.cc:925] Processor: complete processing batch 12d9ebe3-8112-491c-95b2-8a8eddac7cb4 into model nwt
I1005 21:06:13.426869 26992640 cuckoo_watch.h:45] 341ms in ProcessBatch(lectures_batches/aaaaab.batch) [including 24ms in LoadMessage; 20ms in InitializeSparseNdw; 0ms in FindReuseThetaCacheEntry; 3ms in InitializeTheta; 0ms in CreateRegularizerAgents; 178ms in InferThetaAndUpdateNwtSparse; 0ms in UpdateCacheEntry; 5ms in CalculateScore(sparsity_theta_score); 102ms in CalculateScore(^^^ItemsProcessedScore^^^); ]
I1005 21:06:13.426962 2047873024 master_component.cc:1436] RegularizeModelArgs: rwt_target_name=rwt, pwt_source_name=pwt, nwt_source_name=nwt
I1005 21:06:13.426982 2047873024 master_component.cc:976] MasterComponent: start regularizing model pwt
I1005 21:06:13.451050 26992640 processor.cc:740] No data in processing queue, waiting...
I1005 21:06:13.529001 2047873024 master_component.cc:1002] MasterComponent: complete regularizing model pwt
I1005 21:06:13.529022 2047873024 master_component.cc:1449] NormalizeModelArgs: pwt_target_name=pwt, nwt_source_name=nwt, rwt_source_name=rwt
I1005 21:06:13.529029 2047873024 master_component.cc:1006] MasterComponent: start normalizing model nwt
