I1005 20:02:08.512615 2047873024 master_component.cc:1059] FitOffline: ItemsProcessed, num_items=1728, num_batches=2, token_weight=808522, token_weight_in_effect=808522
I1005 20:02:08.512957 2047873024 c_interface.cc:389] Pass FitOfflineMasterModelArgs, batch_filename_size=2, batch_weight_size=2, num_collection_passes=1, reset_nwt=yes to MN4artm4core15MasterComponentEFvRKNS_25FitOfflineMasterModelArgsEE
I1005 20:02:08.512976 2047873024 master_component.cc:1398] ProcessBatchesArgs: nwt_target_name=nwt, batch_filename_size=2, batch_size=0, batch_weight_size=2, pwt_source_name=pwt, num_document_passes=10, regularizer=(name:SmoothSparsePhi, tau:100000), class=(text:1), class=(author:1), reuse_theta=no, opt_for_avx=yes, predict_class_id=, reset_nwt=yes
I1005 20:02:08.531641 26456064 processor.cc:747] Processing queue has data, processing started
I1005 20:02:08.531649 23773184 processor.cc:747] Processing queue has data, processing started
I1005 20:02:08.547272 26456064 processor.cc:820] Processor: start processing batch dabd14b5-1e8a-4d65-94d2-c310c02be74e into model nwt
I1005 20:02:08.556542 23773184 processor.cc:820] Processor: start processing batch 472db180-368e-4dbe-ac96-275aa7464620 into model nwt
I1005 20:02:08.765146 26456064 processor.cc:925] Processor: complete processing batch dabd14b5-1e8a-4d65-94d2-c310c02be74e into model nwt
I1005 20:02:08.768776 26456064 cuckoo_watch.h:45] 237ms in ProcessBatch(lectures_batches/aaaaaa.batch) [including 15ms in LoadMessage; 8ms in InitializeSparseNdw; 0ms in InitializeTheta; 0ms in CreateRegularizerAgents; 160ms in InferThetaAndUpdateNwtSparse; 3ms in CalculateScore(sparsity_theta_score); 45ms in CalculateScore(^^^ItemsProcessedScore^^^); ]
I1005 20:02:08.790488 26456064 processor.cc:740] No data in processing queue, waiting...
I1005 20:02:09.033036 23773184 processor.cc:925] Processor: complete processing batch 472db180-368e-4dbe-ac96-275aa7464620 into model nwt
I1005 20:02:09.038887 23773184 cuckoo_watch.h:45] 507ms in ProcessBatch(lectures_batches/aaaaab.batch) [including 24ms in LoadMessage; 22ms in InitializeSparseNdw; 0ms in InitializeTheta; 0ms in CreateRegularizerAgents; 340ms in InferThetaAndUpdateNwtSparse; 5ms in CalculateScore(sparsity_theta_score); 108ms in CalculateScore(^^^ItemsProcessedScore^^^); ]
I1005 20:02:09.039376 2047873024 master_component.cc:1436] RegularizeModelArgs: rwt_target_name=rwt, pwt_source_name=pwt, nwt_source_name=nwt
I1005 20:02:09.039422 2047873024 master_component.cc:976] MasterComponent: start regularizing model pwt
I1005 20:02:09.062963 23773184 processor.cc:740] No data in processing queue, waiting...
I1005 20:02:09.140830 2047873024 master_component.cc:1002] MasterComponent: complete regularizing model pwt
I1005 20:02:09.140849 2047873024 master_component.cc:1449] NormalizeModelArgs: pwt_target_name=pwt, nwt_source_name=nwt, rwt_source_name=rwt
I1005 20:02:09.140856 2047873024 master_component.cc:1006] MasterComponent: start normalizing model nwt
I1005 20:02:09.221911 2047873024 master_component.cc:1034] MasterComponent: complete normalizing model nwt
I1005 20:02:09.311364 2047873024 master_component.cc:1473] DisposeModel rwt
I1005 20:02:09.328683 2047873024 master_component.cc:1059] FitOffline: ItemsProcessed, num_items=1728, num_batches=2, token_weight=808522, token_weight_in_effect=808522
I1005 20:02:09.328920 2047873024 c_interface.cc:389] Pass FitOfflineMasterModelArgs, batch_filename_size=2, batch_weight_size=2, num_collection_passes=1, reset_nwt=yes to MN4artm4core15MasterComponentEFvRKNS_25FitOfflineMasterModelArgsEE
I1005 20:02:09.328933 2047873024 master_component.cc:1398] ProcessBatchesArgs: nwt_target_name=nwt, batch_filename_size=2, batch_size=0, batch_weight_size=2, pwt_source_name=pwt, num_document_passes=10, regularizer=(name:SmoothSparsePhi, tau:100000), class=(text:1), class=(author:1), reuse_theta=no, opt_for_avx=yes, predict_class_id=, reset_nwt=yes
I1005 20:02:09.348798 26456064 processor.cc:747] Processing queue has data, processing started
I1005 20:02:09.348830 24846336 processor.cc:747] Processing queue has data, processing started
I1005 20:02:09.363692 26456064 processor.cc:820] Processor: start processing batch dabd14b5-1e8a-4d65-94d2-c310c02be74e into model nwt
I1005 20:02:09.374271 24846336 processor.cc:820] Processor: start processing batch 472db180-368e-4dbe-ac96-275aa7464620 into model nwt
I1005 20:02:09.591550 26456064 processor.cc:925] Processor: complete processing batch dabd14b5-1e8a-4d65-94d2-c310c02be74e into model nwt
I1005 20:02:09.595216 26456064 cuckoo_watch.h:45] 246ms in ProcessBatch(lectures_batches/aaaaaa.batch) [including 14ms in LoadMessage; 8ms in InitializeSparseNdw; 0ms in InitializeTheta; 0ms in CreateRegularizerAgents; 169ms in InferThetaAndUpdateNwtSparse; 3ms in CalculateScore(sparsity_theta_score); 46ms in CalculateScore(^^^ItemsProcessedScore^^^); ]
I1005 20:02:09.617923 26456064 processor.cc:740] No data in processing queue, waiting...
I1005 20:02:09.880059 24846336 processor.cc:925] Processor: complete processing batch 472db180-368e-4dbe-ac96-275aa7464620 into model nwt
I1005 20:02:09.885717 24846336 cuckoo_watch.h:45] 536ms in ProcessBatch(lectures_batches/aaaaab.batch) [including 25ms in LoadMessage; 22ms in InitializeSparseNdw; 0ms in InitializeTheta; 0ms in CreateRegularizerAgents; 370ms in InferThetaAndUpdateNwtSparse; 6ms in CalculateScore(sparsity_theta_score); 106ms in CalculateScore(^^^ItemsProcessedScore^^^); ]
I1005 20:02:09.886312 2047873024 master_component.cc:1436] RegularizeModelArgs: rwt_target_name=rwt, pwt_source_name=pwt, nwt_source_name=nwt
I1005 20:02:09.886363 2047873024 master_component.cc:976] MasterComponent: start regularizing model pwt
I1005 20:02:09.909986 24846336 processor.cc:740] No data in processing queue, waiting...
I1005 20:02:09.989159 2047873024 master_component.cc:1002] MasterComponent: complete regularizing model pwt
I1005 20:02:09.989178 2047873024 master_component.cc:1449] NormalizeModelArgs: pwt_target_name=pwt, nwt_source_name=nwt, rwt_source_name=rwt
I1005 20:02:09.989184 2047873024 master_component.cc:1006] MasterComponent: start normalizing model nwt
I1005 20:02:10.073328 2047873024 master_component.cc:1034] MasterComponent: complete normalizing model nwt
I1005 20:02:10.149353 2047873024 master_component.cc:1473] DisposeModel rwt
I1005 20:02:10.166474 2047873024 master_component.cc:1059] FitOffline: ItemsProcessed, num_items=1728, num_batches=2, token_weight=808522, token_weight_in_effect=808522
I1005 20:02:10.166720 2047873024 c_interface.cc:389] Pass FitOfflineMasterModelArgs, batch_filename_size=2, batch_weight_size=2, num_collection_passes=1, reset_nwt=yes to MN4artm4core15MasterComponentEFvRKNS_25FitOfflineMasterModelArgsEE
I1005 20:02:10.166735 2047873024 master_component.cc:1398] ProcessBatchesArgs: nwt_target_name=nwt, batch_filename_size=2, batch_size=0, batch_weight_size=2, pwt_source_name=pwt, num_document_passes=10, regularizer=(name:SmoothSparsePhi, tau:100000), class=(text:1), class=(author:1), reuse_theta=no, opt_for_avx=yes, predict_class_id=, reset_nwt=yes
I1005 20:02:10.182833 27529216 processor.cc:747] Processing queue has data, processing started
I1005 20:02:10.182842 23773184 processor.cc:747] Processing queue has data, processing started
I1005 20:02:10.196350 27529216 processor.cc:820] Processor: start processing batch dabd14b5-1e8a-4d65-94d2-c310c02be74e into model nwt
I1005 20:02:10.206496 23773184 processor.cc:820] Processor: start processing batch 472db180-368e-4dbe-ac96-275aa7464620 into model nwt
I1005 20:02:10.411350 27529216 processor.cc:925] Processor: complete processing batch dabd14b5-1e8a-4d65-94d2-c310c02be74e into model nwt
I1005 20:02:10.415160 27529216 cuckoo_watch.h:45] 232ms in ProcessBatch(lectures_batches/aaaaaa.batch) [including 13ms in LoadMessage; 8ms in InitializeSparseNdw; 0ms in InitializeTheta; 0ms in CreateRegularizerAgents; 156ms in InferThetaAndUpdateNwtSparse; 3ms in CalculateScore(sparsity_theta_score); 45ms in CalculateScore(^^^ItemsProcessedScore^^^); ]
I1005 20:02:10.438030 27529216 processor.cc:740] No data in processing queue, waiting...
I1005 20:02:10.687681 23773184 processor.cc:925] Processor: complete processing batch 472db180-368e-4dbe-ac96-275aa7464620 into model nwt
I1005 20:02:10.694082 23773184 cuckoo_watch.h:45] 511ms in ProcessBatch(lectures_batches/aaaaab.batch) [including 23ms in LoadMessage; 20ms in InitializeSparseNdw; 0ms in InitializeTheta; 0ms in CreateRegularizerAgents; 354ms in InferThetaAndUpdateNwtSparse; 6ms in CalculateScore(sparsity_theta_score); 100ms in CalculateScore(^^^ItemsProcessedScore^^^); ]
I1005 20:02:10.694250 2047873024 master_component.cc:1436] RegularizeModelArgs: rwt_target_name=rwt, pwt_source_name=pwt, nwt_source_name=nwt
I1005 20:02:10.694270 2047873024 master_component.cc:976] MasterComponent: start regularizing model pwt
I1005 20:02:10.718461 23773184 processor.cc:740] No data in processing queue, waiting...
I1005 20:02:10.796835 2047873024 master_component.cc:1002] MasterComponent: complete regularizing model pwt
I1005 20:02:10.796856 2047873024 master_component.cc:1449] NormalizeModelArgs: pwt_target_name=pwt, nwt_source_name=nwt, rwt_source_name=rwt
I1005 20:02:10.796862 2047873024 master_component.cc:1006] MasterComponent: start normalizing model nwt
I1005 20:02:10.877063 2047873024 master_component.cc:1034] MasterComponent: complete normalizing model nwt
I1005 20:02:10.955330 2047873024 master_component.cc:1473] DisposeModel rwt
I1005 20:02:10.972523 2047873024 master_component.cc:1059] FitOffline: ItemsProcessed, num_items=1728, num_batches=2, token_weight=808522, token_weight_in_effect=808522
I1005 20:02:10.972762 2047873024 c_interface.cc:389] Pass FitOfflineMasterModelArgs, batch_filename_size=2, batch_weight_size=2, num_collection_passes=1, reset_nwt=yes to MN4artm4core15MasterComponentEFvRKNS_25FitOfflineMasterModelArgsEE
I1005 20:02:10.972776 2047873024 master_component.cc:1398] ProcessBatchesArgs: nwt_target_name=nwt, batch_filename_size=2, batch_size=0, batch_weight_size=2, pwt_source_name=pwt, num_document_passes=10, regularizer=(name:SmoothSparsePhi, tau:100000), class=(text:1), class=(author:1), reuse_theta=no, opt_for_avx=yes, predict_class_id=, reset_nwt=yes
I1005 20:02:10.994761 26456064 processor.cc:747] Processing queue has data, processing started
I1005 20:02:10.994753 28065792 processor.cc:747] Processing queue has data, processing started
I1005 20:02:11.009754 28065792 processor.cc:820] Processor: start processing batch dabd14b5-1e8a-4d65-94d2-c310c02be74e into model nwt
I1005 20:02:11.020236 26456064 processor.cc:820] Processor: start processing batch 472db180-368e-4dbe-ac96-275aa7464620 into model nwt
I1005 20:02:11.227404 28065792 processor.cc:925] Processor: complete processing batch dabd14b5-1e8a-4d65-94d2-c310c02be74e into model nwt
I1005 20:02:11.231381 28065792 cuckoo_watch.h:45] 236ms in ProcessBatch(lectures_batches/aaaaaa.batch) [including 14ms in LoadMessage; 8ms in InitializeSparseNdw; 0ms in InitializeTheta; 0ms in CreateRegularizerAgents; 159ms in InferThetaAndUpdateNwtSparse; 3ms in CalculateScore(sparsity_theta_score); 45ms in CalculateScore(^^^ItemsProcessedScore^^^); ]
I1005 20:02:11.253466 28065792 processor.cc:740] No data in processing queue, waiting...
I1005 20:02:11.520911 26456064 processor.cc:925] Processor: complete processing batch 472db180-368e-4dbe-ac96-275aa7464620 into model nwt
I1005 20:02:11.526077 26456064 cuckoo_watch.h:45] 531ms in ProcessBatch(lectures_batches/aaaaab.batch) [including 25ms in LoadMessage; 21ms in InitializeSparseNdw; 0ms in InitializeTheta; 0ms in CreateRegularizerAgents; 367ms in InferThetaAndUpdateNwtSparse; 6ms in CalculateScore(sparsity_theta_score); 105ms in CalculateScore(^^^ItemsProcessedScore^^^); ]
I1005 20:02:11.526254 2047873024 master_component.cc:1436] RegularizeModelArgs: rwt_target_name=rwt, pwt_source_name=pwt, nwt_source_name=nwt
I1005 20:02:11.526273 2047873024 master_component.cc:976] MasterComponent: start regularizing model pwt
I1005 20:02:11.548811 26456064 processor.cc:740] No data in processing queue, waiting...
I1005 20:02:11.629828 2047873024 master_component.cc:1002] MasterComponent: complete regularizing model pwt
I1005 20:02:11.629849 2047873024 master_component.cc:1449] NormalizeModelArgs: pwt_target_name=pwt, nwt_source_name=nwt, rwt_source_name=rwt
I1005 20:02:11.629885 2047873024 master_component.cc:1006] MasterComponent: start normalizing model nwt
I1005 20:02:11.705997 2047873024 master_component.cc:1034] MasterComponent: complete normalizing model nwt
I1005 20:02:11.773416 2047873024 master_component.cc:1473] DisposeModel rwt
I1005 20:02:11.789600 2047873024 master_component.cc:1059] FitOffline: ItemsProcessed, num_items=1728, num_batches=2, token_weight=808522, token_weight_in_effect=808522
I1005 20:02:11.789827 2047873024 c_interface.cc:389] Pass FitOfflineMasterModelArgs, batch_filename_size=2, batch_weight_size=2, num_collection_passes=1, reset_nwt=yes to MN4artm4core15MasterComponentEFvRKNS_25FitOfflineMasterModelArgsEE
I1005 20:02:11.789839 2047873024 master_component.cc:1398] ProcessBatchesArgs: nwt_target_name=nwt, batch_filename_size=2, batch_size=0, batch_weight_size=2, pwt_source_name=pwt, num_document_passes=10, regularizer=(name:SmoothSparsePhi, tau:100000), class=(text:1), class=(author:1), reuse_theta=no, opt_for_avx=yes, predict_class_id=, reset_nwt=yes
I1005 20:02:11.807401 27529216 processor.cc:747] Processing queue has data, processing started
I1005 20:02:11.807406 28065792 processor.cc:747] Processing queue has data, processing started
I1005 20:02:11.820267 27529216 processor.cc:820] Processor: start processing batch dabd14b5-1e8a-4d65-94d2-c310c02be74e into model nwt
I1005 20:02:11.830487 28065792 processor.cc:820] Processor: start processing batch 472db180-368e-4dbe-ac96-275aa7464620 into model nwt
I1005 20:02:12.040074 27529216 processor.cc:925] Processor: complete processing batch dabd14b5-1e8a-4d65-94d2-c310c02be74e into model nwt
I1005 20:02:12.043395 27529216 cuckoo_watch.h:45] 235ms in ProcessBatch(lectures_batches/aaaaaa.batch) [including 12ms in LoadMessage; 7ms in InitializeSparseNdw; 0ms in InitializeTheta; 0ms in CreateRegularizerAgents; 164ms in InferThetaAndUpdateNwtSparse; 3ms in CalculateScore(sparsity_theta_score); 44ms in CalculateScore(^^^ItemsProcessedScore^^^); ]
I1005 20:02:12.066284 27529216 processor.cc:740] No data in processing queue, waiting...
I1005 20:02:12.358974 28065792 processor.cc:925] Processor: complete processing batch 472db180-368e-4dbe-ac96-275aa7464620 into model nwt
I1005 20:02:12.365702 28065792 cuckoo_watch.h:45] 558ms in ProcessBatch(lectures_batches/aaaaab.batch) [including 23ms in LoadMessage; 23ms in InitializeSparseNdw; 0ms in InitializeTheta; 0ms in CreateRegularizerAgents; 384ms in InferThetaAndUpdateNwtSparse; 5ms in CalculateScore(sparsity_theta_score); 114ms in CalculateScore(^^^ItemsProcessedScore^^^); ]
I1005 20:02:12.366463 2047873024 master_component.cc:1436] RegularizeModelArgs: rwt_target_name=rwt, pwt_source_name=pwt, nwt_source_name=nwt
I1005 20:02:12.366530 2047873024 master_component.cc:976] MasterComponent: start regularizing model pwt
I1005 20:02:12.390002 28065792 processor.cc:740] No data in processing queue, waiting...
I1005 20:02:12.469029 2047873024 master_component.cc:1002] MasterComponent: complete regularizing model pwt
I1005 20:02:12.469048 2047873024 master_component.cc:1449] NormalizeModelArgs: pwt_target_name=pwt, nwt_source_name=nwt, rwt_source_name=rwt
I1005 20:02:12.469054 2047873024 master_component.cc:1006] MasterComponent: start normalizing model nwt
I1005 20:02:12.548537 2047873024 master_component.cc:1034] MasterComponent: complete normalizing model nwt
I1005 20:02:12.611243 2047873024 master_component.cc:1473] DisposeModel rwt
I1005 20:02:12.626092 2047873024 master_component.cc:1059] FitOffline: ItemsProcessed, num_items=1728, num_batches=2, token_weight=808522, token_weight_in_effect=808522
I1005 20:02:12.626368 2047873024 c_interface.cc:389] Pass FitOfflineMasterModelArgs, batch_filename_size=2, batch_weight_size=2, num_collection_passes=1, reset_nwt=yes to MN4artm4core15MasterComponentEFvRKNS_25FitOfflineMasterModelArgsEE
I1005 20:02:12.626382 2047873024 master_component.cc:1398] ProcessBatchesArgs: nwt_target_name=nwt, batch_filename_size=2, batch_size=0, batch_weight_size=2, pwt_source_name=pwt, num_document_passes=10, regularizer=(name:SmoothSparsePhi, tau:100000), class=(text:1), class=(author:1), reuse_theta=no, opt_for_avx=yes, predict_class_id=, reset_nwt=yes
I1005 20:02:12.643690 23773184 processor.cc:747] Processing queue has data, processing started
I1005 20:02:12.643687 26992640 processor.cc:747] Processing queue has data, processing started
I1005 20:02:12.657021 26992640 processor.cc:820] Processor: start processing batch dabd14b5-1e8a-4d65-94d2-c310c02be74e into model nwt
I1005 20:02:12.667963 23773184 processor.cc:820] Processor: start processing batch 472db180-368e-4dbe-ac96-275aa7464620 into model nwt
I1005 20:02:12.882683 26992640 processor.cc:925] Processor: complete processing batch dabd14b5-1e8a-4d65-94d2-c310c02be74e into model nwt
I1005 20:02:12.886550 26992640 cuckoo_watch.h:45] 242ms in ProcessBatch(lectures_batches/aaaaaa.batch) [including 13ms in LoadMessage; 9ms in InitializeSparseNdw; 0ms in InitializeTheta; 0ms in CreateRegularizerAgents; 167ms in InferThetaAndUpdateNwtSparse; 3ms in CalculateScore(sparsity_theta_score); 45ms in CalculateScore(^^^ItemsProcessedScore^^^); ]
I1005 20:02:12.908555 26992640 processor.cc:740] No data in processing queue, waiting...
I1005 20:02:13.178576 23773184 processor.cc:925] Processor: complete processing batch 472db180-368e-4dbe-ac96-275aa7464620 into model nwt
I1005 20:02:13.185101 23773184 cuckoo_watch.h:45] 541ms in ProcessBatch(lectures_batches/aaaaab.batch) [including 24ms in LoadMessage; 19ms in InitializeSparseNdw; 0ms in InitializeTheta; 0ms in CreateRegularizerAgents; 368ms in InferThetaAndUpdateNwtSparse; 6ms in CalculateScore(sparsity_theta_score); 115ms in CalculateScore(^^^ItemsProcessedScore^^^); ]
I1005 20:02:13.185832 2047873024 master_component.cc:1436] RegularizeModelArgs: rwt_target_name=rwt, pwt_source_name=pwt, nwt_source_name=nwt
I1005 20:02:13.185866 2047873024 master_component.cc:976] MasterComponent: start regularizing model pwt
I1005 20:02:13.209233 23773184 processor.cc:740] No data in processing queue, waiting...
I1005 20:02:13.296872 2047873024 master_component.cc:1002] MasterComponent: complete regularizing model pwt
I1005 20:02:13.296895 2047873024 master_component.cc:1449] NormalizeModelArgs: pwt_target_name=pwt, nwt_source_name=nwt, rwt_source_name=rwt
I1005 20:02:13.296905 2047873024 master_component.cc:1006] MasterComponent: start normalizing model nwt
I1005 20:02:13.381186 2047873024 master_component.cc:1034] MasterComponent: complete normalizing model nwt
I1005 20:02:13.453850 2047873024 master_component.cc:1473] DisposeModel rwt
I1005 20:02:13.472975 2047873024 master_component.cc:1059] FitOffline: ItemsProcessed, num_items=1728, num_batches=2, token_weight=808522, token_weight_in_effect=808522
I1005 20:02:13.473249 2047873024 c_interface.cc:389] Pass FitOfflineMasterModelArgs, batch_filename_size=2, batch_weight_size=2, num_collection_passes=1, reset_nwt=yes to MN4artm4core15MasterComponentEFvRKNS_25FitOfflineMasterModelArgsEE
I1005 20:02:13.473264 2047873024 master_component.cc:1398] ProcessBatchesArgs: nwt_target_name=nwt, batch_filename_size=2, batch_size=0, batch_weight_size=2, pwt_source_name=pwt, num_document_passes=10, regularizer=(name:SmoothSparsePhi, tau:100000), class=(text:1), class=(author:1), reuse_theta=no, opt_for_avx=yes, predict_class_id=, reset_nwt=yes
I1005 20:02:13.492038 26456064 processor.cc:747] Processing queue has data, processing started
I1005 20:02:13.492061 27529216 processor.cc:747] Processing queue has data, processing started
I1005 20:02:13.505100 26456064 processor.cc:820] Processor: start processing batch dabd14b5-1e8a-4d65-94d2-c310c02be74e into model nwt
I1005 20:02:13.516178 27529216 processor.cc:820] Processor: start processing batch 472db180-368e-4dbe-ac96-275aa7464620 into model nwt
I1005 20:02:13.725525 26456064 processor.cc:925] Processor: complete processing batch dabd14b5-1e8a-4d65-94d2-c310c02be74e into model nwt
I1005 20:02:13.729013 26456064 cuckoo_watch.h:45] 236ms in ProcessBatch(lectures_batches/aaaaaa.batch) [including 13ms in LoadMessage; 7ms in InitializeSparseNdw; 0ms in InitializeTheta; 0ms in CreateRegularizerAgents; 162ms in InferThetaAndUpdateNwtSparse; 3ms in CalculateScore(sparsity_theta_score); 46ms in CalculateScore(^^^ItemsProcessedScore^^^); ]
I1005 20:02:13.751699 26456064 processor.cc:740] No data in processing queue, waiting...
I1005 20:02:14.005540 27529216 processor.cc:925] Processor: complete processing batch 472db180-368e-4dbe-ac96-275aa7464620 into model nwt
I1005 20:02:14.012115 27529216 cuckoo_watch.h:45] 520ms in ProcessBatch(lectures_batches/aaaaab.batch) [including 24ms in LoadMessage; 19ms in InitializeSparseNdw; 0ms in InitializeTheta; 0ms in CreateRegularizerAgents; 361ms in InferThetaAndUpdateNwtSparse; 6ms in CalculateScore(sparsity_theta_score); 102ms in CalculateScore(^^^ItemsProcessedScore^^^); ]
I1005 20:02:14.013025 2047873024 master_component.cc:1436] RegularizeModelArgs: rwt_target_name=rwt, pwt_source_name=pwt, nwt_source_name=nwt
I1005 20:02:14.013072 2047873024 master_component.cc:976] MasterComponent: start regularizing model pwt
I1005 20:02:14.035794 27529216 processor.cc:740] No data in processing queue, waiting...
I1005 20:02:14.120292 2047873024 master_component.cc:1002] MasterComponent: complete regularizing model pwt
I1005 20:02:14.120312 2047873024 master_component.cc:1449] NormalizeModelArgs: pwt_target_name=pwt, nwt_source_name=nwt, rwt_source_name=rwt
I1005 20:02:14.120318 2047873024 master_component.cc:1006] MasterComponent: start normalizing model nwt
I1005 20:02:14.197888 2047873024 master_component.cc:1034] MasterComponent: complete normalizing model nwt
I1005 20:02:14.264444 2047873024 master_component.cc:1473] DisposeModel rwt
I1005 20:02:14.282922 2047873024 master_component.cc:1059] FitOffline: ItemsProcessed, num_items=1728, num_batches=2, token_weight=808522, token_weight_in_effect=808522
I1005 20:02:14.283185 2047873024 c_interface.cc:389] Pass FitOfflineMasterModelArgs, batch_filename_size=2, batch_weight_size=2, num_collection_passes=1, reset_nwt=yes to MN4artm4core15MasterComponentEFvRKNS_25FitOfflineMasterModelArgsEE
I1005 20:02:14.283201 2047873024 master_component.cc:1398] ProcessBatchesArgs: nwt_target_name=nwt, batch_filename_size=2, batch_size=0, batch_weight_size=2, pwt_source_name=pwt, num_document_passes=10, regularizer=(name:SmoothSparsePhi, tau:100000), class=(text:1), class=(author:1), reuse_theta=no, opt_for_avx=yes, predict_class_id=, reset_nwt=yes
I1005 20:02:14.301726 26456064 processor.cc:747] Processing queue has data, processing started
I1005 20:02:14.301718 28065792 processor.cc:747] Processing queue has data, processing started
I1005 20:02:14.314836 28065792 processor.cc:820] Processor: start processing batch dabd14b5-1e8a-4d65-94d2-c310c02be74e into model nwt
I1005 20:02:14.325456 26456064 processor.cc:820] Processor: start processing batch 472db180-368e-4dbe-ac96-275aa7464620 into model nwt
I1005 20:02:14.542210 28065792 processor.cc:925] Processor: complete processing batch dabd14b5-1e8a-4d65-94d2-c310c02be74e into model nwt
I1005 20:02:14.546208 28065792 cuckoo_watch.h:45] 244ms in ProcessBatch(lectures_batches/aaaaaa.batch) [including 13ms in LoadMessage; 7ms in InitializeSparseNdw; 0ms in InitializeTheta; 0ms in CreateRegularizerAgents; 165ms in InferThetaAndUpdateNwtSparse; 3ms in CalculateScore(sparsity_theta_score); 50ms in CalculateScore(^^^ItemsProcessedScore^^^); ]
I1005 20:02:14.568042 28065792 processor.cc:740] No data in processing queue, waiting...
I1005 20:02:14.814688 26456064 processor.cc:925] Processor: complete processing batch 472db180-368e-4dbe-ac96-275aa7464620 into model nwt
I1005 20:02:14.820832 26456064 cuckoo_watch.h:45] 519ms in ProcessBatch(lectures_batches/aaaaab.batch) [including 23ms in LoadMessage; 21ms in InitializeSparseNdw; 0ms in InitializeTheta; 0ms in CreateRegularizerAgents; 362ms in InferThetaAndUpdateNwtSparse; 5ms in CalculateScore(sparsity_theta_score); 99ms in CalculateScore(^^^ItemsProcessedScore^^^); ]
I1005 20:02:14.821499 2047873024 master_component.cc:1436] RegularizeModelArgs: rwt_target_name=rwt, pwt_source_name=pwt, nwt_source_name=nwt
I1005 20:02:14.821570 2047873024 master_component.cc:976] MasterComponent: start regularizing model pwt
I1005 20:02:14.843964 26456064 processor.cc:740] No data in processing queue, waiting...
I1005 20:02:14.927295 2047873024 master_component.cc:1002] MasterComponent: complete regularizing model pwt
I1005 20:02:14.927317 2047873024 master_component.cc:1449] NormalizeModelArgs: pwt_target_name=pwt, nwt_source_name=nwt, rwt_source_name=rwt
I1005 20:02:14.927323 2047873024 master_component.cc:1006] MasterComponent: start normalizing model nwt
I1005 20:02:15.005156 2047873024 master_component.cc:1034] MasterComponent: complete normalizing model nwt
I1005 20:02:15.073210 2047873024 master_component.cc:1473] DisposeModel rwt
I1005 20:02:15.092149 2047873024 master_component.cc:1059] FitOffline: ItemsProcessed, num_items=1728, num_batches=2, token_weight=808522, token_weight_in_effect=808522
I1005 20:02:15.092386 2047873024 c_interface.cc:389] Pass FitOfflineMasterModelArgs, batch_filename_size=2, batch_weight_size=2, num_collection_passes=1, reset_nwt=yes to MN4artm4core15MasterComponentEFvRKNS_25FitOfflineMasterModelArgsEE
I1005 20:02:15.092401 2047873024 master_component.cc:1398] ProcessBatchesArgs: nwt_target_name=nwt, batch_filename_size=2, batch_size=0, batch_weight_size=2, pwt_source_name=pwt, num_document_passes=10, regularizer=(name:SmoothSparsePhi, tau:100000), class=(text:1), class=(author:1), reuse_theta=no, opt_for_avx=yes, predict_class_id=, reset_nwt=yes
I1005 20:02:15.110366 26992640 processor.cc:747] Processing queue has data, processing started
I1005 20:02:15.110371 24309760 processor.cc:747] Processing queue has data, processing started
I1005 20:02:15.123411 26992640 processor.cc:820] Processor: start processing batch dabd14b5-1e8a-4d65-94d2-c310c02be74e into model nwt
I1005 20:02:15.134534 24309760 processor.cc:820] Processor: start processing batch 472db180-368e-4dbe-ac96-275aa7464620 into model nwt
I1005 20:02:15.346033 26992640 processor.cc:925] Processor: complete processing batch dabd14b5-1e8a-4d65-94d2-c310c02be74e into model nwt
I1005 20:02:15.349299 26992640 cuckoo_watch.h:45] 238ms in ProcessBatch(lectures_batches/aaaaaa.batch) [including 13ms in LoadMessage; 8ms in InitializeSparseNdw; 0ms in InitializeTheta; 0ms in CreateRegularizerAgents; 165ms in InferThetaAndUpdateNwtSparse; 3ms in CalculateScore(sparsity_theta_score); 44ms in CalculateScore(^^^ItemsProcessedScore^^^); ]
I1005 20:02:15.371867 26992640 processor.cc:740] No data in processing queue, waiting...
I1005 20:02:15.613435 24309760 processor.cc:925] Processor: complete processing batch 472db180-368e-4dbe-ac96-275aa7464620 into model nwt
I1005 20:02:15.619520 24309760 cuckoo_watch.h:45] 509ms in ProcessBatch(lectures_batches/aaaaab.batch) [including 24ms in LoadMessage; 23ms in InitializeSparseNdw; 0ms in InitializeTheta; 0ms in CreateRegularizerAgents; 350ms in InferThetaAndUpdateNwtSparse; 4ms in CalculateScore(sparsity_theta_score); 99ms in CalculateScore(^^^ItemsProcessedScore^^^); ]
I1005 20:02:15.619856 2047873024 master_component.cc:1436] RegularizeModelArgs: rwt_target_name=rwt, pwt_source_name=pwt, nwt_source_name=nwt
I1005 20:02:15.619897 2047873024 master_component.cc:976] MasterComponent: start regularizing model pwt
I1005 20:02:15.643263 24309760 processor.cc:740] No data in processing queue, waiting...
I1005 20:02:15.725920 2047873024 master_component.cc:1002] MasterComponent: complete regularizing model pwt
I1005 20:02:15.725940 2047873024 master_component.cc:1449] NormalizeModelArgs: pwt_target_name=pwt, nwt_source_name=nwt, rwt_source_name=rwt
I1005 20:02:15.725947 2047873024 master_component.cc:1006] MasterComponent: start normalizing model nwt
I1005 20:02:15.805308 2047873024 master_component.cc:1034] MasterComponent: complete normalizing model nwt
I1005 20:02:15.874845 2047873024 master_component.cc:1473] DisposeModel rwt
I1005 20:02:15.892076 2047873024 master_component.cc:1059] FitOffline: ItemsProcessed, num_items=1728, num_batches=2, token_weight=808522, token_weight_in_effect=808522
I1005 20:02:15.892313 2047873024 c_interface.cc:389] Pass FitOfflineMasterModelArgs, batch_filename_size=2, batch_weight_size=2, num_collection_passes=1, reset_nwt=yes to MN4artm4core15MasterComponentEFvRKNS_25FitOfflineMasterModelArgsEE
I1005 20:02:15.892357 2047873024 master_component.cc:1398] ProcessBatchesArgs: nwt_target_name=nwt, batch_filename_size=2, batch_size=0, batch_weight_size=2, pwt_source_name=pwt, num_document_passes=10, regularizer=(name:SmoothSparsePhi, tau:100000), class=(text:1), class=(author:1), reuse_theta=no, opt_for_avx=yes, predict_class_id=, reset_nwt=yes
I1005 20:02:15.909772 26992640 processor.cc:747] Processing queue has data, processing started
I1005 20:02:15.909780 26456064 processor.cc:747] Processing queue has data, processing started
I1005 20:02:15.923063 26992640 processor.cc:820] Processor: start processing batch dabd14b5-1e8a-4d65-94d2-c310c02be74e into model nwt
I1005 20:02:15.933354 26456064 processor.cc:820] Processor: start processing batch 472db180-368e-4dbe-ac96-275aa7464620 into model nwt
I1005 20:02:16.143101 26992640 processor.cc:925] Processor: complete processing batch dabd14b5-1e8a-4d65-94d2-c310c02be74e into model nwt
I1005 20:02:16.147547 26992640 cuckoo_watch.h:45] 237ms in ProcessBatch(lectures_batches/aaaaaa.batch) [including 13ms in LoadMessage; 7ms in InitializeSparseNdw; 0ms in InitializeTheta; 0ms in CreateRegularizerAgents; 161ms in InferThetaAndUpdateNwtSparse; 3ms in CalculateScore(sparsity_theta_score); 47ms in CalculateScore(^^^ItemsProcessedScore^^^); ]
I1005 20:02:16.169764 26992640 processor.cc:740] No data in processing queue, waiting...
I1005 20:02:16.446282 26456064 processor.cc:925] Processor: complete processing batch 472db180-368e-4dbe-ac96-275aa7464620 into model nwt
I1005 20:02:16.452222 26456064 cuckoo_watch.h:45] 542ms in ProcessBatch(lectures_batches/aaaaab.batch) [including 23ms in LoadMessage; 19ms in InitializeSparseNdw; 0ms in InitializeTheta; 0ms in CreateRegularizerAgents; 370ms in InferThetaAndUpdateNwtSparse; 6ms in CalculateScore(sparsity_theta_score); 116ms in CalculateScore(^^^ItemsProcessedScore^^^); ]
I1005 20:02:16.453011 2047873024 master_component.cc:1436] RegularizeModelArgs: rwt_target_name=rwt, pwt_source_name=pwt, nwt_source_name=nwt
I1005 20:02:16.453027 2047873024 master_component.cc:976] MasterComponent: start regularizing model pwt
I1005 20:02:16.475451 26456064 processor.cc:740] No data in processing queue, waiting...
I1005 20:02:16.565512 2047873024 master_component.cc:1002] MasterComponent: complete regularizing model pwt
I1005 20:02:16.565531 2047873024 master_component.cc:1449] NormalizeModelArgs: pwt_target_name=pwt, nwt_source_name=nwt, rwt_source_name=rwt
I1005 20:02:16.565537 2047873024 master_component.cc:1006] MasterComponent: start normalizing model nwt
I1005 20:02:16.650367 2047873024 master_component.cc:1034] MasterComponent: complete normalizing model nwt
I1005 20:02:16.718029 2047873024 master_component.cc:1473] DisposeModel rwt
I1005 20:02:16.735640 2047873024 master_component.cc:1059] FitOffline: ItemsProcessed, num_items=1728, num_batches=2, token_weight=808522, token_weight_in_effect=808522
I1005 20:02:16.735870 2047873024 c_interface.cc:389] Pass FitOfflineMasterModelArgs, batch_filename_size=2, batch_weight_size=2, num_collection_passes=1, reset_nwt=yes to MN4artm4core15MasterComponentEFvRKNS_25FitOfflineMasterModelArgsEE
I1005 20:02:16.735885 2047873024 master_component.cc:1398] ProcessBatchesArgs: nwt_target_name=nwt, batch_filename_size=2, batch_size=0, batch_weight_size=2, pwt_source_name=pwt, num_document_passes=10, regularizer=(name:SmoothSparsePhi, tau:100000), class=(text:1), class=(author:1), reuse_theta=no, opt_for_avx=yes, predict_class_id=, reset_nwt=yes
I1005 20:02:16.753789 24309760 processor.cc:747] Processing queue has data, processing started
I1005 20:02:16.753793 23773184 processor.cc:747] Processing queue has data, processing started
I1005 20:02:16.769351 24309760 processor.cc:820] Processor: start processing batch dabd14b5-1e8a-4d65-94d2-c310c02be74e into model nwt
I1005 20:02:16.780450 23773184 processor.cc:820] Processor: start processing batch 472db180-368e-4dbe-ac96-275aa7464620 into model nwt
I1005 20:02:17.019583 24309760 processor.cc:925] Processor: complete processing batch dabd14b5-1e8a-4d65-94d2-c310c02be74e into model nwt
I1005 20:02:17.024091 24309760 cuckoo_watch.h:45] 270ms in ProcessBatch(lectures_batches/aaaaaa.batch) [including 15ms in LoadMessage; 10ms in InitializeSparseNdw; 0ms in InitializeTheta; 0ms in CreateRegularizerAgents; 181ms in InferThetaAndUpdateNwtSparse; 4ms in CalculateScore(sparsity_theta_score); 53ms in CalculateScore(^^^ItemsProcessedScore^^^); ]
I1005 20:02:17.046262 24309760 processor.cc:740] No data in processing queue, waiting...
I1005 20:02:17.287520 23773184 processor.cc:925] Processor: complete processing batch 472db180-368e-4dbe-ac96-275aa7464620 into model nwt
I1005 20:02:17.293660 23773184 cuckoo_watch.h:45] 539ms in ProcessBatch(lectures_batches/aaaaab.batch) [including 26ms in LoadMessage; 23ms in InitializeSparseNdw; 0ms in InitializeTheta; 0ms in CreateRegularizerAgents; 376ms in InferThetaAndUpdateNwtSparse; 4ms in CalculateScore(sparsity_theta_score); 102ms in CalculateScore(^^^ItemsProcessedScore^^^); ]
I1005 20:02:17.293881 2047873024 master_component.cc:1436] RegularizeModelArgs: rwt_target_name=rwt, pwt_source_name=pwt, nwt_source_name=nwt
I1005 20:02:17.293903 2047873024 master_component.cc:976] MasterComponent: start regularizing model pwt
I1005 20:02:17.316782 23773184 processor.cc:740] No data in processing queue, waiting...
I1005 20:02:17.411775 2047873024 master_component.cc:1002] MasterComponent: complete regularizing model pwt
I1005 20:02:17.411795 2047873024 master_component.cc:1449] NormalizeModelArgs: pwt_target_name=pwt, nwt_source_name=nwt, rwt_source_name=rwt
I1005 20:02:17.411803 2047873024 master_component.cc:1006] MasterComponent: start normalizing model nwt
I1005 20:02:17.493037 2047873024 master_component.cc:1034] MasterComponent: complete normalizing model nwt
I1005 20:02:17.554455 2047873024 master_component.cc:1473] DisposeModel rwt
I1005 20:02:17.575337 2047873024 master_component.cc:1059] FitOffline: ItemsProcessed, num_items=1728, num_batches=2, token_weight=808522, token_weight_in_effect=808522
I1005 20:02:17.575579 2047873024 c_interface.cc:389] Pass FitOfflineMasterModelArgs, batch_filename_size=2, batch_weight_size=2, num_collection_passes=1, reset_nwt=yes to MN4artm4core15MasterComponentEFvRKNS_25FitOfflineMasterModelArgsEE
I1005 20:02:17.575593 2047873024 master_component.cc:1398] ProcessBatchesArgs: nwt_target_name=nwt, batch_filename_size=2, batch_size=0, batch_weight_size=2, pwt_source_name=pwt, num_document_passes=10, regularizer=(name:SmoothSparsePhi, tau:100000), class=(text:1), class=(author:1), reuse_theta=no, opt_for_avx=yes, predict_class_id=, reset_nwt=yes
I1005 20:02:17.594529 24309760 processor.cc:747] Processing queue has data, processing started
I1005 20:02:17.594533 23773184 processor.cc:747] Processing queue has data, processing started
I1005 20:02:17.609663 24309760 processor.cc:820] Processor: start processing batch dabd14b5-1e8a-4d65-94d2-c310c02be74e into model nwt
I1005 20:02:17.620338 23773184 processor.cc:820] Processor: start processing batch 472db180-368e-4dbe-ac96-275aa7464620 into model nwt
I1005 20:02:17.836652 24309760 processor.cc:925] Processor: complete processing batch dabd14b5-1e8a-4d65-94d2-c310c02be74e into model nwt
I1005 20:02:17.840512 24309760 cuckoo_watch.h:45] 245ms in ProcessBatch(lectures_batches/aaaaaa.batch) [including 15ms in LoadMessage; 9ms in InitializeSparseNdw; 0ms in InitializeTheta; 0ms in CreateRegularizerAgents; 167ms in InferThetaAndUpdateNwtSparse; 3ms in CalculateScore(sparsity_theta_score); 46ms in CalculateScore(^^^ItemsProcessedScore^^^); ]
I1005 20:02:17.863495 24309760 processor.cc:740] No data in processing queue, waiting...
I1005 20:02:18.122128 23773184 processor.cc:925] Processor: complete processing batch 472db180-368e-4dbe-ac96-275aa7464620 into model nwt
I1005 20:02:18.128217 23773184 cuckoo_watch.h:45] 533ms in ProcessBatch(lectures_batches/aaaaab.batch) [including 25ms in LoadMessage; 21ms in InitializeSparseNdw; 0ms in InitializeTheta; 0ms in CreateRegularizerAgents; 368ms in InferThetaAndUpdateNwtSparse; 6ms in CalculateScore(sparsity_theta_score); 105ms in CalculateScore(^^^ItemsProcessedScore^^^); ]
I1005 20:02:18.128896 2047873024 master_component.cc:1436] RegularizeModelArgs: rwt_target_name=rwt, pwt_source_name=pwt, nwt_source_name=nwt
I1005 20:02:18.128980 2047873024 master_component.cc:976] MasterComponent: start regularizing model pwt
I1005 20:02:18.152482 23773184 processor.cc:740] No data in processing queue, waiting...
I1005 20:02:18.235008 2047873024 master_component.cc:1002] MasterComponent: complete regularizing model pwt
I1005 20:02:18.235026 2047873024 master_component.cc:1449] NormalizeModelArgs: pwt_target_name=pwt, nwt_source_name=nwt, rwt_source_name=rwt
I1005 20:02:18.235033 2047873024 master_component.cc:1006] MasterComponent: start normalizing model nwt
I1005 20:02:18.312126 2047873024 master_component.cc:1034] MasterComponent: complete normalizing model nwt
I1005 20:02:18.376083 2047873024 master_component.cc:1473] DisposeModel rwt
I1005 20:02:18.394819 2047873024 master_component.cc:1059] FitOffline: ItemsProcessed, num_items=1728, num_batches=2, token_weight=808522, token_weight_in_effect=808522
I1005 20:02:18.395046 2047873024 c_interface.cc:389] Pass FitOfflineMasterModelArgs, batch_filename_size=2, batch_weight_size=2, num_collection_passes=1, reset_nwt=yes to MN4artm4core15MasterComponentEFvRKNS_25FitOfflineMasterModelArgsEE
I1005 20:02:18.395057 2047873024 master_component.cc:1398] ProcessBatchesArgs: nwt_target_name=nwt, batch_filename_size=2, batch_size=0, batch_weight_size=2, pwt_source_name=pwt, num_document_passes=10, regularizer=(name:SmoothSparsePhi, tau:100000), class=(text:1), class=(author:1), reuse_theta=no, opt_for_avx=yes, predict_class_id=, reset_nwt=yes
I1005 20:02:18.412643 27529216 processor.cc:747] Processing queue has data, processing started
I1005 20:02:18.412660 26992640 processor.cc:747] Processing queue has data, processing started
I1005 20:02:18.426393 27529216 processor.cc:820] Processor: start processing batch dabd14b5-1e8a-4d65-94d2-c310c02be74e into model nwt
I1005 20:02:18.437151 26992640 processor.cc:820] Processor: start processing batch 472db180-368e-4dbe-ac96-275aa7464620 into model nwt
I1005 20:02:18.661132 27529216 processor.cc:925] Processor: complete processing batch dabd14b5-1e8a-4d65-94d2-c310c02be74e into model nwt
I1005 20:02:18.665146 27529216 cuckoo_watch.h:45] 252ms in ProcessBatch(lectures_batches/aaaaaa.batch) [including 13ms in LoadMessage; 8ms in InitializeSparseNdw; 0ms in InitializeTheta; 0ms in CreateRegularizerAgents; 170ms in InferThetaAndUpdateNwtSparse; 4ms in CalculateScore(sparsity_theta_score); 51ms in CalculateScore(^^^ItemsProcessedScore^^^); ]
I1005 20:02:18.686683 27529216 processor.cc:740] No data in processing queue, waiting...
I1005 20:02:18.928665 26992640 processor.cc:925] Processor: complete processing batch 472db180-368e-4dbe-ac96-275aa7464620 into model nwt
I1005 20:02:18.934173 26992640 cuckoo_watch.h:45] 521ms in ProcessBatch(lectures_batches/aaaaab.batch) [including 24ms in LoadMessage; 20ms in InitializeSparseNdw; 0ms in InitializeTheta; 0ms in CreateRegularizerAgents; 361ms in InferThetaAndUpdateNwtSparse; 5ms in CalculateScore(sparsity_theta_score); 104ms in CalculateScore(^^^ItemsProcessedScore^^^); ]
I1005 20:02:18.934547 2047873024 master_component.cc:1436] RegularizeModelArgs: rwt_target_name=rwt, pwt_source_name=pwt, nwt_source_name=nwt
I1005 20:02:18.934586 2047873024 master_component.cc:976] MasterComponent: start regularizing model pwt
I1005 20:02:18.958267 26992640 processor.cc:740] No data in processing queue, waiting...
I1005 20:02:19.039490 2047873024 master_component.cc:1002] MasterComponent: complete regularizing model pwt
I1005 20:02:19.039510 2047873024 master_component.cc:1449] NormalizeModelArgs: pwt_target_name=pwt, nwt_source_name=nwt, rwt_source_name=rwt
I1005 20:02:19.039517 2047873024 master_component.cc:1006] MasterComponent: start normalizing model nwt
I1005 20:02:19.117789 2047873024 master_component.cc:1034] MasterComponent: complete normalizing model nwt
I1005 20:02:19.188952 2047873024 master_component.cc:1473] DisposeModel rwt
I1005 20:02:19.207204 2047873024 master_component.cc:1059] FitOffline: ItemsProcessed, num_items=1728, num_batches=2, token_weight=808522, token_weight_in_effect=808522
I1005 20:02:19.207486 2047873024 c_interface.cc:389] Pass FitOfflineMasterModelArgs, batch_filename_size=2, batch_weight_size=2, num_collection_passes=1, reset_nwt=yes to MN4artm4core15MasterComponentEFvRKNS_25FitOfflineMasterModelArgsEE
I1005 20:02:19.207505 2047873024 master_component.cc:1398] ProcessBatchesArgs: nwt_target_name=nwt, batch_filename_size=2, batch_size=0, batch_weight_size=2, pwt_source_name=pwt, num_document_passes=10, regularizer=(name:SmoothSparsePhi, tau:100000), class=(text:1), class=(author:1), reuse_theta=no, opt_for_avx=yes, predict_class_id=, reset_nwt=yes
I1005 20:02:19.228631 28065792 processor.cc:747] Processing queue has data, processing started
I1005 20:02:19.228648 24309760 processor.cc:747] Processing queue has data, processing started
I1005 20:02:19.243124 28065792 processor.cc:820] Processor: start processing batch dabd14b5-1e8a-4d65-94d2-c310c02be74e into model nwt
I1005 20:02:19.253917 24309760 processor.cc:820] Processor: start processing batch 472db180-368e-4dbe-ac96-275aa7464620 into model nwt
I1005 20:02:19.466991 28065792 processor.cc:925] Processor: complete processing batch dabd14b5-1e8a-4d65-94d2-c310c02be74e into model nwt
I1005 20:02:19.470687 28065792 cuckoo_watch.h:45] 242ms in ProcessBatch(lectures_batches/aaaaaa.batch) [including 14ms in LoadMessage; 8ms in InitializeSparseNdw; 0ms in InitializeTheta; 0ms in CreateRegularizerAgents; 164ms in InferThetaAndUpdateNwtSparse; 3ms in CalculateScore(sparsity_theta_score); 47ms in CalculateScore(^^^ItemsProcessedScore^^^); ]
I1005 20:02:19.492956 28065792 processor.cc:740] No data in processing queue, waiting...
I1005 20:02:19.750638 24309760 processor.cc:925] Processor: complete processing batch 472db180-368e-4dbe-ac96-275aa7464620 into model nwt
I1005 20:02:19.757423 2047873024 master_component.cc:1436] RegularizeModelArgs: rwt_target_name=rwt, pwt_source_name=pwt, nwt_source_name=nwt
I1005 20:02:19.757448 2047873024 master_component.cc:976] MasterComponent: start regularizing model pwt
I1005 20:02:19.757403 24309760 cuckoo_watch.h:45] 528ms in ProcessBatch(lectures_batches/aaaaab.batch) [including 25ms in LoadMessage; 22ms in InitializeSparseNdw; 0ms in InitializeTheta; 0ms in CreateRegularizerAgents; 353ms in InferThetaAndUpdateNwtSparse; 6ms in CalculateScore(sparsity_theta_score); 114ms in CalculateScore(^^^ItemsProcessedScore^^^); ]
I1005 20:02:19.781224 24309760 processor.cc:740] No data in processing queue, waiting...
I1005 20:02:19.877286 2047873024 master_component.cc:1002] MasterComponent: complete regularizing model pwt
I1005 20:02:19.877306 2047873024 master_component.cc:1449] NormalizeModelArgs: pwt_target_name=pwt, nwt_source_name=nwt, rwt_source_name=rwt
I1005 20:02:19.877312 2047873024 master_component.cc:1006] MasterComponent: start normalizing model nwt
I1005 20:02:19.953487 2047873024 master_component.cc:1034] MasterComponent: complete normalizing model nwt
I1005 20:02:20.013389 2047873024 master_component.cc:1473] DisposeModel rwt
I1005 20:02:20.029681 2047873024 master_component.cc:1059] FitOffline: ItemsProcessed, num_items=1728, num_batches=2, token_weight=808522, token_weight_in_effect=808522
I1005 20:02:20.029937 2047873024 c_interface.cc:389] Pass FitOfflineMasterModelArgs, batch_filename_size=2, batch_weight_size=2, num_collection_passes=1, reset_nwt=yes to MN4artm4core15MasterComponentEFvRKNS_25FitOfflineMasterModelArgsEE
I1005 20:02:20.029952 2047873024 master_component.cc:1398] ProcessBatchesArgs: nwt_target_name=nwt, batch_filename_size=2, batch_size=0, batch_weight_size=2, pwt_source_name=pwt, num_document_passes=10, regularizer=(name:SmoothSparsePhi, tau:100000), class=(text:1), class=(author:1), reuse_theta=no, opt_for_avx=yes, predict_class_id=, reset_nwt=yes
I1005 20:02:20.046558 26456064 processor.cc:747] Processing queue has data, processing started
I1005 20:02:20.046569 26992640 processor.cc:747] Processing queue has data, processing started
I1005 20:02:20.059443 26456064 processor.cc:820] Processor: start processing batch dabd14b5-1e8a-4d65-94d2-c310c02be74e into model nwt
I1005 20:02:20.069802 26992640 processor.cc:820] Processor: start processing batch 472db180-368e-4dbe-ac96-275aa7464620 into model nwt
I1005 20:02:20.269508 26456064 processor.cc:925] Processor: complete processing batch dabd14b5-1e8a-4d65-94d2-c310c02be74e into model nwt
I1005 20:02:20.272944 26456064 cuckoo_watch.h:45] 226ms in ProcessBatch(lectures_batches/aaaaaa.batch) [including 12ms in LoadMessage; 7ms in InitializeSparseNdw; 0ms in InitializeTheta; 0ms in CreateRegularizerAgents; 156ms in InferThetaAndUpdateNwtSparse; 3ms in CalculateScore(sparsity_theta_score); 42ms in CalculateScore(^^^ItemsProcessedScore^^^); ]
I1005 20:02:20.295330 26456064 processor.cc:740] No data in processing queue, waiting...
I1005 20:02:20.544631 26992640 processor.cc:925] Processor: complete processing batch 472db180-368e-4dbe-ac96-275aa7464620 into model nwt
I1005 20:02:20.551014 26992640 cuckoo_watch.h:45] 504ms in ProcessBatch(lectures_batches/aaaaab.batch) [including 23ms in LoadMessage; 19ms in InitializeSparseNdw; 0ms in InitializeTheta; 0ms in CreateRegularizerAgents; 341ms in InferThetaAndUpdateNwtSparse; 5ms in CalculateScore(sparsity_theta_score); 107ms in CalculateScore(^^^ItemsProcessedScore^^^); ]
I1005 20:02:20.551326 2047873024 master_component.cc:1436] RegularizeModelArgs: rwt_target_name=rwt, pwt_source_name=pwt, nwt_source_name=nwt
I1005 20:02:20.551365 2047873024 master_component.cc:976] MasterComponent: start regularizing model pwt
I1005 20:02:20.574618 26992640 processor.cc:740] No data in processing queue, waiting...
I1005 20:02:20.655725 2047873024 master_component.cc:1002] MasterComponent: complete regularizing model pwt
I1005 20:02:20.655745 2047873024 master_component.cc:1449] NormalizeModelArgs: pwt_target_name=pwt, nwt_source_name=nwt, rwt_source_name=rwt
I1005 20:02:20.655751 2047873024 master_component.cc:1006] MasterComponent: start normalizing model nwt
I1005 20:02:20.734448 2047873024 master_component.cc:1034] MasterComponent: complete normalizing model nwt
I1005 20:02:20.800781 2047873024 master_component.cc:1473] DisposeModel rwt
I1005 20:02:20.815575 2047873024 master_component.cc:1059] FitOffline: ItemsProcessed, num_items=1728, num_batches=2, token_weight=808522, token_weight_in_effect=808522
I1005 20:02:20.815804 2047873024 c_interface.cc:389] Pass FitOfflineMasterModelArgs, batch_filename_size=2, batch_weight_size=2, num_collection_passes=1, reset_nwt=yes to MN4artm4core15MasterComponentEFvRKNS_25FitOfflineMasterModelArgsEE
I1005 20:02:20.815816 2047873024 master_component.cc:1398] ProcessBatchesArgs: nwt_target_name=nwt, batch_filename_size=2, batch_size=0, batch_weight_size=2, pwt_source_name=pwt, num_document_passes=10, regularizer=(name:SmoothSparsePhi, tau:100000), class=(text:1), class=(author:1), reuse_theta=no, opt_for_avx=yes, predict_class_id=, reset_nwt=yes
I1005 20:02:20.832962 24846336 processor.cc:747] Processing queue has data, processing started
I1005 20:02:20.832994 26992640 processor.cc:747] Processing queue has data, processing started
I1005 20:02:20.847272 24846336 processor.cc:820] Processor: start processing batch dabd14b5-1e8a-4d65-94d2-c310c02be74e into model nwt
I1005 20:02:20.857578 26992640 processor.cc:820] Processor: start processing batch 472db180-368e-4dbe-ac96-275aa7464620 into model nwt
I1005 20:02:21.062873 24846336 processor.cc:925] Processor: complete processing batch dabd14b5-1e8a-4d65-94d2-c310c02be74e into model nwt
I1005 20:02:21.067065 24846336 cuckoo_watch.h:45] 234ms in ProcessBatch(lectures_batches/aaaaaa.batch) [including 14ms in LoadMessage; 7ms in InitializeSparseNdw; 0ms in InitializeTheta; 0ms in CreateRegularizerAgents; 159ms in InferThetaAndUpdateNwtSparse; 3ms in CalculateScore(sparsity_theta_score); 44ms in CalculateScore(^^^ItemsProcessedScore^^^); ]
I1005 20:02:21.089902 24846336 processor.cc:740] No data in processing queue, waiting...
I1005 20:02:21.326548 26992640 processor.cc:925] Processor: complete processing batch 472db180-368e-4dbe-ac96-275aa7464620 into model nwt
I1005 20:02:21.332659 26992640 cuckoo_watch.h:45] 499ms in ProcessBatch(lectures_batches/aaaaab.batch) [including 24ms in LoadMessage; 20ms in InitializeSparseNdw; 0ms in InitializeTheta; 0ms in CreateRegularizerAgents; 346ms in InferThetaAndUpdateNwtSparse; 5ms in CalculateScore(sparsity_theta_score); 96ms in CalculateScore(^^^ItemsProcessedScore^^^); ]
I1005 20:02:21.333254 2047873024 master_component.cc:1436] RegularizeModelArgs: rwt_target_name=rwt, pwt_source_name=pwt, nwt_source_name=nwt
