I1005 21:04:51.689630 2047873024 master_component.cc:1059] FitOffline: ItemsProcessed, num_items=1728, num_batches=2, token_weight=808522, token_weight_in_effect=808522
I1005 21:04:51.689867 2047873024 c_interface.cc:389] Pass FitOfflineMasterModelArgs, batch_filename_size=2, batch_weight_size=2, num_collection_passes=1, reset_nwt=yes to MN4artm4core15MasterComponentEFvRKNS_25FitOfflineMasterModelArgsEE
I1005 21:04:51.689880 2047873024 master_component.cc:1398] ProcessBatchesArgs: nwt_target_name=nwt, batch_filename_size=2, batch_size=0, batch_weight_size=2, pwt_source_name=pwt, num_document_passes=10, regularizer=(name:SmoothSparsePhi_bcg, tau:-100), class=(author:1), class=(text:1), reuse_theta=yes, opt_for_avx=yes, predict_class_id=, reset_nwt=yes
I1005 21:04:51.707864 24846336 processor.cc:747] Processing queue has data, processing started
I1005 21:04:51.707893 25382912 processor.cc:747] Processing queue has data, processing started
I1005 21:04:51.721613 24846336 processor.cc:820] Processor: start processing batch 971465db-d459-45dc-ab7c-30c5e49ec8d0 into model nwt
I1005 21:04:51.732245 25382912 processor.cc:820] Processor: start processing batch 12d9ebe3-8112-491c-95b2-8a8eddac7cb4 into model nwt
I1005 21:04:51.947506 24846336 processor.cc:925] Processor: complete processing batch 971465db-d459-45dc-ab7c-30c5e49ec8d0 into model nwt
I1005 21:04:51.951964 24846336 cuckoo_watch.h:45] 244ms in ProcessBatch(lectures_batches/aaaaaa.batch) [including 13ms in LoadMessage; 8ms in InitializeSparseNdw; 0ms in FindReuseThetaCacheEntry; 7ms in InitializeTheta; 0ms in CreateRegularizerAgents; 161ms in InferThetaAndUpdateNwtSparse; 0ms in UpdateCacheEntry; 3ms in CalculateScore(sparsity_theta_score); 44ms in CalculateScore(^^^ItemsProcessedScore^^^); ]
I1005 21:04:51.974683 24846336 processor.cc:740] No data in processing queue, waiting...
I1005 21:04:52.234709 25382912 processor.cc:925] Processor: complete processing batch 12d9ebe3-8112-491c-95b2-8a8eddac7cb4 into model nwt
I1005 21:04:52.242280 25382912 cuckoo_watch.h:45] 534ms in ProcessBatch(lectures_batches/aaaaab.batch) [including 24ms in LoadMessage; 19ms in InitializeSparseNdw; 0ms in FindReuseThetaCacheEntry; 3ms in InitializeTheta; 0ms in CreateRegularizerAgents; 356ms in InferThetaAndUpdateNwtSparse; 0ms in UpdateCacheEntry; 6ms in CalculateScore(sparsity_theta_score); 115ms in CalculateScore(^^^ItemsProcessedScore^^^); ]
I1005 21:04:52.242671 2047873024 master_component.cc:1436] RegularizeModelArgs: rwt_target_name=rwt, pwt_source_name=pwt, nwt_source_name=nwt
I1005 21:04:52.242758 2047873024 master_component.cc:976] MasterComponent: start regularizing model pwt
I1005 21:04:52.265667 25382912 processor.cc:740] No data in processing queue, waiting...
I1005 21:04:52.347316 2047873024 master_component.cc:1002] MasterComponent: complete regularizing model pwt
I1005 21:04:52.347337 2047873024 master_component.cc:1449] NormalizeModelArgs: pwt_target_name=pwt, nwt_source_name=nwt, rwt_source_name=rwt
I1005 21:04:52.347342 2047873024 master_component.cc:1006] MasterComponent: start normalizing model nwt
I1005 21:04:52.426445 2047873024 master_component.cc:1034] MasterComponent: complete normalizing model nwt
I1005 21:04:52.497594 2047873024 master_component.cc:1473] DisposeModel rwt
I1005 21:04:52.513741 2047873024 master_component.cc:1059] FitOffline: ItemsProcessed, num_items=1728, num_batches=2, token_weight=808522, token_weight_in_effect=808522
I1005 21:04:52.513979 2047873024 c_interface.cc:389] Pass FitOfflineMasterModelArgs, batch_filename_size=2, batch_weight_size=2, num_collection_passes=1, reset_nwt=yes to MN4artm4core15MasterComponentEFvRKNS_25FitOfflineMasterModelArgsEE
I1005 21:04:52.513993 2047873024 master_component.cc:1398] ProcessBatchesArgs: nwt_target_name=nwt, batch_filename_size=2, batch_size=0, batch_weight_size=2, pwt_source_name=pwt, num_document_passes=10, regularizer=(name:SmoothSparsePhi_bcg, tau:-100), class=(author:1), class=(text:1), reuse_theta=yes, opt_for_avx=yes, predict_class_id=, reset_nwt=yes
I1005 21:04:52.531739 24309760 processor.cc:747] Processing queue has data, processing started
I1005 21:04:52.531759 25919488 processor.cc:747] Processing queue has data, processing started
I1005 21:04:52.546368 24309760 processor.cc:820] Processor: start processing batch 971465db-d459-45dc-ab7c-30c5e49ec8d0 into model nwt
I1005 21:04:52.559721 25919488 processor.cc:820] Processor: start processing batch 12d9ebe3-8112-491c-95b2-8a8eddac7cb4 into model nwt
I1005 21:04:52.810549 24309760 processor.cc:925] Processor: complete processing batch 971465db-d459-45dc-ab7c-30c5e49ec8d0 into model nwt
I1005 21:04:52.814798 24309760 cuckoo_watch.h:45] 283ms in ProcessBatch(lectures_batches/aaaaaa.batch) [including 14ms in LoadMessage; 9ms in InitializeSparseNdw; 0ms in FindReuseThetaCacheEntry; 9ms in InitializeTheta; 0ms in CreateRegularizerAgents; 188ms in InferThetaAndUpdateNwtSparse; 0ms in UpdateCacheEntry; 3ms in CalculateScore(sparsity_theta_score); 52ms in CalculateScore(^^^ItemsProcessedScore^^^); ]
I1005 21:04:52.838027 24309760 processor.cc:740] No data in processing queue, waiting...
I1005 21:04:53.080175 25919488 processor.cc:925] Processor: complete processing batch 12d9ebe3-8112-491c-95b2-8a8eddac7cb4 into model nwt
I1005 21:04:53.087123 25919488 cuckoo_watch.h:45] 555ms in ProcessBatch(lectures_batches/aaaaab.batch) [including 27ms in LoadMessage; 24ms in InitializeSparseNdw; 0ms in FindReuseThetaCacheEntry; 4ms in InitializeTheta; 0ms in CreateRegularizerAgents; 381ms in InferThetaAndUpdateNwtSparse; 0ms in UpdateCacheEntry; 6ms in CalculateScore(sparsity_theta_score); 102ms in CalculateScore(^^^ItemsProcessedScore^^^); ]
I1005 21:04:53.087759 2047873024 master_component.cc:1436] RegularizeModelArgs: rwt_target_name=rwt, pwt_source_name=pwt, nwt_source_name=nwt
I1005 21:04:53.087808 2047873024 master_component.cc:976] MasterComponent: start regularizing model pwt
I1005 21:04:53.110783 25919488 processor.cc:740] No data in processing queue, waiting...
I1005 21:04:53.196339 2047873024 master_component.cc:1002] MasterComponent: complete regularizing model pwt
I1005 21:04:53.196377 2047873024 master_component.cc:1449] NormalizeModelArgs: pwt_target_name=pwt, nwt_source_name=nwt, rwt_source_name=rwt
I1005 21:04:53.196384 2047873024 master_component.cc:1006] MasterComponent: start normalizing model nwt
I1005 21:04:53.275858 2047873024 master_component.cc:1034] MasterComponent: complete normalizing model nwt
I1005 21:04:53.353930 2047873024 master_component.cc:1473] DisposeModel rwt
I1005 21:04:53.373281 2047873024 master_component.cc:1059] FitOffline: ItemsProcessed, num_items=1728, num_batches=2, token_weight=808522, token_weight_in_effect=808522
I1005 21:04:53.373576 2047873024 c_interface.cc:389] Pass FitOfflineMasterModelArgs, batch_filename_size=2, batch_weight_size=2, num_collection_passes=1, reset_nwt=yes to MN4artm4core15MasterComponentEFvRKNS_25FitOfflineMasterModelArgsEE
I1005 21:04:53.373594 2047873024 master_component.cc:1398] ProcessBatchesArgs: nwt_target_name=nwt, batch_filename_size=2, batch_size=0, batch_weight_size=2, pwt_source_name=pwt, num_document_passes=10, regularizer=(name:SmoothSparsePhi_bcg, tau:-100), class=(author:1), class=(text:1), reuse_theta=yes, opt_for_avx=yes, predict_class_id=, reset_nwt=yes
I1005 21:04:53.393307 23773184 processor.cc:747] Processing queue has data, processing started
I1005 21:04:53.393342 24309760 processor.cc:747] Processing queue has data, processing started
I1005 21:04:53.406723 23773184 processor.cc:820] Processor: start processing batch 971465db-d459-45dc-ab7c-30c5e49ec8d0 into model nwt
I1005 21:04:53.418411 24309760 processor.cc:820] Processor: start processing batch 12d9ebe3-8112-491c-95b2-8a8eddac7cb4 into model nwt
I1005 21:04:53.643538 23773184 processor.cc:925] Processor: complete processing batch 971465db-d459-45dc-ab7c-30c5e49ec8d0 into model nwt
I1005 21:04:53.648180 23773184 cuckoo_watch.h:45] 254ms in ProcessBatch(lectures_batches/aaaaaa.batch) [including 13ms in LoadMessage; 8ms in InitializeSparseNdw; 0ms in FindReuseThetaCacheEntry; 7ms in InitializeTheta; 0ms in CreateRegularizerAgents; 166ms in InferThetaAndUpdateNwtSparse; 0ms in UpdateCacheEntry; 4ms in CalculateScore(sparsity_theta_score); 49ms in CalculateScore(^^^ItemsProcessedScore^^^); ]
I1005 21:04:53.671000 23773184 processor.cc:740] No data in processing queue, waiting...
I1005 21:04:53.963671 24309760 processor.cc:925] Processor: complete processing batch 12d9ebe3-8112-491c-95b2-8a8eddac7cb4 into model nwt
I1005 21:04:53.970744 24309760 cuckoo_watch.h:45] 577ms in ProcessBatch(lectures_batches/aaaaab.batch) [including 25ms in LoadMessage; 19ms in InitializeSparseNdw; 0ms in FindReuseThetaCacheEntry; 4ms in InitializeTheta; 0ms in CreateRegularizerAgents; 415ms in InferThetaAndUpdateNwtSparse; 0ms in UpdateCacheEntry; 5ms in CalculateScore(sparsity_theta_score); 99ms in CalculateScore(^^^ItemsProcessedScore^^^); ]
I1005 21:04:53.971632 2047873024 master_component.cc:1436] RegularizeModelArgs: rwt_target_name=rwt, pwt_source_name=pwt, nwt_source_name=nwt
I1005 21:04:53.971679 2047873024 master_component.cc:976] MasterComponent: start regularizing model pwt
I1005 21:04:53.994622 24309760 processor.cc:740] No data in processing queue, waiting...
I1005 21:04:54.069813 2047873024 master_component.cc:1002] MasterComponent: complete regularizing model pwt
I1005 21:04:54.069850 2047873024 master_component.cc:1449] NormalizeModelArgs: pwt_target_name=pwt, nwt_source_name=nwt, rwt_source_name=rwt
I1005 21:04:54.069857 2047873024 master_component.cc:1006] MasterComponent: start normalizing model nwt
I1005 21:04:54.146796 2047873024 master_component.cc:1034] MasterComponent: complete normalizing model nwt
I1005 21:04:54.220727 2047873024 master_component.cc:1473] DisposeModel rwt
I1005 21:04:54.238337 2047873024 master_component.cc:1059] FitOffline: ItemsProcessed, num_items=1728, num_batches=2, token_weight=808522, token_weight_in_effect=808522
I1005 21:04:54.238621 2047873024 c_interface.cc:389] Pass FitOfflineMasterModelArgs, batch_filename_size=2, batch_weight_size=2, num_collection_passes=1, reset_nwt=yes to MN4artm4core15MasterComponentEFvRKNS_25FitOfflineMasterModelArgsEE
I1005 21:04:54.238637 2047873024 master_component.cc:1398] ProcessBatchesArgs: nwt_target_name=nwt, batch_filename_size=2, batch_size=0, batch_weight_size=2, pwt_source_name=pwt, num_document_passes=10, regularizer=(name:SmoothSparsePhi_bcg, tau:-100), class=(author:1), class=(text:1), reuse_theta=yes, opt_for_avx=yes, predict_class_id=, reset_nwt=yes
I1005 21:04:54.258685 26992640 processor.cc:747] Processing queue has data, processing started
I1005 21:04:54.258692 25382912 processor.cc:747] Processing queue has data, processing started
I1005 21:04:54.272521 26992640 processor.cc:820] Processor: start processing batch 971465db-d459-45dc-ab7c-30c5e49ec8d0 into model nwt
I1005 21:04:54.282825 25382912 processor.cc:820] Processor: start processing batch 12d9ebe3-8112-491c-95b2-8a8eddac7cb4 into model nwt
I1005 21:04:54.515360 26992640 processor.cc:925] Processor: complete processing batch 971465db-d459-45dc-ab7c-30c5e49ec8d0 into model nwt
I1005 21:04:54.520215 26992640 cuckoo_watch.h:45] 261ms in ProcessBatch(lectures_batches/aaaaaa.batch) [including 13ms in LoadMessage; 7ms in InitializeSparseNdw; 0ms in FindReuseThetaCacheEntry; 8ms in InitializeTheta; 0ms in CreateRegularizerAgents; 172ms in InferThetaAndUpdateNwtSparse; 0ms in UpdateCacheEntry; 4ms in CalculateScore(sparsity_theta_score); 49ms in CalculateScore(^^^ItemsProcessedScore^^^); ]
I1005 21:04:54.543071 26992640 processor.cc:740] No data in processing queue, waiting...
I1005 21:04:54.792732 25382912 processor.cc:925] Processor: complete processing batch 12d9ebe3-8112-491c-95b2-8a8eddac7cb4 into model nwt
I1005 21:04:54.798918 25382912 cuckoo_watch.h:45] 540ms in ProcessBatch(lectures_batches/aaaaab.batch) [including 24ms in LoadMessage; 21ms in InitializeSparseNdw; 0ms in FindReuseThetaCacheEntry; 4ms in InitializeTheta; 0ms in CreateRegularizerAgents; 375ms in InferThetaAndUpdateNwtSparse; 0ms in UpdateCacheEntry; 6ms in CalculateScore(sparsity_theta_score); 102ms in CalculateScore(^^^ItemsProcessedScore^^^); ]
I1005 21:04:54.799762 2047873024 master_component.cc:1436] RegularizeModelArgs: rwt_target_name=rwt, pwt_source_name=pwt, nwt_source_name=nwt
I1005 21:04:54.799795 2047873024 master_component.cc:976] MasterComponent: start regularizing model pwt
I1005 21:04:54.822996 25382912 processor.cc:740] No data in processing queue, waiting...
I1005 21:04:54.900300 2047873024 master_component.cc:1002] MasterComponent: complete regularizing model pwt
I1005 21:04:54.900319 2047873024 master_component.cc:1449] NormalizeModelArgs: pwt_target_name=pwt, nwt_source_name=nwt, rwt_source_name=rwt
I1005 21:04:54.900326 2047873024 master_component.cc:1006] MasterComponent: start normalizing model nwt
I1005 21:04:54.979583 2047873024 master_component.cc:1034] MasterComponent: complete normalizing model nwt
I1005 21:04:55.058203 2047873024 master_component.cc:1473] DisposeModel rwt
I1005 21:04:55.073417 2047873024 master_component.cc:1059] FitOffline: ItemsProcessed, num_items=1728, num_batches=2, token_weight=808522, token_weight_in_effect=808522
I1005 21:04:55.073659 2047873024 c_interface.cc:389] Pass FitOfflineMasterModelArgs, batch_filename_size=2, batch_weight_size=2, num_collection_passes=1, reset_nwt=yes to MN4artm4core15MasterComponentEFvRKNS_25FitOfflineMasterModelArgsEE
I1005 21:04:55.073701 2047873024 master_component.cc:1398] ProcessBatchesArgs: nwt_target_name=nwt, batch_filename_size=2, batch_size=0, batch_weight_size=2, pwt_source_name=pwt, num_document_passes=10, regularizer=(name:SmoothSparsePhi_bcg, tau:-100), class=(author:1), class=(text:1), reuse_theta=yes, opt_for_avx=yes, predict_class_id=, reset_nwt=yes
I1005 21:04:55.094672 24309760 processor.cc:747] Processing queue has data, processing started
I1005 21:04:55.094707 27529216 processor.cc:747] Processing queue has data, processing started
I1005 21:04:55.109459 24309760 processor.cc:820] Processor: start processing batch 971465db-d459-45dc-ab7c-30c5e49ec8d0 into model nwt
I1005 21:04:55.119026 27529216 processor.cc:820] Processor: start processing batch 12d9ebe3-8112-491c-95b2-8a8eddac7cb4 into model nwt
I1005 21:04:55.345054 24309760 processor.cc:925] Processor: complete processing batch 971465db-d459-45dc-ab7c-30c5e49ec8d0 into model nwt
I1005 21:04:55.349418 24309760 cuckoo_watch.h:45] 254ms in ProcessBatch(lectures_batches/aaaaaa.batch) [including 14ms in LoadMessage; 8ms in InitializeSparseNdw; 0ms in FindReuseThetaCacheEntry; 11ms in InitializeTheta; 0ms in CreateRegularizerAgents; 165ms in InferThetaAndUpdateNwtSparse; 0ms in UpdateCacheEntry; 4ms in CalculateScore(sparsity_theta_score); 46ms in CalculateScore(^^^ItemsProcessedScore^^^); ]
I1005 21:04:55.371490 24309760 processor.cc:740] No data in processing queue, waiting...
I1005 21:04:55.647578 27529216 processor.cc:925] Processor: complete processing batch 12d9ebe3-8112-491c-95b2-8a8eddac7cb4 into model nwt
I1005 21:04:55.656152 27529216 cuckoo_watch.h:45] 561ms in ProcessBatch(lectures_batches/aaaaab.batch) [including 24ms in LoadMessage; 23ms in InitializeSparseNdw; 0ms in FindReuseThetaCacheEntry; 4ms in InitializeTheta; 0ms in CreateRegularizerAgents; 387ms in InferThetaAndUpdateNwtSparse; 0ms in UpdateCacheEntry; 5ms in CalculateScore(sparsity_theta_score); 106ms in CalculateScore(^^^ItemsProcessedScore^^^); ]
I1005 21:04:55.656916 2047873024 master_component.cc:1436] RegularizeModelArgs: rwt_target_name=rwt, pwt_source_name=pwt, nwt_source_name=nwt
I1005 21:04:55.656985 2047873024 master_component.cc:976] MasterComponent: start regularizing model pwt
I1005 21:04:55.680496 27529216 processor.cc:740] No data in processing queue, waiting...
I1005 21:04:55.761528 2047873024 master_component.cc:1002] MasterComponent: complete regularizing model pwt
I1005 21:04:55.761641 2047873024 master_component.cc:1449] NormalizeModelArgs: pwt_target_name=pwt, nwt_source_name=nwt, rwt_source_name=rwt
I1005 21:04:55.761648 2047873024 master_component.cc:1006] MasterComponent: start normalizing model nwt
I1005 21:04:55.848466 2047873024 master_component.cc:1034] MasterComponent: complete normalizing model nwt
I1005 21:04:55.933653 2047873024 master_component.cc:1473] DisposeModel rwt
I1005 21:04:55.952213 2047873024 master_component.cc:1059] FitOffline: ItemsProcessed, num_items=1728, num_batches=2, token_weight=808522, token_weight_in_effect=808522
I1005 21:04:55.952523 2047873024 c_interface.cc:389] Pass FitOfflineMasterModelArgs, batch_filename_size=2, batch_weight_size=2, num_collection_passes=1, reset_nwt=yes to MN4artm4core15MasterComponentEFvRKNS_25FitOfflineMasterModelArgsEE
I1005 21:04:55.952543 2047873024 master_component.cc:1398] ProcessBatchesArgs: nwt_target_name=nwt, batch_filename_size=2, batch_size=0, batch_weight_size=2, pwt_source_name=pwt, num_document_passes=10, regularizer=(name:SmoothSparsePhi_bcg, tau:-100), class=(author:1), class=(text:1), reuse_theta=yes, opt_for_avx=yes, predict_class_id=, reset_nwt=yes
I1005 21:04:55.976058 25382912 processor.cc:747] Processing queue has data, processing started
I1005 21:04:55.976078 24309760 processor.cc:747] Processing queue has data, processing started
I1005 21:04:55.990586 25382912 processor.cc:820] Processor: start processing batch 971465db-d459-45dc-ab7c-30c5e49ec8d0 into model nwt
I1005 21:04:56.001114 24309760 processor.cc:820] Processor: start processing batch 12d9ebe3-8112-491c-95b2-8a8eddac7cb4 into model nwt
I1005 21:04:56.235538 25382912 processor.cc:925] Processor: complete processing batch 971465db-d459-45dc-ab7c-30c5e49ec8d0 into model nwt
I1005 21:04:56.240515 25382912 cuckoo_watch.h:45] 264ms in ProcessBatch(lectures_batches/aaaaaa.batch) [including 14ms in LoadMessage; 7ms in InitializeSparseNdw; 0ms in FindReuseThetaCacheEntry; 10ms in InitializeTheta; 0ms in CreateRegularizerAgents; 171ms in InferThetaAndUpdateNwtSparse; 0ms in UpdateCacheEntry; 4ms in CalculateScore(sparsity_theta_score); 49ms in CalculateScore(^^^ItemsProcessedScore^^^); ]
I1005 21:04:56.263075 25382912 processor.cc:740] No data in processing queue, waiting...
I1005 21:04:56.510284 24309760 processor.cc:925] Processor: complete processing batch 12d9ebe3-8112-491c-95b2-8a8eddac7cb4 into model nwt
I1005 21:04:56.518698 24309760 cuckoo_watch.h:45] 542ms in ProcessBatch(lectures_batches/aaaaab.batch) [including 25ms in LoadMessage; 21ms in InitializeSparseNdw; 0ms in FindReuseThetaCacheEntry; 4ms in InitializeTheta; 0ms in CreateRegularizerAgents; 372ms in InferThetaAndUpdateNwtSparse; 0ms in UpdateCacheEntry; 5ms in CalculateScore(sparsity_theta_score); 105ms in CalculateScore(^^^ItemsProcessedScore^^^); ]
I1005 21:04:56.519040 2047873024 master_component.cc:1436] RegularizeModelArgs: rwt_target_name=rwt, pwt_source_name=pwt, nwt_source_name=nwt
I1005 21:04:56.519090 2047873024 master_component.cc:976] MasterComponent: start regularizing model pwt
I1005 21:04:56.543010 24309760 processor.cc:740] No data in processing queue, waiting...
I1005 21:04:56.620637 2047873024 master_component.cc:1002] MasterComponent: complete regularizing model pwt
I1005 21:04:56.620657 2047873024 master_component.cc:1449] NormalizeModelArgs: pwt_target_name=pwt, nwt_source_name=nwt, rwt_source_name=rwt
I1005 21:04:56.620663 2047873024 master_component.cc:1006] MasterComponent: start normalizing model nwt
I1005 21:04:56.696143 2047873024 master_component.cc:1034] MasterComponent: complete normalizing model nwt
I1005 21:04:56.767638 2047873024 master_component.cc:1473] DisposeModel rwt
I1005 21:04:56.784027 2047873024 master_component.cc:1059] FitOffline: ItemsProcessed, num_items=1728, num_batches=2, token_weight=808522, token_weight_in_effect=808522
I1005 21:04:56.784265 2047873024 c_interface.cc:389] Pass FitOfflineMasterModelArgs, batch_filename_size=2, batch_weight_size=2, num_collection_passes=1, reset_nwt=yes to MN4artm4core15MasterComponentEFvRKNS_25FitOfflineMasterModelArgsEE
I1005 21:04:56.784281 2047873024 master_component.cc:1398] ProcessBatchesArgs: nwt_target_name=nwt, batch_filename_size=2, batch_size=0, batch_weight_size=2, pwt_source_name=pwt, num_document_passes=10, regularizer=(name:SmoothSparsePhi_bcg, tau:-100), class=(author:1), class=(text:1), reuse_theta=yes, opt_for_avx=yes, predict_class_id=, reset_nwt=yes
I1005 21:04:56.805963 25382912 processor.cc:747] Processing queue has data, processing started
I1005 21:04:56.807155 25919488 processor.cc:747] Processing queue has data, processing started
I1005 21:04:56.821038 25382912 processor.cc:820] Processor: start processing batch 971465db-d459-45dc-ab7c-30c5e49ec8d0 into model nwt
I1005 21:04:56.831995 25919488 processor.cc:820] Processor: start processing batch 12d9ebe3-8112-491c-95b2-8a8eddac7cb4 into model nwt
I1005 21:04:57.070876 25382912 processor.cc:925] Processor: complete processing batch 971465db-d459-45dc-ab7c-30c5e49ec8d0 into model nwt
I1005 21:04:57.075911 25382912 cuckoo_watch.h:45] 269ms in ProcessBatch(lectures_batches/aaaaaa.batch) [including 15ms in LoadMessage; 8ms in InitializeSparseNdw; 0ms in FindReuseThetaCacheEntry; 9ms in InitializeTheta; 0ms in CreateRegularizerAgents; 176ms in InferThetaAndUpdateNwtSparse; 0ms in UpdateCacheEntry; 4ms in CalculateScore(sparsity_theta_score); 50ms in CalculateScore(^^^ItemsProcessedScore^^^); ]
I1005 21:04:57.098719 25382912 processor.cc:740] No data in processing queue, waiting...
I1005 21:04:57.338124 25919488 processor.cc:925] Processor: complete processing batch 12d9ebe3-8112-491c-95b2-8a8eddac7cb4 into model nwt
I1005 21:04:57.345034 25919488 cuckoo_watch.h:45] 537ms in ProcessBatch(lectures_batches/aaaaab.batch) [including 24ms in LoadMessage; 21ms in InitializeSparseNdw; 0ms in FindReuseThetaCacheEntry; 3ms in InitializeTheta; 0ms in CreateRegularizerAgents; 368ms in InferThetaAndUpdateNwtSparse; 0ms in UpdateCacheEntry; 6ms in CalculateScore(sparsity_theta_score); 105ms in CalculateScore(^^^ItemsProcessedScore^^^); ]
I1005 21:04:57.345438 2047873024 master_component.cc:1436] RegularizeModelArgs: rwt_target_name=rwt, pwt_source_name=pwt, nwt_source_name=nwt
I1005 21:04:57.345489 2047873024 master_component.cc:976] MasterComponent: start regularizing model pwt
I1005 21:04:57.369094 25919488 processor.cc:740] No data in processing queue, waiting...
I1005 21:04:57.448294 2047873024 master_component.cc:1002] MasterComponent: complete regularizing model pwt
I1005 21:04:57.448325 2047873024 master_component.cc:1449] NormalizeModelArgs: pwt_target_name=pwt, nwt_source_name=nwt, rwt_source_name=rwt
I1005 21:04:57.448340 2047873024 master_component.cc:1006] MasterComponent: start normalizing model nwt
I1005 21:04:57.525128 2047873024 master_component.cc:1034] MasterComponent: complete normalizing model nwt
I1005 21:04:57.595278 2047873024 master_component.cc:1473] DisposeModel rwt
I1005 21:04:57.615155 2047873024 master_component.cc:1059] FitOffline: ItemsProcessed, num_items=1728, num_batches=2, token_weight=808522, token_weight_in_effect=808522
I1005 21:04:57.615418 2047873024 c_interface.cc:389] Pass FitOfflineMasterModelArgs, batch_filename_size=2, batch_weight_size=2, num_collection_passes=1, reset_nwt=yes to MN4artm4core15MasterComponentEFvRKNS_25FitOfflineMasterModelArgsEE
I1005 21:04:57.615434 2047873024 master_component.cc:1398] ProcessBatchesArgs: nwt_target_name=nwt, batch_filename_size=2, batch_size=0, batch_weight_size=2, pwt_source_name=pwt, num_document_passes=10, regularizer=(name:SmoothSparsePhi_bcg, tau:-100), class=(author:1), class=(text:1), reuse_theta=yes, opt_for_avx=yes, predict_class_id=, reset_nwt=yes
I1005 21:04:57.636052 24309760 processor.cc:747] Processing queue has data, processing started
I1005 21:04:57.636076 23773184 processor.cc:747] Processing queue has data, processing started
I1005 21:04:57.649299 24309760 processor.cc:820] Processor: start processing batch 971465db-d459-45dc-ab7c-30c5e49ec8d0 into model nwt
I1005 21:04:57.660806 23773184 processor.cc:820] Processor: start processing batch 12d9ebe3-8112-491c-95b2-8a8eddac7cb4 into model nwt
I1005 21:04:57.896425 24309760 processor.cc:925] Processor: complete processing batch 971465db-d459-45dc-ab7c-30c5e49ec8d0 into model nwt
I1005 21:04:57.900705 24309760 cuckoo_watch.h:45] 264ms in ProcessBatch(lectures_batches/aaaaaa.batch) [including 13ms in LoadMessage; 8ms in InitializeSparseNdw; 0ms in FindReuseThetaCacheEntry; 8ms in InitializeTheta; 0ms in CreateRegularizerAgents; 172ms in InferThetaAndUpdateNwtSparse; 0ms in UpdateCacheEntry; 4ms in CalculateScore(sparsity_theta_score); 52ms in CalculateScore(^^^ItemsProcessedScore^^^); ]
I1005 21:04:57.922670 24309760 processor.cc:740] No data in processing queue, waiting...
I1005 21:04:58.180935 23773184 processor.cc:925] Processor: complete processing batch 12d9ebe3-8112-491c-95b2-8a8eddac7cb4 into model nwt
I1005 21:04:58.186677 23773184 cuckoo_watch.h:45] 550ms in ProcessBatch(lectures_batches/aaaaab.batch) [including 24ms in LoadMessage; 22ms in InitializeSparseNdw; 0ms in FindReuseThetaCacheEntry; 3ms in InitializeTheta; 0ms in CreateRegularizerAgents; 375ms in InferThetaAndUpdateNwtSparse; 0ms in UpdateCacheEntry; 5ms in CalculateScore(sparsity_theta_score); 113ms in CalculateScore(^^^ItemsProcessedScore^^^); ]
I1005 21:04:58.187361 2047873024 master_component.cc:1436] RegularizeModelArgs: rwt_target_name=rwt, pwt_source_name=pwt, nwt_source_name=nwt
I1005 21:04:58.187382 2047873024 master_component.cc:976] MasterComponent: start regularizing model pwt
I1005 21:04:58.210681 23773184 processor.cc:740] No data in processing queue, waiting...
I1005 21:04:58.290657 2047873024 master_component.cc:1002] MasterComponent: complete regularizing model pwt
I1005 21:04:58.290715 2047873024 master_component.cc:1449] NormalizeModelArgs: pwt_target_name=pwt, nwt_source_name=nwt, rwt_source_name=rwt
I1005 21:04:58.290724 2047873024 master_component.cc:1006] MasterComponent: start normalizing model nwt
I1005 21:04:58.365682 2047873024 master_component.cc:1034] MasterComponent: complete normalizing model nwt
I1005 21:04:58.435122 2047873024 master_component.cc:1473] DisposeModel rwt
I1005 21:04:58.451405 2047873024 master_component.cc:1059] FitOffline: ItemsProcessed, num_items=1728, num_batches=2, token_weight=808522, token_weight_in_effect=808522
I1005 21:04:58.451637 2047873024 c_interface.cc:389] Pass FitOfflineMasterModelArgs, batch_filename_size=2, batch_weight_size=2, num_collection_passes=1, reset_nwt=yes to MN4artm4core15MasterComponentEFvRKNS_25FitOfflineMasterModelArgsEE
I1005 21:04:58.451650 2047873024 master_component.cc:1398] ProcessBatchesArgs: nwt_target_name=nwt, batch_filename_size=2, batch_size=0, batch_weight_size=2, pwt_source_name=pwt, num_document_passes=10, regularizer=(name:SmoothSparsePhi_bcg, tau:-100), class=(author:1), class=(text:1), reuse_theta=yes, opt_for_avx=yes, predict_class_id=, reset_nwt=yes
I1005 21:04:58.469166 23773184 processor.cc:747] Processing queue has data, processing started
I1005 21:04:58.469185 27529216 processor.cc:747] Processing queue has data, processing started
I1005 21:04:58.482472 23773184 processor.cc:820] Processor: start processing batch 971465db-d459-45dc-ab7c-30c5e49ec8d0 into model nwt
I1005 21:04:58.493207 27529216 processor.cc:820] Processor: start processing batch 12d9ebe3-8112-491c-95b2-8a8eddac7cb4 into model nwt
I1005 21:04:58.712000 23773184 processor.cc:925] Processor: complete processing batch 971465db-d459-45dc-ab7c-30c5e49ec8d0 into model nwt
I1005 21:04:58.716394 23773184 cuckoo_watch.h:45] 247ms in ProcessBatch(lectures_batches/aaaaaa.batch) [including 13ms in LoadMessage; 8ms in InitializeSparseNdw; 0ms in FindReuseThetaCacheEntry; 8ms in InitializeTheta; 0ms in CreateRegularizerAgents; 161ms in InferThetaAndUpdateNwtSparse; 0ms in UpdateCacheEntry; 3ms in CalculateScore(sparsity_theta_score); 47ms in CalculateScore(^^^ItemsProcessedScore^^^); ]
I1005 21:04:58.738854 23773184 processor.cc:740] No data in processing queue, waiting...
I1005 21:04:59.003201 27529216 processor.cc:925] Processor: complete processing batch 12d9ebe3-8112-491c-95b2-8a8eddac7cb4 into model nwt
I1005 21:04:59.010210 27529216 cuckoo_watch.h:45] 540ms in ProcessBatch(lectures_batches/aaaaab.batch) [including 24ms in LoadMessage; 18ms in InitializeSparseNdw; 0ms in FindReuseThetaCacheEntry; 3ms in InitializeTheta; 0ms in CreateRegularizerAgents; 363ms in InferThetaAndUpdateNwtSparse; 0ms in UpdateCacheEntry; 5ms in CalculateScore(sparsity_theta_score); 118ms in CalculateScore(^^^ItemsProcessedScore^^^); ]
I1005 21:04:59.011010 2047873024 master_component.cc:1436] RegularizeModelArgs: rwt_target_name=rwt, pwt_source_name=pwt, nwt_source_name=nwt
I1005 21:04:59.011065 2047873024 master_component.cc:976] MasterComponent: start regularizing model pwt
I1005 21:04:59.034240 27529216 processor.cc:740] No data in processing queue, waiting...
I1005 21:04:59.119396 2047873024 master_component.cc:1002] MasterComponent: complete regularizing model pwt
I1005 21:04:59.119419 2047873024 master_component.cc:1449] NormalizeModelArgs: pwt_target_name=pwt, nwt_source_name=nwt, rwt_source_name=rwt
I1005 21:04:59.119428 2047873024 master_component.cc:1006] MasterComponent: start normalizing model nwt
I1005 21:04:59.210340 2047873024 master_component.cc:1034] MasterComponent: complete normalizing model nwt
I1005 21:04:59.297094 2047873024 master_component.cc:1473] DisposeModel rwt
I1005 21:04:59.318145 2047873024 master_component.cc:1059] FitOffline: ItemsProcessed, num_items=1728, num_batches=2, token_weight=808522, token_weight_in_effect=808522
I1005 21:04:59.318406 2047873024 c_interface.cc:389] Pass FitOfflineMasterModelArgs, batch_filename_size=2, batch_weight_size=2, num_collection_passes=1, reset_nwt=yes to MN4artm4core15MasterComponentEFvRKNS_25FitOfflineMasterModelArgsEE
I1005 21:04:59.318452 2047873024 master_component.cc:1398] ProcessBatchesArgs: nwt_target_name=nwt, batch_filename_size=2, batch_size=0, batch_weight_size=2, pwt_source_name=pwt, num_document_passes=10, regularizer=(name:SmoothSparsePhi_bcg, tau:-100), class=(author:1), class=(text:1), reuse_theta=yes, opt_for_avx=yes, predict_class_id=, reset_nwt=yes
I1005 21:04:59.339821 24309760 processor.cc:747] Processing queue has data, processing started
I1005 21:04:59.339840 26456064 processor.cc:747] Processing queue has data, processing started
I1005 21:04:59.355108 24309760 processor.cc:820] Processor: start processing batch 971465db-d459-45dc-ab7c-30c5e49ec8d0 into model nwt
I1005 21:04:59.365281 26456064 processor.cc:820] Processor: start processing batch 12d9ebe3-8112-491c-95b2-8a8eddac7cb4 into model nwt
I1005 21:04:59.599401 24309760 processor.cc:925] Processor: complete processing batch 971465db-d459-45dc-ab7c-30c5e49ec8d0 into model nwt
I1005 21:04:59.603547 24309760 cuckoo_watch.h:45] 263ms in ProcessBatch(lectures_batches/aaaaaa.batch) [including 15ms in LoadMessage; 7ms in InitializeSparseNdw; 0ms in FindReuseThetaCacheEntry; 7ms in InitializeTheta; 0ms in CreateRegularizerAgents; 174ms in InferThetaAndUpdateNwtSparse; 0ms in UpdateCacheEntry; 4ms in CalculateScore(sparsity_theta_score); 49ms in CalculateScore(^^^ItemsProcessedScore^^^); ]
I1005 21:04:59.625571 24309760 processor.cc:740] No data in processing queue, waiting...
I1005 21:04:59.884501 26456064 processor.cc:925] Processor: complete processing batch 12d9ebe3-8112-491c-95b2-8a8eddac7cb4 into model nwt
I1005 21:04:59.890379 26456064 cuckoo_watch.h:45] 550ms in ProcessBatch(lectures_batches/aaaaab.batch) [including 25ms in LoadMessage; 20ms in InitializeSparseNdw; 0ms in FindReuseThetaCacheEntry; 3ms in InitializeTheta; 0ms in CreateRegularizerAgents; 378ms in InferThetaAndUpdateNwtSparse; 0ms in UpdateCacheEntry; 5ms in CalculateScore(sparsity_theta_score); 110ms in CalculateScore(^^^ItemsProcessedScore^^^); ]
I1005 21:04:59.890724 2047873024 master_component.cc:1436] RegularizeModelArgs: rwt_target_name=rwt, pwt_source_name=pwt, nwt_source_name=nwt
I1005 21:04:59.890760 2047873024 master_component.cc:976] MasterComponent: start regularizing model pwt
I1005 21:04:59.914741 26456064 processor.cc:740] No data in processing queue, waiting...
I1005 21:05:00.002188 2047873024 master_component.cc:1002] MasterComponent: complete regularizing model pwt
I1005 21:05:00.002208 2047873024 master_component.cc:1449] NormalizeModelArgs: pwt_target_name=pwt, nwt_source_name=nwt, rwt_source_name=rwt
I1005 21:05:00.002215 2047873024 master_component.cc:1006] MasterComponent: start normalizing model nwt
I1005 21:05:00.095763 2047873024 master_component.cc:1034] MasterComponent: complete normalizing model nwt
I1005 21:05:00.173175 2047873024 master_component.cc:1473] DisposeModel rwt
I1005 21:05:00.193666 2047873024 master_component.cc:1059] FitOffline: ItemsProcessed, num_items=1728, num_batches=2, token_weight=808522, token_weight_in_effect=808522
I1005 21:05:00.193928 2047873024 c_interface.cc:389] Pass FitOfflineMasterModelArgs, batch_filename_size=2, batch_weight_size=2, num_collection_passes=1, reset_nwt=yes to MN4artm4core15MasterComponentEFvRKNS_25FitOfflineMasterModelArgsEE
I1005 21:05:00.193944 2047873024 master_component.cc:1398] ProcessBatchesArgs: nwt_target_name=nwt, batch_filename_size=2, batch_size=0, batch_weight_size=2, pwt_source_name=pwt, num_document_passes=10, regularizer=(name:SmoothSparsePhi_bcg, tau:-100), class=(author:1), class=(text:1), reuse_theta=yes, opt_for_avx=yes, predict_class_id=, reset_nwt=yes
I1005 21:05:00.213268 24846336 processor.cc:747] Processing queue has data, processing started
I1005 21:05:00.213268 23773184 processor.cc:747] Processing queue has data, processing started
I1005 21:05:00.227407 24846336 processor.cc:820] Processor: start processing batch 971465db-d459-45dc-ab7c-30c5e49ec8d0 into model nwt
I1005 21:05:00.238504 23773184 processor.cc:820] Processor: start processing batch 12d9ebe3-8112-491c-95b2-8a8eddac7cb4 into model nwt
I1005 21:05:00.463588 24846336 processor.cc:925] Processor: complete processing batch 971465db-d459-45dc-ab7c-30c5e49ec8d0 into model nwt
I1005 21:05:00.468331 24846336 cuckoo_watch.h:45] 254ms in ProcessBatch(lectures_batches/aaaaaa.batch) [including 14ms in LoadMessage; 8ms in InitializeSparseNdw; 0ms in FindReuseThetaCacheEntry; 9ms in InitializeTheta; 0ms in CreateRegularizerAgents; 167ms in InferThetaAndUpdateNwtSparse; 0ms in UpdateCacheEntry; 3ms in CalculateScore(sparsity_theta_score); 47ms in CalculateScore(^^^ItemsProcessedScore^^^); ]
I1005 21:05:00.492048 24846336 processor.cc:740] No data in processing queue, waiting...
I1005 21:05:00.742736 23773184 processor.cc:925] Processor: complete processing batch 12d9ebe3-8112-491c-95b2-8a8eddac7cb4 into model nwt
I1005 21:05:00.749424 23773184 cuckoo_watch.h:45] 536ms in ProcessBatch(lectures_batches/aaaaab.batch) [including 25ms in LoadMessage; 21ms in InitializeSparseNdw; 0ms in FindReuseThetaCacheEntry; 3ms in InitializeTheta; 0ms in CreateRegularizerAgents; 367ms in InferThetaAndUpdateNwtSparse; 0ms in UpdateCacheEntry; 5ms in CalculateScore(sparsity_theta_score); 105ms in CalculateScore(^^^ItemsProcessedScore^^^); ]
I1005 21:05:00.750058 2047873024 master_component.cc:1436] RegularizeModelArgs: rwt_target_name=rwt, pwt_source_name=pwt, nwt_source_name=nwt
I1005 21:05:00.750108 2047873024 master_component.cc:976] MasterComponent: start regularizing model pwt
I1005 21:05:00.772307 23773184 processor.cc:740] No data in processing queue, waiting...
I1005 21:05:00.856258 2047873024 master_component.cc:1002] MasterComponent: complete regularizing model pwt
I1005 21:05:00.856276 2047873024 master_component.cc:1449] NormalizeModelArgs: pwt_target_name=pwt, nwt_source_name=nwt, rwt_source_name=rwt
I1005 21:05:00.856282 2047873024 master_component.cc:1006] MasterComponent: start normalizing model nwt
I1005 21:05:00.938344 2047873024 master_component.cc:1034] MasterComponent: complete normalizing model nwt
I1005 21:05:01.013133 2047873024 master_component.cc:1473] DisposeModel rwt
I1005 21:05:01.032244 2047873024 master_component.cc:1059] FitOffline: ItemsProcessed, num_items=1728, num_batches=2, token_weight=808522, token_weight_in_effect=808522
I1005 21:05:01.032580 2047873024 c_interface.cc:389] Pass FitOfflineMasterModelArgs, batch_filename_size=2, batch_weight_size=2, num_collection_passes=1, reset_nwt=yes to MN4artm4core15MasterComponentEFvRKNS_25FitOfflineMasterModelArgsEE
I1005 21:05:01.032596 2047873024 master_component.cc:1398] ProcessBatchesArgs: nwt_target_name=nwt, batch_filename_size=2, batch_size=0, batch_weight_size=2, pwt_source_name=pwt, num_document_passes=10, regularizer=(name:SmoothSparsePhi_bcg, tau:-100), class=(author:1), class=(text:1), reuse_theta=yes, opt_for_avx=yes, predict_class_id=, reset_nwt=yes
I1005 21:05:01.053889 25919488 processor.cc:747] Processing queue has data, processing started
I1005 21:05:01.053889 24846336 processor.cc:747] Processing queue has data, processing started
I1005 21:05:01.069488 24846336 processor.cc:820] Processor: start processing batch 971465db-d459-45dc-ab7c-30c5e49ec8d0 into model nwt
I1005 21:05:01.079754 25919488 processor.cc:820] Processor: start processing batch 12d9ebe3-8112-491c-95b2-8a8eddac7cb4 into model nwt
I1005 21:05:01.313084 24846336 processor.cc:925] Processor: complete processing batch 971465db-d459-45dc-ab7c-30c5e49ec8d0 into model nwt
I1005 21:05:01.318222 24846336 cuckoo_watch.h:45] 264ms in ProcessBatch(lectures_batches/aaaaaa.batch) [including 15ms in LoadMessage; 8ms in InitializeSparseNdw; 0ms in FindReuseThetaCacheEntry; 8ms in InitializeTheta; 0ms in CreateRegularizerAgents; 174ms in InferThetaAndUpdateNwtSparse; 0ms in UpdateCacheEntry; 4ms in CalculateScore(sparsity_theta_score); 48ms in CalculateScore(^^^ItemsProcessedScore^^^); ]
I1005 21:05:01.339455 24846336 processor.cc:740] No data in processing queue, waiting...
I1005 21:05:01.606189 25919488 processor.cc:925] Processor: complete processing batch 12d9ebe3-8112-491c-95b2-8a8eddac7cb4 into model nwt
I1005 21:05:01.613704 25919488 cuckoo_watch.h:45] 559ms in ProcessBatch(lectures_batches/aaaaab.batch) [including 25ms in LoadMessage; 21ms in InitializeSparseNdw; 0ms in FindReuseThetaCacheEntry; 3ms in InitializeTheta; 0ms in CreateRegularizerAgents; 383ms in InferThetaAndUpdateNwtSparse; 0ms in UpdateCacheEntry; 6ms in CalculateScore(sparsity_theta_score); 111ms in CalculateScore(^^^ItemsProcessedScore^^^); ]
I1005 21:05:01.614020 2047873024 master_component.cc:1436] RegularizeModelArgs: rwt_target_name=rwt, pwt_source_name=pwt, nwt_source_name=nwt
I1005 21:05:01.614054 2047873024 master_component.cc:976] MasterComponent: start regularizing model pwt
I1005 21:05:01.637641 25919488 processor.cc:740] No data in processing queue, waiting...
I1005 21:05:01.720480 2047873024 master_component.cc:1002] MasterComponent: complete regularizing model pwt
I1005 21:05:01.720500 2047873024 master_component.cc:1449] NormalizeModelArgs: pwt_target_name=pwt, nwt_source_name=nwt, rwt_source_name=rwt
I1005 21:05:01.720506 2047873024 master_component.cc:1006] MasterComponent: start normalizing model nwt
I1005 21:05:01.805719 2047873024 master_component.cc:1034] MasterComponent: complete normalizing model nwt
I1005 21:05:01.881072 2047873024 master_component.cc:1473] DisposeModel rwt
I1005 21:05:01.901541 2047873024 master_component.cc:1059] FitOffline: ItemsProcessed, num_items=1728, num_batches=2, token_weight=808522, token_weight_in_effect=808522
I1005 21:05:01.901779 2047873024 c_interface.cc:389] Pass FitOfflineMasterModelArgs, batch_filename_size=2, batch_weight_size=2, num_collection_passes=1, reset_nwt=yes to MN4artm4core15MasterComponentEFvRKNS_25FitOfflineMasterModelArgsEE
I1005 21:05:01.901792 2047873024 master_component.cc:1398] ProcessBatchesArgs: nwt_target_name=nwt, batch_filename_size=2, batch_size=0, batch_weight_size=2, pwt_source_name=pwt, num_document_passes=10, regularizer=(name:SmoothSparsePhi_bcg, tau:-100), class=(author:1), class=(text:1), reuse_theta=yes, opt_for_avx=yes, predict_class_id=, reset_nwt=yes
I1005 21:05:01.920647 26992640 processor.cc:747] Processing queue has data, processing started
I1005 21:05:01.920907 24309760 processor.cc:747] Processing queue has data, processing started
I1005 21:05:01.934700 26992640 processor.cc:820] Processor: start processing batch 971465db-d459-45dc-ab7c-30c5e49ec8d0 into model nwt
I1005 21:05:01.945438 24309760 processor.cc:820] Processor: start processing batch 12d9ebe3-8112-491c-95b2-8a8eddac7cb4 into model nwt
I1005 21:05:02.174065 26992640 processor.cc:925] Processor: complete processing batch 971465db-d459-45dc-ab7c-30c5e49ec8d0 into model nwt
I1005 21:05:02.178450 26992640 cuckoo_watch.h:45] 257ms in ProcessBatch(lectures_batches/aaaaaa.batch) [including 14ms in LoadMessage; 8ms in InitializeSparseNdw; 0ms in FindReuseThetaCacheEntry; 8ms in InitializeTheta; 0ms in CreateRegularizerAgents; 171ms in InferThetaAndUpdateNwtSparse; 0ms in UpdateCacheEntry; 4ms in CalculateScore(sparsity_theta_score); 46ms in CalculateScore(^^^ItemsProcessedScore^^^); ]
I1005 21:05:02.200300 26992640 processor.cc:740] No data in processing queue, waiting...
I1005 21:05:02.450194 24309760 processor.cc:925] Processor: complete processing batch 12d9ebe3-8112-491c-95b2-8a8eddac7cb4 into model nwt
I1005 21:05:02.457490 24309760 cuckoo_watch.h:45] 536ms in ProcessBatch(lectures_batches/aaaaab.batch) [including 24ms in LoadMessage; 21ms in InitializeSparseNdw; 0ms in FindReuseThetaCacheEntry; 3ms in InitializeTheta; 0ms in CreateRegularizerAgents; 366ms in InferThetaAndUpdateNwtSparse; 0ms in UpdateCacheEntry; 4ms in CalculateScore(sparsity_theta_score); 108ms in CalculateScore(^^^ItemsProcessedScore^^^); ]
I1005 21:05:02.458777 2047873024 master_component.cc:1436] RegularizeModelArgs: rwt_target_name=rwt, pwt_source_name=pwt, nwt_source_name=nwt
I1005 21:05:02.458823 2047873024 master_component.cc:976] MasterComponent: start regularizing model pwt
I1005 21:05:02.480957 24309760 processor.cc:740] No data in processing queue, waiting...
I1005 21:05:02.562568 2047873024 master_component.cc:1002] MasterComponent: complete regularizing model pwt
I1005 21:05:02.562613 2047873024 master_component.cc:1449] NormalizeModelArgs: pwt_target_name=pwt, nwt_source_name=nwt, rwt_source_name=rwt
I1005 21:05:02.562620 2047873024 master_component.cc:1006] MasterComponent: start normalizing model nwt
I1005 21:05:02.641535 2047873024 master_component.cc:1034] MasterComponent: complete normalizing model nwt
I1005 21:05:02.718307 2047873024 master_component.cc:1473] DisposeModel rwt
I1005 21:05:02.732465 2047873024 master_component.cc:1059] FitOffline: ItemsProcessed, num_items=1728, num_batches=2, token_weight=808522, token_weight_in_effect=808522
I1005 21:05:02.732692 2047873024 c_interface.cc:389] Pass FitOfflineMasterModelArgs, batch_filename_size=2, batch_weight_size=2, num_collection_passes=1, reset_nwt=yes to MN4artm4core15MasterComponentEFvRKNS_25FitOfflineMasterModelArgsEE
I1005 21:05:02.732704 2047873024 master_component.cc:1398] ProcessBatchesArgs: nwt_target_name=nwt, batch_filename_size=2, batch_size=0, batch_weight_size=2, pwt_source_name=pwt, num_document_passes=10, regularizer=(name:SmoothSparsePhi_bcg, tau:-100), class=(author:1), class=(text:1), reuse_theta=yes, opt_for_avx=yes, predict_class_id=, reset_nwt=yes
I1005 21:05:02.751022 26456064 processor.cc:747] Processing queue has data, processing started
I1005 21:05:02.751049 24309760 processor.cc:747] Processing queue has data, processing started
I1005 21:05:02.765094 26456064 processor.cc:820] Processor: start processing batch 971465db-d459-45dc-ab7c-30c5e49ec8d0 into model nwt
I1005 21:05:02.776967 24309760 processor.cc:820] Processor: start processing batch 12d9ebe3-8112-491c-95b2-8a8eddac7cb4 into model nwt
I1005 21:05:02.999800 26456064 processor.cc:925] Processor: complete processing batch 971465db-d459-45dc-ab7c-30c5e49ec8d0 into model nwt
I1005 21:05:03.004175 26456064 cuckoo_watch.h:45] 253ms in ProcessBatch(lectures_batches/aaaaaa.batch) [including 14ms in LoadMessage; 8ms in InitializeSparseNdw; 0ms in FindReuseThetaCacheEntry; 8ms in InitializeTheta; 0ms in CreateRegularizerAgents; 167ms in InferThetaAndUpdateNwtSparse; 0ms in UpdateCacheEntry; 4ms in CalculateScore(sparsity_theta_score); 45ms in CalculateScore(^^^ItemsProcessedScore^^^); ]
I1005 21:05:03.026336 26456064 processor.cc:740] No data in processing queue, waiting...
I1005 21:05:03.281450 24309760 processor.cc:925] Processor: complete processing batch 12d9ebe3-8112-491c-95b2-8a8eddac7cb4 into model nwt
I1005 21:05:03.288722 24309760 cuckoo_watch.h:45] 537ms in ProcessBatch(lectures_batches/aaaaab.batch) [including 25ms in LoadMessage; 21ms in InitializeSparseNdw; 0ms in FindReuseThetaCacheEntry; 3ms in InitializeTheta; 0ms in CreateRegularizerAgents; 362ms in InferThetaAndUpdateNwtSparse; 0ms in UpdateCacheEntry; 6ms in CalculateScore(sparsity_theta_score); 110ms in CalculateScore(^^^ItemsProcessedScore^^^); ]
I1005 21:05:03.288820 2047873024 master_component.cc:1436] RegularizeModelArgs: rwt_target_name=rwt, pwt_source_name=pwt, nwt_source_name=nwt
I1005 21:05:03.288841 2047873024 master_component.cc:976] MasterComponent: start regularizing model pwt
I1005 21:05:03.313239 24309760 processor.cc:740] No data in processing queue, waiting...
I1005 21:05:03.393013 2047873024 master_component.cc:1002] MasterComponent: complete regularizing model pwt
I1005 21:05:03.393034 2047873024 master_component.cc:1449] NormalizeModelArgs: pwt_target_name=pwt, nwt_source_name=nwt, rwt_source_name=rwt
I1005 21:05:03.393041 2047873024 master_component.cc:1006] MasterComponent: start normalizing model nwt
I1005 21:05:03.481972 2047873024 master_component.cc:1034] MasterComponent: complete normalizing model nwt
I1005 21:05:03.551729 2047873024 master_component.cc:1473] DisposeModel rwt
I1005 21:05:03.570508 2047873024 master_component.cc:1059] FitOffline: ItemsProcessed, num_items=1728, num_batches=2, token_weight=808522, token_weight_in_effect=808522
I1005 21:05:03.570760 2047873024 c_interface.cc:389] Pass FitOfflineMasterModelArgs, batch_filename_size=2, batch_weight_size=2, num_collection_passes=1, reset_nwt=yes to MN4artm4core15MasterComponentEFvRKNS_25FitOfflineMasterModelArgsEE
I1005 21:05:03.570801 2047873024 master_component.cc:1398] ProcessBatchesArgs: nwt_target_name=nwt, batch_filename_size=2, batch_size=0, batch_weight_size=2, pwt_source_name=pwt, num_document_passes=10, regularizer=(name:SmoothSparsePhi_bcg, tau:-100), class=(author:1), class=(text:1), reuse_theta=yes, opt_for_avx=yes, predict_class_id=, reset_nwt=yes
I1005 21:05:03.589051 26456064 processor.cc:747] Processing queue has data, processing started
I1005 21:05:03.589043 23773184 processor.cc:747] Processing queue has data, processing started
I1005 21:05:03.602453 23773184 processor.cc:820] Processor: start processing batch 971465db-d459-45dc-ab7c-30c5e49ec8d0 into model nwt
I1005 21:05:03.614092 26456064 processor.cc:820] Processor: start processing batch 12d9ebe3-8112-491c-95b2-8a8eddac7cb4 into model nwt
I1005 21:05:03.853807 23773184 processor.cc:925] Processor: complete processing batch 971465db-d459-45dc-ab7c-30c5e49ec8d0 into model nwt
I1005 21:05:03.858196 23773184 cuckoo_watch.h:45] 269ms in ProcessBatch(lectures_batches/aaaaaa.batch) [including 13ms in LoadMessage; 8ms in InitializeSparseNdw; 0ms in FindReuseThetaCacheEntry; 8ms in InitializeTheta; 0ms in CreateRegularizerAgents; 176ms in InferThetaAndUpdateNwtSparse; 0ms in UpdateCacheEntry; 4ms in CalculateScore(sparsity_theta_score); 52ms in CalculateScore(^^^ItemsProcessedScore^^^); ]
I1005 21:05:03.880184 23773184 processor.cc:740] No data in processing queue, waiting...
I1005 21:05:04.134835 26456064 processor.cc:925] Processor: complete processing batch 12d9ebe3-8112-491c-95b2-8a8eddac7cb4 into model nwt
I1005 21:05:04.141825 26456064 cuckoo_watch.h:45] 552ms in ProcessBatch(lectures_batches/aaaaab.batch) [including 25ms in LoadMessage; 20ms in InitializeSparseNdw; 0ms in FindReuseThetaCacheEntry; 3ms in InitializeTheta; 0ms in CreateRegularizerAgents; 381ms in InferThetaAndUpdateNwtSparse; 0ms in UpdateCacheEntry; 6ms in CalculateScore(sparsity_theta_score); 107ms in CalculateScore(^^^ItemsProcessedScore^^^); ]
I1005 21:05:04.142346 2047873024 master_component.cc:1436] RegularizeModelArgs: rwt_target_name=rwt, pwt_source_name=pwt, nwt_source_name=nwt
I1005 21:05:04.142386 2047873024 master_component.cc:976] MasterComponent: start regularizing model pwt
I1005 21:05:04.165748 26456064 processor.cc:740] No data in processing queue, waiting...
I1005 21:05:04.248888 2047873024 master_component.cc:1002] MasterComponent: complete regularizing model pwt
I1005 21:05:04.248908 2047873024 master_component.cc:1449] NormalizeModelArgs: pwt_target_name=pwt, nwt_source_name=nwt, rwt_source_name=rwt
I1005 21:05:04.248915 2047873024 master_component.cc:1006] MasterComponent: start normalizing model nwt
I1005 21:05:04.341452 2047873024 master_component.cc:1034] MasterComponent: complete normalizing model nwt
I1005 21:05:04.422396 2047873024 master_component.cc:1473] DisposeModel rwt
I1005 21:05:04.439256 2047873024 master_component.cc:1059] FitOffline: ItemsProcessed, num_items=1728, num_batches=2, token_weight=808522, token_weight_in_effect=808522
I1005 21:05:04.439642 2047873024 c_interface.cc:389] Pass FitOfflineMasterModelArgs, batch_filename_size=2, batch_weight_size=2, num_collection_passes=1, reset_nwt=yes to MN4artm4core15MasterComponentEFvRKNS_25FitOfflineMasterModelArgsEE
