Log file created at: 2018/10/05 20:14:10
Running on machine: artems-MBP.Dlink
Log line format: [IWEF]mmdd hh:mm:ss.uuuuuu threadid file:line] msg
I1005 20:14:10.667193 2047873024 c_interface.cc:127] Logging enabled to .
I1005 20:14:10.667585 2047873024 c_interface.cc:128] BigARTM version: v0.9.0
I1005 20:14:10.667634 2047873024 c_interface.cc:271] Pass MasterModelConfig: topic_name_size=0, score_config_size=1, num_processors=0, pwt_name=pwt, nwt_name=nwt, num_document_passes=0, reuse_theta=no, cache_theta=no, opt_for_avx=yes, disk_cache_path= to ArtmCreateMasterModel
I1005 20:14:10.667747 2047873024 c_interface.cc:274] Creating MasterModel (id=1)...
I1005 20:14:10.669122 2047873024 collection_parser.cc:557] CollectionParserConfig.num_threads is automatically set to 8
W1005 20:14:11.179726 25382912 helpers.cc:221] File already exists: lectures_batches/aaaaaa.batch
W1005 20:14:11.860154 25919488 helpers.cc:221] File already exists: lectures_batches/aaaaab.batch
I1005 20:14:11.924044 2047873024 c_interface.cc:375] Pass 6f7c0291-3c54-459f-99df-8e14e2aa607b to MN4artm4core15MasterComponentEFvRKNSt3__112basic_stringIcNS2_11char_traitsIcEENS2_9allocatorIcEEEEE
I1005 20:14:11.924187 2047873024 c_interface.cc:389] Pass GatherDictionaryArgs: dictionary_target_name=6f7c0291-3c54-459f-99df-8e14e2aa607b, data_path=lectures_batches, symmetric_cooc_values=0 to MN4artm4core15MasterComponentEFvRKNS_20GatherDictionaryArgsEE
I1005 20:14:11.924275 2047873024 dictionary_operations.cc:261] Found 2 batches in 'lectures_batches' folder
I1005 20:14:12.014910 2047873024 dictionary_operations.cc:325] Find 26866 unique tokens in 1728 items
I1005 20:14:12.045850 2047873024 dictionary_operations.cc:589] Dictionary name='6f7c0291-3c54-459f-99df-8e14e2aa607b' contains entries: author:539; text:26327; 
I1005 20:14:12.052525 2047873024 c_interface.cc:271] Pass MasterModelConfig: topic_name_size=30, class=(author:1), class=(text:1), score_config_size=1, num_processors=0, pwt_name=pwt, nwt_name=nwt, num_document_passes=10, reuse_theta=no, cache_theta=no, opt_for_avx=yes, disk_cache_path= to ArtmCreateMasterModel
I1005 20:14:12.052549 2047873024 instance.cc:401] MasterModelConfig.processors_count is automatically set to 8
I1005 20:14:12.052608 25382912 processor.cc:724] Processor thread started
I1005 20:14:12.052628 25919488 processor.cc:724] Processor thread started
I1005 20:14:12.052634 26456064 processor.cc:724] Processor thread started
I1005 20:14:12.052654 26992640 processor.cc:724] Processor thread started
I1005 20:14:12.052665 27529216 processor.cc:724] Processor thread started
I1005 20:14:12.052683 28065792 processor.cc:724] Processor thread started
I1005 20:14:12.052690 2047873024 c_interface.cc:274] Creating MasterModel (id=2)...
I1005 20:14:12.052693 28602368 processor.cc:724] Processor thread started
I1005 20:14:12.052705 29138944 processor.cc:724] Processor thread started
I1005 20:14:12.058856 2047873024 c_interface.cc:271] Pass MasterModelConfig: topic_name_size=0, score_config_size=1, num_processors=0, pwt_name=pwt, nwt_name=nwt, num_document_passes=0, reuse_theta=no, cache_theta=no, opt_for_avx=yes, disk_cache_path= to ArtmCreateMasterModel
I1005 20:14:12.058873 2047873024 c_interface.cc:274] Creating MasterModel (id=3)...
I1005 20:14:12.059162 2047873024 c_interface.cc:375] Pass dictionary to MN4artm4core15MasterComponentEFvRKNSt3__112basic_stringIcNS2_11char_traitsIcEENS2_9allocatorIcEEEEE
I1005 20:14:12.059378 2047873024 c_interface.cc:389] Pass GatherDictionaryArgs: dictionary_target_name=dictionary, data_path=lectures_batches, symmetric_cooc_values=0 to MN4artm4core15MasterComponentEFvRKNS_20GatherDictionaryArgsEE
I1005 20:14:12.059492 2047873024 dictionary_operations.cc:261] Found 2 batches in 'lectures_batches' folder
I1005 20:14:12.075346 26456064 processor.cc:740] No data in processing queue, waiting...
I1005 20:14:12.075341 26992640 processor.cc:740] No data in processing queue, waiting...
I1005 20:14:12.075362 25382912 processor.cc:740] No data in processing queue, waiting...
I1005 20:14:12.075362 29138944 processor.cc:740] No data in processing queue, waiting...
I1005 20:14:12.075364 28065792 processor.cc:740] No data in processing queue, waiting...
I1005 20:14:12.075369 27529216 processor.cc:740] No data in processing queue, waiting...
I1005 20:14:12.075371 25919488 processor.cc:740] No data in processing queue, waiting...
I1005 20:14:12.075378 28602368 processor.cc:740] No data in processing queue, waiting...
I1005 20:14:12.154125 2047873024 dictionary_operations.cc:325] Find 26866 unique tokens in 1728 items
I1005 20:14:12.186182 2047873024 dictionary_operations.cc:589] Dictionary name='dictionary' contains entries: author:539; text:26327; 
I1005 20:14:12.191691 2047873024 c_interface.cc:375] Pass pwt to MN4artm4core15MasterComponentEFvRKNSt3__112basic_stringIcNS2_11char_traitsIcEENS2_9allocatorIcEEEEE
I1005 20:14:12.191874 2047873024 c_interface.cc:375] Pass nwt to MN4artm4core15MasterComponentEFvRKNSt3__112basic_stringIcNS2_11char_traitsIcEENS2_9allocatorIcEEEEE
I1005 20:14:12.192232 2047873024 c_interface.cc:389] Pass InitializeModelArgs: model_name=pwt, dictionary_name=dictionary, topic_name_size=30, seed=-1 to MN4artm4core15MasterComponentEFvRKNS_19InitializeModelArgsEE
I1005 20:14:12.330466 2047873024 master_component.cc:664] InitializeModel() created matrix pwt with 30 topics and 26866 tokens; 
I1005 20:14:12.330719 2047873024 c_interface.cc:389] Pass InitializeModelArgs: model_name=nwt, dictionary_name=dictionary, topic_name_size=30, seed=-1 to MN4artm4core15MasterComponentEFvRKNS_19InitializeModelArgsEE
I1005 20:14:12.478962 2047873024 master_component.cc:664] InitializeModel() created matrix nwt with 30 topics and 26866 tokens; 
I1005 20:14:12.479179 2047873024 c_interface.cc:231] ArtmCopyRequestedMessage is copying 309 bytes...
I1005 20:14:12.497504 2047873024 c_interface.cc:389] Pass MasterModelConfig: topic_name_size=30, class=(author:1), class=(text:1), score_config_size=2, num_processors=0, pwt_name=pwt, nwt_name=nwt, num_document_passes=10, reuse_theta=no, cache_theta=no, opt_for_avx=yes, disk_cache_path= to MN4artm4core15MasterComponentEFvRKNS_17MasterModelConfigEE
I1005 20:14:12.497529 2047873024 instance.cc:401] MasterModelConfig.processors_count is automatically set to 8
I1005 20:14:12.497915 2047873024 c_interface.cc:389] Pass MasterModelConfig: topic_name_size=30, class=(author:1), class=(text:1), score_config_size=3, num_processors=0, pwt_name=pwt, nwt_name=nwt, num_document_passes=10, reuse_theta=no, cache_theta=no, opt_for_avx=yes, disk_cache_path= to MN4artm4core15MasterComponentEFvRKNS_17MasterModelConfigEE
I1005 20:14:12.497936 2047873024 instance.cc:401] MasterModelConfig.processors_count is automatically set to 8
I1005 20:14:12.498564 2047873024 c_interface.cc:389] Pass MasterModelConfig: topic_name_size=30, class=(author:1), class=(text:1), score_config_size=4, num_processors=0, pwt_name=pwt, nwt_name=nwt, num_document_passes=10, reuse_theta=no, cache_theta=no, opt_for_avx=yes, disk_cache_path= to MN4artm4core15MasterComponentEFvRKNS_17MasterModelConfigEE
I1005 20:14:12.498610 2047873024 instance.cc:401] MasterModelConfig.processors_count is automatically set to 8
I1005 20:14:12.499332 2047873024 c_interface.cc:389] Pass MasterModelConfig: topic_name_size=30, class=(author:1), class=(text:1), score_config_size=5, num_processors=0, pwt_name=pwt, nwt_name=nwt, num_document_passes=10, reuse_theta=no, cache_theta=no, opt_for_avx=yes, disk_cache_path= to MN4artm4core15MasterComponentEFvRKNS_17MasterModelConfigEE
I1005 20:14:12.499374 2047873024 instance.cc:401] MasterModelConfig.processors_count is automatically set to 8
I1005 20:14:12.500099 2047873024 c_interface.cc:389] Pass MasterModelConfig: topic_name_size=30, class=(author:1), class=(text:1), score_config_size=6, num_processors=0, pwt_name=pwt, nwt_name=nwt, num_document_passes=10, reuse_theta=no, cache_theta=no, opt_for_avx=yes, disk_cache_path= to MN4artm4core15MasterComponentEFvRKNS_17MasterModelConfigEE
I1005 20:14:12.500121 2047873024 instance.cc:401] MasterModelConfig.processors_count is automatically set to 8
I1005 20:14:12.507609 2047873024 c_interface.cc:389] Pass MasterModelConfig: topic_name_size=30, class=(author:1), class=(text:1), score_config_size=6, num_processors=0, pwt_name=pwt, nwt_name=nwt, num_document_passes=10, regularizer=(SmoothSparsePhi:100000), reuse_theta=no, cache_theta=no, opt_for_avx=yes, disk_cache_path= to MN4artm4core15MasterComponentEFvRKNS_17MasterModelConfigEE
I1005 20:14:12.507670 2047873024 instance.cc:401] MasterModelConfig.processors_count is automatically set to 8
I1005 20:14:12.507730 2047873024 instance.cc:232] Regularizer 'SmoothSparsePhi' was cold-reconfigured
I1005 20:14:12.518460 2047873024 c_interface.cc:389] Pass FitOfflineMasterModelArgs, batch_filename_size=2, batch_weight_size=2, num_collection_passes=1, reset_nwt=yes to MN4artm4core15MasterComponentEFvRKNS_25FitOfflineMasterModelArgsEE
I1005 20:14:12.518481 2047873024 master_component.cc:1398] ProcessBatchesArgs: nwt_target_name=nwt, batch_filename_size=2, batch_size=0, batch_weight_size=2, pwt_source_name=pwt, num_document_passes=10, regularizer=(name:SmoothSparsePhi, tau:100000), class=(author:1), class=(text:1), reuse_theta=no, opt_for_avx=yes, predict_class_id=, reset_nwt=yes
I1005 20:14:12.530658 2047873024 master_component.cc:826] Batches count (=2) is smaller than num processors (=8), which may cause suboptimal performance.
I1005 20:14:12.531144 26992640 processor.cc:747] Processing queue has data, processing started
I1005 20:14:12.531142 25919488 processor.cc:747] Processing queue has data, processing started
I1005 20:14:12.545930 25919488 processor.cc:820] Processor: start processing batch be1054f3-efc2-41bc-b290-735bd9818d9f into model nwt
I1005 20:14:12.554859 26992640 processor.cc:820] Processor: start processing batch 45c6a40b-a4e0-4742-8204-25aa43dffc56 into model nwt
I1005 20:14:12.765553 25919488 processor.cc:925] Processor: complete processing batch be1054f3-efc2-41bc-b290-735bd9818d9f into model nwt
I1005 20:14:12.768852 25919488 cuckoo_watch.h:45] 237ms in ProcessBatch(lectures_batches/aaaaaa.batch) [including 14ms in LoadMessage; 8ms in InitializeSparseNdw; 0ms in InitializeTheta; 0ms in CreateRegularizerAgents; 161ms in InferThetaAndUpdateNwtSparse; 3ms in CalculateScore(sparsity_theta_score); 46ms in CalculateScore(^^^ItemsProcessedScore^^^); ]
I1005 20:14:12.792788 25919488 processor.cc:740] No data in processing queue, waiting...
I1005 20:14:13.036639 26992640 processor.cc:925] Processor: complete processing batch 45c6a40b-a4e0-4742-8204-25aa43dffc56 into model nwt
I1005 20:14:13.042892 26992640 cuckoo_watch.h:45] 511ms in ProcessBatch(lectures_batches/aaaaab.batch) [including 23ms in LoadMessage; 22ms in InitializeSparseNdw; 0ms in InitializeTheta; 0ms in CreateRegularizerAgents; 358ms in InferThetaAndUpdateNwtSparse; 5ms in CalculateScore(sparsity_theta_score); 94ms in CalculateScore(^^^ItemsProcessedScore^^^); ]
I1005 20:14:13.043906 2047873024 master_component.cc:1436] RegularizeModelArgs: rwt_target_name=rwt, pwt_source_name=pwt, nwt_source_name=nwt
I1005 20:14:13.043953 2047873024 master_component.cc:976] MasterComponent: start regularizing model pwt
I1005 20:14:13.067036 26992640 processor.cc:740] No data in processing queue, waiting...
I1005 20:14:13.163873 2047873024 master_component.cc:1002] MasterComponent: complete regularizing model pwt
I1005 20:14:13.163894 2047873024 master_component.cc:1449] NormalizeModelArgs: pwt_target_name=pwt, nwt_source_name=nwt, rwt_source_name=rwt
I1005 20:14:13.163902 2047873024 master_component.cc:1006] MasterComponent: start normalizing model nwt
I1005 20:14:13.234726 2047873024 master_component.cc:1034] MasterComponent: complete normalizing model nwt
I1005 20:14:13.329792 2047873024 master_component.cc:1473] DisposeModel rwt
I1005 20:14:13.346381 2047873024 master_component.cc:1059] FitOffline: ItemsProcessed, num_items=1728, num_batches=2, token_weight=808522, token_weight_in_effect=808522
I1005 20:14:13.346681 2047873024 c_interface.cc:389] Pass FitOfflineMasterModelArgs, batch_filename_size=2, batch_weight_size=2, num_collection_passes=1, reset_nwt=yes to MN4artm4core15MasterComponentEFvRKNS_25FitOfflineMasterModelArgsEE
I1005 20:14:13.346710 2047873024 master_component.cc:1398] ProcessBatchesArgs: nwt_target_name=nwt, batch_filename_size=2, batch_size=0, batch_weight_size=2, pwt_source_name=pwt, num_document_passes=10, regularizer=(name:SmoothSparsePhi, tau:100000), class=(author:1), class=(text:1), reuse_theta=no, opt_for_avx=yes, predict_class_id=, reset_nwt=yes
I1005 20:14:13.364877 28602368 processor.cc:747] Processing queue has data, processing started
I1005 20:14:13.364883 27529216 processor.cc:747] Processing queue has data, processing started
I1005 20:14:13.378806 28602368 processor.cc:820] Processor: start processing batch be1054f3-efc2-41bc-b290-735bd9818d9f into model nwt
I1005 20:14:13.389096 27529216 processor.cc:820] Processor: start processing batch 45c6a40b-a4e0-4742-8204-25aa43dffc56 into model nwt
I1005 20:14:13.591183 28602368 processor.cc:925] Processor: complete processing batch be1054f3-efc2-41bc-b290-735bd9818d9f into model nwt
I1005 20:14:13.595027 28602368 cuckoo_watch.h:45] 230ms in ProcessBatch(lectures_batches/aaaaaa.batch) [including 13ms in LoadMessage; 7ms in InitializeSparseNdw; 0ms in InitializeTheta; 0ms in CreateRegularizerAgents; 158ms in InferThetaAndUpdateNwtSparse; 3ms in CalculateScore(sparsity_theta_score); 42ms in CalculateScore(^^^ItemsProcessedScore^^^); ]
I1005 20:14:13.618865 28602368 processor.cc:740] No data in processing queue, waiting...
I1005 20:14:13.862617 27529216 processor.cc:925] Processor: complete processing batch 45c6a40b-a4e0-4742-8204-25aa43dffc56 into model nwt
I1005 20:14:13.869518 27529216 cuckoo_watch.h:45] 504ms in ProcessBatch(lectures_batches/aaaaab.batch) [including 24ms in LoadMessage; 20ms in InitializeSparseNdw; 0ms in InitializeTheta; 0ms in CreateRegularizerAgents; 351ms in InferThetaAndUpdateNwtSparse; 5ms in CalculateScore(sparsity_theta_score); 95ms in CalculateScore(^^^ItemsProcessedScore^^^); ]
I1005 20:14:13.870157 2047873024 master_component.cc:1436] RegularizeModelArgs: rwt_target_name=rwt, pwt_source_name=pwt, nwt_source_name=nwt
I1005 20:14:13.870193 2047873024 master_component.cc:976] MasterComponent: start regularizing model pwt
I1005 20:14:13.893887 27529216 processor.cc:740] No data in processing queue, waiting...
I1005 20:14:13.983431 2047873024 master_component.cc:1002] MasterComponent: complete regularizing model pwt
I1005 20:14:13.983453 2047873024 master_component.cc:1449] NormalizeModelArgs: pwt_target_name=pwt, nwt_source_name=nwt, rwt_source_name=rwt
I1005 20:14:13.983460 2047873024 master_component.cc:1006] MasterComponent: start normalizing model nwt
I1005 20:14:14.056077 2047873024 master_component.cc:1034] MasterComponent: complete normalizing model nwt
I1005 20:14:14.154991 2047873024 master_component.cc:1473] DisposeModel rwt
I1005 20:14:14.172447 2047873024 master_component.cc:1059] FitOffline: ItemsProcessed, num_items=1728, num_batches=2, token_weight=808522, token_weight_in_effect=808522
I1005 20:14:14.172755 2047873024 c_interface.cc:389] Pass FitOfflineMasterModelArgs, batch_filename_size=2, batch_weight_size=2, num_collection_passes=1, reset_nwt=yes to MN4artm4core15MasterComponentEFvRKNS_25FitOfflineMasterModelArgsEE
I1005 20:14:14.172770 2047873024 master_component.cc:1398] ProcessBatchesArgs: nwt_target_name=nwt, batch_filename_size=2, batch_size=0, batch_weight_size=2, pwt_source_name=pwt, num_document_passes=10, regularizer=(name:SmoothSparsePhi, tau:100000), class=(author:1), class=(text:1), reuse_theta=no, opt_for_avx=yes, predict_class_id=, reset_nwt=yes
I1005 20:14:14.190585 29138944 processor.cc:747] Processing queue has data, processing started
I1005 20:14:14.190599 25919488 processor.cc:747] Processing queue has data, processing started
I1005 20:14:14.203459 29138944 processor.cc:820] Processor: start processing batch be1054f3-efc2-41bc-b290-735bd9818d9f into model nwt
I1005 20:14:14.215337 25919488 processor.cc:820] Processor: start processing batch 45c6a40b-a4e0-4742-8204-25aa43dffc56 into model nwt
I1005 20:14:14.415036 29138944 processor.cc:925] Processor: complete processing batch be1054f3-efc2-41bc-b290-735bd9818d9f into model nwt
I1005 20:14:14.418783 29138944 cuckoo_watch.h:45] 228ms in ProcessBatch(lectures_batches/aaaaaa.batch) [including 12ms in LoadMessage; 8ms in InitializeSparseNdw; 0ms in InitializeTheta; 0ms in CreateRegularizerAgents; 155ms in InferThetaAndUpdateNwtSparse; 3ms in CalculateScore(sparsity_theta_score); 43ms in CalculateScore(^^^ItemsProcessedScore^^^); ]
I1005 20:14:14.443133 29138944 processor.cc:740] No data in processing queue, waiting...
I1005 20:14:14.694236 25919488 processor.cc:925] Processor: complete processing batch 45c6a40b-a4e0-4742-8204-25aa43dffc56 into model nwt
I1005 20:14:14.700506 25919488 cuckoo_watch.h:45] 509ms in ProcessBatch(lectures_batches/aaaaab.batch) [including 24ms in LoadMessage; 21ms in InitializeSparseNdw; 0ms in InitializeTheta; 0ms in CreateRegularizerAgents; 350ms in InferThetaAndUpdateNwtSparse; 4ms in CalculateScore(sparsity_theta_score); 101ms in CalculateScore(^^^ItemsProcessedScore^^^); ]
I1005 20:14:14.701849 2047873024 master_component.cc:1436] RegularizeModelArgs: rwt_target_name=rwt, pwt_source_name=pwt, nwt_source_name=nwt
I1005 20:14:14.701895 2047873024 master_component.cc:976] MasterComponent: start regularizing model pwt
I1005 20:14:14.724792 25919488 processor.cc:740] No data in processing queue, waiting...
I1005 20:14:14.814321 2047873024 master_component.cc:1002] MasterComponent: complete regularizing model pwt
I1005 20:14:14.814342 2047873024 master_component.cc:1449] NormalizeModelArgs: pwt_target_name=pwt, nwt_source_name=nwt, rwt_source_name=rwt
I1005 20:14:14.814350 2047873024 master_component.cc:1006] MasterComponent: start normalizing model nwt
I1005 20:14:14.876504 2047873024 master_component.cc:1034] MasterComponent: complete normalizing model nwt
I1005 20:14:14.967298 2047873024 master_component.cc:1473] DisposeModel rwt
I1005 20:14:14.983501 2047873024 master_component.cc:1059] FitOffline: ItemsProcessed, num_items=1728, num_batches=2, token_weight=808522, token_weight_in_effect=808522
I1005 20:14:14.983728 2047873024 c_interface.cc:389] Pass FitOfflineMasterModelArgs, batch_filename_size=2, batch_weight_size=2, num_collection_passes=1, reset_nwt=yes to MN4artm4core15MasterComponentEFvRKNS_25FitOfflineMasterModelArgsEE
I1005 20:14:14.983741 2047873024 master_component.cc:1398] ProcessBatchesArgs: nwt_target_name=nwt, batch_filename_size=2, batch_size=0, batch_weight_size=2, pwt_source_name=pwt, num_document_passes=10, regularizer=(name:SmoothSparsePhi, tau:100000), class=(author:1), class=(text:1), reuse_theta=no, opt_for_avx=yes, predict_class_id=, reset_nwt=yes
I1005 20:14:15.000535 26992640 processor.cc:747] Processing queue has data, processing started
I1005 20:14:15.000524 29138944 processor.cc:747] Processing queue has data, processing started
I1005 20:14:15.013444 29138944 processor.cc:820] Processor: start processing batch be1054f3-efc2-41bc-b290-735bd9818d9f into model nwt
I1005 20:14:15.023588 26992640 processor.cc:820] Processor: start processing batch 45c6a40b-a4e0-4742-8204-25aa43dffc56 into model nwt
I1005 20:14:15.222332 29138944 processor.cc:925] Processor: complete processing batch be1054f3-efc2-41bc-b290-735bd9818d9f into model nwt
I1005 20:14:15.225724 29138944 cuckoo_watch.h:45] 225ms in ProcessBatch(lectures_batches/aaaaaa.batch) [including 12ms in LoadMessage; 7ms in InitializeSparseNdw; 0ms in InitializeTheta; 0ms in CreateRegularizerAgents; 153ms in InferThetaAndUpdateNwtSparse; 3ms in CalculateScore(sparsity_theta_score); 44ms in CalculateScore(^^^ItemsProcessedScore^^^); ]
I1005 20:14:15.249567 29138944 processor.cc:740] No data in processing queue, waiting...
I1005 20:14:15.472466 26992640 processor.cc:925] Processor: complete processing batch 45c6a40b-a4e0-4742-8204-25aa43dffc56 into model nwt
I1005 20:14:15.478214 26992640 cuckoo_watch.h:45] 477ms in ProcessBatch(lectures_batches/aaaaab.batch) [including 23ms in LoadMessage; 18ms in InitializeSparseNdw; 0ms in InitializeTheta; 0ms in CreateRegularizerAgents; 337ms in InferThetaAndUpdateNwtSparse; 4ms in CalculateScore(sparsity_theta_score); 87ms in CalculateScore(^^^ItemsProcessedScore^^^); ]
I1005 20:14:15.478845 2047873024 master_component.cc:1436] RegularizeModelArgs: rwt_target_name=rwt, pwt_source_name=pwt, nwt_source_name=nwt
I1005 20:14:15.478865 2047873024 master_component.cc:976] MasterComponent: start regularizing model pwt
I1005 20:14:15.501616 26992640 processor.cc:740] No data in processing queue, waiting...
I1005 20:14:15.578430 2047873024 master_component.cc:1002] MasterComponent: complete regularizing model pwt
I1005 20:14:15.578449 2047873024 master_component.cc:1449] NormalizeModelArgs: pwt_target_name=pwt, nwt_source_name=nwt, rwt_source_name=rwt
I1005 20:14:15.578456 2047873024 master_component.cc:1006] MasterComponent: start normalizing model nwt
I1005 20:14:15.638530 2047873024 master_component.cc:1034] MasterComponent: complete normalizing model nwt
I1005 20:14:15.731124 2047873024 master_component.cc:1473] DisposeModel rwt
I1005 20:14:15.748124 2047873024 master_component.cc:1059] FitOffline: ItemsProcessed, num_items=1728, num_batches=2, token_weight=808522, token_weight_in_effect=808522
I1005 20:14:15.748356 2047873024 c_interface.cc:389] Pass FitOfflineMasterModelArgs, batch_filename_size=2, batch_weight_size=2, num_collection_passes=1, reset_nwt=yes to MN4artm4core15MasterComponentEFvRKNS_25FitOfflineMasterModelArgsEE
I1005 20:14:15.748374 2047873024 master_component.cc:1398] ProcessBatchesArgs: nwt_target_name=nwt, batch_filename_size=2, batch_size=0, batch_weight_size=2, pwt_source_name=pwt, num_document_passes=10, regularizer=(name:SmoothSparsePhi, tau:100000), class=(author:1), class=(text:1), reuse_theta=no, opt_for_avx=yes, predict_class_id=, reset_nwt=yes
I1005 20:14:15.768117 27529216 processor.cc:747] Processing queue has data, processing started
I1005 20:14:15.768139 29138944 processor.cc:747] Processing queue has data, processing started
I1005 20:14:15.782171 27529216 processor.cc:820] Processor: start processing batch be1054f3-efc2-41bc-b290-735bd9818d9f into model nwt
I1005 20:14:15.793442 29138944 processor.cc:820] Processor: start processing batch 45c6a40b-a4e0-4742-8204-25aa43dffc56 into model nwt
I1005 20:14:16.004734 27529216 processor.cc:925] Processor: complete processing batch be1054f3-efc2-41bc-b290-735bd9818d9f into model nwt
I1005 20:14:16.008213 27529216 cuckoo_watch.h:45] 240ms in ProcessBatch(lectures_batches/aaaaaa.batch) [including 14ms in LoadMessage; 8ms in InitializeSparseNdw; 0ms in InitializeTheta; 0ms in CreateRegularizerAgents; 163ms in InferThetaAndUpdateNwtSparse; 3ms in CalculateScore(sparsity_theta_score); 46ms in CalculateScore(^^^ItemsProcessedScore^^^); ]
I1005 20:14:16.032258 27529216 processor.cc:740] No data in processing queue, waiting...
I1005 20:14:16.279439 29138944 processor.cc:925] Processor: complete processing batch 45c6a40b-a4e0-4742-8204-25aa43dffc56 into model nwt
I1005 20:14:16.284935 29138944 cuckoo_watch.h:45] 516ms in ProcessBatch(lectures_batches/aaaaab.batch) [including 25ms in LoadMessage; 19ms in InitializeSparseNdw; 0ms in InitializeTheta; 0ms in CreateRegularizerAgents; 356ms in InferThetaAndUpdateNwtSparse; 5ms in CalculateScore(sparsity_theta_score); 104ms in CalculateScore(^^^ItemsProcessedScore^^^); ]
I1005 20:14:16.285534 2047873024 master_component.cc:1436] RegularizeModelArgs: rwt_target_name=rwt, pwt_source_name=pwt, nwt_source_name=nwt
I1005 20:14:16.285588 2047873024 master_component.cc:976] MasterComponent: start regularizing model pwt
I1005 20:14:16.309016 29138944 processor.cc:740] No data in processing queue, waiting...
I1005 20:14:16.397832 2047873024 master_component.cc:1002] MasterComponent: complete regularizing model pwt
I1005 20:14:16.397852 2047873024 master_component.cc:1449] NormalizeModelArgs: pwt_target_name=pwt, nwt_source_name=nwt, rwt_source_name=rwt
I1005 20:14:16.397859 2047873024 master_component.cc:1006] MasterComponent: start normalizing model nwt
I1005 20:14:16.455446 2047873024 master_component.cc:1034] MasterComponent: complete normalizing model nwt
I1005 20:14:16.542841 2047873024 master_component.cc:1473] DisposeModel rwt
I1005 20:14:16.564363 2047873024 master_component.cc:1059] FitOffline: ItemsProcessed, num_items=1728, num_batches=2, token_weight=808522, token_weight_in_effect=808522
I1005 20:14:16.564610 2047873024 c_interface.cc:389] Pass FitOfflineMasterModelArgs, batch_filename_size=2, batch_weight_size=2, num_collection_passes=1, reset_nwt=yes to MN4artm4core15MasterComponentEFvRKNS_25FitOfflineMasterModelArgsEE
I1005 20:14:16.564654 2047873024 master_component.cc:1398] ProcessBatchesArgs: nwt_target_name=nwt, batch_filename_size=2, batch_size=0, batch_weight_size=2, pwt_source_name=pwt, num_document_passes=10, regularizer=(name:SmoothSparsePhi, tau:100000), class=(author:1), class=(text:1), reuse_theta=no, opt_for_avx=yes, predict_class_id=, reset_nwt=yes
I1005 20:14:16.580868 25382912 processor.cc:747] Processing queue has data, processing started
I1005 20:14:16.580890 26456064 processor.cc:747] Processing queue has data, processing started
I1005 20:14:16.593915 25382912 processor.cc:820] Processor: start processing batch be1054f3-efc2-41bc-b290-735bd9818d9f into model nwt
I1005 20:14:16.604889 26456064 processor.cc:820] Processor: start processing batch 45c6a40b-a4e0-4742-8204-25aa43dffc56 into model nwt
I1005 20:14:16.805655 25382912 processor.cc:925] Processor: complete processing batch be1054f3-efc2-41bc-b290-735bd9818d9f into model nwt
I1005 20:14:16.809309 25382912 cuckoo_watch.h:45] 228ms in ProcessBatch(lectures_batches/aaaaaa.batch) [including 13ms in LoadMessage; 7ms in InitializeSparseNdw; 0ms in InitializeTheta; 0ms in CreateRegularizerAgents; 154ms in InferThetaAndUpdateNwtSparse; 3ms in CalculateScore(sparsity_theta_score); 45ms in CalculateScore(^^^ItemsProcessedScore^^^); ]
I1005 20:14:16.833475 25382912 processor.cc:740] No data in processing queue, waiting...
I1005 20:14:17.069797 26456064 processor.cc:925] Processor: complete processing batch 45c6a40b-a4e0-4742-8204-25aa43dffc56 into model nwt
I1005 20:14:17.075139 26456064 cuckoo_watch.h:45] 494ms in ProcessBatch(lectures_batches/aaaaab.batch) [including 23ms in LoadMessage; 21ms in InitializeSparseNdw; 0ms in InitializeTheta; 0ms in CreateRegularizerAgents; 340ms in InferThetaAndUpdateNwtSparse; 4ms in CalculateScore(sparsity_theta_score); 99ms in CalculateScore(^^^ItemsProcessedScore^^^); ]
I1005 20:14:17.076082 2047873024 master_component.cc:1436] RegularizeModelArgs: rwt_target_name=rwt, pwt_source_name=pwt, nwt_source_name=nwt
I1005 20:14:17.076148 2047873024 master_component.cc:976] MasterComponent: start regularizing model pwt
I1005 20:14:17.098788 26456064 processor.cc:740] No data in processing queue, waiting...
I1005 20:14:17.187324 2047873024 master_component.cc:1002] MasterComponent: complete regularizing model pwt
I1005 20:14:17.187345 2047873024 master_component.cc:1449] NormalizeModelArgs: pwt_target_name=pwt, nwt_source_name=nwt, rwt_source_name=rwt
I1005 20:14:17.187352 2047873024 master_component.cc:1006] MasterComponent: start normalizing model nwt
I1005 20:14:17.259243 2047873024 master_component.cc:1034] MasterComponent: complete normalizing model nwt
I1005 20:14:17.357296 2047873024 master_component.cc:1473] DisposeModel rwt
I1005 20:14:17.371094 2047873024 master_component.cc:1059] FitOffline: ItemsProcessed, num_items=1728, num_batches=2, token_weight=808522, token_weight_in_effect=808522
I1005 20:14:17.371330 2047873024 c_interface.cc:389] Pass FitOfflineMasterModelArgs, batch_filename_size=2, batch_weight_size=2, num_collection_passes=1, reset_nwt=yes to MN4artm4core15MasterComponentEFvRKNS_25FitOfflineMasterModelArgsEE
I1005 20:14:17.371343 2047873024 master_component.cc:1398] ProcessBatchesArgs: nwt_target_name=nwt, batch_filename_size=2, batch_size=0, batch_weight_size=2, pwt_source_name=pwt, num_document_passes=10, regularizer=(name:SmoothSparsePhi, tau:100000), class=(author:1), class=(text:1), reuse_theta=no, opt_for_avx=yes, predict_class_id=, reset_nwt=yes
I1005 20:14:17.388106 25919488 processor.cc:747] Processing queue has data, processing started
I1005 20:14:17.388128 29138944 processor.cc:747] Processing queue has data, processing started
I1005 20:14:17.401968 25919488 processor.cc:820] Processor: start processing batch be1054f3-efc2-41bc-b290-735bd9818d9f into model nwt
I1005 20:14:17.412197 29138944 processor.cc:820] Processor: start processing batch 45c6a40b-a4e0-4742-8204-25aa43dffc56 into model nwt
I1005 20:14:17.613026 25919488 processor.cc:925] Processor: complete processing batch be1054f3-efc2-41bc-b290-735bd9818d9f into model nwt
I1005 20:14:17.616210 25919488 cuckoo_watch.h:45] 228ms in ProcessBatch(lectures_batches/aaaaaa.batch) [including 13ms in LoadMessage; 7ms in InitializeSparseNdw; 0ms in InitializeTheta; 0ms in CreateRegularizerAgents; 157ms in InferThetaAndUpdateNwtSparse; 3ms in CalculateScore(sparsity_theta_score); 42ms in CalculateScore(^^^ItemsProcessedScore^^^); ]
I1005 20:14:17.640168 25919488 processor.cc:740] No data in processing queue, waiting...
I1005 20:14:17.897339 29138944 processor.cc:925] Processor: complete processing batch 45c6a40b-a4e0-4742-8204-25aa43dffc56 into model nwt
I1005 20:14:17.902637 29138944 cuckoo_watch.h:45] 514ms in ProcessBatch(lectures_batches/aaaaab.batch) [including 24ms in LoadMessage; 21ms in InitializeSparseNdw; 0ms in InitializeTheta; 0ms in CreateRegularizerAgents; 354ms in InferThetaAndUpdateNwtSparse; 5ms in CalculateScore(sparsity_theta_score); 103ms in CalculateScore(^^^ItemsProcessedScore^^^); ]
I1005 20:14:17.902771 2047873024 master_component.cc:1436] RegularizeModelArgs: rwt_target_name=rwt, pwt_source_name=pwt, nwt_source_name=nwt
I1005 20:14:17.902793 2047873024 master_component.cc:976] MasterComponent: start regularizing model pwt
I1005 20:14:17.926842 29138944 processor.cc:740] No data in processing queue, waiting...
I1005 20:14:18.019096 2047873024 master_component.cc:1002] MasterComponent: complete regularizing model pwt
I1005 20:14:18.019114 2047873024 master_component.cc:1449] NormalizeModelArgs: pwt_target_name=pwt, nwt_source_name=nwt, rwt_source_name=rwt
I1005 20:14:18.019120 2047873024 master_component.cc:1006] MasterComponent: start normalizing model nwt
I1005 20:14:18.094470 2047873024 master_component.cc:1034] MasterComponent: complete normalizing model nwt
I1005 20:14:18.188122 2047873024 master_component.cc:1473] DisposeModel rwt
I1005 20:14:18.207373 2047873024 master_component.cc:1059] FitOffline: ItemsProcessed, num_items=1728, num_batches=2, token_weight=808522, token_weight_in_effect=808522
I1005 20:14:18.207643 2047873024 c_interface.cc:389] Pass FitOfflineMasterModelArgs, batch_filename_size=2, batch_weight_size=2, num_collection_passes=1, reset_nwt=yes to MN4artm4core15MasterComponentEFvRKNS_25FitOfflineMasterModelArgsEE
I1005 20:14:18.207657 2047873024 master_component.cc:1398] ProcessBatchesArgs: nwt_target_name=nwt, batch_filename_size=2, batch_size=0, batch_weight_size=2, pwt_source_name=pwt, num_document_passes=10, regularizer=(name:SmoothSparsePhi, tau:100000), class=(author:1), class=(text:1), reuse_theta=no, opt_for_avx=yes, predict_class_id=, reset_nwt=yes
I1005 20:14:18.224604 25919488 processor.cc:747] Processing queue has data, processing started
I1005 20:14:18.224578 26456064 processor.cc:747] Processing queue has data, processing started
I1005 20:14:18.238169 26456064 processor.cc:820] Processor: start processing batch be1054f3-efc2-41bc-b290-735bd9818d9f into model nwt
I1005 20:14:18.248502 25919488 processor.cc:820] Processor: start processing batch 45c6a40b-a4e0-4742-8204-25aa43dffc56 into model nwt
I1005 20:14:18.446485 26456064 processor.cc:925] Processor: complete processing batch be1054f3-efc2-41bc-b290-735bd9818d9f into model nwt
I1005 20:14:18.449957 26456064 cuckoo_watch.h:45] 225ms in ProcessBatch(lectures_batches/aaaaaa.batch) [including 13ms in LoadMessage; 7ms in InitializeSparseNdw; 0ms in InitializeTheta; 0ms in CreateRegularizerAgents; 152ms in InferThetaAndUpdateNwtSparse; 3ms in CalculateScore(sparsity_theta_score); 44ms in CalculateScore(^^^ItemsProcessedScore^^^); ]
I1005 20:14:18.474285 26456064 processor.cc:740] No data in processing queue, waiting...
I1005 20:14:18.777359 25919488 processor.cc:925] Processor: complete processing batch 45c6a40b-a4e0-4742-8204-25aa43dffc56 into model nwt
I1005 20:14:18.783115 25919488 cuckoo_watch.h:45] 558ms in ProcessBatch(lectures_batches/aaaaab.batch) [including 23ms in LoadMessage; 20ms in InitializeSparseNdw; 0ms in InitializeTheta; 0ms in CreateRegularizerAgents; 398ms in InferThetaAndUpdateNwtSparse; 6ms in CalculateScore(sparsity_theta_score); 103ms in CalculateScore(^^^ItemsProcessedScore^^^); ]
I1005 20:14:18.783499 2047873024 master_component.cc:1436] RegularizeModelArgs: rwt_target_name=rwt, pwt_source_name=pwt, nwt_source_name=nwt
I1005 20:14:18.783516 2047873024 master_component.cc:976] MasterComponent: start regularizing model pwt
I1005 20:14:18.807519 25919488 processor.cc:740] No data in processing queue, waiting...
I1005 20:14:18.896378 2047873024 master_component.cc:1002] MasterComponent: complete regularizing model pwt
I1005 20:14:18.896399 2047873024 master_component.cc:1449] NormalizeModelArgs: pwt_target_name=pwt, nwt_source_name=nwt, rwt_source_name=rwt
I1005 20:14:18.896405 2047873024 master_component.cc:1006] MasterComponent: start normalizing model nwt
I1005 20:14:18.968405 2047873024 master_component.cc:1034] MasterComponent: complete normalizing model nwt
I1005 20:14:19.071563 2047873024 master_component.cc:1473] DisposeModel rwt
I1005 20:14:19.088979 2047873024 master_component.cc:1059] FitOffline: ItemsProcessed, num_items=1728, num_batches=2, token_weight=808522, token_weight_in_effect=808522
I1005 20:14:19.089232 2047873024 c_interface.cc:389] Pass FitOfflineMasterModelArgs, batch_filename_size=2, batch_weight_size=2, num_collection_passes=1, reset_nwt=yes to MN4artm4core15MasterComponentEFvRKNS_25FitOfflineMasterModelArgsEE
I1005 20:14:19.089246 2047873024 master_component.cc:1398] ProcessBatchesArgs: nwt_target_name=nwt, batch_filename_size=2, batch_size=0, batch_weight_size=2, pwt_source_name=pwt, num_document_passes=10, regularizer=(name:SmoothSparsePhi, tau:100000), class=(author:1), class=(text:1), reuse_theta=no, opt_for_avx=yes, predict_class_id=, reset_nwt=yes
I1005 20:14:19.108335 28602368 processor.cc:747] Processing queue has data, processing started
I1005 20:14:19.108361 26456064 processor.cc:747] Processing queue has data, processing started
I1005 20:14:19.122936 28602368 processor.cc:820] Processor: start processing batch be1054f3-efc2-41bc-b290-735bd9818d9f into model nwt
I1005 20:14:19.133860 26456064 processor.cc:820] Processor: start processing batch 45c6a40b-a4e0-4742-8204-25aa43dffc56 into model nwt
I1005 20:14:19.333385 28602368 processor.cc:925] Processor: complete processing batch be1054f3-efc2-41bc-b290-735bd9818d9f into model nwt
I1005 20:14:19.337128 28602368 cuckoo_watch.h:45] 228ms in ProcessBatch(lectures_batches/aaaaaa.batch) [including 14ms in LoadMessage; 7ms in InitializeSparseNdw; 0ms in InitializeTheta; 0ms in CreateRegularizerAgents; 155ms in InferThetaAndUpdateNwtSparse; 3ms in CalculateScore(sparsity_theta_score); 43ms in CalculateScore(^^^ItemsProcessedScore^^^); ]
I1005 20:14:19.361220 28602368 processor.cc:740] No data in processing queue, waiting...
I1005 20:14:19.609827 26456064 processor.cc:925] Processor: complete processing batch 45c6a40b-a4e0-4742-8204-25aa43dffc56 into model nwt
I1005 20:14:19.614785 26456064 cuckoo_watch.h:45] 506ms in ProcessBatch(lectures_batches/aaaaab.batch) [including 25ms in LoadMessage; 22ms in InitializeSparseNdw; 0ms in InitializeTheta; 0ms in CreateRegularizerAgents; 351ms in InferThetaAndUpdateNwtSparse; 6ms in CalculateScore(sparsity_theta_score); 95ms in CalculateScore(^^^ItemsProcessedScore^^^); ]
I1005 20:14:19.616251 2047873024 master_component.cc:1436] RegularizeModelArgs: rwt_target_name=rwt, pwt_source_name=pwt, nwt_source_name=nwt
I1005 20:14:19.616294 2047873024 master_component.cc:976] MasterComponent: start regularizing model pwt
I1005 20:14:19.639212 26456064 processor.cc:740] No data in processing queue, waiting...
I1005 20:14:19.729065 2047873024 master_component.cc:1002] MasterComponent: complete regularizing model pwt
I1005 20:14:19.729086 2047873024 master_component.cc:1449] NormalizeModelArgs: pwt_target_name=pwt, nwt_source_name=nwt, rwt_source_name=rwt
I1005 20:14:19.729094 2047873024 master_component.cc:1006] MasterComponent: start normalizing model nwt
I1005 20:14:19.803519 2047873024 master_component.cc:1034] MasterComponent: complete normalizing model nwt
I1005 20:14:19.894541 2047873024 master_component.cc:1473] DisposeModel rwt
I1005 20:14:19.911833 2047873024 master_component.cc:1059] FitOffline: ItemsProcessed, num_items=1728, num_batches=2, token_weight=808522, token_weight_in_effect=808522
I1005 20:14:19.912127 2047873024 c_interface.cc:389] Pass FitOfflineMasterModelArgs, batch_filename_size=2, batch_weight_size=2, num_collection_passes=1, reset_nwt=yes to MN4artm4core15MasterComponentEFvRKNS_25FitOfflineMasterModelArgsEE
I1005 20:14:19.912142 2047873024 master_component.cc:1398] ProcessBatchesArgs: nwt_target_name=nwt, batch_filename_size=2, batch_size=0, batch_weight_size=2, pwt_source_name=pwt, num_document_passes=10, regularizer=(name:SmoothSparsePhi, tau:100000), class=(author:1), class=(text:1), reuse_theta=no, opt_for_avx=yes, predict_class_id=, reset_nwt=yes
I1005 20:14:19.929601 28065792 processor.cc:747] Processing queue has data, processing started
I1005 20:14:19.929605 25382912 processor.cc:747] Processing queue has data, processing started
I1005 20:14:19.942621 28065792 processor.cc:820] Processor: start processing batch be1054f3-efc2-41bc-b290-735bd9818d9f into model nwt
I1005 20:14:19.952675 25382912 processor.cc:820] Processor: start processing batch 45c6a40b-a4e0-4742-8204-25aa43dffc56 into model nwt
I1005 20:14:20.161427 28065792 processor.cc:925] Processor: complete processing batch be1054f3-efc2-41bc-b290-735bd9818d9f into model nwt
I1005 20:14:20.164847 28065792 cuckoo_watch.h:45] 235ms in ProcessBatch(lectures_batches/aaaaaa.batch) [including 12ms in LoadMessage; 7ms in InitializeSparseNdw; 0ms in InitializeTheta; 0ms in CreateRegularizerAgents; 159ms in InferThetaAndUpdateNwtSparse; 3ms in CalculateScore(sparsity_theta_score); 48ms in CalculateScore(^^^ItemsProcessedScore^^^); ]
I1005 20:14:20.189056 28065792 processor.cc:740] No data in processing queue, waiting...
I1005 20:14:20.431866 25382912 processor.cc:925] Processor: complete processing batch 45c6a40b-a4e0-4742-8204-25aa43dffc56 into model nwt
I1005 20:14:20.437806 25382912 cuckoo_watch.h:45] 508ms in ProcessBatch(lectures_batches/aaaaab.batch) [including 22ms in LoadMessage; 19ms in InitializeSparseNdw; 0ms in InitializeTheta; 0ms in CreateRegularizerAgents; 357ms in InferThetaAndUpdateNwtSparse; 5ms in CalculateScore(sparsity_theta_score); 97ms in CalculateScore(^^^ItemsProcessedScore^^^); ]
I1005 20:14:20.437952 2047873024 master_component.cc:1436] RegularizeModelArgs: rwt_target_name=rwt, pwt_source_name=pwt, nwt_source_name=nwt
I1005 20:14:20.437984 2047873024 master_component.cc:976] MasterComponent: start regularizing model pwt
I1005 20:14:20.462321 25382912 processor.cc:740] No data in processing queue, waiting...
I1005 20:14:20.545156 2047873024 master_component.cc:1002] MasterComponent: complete regularizing model pwt
I1005 20:14:20.545177 2047873024 master_component.cc:1449] NormalizeModelArgs: pwt_target_name=pwt, nwt_source_name=nwt, rwt_source_name=rwt
I1005 20:14:20.545184 2047873024 master_component.cc:1006] MasterComponent: start normalizing model nwt
I1005 20:14:20.618379 2047873024 master_component.cc:1034] MasterComponent: complete normalizing model nwt
I1005 20:14:20.710139 2047873024 master_component.cc:1473] DisposeModel rwt
I1005 20:14:20.728780 2047873024 master_component.cc:1059] FitOffline: ItemsProcessed, num_items=1728, num_batches=2, token_weight=808522, token_weight_in_effect=808522
I1005 20:14:20.729032 2047873024 c_interface.cc:389] Pass FitOfflineMasterModelArgs, batch_filename_size=2, batch_weight_size=2, num_collection_passes=1, reset_nwt=yes to MN4artm4core15MasterComponentEFvRKNS_25FitOfflineMasterModelArgsEE
I1005 20:14:20.729044 2047873024 master_component.cc:1398] ProcessBatchesArgs: nwt_target_name=nwt, batch_filename_size=2, batch_size=0, batch_weight_size=2, pwt_source_name=pwt, num_document_passes=10, regularizer=(name:SmoothSparsePhi, tau:100000), class=(author:1), class=(text:1), reuse_theta=no, opt_for_avx=yes, predict_class_id=, reset_nwt=yes
I1005 20:14:20.745957 29138944 processor.cc:747] Processing queue has data, processing started
I1005 20:14:20.745980 27529216 processor.cc:747] Processing queue has data, processing started
I1005 20:14:20.758994 29138944 processor.cc:820] Processor: start processing batch be1054f3-efc2-41bc-b290-735bd9818d9f into model nwt
I1005 20:14:20.769399 27529216 processor.cc:820] Processor: start processing batch 45c6a40b-a4e0-4742-8204-25aa43dffc56 into model nwt
I1005 20:14:20.971778 29138944 processor.cc:925] Processor: complete processing batch be1054f3-efc2-41bc-b290-735bd9818d9f into model nwt
I1005 20:14:20.975345 29138944 cuckoo_watch.h:45] 229ms in ProcessBatch(lectures_batches/aaaaaa.batch) [including 12ms in LoadMessage; 7ms in InitializeSparseNdw; 0ms in InitializeTheta; 0ms in CreateRegularizerAgents; 154ms in InferThetaAndUpdateNwtSparse; 3ms in CalculateScore(sparsity_theta_score); 47ms in CalculateScore(^^^ItemsProcessedScore^^^); ]
I1005 20:14:20.999656 29138944 processor.cc:740] No data in processing queue, waiting...
I1005 20:14:21.237174 27529216 processor.cc:925] Processor: complete processing batch 45c6a40b-a4e0-4742-8204-25aa43dffc56 into model nwt
I1005 20:14:21.243619 27529216 cuckoo_watch.h:45] 497ms in ProcessBatch(lectures_batches/aaaaab.batch) [including 23ms in LoadMessage; 20ms in InitializeSparseNdw; 0ms in InitializeTheta; 0ms in CreateRegularizerAgents; 342ms in InferThetaAndUpdateNwtSparse; 4ms in CalculateScore(sparsity_theta_score); 99ms in CalculateScore(^^^ItemsProcessedScore^^^); ]
I1005 20:14:21.244088 2047873024 master_component.cc:1436] RegularizeModelArgs: rwt_target_name=rwt, pwt_source_name=pwt, nwt_source_name=nwt
I1005 20:14:21.244145 2047873024 master_component.cc:976] MasterComponent: start regularizing model pwt
I1005 20:14:21.267560 27529216 processor.cc:740] No data in processing queue, waiting...
I1005 20:14:21.356037 2047873024 master_component.cc:1002] MasterComponent: complete regularizing model pwt
I1005 20:14:21.356060 2047873024 master_component.cc:1449] NormalizeModelArgs: pwt_target_name=pwt, nwt_source_name=nwt, rwt_source_name=rwt
I1005 20:14:21.356066 2047873024 master_component.cc:1006] MasterComponent: start normalizing model nwt
I1005 20:14:21.445612 2047873024 master_component.cc:1034] MasterComponent: complete normalizing model nwt
I1005 20:14:21.547485 2047873024 master_component.cc:1473] DisposeModel rwt
I1005 20:14:21.565927 2047873024 master_component.cc:1059] FitOffline: ItemsProcessed, num_items=1728, num_batches=2, token_weight=808522, token_weight_in_effect=808522
I1005 20:14:21.566226 2047873024 c_interface.cc:389] Pass FitOfflineMasterModelArgs, batch_filename_size=2, batch_weight_size=2, num_collection_passes=1, reset_nwt=yes to MN4artm4core15MasterComponentEFvRKNS_25FitOfflineMasterModelArgsEE
I1005 20:14:21.566241 2047873024 master_component.cc:1398] ProcessBatchesArgs: nwt_target_name=nwt, batch_filename_size=2, batch_size=0, batch_weight_size=2, pwt_source_name=pwt, num_document_passes=10, regularizer=(name:SmoothSparsePhi, tau:100000), class=(author:1), class=(text:1), reuse_theta=no, opt_for_avx=yes, predict_class_id=, reset_nwt=yes
I1005 20:14:21.583446 28602368 processor.cc:747] Processing queue has data, processing started
I1005 20:14:21.583577 26456064 processor.cc:747] Processing queue has data, processing started
I1005 20:14:21.596400 28602368 processor.cc:820] Processor: start processing batch be1054f3-efc2-41bc-b290-735bd9818d9f into model nwt
I1005 20:14:21.607687 26456064 processor.cc:820] Processor: start processing batch 45c6a40b-a4e0-4742-8204-25aa43dffc56 into model nwt
I1005 20:14:21.811349 28602368 processor.cc:925] Processor: complete processing batch be1054f3-efc2-41bc-b290-735bd9818d9f into model nwt
I1005 20:14:21.814904 28602368 cuckoo_watch.h:45] 231ms in ProcessBatch(lectures_batches/aaaaaa.batch) [including 12ms in LoadMessage; 8ms in InitializeSparseNdw; 0ms in InitializeTheta; 0ms in CreateRegularizerAgents; 158ms in InferThetaAndUpdateNwtSparse; 3ms in CalculateScore(sparsity_theta_score); 44ms in CalculateScore(^^^ItemsProcessedScore^^^); ]
I1005 20:14:21.839030 28602368 processor.cc:740] No data in processing queue, waiting...
I1005 20:14:22.082826 26456064 processor.cc:925] Processor: complete processing batch 45c6a40b-a4e0-4742-8204-25aa43dffc56 into model nwt
I1005 20:14:22.090025 26456064 cuckoo_watch.h:45] 506ms in ProcessBatch(lectures_batches/aaaaab.batch) [including 24ms in LoadMessage; 19ms in InitializeSparseNdw; 0ms in InitializeTheta; 0ms in CreateRegularizerAgents; 346ms in InferThetaAndUpdateNwtSparse; 6ms in CalculateScore(sparsity_theta_score); 102ms in CalculateScore(^^^ItemsProcessedScore^^^); ]
I1005 20:14:22.091414 2047873024 master_component.cc:1436] RegularizeModelArgs: rwt_target_name=rwt, pwt_source_name=pwt, nwt_source_name=nwt
I1005 20:14:22.091455 2047873024 master_component.cc:976] MasterComponent: start regularizing model pwt
I1005 20:14:22.114455 26456064 processor.cc:740] No data in processing queue, waiting...
I1005 20:14:22.213968 2047873024 master_component.cc:1002] MasterComponent: complete regularizing model pwt
I1005 20:14:22.213990 2047873024 master_component.cc:1449] NormalizeModelArgs: pwt_target_name=pwt, nwt_source_name=nwt, rwt_source_name=rwt
I1005 20:14:22.213999 2047873024 master_component.cc:1006] MasterComponent: start normalizing model nwt
I1005 20:14:22.300210 2047873024 master_component.cc:1034] MasterComponent: complete normalizing model nwt
I1005 20:14:22.390925 2047873024 master_component.cc:1473] DisposeModel rwt
I1005 20:14:22.408589 2047873024 master_component.cc:1059] FitOffline: ItemsProcessed, num_items=1728, num_batches=2, token_weight=808522, token_weight_in_effect=808522
I1005 20:14:22.408882 2047873024 c_interface.cc:389] Pass FitOfflineMasterModelArgs, batch_filename_size=2, batch_weight_size=2, num_collection_passes=1, reset_nwt=yes to MN4artm4core15MasterComponentEFvRKNS_25FitOfflineMasterModelArgsEE
I1005 20:14:22.408895 2047873024 master_component.cc:1398] ProcessBatchesArgs: nwt_target_name=nwt, batch_filename_size=2, batch_size=0, batch_weight_size=2, pwt_source_name=pwt, num_document_passes=10, regularizer=(name:SmoothSparsePhi, tau:100000), class=(author:1), class=(text:1), reuse_theta=no, opt_for_avx=yes, predict_class_id=, reset_nwt=yes
I1005 20:14:22.426736 25382912 processor.cc:747] Processing queue has data, processing started
I1005 20:14:22.426743 27529216 processor.cc:747] Processing queue has data, processing started
I1005 20:14:22.439851 25382912 processor.cc:820] Processor: start processing batch be1054f3-efc2-41bc-b290-735bd9818d9f into model nwt
I1005 20:14:22.450244 27529216 processor.cc:820] Processor: start processing batch 45c6a40b-a4e0-4742-8204-25aa43dffc56 into model nwt
I1005 20:14:22.660135 25382912 processor.cc:925] Processor: complete processing batch be1054f3-efc2-41bc-b290-735bd9818d9f into model nwt
I1005 20:14:22.664754 25382912 cuckoo_watch.h:45] 237ms in ProcessBatch(lectures_batches/aaaaaa.batch) [including 13ms in LoadMessage; 7ms in InitializeSparseNdw; 0ms in InitializeTheta; 0ms in CreateRegularizerAgents; 163ms in InferThetaAndUpdateNwtSparse; 3ms in CalculateScore(sparsity_theta_score); 45ms in CalculateScore(^^^ItemsProcessedScore^^^); ]
I1005 20:14:22.688767 25382912 processor.cc:740] No data in processing queue, waiting...
I1005 20:14:22.937513 27529216 processor.cc:925] Processor: complete processing batch 45c6a40b-a4e0-4742-8204-25aa43dffc56 into model nwt
I1005 20:14:22.943675 27529216 cuckoo_watch.h:45] 516ms in ProcessBatch(lectures_batches/aaaaab.batch) [including 23ms in LoadMessage; 19ms in InitializeSparseNdw; 0ms in InitializeTheta; 0ms in CreateRegularizerAgents; 356ms in InferThetaAndUpdateNwtSparse; 5ms in CalculateScore(sparsity_theta_score); 105ms in CalculateScore(^^^ItemsProcessedScore^^^); ]
I1005 20:14:22.944820 2047873024 master_component.cc:1436] RegularizeModelArgs: rwt_target_name=rwt, pwt_source_name=pwt, nwt_source_name=nwt
I1005 20:14:22.944875 2047873024 master_component.cc:976] MasterComponent: start regularizing model pwt
I1005 20:14:22.967664 27529216 processor.cc:740] No data in processing queue, waiting...
I1005 20:14:23.061055 2047873024 master_component.cc:1002] MasterComponent: complete regularizing model pwt
I1005 20:14:23.061079 2047873024 master_component.cc:1449] NormalizeModelArgs: pwt_target_name=pwt, nwt_source_name=nwt, rwt_source_name=rwt
I1005 20:14:23.061086 2047873024 master_component.cc:1006] MasterComponent: start normalizing model nwt
I1005 20:14:23.146361 2047873024 master_component.cc:1034] MasterComponent: complete normalizing model nwt
I1005 20:14:23.236963 2047873024 master_component.cc:1473] DisposeModel rwt
