I1005 14:55:22.109472 27529216 processor.cc:740] No data in processing queue, waiting...
I1005 14:55:22.112040 24846336 processor.cc:740] No data in processing queue, waiting...
I1005 14:55:22.118875 2047873024 master_component.cc:1034] MasterComponent: complete normalizing model nwt
I1005 14:55:22.132004 2047873024 master_component.cc:1473] DisposeModel rwt
I1005 14:55:22.132017 2047873024 master_component.cc:1059] FitOffline: ItemsProcessed, num_items=476, num_batches=5, token_weight=160411, token_weight_in_effect=160411
I1005 14:55:22.132242 2047873024 c_interface.cc:389] Pass FitOfflineMasterModelArgs, batch_filename_size=5, batch_weight_size=5, num_collection_passes=1, reset_nwt=yes to MN4artm4core15MasterComponentEFvRKNS_25FitOfflineMasterModelArgsEE
I1005 14:55:22.132253 2047873024 master_component.cc:1398] ProcessBatchesArgs: nwt_target_name=nwt, batch_filename_size=5, batch_size=0, batch_weight_size=5, pwt_source_name=pwt, num_document_passes=1, class=(text:1), reuse_theta=yes, opt_for_avx=yes, predict_class_id=, reset_nwt=yes
I1005 14:55:22.137781 26992640 processor.cc:747] Processing queue has data, processing started
I1005 14:55:22.137790 26456064 processor.cc:747] Processing queue has data, processing started
I1005 14:55:22.137804 23773184 processor.cc:747] Processing queue has data, processing started
I1005 14:55:22.137810 25919488 processor.cc:747] Processing queue has data, processing started
I1005 14:55:22.137820 27529216 processor.cc:747] Processing queue has data, processing started
I1005 14:55:22.140882 23773184 processor.cc:820] Processor: start processing batch 301c3b6a-222e-44c0-aba7-5af93301e0ab into model nwt
I1005 14:55:22.141029 25919488 processor.cc:820] Processor: start processing batch 3347a977-7db1-4453-a897-4a9d6e48b230 into model nwt
I1005 14:55:22.141068 26992640 processor.cc:820] Processor: start processing batch cc6c0e57-c169-45ad-868d-a86a8d57c2b8 into model nwt
I1005 14:55:22.141588 27529216 processor.cc:820] Processor: start processing batch 2b4c53c7-69e1-4a2f-837c-baaf9397cbfe into model nwt
I1005 14:55:22.141728 26456064 processor.cc:820] Processor: start processing batch 22ae144b-c323-47cc-b9cf-0c47a6590b07 into model nwt
I1005 14:55:22.173651 27529216 processor.cc:925] Processor: complete processing batch 2b4c53c7-69e1-4a2f-837c-baaf9397cbfe into model nwt
I1005 14:55:22.176031 27529216 cuckoo_watch.h:45] 38ms in ProcessBatch(school_batches/aaaaae.batch) [including 3ms in LoadMessage; 1ms in InitializeSparseNdw; 0ms in FindReuseThetaCacheEntry; 0ms in InitializeTheta; 0ms in CreateRegularizerAgents; 12ms in InferThetaAndUpdateNwtSparse; 0ms in UpdateCacheEntry; 12ms in CalculateScore(PerplexityScore); 0ms in CalculateScore(SparsityThetaScore); 5ms in CalculateScore(^^^ItemsProcessedScore^^^); ]
I1005 14:55:22.176301 23773184 processor.cc:925] Processor: complete processing batch 301c3b6a-222e-44c0-aba7-5af93301e0ab into model nwt
I1005 14:55:22.176383 26992640 processor.cc:925] Processor: complete processing batch cc6c0e57-c169-45ad-868d-a86a8d57c2b8 into model nwt
I1005 14:55:22.176762 25919488 processor.cc:925] Processor: complete processing batch 3347a977-7db1-4453-a897-4a9d6e48b230 into model nwt
I1005 14:55:22.177567 23773184 cuckoo_watch.h:45] 39ms in ProcessBatch(school_batches/aaaaac.batch) [including 3ms in LoadMessage; 0ms in InitializeSparseNdw; 0ms in FindReuseThetaCacheEntry; 0ms in InitializeTheta; 0ms in CreateRegularizerAgents; 10ms in InferThetaAndUpdateNwtSparse; 0ms in UpdateCacheEntry; 13ms in CalculateScore(PerplexityScore); 1ms in CalculateScore(SparsityThetaScore); 7ms in CalculateScore(^^^ItemsProcessedScore^^^); ]
I1005 14:55:22.177827 26992640 cuckoo_watch.h:45] 39ms in ProcessBatch(school_batches/aaaaaa.batch) [including 3ms in LoadMessage; 0ms in InitializeSparseNdw; 0ms in FindReuseThetaCacheEntry; 0ms in InitializeTheta; 0ms in CreateRegularizerAgents; 11ms in InferThetaAndUpdateNwtSparse; 0ms in UpdateCacheEntry; 13ms in CalculateScore(PerplexityScore); 2ms in CalculateScore(SparsityThetaScore); 7ms in CalculateScore(^^^ItemsProcessedScore^^^); ]
I1005 14:55:22.178261 26456064 processor.cc:925] Processor: complete processing batch 22ae144b-c323-47cc-b9cf-0c47a6590b07 into model nwt
I1005 14:55:22.178735 25919488 cuckoo_watch.h:45] 40ms in ProcessBatch(school_batches/aaaaad.batch) [including 3ms in LoadMessage; 1ms in InitializeSparseNdw; 0ms in FindReuseThetaCacheEntry; 0ms in InitializeTheta; 0ms in CreateRegularizerAgents; 13ms in InferThetaAndUpdateNwtSparse; 0ms in UpdateCacheEntry; 13ms in CalculateScore(PerplexityScore); 1ms in CalculateScore(SparsityThetaScore); 6ms in CalculateScore(^^^ItemsProcessedScore^^^); ]
I1005 14:55:22.179579 26456064 cuckoo_watch.h:45] 41ms in ProcessBatch(school_batches/aaaaab.batch) [including 3ms in LoadMessage; 1ms in InitializeSparseNdw; 0ms in FindReuseThetaCacheEntry; 0ms in InitializeTheta; 0ms in CreateRegularizerAgents; 13ms in InferThetaAndUpdateNwtSparse; 0ms in UpdateCacheEntry; 13ms in CalculateScore(PerplexityScore); 0ms in CalculateScore(SparsityThetaScore); 7ms in CalculateScore(^^^ItemsProcessedScore^^^); ]
I1005 14:55:22.179904 2047873024 master_component.cc:1449] NormalizeModelArgs: pwt_target_name=pwt, nwt_source_name=nwt, rwt_source_name=
I1005 14:55:22.179927 2047873024 master_component.cc:1006] MasterComponent: start normalizing model nwt
I1005 14:55:22.200578 27529216 processor.cc:740] No data in processing queue, waiting...
I1005 14:55:22.201841 23773184 processor.cc:740] No data in processing queue, waiting...
I1005 14:55:22.202229 26992640 processor.cc:740] No data in processing queue, waiting...
I1005 14:55:22.203128 25919488 processor.cc:740] No data in processing queue, waiting...
I1005 14:55:22.203537 26456064 processor.cc:740] No data in processing queue, waiting...
I1005 14:55:22.214313 2047873024 master_component.cc:1034] MasterComponent: complete normalizing model nwt
I1005 14:55:22.229195 2047873024 master_component.cc:1473] DisposeModel rwt
I1005 14:55:22.229218 2047873024 master_component.cc:1059] FitOffline: ItemsProcessed, num_items=476, num_batches=5, token_weight=160411, token_weight_in_effect=160411
I1005 14:55:22.229496 2047873024 c_interface.cc:389] Pass FitOfflineMasterModelArgs, batch_filename_size=5, batch_weight_size=5, num_collection_passes=1, reset_nwt=yes to MN4artm4core15MasterComponentEFvRKNS_25FitOfflineMasterModelArgsEE
I1005 14:55:22.229511 2047873024 master_component.cc:1398] ProcessBatchesArgs: nwt_target_name=nwt, batch_filename_size=5, batch_size=0, batch_weight_size=5, pwt_source_name=pwt, num_document_passes=1, class=(text:1), reuse_theta=yes, opt_for_avx=yes, predict_class_id=, reset_nwt=yes
I1005 14:55:22.235891 24846336 processor.cc:747] Processing queue has data, processing started
I1005 14:55:22.235891 26456064 processor.cc:747] Processing queue has data, processing started
I1005 14:55:22.235903 25919488 processor.cc:747] Processing queue has data, processing started
I1005 14:55:22.235905 24309760 processor.cc:747] Processing queue has data, processing started
I1005 14:55:22.235915 23773184 processor.cc:747] Processing queue has data, processing started
I1005 14:55:22.238996 24309760 processor.cc:820] Processor: start processing batch 3347a977-7db1-4453-a897-4a9d6e48b230 into model nwt
I1005 14:55:22.239199 26456064 processor.cc:820] Processor: start processing batch 22ae144b-c323-47cc-b9cf-0c47a6590b07 into model nwt
I1005 14:55:22.239333 25919488 processor.cc:820] Processor: start processing batch 301c3b6a-222e-44c0-aba7-5af93301e0ab into model nwt
I1005 14:55:22.240144 23773184 processor.cc:820] Processor: start processing batch 2b4c53c7-69e1-4a2f-837c-baaf9397cbfe into model nwt
I1005 14:55:22.240635 24846336 processor.cc:820] Processor: start processing batch cc6c0e57-c169-45ad-868d-a86a8d57c2b8 into model nwt
I1005 14:55:22.272595 23773184 processor.cc:925] Processor: complete processing batch 2b4c53c7-69e1-4a2f-837c-baaf9397cbfe into model nwt
I1005 14:55:22.273015 24309760 processor.cc:925] Processor: complete processing batch 3347a977-7db1-4453-a897-4a9d6e48b230 into model nwt
I1005 14:55:22.273641 23773184 cuckoo_watch.h:45] 37ms in ProcessBatch(school_batches/aaaaae.batch) [including 4ms in LoadMessage; 1ms in InitializeSparseNdw; 0ms in FindReuseThetaCacheEntry; 0ms in InitializeTheta; 0ms in CreateRegularizerAgents; 10ms in InferThetaAndUpdateNwtSparse; 0ms in UpdateCacheEntry; 13ms in CalculateScore(PerplexityScore); 1ms in CalculateScore(SparsityThetaScore); 6ms in CalculateScore(^^^ItemsProcessedScore^^^); ]
I1005 14:55:22.274163 24846336 processor.cc:925] Processor: complete processing batch cc6c0e57-c169-45ad-868d-a86a8d57c2b8 into model nwt
I1005 14:55:22.274755 24309760 cuckoo_watch.h:45] 38ms in ProcessBatch(school_batches/aaaaad.batch) [including 3ms in LoadMessage; 0ms in InitializeSparseNdw; 0ms in FindReuseThetaCacheEntry; 0ms in InitializeTheta; 0ms in CreateRegularizerAgents; 13ms in InferThetaAndUpdateNwtSparse; 0ms in UpdateCacheEntry; 11ms in CalculateScore(PerplexityScore); 1ms in CalculateScore(SparsityThetaScore); 6ms in CalculateScore(^^^ItemsProcessedScore^^^); ]
I1005 14:55:22.274868 26456064 processor.cc:925] Processor: complete processing batch 22ae144b-c323-47cc-b9cf-0c47a6590b07 into model nwt
I1005 14:55:22.274902 25919488 processor.cc:925] Processor: complete processing batch 301c3b6a-222e-44c0-aba7-5af93301e0ab into model nwt
I1005 14:55:22.275241 24846336 cuckoo_watch.h:45] 39ms in ProcessBatch(school_batches/aaaaaa.batch) [including 4ms in LoadMessage; 0ms in InitializeSparseNdw; 0ms in FindReuseThetaCacheEntry; 0ms in InitializeTheta; 0ms in CreateRegularizerAgents; 13ms in InferThetaAndUpdateNwtSparse; 0ms in UpdateCacheEntry; 11ms in CalculateScore(PerplexityScore); 1ms in CalculateScore(SparsityThetaScore); 6ms in CalculateScore(^^^ItemsProcessedScore^^^); ]
I1005 14:55:22.275972 26456064 cuckoo_watch.h:45] 39ms in ProcessBatch(school_batches/aaaaab.batch) [including 3ms in LoadMessage; 0ms in InitializeSparseNdw; 0ms in FindReuseThetaCacheEntry; 0ms in InitializeTheta; 0ms in CreateRegularizerAgents; 12ms in InferThetaAndUpdateNwtSparse; 0ms in UpdateCacheEntry; 14ms in CalculateScore(PerplexityScore); 1ms in CalculateScore(SparsityThetaScore); 6ms in CalculateScore(^^^ItemsProcessedScore^^^); ]
I1005 14:55:22.276130 25919488 cuckoo_watch.h:45] 40ms in ProcessBatch(school_batches/aaaaac.batch) [including 3ms in LoadMessage; 0ms in InitializeSparseNdw; 0ms in FindReuseThetaCacheEntry; 0ms in InitializeTheta; 0ms in CreateRegularizerAgents; 11ms in InferThetaAndUpdateNwtSparse; 0ms in UpdateCacheEntry; 15ms in CalculateScore(PerplexityScore); 1ms in CalculateScore(SparsityThetaScore); 6ms in CalculateScore(^^^ItemsProcessedScore^^^); ]
I1005 14:55:22.276145 2047873024 master_component.cc:1449] NormalizeModelArgs: pwt_target_name=pwt, nwt_source_name=nwt, rwt_source_name=
I1005 14:55:22.276166 2047873024 master_component.cc:1006] MasterComponent: start normalizing model nwt
I1005 14:55:22.297724 23773184 processor.cc:740] No data in processing queue, waiting...
I1005 14:55:22.298948 24309760 processor.cc:740] No data in processing queue, waiting...
I1005 14:55:22.298954 24846336 processor.cc:740] No data in processing queue, waiting...
I1005 14:55:22.300232 25919488 processor.cc:740] No data in processing queue, waiting...
I1005 14:55:22.300235 26456064 processor.cc:740] No data in processing queue, waiting...
I1005 14:55:22.308624 2047873024 master_component.cc:1034] MasterComponent: complete normalizing model nwt
I1005 14:55:22.321420 2047873024 master_component.cc:1473] DisposeModel rwt
I1005 14:55:22.321440 2047873024 master_component.cc:1059] FitOffline: ItemsProcessed, num_items=476, num_batches=5, token_weight=160411, token_weight_in_effect=160411
I1005 14:55:22.321681 2047873024 c_interface.cc:389] Pass FitOfflineMasterModelArgs, batch_filename_size=5, batch_weight_size=5, num_collection_passes=1, reset_nwt=yes to MN4artm4core15MasterComponentEFvRKNS_25FitOfflineMasterModelArgsEE
I1005 14:55:22.321696 2047873024 master_component.cc:1398] ProcessBatchesArgs: nwt_target_name=nwt, batch_filename_size=5, batch_size=0, batch_weight_size=5, pwt_source_name=pwt, num_document_passes=1, class=(text:1), reuse_theta=yes, opt_for_avx=yes, predict_class_id=, reset_nwt=yes
I1005 14:55:22.329352 24846336 processor.cc:747] Processing queue has data, processing started
I1005 14:55:22.329360 27529216 processor.cc:747] Processing queue has data, processing started
I1005 14:55:22.329368 28065792 processor.cc:747] Processing queue has data, processing started
I1005 14:55:22.329373 26456064 processor.cc:747] Processing queue has data, processing started
I1005 14:55:22.329380 24309760 processor.cc:747] Processing queue has data, processing started
I1005 14:55:22.332288 26456064 processor.cc:820] Processor: start processing batch 3347a977-7db1-4453-a897-4a9d6e48b230 into model nwt
I1005 14:55:22.332432 24846336 processor.cc:820] Processor: start processing batch cc6c0e57-c169-45ad-868d-a86a8d57c2b8 into model nwt
I1005 14:55:22.332558 28065792 processor.cc:820] Processor: start processing batch 301c3b6a-222e-44c0-aba7-5af93301e0ab into model nwt
I1005 14:55:22.333551 24309760 processor.cc:820] Processor: start processing batch 2b4c53c7-69e1-4a2f-837c-baaf9397cbfe into model nwt
I1005 14:55:22.333851 27529216 processor.cc:820] Processor: start processing batch 22ae144b-c323-47cc-b9cf-0c47a6590b07 into model nwt
I1005 14:55:22.366365 24309760 processor.cc:925] Processor: complete processing batch 2b4c53c7-69e1-4a2f-837c-baaf9397cbfe into model nwt
I1005 14:55:22.367267 24846336 processor.cc:925] Processor: complete processing batch cc6c0e57-c169-45ad-868d-a86a8d57c2b8 into model nwt
I1005 14:55:22.367286 27529216 processor.cc:925] Processor: complete processing batch 22ae144b-c323-47cc-b9cf-0c47a6590b07 into model nwt
I1005 14:55:22.367292 26456064 processor.cc:925] Processor: complete processing batch 3347a977-7db1-4453-a897-4a9d6e48b230 into model nwt
I1005 14:55:22.367943 24309760 cuckoo_watch.h:45] 38ms in ProcessBatch(school_batches/aaaaae.batch) [including 4ms in LoadMessage; 1ms in InitializeSparseNdw; 0ms in FindReuseThetaCacheEntry; 0ms in InitializeTheta; 0ms in CreateRegularizerAgents; 11ms in InferThetaAndUpdateNwtSparse; 0ms in UpdateCacheEntry; 11ms in CalculateScore(PerplexityScore); 0ms in CalculateScore(SparsityThetaScore); 7ms in CalculateScore(^^^ItemsProcessedScore^^^); ]
I1005 14:55:22.368515 24846336 cuckoo_watch.h:45] 39ms in ProcessBatch(school_batches/aaaaaa.batch) [including 3ms in LoadMessage; 0ms in InitializeSparseNdw; 0ms in FindReuseThetaCacheEntry; 0ms in InitializeTheta; 0ms in CreateRegularizerAgents; 12ms in InferThetaAndUpdateNwtSparse; 0ms in UpdateCacheEntry; 11ms in CalculateScore(PerplexityScore); 1ms in CalculateScore(SparsityThetaScore); 8ms in CalculateScore(^^^ItemsProcessedScore^^^); ]
I1005 14:55:22.368572 27529216 cuckoo_watch.h:45] 39ms in ProcessBatch(school_batches/aaaaab.batch) [including 4ms in LoadMessage; 1ms in InitializeSparseNdw; 0ms in FindReuseThetaCacheEntry; 0ms in InitializeTheta; 0ms in CreateRegularizerAgents; 12ms in InferThetaAndUpdateNwtSparse; 0ms in UpdateCacheEntry; 12ms in CalculateScore(PerplexityScore); 1ms in CalculateScore(SparsityThetaScore); 5ms in CalculateScore(^^^ItemsProcessedScore^^^); ]
I1005 14:55:22.369009 26456064 cuckoo_watch.h:45] 39ms in ProcessBatch(school_batches/aaaaad.batch) [including 2ms in LoadMessage; 0ms in InitializeSparseNdw; 0ms in FindReuseThetaCacheEntry; 0ms in InitializeTheta; 0ms in CreateRegularizerAgents; 12ms in InferThetaAndUpdateNwtSparse; 0ms in UpdateCacheEntry; 15ms in CalculateScore(PerplexityScore); 1ms in CalculateScore(SparsityThetaScore); 5ms in CalculateScore(^^^ItemsProcessedScore^^^); ]
I1005 14:55:22.370837 28065792 processor.cc:925] Processor: complete processing batch 301c3b6a-222e-44c0-aba7-5af93301e0ab into model nwt
I1005 14:55:22.372041 28065792 cuckoo_watch.h:45] 42ms in ProcessBatch(school_batches/aaaaac.batch) [including 3ms in LoadMessage; 0ms in InitializeSparseNdw; 0ms in FindReuseThetaCacheEntry; 0ms in InitializeTheta; 0ms in CreateRegularizerAgents; 12ms in InferThetaAndUpdateNwtSparse; 0ms in UpdateCacheEntry; 17ms in CalculateScore(PerplexityScore); 1ms in CalculateScore(SparsityThetaScore); 6ms in CalculateScore(^^^ItemsProcessedScore^^^); ]
I1005 14:55:22.372898 2047873024 master_component.cc:1449] NormalizeModelArgs: pwt_target_name=pwt, nwt_source_name=nwt, rwt_source_name=
I1005 14:55:22.372926 2047873024 master_component.cc:1006] MasterComponent: start normalizing model nwt
I1005 14:55:22.392225 24309760 processor.cc:740] No data in processing queue, waiting...
I1005 14:55:22.392721 24846336 processor.cc:740] No data in processing queue, waiting...
I1005 14:55:22.392735 27529216 processor.cc:740] No data in processing queue, waiting...
I1005 14:55:22.393494 26456064 processor.cc:740] No data in processing queue, waiting...
I1005 14:55:22.395977 28065792 processor.cc:740] No data in processing queue, waiting...
I1005 14:55:22.402310 2047873024 master_component.cc:1034] MasterComponent: complete normalizing model nwt
I1005 14:55:22.415647 2047873024 master_component.cc:1473] DisposeModel rwt
I1005 14:55:22.415660 2047873024 master_component.cc:1059] FitOffline: ItemsProcessed, num_items=476, num_batches=5, token_weight=160411, token_weight_in_effect=160411
I1005 14:55:22.415884 2047873024 c_interface.cc:389] Pass FitOfflineMasterModelArgs, batch_filename_size=5, batch_weight_size=5, num_collection_passes=1, reset_nwt=yes to MN4artm4core15MasterComponentEFvRKNS_25FitOfflineMasterModelArgsEE
I1005 14:55:22.415894 2047873024 master_component.cc:1398] ProcessBatchesArgs: nwt_target_name=nwt, batch_filename_size=5, batch_size=0, batch_weight_size=5, pwt_source_name=pwt, num_document_passes=1, class=(text:1), reuse_theta=yes, opt_for_avx=yes, predict_class_id=, reset_nwt=yes
I1005 14:55:22.422643 25919488 processor.cc:747] Processing queue has data, processing started
I1005 14:55:22.422643 23773184 processor.cc:747] Processing queue has data, processing started
I1005 14:55:22.422667 28065792 processor.cc:747] Processing queue has data, processing started
I1005 14:55:22.422673 24309760 processor.cc:747] Processing queue has data, processing started
I1005 14:55:22.422688 26992640 processor.cc:747] Processing queue has data, processing started
I1005 14:55:22.425516 25919488 processor.cc:820] Processor: start processing batch 22ae144b-c323-47cc-b9cf-0c47a6590b07 into model nwt
I1005 14:55:22.425654 24309760 processor.cc:820] Processor: start processing batch 3347a977-7db1-4453-a897-4a9d6e48b230 into model nwt
I1005 14:55:22.425906 28065792 processor.cc:820] Processor: start processing batch 301c3b6a-222e-44c0-aba7-5af93301e0ab into model nwt
I1005 14:55:22.426319 26992640 processor.cc:820] Processor: start processing batch 2b4c53c7-69e1-4a2f-837c-baaf9397cbfe into model nwt
I1005 14:55:22.426594 23773184 processor.cc:820] Processor: start processing batch cc6c0e57-c169-45ad-868d-a86a8d57c2b8 into model nwt
I1005 14:55:22.459632 28065792 processor.cc:925] Processor: complete processing batch 301c3b6a-222e-44c0-aba7-5af93301e0ab into model nwt
I1005 14:55:22.460513 24309760 processor.cc:925] Processor: complete processing batch 3347a977-7db1-4453-a897-4a9d6e48b230 into model nwt
I1005 14:55:22.461936 26992640 processor.cc:925] Processor: complete processing batch 2b4c53c7-69e1-4a2f-837c-baaf9397cbfe into model nwt
I1005 14:55:22.462409 23773184 processor.cc:925] Processor: complete processing batch cc6c0e57-c169-45ad-868d-a86a8d57c2b8 into model nwt
I1005 14:55:22.462832 24309760 cuckoo_watch.h:45] 40ms in ProcessBatch(school_batches/aaaaad.batch) [including 2ms in LoadMessage; 1ms in InitializeSparseNdw; 0ms in FindReuseThetaCacheEntry; 0ms in InitializeTheta; 0ms in CreateRegularizerAgents; 11ms in InferThetaAndUpdateNwtSparse; 0ms in UpdateCacheEntry; 14ms in CalculateScore(PerplexityScore); 1ms in CalculateScore(SparsityThetaScore); 5ms in CalculateScore(^^^ItemsProcessedScore^^^); ]
I1005 14:55:22.462940 28065792 cuckoo_watch.h:45] 40ms in ProcessBatch(school_batches/aaaaac.batch) [including 3ms in LoadMessage; 1ms in InitializeSparseNdw; 0ms in FindReuseThetaCacheEntry; 0ms in InitializeTheta; 0ms in CreateRegularizerAgents; 11ms in InferThetaAndUpdateNwtSparse; 0ms in UpdateCacheEntry; 12ms in CalculateScore(PerplexityScore); 1ms in CalculateScore(SparsityThetaScore); 7ms in CalculateScore(^^^ItemsProcessedScore^^^); ]
I1005 14:55:22.462985 25919488 processor.cc:925] Processor: complete processing batch 22ae144b-c323-47cc-b9cf-0c47a6590b07 into model nwt
I1005 14:55:22.463062 26992640 cuckoo_watch.h:45] 40ms in ProcessBatch(school_batches/aaaaae.batch) [including 3ms in LoadMessage; 0ms in InitializeSparseNdw; 0ms in FindReuseThetaCacheEntry; 0ms in InitializeTheta; 0ms in CreateRegularizerAgents; 13ms in InferThetaAndUpdateNwtSparse; 0ms in UpdateCacheEntry; 14ms in CalculateScore(PerplexityScore); 0ms in CalculateScore(SparsityThetaScore); 6ms in CalculateScore(^^^ItemsProcessedScore^^^); ]
I1005 14:55:22.463511 23773184 cuckoo_watch.h:45] 40ms in ProcessBatch(school_batches/aaaaaa.batch) [including 3ms in LoadMessage; 0ms in InitializeSparseNdw; 0ms in FindReuseThetaCacheEntry; 0ms in InitializeTheta; 0ms in CreateRegularizerAgents; 12ms in InferThetaAndUpdateNwtSparse; 0ms in UpdateCacheEntry; 14ms in CalculateScore(PerplexityScore); 1ms in CalculateScore(SparsityThetaScore); 6ms in CalculateScore(^^^ItemsProcessedScore^^^); ]
I1005 14:55:22.464164 25919488 cuckoo_watch.h:45] 41ms in ProcessBatch(school_batches/aaaaab.batch) [including 2ms in LoadMessage; 0ms in InitializeSparseNdw; 0ms in FindReuseThetaCacheEntry; 0ms in InitializeTheta; 0ms in CreateRegularizerAgents; 13ms in InferThetaAndUpdateNwtSparse; 0ms in UpdateCacheEntry; 12ms in CalculateScore(PerplexityScore); 1ms in CalculateScore(SparsityThetaScore); 9ms in CalculateScore(^^^ItemsProcessedScore^^^); ]
I1005 14:55:22.464880 2047873024 master_component.cc:1449] NormalizeModelArgs: pwt_target_name=pwt, nwt_source_name=nwt, rwt_source_name=
I1005 14:55:22.464892 2047873024 master_component.cc:1006] MasterComponent: start normalizing model nwt
I1005 14:55:22.487015 28065792 processor.cc:740] No data in processing queue, waiting...
I1005 14:55:22.487015 24309760 processor.cc:740] No data in processing queue, waiting...
I1005 14:55:22.487021 26992640 processor.cc:740] No data in processing queue, waiting...
I1005 14:55:22.487468 23773184 processor.cc:740] No data in processing queue, waiting...
I1005 14:55:22.488308 25919488 processor.cc:740] No data in processing queue, waiting...
I1005 14:55:22.499353 2047873024 master_component.cc:1034] MasterComponent: complete normalizing model nwt
I1005 14:55:22.513864 2047873024 master_component.cc:1473] DisposeModel rwt
I1005 14:55:22.513896 2047873024 master_component.cc:1059] FitOffline: ItemsProcessed, num_items=476, num_batches=5, token_weight=160411, token_weight_in_effect=160411
I1005 14:55:22.514124 2047873024 c_interface.cc:389] Pass FitOfflineMasterModelArgs, batch_filename_size=5, batch_weight_size=5, num_collection_passes=1, reset_nwt=yes to MN4artm4core15MasterComponentEFvRKNS_25FitOfflineMasterModelArgsEE
I1005 14:55:22.514137 2047873024 master_component.cc:1398] ProcessBatchesArgs: nwt_target_name=nwt, batch_filename_size=5, batch_size=0, batch_weight_size=5, pwt_source_name=pwt, num_document_passes=1, class=(text:1), reuse_theta=yes, opt_for_avx=yes, predict_class_id=, reset_nwt=yes
I1005 14:55:22.520313 26992640 processor.cc:747] Processing queue has data, processing started
I1005 14:55:22.520314 24309760 processor.cc:747] Processing queue has data, processing started
I1005 14:55:22.520316 28065792 processor.cc:747] Processing queue has data, processing started
I1005 14:55:22.520318 25919488 processor.cc:747] Processing queue has data, processing started
I1005 14:55:22.520725 26456064 processor.cc:747] Processing queue has data, processing started
I1005 14:55:22.522966 24309760 processor.cc:820] Processor: start processing batch 22ae144b-c323-47cc-b9cf-0c47a6590b07 into model nwt
I1005 14:55:22.523172 28065792 processor.cc:820] Processor: start processing batch 301c3b6a-222e-44c0-aba7-5af93301e0ab into model nwt
I1005 14:55:22.523314 26456064 processor.cc:820] Processor: start processing batch 2b4c53c7-69e1-4a2f-837c-baaf9397cbfe into model nwt
I1005 14:55:22.524143 25919488 processor.cc:820] Processor: start processing batch 3347a977-7db1-4453-a897-4a9d6e48b230 into model nwt
I1005 14:55:22.524150 26992640 processor.cc:820] Processor: start processing batch cc6c0e57-c169-45ad-868d-a86a8d57c2b8 into model nwt
I1005 14:55:22.554724 26456064 processor.cc:925] Processor: complete processing batch 2b4c53c7-69e1-4a2f-837c-baaf9397cbfe into model nwt
I1005 14:55:22.556344 26992640 processor.cc:925] Processor: complete processing batch cc6c0e57-c169-45ad-868d-a86a8d57c2b8 into model nwt
I1005 14:55:22.556843 26456064 cuckoo_watch.h:45] 36ms in ProcessBatch(school_batches/aaaaae.batch) [including 2ms in LoadMessage; 0ms in InitializeSparseNdw; 0ms in FindReuseThetaCacheEntry; 0ms in InitializeTheta; 0ms in CreateRegularizerAgents; 11ms in InferThetaAndUpdateNwtSparse; 0ms in UpdateCacheEntry; 12ms in CalculateScore(PerplexityScore); 0ms in CalculateScore(SparsityThetaScore); 5ms in CalculateScore(^^^ItemsProcessedScore^^^); ]
I1005 14:55:22.557328 28065792 processor.cc:925] Processor: complete processing batch 301c3b6a-222e-44c0-aba7-5af93301e0ab into model nwt
I1005 14:55:22.557747 26992640 cuckoo_watch.h:45] 37ms in ProcessBatch(school_batches/aaaaaa.batch) [including 3ms in LoadMessage; 1ms in InitializeSparseNdw; 0ms in FindReuseThetaCacheEntry; 0ms in InitializeTheta; 0ms in CreateRegularizerAgents; 12ms in InferThetaAndUpdateNwtSparse; 0ms in UpdateCacheEntry; 11ms in CalculateScore(PerplexityScore); 1ms in CalculateScore(SparsityThetaScore); 5ms in CalculateScore(^^^ItemsProcessedScore^^^); ]
I1005 14:55:22.557823 25919488 processor.cc:925] Processor: complete processing batch 3347a977-7db1-4453-a897-4a9d6e48b230 into model nwt
I1005 14:55:22.558434 28065792 cuckoo_watch.h:45] 38ms in ProcessBatch(school_batches/aaaaac.batch) [including 2ms in LoadMessage; 0ms in InitializeSparseNdw; 0ms in FindReuseThetaCacheEntry; 0ms in InitializeTheta; 0ms in CreateRegularizerAgents; 14ms in InferThetaAndUpdateNwtSparse; 0ms in UpdateCacheEntry; 11ms in CalculateScore(PerplexityScore); 1ms in CalculateScore(SparsityThetaScore); 6ms in CalculateScore(^^^ItemsProcessedScore^^^); ]
I1005 14:55:22.559032 25919488 cuckoo_watch.h:45] 38ms in ProcessBatch(school_batches/aaaaad.batch) [including 3ms in LoadMessage; 0ms in InitializeSparseNdw; 0ms in FindReuseThetaCacheEntry; 0ms in InitializeTheta; 0ms in CreateRegularizerAgents; 10ms in InferThetaAndUpdateNwtSparse; 0ms in UpdateCacheEntry; 12ms in CalculateScore(PerplexityScore); 1ms in CalculateScore(SparsityThetaScore); 7ms in CalculateScore(^^^ItemsProcessedScore^^^); ]
I1005 14:55:22.560786 24309760 processor.cc:925] Processor: complete processing batch 22ae144b-c323-47cc-b9cf-0c47a6590b07 into model nwt
I1005 14:55:22.561995 24309760 cuckoo_watch.h:45] 41ms in ProcessBatch(school_batches/aaaaab.batch) [including 2ms in LoadMessage; 0ms in InitializeSparseNdw; 0ms in FindReuseThetaCacheEntry; 0ms in InitializeTheta; 0ms in CreateRegularizerAgents; 13ms in InferThetaAndUpdateNwtSparse; 0ms in UpdateCacheEntry; 15ms in CalculateScore(PerplexityScore); 1ms in CalculateScore(SparsityThetaScore); 6ms in CalculateScore(^^^ItemsProcessedScore^^^); ]
I1005 14:55:22.562084 2047873024 master_component.cc:1449] NormalizeModelArgs: pwt_target_name=pwt, nwt_source_name=nwt, rwt_source_name=
I1005 14:55:22.562098 2047873024 master_component.cc:1006] MasterComponent: start normalizing model nwt
I1005 14:55:22.580365 26456064 processor.cc:740] No data in processing queue, waiting...
I1005 14:55:22.581930 28065792 processor.cc:740] No data in processing queue, waiting...
I1005 14:55:22.581954 26992640 processor.cc:740] No data in processing queue, waiting...
I1005 14:55:22.583151 25919488 processor.cc:740] No data in processing queue, waiting...
I1005 14:55:22.585250 24309760 processor.cc:740] No data in processing queue, waiting...
I1005 14:55:22.590574 2047873024 master_component.cc:1034] MasterComponent: complete normalizing model nwt
I1005 14:55:22.603183 2047873024 master_component.cc:1473] DisposeModel rwt
I1005 14:55:22.603206 2047873024 master_component.cc:1059] FitOffline: ItemsProcessed, num_items=476, num_batches=5, token_weight=160411, token_weight_in_effect=160411
I1005 14:55:22.603499 2047873024 c_interface.cc:389] Pass FitOfflineMasterModelArgs, batch_filename_size=5, batch_weight_size=5, num_collection_passes=1, reset_nwt=yes to MN4artm4core15MasterComponentEFvRKNS_25FitOfflineMasterModelArgsEE
I1005 14:55:22.603514 2047873024 master_component.cc:1398] ProcessBatchesArgs: nwt_target_name=nwt, batch_filename_size=5, batch_size=0, batch_weight_size=5, pwt_source_name=pwt, num_document_passes=1, class=(text:1), reuse_theta=yes, opt_for_avx=yes, predict_class_id=, reset_nwt=yes
I1005 14:55:22.609577 23773184 processor.cc:747] Processing queue has data, processing started
I1005 14:55:22.610438 24309760 processor.cc:747] Processing queue has data, processing started
I1005 14:55:22.610442 26456064 processor.cc:747] Processing queue has data, processing started
I1005 14:55:22.610442 27529216 processor.cc:747] Processing queue has data, processing started
I1005 14:55:22.610455 24846336 processor.cc:747] Processing queue has data, processing started
I1005 14:55:22.612401 23773184 processor.cc:820] Processor: start processing batch cc6c0e57-c169-45ad-868d-a86a8d57c2b8 into model nwt
I1005 14:55:22.613312 24846336 processor.cc:820] Processor: start processing batch 2b4c53c7-69e1-4a2f-837c-baaf9397cbfe into model nwt
I1005 14:55:22.613570 26456064 processor.cc:820] Processor: start processing batch 301c3b6a-222e-44c0-aba7-5af93301e0ab into model nwt
I1005 14:55:22.613754 27529216 processor.cc:820] Processor: start processing batch 3347a977-7db1-4453-a897-4a9d6e48b230 into model nwt
I1005 14:55:22.614917 24309760 processor.cc:820] Processor: start processing batch 22ae144b-c323-47cc-b9cf-0c47a6590b07 into model nwt
I1005 14:55:22.646793 27529216 processor.cc:925] Processor: complete processing batch 3347a977-7db1-4453-a897-4a9d6e48b230 into model nwt
I1005 14:55:22.648505 24846336 processor.cc:925] Processor: complete processing batch 2b4c53c7-69e1-4a2f-837c-baaf9397cbfe into model nwt
I1005 14:55:22.648722 27529216 cuckoo_watch.h:45] 38ms in ProcessBatch(school_batches/aaaaad.batch) [including 3ms in LoadMessage; 1ms in InitializeSparseNdw; 0ms in FindReuseThetaCacheEntry; 0ms in InitializeTheta; 0ms in CreateRegularizerAgents; 11ms in InferThetaAndUpdateNwtSparse; 0ms in UpdateCacheEntry; 12ms in CalculateScore(PerplexityScore); 1ms in CalculateScore(SparsityThetaScore); 6ms in CalculateScore(^^^ItemsProcessedScore^^^); ]
I1005 14:55:22.648937 24309760 processor.cc:925] Processor: complete processing batch 22ae144b-c323-47cc-b9cf-0c47a6590b07 into model nwt
I1005 14:55:22.649587 26456064 processor.cc:925] Processor: complete processing batch 301c3b6a-222e-44c0-aba7-5af93301e0ab into model nwt
I1005 14:55:22.649935 24846336 cuckoo_watch.h:45] 39ms in ProcessBatch(school_batches/aaaaae.batch) [including 2ms in LoadMessage; 0ms in InitializeSparseNdw; 0ms in FindReuseThetaCacheEntry; 0ms in InitializeTheta; 0ms in CreateRegularizerAgents; 12ms in InferThetaAndUpdateNwtSparse; 0ms in UpdateCacheEntry; 13ms in CalculateScore(PerplexityScore); 1ms in CalculateScore(SparsityThetaScore); 7ms in CalculateScore(^^^ItemsProcessedScore^^^); ]
I1005 14:55:22.651044 23773184 processor.cc:925] Processor: complete processing batch cc6c0e57-c169-45ad-868d-a86a8d57c2b8 into model nwt
I1005 14:55:22.651398 24309760 cuckoo_watch.h:45] 40ms in ProcessBatch(school_batches/aaaaab.batch) [including 4ms in LoadMessage; 1ms in InitializeSparseNdw; 0ms in FindReuseThetaCacheEntry; 0ms in InitializeTheta; 0ms in CreateRegularizerAgents; 11ms in InferThetaAndUpdateNwtSparse; 0ms in UpdateCacheEntry; 13ms in CalculateScore(PerplexityScore); 1ms in CalculateScore(SparsityThetaScore); 6ms in CalculateScore(^^^ItemsProcessedScore^^^); ]
I1005 14:55:22.651451 26456064 cuckoo_watch.h:45] 40ms in ProcessBatch(school_batches/aaaaac.batch) [including 3ms in LoadMessage; 0ms in InitializeSparseNdw; 0ms in FindReuseThetaCacheEntry; 0ms in InitializeTheta; 0ms in CreateRegularizerAgents; 12ms in InferThetaAndUpdateNwtSparse; 0ms in UpdateCacheEntry; 15ms in CalculateScore(PerplexityScore); 1ms in CalculateScore(SparsityThetaScore); 6ms in CalculateScore(^^^ItemsProcessedScore^^^); ]
I1005 14:55:22.652169 23773184 cuckoo_watch.h:45] 42ms in ProcessBatch(school_batches/aaaaaa.batch) [including 2ms in LoadMessage; 0ms in InitializeSparseNdw; 0ms in FindReuseThetaCacheEntry; 0ms in InitializeTheta; 0ms in CreateRegularizerAgents; 11ms in InferThetaAndUpdateNwtSparse; 0ms in UpdateCacheEntry; 15ms in CalculateScore(PerplexityScore); 1ms in CalculateScore(SparsityThetaScore); 9ms in CalculateScore(^^^ItemsProcessedScore^^^); ]
I1005 14:55:22.653065 2047873024 master_component.cc:1449] NormalizeModelArgs: pwt_target_name=pwt, nwt_source_name=nwt, rwt_source_name=
I1005 14:55:22.653079 2047873024 master_component.cc:1006] MasterComponent: start normalizing model nwt
I1005 14:55:22.673105 27529216 processor.cc:740] No data in processing queue, waiting...
I1005 14:55:22.674057 24846336 processor.cc:740] No data in processing queue, waiting...
I1005 14:55:22.675700 26456064 processor.cc:740] No data in processing queue, waiting...
I1005 14:55:22.675701 24309760 processor.cc:740] No data in processing queue, waiting...
I1005 14:55:22.676630 23773184 processor.cc:740] No data in processing queue, waiting...
I1005 14:55:22.685097 2047873024 master_component.cc:1034] MasterComponent: complete normalizing model nwt
I1005 14:55:22.698806 2047873024 master_component.cc:1473] DisposeModel rwt
I1005 14:55:22.698825 2047873024 master_component.cc:1059] FitOffline: ItemsProcessed, num_items=476, num_batches=5, token_weight=160411, token_weight_in_effect=160411
I1005 14:57:09.787876 2047873024 c_interface.cc:231] ArtmCopyRequestedMessage is copying 2240 bytes...
I1005 14:57:53.851034 2047873024 c_interface.cc:231] ArtmCopyRequestedMessage is copying 150975 bytes...
I1005 14:57:53.915834 2047873024 c_interface.cc:231] ArtmCopyRequestedMessage is copying 150975 bytes...
I1005 14:57:53.982319 2047873024 c_interface.cc:231] ArtmCopyRequestedMessage is copying 150975 bytes...
I1005 14:57:54.052413 2047873024 c_interface.cc:231] ArtmCopyRequestedMessage is copying 150975 bytes...
I1005 14:57:54.122869 2047873024 c_interface.cc:231] ArtmCopyRequestedMessage is copying 150975 bytes...
I1005 14:57:54.196975 2047873024 c_interface.cc:231] ArtmCopyRequestedMessage is copying 150975 bytes...
I1005 14:57:54.267660 2047873024 c_interface.cc:231] ArtmCopyRequestedMessage is copying 150975 bytes...
I1005 14:57:54.333914 2047873024 c_interface.cc:231] ArtmCopyRequestedMessage is copying 150975 bytes...
I1005 14:57:54.399685 2047873024 c_interface.cc:231] ArtmCopyRequestedMessage is copying 150975 bytes...
I1005 14:57:54.465453 2047873024 c_interface.cc:231] ArtmCopyRequestedMessage is copying 150975 bytes...
I1005 14:58:10.502662 2047873024 c_interface.cc:231] ArtmCopyRequestedMessage is copying 150975 bytes...
I1005 14:58:10.567560 2047873024 c_interface.cc:231] ArtmCopyRequestedMessage is copying 150975 bytes...
I1005 14:58:10.630617 2047873024 c_interface.cc:231] ArtmCopyRequestedMessage is copying 150975 bytes...
I1005 14:58:10.693202 2047873024 c_interface.cc:231] ArtmCopyRequestedMessage is copying 150975 bytes...
I1005 14:58:10.761835 2047873024 c_interface.cc:231] ArtmCopyRequestedMessage is copying 150975 bytes...
I1005 14:58:10.828434 2047873024 c_interface.cc:231] ArtmCopyRequestedMessage is copying 150975 bytes...
I1005 14:58:10.896934 2047873024 c_interface.cc:231] ArtmCopyRequestedMessage is copying 150975 bytes...
I1005 14:58:10.968044 2047873024 c_interface.cc:231] ArtmCopyRequestedMessage is copying 150975 bytes...
I1005 14:58:11.039685 2047873024 c_interface.cc:231] ArtmCopyRequestedMessage is copying 150975 bytes...
I1005 14:58:11.107018 2047873024 c_interface.cc:231] ArtmCopyRequestedMessage is copying 150975 bytes...
I1005 14:58:20.878190 2047873024 c_interface.cc:231] ArtmCopyRequestedMessage is copying 150975 bytes...
I1005 14:58:20.941679 2047873024 c_interface.cc:231] ArtmCopyRequestedMessage is copying 150975 bytes...
I1005 14:58:21.002970 2047873024 c_interface.cc:231] ArtmCopyRequestedMessage is copying 150975 bytes...
I1005 14:58:21.064780 2047873024 c_interface.cc:231] ArtmCopyRequestedMessage is copying 150975 bytes...
I1005 14:58:21.129897 2047873024 c_interface.cc:231] ArtmCopyRequestedMessage is copying 150975 bytes...
I1005 14:58:21.197960 2047873024 c_interface.cc:231] ArtmCopyRequestedMessage is copying 150975 bytes...
I1005 14:58:21.260351 2047873024 c_interface.cc:231] ArtmCopyRequestedMessage is copying 150975 bytes...
I1005 14:58:21.330420 2047873024 c_interface.cc:231] ArtmCopyRequestedMessage is copying 150975 bytes...
I1005 14:58:21.395248 2047873024 c_interface.cc:231] ArtmCopyRequestedMessage is copying 150975 bytes...
I1005 14:58:21.459992 2047873024 c_interface.cc:231] ArtmCopyRequestedMessage is copying 150975 bytes...
I1005 14:58:44.400600 2047873024 c_interface.cc:231] ArtmCopyRequestedMessage is copying 150975 bytes...
I1005 14:58:44.474450 2047873024 c_interface.cc:231] ArtmCopyRequestedMessage is copying 150975 bytes...
I1005 14:58:44.538064 2047873024 c_interface.cc:231] ArtmCopyRequestedMessage is copying 150975 bytes...
I1005 14:58:44.602039 2047873024 c_interface.cc:231] ArtmCopyRequestedMessage is copying 150975 bytes...
I1005 14:58:44.666582 2047873024 c_interface.cc:231] ArtmCopyRequestedMessage is copying 150975 bytes...
I1005 14:58:44.734046 2047873024 c_interface.cc:231] ArtmCopyRequestedMessage is copying 150975 bytes...
I1005 14:58:44.799541 2047873024 c_interface.cc:231] ArtmCopyRequestedMessage is copying 150975 bytes...
I1005 14:58:44.862058 2047873024 c_interface.cc:231] ArtmCopyRequestedMessage is copying 150975 bytes...
I1005 14:58:44.928099 2047873024 c_interface.cc:231] ArtmCopyRequestedMessage is copying 150975 bytes...
I1005 14:58:44.993670 2047873024 c_interface.cc:231] ArtmCopyRequestedMessage is copying 150975 bytes...
I1005 14:58:47.077247 2047873024 c_interface.cc:231] ArtmCopyRequestedMessage is copying 150975 bytes...
I1005 14:58:47.143921 2047873024 c_interface.cc:231] ArtmCopyRequestedMessage is copying 150975 bytes...
I1005 14:58:47.221525 2047873024 c_interface.cc:231] ArtmCopyRequestedMessage is copying 150975 bytes...
I1005 14:58:47.286471 2047873024 c_interface.cc:231] ArtmCopyRequestedMessage is copying 150975 bytes...
I1005 14:58:47.352640 2047873024 c_interface.cc:231] ArtmCopyRequestedMessage is copying 150975 bytes...
I1005 14:58:47.415971 2047873024 c_interface.cc:231] ArtmCopyRequestedMessage is copying 150975 bytes...
I1005 14:58:47.479517 2047873024 c_interface.cc:231] ArtmCopyRequestedMessage is copying 150975 bytes...
I1005 14:58:47.544046 2047873024 c_interface.cc:231] ArtmCopyRequestedMessage is copying 150975 bytes...
I1005 14:58:47.608506 2047873024 c_interface.cc:231] ArtmCopyRequestedMessage is copying 150975 bytes...
I1005 14:58:47.669970 2047873024 c_interface.cc:231] ArtmCopyRequestedMessage is copying 150975 bytes...
I1005 14:59:06.317065 2047873024 c_interface.cc:231] ArtmCopyRequestedMessage is copying 150975 bytes...
I1005 14:59:06.381762 2047873024 c_interface.cc:231] ArtmCopyRequestedMessage is copying 150975 bytes...
I1005 14:59:06.446648 2047873024 c_interface.cc:231] ArtmCopyRequestedMessage is copying 150975 bytes...
I1005 14:59:06.512804 2047873024 c_interface.cc:231] ArtmCopyRequestedMessage is copying 150975 bytes...
I1005 14:59:06.579336 2047873024 c_interface.cc:231] ArtmCopyRequestedMessage is copying 150975 bytes...
I1005 14:59:06.645048 2047873024 c_interface.cc:231] ArtmCopyRequestedMessage is copying 150975 bytes...
I1005 14:59:06.709491 2047873024 c_interface.cc:231] ArtmCopyRequestedMessage is copying 150975 bytes...
I1005 14:59:06.781517 2047873024 c_interface.cc:231] ArtmCopyRequestedMessage is copying 150975 bytes...
I1005 14:59:06.856045 2047873024 c_interface.cc:231] ArtmCopyRequestedMessage is copying 150975 bytes...
I1005 14:59:06.925196 2047873024 c_interface.cc:231] ArtmCopyRequestedMessage is copying 150975 bytes...
I1005 14:59:11.308789 2047873024 c_interface.cc:231] ArtmCopyRequestedMessage is copying 150975 bytes...
I1005 14:59:11.373535 2047873024 c_interface.cc:231] ArtmCopyRequestedMessage is copying 150975 bytes...
I1005 14:59:11.439980 2047873024 c_interface.cc:231] ArtmCopyRequestedMessage is copying 150975 bytes...
I1005 14:59:11.502002 2047873024 c_interface.cc:231] ArtmCopyRequestedMessage is copying 150975 bytes...
I1005 14:59:11.571863 2047873024 c_interface.cc:231] ArtmCopyRequestedMessage is copying 150975 bytes...
I1005 14:59:11.640192 2047873024 c_interface.cc:231] ArtmCopyRequestedMessage is copying 150975 bytes...
I1005 14:59:11.700481 2047873024 c_interface.cc:231] ArtmCopyRequestedMessage is copying 150975 bytes...
I1005 14:59:11.760720 2047873024 c_interface.cc:231] ArtmCopyRequestedMessage is copying 150975 bytes...
I1005 14:59:11.827424 2047873024 c_interface.cc:231] ArtmCopyRequestedMessage is copying 150975 bytes...
I1005 14:59:11.894042 2047873024 c_interface.cc:231] ArtmCopyRequestedMessage is copying 150975 bytes...
I1005 15:00:56.339442 2047873024 c_interface.cc:231] ArtmCopyRequestedMessage is copying 1460 bytes...
I1005 15:00:56.341148 2047873024 c_interface.cc:231] ArtmCopyRequestedMessage is copying 1452 bytes...
I1005 15:02:55.232209 2047873024 c_interface.cc:389] Pass MasterModelConfig: topic_name_size=10, class=(text:1), score_config_size=5, num_processors=0, pwt_name=pwt, nwt_name=nwt, num_document_passes=1, regularizer=(SparsePhi:-100), reuse_theta=yes, cache_theta=yes, opt_for_avx=yes, disk_cache_path= to MN4artm4core15MasterComponentEFvRKNS_17MasterModelConfigEE
I1005 15:02:55.232261 2047873024 instance.cc:401] MasterModelConfig.processors_count is automatically set to 8
I1005 15:02:55.232297 2047873024 perplexity.cc:26] Perplexity score calculator created: model_type=1, dictionary_name=dictionary
I1005 15:02:55.232337 2047873024 instance.cc:232] Regularizer 'SparsePhi' was cold-reconfigured
I1005 15:02:58.023000 2047873024 c_interface.cc:389] Pass FitOfflineMasterModelArgs, batch_filename_size=5, batch_weight_size=5, num_collection_passes=1, reset_nwt=yes to MN4artm4core15MasterComponentEFvRKNS_25FitOfflineMasterModelArgsEE
I1005 15:02:58.023027 2047873024 master_component.cc:1398] ProcessBatchesArgs: nwt_target_name=nwt, batch_filename_size=5, batch_size=0, batch_weight_size=5, pwt_source_name=pwt, num_document_passes=1, regularizer=(name:SparsePhi, tau:-100), class=(text:1), reuse_theta=yes, opt_for_avx=yes, predict_class_id=, reset_nwt=yes
I1005 15:02:58.029783 24309760 processor.cc:747] Processing queue has data, processing started
I1005 15:02:58.029783 24846336 processor.cc:747] Processing queue has data, processing started
I1005 15:02:58.029801 27529216 processor.cc:747] Processing queue has data, processing started
I1005 15:02:58.029808 26992640 processor.cc:747] Processing queue has data, processing started
I1005 15:02:58.029815 23773184 processor.cc:747] Processing queue has data, processing started
I1005 15:02:58.032841 23773184 processor.cc:820] Processor: start processing batch 2b4c53c7-69e1-4a2f-837c-baaf9397cbfe into model nwt
I1005 15:02:58.032902 26992640 processor.cc:820] Processor: start processing batch 3347a977-7db1-4453-a897-4a9d6e48b230 into model nwt
I1005 15:02:58.034210 24309760 processor.cc:820] Processor: start processing batch cc6c0e57-c169-45ad-868d-a86a8d57c2b8 into model nwt
I1005 15:02:58.034220 24846336 processor.cc:820] Processor: start processing batch 22ae144b-c323-47cc-b9cf-0c47a6590b07 into model nwt
I1005 15:02:58.034494 27529216 processor.cc:820] Processor: start processing batch 301c3b6a-222e-44c0-aba7-5af93301e0ab into model nwt
I1005 15:02:58.068166 23773184 processor.cc:925] Processor: complete processing batch 2b4c53c7-69e1-4a2f-837c-baaf9397cbfe into model nwt
I1005 15:02:58.070341 23773184 cuckoo_watch.h:45] 40ms in ProcessBatch(school_batches/aaaaae.batch) [including 2ms in LoadMessage; 0ms in InitializeSparseNdw; 0ms in FindReuseThetaCacheEntry; 0ms in InitializeTheta; 0ms in CreateRegularizerAgents; 14ms in InferThetaAndUpdateNwtSparse; 0ms in UpdateCacheEntry; 12ms in CalculateScore(PerplexityScore); 1ms in CalculateScore(SparsityThetaScore); 6ms in CalculateScore(^^^ItemsProcessedScore^^^); ]
I1005 15:02:58.072752 27529216 processor.cc:925] Processor: complete processing batch 301c3b6a-222e-44c0-aba7-5af93301e0ab into model nwt
I1005 15:02:58.073936 26992640 processor.cc:925] Processor: complete processing batch 3347a977-7db1-4453-a897-4a9d6e48b230 into model nwt
I1005 15:02:58.074532 27529216 cuckoo_watch.h:45] 44ms in ProcessBatch(school_batches/aaaaac.batch) [including 4ms in LoadMessage; 1ms in InitializeSparseNdw; 0ms in FindReuseThetaCacheEntry; 0ms in InitializeTheta; 0ms in CreateRegularizerAgents; 13ms in InferThetaAndUpdateNwtSparse; 0ms in UpdateCacheEntry; 15ms in CalculateScore(PerplexityScore); 1ms in CalculateScore(SparsityThetaScore); 6ms in CalculateScore(^^^ItemsProcessedScore^^^); ]
I1005 15:02:58.074638 24309760 processor.cc:925] Processor: complete processing batch cc6c0e57-c169-45ad-868d-a86a8d57c2b8 into model nwt
I1005 15:02:58.074749 24846336 processor.cc:925] Processor: complete processing batch 22ae144b-c323-47cc-b9cf-0c47a6590b07 into model nwt
I1005 15:02:58.075547 26992640 cuckoo_watch.h:45] 45ms in ProcessBatch(school_batches/aaaaad.batch) [including 3ms in LoadMessage; 0ms in InitializeSparseNdw; 0ms in FindReuseThetaCacheEntry; 0ms in InitializeTheta; 0ms in CreateRegularizerAgents; 16ms in InferThetaAndUpdateNwtSparse; 0ms in UpdateCacheEntry; 15ms in CalculateScore(PerplexityScore); 1ms in CalculateScore(SparsityThetaScore); 7ms in CalculateScore(^^^ItemsProcessedScore^^^); ]
I1005 15:02:58.075772 24309760 cuckoo_watch.h:45] 45ms in ProcessBatch(school_batches/aaaaaa.batch) [including 4ms in LoadMessage; 1ms in InitializeSparseNdw; 0ms in FindReuseThetaCacheEntry; 0ms in InitializeTheta; 0ms in CreateRegularizerAgents; 14ms in InferThetaAndUpdateNwtSparse; 0ms in UpdateCacheEntry; 15ms in CalculateScore(PerplexityScore); 1ms in CalculateScore(SparsityThetaScore); 7ms in CalculateScore(^^^ItemsProcessedScore^^^); ]
I1005 15:02:58.075994 24846336 cuckoo_watch.h:45] 46ms in ProcessBatch(school_batches/aaaaab.batch) [including 4ms in LoadMessage; 1ms in InitializeSparseNdw; 0ms in FindReuseThetaCacheEntry; 0ms in InitializeTheta; 0ms in CreateRegularizerAgents; 12ms in InferThetaAndUpdateNwtSparse; 0ms in UpdateCacheEntry; 16ms in CalculateScore(PerplexityScore); 1ms in CalculateScore(SparsityThetaScore); 7ms in CalculateScore(^^^ItemsProcessedScore^^^); ]
I1005 15:02:58.076393 2047873024 master_component.cc:1436] RegularizeModelArgs: rwt_target_name=rwt, pwt_source_name=pwt, nwt_source_name=nwt
I1005 15:02:58.076411 2047873024 master_component.cc:976] MasterComponent: start regularizing model pwt
I1005 15:02:58.093953 23773184 processor.cc:740] No data in processing queue, waiting...
I1005 15:02:58.098392 27529216 processor.cc:740] No data in processing queue, waiting...
I1005 15:02:58.099628 24309760 processor.cc:740] No data in processing queue, waiting...
I1005 15:02:58.099635 24846336 processor.cc:740] No data in processing queue, waiting...
I1005 15:02:58.099637 26992640 processor.cc:740] No data in processing queue, waiting...
I1005 15:02:58.130961 2047873024 master_component.cc:1002] MasterComponent: complete regularizing model pwt
I1005 15:02:58.130981 2047873024 master_component.cc:1449] NormalizeModelArgs: pwt_target_name=pwt, nwt_source_name=nwt, rwt_source_name=rwt
I1005 15:02:58.130990 2047873024 master_component.cc:1006] MasterComponent: start normalizing model nwt
I1005 15:02:58.169139 2047873024 master_component.cc:1034] MasterComponent: complete normalizing model nwt
I1005 15:02:58.183416 2047873024 master_component.cc:1473] DisposeModel rwt
I1005 15:02:58.192025 2047873024 master_component.cc:1059] FitOffline: ItemsProcessed, num_items=476, num_batches=5, token_weight=160411, token_weight_in_effect=160411
I1005 15:02:58.192287 2047873024 c_interface.cc:389] Pass FitOfflineMasterModelArgs, batch_filename_size=5, batch_weight_size=5, num_collection_passes=1, reset_nwt=yes to MN4artm4core15MasterComponentEFvRKNS_25FitOfflineMasterModelArgsEE
I1005 15:02:58.192302 2047873024 master_component.cc:1398] ProcessBatchesArgs: nwt_target_name=nwt, batch_filename_size=5, batch_size=0, batch_weight_size=5, pwt_source_name=pwt, num_document_passes=1, regularizer=(name:SparsePhi, tau:-100), class=(text:1), reuse_theta=yes, opt_for_avx=yes, predict_class_id=, reset_nwt=yes
I1005 15:02:58.199278 28065792 processor.cc:747] Processing queue has data, processing started
I1005 15:02:58.199278 26992640 processor.cc:747] Processing queue has data, processing started
I1005 15:02:58.199302 26456064 processor.cc:747] Processing queue has data, processing started
I1005 15:02:58.199309 27529216 processor.cc:747] Processing queue has data, processing started
I1005 15:02:58.199324 23773184 processor.cc:747] Processing queue has data, processing started
I1005 15:02:58.202164 27529216 processor.cc:820] Processor: start processing batch 3347a977-7db1-4453-a897-4a9d6e48b230 into model nwt
