I1005 20:14:36.576629 2047873024 master_component.cc:976] MasterComponent: start regularizing model pwt
I1005 20:14:36.600888 27529216 processor.cc:740] No data in processing queue, waiting...
I1005 20:14:36.695879 2047873024 master_component.cc:1002] MasterComponent: complete regularizing model pwt
I1005 20:14:36.695900 2047873024 master_component.cc:1449] NormalizeModelArgs: pwt_target_name=pwt, nwt_source_name=nwt, rwt_source_name=rwt
I1005 20:14:36.695907 2047873024 master_component.cc:1006] MasterComponent: start normalizing model nwt
I1005 20:14:36.780846 2047873024 master_component.cc:1034] MasterComponent: complete normalizing model nwt
I1005 20:14:36.856065 2047873024 master_component.cc:1473] DisposeModel rwt
I1005 20:14:36.874270 2047873024 master_component.cc:1059] FitOffline: ItemsProcessed, num_items=1728, num_batches=2, token_weight=808522, token_weight_in_effect=808522
I1005 20:14:36.874532 2047873024 c_interface.cc:389] Pass FitOfflineMasterModelArgs, batch_filename_size=2, batch_weight_size=2, num_collection_passes=1, reset_nwt=yes to MN4artm4core15MasterComponentEFvRKNS_25FitOfflineMasterModelArgsEE
I1005 20:14:36.874549 2047873024 master_component.cc:1398] ProcessBatchesArgs: nwt_target_name=nwt, batch_filename_size=2, batch_size=0, batch_weight_size=2, pwt_source_name=pwt, num_document_passes=10, regularizer=(name:SmoothSparsePhi, tau:100000), class=(author:1), class=(text:1), reuse_theta=no, opt_for_avx=yes, predict_class_id=, reset_nwt=yes
I1005 20:14:36.892311 26456064 processor.cc:747] Processing queue has data, processing started
I1005 20:14:36.892320 28065792 processor.cc:747] Processing queue has data, processing started
I1005 20:14:36.905807 26456064 processor.cc:820] Processor: start processing batch be1054f3-efc2-41bc-b290-735bd9818d9f into model nwt
I1005 20:14:36.916543 28065792 processor.cc:820] Processor: start processing batch 45c6a40b-a4e0-4742-8204-25aa43dffc56 into model nwt
I1005 20:14:37.121436 26456064 processor.cc:925] Processor: complete processing batch be1054f3-efc2-41bc-b290-735bd9818d9f into model nwt
I1005 20:14:37.125365 26456064 cuckoo_watch.h:45] 233ms in ProcessBatch(lectures_batches/aaaaaa.batch) [including 13ms in LoadMessage; 7ms in InitializeSparseNdw; 0ms in InitializeTheta; 0ms in CreateRegularizerAgents; 157ms in InferThetaAndUpdateNwtSparse; 3ms in CalculateScore(sparsity_theta_score); 46ms in CalculateScore(^^^ItemsProcessedScore^^^); ]
I1005 20:14:37.149683 26456064 processor.cc:740] No data in processing queue, waiting...
I1005 20:14:37.392287 28065792 processor.cc:925] Processor: complete processing batch 45c6a40b-a4e0-4742-8204-25aa43dffc56 into model nwt
I1005 20:14:37.399678 28065792 cuckoo_watch.h:45] 507ms in ProcessBatch(lectures_batches/aaaaab.batch) [including 24ms in LoadMessage; 18ms in InitializeSparseNdw; 0ms in InitializeTheta; 0ms in CreateRegularizerAgents; 352ms in InferThetaAndUpdateNwtSparse; 5ms in CalculateScore(sparsity_theta_score); 98ms in CalculateScore(^^^ItemsProcessedScore^^^); ]
I1005 20:14:37.400069 2047873024 master_component.cc:1436] RegularizeModelArgs: rwt_target_name=rwt, pwt_source_name=pwt, nwt_source_name=nwt
I1005 20:14:37.400128 2047873024 master_component.cc:976] MasterComponent: start regularizing model pwt
I1005 20:14:37.423920 28065792 processor.cc:740] No data in processing queue, waiting...
I1005 20:14:37.516783 2047873024 master_component.cc:1002] MasterComponent: complete regularizing model pwt
I1005 20:14:37.516803 2047873024 master_component.cc:1449] NormalizeModelArgs: pwt_target_name=pwt, nwt_source_name=nwt, rwt_source_name=rwt
I1005 20:14:37.516808 2047873024 master_component.cc:1006] MasterComponent: start normalizing model nwt
I1005 20:14:37.595947 2047873024 master_component.cc:1034] MasterComponent: complete normalizing model nwt
I1005 20:14:37.672173 2047873024 master_component.cc:1473] DisposeModel rwt
I1005 20:14:37.692574 2047873024 master_component.cc:1059] FitOffline: ItemsProcessed, num_items=1728, num_batches=2, token_weight=808522, token_weight_in_effect=808522
I1005 20:14:37.699525 2047873024 c_interface.cc:231] ArtmCopyRequestedMessage is copying 1282 bytes...
I1005 20:14:37.717941 2047873024 c_interface.cc:231] ArtmCopyRequestedMessage is copying 1230 bytes...
I1005 20:14:37.720590 2047873024 c_interface.cc:231] ArtmCopyRequestedMessage is copying 1282 bytes...
I1005 20:14:37.722100 2047873024 c_interface.cc:231] ArtmCopyRequestedMessage is copying 1230 bytes...
I1005 20:14:37.859495 2047873024 c_interface.cc:389] Pass MasterModelConfig: topic_name_size=30, class=(author:1), class=(text:1), score_config_size=6, num_processors=0, pwt_name=pwt, nwt_name=nwt, num_document_passes=10, regularizer=(SmoothSparsePhi:100000), regularizer=(SmoothSparcePhi_sbj:-100000), reuse_theta=no, cache_theta=no, opt_for_avx=yes, disk_cache_path= to MN4artm4core15MasterComponentEFvRKNS_17MasterModelConfigEE
I1005 20:14:37.859527 2047873024 instance.cc:401] MasterModelConfig.processors_count is automatically set to 8
I1005 20:14:37.859580 2047873024 instance.cc:232] Regularizer 'SmoothSparsePhi' was cold-reconfigured
I1005 20:14:37.859596 2047873024 instance.cc:232] Regularizer 'SmoothSparcePhi_sbj' was cold-reconfigured
I1005 20:14:37.865892 2047873024 c_interface.cc:389] Pass FitOfflineMasterModelArgs, batch_filename_size=2, batch_weight_size=2, num_collection_passes=1, reset_nwt=yes to MN4artm4core15MasterComponentEFvRKNS_25FitOfflineMasterModelArgsEE
I1005 20:14:37.865917 2047873024 master_component.cc:1398] ProcessBatchesArgs: nwt_target_name=nwt, batch_filename_size=2, batch_size=0, batch_weight_size=2, pwt_source_name=pwt, num_document_passes=10, regularizer=(name:SmoothSparsePhi, tau:100000), regularizer=(name:SmoothSparcePhi_sbj, tau:-100000), class=(author:1), class=(text:1), reuse_theta=no, opt_for_avx=yes, predict_class_id=, reset_nwt=yes
I1005 20:14:37.885267 26992640 processor.cc:747] Processing queue has data, processing started
I1005 20:14:37.885267 27529216 processor.cc:747] Processing queue has data, processing started
I1005 20:14:37.899318 26992640 processor.cc:820] Processor: start processing batch be1054f3-efc2-41bc-b290-735bd9818d9f into model nwt
I1005 20:14:37.911164 27529216 processor.cc:820] Processor: start processing batch 45c6a40b-a4e0-4742-8204-25aa43dffc56 into model nwt
I1005 20:14:38.130439 26992640 processor.cc:925] Processor: complete processing batch be1054f3-efc2-41bc-b290-735bd9818d9f into model nwt
I1005 20:14:38.134213 26992640 cuckoo_watch.h:45] 248ms in ProcessBatch(lectures_batches/aaaaaa.batch) [including 13ms in LoadMessage; 8ms in InitializeSparseNdw; 0ms in InitializeTheta; 0ms in CreateRegularizerAgents; 169ms in InferThetaAndUpdateNwtSparse; 4ms in CalculateScore(sparsity_theta_score); 48ms in CalculateScore(^^^ItemsProcessedScore^^^); ]
I1005 20:14:38.158380 26992640 processor.cc:740] No data in processing queue, waiting...
I1005 20:14:38.412240 27529216 processor.cc:925] Processor: complete processing batch 45c6a40b-a4e0-4742-8204-25aa43dffc56 into model nwt
I1005 20:14:38.418984 27529216 cuckoo_watch.h:45] 533ms in ProcessBatch(lectures_batches/aaaaab.batch) [including 25ms in LoadMessage; 21ms in InitializeSparseNdw; 0ms in InitializeTheta; 0ms in CreateRegularizerAgents; 371ms in InferThetaAndUpdateNwtSparse; 5ms in CalculateScore(sparsity_theta_score); 102ms in CalculateScore(^^^ItemsProcessedScore^^^); ]
I1005 20:14:38.420137 2047873024 master_component.cc:1436] RegularizeModelArgs: rwt_target_name=rwt, pwt_source_name=pwt, nwt_source_name=nwt
I1005 20:14:38.420208 2047873024 master_component.cc:976] MasterComponent: start regularizing model pwt
I1005 20:14:38.442992 27529216 processor.cc:740] No data in processing queue, waiting...
I1005 20:14:38.591553 2047873024 master_component.cc:1002] MasterComponent: complete regularizing model pwt
I1005 20:14:38.591573 2047873024 master_component.cc:1449] NormalizeModelArgs: pwt_target_name=pwt, nwt_source_name=nwt, rwt_source_name=rwt
I1005 20:14:38.591580 2047873024 master_component.cc:1006] MasterComponent: start normalizing model nwt
I1005 20:14:38.674962 2047873024 master_component.cc:1034] MasterComponent: complete normalizing model nwt
I1005 20:14:38.744345 2047873024 master_component.cc:1473] DisposeModel rwt
I1005 20:14:38.763077 2047873024 master_component.cc:1059] FitOffline: ItemsProcessed, num_items=1728, num_batches=2, token_weight=808522, token_weight_in_effect=808522
I1005 20:14:38.763422 2047873024 c_interface.cc:389] Pass FitOfflineMasterModelArgs, batch_filename_size=2, batch_weight_size=2, num_collection_passes=1, reset_nwt=yes to MN4artm4core15MasterComponentEFvRKNS_25FitOfflineMasterModelArgsEE
I1005 20:14:38.763442 2047873024 master_component.cc:1398] ProcessBatchesArgs: nwt_target_name=nwt, batch_filename_size=2, batch_size=0, batch_weight_size=2, pwt_source_name=pwt, num_document_passes=10, regularizer=(name:SmoothSparsePhi, tau:100000), regularizer=(name:SmoothSparcePhi_sbj, tau:-100000), class=(author:1), class=(text:1), reuse_theta=no, opt_for_avx=yes, predict_class_id=, reset_nwt=yes
I1005 20:14:38.783340 25919488 processor.cc:747] Processing queue has data, processing started
I1005 20:14:38.783330 25382912 processor.cc:747] Processing queue has data, processing started
I1005 20:14:38.797964 25382912 processor.cc:820] Processor: start processing batch be1054f3-efc2-41bc-b290-735bd9818d9f into model nwt
I1005 20:14:38.808915 25919488 processor.cc:820] Processor: start processing batch 45c6a40b-a4e0-4742-8204-25aa43dffc56 into model nwt
I1005 20:14:39.024546 25382912 processor.cc:925] Processor: complete processing batch be1054f3-efc2-41bc-b290-735bd9818d9f into model nwt
I1005 20:14:39.028074 25382912 cuckoo_watch.h:45] 244ms in ProcessBatch(lectures_batches/aaaaaa.batch) [including 14ms in LoadMessage; 8ms in InitializeSparseNdw; 0ms in InitializeTheta; 0ms in CreateRegularizerAgents; 168ms in InferThetaAndUpdateNwtSparse; 3ms in CalculateScore(sparsity_theta_score); 45ms in CalculateScore(^^^ItemsProcessedScore^^^); ]
I1005 20:14:39.051585 25382912 processor.cc:740] No data in processing queue, waiting...
I1005 20:14:39.314934 25919488 processor.cc:925] Processor: complete processing batch 45c6a40b-a4e0-4742-8204-25aa43dffc56 into model nwt
I1005 20:14:39.320966 25919488 cuckoo_watch.h:45] 537ms in ProcessBatch(lectures_batches/aaaaab.batch) [including 25ms in LoadMessage; 19ms in InitializeSparseNdw; 0ms in InitializeTheta; 0ms in CreateRegularizerAgents; 365ms in InferThetaAndUpdateNwtSparse; 7ms in CalculateScore(sparsity_theta_score); 113ms in CalculateScore(^^^ItemsProcessedScore^^^); ]
I1005 20:14:39.321198 2047873024 master_component.cc:1436] RegularizeModelArgs: rwt_target_name=rwt, pwt_source_name=pwt, nwt_source_name=nwt
I1005 20:14:39.321219 2047873024 master_component.cc:976] MasterComponent: start regularizing model pwt
I1005 20:14:39.344982 25919488 processor.cc:740] No data in processing queue, waiting...
I1005 20:14:39.494621 2047873024 master_component.cc:1002] MasterComponent: complete regularizing model pwt
I1005 20:14:39.494642 2047873024 master_component.cc:1449] NormalizeModelArgs: pwt_target_name=pwt, nwt_source_name=nwt, rwt_source_name=rwt
I1005 20:14:39.494649 2047873024 master_component.cc:1006] MasterComponent: start normalizing model nwt
I1005 20:14:39.579424 2047873024 master_component.cc:1034] MasterComponent: complete normalizing model nwt
I1005 20:14:39.647177 2047873024 master_component.cc:1473] DisposeModel rwt
I1005 20:14:39.670080 2047873024 master_component.cc:1059] FitOffline: ItemsProcessed, num_items=1728, num_batches=2, token_weight=808522, token_weight_in_effect=808522
I1005 20:14:39.670361 2047873024 c_interface.cc:389] Pass FitOfflineMasterModelArgs, batch_filename_size=2, batch_weight_size=2, num_collection_passes=1, reset_nwt=yes to MN4artm4core15MasterComponentEFvRKNS_25FitOfflineMasterModelArgsEE
I1005 20:14:39.670378 2047873024 master_component.cc:1398] ProcessBatchesArgs: nwt_target_name=nwt, batch_filename_size=2, batch_size=0, batch_weight_size=2, pwt_source_name=pwt, num_document_passes=10, regularizer=(name:SmoothSparsePhi, tau:100000), regularizer=(name:SmoothSparcePhi_sbj, tau:-100000), class=(author:1), class=(text:1), reuse_theta=no, opt_for_avx=yes, predict_class_id=, reset_nwt=yes
I1005 20:14:39.693663 28065792 processor.cc:747] Processing queue has data, processing started
I1005 20:14:39.693680 25382912 processor.cc:747] Processing queue has data, processing started
I1005 20:14:39.708807 28065792 processor.cc:820] Processor: start processing batch be1054f3-efc2-41bc-b290-735bd9818d9f into model nwt
I1005 20:14:39.719475 25382912 processor.cc:820] Processor: start processing batch 45c6a40b-a4e0-4742-8204-25aa43dffc56 into model nwt
I1005 20:14:39.936089 28065792 processor.cc:925] Processor: complete processing batch be1054f3-efc2-41bc-b290-735bd9818d9f into model nwt
I1005 20:14:39.939771 28065792 cuckoo_watch.h:45] 246ms in ProcessBatch(lectures_batches/aaaaaa.batch) [including 15ms in LoadMessage; 7ms in InitializeSparseNdw; 0ms in InitializeTheta; 0ms in CreateRegularizerAgents; 168ms in InferThetaAndUpdateNwtSparse; 3ms in CalculateScore(sparsity_theta_score); 47ms in CalculateScore(^^^ItemsProcessedScore^^^); ]
I1005 20:14:39.963265 28065792 processor.cc:740] No data in processing queue, waiting...
I1005 20:14:40.226469 25382912 processor.cc:925] Processor: complete processing batch 45c6a40b-a4e0-4742-8204-25aa43dffc56 into model nwt
I1005 20:14:40.234042 25382912 cuckoo_watch.h:45] 540ms in ProcessBatch(lectures_batches/aaaaab.batch) [including 25ms in LoadMessage; 19ms in InitializeSparseNdw; 0ms in InitializeTheta; 0ms in CreateRegularizerAgents; 368ms in InferThetaAndUpdateNwtSparse; 7ms in CalculateScore(sparsity_theta_score); 111ms in CalculateScore(^^^ItemsProcessedScore^^^); ]
I1005 20:14:40.234776 2047873024 master_component.cc:1436] RegularizeModelArgs: rwt_target_name=rwt, pwt_source_name=pwt, nwt_source_name=nwt
I1005 20:14:40.234814 2047873024 master_component.cc:976] MasterComponent: start regularizing model pwt
I1005 20:14:40.257742 25382912 processor.cc:740] No data in processing queue, waiting...
I1005 20:14:40.411186 2047873024 master_component.cc:1002] MasterComponent: complete regularizing model pwt
I1005 20:14:40.411208 2047873024 master_component.cc:1449] NormalizeModelArgs: pwt_target_name=pwt, nwt_source_name=nwt, rwt_source_name=rwt
I1005 20:14:40.411216 2047873024 master_component.cc:1006] MasterComponent: start normalizing model nwt
I1005 20:14:40.488961 2047873024 master_component.cc:1034] MasterComponent: complete normalizing model nwt
I1005 20:14:40.554713 2047873024 master_component.cc:1473] DisposeModel rwt
I1005 20:14:40.573637 2047873024 master_component.cc:1059] FitOffline: ItemsProcessed, num_items=1728, num_batches=2, token_weight=808522, token_weight_in_effect=808522
I1005 20:14:40.573885 2047873024 c_interface.cc:389] Pass FitOfflineMasterModelArgs, batch_filename_size=2, batch_weight_size=2, num_collection_passes=1, reset_nwt=yes to MN4artm4core15MasterComponentEFvRKNS_25FitOfflineMasterModelArgsEE
I1005 20:14:40.573927 2047873024 master_component.cc:1398] ProcessBatchesArgs: nwt_target_name=nwt, batch_filename_size=2, batch_size=0, batch_weight_size=2, pwt_source_name=pwt, num_document_passes=10, regularizer=(name:SmoothSparsePhi, tau:100000), regularizer=(name:SmoothSparcePhi_sbj, tau:-100000), class=(author:1), class=(text:1), reuse_theta=no, opt_for_avx=yes, predict_class_id=, reset_nwt=yes
I1005 20:14:40.594552 28602368 processor.cc:747] Processing queue has data, processing started
I1005 20:14:40.594558 26456064 processor.cc:747] Processing queue has data, processing started
I1005 20:14:40.608584 28602368 processor.cc:820] Processor: start processing batch be1054f3-efc2-41bc-b290-735bd9818d9f into model nwt
I1005 20:14:40.619763 26456064 processor.cc:820] Processor: start processing batch 45c6a40b-a4e0-4742-8204-25aa43dffc56 into model nwt
I1005 20:14:40.843996 28602368 processor.cc:925] Processor: complete processing batch be1054f3-efc2-41bc-b290-735bd9818d9f into model nwt
I1005 20:14:40.847805 28602368 cuckoo_watch.h:45] 253ms in ProcessBatch(lectures_batches/aaaaaa.batch) [including 13ms in LoadMessage; 8ms in InitializeSparseNdw; 0ms in InitializeTheta; 0ms in CreateRegularizerAgents; 168ms in InferThetaAndUpdateNwtSparse; 4ms in CalculateScore(sparsity_theta_score); 53ms in CalculateScore(^^^ItemsProcessedScore^^^); ]
I1005 20:14:40.871011 28602368 processor.cc:740] No data in processing queue, waiting...
I1005 20:14:41.130580 26456064 processor.cc:925] Processor: complete processing batch 45c6a40b-a4e0-4742-8204-25aa43dffc56 into model nwt
I1005 20:14:41.136713 26456064 cuckoo_watch.h:45] 542ms in ProcessBatch(lectures_batches/aaaaab.batch) [including 25ms in LoadMessage; 19ms in InitializeSparseNdw; 0ms in InitializeTheta; 0ms in CreateRegularizerAgents; 375ms in InferThetaAndUpdateNwtSparse; 5ms in CalculateScore(sparsity_theta_score); 110ms in CalculateScore(^^^ItemsProcessedScore^^^); ]
I1005 20:14:41.137980 2047873024 master_component.cc:1436] RegularizeModelArgs: rwt_target_name=rwt, pwt_source_name=pwt, nwt_source_name=nwt
I1005 20:14:41.138012 2047873024 master_component.cc:976] MasterComponent: start regularizing model pwt
I1005 20:14:41.160713 26456064 processor.cc:740] No data in processing queue, waiting...
I1005 20:14:41.313629 2047873024 master_component.cc:1002] MasterComponent: complete regularizing model pwt
I1005 20:14:41.313649 2047873024 master_component.cc:1449] NormalizeModelArgs: pwt_target_name=pwt, nwt_source_name=nwt, rwt_source_name=rwt
I1005 20:14:41.313657 2047873024 master_component.cc:1006] MasterComponent: start normalizing model nwt
I1005 20:14:41.389066 2047873024 master_component.cc:1034] MasterComponent: complete normalizing model nwt
I1005 20:14:41.456852 2047873024 master_component.cc:1473] DisposeModel rwt
I1005 20:14:41.477725 2047873024 master_component.cc:1059] FitOffline: ItemsProcessed, num_items=1728, num_batches=2, token_weight=808522, token_weight_in_effect=808522
I1005 20:14:41.477957 2047873024 c_interface.cc:389] Pass FitOfflineMasterModelArgs, batch_filename_size=2, batch_weight_size=2, num_collection_passes=1, reset_nwt=yes to MN4artm4core15MasterComponentEFvRKNS_25FitOfflineMasterModelArgsEE
I1005 20:14:41.477969 2047873024 master_component.cc:1398] ProcessBatchesArgs: nwt_target_name=nwt, batch_filename_size=2, batch_size=0, batch_weight_size=2, pwt_source_name=pwt, num_document_passes=10, regularizer=(name:SmoothSparsePhi, tau:100000), regularizer=(name:SmoothSparcePhi_sbj, tau:-100000), class=(author:1), class=(text:1), reuse_theta=no, opt_for_avx=yes, predict_class_id=, reset_nwt=yes
I1005 20:14:41.499558 27529216 processor.cc:747] Processing queue has data, processing started
I1005 20:14:41.499544 25382912 processor.cc:747] Processing queue has data, processing started
I1005 20:14:41.512966 25382912 processor.cc:820] Processor: start processing batch be1054f3-efc2-41bc-b290-735bd9818d9f into model nwt
I1005 20:14:41.524283 27529216 processor.cc:820] Processor: start processing batch 45c6a40b-a4e0-4742-8204-25aa43dffc56 into model nwt
I1005 20:14:41.731124 25382912 processor.cc:925] Processor: complete processing batch be1054f3-efc2-41bc-b290-735bd9818d9f into model nwt
I1005 20:14:41.734822 25382912 cuckoo_watch.h:45] 235ms in ProcessBatch(lectures_batches/aaaaaa.batch) [including 13ms in LoadMessage; 8ms in InitializeSparseNdw; 0ms in InitializeTheta; 0ms in CreateRegularizerAgents; 162ms in InferThetaAndUpdateNwtSparse; 3ms in CalculateScore(sparsity_theta_score); 43ms in CalculateScore(^^^ItemsProcessedScore^^^); ]
I1005 20:14:41.758838 25382912 processor.cc:740] No data in processing queue, waiting...
I1005 20:14:42.015231 27529216 processor.cc:925] Processor: complete processing batch 45c6a40b-a4e0-4742-8204-25aa43dffc56 into model nwt
I1005 20:14:42.021450 27529216 cuckoo_watch.h:45] 521ms in ProcessBatch(lectures_batches/aaaaab.batch) [including 24ms in LoadMessage; 20ms in InitializeSparseNdw; 0ms in InitializeTheta; 0ms in CreateRegularizerAgents; 354ms in InferThetaAndUpdateNwtSparse; 6ms in CalculateScore(sparsity_theta_score); 109ms in CalculateScore(^^^ItemsProcessedScore^^^); ]
I1005 20:14:42.021498 2047873024 master_component.cc:1436] RegularizeModelArgs: rwt_target_name=rwt, pwt_source_name=pwt, nwt_source_name=nwt
I1005 20:14:42.021574 2047873024 master_component.cc:976] MasterComponent: start regularizing model pwt
I1005 20:14:42.045318 27529216 processor.cc:740] No data in processing queue, waiting...
I1005 20:14:42.189379 2047873024 master_component.cc:1002] MasterComponent: complete regularizing model pwt
I1005 20:14:42.189400 2047873024 master_component.cc:1449] NormalizeModelArgs: pwt_target_name=pwt, nwt_source_name=nwt, rwt_source_name=rwt
I1005 20:14:42.189407 2047873024 master_component.cc:1006] MasterComponent: start normalizing model nwt
I1005 20:14:42.274758 2047873024 master_component.cc:1034] MasterComponent: complete normalizing model nwt
I1005 20:14:42.345896 2047873024 master_component.cc:1473] DisposeModel rwt
I1005 20:14:42.366005 2047873024 master_component.cc:1059] FitOffline: ItemsProcessed, num_items=1728, num_batches=2, token_weight=808522, token_weight_in_effect=808522
I1005 20:14:42.366246 2047873024 c_interface.cc:389] Pass FitOfflineMasterModelArgs, batch_filename_size=2, batch_weight_size=2, num_collection_passes=1, reset_nwt=yes to MN4artm4core15MasterComponentEFvRKNS_25FitOfflineMasterModelArgsEE
I1005 20:14:42.366259 2047873024 master_component.cc:1398] ProcessBatchesArgs: nwt_target_name=nwt, batch_filename_size=2, batch_size=0, batch_weight_size=2, pwt_source_name=pwt, num_document_passes=10, regularizer=(name:SmoothSparsePhi, tau:100000), regularizer=(name:SmoothSparcePhi_sbj, tau:-100000), class=(author:1), class=(text:1), reuse_theta=no, opt_for_avx=yes, predict_class_id=, reset_nwt=yes
I1005 20:14:42.386773 28602368 processor.cc:747] Processing queue has data, processing started
I1005 20:14:42.386785 29138944 processor.cc:747] Processing queue has data, processing started
I1005 20:14:42.401232 28602368 processor.cc:820] Processor: start processing batch be1054f3-efc2-41bc-b290-735bd9818d9f into model nwt
I1005 20:14:42.411994 29138944 processor.cc:820] Processor: start processing batch 45c6a40b-a4e0-4742-8204-25aa43dffc56 into model nwt
I1005 20:14:42.622090 28602368 processor.cc:925] Processor: complete processing batch be1054f3-efc2-41bc-b290-735bd9818d9f into model nwt
I1005 20:14:42.625787 28602368 cuckoo_watch.h:45] 238ms in ProcessBatch(lectures_batches/aaaaaa.batch) [including 14ms in LoadMessage; 8ms in InitializeSparseNdw; 0ms in InitializeTheta; 0ms in CreateRegularizerAgents; 163ms in InferThetaAndUpdateNwtSparse; 3ms in CalculateScore(sparsity_theta_score); 45ms in CalculateScore(^^^ItemsProcessedScore^^^); ]
I1005 20:14:42.649477 28602368 processor.cc:740] No data in processing queue, waiting...
I1005 20:14:42.908071 29138944 processor.cc:925] Processor: complete processing batch 45c6a40b-a4e0-4742-8204-25aa43dffc56 into model nwt
I1005 20:14:42.914083 29138944 cuckoo_watch.h:45] 527ms in ProcessBatch(lectures_batches/aaaaab.batch) [including 25ms in LoadMessage; 19ms in InitializeSparseNdw; 0ms in InitializeTheta; 0ms in CreateRegularizerAgents; 356ms in InferThetaAndUpdateNwtSparse; 6ms in CalculateScore(sparsity_theta_score); 113ms in CalculateScore(^^^ItemsProcessedScore^^^); ]
I1005 20:14:42.914216 2047873024 master_component.cc:1436] RegularizeModelArgs: rwt_target_name=rwt, pwt_source_name=pwt, nwt_source_name=nwt
I1005 20:14:42.914232 2047873024 master_component.cc:976] MasterComponent: start regularizing model pwt
I1005 20:14:42.938383 29138944 processor.cc:740] No data in processing queue, waiting...
I1005 20:14:43.089860 2047873024 master_component.cc:1002] MasterComponent: complete regularizing model pwt
I1005 20:14:43.089877 2047873024 master_component.cc:1449] NormalizeModelArgs: pwt_target_name=pwt, nwt_source_name=nwt, rwt_source_name=rwt
I1005 20:14:43.089884 2047873024 master_component.cc:1006] MasterComponent: start normalizing model nwt
I1005 20:14:43.168722 2047873024 master_component.cc:1034] MasterComponent: complete normalizing model nwt
I1005 20:14:43.238910 2047873024 master_component.cc:1473] DisposeModel rwt
I1005 20:14:43.260005 2047873024 master_component.cc:1059] FitOffline: ItemsProcessed, num_items=1728, num_batches=2, token_weight=808522, token_weight_in_effect=808522
I1005 20:14:43.260234 2047873024 c_interface.cc:389] Pass FitOfflineMasterModelArgs, batch_filename_size=2, batch_weight_size=2, num_collection_passes=1, reset_nwt=yes to MN4artm4core15MasterComponentEFvRKNS_25FitOfflineMasterModelArgsEE
I1005 20:14:43.260246 2047873024 master_component.cc:1398] ProcessBatchesArgs: nwt_target_name=nwt, batch_filename_size=2, batch_size=0, batch_weight_size=2, pwt_source_name=pwt, num_document_passes=10, regularizer=(name:SmoothSparsePhi, tau:100000), regularizer=(name:SmoothSparcePhi_sbj, tau:-100000), class=(author:1), class=(text:1), reuse_theta=no, opt_for_avx=yes, predict_class_id=, reset_nwt=yes
I1005 20:14:43.278746 28602368 processor.cc:747] Processing queue has data, processing started
I1005 20:14:43.280047 28065792 processor.cc:747] Processing queue has data, processing started
I1005 20:14:43.292415 28602368 processor.cc:820] Processor: start processing batch be1054f3-efc2-41bc-b290-735bd9818d9f into model nwt
I1005 20:14:43.302963 28065792 processor.cc:820] Processor: start processing batch 45c6a40b-a4e0-4742-8204-25aa43dffc56 into model nwt
I1005 20:14:43.511862 28602368 processor.cc:925] Processor: complete processing batch be1054f3-efc2-41bc-b290-735bd9818d9f into model nwt
I1005 20:14:43.515420 28602368 cuckoo_watch.h:45] 236ms in ProcessBatch(lectures_batches/aaaaaa.batch) [including 13ms in LoadMessage; 7ms in InitializeSparseNdw; 0ms in InitializeTheta; 0ms in CreateRegularizerAgents; 161ms in InferThetaAndUpdateNwtSparse; 3ms in CalculateScore(sparsity_theta_score); 47ms in CalculateScore(^^^ItemsProcessedScore^^^); ]
I1005 20:14:43.539235 28602368 processor.cc:740] No data in processing queue, waiting...
I1005 20:14:43.780501 28065792 processor.cc:925] Processor: complete processing batch 45c6a40b-a4e0-4742-8204-25aa43dffc56 into model nwt
I1005 20:14:43.786594 28065792 cuckoo_watch.h:45] 506ms in ProcessBatch(lectures_batches/aaaaab.batch) [including 22ms in LoadMessage; 17ms in InitializeSparseNdw; 0ms in InitializeTheta; 0ms in CreateRegularizerAgents; 349ms in InferThetaAndUpdateNwtSparse; 5ms in CalculateScore(sparsity_theta_score); 104ms in CalculateScore(^^^ItemsProcessedScore^^^); ]
I1005 20:14:43.787139 2047873024 master_component.cc:1436] RegularizeModelArgs: rwt_target_name=rwt, pwt_source_name=pwt, nwt_source_name=nwt
I1005 20:14:43.787176 2047873024 master_component.cc:976] MasterComponent: start regularizing model pwt
I1005 20:14:43.810679 28065792 processor.cc:740] No data in processing queue, waiting...
I1005 20:14:43.960988 2047873024 master_component.cc:1002] MasterComponent: complete regularizing model pwt
I1005 20:14:43.961010 2047873024 master_component.cc:1449] NormalizeModelArgs: pwt_target_name=pwt, nwt_source_name=nwt, rwt_source_name=rwt
I1005 20:14:43.961017 2047873024 master_component.cc:1006] MasterComponent: start normalizing model nwt
I1005 20:14:44.038379 2047873024 master_component.cc:1034] MasterComponent: complete normalizing model nwt
I1005 20:14:44.101440 2047873024 master_component.cc:1473] DisposeModel rwt
I1005 20:14:44.121680 2047873024 master_component.cc:1059] FitOffline: ItemsProcessed, num_items=1728, num_batches=2, token_weight=808522, token_weight_in_effect=808522
I1005 20:14:44.121966 2047873024 c_interface.cc:389] Pass FitOfflineMasterModelArgs, batch_filename_size=2, batch_weight_size=2, num_collection_passes=1, reset_nwt=yes to MN4artm4core15MasterComponentEFvRKNS_25FitOfflineMasterModelArgsEE
I1005 20:14:44.121981 2047873024 master_component.cc:1398] ProcessBatchesArgs: nwt_target_name=nwt, batch_filename_size=2, batch_size=0, batch_weight_size=2, pwt_source_name=pwt, num_document_passes=10, regularizer=(name:SmoothSparsePhi, tau:100000), regularizer=(name:SmoothSparcePhi_sbj, tau:-100000), class=(author:1), class=(text:1), reuse_theta=no, opt_for_avx=yes, predict_class_id=, reset_nwt=yes
I1005 20:14:44.142179 25382912 processor.cc:747] Processing queue has data, processing started
I1005 20:14:44.142688 25919488 processor.cc:747] Processing queue has data, processing started
I1005 20:14:44.156301 25382912 processor.cc:820] Processor: start processing batch be1054f3-efc2-41bc-b290-735bd9818d9f into model nwt
I1005 20:14:44.167479 25919488 processor.cc:820] Processor: start processing batch 45c6a40b-a4e0-4742-8204-25aa43dffc56 into model nwt
I1005 20:14:44.371840 25382912 processor.cc:925] Processor: complete processing batch be1054f3-efc2-41bc-b290-735bd9818d9f into model nwt
I1005 20:14:44.375654 25382912 cuckoo_watch.h:45] 233ms in ProcessBatch(lectures_batches/aaaaaa.batch) [including 14ms in LoadMessage; 7ms in InitializeSparseNdw; 0ms in InitializeTheta; 0ms in CreateRegularizerAgents; 160ms in InferThetaAndUpdateNwtSparse; 4ms in CalculateScore(sparsity_theta_score); 43ms in CalculateScore(^^^ItemsProcessedScore^^^); ]
I1005 20:14:44.399529 25382912 processor.cc:740] No data in processing queue, waiting...
I1005 20:14:44.655267 25919488 processor.cc:925] Processor: complete processing batch 45c6a40b-a4e0-4742-8204-25aa43dffc56 into model nwt
I1005 20:14:44.662683 25919488 cuckoo_watch.h:45] 519ms in ProcessBatch(lectures_batches/aaaaab.batch) [including 24ms in LoadMessage; 20ms in InitializeSparseNdw; 0ms in InitializeTheta; 0ms in CreateRegularizerAgents; 351ms in InferThetaAndUpdateNwtSparse; 5ms in CalculateScore(sparsity_theta_score); 109ms in CalculateScore(^^^ItemsProcessedScore^^^); ]
I1005 20:14:44.663416 2047873024 master_component.cc:1436] RegularizeModelArgs: rwt_target_name=rwt, pwt_source_name=pwt, nwt_source_name=nwt
I1005 20:14:44.663442 2047873024 master_component.cc:976] MasterComponent: start regularizing model pwt
I1005 20:14:44.686524 25919488 processor.cc:740] No data in processing queue, waiting...
I1005 20:14:44.843540 2047873024 master_component.cc:1002] MasterComponent: complete regularizing model pwt
I1005 20:14:44.843562 2047873024 master_component.cc:1449] NormalizeModelArgs: pwt_target_name=pwt, nwt_source_name=nwt, rwt_source_name=rwt
I1005 20:14:44.843571 2047873024 master_component.cc:1006] MasterComponent: start normalizing model nwt
I1005 20:14:44.931708 2047873024 master_component.cc:1034] MasterComponent: complete normalizing model nwt
I1005 20:14:44.999769 2047873024 master_component.cc:1473] DisposeModel rwt
I1005 20:14:45.022941 2047873024 master_component.cc:1059] FitOffline: ItemsProcessed, num_items=1728, num_batches=2, token_weight=808522, token_weight_in_effect=808522
I1005 20:14:45.023270 2047873024 c_interface.cc:389] Pass FitOfflineMasterModelArgs, batch_filename_size=2, batch_weight_size=2, num_collection_passes=1, reset_nwt=yes to MN4artm4core15MasterComponentEFvRKNS_25FitOfflineMasterModelArgsEE
I1005 20:14:45.023288 2047873024 master_component.cc:1398] ProcessBatchesArgs: nwt_target_name=nwt, batch_filename_size=2, batch_size=0, batch_weight_size=2, pwt_source_name=pwt, num_document_passes=10, regularizer=(name:SmoothSparsePhi, tau:100000), regularizer=(name:SmoothSparcePhi_sbj, tau:-100000), class=(author:1), class=(text:1), reuse_theta=no, opt_for_avx=yes, predict_class_id=, reset_nwt=yes
I1005 20:14:45.044924 28065792 processor.cc:747] Processing queue has data, processing started
I1005 20:14:45.044957 27529216 processor.cc:747] Processing queue has data, processing started
I1005 20:14:45.059005 28065792 processor.cc:820] Processor: start processing batch be1054f3-efc2-41bc-b290-735bd9818d9f into model nwt
I1005 20:14:45.070065 27529216 processor.cc:820] Processor: start processing batch 45c6a40b-a4e0-4742-8204-25aa43dffc56 into model nwt
I1005 20:14:45.291746 28065792 processor.cc:925] Processor: complete processing batch be1054f3-efc2-41bc-b290-735bd9818d9f into model nwt
I1005 20:14:45.295125 28065792 cuckoo_watch.h:45] 250ms in ProcessBatch(lectures_batches/aaaaaa.batch) [including 14ms in LoadMessage; 8ms in InitializeSparseNdw; 0ms in InitializeTheta; 0ms in CreateRegularizerAgents; 171ms in InferThetaAndUpdateNwtSparse; 4ms in CalculateScore(sparsity_theta_score); 48ms in CalculateScore(^^^ItemsProcessedScore^^^); ]
I1005 20:14:45.319293 28065792 processor.cc:740] No data in processing queue, waiting...
I1005 20:14:45.575140 27529216 processor.cc:925] Processor: complete processing batch 45c6a40b-a4e0-4742-8204-25aa43dffc56 into model nwt
I1005 20:14:45.582183 27529216 cuckoo_watch.h:45] 537ms in ProcessBatch(lectures_batches/aaaaab.batch) [including 25ms in LoadMessage; 19ms in InitializeSparseNdw; 0ms in InitializeTheta; 0ms in CreateRegularizerAgents; 371ms in InferThetaAndUpdateNwtSparse; 5ms in CalculateScore(sparsity_theta_score); 108ms in CalculateScore(^^^ItemsProcessedScore^^^); ]
I1005 20:14:45.583509 2047873024 master_component.cc:1436] RegularizeModelArgs: rwt_target_name=rwt, pwt_source_name=pwt, nwt_source_name=nwt
I1005 20:14:45.583556 2047873024 master_component.cc:976] MasterComponent: start regularizing model pwt
I1005 20:14:45.606317 27529216 processor.cc:740] No data in processing queue, waiting...
I1005 20:14:45.749711 2047873024 master_component.cc:1002] MasterComponent: complete regularizing model pwt
I1005 20:14:45.749732 2047873024 master_component.cc:1449] NormalizeModelArgs: pwt_target_name=pwt, nwt_source_name=nwt, rwt_source_name=rwt
I1005 20:14:45.749740 2047873024 master_component.cc:1006] MasterComponent: start normalizing model nwt
I1005 20:14:45.831791 2047873024 master_component.cc:1034] MasterComponent: complete normalizing model nwt
I1005 20:14:45.896605 2047873024 master_component.cc:1473] DisposeModel rwt
I1005 20:14:45.917490 2047873024 master_component.cc:1059] FitOffline: ItemsProcessed, num_items=1728, num_batches=2, token_weight=808522, token_weight_in_effect=808522
I1005 20:14:45.917735 2047873024 c_interface.cc:389] Pass FitOfflineMasterModelArgs, batch_filename_size=2, batch_weight_size=2, num_collection_passes=1, reset_nwt=yes to MN4artm4core15MasterComponentEFvRKNS_25FitOfflineMasterModelArgsEE
I1005 20:14:45.917749 2047873024 master_component.cc:1398] ProcessBatchesArgs: nwt_target_name=nwt, batch_filename_size=2, batch_size=0, batch_weight_size=2, pwt_source_name=pwt, num_document_passes=10, regularizer=(name:SmoothSparsePhi, tau:100000), regularizer=(name:SmoothSparcePhi_sbj, tau:-100000), class=(author:1), class=(text:1), reuse_theta=no, opt_for_avx=yes, predict_class_id=, reset_nwt=yes
I1005 20:14:45.938133 29138944 processor.cc:747] Processing queue has data, processing started
I1005 20:14:45.938146 27529216 processor.cc:747] Processing queue has data, processing started
I1005 20:14:45.951864 27529216 processor.cc:820] Processor: start processing batch be1054f3-efc2-41bc-b290-735bd9818d9f into model nwt
I1005 20:14:45.962153 29138944 processor.cc:820] Processor: start processing batch 45c6a40b-a4e0-4742-8204-25aa43dffc56 into model nwt
I1005 20:14:46.181807 27529216 processor.cc:925] Processor: complete processing batch be1054f3-efc2-41bc-b290-735bd9818d9f into model nwt
I1005 20:14:46.185528 27529216 cuckoo_watch.h:45] 247ms in ProcessBatch(lectures_batches/aaaaaa.batch) [including 13ms in LoadMessage; 8ms in InitializeSparseNdw; 0ms in InitializeTheta; 0ms in CreateRegularizerAgents; 168ms in InferThetaAndUpdateNwtSparse; 4ms in CalculateScore(sparsity_theta_score); 48ms in CalculateScore(^^^ItemsProcessedScore^^^); ]
I1005 20:14:46.209756 27529216 processor.cc:740] No data in processing queue, waiting...
I1005 20:14:46.451347 29138944 processor.cc:925] Processor: complete processing batch 45c6a40b-a4e0-4742-8204-25aa43dffc56 into model nwt
I1005 20:14:46.457043 29138944 cuckoo_watch.h:45] 518ms in ProcessBatch(lectures_batches/aaaaab.batch) [including 23ms in LoadMessage; 18ms in InitializeSparseNdw; 0ms in InitializeTheta; 0ms in CreateRegularizerAgents; 363ms in InferThetaAndUpdateNwtSparse; 6ms in CalculateScore(sparsity_theta_score); 101ms in CalculateScore(^^^ItemsProcessedScore^^^); ]
I1005 20:14:46.457453 2047873024 master_component.cc:1436] RegularizeModelArgs: rwt_target_name=rwt, pwt_source_name=pwt, nwt_source_name=nwt
I1005 20:14:46.457504 2047873024 master_component.cc:976] MasterComponent: start regularizing model pwt
I1005 20:14:46.481245 29138944 processor.cc:740] No data in processing queue, waiting...
I1005 20:14:46.627043 2047873024 master_component.cc:1002] MasterComponent: complete regularizing model pwt
I1005 20:14:46.627061 2047873024 master_component.cc:1449] NormalizeModelArgs: pwt_target_name=pwt, nwt_source_name=nwt, rwt_source_name=rwt
I1005 20:14:46.627068 2047873024 master_component.cc:1006] MasterComponent: start normalizing model nwt
I1005 20:14:46.706369 2047873024 master_component.cc:1034] MasterComponent: complete normalizing model nwt
I1005 20:14:46.770511 2047873024 master_component.cc:1473] DisposeModel rwt
I1005 20:14:46.791744 2047873024 master_component.cc:1059] FitOffline: ItemsProcessed, num_items=1728, num_batches=2, token_weight=808522, token_weight_in_effect=808522
I1005 20:14:46.792014 2047873024 c_interface.cc:389] Pass FitOfflineMasterModelArgs, batch_filename_size=2, batch_weight_size=2, num_collection_passes=1, reset_nwt=yes to MN4artm4core15MasterComponentEFvRKNS_25FitOfflineMasterModelArgsEE
I1005 20:14:46.792029 2047873024 master_component.cc:1398] ProcessBatchesArgs: nwt_target_name=nwt, batch_filename_size=2, batch_size=0, batch_weight_size=2, pwt_source_name=pwt, num_document_passes=10, regularizer=(name:SmoothSparsePhi, tau:100000), regularizer=(name:SmoothSparcePhi_sbj, tau:-100000), class=(author:1), class=(text:1), reuse_theta=no, opt_for_avx=yes, predict_class_id=, reset_nwt=yes
I1005 20:14:46.813597 25382912 processor.cc:747] Processing queue has data, processing started
I1005 20:14:46.813608 26456064 processor.cc:747] Processing queue has data, processing started
I1005 20:14:46.828639 25382912 processor.cc:820] Processor: start processing batch be1054f3-efc2-41bc-b290-735bd9818d9f into model nwt
I1005 20:14:46.839099 26456064 processor.cc:820] Processor: start processing batch 45c6a40b-a4e0-4742-8204-25aa43dffc56 into model nwt
I1005 20:14:47.056381 25382912 processor.cc:925] Processor: complete processing batch be1054f3-efc2-41bc-b290-735bd9818d9f into model nwt
I1005 20:14:47.060231 25382912 cuckoo_watch.h:45] 246ms in ProcessBatch(lectures_batches/aaaaaa.batch) [including 15ms in LoadMessage; 7ms in InitializeSparseNdw; 0ms in InitializeTheta; 0ms in CreateRegularizerAgents; 167ms in InferThetaAndUpdateNwtSparse; 4ms in CalculateScore(sparsity_theta_score); 48ms in CalculateScore(^^^ItemsProcessedScore^^^); ]
I1005 20:14:47.083593 25382912 processor.cc:740] No data in processing queue, waiting...
I1005 20:14:47.321293 26456064 processor.cc:925] Processor: complete processing batch 45c6a40b-a4e0-4742-8204-25aa43dffc56 into model nwt
I1005 20:14:47.327628 26456064 cuckoo_watch.h:45] 513ms in ProcessBatch(lectures_batches/aaaaab.batch) [including 25ms in LoadMessage; 18ms in InitializeSparseNdw; 0ms in InitializeTheta; 0ms in CreateRegularizerAgents; 360ms in InferThetaAndUpdateNwtSparse; 5ms in CalculateScore(sparsity_theta_score); 97ms in CalculateScore(^^^ItemsProcessedScore^^^); ]
I1005 20:14:47.327778 2047873024 master_component.cc:1436] RegularizeModelArgs: rwt_target_name=rwt, pwt_source_name=pwt, nwt_source_name=nwt
I1005 20:14:47.327797 2047873024 master_component.cc:976] MasterComponent: start regularizing model pwt
I1005 20:14:47.351790 26456064 processor.cc:740] No data in processing queue, waiting...
I1005 20:14:47.493140 2047873024 master_component.cc:1002] MasterComponent: complete regularizing model pwt
I1005 20:14:47.493158 2047873024 master_component.cc:1449] NormalizeModelArgs: pwt_target_name=pwt, nwt_source_name=nwt, rwt_source_name=rwt
I1005 20:14:47.493165 2047873024 master_component.cc:1006] MasterComponent: start normalizing model nwt
I1005 20:14:47.574434 2047873024 master_component.cc:1034] MasterComponent: complete normalizing model nwt
I1005 20:14:47.644584 2047873024 master_component.cc:1473] DisposeModel rwt
I1005 20:14:47.666261 2047873024 master_component.cc:1059] FitOffline: ItemsProcessed, num_items=1728, num_batches=2, token_weight=808522, token_weight_in_effect=808522
I1005 20:14:47.666493 2047873024 c_interface.cc:389] Pass FitOfflineMasterModelArgs, batch_filename_size=2, batch_weight_size=2, num_collection_passes=1, reset_nwt=yes to MN4artm4core15MasterComponentEFvRKNS_25FitOfflineMasterModelArgsEE
I1005 20:14:47.666533 2047873024 master_component.cc:1398] ProcessBatchesArgs: nwt_target_name=nwt, batch_filename_size=2, batch_size=0, batch_weight_size=2, pwt_source_name=pwt, num_document_passes=10, regularizer=(name:SmoothSparsePhi, tau:100000), regularizer=(name:SmoothSparcePhi_sbj, tau:-100000), class=(author:1), class=(text:1), reuse_theta=no, opt_for_avx=yes, predict_class_id=, reset_nwt=yes
I1005 20:14:47.684973 25382912 processor.cc:747] Processing queue has data, processing started
I1005 20:14:47.685196 26992640 processor.cc:747] Processing queue has data, processing started
I1005 20:14:47.698237 25382912 processor.cc:820] Processor: start processing batch be1054f3-efc2-41bc-b290-735bd9818d9f into model nwt
I1005 20:14:47.708325 26992640 processor.cc:820] Processor: start processing batch 45c6a40b-a4e0-4742-8204-25aa43dffc56 into model nwt
I1005 20:14:47.917284 25382912 processor.cc:925] Processor: complete processing batch be1054f3-efc2-41bc-b290-735bd9818d9f into model nwt
I1005 20:14:47.920794 25382912 cuckoo_watch.h:45] 235ms in ProcessBatch(lectures_batches/aaaaaa.batch) [including 13ms in LoadMessage; 8ms in InitializeSparseNdw; 0ms in InitializeTheta; 0ms in CreateRegularizerAgents; 159ms in InferThetaAndUpdateNwtSparse; 3ms in CalculateScore(sparsity_theta_score); 46ms in CalculateScore(^^^ItemsProcessedScore^^^); ]
I1005 20:14:47.944074 25382912 processor.cc:740] No data in processing queue, waiting...
I1005 20:14:48.194849 26992640 processor.cc:925] Processor: complete processing batch 45c6a40b-a4e0-4742-8204-25aa43dffc56 into model nwt
I1005 20:14:48.201138 26992640 cuckoo_watch.h:45] 515ms in ProcessBatch(lectures_batches/aaaaab.batch) [including 23ms in LoadMessage; 18ms in InitializeSparseNdw; 0ms in InitializeTheta; 0ms in CreateRegularizerAgents; 354ms in InferThetaAndUpdateNwtSparse; 5ms in CalculateScore(sparsity_theta_score); 108ms in CalculateScore(^^^ItemsProcessedScore^^^); ]
I1005 20:14:48.201835 2047873024 master_component.cc:1436] RegularizeModelArgs: rwt_target_name=rwt, pwt_source_name=pwt, nwt_source_name=nwt
I1005 20:14:48.201891 2047873024 master_component.cc:976] MasterComponent: start regularizing model pwt
I1005 20:14:48.225436 26992640 processor.cc:740] No data in processing queue, waiting...
I1005 20:14:48.365869 2047873024 master_component.cc:1002] MasterComponent: complete regularizing model pwt
I1005 20:14:48.365890 2047873024 master_component.cc:1449] NormalizeModelArgs: pwt_target_name=pwt, nwt_source_name=nwt, rwt_source_name=rwt
I1005 20:14:48.365895 2047873024 master_component.cc:1006] MasterComponent: start normalizing model nwt
I1005 20:14:48.453724 2047873024 master_component.cc:1034] MasterComponent: complete normalizing model nwt
I1005 20:14:48.526379 2047873024 master_component.cc:1473] DisposeModel rwt
I1005 20:14:48.548163 2047873024 master_component.cc:1059] FitOffline: ItemsProcessed, num_items=1728, num_batches=2, token_weight=808522, token_weight_in_effect=808522
I1005 20:14:48.548482 2047873024 c_interface.cc:389] Pass FitOfflineMasterModelArgs, batch_filename_size=2, batch_weight_size=2, num_collection_passes=1, reset_nwt=yes to MN4artm4core15MasterComponentEFvRKNS_25FitOfflineMasterModelArgsEE
I1005 20:14:48.548496 2047873024 master_component.cc:1398] ProcessBatchesArgs: nwt_target_name=nwt, batch_filename_size=2, batch_size=0, batch_weight_size=2, pwt_source_name=pwt, num_document_passes=10, regularizer=(name:SmoothSparsePhi, tau:100000), regularizer=(name:SmoothSparcePhi_sbj, tau:-100000), class=(author:1), class=(text:1), reuse_theta=no, opt_for_avx=yes, predict_class_id=, reset_nwt=yes
I1005 20:14:48.568295 28065792 processor.cc:747] Processing queue has data, processing started
I1005 20:14:48.568272 25382912 processor.cc:747] Processing queue has data, processing started
I1005 20:14:48.582687 25382912 processor.cc:820] Processor: start processing batch be1054f3-efc2-41bc-b290-735bd9818d9f into model nwt
I1005 20:14:48.594159 28065792 processor.cc:820] Processor: start processing batch 45c6a40b-a4e0-4742-8204-25aa43dffc56 into model nwt
I1005 20:14:48.812938 25382912 processor.cc:925] Processor: complete processing batch be1054f3-efc2-41bc-b290-735bd9818d9f into model nwt
I1005 20:14:48.816800 25382912 cuckoo_watch.h:45] 248ms in ProcessBatch(lectures_batches/aaaaaa.batch) [including 14ms in LoadMessage; 7ms in InitializeSparseNdw; 0ms in InitializeTheta; 0ms in CreateRegularizerAgents; 169ms in InferThetaAndUpdateNwtSparse; 4ms in CalculateScore(sparsity_theta_score); 47ms in CalculateScore(^^^ItemsProcessedScore^^^); ]
I1005 20:14:48.840924 25382912 processor.cc:740] No data in processing queue, waiting...
I1005 20:14:49.088546 28065792 processor.cc:925] Processor: complete processing batch 45c6a40b-a4e0-4742-8204-25aa43dffc56 into model nwt
I1005 20:14:49.094525 28065792 cuckoo_watch.h:45] 526ms in ProcessBatch(lectures_batches/aaaaab.batch) [including 25ms in LoadMessage; 20ms in InitializeSparseNdw; 0ms in InitializeTheta; 0ms in CreateRegularizerAgents; 364ms in InferThetaAndUpdateNwtSparse; 5ms in CalculateScore(sparsity_theta_score); 104ms in CalculateScore(^^^ItemsProcessedScore^^^); ]
I1005 20:14:49.095518 2047873024 master_component.cc:1436] RegularizeModelArgs: rwt_target_name=rwt, pwt_source_name=pwt, nwt_source_name=nwt
I1005 20:14:49.095566 2047873024 master_component.cc:976] MasterComponent: start regularizing model pwt
I1005 20:14:49.118537 28065792 processor.cc:740] No data in processing queue, waiting...
I1005 20:14:49.260193 2047873024 master_component.cc:1002] MasterComponent: complete regularizing model pwt
I1005 20:14:49.260213 2047873024 master_component.cc:1449] NormalizeModelArgs: pwt_target_name=pwt, nwt_source_name=nwt, rwt_source_name=rwt
I1005 20:14:49.260221 2047873024 master_component.cc:1006] MasterComponent: start normalizing model nwt
I1005 20:14:49.344924 2047873024 master_component.cc:1034] MasterComponent: complete normalizing model nwt
I1005 20:14:49.415109 2047873024 master_component.cc:1473] DisposeModel rwt
I1005 20:14:49.438351 2047873024 master_component.cc:1059] FitOffline: ItemsProcessed, num_items=1728, num_batches=2, token_weight=808522, token_weight_in_effect=808522
I1005 20:14:49.438612 2047873024 c_interface.cc:389] Pass FitOfflineMasterModelArgs, batch_filename_size=2, batch_weight_size=2, num_collection_passes=1, reset_nwt=yes to MN4artm4core15MasterComponentEFvRKNS_25FitOfflineMasterModelArgsEE
I1005 20:14:49.438627 2047873024 master_component.cc:1398] ProcessBatchesArgs: nwt_target_name=nwt, batch_filename_size=2, batch_size=0, batch_weight_size=2, pwt_source_name=pwt, num_document_passes=10, regularizer=(name:SmoothSparsePhi, tau:100000), regularizer=(name:SmoothSparcePhi_sbj, tau:-100000), class=(author:1), class=(text:1), reuse_theta=no, opt_for_avx=yes, predict_class_id=, reset_nwt=yes
I1005 20:14:49.460121 26456064 processor.cc:747] Processing queue has data, processing started
I1005 20:14:49.460119 27529216 processor.cc:747] Processing queue has data, processing started
I1005 20:14:49.474258 26456064 processor.cc:820] Processor: start processing batch be1054f3-efc2-41bc-b290-735bd9818d9f into model nwt
I1005 20:14:49.485194 27529216 processor.cc:820] Processor: start processing batch 45c6a40b-a4e0-4742-8204-25aa43dffc56 into model nwt
I1005 20:14:49.683954 26456064 processor.cc:925] Processor: complete processing batch be1054f3-efc2-41bc-b290-735bd9818d9f into model nwt
I1005 20:14:49.687192 26456064 cuckoo_watch.h:45] 226ms in ProcessBatch(lectures_batches/aaaaaa.batch) [including 14ms in LoadMessage; 8ms in InitializeSparseNdw; 0ms in InitializeTheta; 0ms in CreateRegularizerAgents; 155ms in InferThetaAndUpdateNwtSparse; 3ms in CalculateScore(sparsity_theta_score); 42ms in CalculateScore(^^^ItemsProcessedScore^^^); ]
I1005 20:14:49.711582 26456064 processor.cc:740] No data in processing queue, waiting...
I1005 20:14:49.953356 27529216 processor.cc:925] Processor: complete processing batch 45c6a40b-a4e0-4742-8204-25aa43dffc56 into model nwt
I1005 20:14:49.960702 27529216 cuckoo_watch.h:45] 500ms in ProcessBatch(lectures_batches/aaaaab.batch) [including 24ms in LoadMessage; 20ms in InitializeSparseNdw; 0ms in InitializeTheta; 0ms in CreateRegularizerAgents; 338ms in InferThetaAndUpdateNwtSparse; 4ms in CalculateScore(sparsity_theta_score); 104ms in CalculateScore(^^^ItemsProcessedScore^^^); ]
I1005 20:14:49.961211 2047873024 master_component.cc:1436] RegularizeModelArgs: rwt_target_name=rwt, pwt_source_name=pwt, nwt_source_name=nwt
I1005 20:14:49.961289 2047873024 master_component.cc:976] MasterComponent: start regularizing model pwt
I1005 20:14:49.985043 27529216 processor.cc:740] No data in processing queue, waiting...
I1005 20:14:50.134095 2047873024 master_component.cc:1002] MasterComponent: complete regularizing model pwt
I1005 20:14:50.134119 2047873024 master_component.cc:1449] NormalizeModelArgs: pwt_target_name=pwt, nwt_source_name=nwt, rwt_source_name=rwt
I1005 20:14:50.134127 2047873024 master_component.cc:1006] MasterComponent: start normalizing model nwt
