I1005 20:21:58.923746 2047873024 master_component.cc:1059] FitOffline: ItemsProcessed, num_items=1728, num_batches=2, token_weight=808522, token_weight_in_effect=808522
I1005 20:21:58.924022 2047873024 c_interface.cc:389] Pass FitOfflineMasterModelArgs, batch_filename_size=2, batch_weight_size=2, num_collection_passes=1, reset_nwt=yes to MN4artm4core15MasterComponentEFvRKNS_25FitOfflineMasterModelArgsEE
I1005 20:21:58.924036 2047873024 master_component.cc:1398] ProcessBatchesArgs: nwt_target_name=nwt, batch_filename_size=2, batch_size=0, batch_weight_size=2, pwt_source_name=pwt, num_document_passes=10, regularizer=(name:SmoothSparsePhi, tau:100000), class=(author:1), class=(text:1), reuse_theta=no, opt_for_avx=yes, predict_class_id=, reset_nwt=yes
I1005 20:21:58.941056 27529216 processor.cc:747] Processing queue has data, processing started
I1005 20:21:58.941067 28602368 processor.cc:747] Processing queue has data, processing started
I1005 20:21:58.954704 27529216 processor.cc:820] Processor: start processing batch 8a1c5c52-640f-437a-a84c-cd5dc44f90ab into model nwt
I1005 20:21:58.964752 28602368 processor.cc:820] Processor: start processing batch 260f2890-5042-456f-8abf-776a6fe665d7 into model nwt
I1005 20:21:59.171730 27529216 processor.cc:925] Processor: complete processing batch 8a1c5c52-640f-437a-a84c-cd5dc44f90ab into model nwt
I1005 20:21:59.175403 27529216 cuckoo_watch.h:45] 234ms in ProcessBatch(lectures_batches/aaaaaa.batch) [including 13ms in LoadMessage; 7ms in InitializeSparseNdw; 0ms in InitializeTheta; 0ms in CreateRegularizerAgents; 158ms in InferThetaAndUpdateNwtSparse; 3ms in CalculateScore(sparsity_theta_score); 46ms in CalculateScore(^^^ItemsProcessedScore^^^); ]
I1005 20:21:59.198753 27529216 processor.cc:740] No data in processing queue, waiting...
I1005 20:21:59.440423 28602368 processor.cc:925] Processor: complete processing batch 260f2890-5042-456f-8abf-776a6fe665d7 into model nwt
I1005 20:21:59.446002 28602368 cuckoo_watch.h:45] 504ms in ProcessBatch(lectures_batches/aaaaab.batch) [including 23ms in LoadMessage; 20ms in InitializeSparseNdw; 0ms in InitializeTheta; 0ms in CreateRegularizerAgents; 345ms in InferThetaAndUpdateNwtSparse; 5ms in CalculateScore(sparsity_theta_score); 104ms in CalculateScore(^^^ItemsProcessedScore^^^); ]
I1005 20:21:59.446678 2047873024 master_component.cc:1436] RegularizeModelArgs: rwt_target_name=rwt, pwt_source_name=pwt, nwt_source_name=nwt
I1005 20:21:59.446712 2047873024 master_component.cc:976] MasterComponent: start regularizing model pwt
I1005 20:21:59.469960 28602368 processor.cc:740] No data in processing queue, waiting...
I1005 20:21:59.555649 2047873024 master_component.cc:1002] MasterComponent: complete regularizing model pwt
I1005 20:21:59.555668 2047873024 master_component.cc:1449] NormalizeModelArgs: pwt_target_name=pwt, nwt_source_name=nwt, rwt_source_name=rwt
I1005 20:21:59.555675 2047873024 master_component.cc:1006] MasterComponent: start normalizing model nwt
I1005 20:21:59.637634 2047873024 master_component.cc:1034] MasterComponent: complete normalizing model nwt
I1005 20:21:59.719286 2047873024 master_component.cc:1473] DisposeModel rwt
I1005 20:21:59.737031 2047873024 master_component.cc:1059] FitOffline: ItemsProcessed, num_items=1728, num_batches=2, token_weight=808522, token_weight_in_effect=808522
I1005 20:21:59.737263 2047873024 c_interface.cc:389] Pass FitOfflineMasterModelArgs, batch_filename_size=2, batch_weight_size=2, num_collection_passes=1, reset_nwt=yes to MN4artm4core15MasterComponentEFvRKNS_25FitOfflineMasterModelArgsEE
I1005 20:21:59.737308 2047873024 master_component.cc:1398] ProcessBatchesArgs: nwt_target_name=nwt, batch_filename_size=2, batch_size=0, batch_weight_size=2, pwt_source_name=pwt, num_document_passes=10, regularizer=(name:SmoothSparsePhi, tau:100000), class=(author:1), class=(text:1), reuse_theta=no, opt_for_avx=yes, predict_class_id=, reset_nwt=yes
I1005 20:21:59.753983 26456064 processor.cc:747] Processing queue has data, processing started
I1005 20:21:59.753984 25919488 processor.cc:747] Processing queue has data, processing started
I1005 20:21:59.767366 25919488 processor.cc:820] Processor: start processing batch 8a1c5c52-640f-437a-a84c-cd5dc44f90ab into model nwt
I1005 20:21:59.777344 26456064 processor.cc:820] Processor: start processing batch 260f2890-5042-456f-8abf-776a6fe665d7 into model nwt
I1005 20:21:59.985558 25919488 processor.cc:925] Processor: complete processing batch 8a1c5c52-640f-437a-a84c-cd5dc44f90ab into model nwt
I1005 20:21:59.988912 25919488 cuckoo_watch.h:45] 234ms in ProcessBatch(lectures_batches/aaaaaa.batch) [including 13ms in LoadMessage; 7ms in InitializeSparseNdw; 0ms in InitializeTheta; 0ms in CreateRegularizerAgents; 158ms in InferThetaAndUpdateNwtSparse; 3ms in CalculateScore(sparsity_theta_score); 48ms in CalculateScore(^^^ItemsProcessedScore^^^); ]
I1005 20:22:00.011737 25919488 processor.cc:740] No data in processing queue, waiting...
I1005 20:22:00.264847 26456064 processor.cc:925] Processor: complete processing batch 260f2890-5042-456f-8abf-776a6fe665d7 into model nwt
I1005 20:22:00.271039 26456064 cuckoo_watch.h:45] 517ms in ProcessBatch(lectures_batches/aaaaab.batch) [including 23ms in LoadMessage; 18ms in InitializeSparseNdw; 0ms in InitializeTheta; 0ms in CreateRegularizerAgents; 362ms in InferThetaAndUpdateNwtSparse; 6ms in CalculateScore(sparsity_theta_score); 99ms in CalculateScore(^^^ItemsProcessedScore^^^); ]
I1005 20:22:00.271657 2047873024 master_component.cc:1436] RegularizeModelArgs: rwt_target_name=rwt, pwt_source_name=pwt, nwt_source_name=nwt
I1005 20:22:00.271703 2047873024 master_component.cc:976] MasterComponent: start regularizing model pwt
I1005 20:22:00.295667 26456064 processor.cc:740] No data in processing queue, waiting...
I1005 20:22:00.381350 2047873024 master_component.cc:1002] MasterComponent: complete regularizing model pwt
I1005 20:22:00.381368 2047873024 master_component.cc:1449] NormalizeModelArgs: pwt_target_name=pwt, nwt_source_name=nwt, rwt_source_name=rwt
I1005 20:22:00.381374 2047873024 master_component.cc:1006] MasterComponent: start normalizing model nwt
I1005 20:22:00.463171 2047873024 master_component.cc:1034] MasterComponent: complete normalizing model nwt
I1005 20:22:00.550746 2047873024 master_component.cc:1473] DisposeModel rwt
I1005 20:22:00.569936 2047873024 master_component.cc:1059] FitOffline: ItemsProcessed, num_items=1728, num_batches=2, token_weight=808522, token_weight_in_effect=808522
I1005 20:22:00.570205 2047873024 c_interface.cc:389] Pass FitOfflineMasterModelArgs, batch_filename_size=2, batch_weight_size=2, num_collection_passes=1, reset_nwt=yes to MN4artm4core15MasterComponentEFvRKNS_25FitOfflineMasterModelArgsEE
I1005 20:22:00.570224 2047873024 master_component.cc:1398] ProcessBatchesArgs: nwt_target_name=nwt, batch_filename_size=2, batch_size=0, batch_weight_size=2, pwt_source_name=pwt, num_document_passes=10, regularizer=(name:SmoothSparsePhi, tau:100000), class=(author:1), class=(text:1), reuse_theta=no, opt_for_avx=yes, predict_class_id=, reset_nwt=yes
I1005 20:22:00.591089 25382912 processor.cc:747] Processing queue has data, processing started
I1005 20:22:00.591122 28602368 processor.cc:747] Processing queue has data, processing started
I1005 20:22:00.606084 25382912 processor.cc:820] Processor: start processing batch 8a1c5c52-640f-437a-a84c-cd5dc44f90ab into model nwt
I1005 20:22:00.617100 28602368 processor.cc:820] Processor: start processing batch 260f2890-5042-456f-8abf-776a6fe665d7 into model nwt
I1005 20:22:00.828616 25382912 processor.cc:925] Processor: complete processing batch 8a1c5c52-640f-437a-a84c-cd5dc44f90ab into model nwt
I1005 20:22:00.833130 25382912 cuckoo_watch.h:45] 242ms in ProcessBatch(lectures_batches/aaaaaa.batch) [including 14ms in LoadMessage; 8ms in InitializeSparseNdw; 0ms in InitializeTheta; 0ms in CreateRegularizerAgents; 164ms in InferThetaAndUpdateNwtSparse; 3ms in CalculateScore(sparsity_theta_score); 46ms in CalculateScore(^^^ItemsProcessedScore^^^); ]
I1005 20:22:00.857240 25382912 processor.cc:740] No data in processing queue, waiting...
I1005 20:22:01.113786 28602368 processor.cc:925] Processor: complete processing batch 260f2890-5042-456f-8abf-776a6fe665d7 into model nwt
I1005 20:22:01.119577 28602368 cuckoo_watch.h:45] 528ms in ProcessBatch(lectures_batches/aaaaab.batch) [including 25ms in LoadMessage; 21ms in InitializeSparseNdw; 0ms in InitializeTheta; 0ms in CreateRegularizerAgents; 364ms in InferThetaAndUpdateNwtSparse; 5ms in CalculateScore(sparsity_theta_score); 106ms in CalculateScore(^^^ItemsProcessedScore^^^); ]
I1005 20:22:01.120097 2047873024 master_component.cc:1436] RegularizeModelArgs: rwt_target_name=rwt, pwt_source_name=pwt, nwt_source_name=nwt
I1005 20:22:01.120128 2047873024 master_component.cc:976] MasterComponent: start regularizing model pwt
I1005 20:22:01.142686 28602368 processor.cc:740] No data in processing queue, waiting...
I1005 20:22:01.242213 2047873024 master_component.cc:1002] MasterComponent: complete regularizing model pwt
I1005 20:22:01.242236 2047873024 master_component.cc:1449] NormalizeModelArgs: pwt_target_name=pwt, nwt_source_name=nwt, rwt_source_name=rwt
I1005 20:22:01.242244 2047873024 master_component.cc:1006] MasterComponent: start normalizing model nwt
I1005 20:22:01.330682 2047873024 master_component.cc:1034] MasterComponent: complete normalizing model nwt
I1005 20:22:01.420560 2047873024 master_component.cc:1473] DisposeModel rwt
I1005 20:22:01.438612 2047873024 master_component.cc:1059] FitOffline: ItemsProcessed, num_items=1728, num_batches=2, token_weight=808522, token_weight_in_effect=808522
I1005 20:22:01.438971 2047873024 c_interface.cc:389] Pass FitOfflineMasterModelArgs, batch_filename_size=2, batch_weight_size=2, num_collection_passes=1, reset_nwt=yes to MN4artm4core15MasterComponentEFvRKNS_25FitOfflineMasterModelArgsEE
I1005 20:22:01.438989 2047873024 master_component.cc:1398] ProcessBatchesArgs: nwt_target_name=nwt, batch_filename_size=2, batch_size=0, batch_weight_size=2, pwt_source_name=pwt, num_document_passes=10, regularizer=(name:SmoothSparsePhi, tau:100000), class=(author:1), class=(text:1), reuse_theta=no, opt_for_avx=yes, predict_class_id=, reset_nwt=yes
I1005 20:22:01.458346 29138944 processor.cc:747] Processing queue has data, processing started
I1005 20:22:01.458355 25382912 processor.cc:747] Processing queue has data, processing started
I1005 20:22:01.471997 29138944 processor.cc:820] Processor: start processing batch 8a1c5c52-640f-437a-a84c-cd5dc44f90ab into model nwt
I1005 20:22:01.483099 25382912 processor.cc:820] Processor: start processing batch 260f2890-5042-456f-8abf-776a6fe665d7 into model nwt
I1005 20:22:01.711952 29138944 processor.cc:925] Processor: complete processing batch 8a1c5c52-640f-437a-a84c-cd5dc44f90ab into model nwt
I1005 20:22:01.717181 29138944 cuckoo_watch.h:45] 258ms in ProcessBatch(lectures_batches/aaaaaa.batch) [including 13ms in LoadMessage; 7ms in InitializeSparseNdw; 0ms in InitializeTheta; 0ms in CreateRegularizerAgents; 174ms in InferThetaAndUpdateNwtSparse; 4ms in CalculateScore(sparsity_theta_score); 53ms in CalculateScore(^^^ItemsProcessedScore^^^); ]
I1005 20:22:01.740473 29138944 processor.cc:740] No data in processing queue, waiting...
I1005 20:22:01.998507 25382912 processor.cc:925] Processor: complete processing batch 260f2890-5042-456f-8abf-776a6fe665d7 into model nwt
I1005 20:22:02.004597 25382912 cuckoo_watch.h:45] 546ms in ProcessBatch(lectures_batches/aaaaab.batch) [including 24ms in LoadMessage; 20ms in InitializeSparseNdw; 0ms in InitializeTheta; 0ms in CreateRegularizerAgents; 383ms in InferThetaAndUpdateNwtSparse; 6ms in CalculateScore(sparsity_theta_score); 104ms in CalculateScore(^^^ItemsProcessedScore^^^); ]
I1005 20:22:02.004721 2047873024 master_component.cc:1436] RegularizeModelArgs: rwt_target_name=rwt, pwt_source_name=pwt, nwt_source_name=nwt
I1005 20:22:02.004739 2047873024 master_component.cc:976] MasterComponent: start regularizing model pwt
I1005 20:22:02.027542 25382912 processor.cc:740] No data in processing queue, waiting...
I1005 20:22:02.132585 2047873024 master_component.cc:1002] MasterComponent: complete regularizing model pwt
I1005 20:22:02.132606 2047873024 master_component.cc:1449] NormalizeModelArgs: pwt_target_name=pwt, nwt_source_name=nwt, rwt_source_name=rwt
I1005 20:22:02.132612 2047873024 master_component.cc:1006] MasterComponent: start normalizing model nwt
I1005 20:22:02.219519 2047873024 master_component.cc:1034] MasterComponent: complete normalizing model nwt
I1005 20:22:02.303309 2047873024 master_component.cc:1473] DisposeModel rwt
I1005 20:22:02.323557 2047873024 master_component.cc:1059] FitOffline: ItemsProcessed, num_items=1728, num_batches=2, token_weight=808522, token_weight_in_effect=808522
I1005 20:22:02.323802 2047873024 c_interface.cc:389] Pass FitOfflineMasterModelArgs, batch_filename_size=2, batch_weight_size=2, num_collection_passes=1, reset_nwt=yes to MN4artm4core15MasterComponentEFvRKNS_25FitOfflineMasterModelArgsEE
I1005 20:22:02.323817 2047873024 master_component.cc:1398] ProcessBatchesArgs: nwt_target_name=nwt, batch_filename_size=2, batch_size=0, batch_weight_size=2, pwt_source_name=pwt, num_document_passes=10, regularizer=(name:SmoothSparsePhi, tau:100000), class=(author:1), class=(text:1), reuse_theta=no, opt_for_avx=yes, predict_class_id=, reset_nwt=yes
I1005 20:22:02.341414 25919488 processor.cc:747] Processing queue has data, processing started
I1005 20:22:02.341429 28602368 processor.cc:747] Processing queue has data, processing started
I1005 20:22:02.354768 25919488 processor.cc:820] Processor: start processing batch 8a1c5c52-640f-437a-a84c-cd5dc44f90ab into model nwt
I1005 20:22:02.365083 28602368 processor.cc:820] Processor: start processing batch 260f2890-5042-456f-8abf-776a6fe665d7 into model nwt
I1005 20:22:02.578495 25919488 processor.cc:925] Processor: complete processing batch 8a1c5c52-640f-437a-a84c-cd5dc44f90ab into model nwt
I1005 20:22:02.582226 25919488 cuckoo_watch.h:45] 240ms in ProcessBatch(lectures_batches/aaaaaa.batch) [including 13ms in LoadMessage; 7ms in InitializeSparseNdw; 0ms in InitializeTheta; 0ms in CreateRegularizerAgents; 162ms in InferThetaAndUpdateNwtSparse; 3ms in CalculateScore(sparsity_theta_score); 49ms in CalculateScore(^^^ItemsProcessedScore^^^); ]
I1005 20:22:02.605942 25919488 processor.cc:740] No data in processing queue, waiting...
I1005 20:22:02.858436 28602368 processor.cc:925] Processor: complete processing batch 260f2890-5042-456f-8abf-776a6fe665d7 into model nwt
I1005 20:22:02.864765 28602368 cuckoo_watch.h:45] 523ms in ProcessBatch(lectures_batches/aaaaab.batch) [including 23ms in LoadMessage; 20ms in InitializeSparseNdw; 0ms in InitializeTheta; 0ms in CreateRegularizerAgents; 364ms in InferThetaAndUpdateNwtSparse; 5ms in CalculateScore(sparsity_theta_score); 102ms in CalculateScore(^^^ItemsProcessedScore^^^); ]
I1005 20:22:02.865443 2047873024 master_component.cc:1436] RegularizeModelArgs: rwt_target_name=rwt, pwt_source_name=pwt, nwt_source_name=nwt
I1005 20:22:02.865478 2047873024 master_component.cc:976] MasterComponent: start regularizing model pwt
I1005 20:22:02.889127 28602368 processor.cc:740] No data in processing queue, waiting...
I1005 20:22:02.986642 2047873024 master_component.cc:1002] MasterComponent: complete regularizing model pwt
I1005 20:22:02.986681 2047873024 master_component.cc:1449] NormalizeModelArgs: pwt_target_name=pwt, nwt_source_name=nwt, rwt_source_name=rwt
I1005 20:22:02.986688 2047873024 master_component.cc:1006] MasterComponent: start normalizing model nwt
I1005 20:22:03.072926 2047873024 master_component.cc:1034] MasterComponent: complete normalizing model nwt
I1005 20:22:03.165722 2047873024 master_component.cc:1473] DisposeModel rwt
I1005 20:22:03.185304 2047873024 master_component.cc:1059] FitOffline: ItemsProcessed, num_items=1728, num_batches=2, token_weight=808522, token_weight_in_effect=808522
I1005 20:22:03.185602 2047873024 c_interface.cc:389] Pass FitOfflineMasterModelArgs, batch_filename_size=2, batch_weight_size=2, num_collection_passes=1, reset_nwt=yes to MN4artm4core15MasterComponentEFvRKNS_25FitOfflineMasterModelArgsEE
I1005 20:22:03.185618 2047873024 master_component.cc:1398] ProcessBatchesArgs: nwt_target_name=nwt, batch_filename_size=2, batch_size=0, batch_weight_size=2, pwt_source_name=pwt, num_document_passes=10, regularizer=(name:SmoothSparsePhi, tau:100000), class=(author:1), class=(text:1), reuse_theta=no, opt_for_avx=yes, predict_class_id=, reset_nwt=yes
I1005 20:22:03.204284 26456064 processor.cc:747] Processing queue has data, processing started
I1005 20:22:03.204294 26992640 processor.cc:747] Processing queue has data, processing started
I1005 20:22:03.217743 26456064 processor.cc:820] Processor: start processing batch 8a1c5c52-640f-437a-a84c-cd5dc44f90ab into model nwt
I1005 20:22:03.228171 26992640 processor.cc:820] Processor: start processing batch 260f2890-5042-456f-8abf-776a6fe665d7 into model nwt
I1005 20:22:03.448510 26456064 processor.cc:925] Processor: complete processing batch 8a1c5c52-640f-437a-a84c-cd5dc44f90ab into model nwt
I1005 20:22:03.452123 26456064 cuckoo_watch.h:45] 247ms in ProcessBatch(lectures_batches/aaaaaa.batch) [including 13ms in LoadMessage; 8ms in InitializeSparseNdw; 0ms in InitializeTheta; 0ms in CreateRegularizerAgents; 168ms in InferThetaAndUpdateNwtSparse; 4ms in CalculateScore(sparsity_theta_score); 49ms in CalculateScore(^^^ItemsProcessedScore^^^); ]
I1005 20:22:03.476364 26456064 processor.cc:740] No data in processing queue, waiting...
I1005 20:22:03.741004 26992640 processor.cc:925] Processor: complete processing batch 260f2890-5042-456f-8abf-776a6fe665d7 into model nwt
I1005 20:22:03.747295 26992640 cuckoo_watch.h:45] 542ms in ProcessBatch(lectures_batches/aaaaab.batch) [including 23ms in LoadMessage; 21ms in InitializeSparseNdw; 0ms in InitializeTheta; 0ms in CreateRegularizerAgents; 373ms in InferThetaAndUpdateNwtSparse; 6ms in CalculateScore(sparsity_theta_score); 112ms in CalculateScore(^^^ItemsProcessedScore^^^); ]
I1005 20:22:03.748224 2047873024 master_component.cc:1436] RegularizeModelArgs: rwt_target_name=rwt, pwt_source_name=pwt, nwt_source_name=nwt
I1005 20:22:03.748256 2047873024 master_component.cc:976] MasterComponent: start regularizing model pwt
I1005 20:22:03.770932 26992640 processor.cc:740] No data in processing queue, waiting...
I1005 20:22:03.868494 2047873024 master_component.cc:1002] MasterComponent: complete regularizing model pwt
I1005 20:22:03.868513 2047873024 master_component.cc:1449] NormalizeModelArgs: pwt_target_name=pwt, nwt_source_name=nwt, rwt_source_name=rwt
I1005 20:22:03.868577 2047873024 master_component.cc:1006] MasterComponent: start normalizing model nwt
I1005 20:22:03.959612 2047873024 master_component.cc:1034] MasterComponent: complete normalizing model nwt
I1005 20:22:04.047153 2047873024 master_component.cc:1473] DisposeModel rwt
I1005 20:22:04.066562 2047873024 master_component.cc:1059] FitOffline: ItemsProcessed, num_items=1728, num_batches=2, token_weight=808522, token_weight_in_effect=808522
I1005 20:22:04.066802 2047873024 c_interface.cc:389] Pass FitOfflineMasterModelArgs, batch_filename_size=2, batch_weight_size=2, num_collection_passes=1, reset_nwt=yes to MN4artm4core15MasterComponentEFvRKNS_25FitOfflineMasterModelArgsEE
I1005 20:22:04.066817 2047873024 master_component.cc:1398] ProcessBatchesArgs: nwt_target_name=nwt, batch_filename_size=2, batch_size=0, batch_weight_size=2, pwt_source_name=pwt, num_document_passes=10, regularizer=(name:SmoothSparsePhi, tau:100000), class=(author:1), class=(text:1), reuse_theta=no, opt_for_avx=yes, predict_class_id=, reset_nwt=yes
I1005 20:22:04.088702 29138944 processor.cc:747] Processing queue has data, processing started
I1005 20:22:04.088683 25382912 processor.cc:747] Processing queue has data, processing started
I1005 20:22:04.103274 25382912 processor.cc:820] Processor: start processing batch 8a1c5c52-640f-437a-a84c-cd5dc44f90ab into model nwt
I1005 20:22:04.113571 29138944 processor.cc:820] Processor: start processing batch 260f2890-5042-456f-8abf-776a6fe665d7 into model nwt
I1005 20:22:04.338980 25382912 processor.cc:925] Processor: complete processing batch 8a1c5c52-640f-437a-a84c-cd5dc44f90ab into model nwt
I1005 20:22:04.342896 25382912 cuckoo_watch.h:45] 254ms in ProcessBatch(lectures_batches/aaaaaa.batch) [including 14ms in LoadMessage; 7ms in InitializeSparseNdw; 0ms in InitializeTheta; 0ms in CreateRegularizerAgents; 170ms in InferThetaAndUpdateNwtSparse; 4ms in CalculateScore(sparsity_theta_score); 53ms in CalculateScore(^^^ItemsProcessedScore^^^); ]
I1005 20:22:04.365938 25382912 processor.cc:740] No data in processing queue, waiting...
I1005 20:22:04.628705 29138944 processor.cc:925] Processor: complete processing batch 260f2890-5042-456f-8abf-776a6fe665d7 into model nwt
I1005 20:22:04.634541 29138944 cuckoo_watch.h:45] 545ms in ProcessBatch(lectures_batches/aaaaab.batch) [including 24ms in LoadMessage; 19ms in InitializeSparseNdw; 0ms in InitializeTheta; 0ms in CreateRegularizerAgents; 377ms in InferThetaAndUpdateNwtSparse; 5ms in CalculateScore(sparsity_theta_score); 112ms in CalculateScore(^^^ItemsProcessedScore^^^); ]
I1005 20:22:04.634671 2047873024 master_component.cc:1436] RegularizeModelArgs: rwt_target_name=rwt, pwt_source_name=pwt, nwt_source_name=nwt
I1005 20:22:04.634692 2047873024 master_component.cc:976] MasterComponent: start regularizing model pwt
I1005 20:22:04.658368 29138944 processor.cc:740] No data in processing queue, waiting...
I1005 20:22:04.756181 2047873024 master_component.cc:1002] MasterComponent: complete regularizing model pwt
I1005 20:22:04.756201 2047873024 master_component.cc:1449] NormalizeModelArgs: pwt_target_name=pwt, nwt_source_name=nwt, rwt_source_name=rwt
I1005 20:22:04.756207 2047873024 master_component.cc:1006] MasterComponent: start normalizing model nwt
I1005 20:22:04.864713 2047873024 master_component.cc:1034] MasterComponent: complete normalizing model nwt
I1005 20:22:04.945845 2047873024 master_component.cc:1473] DisposeModel rwt
I1005 20:22:04.963201 2047873024 master_component.cc:1059] FitOffline: ItemsProcessed, num_items=1728, num_batches=2, token_weight=808522, token_weight_in_effect=808522
I1005 20:22:04.963436 2047873024 c_interface.cc:389] Pass FitOfflineMasterModelArgs, batch_filename_size=2, batch_weight_size=2, num_collection_passes=1, reset_nwt=yes to MN4artm4core15MasterComponentEFvRKNS_25FitOfflineMasterModelArgsEE
I1005 20:22:04.963450 2047873024 master_component.cc:1398] ProcessBatchesArgs: nwt_target_name=nwt, batch_filename_size=2, batch_size=0, batch_weight_size=2, pwt_source_name=pwt, num_document_passes=10, regularizer=(name:SmoothSparsePhi, tau:100000), class=(author:1), class=(text:1), reuse_theta=no, opt_for_avx=yes, predict_class_id=, reset_nwt=yes
I1005 20:22:04.983037 25382912 processor.cc:747] Processing queue has data, processing started
I1005 20:22:04.983037 28065792 processor.cc:747] Processing queue has data, processing started
I1005 20:22:04.997754 28065792 processor.cc:820] Processor: start processing batch 8a1c5c52-640f-437a-a84c-cd5dc44f90ab into model nwt
I1005 20:22:05.008047 25382912 processor.cc:820] Processor: start processing batch 260f2890-5042-456f-8abf-776a6fe665d7 into model nwt
I1005 20:22:05.215240 28065792 processor.cc:925] Processor: complete processing batch 8a1c5c52-640f-437a-a84c-cd5dc44f90ab into model nwt
I1005 20:22:05.218844 28065792 cuckoo_watch.h:45] 235ms in ProcessBatch(lectures_batches/aaaaaa.batch) [including 14ms in LoadMessage; 7ms in InitializeSparseNdw; 0ms in InitializeTheta; 0ms in CreateRegularizerAgents; 161ms in InferThetaAndUpdateNwtSparse; 3ms in CalculateScore(sparsity_theta_score); 44ms in CalculateScore(^^^ItemsProcessedScore^^^); ]
I1005 20:22:05.242661 28065792 processor.cc:740] No data in processing queue, waiting...
I1005 20:22:05.490764 25382912 processor.cc:925] Processor: complete processing batch 260f2890-5042-456f-8abf-776a6fe665d7 into model nwt
I1005 20:22:05.497252 25382912 cuckoo_watch.h:45] 514ms in ProcessBatch(lectures_batches/aaaaab.batch) [including 24ms in LoadMessage; 21ms in InitializeSparseNdw; 0ms in InitializeTheta; 0ms in CreateRegularizerAgents; 342ms in InferThetaAndUpdateNwtSparse; 6ms in CalculateScore(sparsity_theta_score); 111ms in CalculateScore(^^^ItemsProcessedScore^^^); ]
I1005 20:22:05.497426 2047873024 master_component.cc:1436] RegularizeModelArgs: rwt_target_name=rwt, pwt_source_name=pwt, nwt_source_name=nwt
I1005 20:22:05.497457 2047873024 master_component.cc:976] MasterComponent: start regularizing model pwt
I1005 20:22:05.520548 25382912 processor.cc:740] No data in processing queue, waiting...
I1005 20:22:05.615669 2047873024 master_component.cc:1002] MasterComponent: complete regularizing model pwt
I1005 20:22:05.615690 2047873024 master_component.cc:1449] NormalizeModelArgs: pwt_target_name=pwt, nwt_source_name=nwt, rwt_source_name=rwt
I1005 20:22:05.615696 2047873024 master_component.cc:1006] MasterComponent: start normalizing model nwt
I1005 20:22:05.702527 2047873024 master_component.cc:1034] MasterComponent: complete normalizing model nwt
I1005 20:22:05.788007 2047873024 master_component.cc:1473] DisposeModel rwt
I1005 20:22:05.807667 2047873024 master_component.cc:1059] FitOffline: ItemsProcessed, num_items=1728, num_batches=2, token_weight=808522, token_weight_in_effect=808522
I1005 20:22:05.807904 2047873024 c_interface.cc:389] Pass FitOfflineMasterModelArgs, batch_filename_size=2, batch_weight_size=2, num_collection_passes=1, reset_nwt=yes to MN4artm4core15MasterComponentEFvRKNS_25FitOfflineMasterModelArgsEE
I1005 20:22:05.807915 2047873024 master_component.cc:1398] ProcessBatchesArgs: nwt_target_name=nwt, batch_filename_size=2, batch_size=0, batch_weight_size=2, pwt_source_name=pwt, num_document_passes=10, regularizer=(name:SmoothSparsePhi, tau:100000), class=(author:1), class=(text:1), reuse_theta=no, opt_for_avx=yes, predict_class_id=, reset_nwt=yes
I1005 20:22:05.827642 27529216 processor.cc:747] Processing queue has data, processing started
I1005 20:22:05.827646 28065792 processor.cc:747] Processing queue has data, processing started
I1005 20:22:05.840997 27529216 processor.cc:820] Processor: start processing batch 8a1c5c52-640f-437a-a84c-cd5dc44f90ab into model nwt
I1005 20:22:05.851121 28065792 processor.cc:820] Processor: start processing batch 260f2890-5042-456f-8abf-776a6fe665d7 into model nwt
I1005 20:22:06.066813 27529216 processor.cc:925] Processor: complete processing batch 8a1c5c52-640f-437a-a84c-cd5dc44f90ab into model nwt
I1005 20:22:06.070555 27529216 cuckoo_watch.h:45] 242ms in ProcessBatch(lectures_batches/aaaaaa.batch) [including 13ms in LoadMessage; 7ms in InitializeSparseNdw; 0ms in InitializeTheta; 0ms in CreateRegularizerAgents; 163ms in InferThetaAndUpdateNwtSparse; 3ms in CalculateScore(sparsity_theta_score); 50ms in CalculateScore(^^^ItemsProcessedScore^^^); ]
I1005 20:22:06.094090 27529216 processor.cc:740] No data in processing queue, waiting...
I1005 20:22:06.356731 28065792 processor.cc:925] Processor: complete processing batch 260f2890-5042-456f-8abf-776a6fe665d7 into model nwt
I1005 20:22:06.362964 28065792 cuckoo_watch.h:45] 535ms in ProcessBatch(lectures_batches/aaaaab.batch) [including 23ms in LoadMessage; 19ms in InitializeSparseNdw; 0ms in InitializeTheta; 0ms in CreateRegularizerAgents; 371ms in InferThetaAndUpdateNwtSparse; 5ms in CalculateScore(sparsity_theta_score); 108ms in CalculateScore(^^^ItemsProcessedScore^^^); ]
I1005 20:22:06.363042 2047873024 master_component.cc:1436] RegularizeModelArgs: rwt_target_name=rwt, pwt_source_name=pwt, nwt_source_name=nwt
I1005 20:22:06.363061 2047873024 master_component.cc:976] MasterComponent: start regularizing model pwt
I1005 20:22:06.386934 28065792 processor.cc:740] No data in processing queue, waiting...
I1005 20:22:06.485136 2047873024 master_component.cc:1002] MasterComponent: complete regularizing model pwt
I1005 20:22:06.485158 2047873024 master_component.cc:1449] NormalizeModelArgs: pwt_target_name=pwt, nwt_source_name=nwt, rwt_source_name=rwt
I1005 20:22:06.485198 2047873024 master_component.cc:1006] MasterComponent: start normalizing model nwt
I1005 20:22:06.575291 2047873024 master_component.cc:1034] MasterComponent: complete normalizing model nwt
I1005 20:22:06.674240 2047873024 master_component.cc:1473] DisposeModel rwt
I1005 20:22:06.695499 2047873024 master_component.cc:1059] FitOffline: ItemsProcessed, num_items=1728, num_batches=2, token_weight=808522, token_weight_in_effect=808522
I1005 20:22:06.695745 2047873024 c_interface.cc:389] Pass FitOfflineMasterModelArgs, batch_filename_size=2, batch_weight_size=2, num_collection_passes=1, reset_nwt=yes to MN4artm4core15MasterComponentEFvRKNS_25FitOfflineMasterModelArgsEE
I1005 20:22:06.695830 2047873024 master_component.cc:1398] ProcessBatchesArgs: nwt_target_name=nwt, batch_filename_size=2, batch_size=0, batch_weight_size=2, pwt_source_name=pwt, num_document_passes=10, regularizer=(name:SmoothSparsePhi, tau:100000), class=(author:1), class=(text:1), reuse_theta=no, opt_for_avx=yes, predict_class_id=, reset_nwt=yes
I1005 20:22:06.713559 28602368 processor.cc:747] Processing queue has data, processing started
I1005 20:22:06.713567 25382912 processor.cc:747] Processing queue has data, processing started
I1005 20:22:06.727377 28602368 processor.cc:820] Processor: start processing batch 8a1c5c52-640f-437a-a84c-cd5dc44f90ab into model nwt
I1005 20:22:06.739578 25382912 processor.cc:820] Processor: start processing batch 260f2890-5042-456f-8abf-776a6fe665d7 into model nwt
I1005 20:22:06.962404 28602368 processor.cc:925] Processor: complete processing batch 8a1c5c52-640f-437a-a84c-cd5dc44f90ab into model nwt
I1005 20:22:06.965806 28602368 cuckoo_watch.h:45] 252ms in ProcessBatch(lectures_batches/aaaaaa.batch) [including 13ms in LoadMessage; 8ms in InitializeSparseNdw; 0ms in InitializeTheta; 0ms in CreateRegularizerAgents; 174ms in InferThetaAndUpdateNwtSparse; 3ms in CalculateScore(sparsity_theta_score); 48ms in CalculateScore(^^^ItemsProcessedScore^^^); ]
I1005 20:22:06.989854 28602368 processor.cc:740] No data in processing queue, waiting...
I1005 20:22:07.246392 25382912 processor.cc:925] Processor: complete processing batch 260f2890-5042-456f-8abf-776a6fe665d7 into model nwt
I1005 20:22:07.253304 25382912 cuckoo_watch.h:45] 539ms in ProcessBatch(lectures_batches/aaaaab.batch) [including 25ms in LoadMessage; 22ms in InitializeSparseNdw; 0ms in InitializeTheta; 0ms in CreateRegularizerAgents; 370ms in InferThetaAndUpdateNwtSparse; 5ms in CalculateScore(sparsity_theta_score); 107ms in CalculateScore(^^^ItemsProcessedScore^^^); ]
I1005 20:22:07.254276 2047873024 master_component.cc:1436] RegularizeModelArgs: rwt_target_name=rwt, pwt_source_name=pwt, nwt_source_name=nwt
I1005 20:22:07.254312 2047873024 master_component.cc:976] MasterComponent: start regularizing model pwt
I1005 20:22:07.277918 25382912 processor.cc:740] No data in processing queue, waiting...
I1005 20:22:07.378402 2047873024 master_component.cc:1002] MasterComponent: complete regularizing model pwt
I1005 20:22:07.378424 2047873024 master_component.cc:1449] NormalizeModelArgs: pwt_target_name=pwt, nwt_source_name=nwt, rwt_source_name=rwt
I1005 20:22:07.378432 2047873024 master_component.cc:1006] MasterComponent: start normalizing model nwt
I1005 20:22:07.475158 2047873024 master_component.cc:1034] MasterComponent: complete normalizing model nwt
I1005 20:22:07.562711 2047873024 master_component.cc:1473] DisposeModel rwt
I1005 20:22:07.583034 2047873024 master_component.cc:1059] FitOffline: ItemsProcessed, num_items=1728, num_batches=2, token_weight=808522, token_weight_in_effect=808522
I1005 20:22:07.583393 2047873024 c_interface.cc:389] Pass FitOfflineMasterModelArgs, batch_filename_size=2, batch_weight_size=2, num_collection_passes=1, reset_nwt=yes to MN4artm4core15MasterComponentEFvRKNS_25FitOfflineMasterModelArgsEE
I1005 20:22:07.583427 2047873024 master_component.cc:1398] ProcessBatchesArgs: nwt_target_name=nwt, batch_filename_size=2, batch_size=0, batch_weight_size=2, pwt_source_name=pwt, num_document_passes=10, regularizer=(name:SmoothSparsePhi, tau:100000), class=(author:1), class=(text:1), reuse_theta=no, opt_for_avx=yes, predict_class_id=, reset_nwt=yes
I1005 20:22:07.602756 26992640 processor.cc:747] Processing queue has data, processing started
I1005 20:22:07.602756 27529216 processor.cc:747] Processing queue has data, processing started
I1005 20:22:07.616731 26992640 processor.cc:820] Processor: start processing batch 8a1c5c52-640f-437a-a84c-cd5dc44f90ab into model nwt
I1005 20:22:07.628080 27529216 processor.cc:820] Processor: start processing batch 260f2890-5042-456f-8abf-776a6fe665d7 into model nwt
I1005 20:22:07.843708 26992640 processor.cc:925] Processor: complete processing batch 8a1c5c52-640f-437a-a84c-cd5dc44f90ab into model nwt
I1005 20:22:07.847685 26992640 cuckoo_watch.h:45] 244ms in ProcessBatch(lectures_batches/aaaaaa.batch) [including 13ms in LoadMessage; 9ms in InitializeSparseNdw; 0ms in InitializeTheta; 0ms in CreateRegularizerAgents; 169ms in InferThetaAndUpdateNwtSparse; 3ms in CalculateScore(sparsity_theta_score); 44ms in CalculateScore(^^^ItemsProcessedScore^^^); ]
I1005 20:22:07.871366 26992640 processor.cc:740] No data in processing queue, waiting...
I1005 20:22:08.137926 27529216 processor.cc:925] Processor: complete processing batch 260f2890-5042-456f-8abf-776a6fe665d7 into model nwt
I1005 20:22:08.144752 27529216 cuckoo_watch.h:45] 541ms in ProcessBatch(lectures_batches/aaaaab.batch) [including 25ms in LoadMessage; 20ms in InitializeSparseNdw; 0ms in InitializeTheta; 0ms in CreateRegularizerAgents; 375ms in InferThetaAndUpdateNwtSparse; 5ms in CalculateScore(sparsity_theta_score); 108ms in CalculateScore(^^^ItemsProcessedScore^^^); ]
I1005 20:22:08.146188 2047873024 master_component.cc:1436] RegularizeModelArgs: rwt_target_name=rwt, pwt_source_name=pwt, nwt_source_name=nwt
I1005 20:22:08.146242 2047873024 master_component.cc:976] MasterComponent: start regularizing model pwt
I1005 20:22:08.169257 27529216 processor.cc:740] No data in processing queue, waiting...
I1005 20:22:08.269855 2047873024 master_component.cc:1002] MasterComponent: complete regularizing model pwt
I1005 20:22:08.269874 2047873024 master_component.cc:1449] NormalizeModelArgs: pwt_target_name=pwt, nwt_source_name=nwt, rwt_source_name=rwt
I1005 20:22:08.269881 2047873024 master_component.cc:1006] MasterComponent: start normalizing model nwt
I1005 20:22:08.357813 2047873024 master_component.cc:1034] MasterComponent: complete normalizing model nwt
I1005 20:22:08.438454 2047873024 master_component.cc:1473] DisposeModel rwt
I1005 20:22:08.456902 2047873024 master_component.cc:1059] FitOffline: ItemsProcessed, num_items=1728, num_batches=2, token_weight=808522, token_weight_in_effect=808522
I1005 20:22:08.457155 2047873024 c_interface.cc:389] Pass FitOfflineMasterModelArgs, batch_filename_size=2, batch_weight_size=2, num_collection_passes=1, reset_nwt=yes to MN4artm4core15MasterComponentEFvRKNS_25FitOfflineMasterModelArgsEE
I1005 20:22:08.457170 2047873024 master_component.cc:1398] ProcessBatchesArgs: nwt_target_name=nwt, batch_filename_size=2, batch_size=0, batch_weight_size=2, pwt_source_name=pwt, num_document_passes=10, regularizer=(name:SmoothSparsePhi, tau:100000), class=(author:1), class=(text:1), reuse_theta=no, opt_for_avx=yes, predict_class_id=, reset_nwt=yes
I1005 20:22:08.476253 28065792 processor.cc:747] Processing queue has data, processing started
I1005 20:22:08.476253 25382912 processor.cc:747] Processing queue has data, processing started
I1005 20:22:08.489744 25382912 processor.cc:820] Processor: start processing batch 8a1c5c52-640f-437a-a84c-cd5dc44f90ab into model nwt
I1005 20:22:08.500073 28065792 processor.cc:820] Processor: start processing batch 260f2890-5042-456f-8abf-776a6fe665d7 into model nwt
I1005 20:22:08.714336 25382912 processor.cc:925] Processor: complete processing batch 8a1c5c52-640f-437a-a84c-cd5dc44f90ab into model nwt
I1005 20:22:08.717900 25382912 cuckoo_watch.h:45] 241ms in ProcessBatch(lectures_batches/aaaaaa.batch) [including 13ms in LoadMessage; 7ms in InitializeSparseNdw; 0ms in InitializeTheta; 0ms in CreateRegularizerAgents; 166ms in InferThetaAndUpdateNwtSparse; 3ms in CalculateScore(sparsity_theta_score); 46ms in CalculateScore(^^^ItemsProcessedScore^^^); ]
I1005 20:22:08.740916 25382912 processor.cc:740] No data in processing queue, waiting...
I1005 20:22:08.991683 28065792 processor.cc:925] Processor: complete processing batch 260f2890-5042-456f-8abf-776a6fe665d7 into model nwt
I1005 20:22:08.998148 28065792 cuckoo_watch.h:45] 521ms in ProcessBatch(lectures_batches/aaaaab.batch) [including 23ms in LoadMessage; 20ms in InitializeSparseNdw; 0ms in InitializeTheta; 0ms in CreateRegularizerAgents; 357ms in InferThetaAndUpdateNwtSparse; 6ms in CalculateScore(sparsity_theta_score); 106ms in CalculateScore(^^^ItemsProcessedScore^^^); ]
I1005 20:22:08.998224 2047873024 master_component.cc:1436] RegularizeModelArgs: rwt_target_name=rwt, pwt_source_name=pwt, nwt_source_name=nwt
I1005 20:22:08.998244 2047873024 master_component.cc:976] MasterComponent: start regularizing model pwt
I1005 20:22:09.022372 28065792 processor.cc:740] No data in processing queue, waiting...
I1005 20:22:09.103377 2047873024 master_component.cc:1002] MasterComponent: complete regularizing model pwt
I1005 20:22:09.103399 2047873024 master_component.cc:1449] NormalizeModelArgs: pwt_target_name=pwt, nwt_source_name=nwt, rwt_source_name=rwt
I1005 20:22:09.103406 2047873024 master_component.cc:1006] MasterComponent: start normalizing model nwt
I1005 20:22:09.184007 2047873024 master_component.cc:1034] MasterComponent: complete normalizing model nwt
I1005 20:22:09.263731 2047873024 master_component.cc:1473] DisposeModel rwt
I1005 20:22:09.279469 2047873024 master_component.cc:1059] FitOffline: ItemsProcessed, num_items=1728, num_batches=2, token_weight=808522, token_weight_in_effect=808522
I1005 20:22:09.279727 2047873024 c_interface.cc:389] Pass FitOfflineMasterModelArgs, batch_filename_size=2, batch_weight_size=2, num_collection_passes=1, reset_nwt=yes to MN4artm4core15MasterComponentEFvRKNS_25FitOfflineMasterModelArgsEE
I1005 20:22:09.279741 2047873024 master_component.cc:1398] ProcessBatchesArgs: nwt_target_name=nwt, batch_filename_size=2, batch_size=0, batch_weight_size=2, pwt_source_name=pwt, num_document_passes=10, regularizer=(name:SmoothSparsePhi, tau:100000), class=(author:1), class=(text:1), reuse_theta=no, opt_for_avx=yes, predict_class_id=, reset_nwt=yes
I1005 20:22:09.298403 28065792 processor.cc:747] Processing queue has data, processing started
I1005 20:22:09.298442 26456064 processor.cc:747] Processing queue has data, processing started
I1005 20:22:09.312721 28065792 processor.cc:820] Processor: start processing batch 8a1c5c52-640f-437a-a84c-cd5dc44f90ab into model nwt
I1005 20:22:09.323712 26456064 processor.cc:820] Processor: start processing batch 260f2890-5042-456f-8abf-776a6fe665d7 into model nwt
I1005 20:22:09.529217 28065792 processor.cc:925] Processor: complete processing batch 8a1c5c52-640f-437a-a84c-cd5dc44f90ab into model nwt
I1005 20:22:09.532654 28065792 cuckoo_watch.h:45] 234ms in ProcessBatch(lectures_batches/aaaaaa.batch) [including 14ms in LoadMessage; 7ms in InitializeSparseNdw; 0ms in InitializeTheta; 0ms in CreateRegularizerAgents; 160ms in InferThetaAndUpdateNwtSparse; 3ms in CalculateScore(sparsity_theta_score); 44ms in CalculateScore(^^^ItemsProcessedScore^^^); ]
I1005 20:22:09.556386 28065792 processor.cc:740] No data in processing queue, waiting...
I1005 20:22:09.807217 26456064 processor.cc:925] Processor: complete processing batch 260f2890-5042-456f-8abf-776a6fe665d7 into model nwt
I1005 20:22:09.812906 26456064 cuckoo_watch.h:45] 514ms in ProcessBatch(lectures_batches/aaaaab.batch) [including 25ms in LoadMessage; 19ms in InitializeSparseNdw; 0ms in InitializeTheta; 0ms in CreateRegularizerAgents; 359ms in InferThetaAndUpdateNwtSparse; 5ms in CalculateScore(sparsity_theta_score); 99ms in CalculateScore(^^^ItemsProcessedScore^^^); ]
I1005 20:22:09.814051 2047873024 master_component.cc:1436] RegularizeModelArgs: rwt_target_name=rwt, pwt_source_name=pwt, nwt_source_name=nwt
I1005 20:22:09.814139 2047873024 master_component.cc:976] MasterComponent: start regularizing model pwt
I1005 20:22:09.836694 26456064 processor.cc:740] No data in processing queue, waiting...
I1005 20:22:09.930366 2047873024 master_component.cc:1002] MasterComponent: complete regularizing model pwt
I1005 20:22:09.930387 2047873024 master_component.cc:1449] NormalizeModelArgs: pwt_target_name=pwt, nwt_source_name=nwt, rwt_source_name=rwt
I1005 20:22:09.930392 2047873024 master_component.cc:1006] MasterComponent: start normalizing model nwt
I1005 20:22:10.023749 2047873024 master_component.cc:1034] MasterComponent: complete normalizing model nwt
I1005 20:22:10.115104 2047873024 master_component.cc:1473] DisposeModel rwt
I1005 20:22:10.135994 2047873024 master_component.cc:1059] FitOffline: ItemsProcessed, num_items=1728, num_batches=2, token_weight=808522, token_weight_in_effect=808522
I1005 20:22:10.136338 2047873024 c_interface.cc:389] Pass FitOfflineMasterModelArgs, batch_filename_size=2, batch_weight_size=2, num_collection_passes=1, reset_nwt=yes to MN4artm4core15MasterComponentEFvRKNS_25FitOfflineMasterModelArgsEE
I1005 20:22:10.136358 2047873024 master_component.cc:1398] ProcessBatchesArgs: nwt_target_name=nwt, batch_filename_size=2, batch_size=0, batch_weight_size=2, pwt_source_name=pwt, num_document_passes=10, regularizer=(name:SmoothSparsePhi, tau:100000), class=(author:1), class=(text:1), reuse_theta=no, opt_for_avx=yes, predict_class_id=, reset_nwt=yes
I1005 20:22:10.156356 29138944 processor.cc:747] Processing queue has data, processing started
I1005 20:22:10.156391 26992640 processor.cc:747] Processing queue has data, processing started
I1005 20:22:10.169766 29138944 processor.cc:820] Processor: start processing batch 8a1c5c52-640f-437a-a84c-cd5dc44f90ab into model nwt
I1005 20:22:10.180622 26992640 processor.cc:820] Processor: start processing batch 260f2890-5042-456f-8abf-776a6fe665d7 into model nwt
I1005 20:22:10.388064 29138944 processor.cc:925] Processor: complete processing batch 8a1c5c52-640f-437a-a84c-cd5dc44f90ab into model nwt
I1005 20:22:10.391480 29138944 cuckoo_watch.h:45] 235ms in ProcessBatch(lectures_batches/aaaaaa.batch) [including 13ms in LoadMessage; 8ms in InitializeSparseNdw; 0ms in InitializeTheta; 0ms in CreateRegularizerAgents; 161ms in InferThetaAndUpdateNwtSparse; 3ms in CalculateScore(sparsity_theta_score); 44ms in CalculateScore(^^^ItemsProcessedScore^^^); ]
I1005 20:22:10.415246 29138944 processor.cc:740] No data in processing queue, waiting...
I1005 20:22:10.644922 26992640 processor.cc:925] Processor: complete processing batch 260f2890-5042-456f-8abf-776a6fe665d7 into model nwt
I1005 20:22:10.650310 26992640 cuckoo_watch.h:45] 493ms in ProcessBatch(lectures_batches/aaaaab.batch) [including 24ms in LoadMessage; 20ms in InitializeSparseNdw; 0ms in InitializeTheta; 0ms in CreateRegularizerAgents; 344ms in InferThetaAndUpdateNwtSparse; 5ms in CalculateScore(sparsity_theta_score); 93ms in CalculateScore(^^^ItemsProcessedScore^^^); ]
I1005 20:22:10.650673 2047873024 master_component.cc:1436] RegularizeModelArgs: rwt_target_name=rwt, pwt_source_name=pwt, nwt_source_name=nwt
I1005 20:22:10.650718 2047873024 master_component.cc:976] MasterComponent: start regularizing model pwt
I1005 20:22:10.674526 26992640 processor.cc:740] No data in processing queue, waiting...
I1005 20:22:10.773645 2047873024 master_component.cc:1002] MasterComponent: complete regularizing model pwt
I1005 20:22:10.773665 2047873024 master_component.cc:1449] NormalizeModelArgs: pwt_target_name=pwt, nwt_source_name=nwt, rwt_source_name=rwt
I1005 20:22:10.773672 2047873024 master_component.cc:1006] MasterComponent: start normalizing model nwt
I1005 20:22:10.855768 2047873024 master_component.cc:1034] MasterComponent: complete normalizing model nwt
I1005 20:22:10.940178 2047873024 master_component.cc:1473] DisposeModel rwt
I1005 20:22:10.956235 2047873024 master_component.cc:1059] FitOffline: ItemsProcessed, num_items=1728, num_batches=2, token_weight=808522, token_weight_in_effect=808522
I1005 20:22:10.956490 2047873024 c_interface.cc:389] Pass FitOfflineMasterModelArgs, batch_filename_size=2, batch_weight_size=2, num_collection_passes=1, reset_nwt=yes to MN4artm4core15MasterComponentEFvRKNS_25FitOfflineMasterModelArgsEE
I1005 20:22:10.956502 2047873024 master_component.cc:1398] ProcessBatchesArgs: nwt_target_name=nwt, batch_filename_size=2, batch_size=0, batch_weight_size=2, pwt_source_name=pwt, num_document_passes=10, regularizer=(name:SmoothSparsePhi, tau:100000), class=(author:1), class=(text:1), reuse_theta=no, opt_for_avx=yes, predict_class_id=, reset_nwt=yes
I1005 20:22:10.972687 25919488 processor.cc:747] Processing queue has data, processing started
I1005 20:22:10.972687 26992640 processor.cc:747] Processing queue has data, processing started
I1005 20:22:10.985697 25919488 processor.cc:820] Processor: start processing batch 8a1c5c52-640f-437a-a84c-cd5dc44f90ab into model nwt
I1005 20:22:10.995985 26992640 processor.cc:820] Processor: start processing batch 260f2890-5042-456f-8abf-776a6fe665d7 into model nwt
I1005 20:22:11.208250 25919488 processor.cc:925] Processor: complete processing batch 8a1c5c52-640f-437a-a84c-cd5dc44f90ab into model nwt
I1005 20:22:11.211923 25919488 cuckoo_watch.h:45] 239ms in ProcessBatch(lectures_batches/aaaaaa.batch) [including 12ms in LoadMessage; 7ms in InitializeSparseNdw; 0ms in InitializeTheta; 0ms in CreateRegularizerAgents; 159ms in InferThetaAndUpdateNwtSparse; 3ms in CalculateScore(sparsity_theta_score); 51ms in CalculateScore(^^^ItemsProcessedScore^^^); ]
I1005 20:22:11.234946 25919488 processor.cc:740] No data in processing queue, waiting...
I1005 20:22:11.474051 26992640 processor.cc:925] Processor: complete processing batch 260f2890-5042-456f-8abf-776a6fe665d7 into model nwt
I1005 20:22:11.479912 26992640 cuckoo_watch.h:45] 507ms in ProcessBatch(lectures_batches/aaaaab.batch) [including 23ms in LoadMessage; 19ms in InitializeSparseNdw; 0ms in InitializeTheta; 0ms in CreateRegularizerAgents; 354ms in InferThetaAndUpdateNwtSparse; 5ms in CalculateScore(sparsity_theta_score); 98ms in CalculateScore(^^^ItemsProcessedScore^^^); ]
I1005 20:22:11.480823 2047873024 master_component.cc:1436] RegularizeModelArgs: rwt_target_name=rwt, pwt_source_name=pwt, nwt_source_name=nwt
I1005 20:22:11.480861 2047873024 master_component.cc:976] MasterComponent: start regularizing model pwt
I1005 20:22:11.503841 26992640 processor.cc:740] No data in processing queue, waiting...
I1005 20:22:11.609339 2047873024 master_component.cc:1002] MasterComponent: complete regularizing model pwt
I1005 20:22:11.609360 2047873024 master_component.cc:1449] NormalizeModelArgs: pwt_target_name=pwt, nwt_source_name=nwt, rwt_source_name=rwt
I1005 20:22:11.609369 2047873024 master_component.cc:1006] MasterComponent: start normalizing model nwt
I1005 20:22:11.691895 2047873024 master_component.cc:1034] MasterComponent: complete normalizing model nwt
I1005 20:22:11.770352 2047873024 master_component.cc:1473] DisposeModel rwt
I1005 20:22:11.788338 2047873024 master_component.cc:1059] FitOffline: ItemsProcessed, num_items=1728, num_batches=2, token_weight=808522, token_weight_in_effect=808522
I1005 20:22:11.788563 2047873024 c_interface.cc:389] Pass FitOfflineMasterModelArgs, batch_filename_size=2, batch_weight_size=2, num_collection_passes=1, reset_nwt=yes to MN4artm4core15MasterComponentEFvRKNS_25FitOfflineMasterModelArgsEE
I1005 20:22:11.788574 2047873024 master_component.cc:1398] ProcessBatchesArgs: nwt_target_name=nwt, batch_filename_size=2, batch_size=0, batch_weight_size=2, pwt_source_name=pwt, num_document_passes=10, regularizer=(name:SmoothSparsePhi, tau:100000), class=(author:1), class=(text:1), reuse_theta=no, opt_for_avx=yes, predict_class_id=, reset_nwt=yes
I1005 20:22:11.806983 28065792 processor.cc:747] Processing queue has data, processing started
I1005 20:22:11.806990 25919488 processor.cc:747] Processing queue has data, processing started
I1005 20:22:11.820269 28065792 processor.cc:820] Processor: start processing batch 8a1c5c52-640f-437a-a84c-cd5dc44f90ab into model nwt
I1005 20:22:11.831140 25919488 processor.cc:820] Processor: start processing batch 260f2890-5042-456f-8abf-776a6fe665d7 into model nwt
I1005 20:22:12.043766 28065792 processor.cc:925] Processor: complete processing batch 8a1c5c52-640f-437a-a84c-cd5dc44f90ab into model nwt
I1005 20:22:12.047642 28065792 cuckoo_watch.h:45] 240ms in ProcessBatch(lectures_batches/aaaaaa.batch) [including 13ms in LoadMessage; 7ms in InitializeSparseNdw; 0ms in InitializeTheta; 0ms in CreateRegularizerAgents; 166ms in InferThetaAndUpdateNwtSparse; 3ms in CalculateScore(sparsity_theta_score); 46ms in CalculateScore(^^^ItemsProcessedScore^^^); ]
I1005 20:22:12.071311 28065792 processor.cc:740] No data in processing queue, waiting...
I1005 20:22:12.323031 25919488 processor.cc:925] Processor: complete processing batch 260f2890-5042-456f-8abf-776a6fe665d7 into model nwt
I1005 20:22:12.329366 25919488 cuckoo_watch.h:45] 522ms in ProcessBatch(lectures_batches/aaaaab.batch) [including 24ms in LoadMessage; 20ms in InitializeSparseNdw; 0ms in InitializeTheta; 0ms in CreateRegularizerAgents; 362ms in InferThetaAndUpdateNwtSparse; 7ms in CalculateScore(sparsity_theta_score); 101ms in CalculateScore(^^^ItemsProcessedScore^^^); ]
I1005 20:22:12.330548 2047873024 master_component.cc:1436] RegularizeModelArgs: rwt_target_name=rwt, pwt_source_name=pwt, nwt_source_name=nwt
