I1005 21:12:37.470795 2047873024 master_component.cc:1398] ProcessBatchesArgs: nwt_target_name=nwt, batch_filename_size=2, batch_size=0, batch_weight_size=2, pwt_source_name=pwt, num_document_passes=1, regularizer=(name:SmoothSparsePhi_bcg, tau:10000), class=(author:1), class=(text:1), reuse_theta=yes, opt_for_avx=yes, predict_class_id=, reset_nwt=yes
I1005 21:12:37.485972 26456064 processor.cc:747] Processing queue has data, processing started
I1005 21:12:37.485988 27529216 processor.cc:747] Processing queue has data, processing started
I1005 21:12:37.499063 26456064 processor.cc:820] Processor: start processing batch 09732821-7fc5-4100-ae8e-9b5b43c08823 into model nwt
I1005 21:12:37.510607 27529216 processor.cc:820] Processor: start processing batch 663592c4-c376-4a4e-9e99-8b006228477e into model nwt
I1005 21:12:37.657416 26456064 processor.cc:925] Processor: complete processing batch 09732821-7fc5-4100-ae8e-9b5b43c08823 into model nwt
I1005 21:12:37.661846 26456064 cuckoo_watch.h:45] 175ms in ProcessBatch(lectures_batches/aaaaaa.batch) [including 13ms in LoadMessage; 8ms in InitializeSparseNdw; 0ms in FindReuseThetaCacheEntry; 8ms in InitializeTheta; 0ms in CreateRegularizerAgents; 87ms in InferThetaAndUpdateNwtSparse; 0ms in UpdateCacheEntry; 3ms in CalculateScore(sparsity_theta_score); 49ms in CalculateScore(^^^ItemsProcessedScore^^^); ]
I1005 21:12:37.685943 26456064 processor.cc:740] No data in processing queue, waiting...
I1005 21:12:37.821189 27529216 processor.cc:925] Processor: complete processing batch 663592c4-c376-4a4e-9e99-8b006228477e into model nwt
I1005 21:12:37.827759 27529216 cuckoo_watch.h:45] 341ms in ProcessBatch(lectures_batches/aaaaab.batch) [including 24ms in LoadMessage; 20ms in InitializeSparseNdw; 0ms in FindReuseThetaCacheEntry; 3ms in InitializeTheta; 0ms in CreateRegularizerAgents; 177ms in InferThetaAndUpdateNwtSparse; 0ms in UpdateCacheEntry; 5ms in CalculateScore(sparsity_theta_score); 103ms in CalculateScore(^^^ItemsProcessedScore^^^); ]
I1005 21:12:37.827884 2047873024 master_component.cc:1436] RegularizeModelArgs: rwt_target_name=rwt, pwt_source_name=pwt, nwt_source_name=nwt
I1005 21:12:37.827903 2047873024 master_component.cc:976] MasterComponent: start regularizing model pwt
I1005 21:12:37.852162 27529216 processor.cc:740] No data in processing queue, waiting...
I1005 21:12:37.945669 2047873024 master_component.cc:1002] MasterComponent: complete regularizing model pwt
I1005 21:12:37.945691 2047873024 master_component.cc:1449] NormalizeModelArgs: pwt_target_name=pwt, nwt_source_name=nwt, rwt_source_name=rwt
I1005 21:12:37.945699 2047873024 master_component.cc:1006] MasterComponent: start normalizing model nwt
I1005 21:12:38.020928 2047873024 master_component.cc:1034] MasterComponent: complete normalizing model nwt
I1005 21:12:38.123633 2047873024 master_component.cc:1473] DisposeModel rwt
I1005 21:12:38.141260 2047873024 master_component.cc:1059] FitOffline: ItemsProcessed, num_items=1728, num_batches=2, token_weight=808522, token_weight_in_effect=808522
I1005 21:12:38.141521 2047873024 c_interface.cc:389] Pass FitOfflineMasterModelArgs, batch_filename_size=2, batch_weight_size=2, num_collection_passes=1, reset_nwt=yes to MN4artm4core15MasterComponentEFvRKNS_25FitOfflineMasterModelArgsEE
I1005 21:12:38.141535 2047873024 master_component.cc:1398] ProcessBatchesArgs: nwt_target_name=nwt, batch_filename_size=2, batch_size=0, batch_weight_size=2, pwt_source_name=pwt, num_document_passes=1, regularizer=(name:SmoothSparsePhi_bcg, tau:10000), class=(author:1), class=(text:1), reuse_theta=yes, opt_for_avx=yes, predict_class_id=, reset_nwt=yes
I1005 21:12:38.158761 25919488 processor.cc:747] Processing queue has data, processing started
I1005 21:12:38.158767 28602368 processor.cc:747] Processing queue has data, processing started
I1005 21:12:38.171824 25919488 processor.cc:820] Processor: start processing batch 09732821-7fc5-4100-ae8e-9b5b43c08823 into model nwt
I1005 21:12:38.183557 28602368 processor.cc:820] Processor: start processing batch 663592c4-c376-4a4e-9e99-8b006228477e into model nwt
I1005 21:12:38.329066 25919488 processor.cc:925] Processor: complete processing batch 09732821-7fc5-4100-ae8e-9b5b43c08823 into model nwt
I1005 21:12:38.333194 25919488 cuckoo_watch.h:45] 174ms in ProcessBatch(lectures_batches/aaaaaa.batch) [including 12ms in LoadMessage; 8ms in InitializeSparseNdw; 0ms in FindReuseThetaCacheEntry; 7ms in InitializeTheta; 0ms in CreateRegularizerAgents; 84ms in InferThetaAndUpdateNwtSparse; 0ms in UpdateCacheEntry; 4ms in CalculateScore(sparsity_theta_score); 51ms in CalculateScore(^^^ItemsProcessedScore^^^); ]
I1005 21:12:38.357336 25919488 processor.cc:740] No data in processing queue, waiting...
I1005 21:12:38.480000 28602368 processor.cc:925] Processor: complete processing batch 663592c4-c376-4a4e-9e99-8b006228477e into model nwt
I1005 21:12:38.487066 28602368 cuckoo_watch.h:45] 328ms in ProcessBatch(lectures_batches/aaaaab.batch) [including 24ms in LoadMessage; 19ms in InitializeSparseNdw; 0ms in FindReuseThetaCacheEntry; 4ms in InitializeTheta; 0ms in CreateRegularizerAgents; 173ms in InferThetaAndUpdateNwtSparse; 0ms in UpdateCacheEntry; 5ms in CalculateScore(sparsity_theta_score); 92ms in CalculateScore(^^^ItemsProcessedScore^^^); ]
I1005 21:12:38.487673 2047873024 master_component.cc:1436] RegularizeModelArgs: rwt_target_name=rwt, pwt_source_name=pwt, nwt_source_name=nwt
I1005 21:12:38.487704 2047873024 master_component.cc:976] MasterComponent: start regularizing model pwt
I1005 21:12:38.511337 28602368 processor.cc:740] No data in processing queue, waiting...
I1005 21:12:38.603799 2047873024 master_component.cc:1002] MasterComponent: complete regularizing model pwt
I1005 21:12:38.603819 2047873024 master_component.cc:1449] NormalizeModelArgs: pwt_target_name=pwt, nwt_source_name=nwt, rwt_source_name=rwt
I1005 21:12:38.603826 2047873024 master_component.cc:1006] MasterComponent: start normalizing model nwt
I1005 21:12:38.675901 2047873024 master_component.cc:1034] MasterComponent: complete normalizing model nwt
I1005 21:12:38.776399 2047873024 master_component.cc:1473] DisposeModel rwt
I1005 21:12:38.796511 2047873024 master_component.cc:1059] FitOffline: ItemsProcessed, num_items=1728, num_batches=2, token_weight=808522, token_weight_in_effect=808522
I1005 21:12:38.796764 2047873024 c_interface.cc:389] Pass FitOfflineMasterModelArgs, batch_filename_size=2, batch_weight_size=2, num_collection_passes=1, reset_nwt=yes to MN4artm4core15MasterComponentEFvRKNS_25FitOfflineMasterModelArgsEE
I1005 21:12:38.796778 2047873024 master_component.cc:1398] ProcessBatchesArgs: nwt_target_name=nwt, batch_filename_size=2, batch_size=0, batch_weight_size=2, pwt_source_name=pwt, num_document_passes=1, regularizer=(name:SmoothSparsePhi_bcg, tau:10000), class=(author:1), class=(text:1), reuse_theta=yes, opt_for_avx=yes, predict_class_id=, reset_nwt=yes
I1005 21:12:38.813817 25382912 processor.cc:747] Processing queue has data, processing started
I1005 21:12:38.813841 25919488 processor.cc:747] Processing queue has data, processing started
I1005 21:12:38.827306 25382912 processor.cc:820] Processor: start processing batch 09732821-7fc5-4100-ae8e-9b5b43c08823 into model nwt
I1005 21:12:38.837052 25919488 processor.cc:820] Processor: start processing batch 663592c4-c376-4a4e-9e99-8b006228477e into model nwt
I1005 21:12:38.981978 25382912 processor.cc:925] Processor: complete processing batch 09732821-7fc5-4100-ae8e-9b5b43c08823 into model nwt
I1005 21:12:38.986188 25382912 cuckoo_watch.h:45] 172ms in ProcessBatch(lectures_batches/aaaaaa.batch) [including 13ms in LoadMessage; 7ms in InitializeSparseNdw; 0ms in FindReuseThetaCacheEntry; 7ms in InitializeTheta; 0ms in CreateRegularizerAgents; 85ms in InferThetaAndUpdateNwtSparse; 0ms in UpdateCacheEntry; 4ms in CalculateScore(sparsity_theta_score); 49ms in CalculateScore(^^^ItemsProcessedScore^^^); ]
I1005 21:12:39.009752 25382912 processor.cc:740] No data in processing queue, waiting...
I1005 21:12:39.141317 25919488 processor.cc:925] Processor: complete processing batch 663592c4-c376-4a4e-9e99-8b006228477e into model nwt
I1005 21:12:39.147608 25919488 cuckoo_watch.h:45] 333ms in ProcessBatch(lectures_batches/aaaaab.batch) [including 23ms in LoadMessage; 21ms in InitializeSparseNdw; 0ms in FindReuseThetaCacheEntry; 3ms in InitializeTheta; 0ms in CreateRegularizerAgents; 174ms in InferThetaAndUpdateNwtSparse; 0ms in UpdateCacheEntry; 4ms in CalculateScore(sparsity_theta_score); 99ms in CalculateScore(^^^ItemsProcessedScore^^^); ]
I1005 21:12:39.148653 2047873024 master_component.cc:1436] RegularizeModelArgs: rwt_target_name=rwt, pwt_source_name=pwt, nwt_source_name=nwt
I1005 21:12:39.148723 2047873024 master_component.cc:976] MasterComponent: start regularizing model pwt
I1005 21:12:39.171684 25919488 processor.cc:740] No data in processing queue, waiting...
I1005 21:12:39.263409 2047873024 master_component.cc:1002] MasterComponent: complete regularizing model pwt
I1005 21:12:39.263430 2047873024 master_component.cc:1449] NormalizeModelArgs: pwt_target_name=pwt, nwt_source_name=nwt, rwt_source_name=rwt
I1005 21:12:39.263437 2047873024 master_component.cc:1006] MasterComponent: start normalizing model nwt
I1005 21:12:39.337733 2047873024 master_component.cc:1034] MasterComponent: complete normalizing model nwt
I1005 21:12:39.437995 2047873024 master_component.cc:1473] DisposeModel rwt
I1005 21:12:39.455137 2047873024 master_component.cc:1059] FitOffline: ItemsProcessed, num_items=1728, num_batches=2, token_weight=808522, token_weight_in_effect=808522
I1005 21:12:39.455387 2047873024 c_interface.cc:389] Pass FitOfflineMasterModelArgs, batch_filename_size=2, batch_weight_size=2, num_collection_passes=1, reset_nwt=yes to MN4artm4core15MasterComponentEFvRKNS_25FitOfflineMasterModelArgsEE
I1005 21:12:39.455401 2047873024 master_component.cc:1398] ProcessBatchesArgs: nwt_target_name=nwt, batch_filename_size=2, batch_size=0, batch_weight_size=2, pwt_source_name=pwt, num_document_passes=1, regularizer=(name:SmoothSparsePhi_bcg, tau:10000), class=(author:1), class=(text:1), reuse_theta=yes, opt_for_avx=yes, predict_class_id=, reset_nwt=yes
I1005 21:12:39.471884 26992640 processor.cc:747] Processing queue has data, processing started
I1005 21:12:39.471918 27529216 processor.cc:747] Processing queue has data, processing started
I1005 21:12:39.485723 26992640 processor.cc:820] Processor: start processing batch 09732821-7fc5-4100-ae8e-9b5b43c08823 into model nwt
I1005 21:12:39.496996 27529216 processor.cc:820] Processor: start processing batch 663592c4-c376-4a4e-9e99-8b006228477e into model nwt
I1005 21:12:39.641324 26992640 processor.cc:925] Processor: complete processing batch 09732821-7fc5-4100-ae8e-9b5b43c08823 into model nwt
I1005 21:12:39.645248 26992640 cuckoo_watch.h:45] 173ms in ProcessBatch(lectures_batches/aaaaaa.batch) [including 13ms in LoadMessage; 8ms in InitializeSparseNdw; 0ms in FindReuseThetaCacheEntry; 7ms in InitializeTheta; 0ms in CreateRegularizerAgents; 89ms in InferThetaAndUpdateNwtSparse; 0ms in UpdateCacheEntry; 3ms in CalculateScore(sparsity_theta_score); 46ms in CalculateScore(^^^ItemsProcessedScore^^^); ]
I1005 21:12:39.668864 26992640 processor.cc:740] No data in processing queue, waiting...
I1005 21:12:39.802757 27529216 processor.cc:925] Processor: complete processing batch 663592c4-c376-4a4e-9e99-8b006228477e into model nwt
I1005 21:12:39.810128 27529216 cuckoo_watch.h:45] 338ms in ProcessBatch(lectures_batches/aaaaab.batch) [including 25ms in LoadMessage; 22ms in InitializeSparseNdw; 0ms in FindReuseThetaCacheEntry; 3ms in InitializeTheta; 0ms in CreateRegularizerAgents; 171ms in InferThetaAndUpdateNwtSparse; 0ms in UpdateCacheEntry; 4ms in CalculateScore(sparsity_theta_score); 103ms in CalculateScore(^^^ItemsProcessedScore^^^); ]
I1005 21:12:39.810943 2047873024 master_component.cc:1436] RegularizeModelArgs: rwt_target_name=rwt, pwt_source_name=pwt, nwt_source_name=nwt
I1005 21:12:39.810979 2047873024 master_component.cc:976] MasterComponent: start regularizing model pwt
I1005 21:12:39.834259 27529216 processor.cc:740] No data in processing queue, waiting...
I1005 21:12:39.931937 2047873024 master_component.cc:1002] MasterComponent: complete regularizing model pwt
I1005 21:12:39.931957 2047873024 master_component.cc:1449] NormalizeModelArgs: pwt_target_name=pwt, nwt_source_name=nwt, rwt_source_name=rwt
I1005 21:12:39.931964 2047873024 master_component.cc:1006] MasterComponent: start normalizing model nwt
I1005 21:12:40.007777 2047873024 master_component.cc:1034] MasterComponent: complete normalizing model nwt
I1005 21:12:40.108290 2047873024 master_component.cc:1473] DisposeModel rwt
I1005 21:12:40.125517 2047873024 master_component.cc:1059] FitOffline: ItemsProcessed, num_items=1728, num_batches=2, token_weight=808522, token_weight_in_effect=808522
I1005 21:12:40.125747 2047873024 c_interface.cc:389] Pass FitOfflineMasterModelArgs, batch_filename_size=2, batch_weight_size=2, num_collection_passes=1, reset_nwt=yes to MN4artm4core15MasterComponentEFvRKNS_25FitOfflineMasterModelArgsEE
I1005 21:12:40.125758 2047873024 master_component.cc:1398] ProcessBatchesArgs: nwt_target_name=nwt, batch_filename_size=2, batch_size=0, batch_weight_size=2, pwt_source_name=pwt, num_document_passes=1, regularizer=(name:SmoothSparsePhi_bcg, tau:10000), class=(author:1), class=(text:1), reuse_theta=yes, opt_for_avx=yes, predict_class_id=, reset_nwt=yes
I1005 21:12:40.146328 25382912 processor.cc:747] Processing queue has data, processing started
I1005 21:12:40.146322 28602368 processor.cc:747] Processing queue has data, processing started
I1005 21:12:40.159641 28602368 processor.cc:820] Processor: start processing batch 09732821-7fc5-4100-ae8e-9b5b43c08823 into model nwt
I1005 21:12:40.171186 25382912 processor.cc:820] Processor: start processing batch 663592c4-c376-4a4e-9e99-8b006228477e into model nwt
I1005 21:12:40.315327 28602368 processor.cc:925] Processor: complete processing batch 09732821-7fc5-4100-ae8e-9b5b43c08823 into model nwt
I1005 21:12:40.319658 28602368 cuckoo_watch.h:45] 173ms in ProcessBatch(lectures_batches/aaaaaa.batch) [including 13ms in LoadMessage; 7ms in InitializeSparseNdw; 0ms in FindReuseThetaCacheEntry; 7ms in InitializeTheta; 0ms in CreateRegularizerAgents; 86ms in InferThetaAndUpdateNwtSparse; 0ms in UpdateCacheEntry; 4ms in CalculateScore(sparsity_theta_score); 49ms in CalculateScore(^^^ItemsProcessedScore^^^); ]
I1005 21:12:40.343907 28602368 processor.cc:740] No data in processing queue, waiting...
I1005 21:12:40.485105 25382912 processor.cc:925] Processor: complete processing batch 663592c4-c376-4a4e-9e99-8b006228477e into model nwt
I1005 21:12:40.491168 25382912 cuckoo_watch.h:45] 344ms in ProcessBatch(lectures_batches/aaaaab.batch) [including 24ms in LoadMessage; 21ms in InitializeSparseNdw; 0ms in FindReuseThetaCacheEntry; 3ms in InitializeTheta; 0ms in CreateRegularizerAgents; 177ms in InferThetaAndUpdateNwtSparse; 0ms in UpdateCacheEntry; 5ms in CalculateScore(sparsity_theta_score); 105ms in CalculateScore(^^^ItemsProcessedScore^^^); ]
I1005 21:12:40.491281 2047873024 master_component.cc:1436] RegularizeModelArgs: rwt_target_name=rwt, pwt_source_name=pwt, nwt_source_name=nwt
I1005 21:12:40.491334 2047873024 master_component.cc:976] MasterComponent: start regularizing model pwt
I1005 21:12:40.515100 25382912 processor.cc:740] No data in processing queue, waiting...
I1005 21:12:40.609475 2047873024 master_component.cc:1002] MasterComponent: complete regularizing model pwt
I1005 21:12:40.609493 2047873024 master_component.cc:1449] NormalizeModelArgs: pwt_target_name=pwt, nwt_source_name=nwt, rwt_source_name=rwt
I1005 21:12:40.609500 2047873024 master_component.cc:1006] MasterComponent: start normalizing model nwt
I1005 21:12:40.687947 2047873024 master_component.cc:1034] MasterComponent: complete normalizing model nwt
I1005 21:12:40.788672 2047873024 master_component.cc:1473] DisposeModel rwt
I1005 21:12:40.804872 2047873024 master_component.cc:1059] FitOffline: ItemsProcessed, num_items=1728, num_batches=2, token_weight=808522, token_weight_in_effect=808522
I1005 21:12:40.805196 2047873024 c_interface.cc:389] Pass FitOfflineMasterModelArgs, batch_filename_size=2, batch_weight_size=2, num_collection_passes=1, reset_nwt=yes to MN4artm4core15MasterComponentEFvRKNS_25FitOfflineMasterModelArgsEE
I1005 21:12:40.805210 2047873024 master_component.cc:1398] ProcessBatchesArgs: nwt_target_name=nwt, batch_filename_size=2, batch_size=0, batch_weight_size=2, pwt_source_name=pwt, num_document_passes=1, regularizer=(name:SmoothSparsePhi_bcg, tau:10000), class=(author:1), class=(text:1), reuse_theta=yes, opt_for_avx=yes, predict_class_id=, reset_nwt=yes
I1005 21:12:40.823525 26456064 processor.cc:747] Processing queue has data, processing started
I1005 21:12:40.823539 26992640 processor.cc:747] Processing queue has data, processing started
I1005 21:12:40.837394 26456064 processor.cc:820] Processor: start processing batch 09732821-7fc5-4100-ae8e-9b5b43c08823 into model nwt
I1005 21:12:40.849292 26992640 processor.cc:820] Processor: start processing batch 663592c4-c376-4a4e-9e99-8b006228477e into model nwt
I1005 21:12:40.998869 26456064 processor.cc:925] Processor: complete processing batch 09732821-7fc5-4100-ae8e-9b5b43c08823 into model nwt
I1005 21:12:41.003013 26456064 cuckoo_watch.h:45] 179ms in ProcessBatch(lectures_batches/aaaaaa.batch) [including 13ms in LoadMessage; 9ms in InitializeSparseNdw; 0ms in FindReuseThetaCacheEntry; 8ms in InitializeTheta; 0ms in CreateRegularizerAgents; 87ms in InferThetaAndUpdateNwtSparse; 0ms in UpdateCacheEntry; 5ms in CalculateScore(sparsity_theta_score); 50ms in CalculateScore(^^^ItemsProcessedScore^^^); ]
I1005 21:12:41.027117 26456064 processor.cc:740] No data in processing queue, waiting...
I1005 21:12:41.154784 26992640 processor.cc:925] Processor: complete processing batch 663592c4-c376-4a4e-9e99-8b006228477e into model nwt
I1005 21:12:41.160460 26992640 cuckoo_watch.h:45] 336ms in ProcessBatch(lectures_batches/aaaaab.batch) [including 25ms in LoadMessage; 20ms in InitializeSparseNdw; 0ms in FindReuseThetaCacheEntry; 3ms in InitializeTheta; 0ms in CreateRegularizerAgents; 180ms in InferThetaAndUpdateNwtSparse; 0ms in UpdateCacheEntry; 4ms in CalculateScore(sparsity_theta_score); 95ms in CalculateScore(^^^ItemsProcessedScore^^^); ]
I1005 21:12:41.161257 2047873024 master_component.cc:1436] RegularizeModelArgs: rwt_target_name=rwt, pwt_source_name=pwt, nwt_source_name=nwt
I1005 21:12:41.161293 2047873024 master_component.cc:976] MasterComponent: start regularizing model pwt
I1005 21:12:41.184554 26992640 processor.cc:740] No data in processing queue, waiting...
I1005 21:12:41.287464 2047873024 master_component.cc:1002] MasterComponent: complete regularizing model pwt
I1005 21:12:41.287487 2047873024 master_component.cc:1449] NormalizeModelArgs: pwt_target_name=pwt, nwt_source_name=nwt, rwt_source_name=rwt
I1005 21:12:41.287494 2047873024 master_component.cc:1006] MasterComponent: start normalizing model nwt
I1005 21:12:41.374691 2047873024 master_component.cc:1034] MasterComponent: complete normalizing model nwt
I1005 21:12:41.473906 2047873024 master_component.cc:1473] DisposeModel rwt
I1005 21:12:41.493425 2047873024 master_component.cc:1059] FitOffline: ItemsProcessed, num_items=1728, num_batches=2, token_weight=808522, token_weight_in_effect=808522
I1005 21:12:41.493777 2047873024 c_interface.cc:389] Pass FitOfflineMasterModelArgs, batch_filename_size=2, batch_weight_size=2, num_collection_passes=1, reset_nwt=yes to MN4artm4core15MasterComponentEFvRKNS_25FitOfflineMasterModelArgsEE
I1005 21:12:41.493798 2047873024 master_component.cc:1398] ProcessBatchesArgs: nwt_target_name=nwt, batch_filename_size=2, batch_size=0, batch_weight_size=2, pwt_source_name=pwt, num_document_passes=1, regularizer=(name:SmoothSparsePhi_bcg, tau:10000), class=(author:1), class=(text:1), reuse_theta=yes, opt_for_avx=yes, predict_class_id=, reset_nwt=yes
I1005 21:12:41.512887 28065792 processor.cc:747] Processing queue has data, processing started
I1005 21:12:41.512888 29138944 processor.cc:747] Processing queue has data, processing started
I1005 21:12:41.526896 28065792 processor.cc:820] Processor: start processing batch 09732821-7fc5-4100-ae8e-9b5b43c08823 into model nwt
I1005 21:12:41.538053 29138944 processor.cc:820] Processor: start processing batch 663592c4-c376-4a4e-9e99-8b006228477e into model nwt
I1005 21:12:41.706769 28065792 processor.cc:925] Processor: complete processing batch 09732821-7fc5-4100-ae8e-9b5b43c08823 into model nwt
I1005 21:12:41.710852 28065792 cuckoo_watch.h:45] 197ms in ProcessBatch(lectures_batches/aaaaaa.batch) [including 13ms in LoadMessage; 9ms in InitializeSparseNdw; 0ms in FindReuseThetaCacheEntry; 9ms in InitializeTheta; 0ms in CreateRegularizerAgents; 106ms in InferThetaAndUpdateNwtSparse; 0ms in UpdateCacheEntry; 4ms in CalculateScore(sparsity_theta_score); 49ms in CalculateScore(^^^ItemsProcessedScore^^^); ]
I1005 21:12:41.734235 28065792 processor.cc:740] No data in processing queue, waiting...
I1005 21:12:41.878571 29138944 processor.cc:925] Processor: complete processing batch 663592c4-c376-4a4e-9e99-8b006228477e into model nwt
I1005 21:12:41.885604 29138944 cuckoo_watch.h:45] 372ms in ProcessBatch(lectures_batches/aaaaab.batch) [including 25ms in LoadMessage; 26ms in InitializeSparseNdw; 0ms in FindReuseThetaCacheEntry; 4ms in InitializeTheta; 0ms in CreateRegularizerAgents; 197ms in InferThetaAndUpdateNwtSparse; 0ms in UpdateCacheEntry; 4ms in CalculateScore(sparsity_theta_score); 107ms in CalculateScore(^^^ItemsProcessedScore^^^); ]
I1005 21:12:41.885855 2047873024 master_component.cc:1436] RegularizeModelArgs: rwt_target_name=rwt, pwt_source_name=pwt, nwt_source_name=nwt
I1005 21:12:41.885879 2047873024 master_component.cc:976] MasterComponent: start regularizing model pwt
I1005 21:12:41.909272 29138944 processor.cc:740] No data in processing queue, waiting...
I1005 21:12:42.009284 2047873024 master_component.cc:1002] MasterComponent: complete regularizing model pwt
I1005 21:12:42.009305 2047873024 master_component.cc:1449] NormalizeModelArgs: pwt_target_name=pwt, nwt_source_name=nwt, rwt_source_name=rwt
I1005 21:12:42.009312 2047873024 master_component.cc:1006] MasterComponent: start normalizing model nwt
I1005 21:12:42.095568 2047873024 master_component.cc:1034] MasterComponent: complete normalizing model nwt
I1005 21:12:42.192796 2047873024 master_component.cc:1473] DisposeModel rwt
I1005 21:12:42.212038 2047873024 master_component.cc:1059] FitOffline: ItemsProcessed, num_items=1728, num_batches=2, token_weight=808522, token_weight_in_effect=808522
I1005 21:12:42.212294 2047873024 c_interface.cc:389] Pass FitOfflineMasterModelArgs, batch_filename_size=2, batch_weight_size=2, num_collection_passes=1, reset_nwt=yes to MN4artm4core15MasterComponentEFvRKNS_25FitOfflineMasterModelArgsEE
I1005 21:12:42.212308 2047873024 master_component.cc:1398] ProcessBatchesArgs: nwt_target_name=nwt, batch_filename_size=2, batch_size=0, batch_weight_size=2, pwt_source_name=pwt, num_document_passes=1, regularizer=(name:SmoothSparsePhi_bcg, tau:10000), class=(author:1), class=(text:1), reuse_theta=yes, opt_for_avx=yes, predict_class_id=, reset_nwt=yes
I1005 21:12:42.230324 25919488 processor.cc:747] Processing queue has data, processing started
I1005 21:12:42.230332 28065792 processor.cc:747] Processing queue has data, processing started
I1005 21:12:42.243844 25919488 processor.cc:820] Processor: start processing batch 09732821-7fc5-4100-ae8e-9b5b43c08823 into model nwt
I1005 21:12:42.255324 28065792 processor.cc:820] Processor: start processing batch 663592c4-c376-4a4e-9e99-8b006228477e into model nwt
I1005 21:12:42.406960 25919488 processor.cc:925] Processor: complete processing batch 09732821-7fc5-4100-ae8e-9b5b43c08823 into model nwt
I1005 21:12:42.411398 25919488 cuckoo_watch.h:45] 181ms in ProcessBatch(lectures_batches/aaaaaa.batch) [including 13ms in LoadMessage; 8ms in InitializeSparseNdw; 0ms in FindReuseThetaCacheEntry; 8ms in InitializeTheta; 0ms in CreateRegularizerAgents; 93ms in InferThetaAndUpdateNwtSparse; 0ms in UpdateCacheEntry; 3ms in CalculateScore(sparsity_theta_score); 48ms in CalculateScore(^^^ItemsProcessedScore^^^); ]
I1005 21:12:42.435654 25919488 processor.cc:740] No data in processing queue, waiting...
I1005 21:12:42.579310 28065792 processor.cc:925] Processor: complete processing batch 663592c4-c376-4a4e-9e99-8b006228477e into model nwt
I1005 21:12:42.585664 28065792 cuckoo_watch.h:45] 355ms in ProcessBatch(lectures_batches/aaaaab.batch) [including 24ms in LoadMessage; 21ms in InitializeSparseNdw; 0ms in FindReuseThetaCacheEntry; 3ms in InitializeTheta; 0ms in CreateRegularizerAgents; 180ms in InferThetaAndUpdateNwtSparse; 0ms in UpdateCacheEntry; 5ms in CalculateScore(sparsity_theta_score); 113ms in CalculateScore(^^^ItemsProcessedScore^^^); ]
I1005 21:12:42.585801 2047873024 master_component.cc:1436] RegularizeModelArgs: rwt_target_name=rwt, pwt_source_name=pwt, nwt_source_name=nwt
I1005 21:12:42.585820 2047873024 master_component.cc:976] MasterComponent: start regularizing model pwt
I1005 21:12:42.609737 28065792 processor.cc:740] No data in processing queue, waiting...
I1005 21:12:42.709523 2047873024 master_component.cc:1002] MasterComponent: complete regularizing model pwt
I1005 21:12:42.709599 2047873024 master_component.cc:1449] NormalizeModelArgs: pwt_target_name=pwt, nwt_source_name=nwt, rwt_source_name=rwt
I1005 21:12:42.709623 2047873024 master_component.cc:1006] MasterComponent: start normalizing model nwt
I1005 21:12:42.797577 2047873024 master_component.cc:1034] MasterComponent: complete normalizing model nwt
I1005 21:12:42.895148 2047873024 master_component.cc:1473] DisposeModel rwt
I1005 21:12:42.915252 2047873024 master_component.cc:1059] FitOffline: ItemsProcessed, num_items=1728, num_batches=2, token_weight=808522, token_weight_in_effect=808522
I1005 21:12:42.915613 2047873024 c_interface.cc:389] Pass FitOfflineMasterModelArgs, batch_filename_size=2, batch_weight_size=2, num_collection_passes=1, reset_nwt=yes to MN4artm4core15MasterComponentEFvRKNS_25FitOfflineMasterModelArgsEE
I1005 21:12:42.915633 2047873024 master_component.cc:1398] ProcessBatchesArgs: nwt_target_name=nwt, batch_filename_size=2, batch_size=0, batch_weight_size=2, pwt_source_name=pwt, num_document_passes=1, regularizer=(name:SmoothSparsePhi_bcg, tau:10000), class=(author:1), class=(text:1), reuse_theta=yes, opt_for_avx=yes, predict_class_id=, reset_nwt=yes
I1005 21:12:42.934530 25382912 processor.cc:747] Processing queue has data, processing started
I1005 21:12:42.934540 28602368 processor.cc:747] Processing queue has data, processing started
I1005 21:12:42.949188 25382912 processor.cc:820] Processor: start processing batch 09732821-7fc5-4100-ae8e-9b5b43c08823 into model nwt
I1005 21:12:42.960180 28602368 processor.cc:820] Processor: start processing batch 663592c4-c376-4a4e-9e99-8b006228477e into model nwt
I1005 21:12:43.114259 25382912 processor.cc:925] Processor: complete processing batch 09732821-7fc5-4100-ae8e-9b5b43c08823 into model nwt
I1005 21:12:43.119266 25382912 cuckoo_watch.h:45] 184ms in ProcessBatch(lectures_batches/aaaaaa.batch) [including 14ms in LoadMessage; 7ms in InitializeSparseNdw; 0ms in FindReuseThetaCacheEntry; 8ms in InitializeTheta; 0ms in CreateRegularizerAgents; 89ms in InferThetaAndUpdateNwtSparse; 0ms in UpdateCacheEntry; 4ms in CalculateScore(sparsity_theta_score); 53ms in CalculateScore(^^^ItemsProcessedScore^^^); ]
I1005 21:12:43.142762 25382912 processor.cc:740] No data in processing queue, waiting...
I1005 21:12:43.278074 28602368 processor.cc:925] Processor: complete processing batch 663592c4-c376-4a4e-9e99-8b006228477e into model nwt
I1005 21:12:43.284512 28602368 cuckoo_watch.h:45] 349ms in ProcessBatch(lectures_batches/aaaaab.batch) [including 25ms in LoadMessage; 21ms in InitializeSparseNdw; 0ms in FindReuseThetaCacheEntry; 3ms in InitializeTheta; 0ms in CreateRegularizerAgents; 181ms in InferThetaAndUpdateNwtSparse; 0ms in UpdateCacheEntry; 5ms in CalculateScore(sparsity_theta_score); 104ms in CalculateScore(^^^ItemsProcessedScore^^^); ]
I1005 21:12:43.285156 2047873024 master_component.cc:1436] RegularizeModelArgs: rwt_target_name=rwt, pwt_source_name=pwt, nwt_source_name=nwt
I1005 21:12:43.285187 2047873024 master_component.cc:976] MasterComponent: start regularizing model pwt
I1005 21:12:43.308631 28602368 processor.cc:740] No data in processing queue, waiting...
I1005 21:12:43.402446 2047873024 master_component.cc:1002] MasterComponent: complete regularizing model pwt
I1005 21:12:43.402467 2047873024 master_component.cc:1449] NormalizeModelArgs: pwt_target_name=pwt, nwt_source_name=nwt, rwt_source_name=rwt
I1005 21:12:43.402474 2047873024 master_component.cc:1006] MasterComponent: start normalizing model nwt
I1005 21:12:43.491238 2047873024 master_component.cc:1034] MasterComponent: complete normalizing model nwt
I1005 21:12:43.594135 2047873024 master_component.cc:1473] DisposeModel rwt
I1005 21:12:43.614331 2047873024 master_component.cc:1059] FitOffline: ItemsProcessed, num_items=1728, num_batches=2, token_weight=808522, token_weight_in_effect=808522
I1005 21:12:43.614698 2047873024 c_interface.cc:389] Pass FitOfflineMasterModelArgs, batch_filename_size=2, batch_weight_size=2, num_collection_passes=1, reset_nwt=yes to MN4artm4core15MasterComponentEFvRKNS_25FitOfflineMasterModelArgsEE
I1005 21:12:43.614718 2047873024 master_component.cc:1398] ProcessBatchesArgs: nwt_target_name=nwt, batch_filename_size=2, batch_size=0, batch_weight_size=2, pwt_source_name=pwt, num_document_passes=1, regularizer=(name:SmoothSparsePhi_bcg, tau:10000), class=(author:1), class=(text:1), reuse_theta=yes, opt_for_avx=yes, predict_class_id=, reset_nwt=yes
I1005 21:12:43.635033 28065792 processor.cc:747] Processing queue has data, processing started
I1005 21:12:43.635035 25919488 processor.cc:747] Processing queue has data, processing started
I1005 21:12:43.649016 28065792 processor.cc:820] Processor: start processing batch 09732821-7fc5-4100-ae8e-9b5b43c08823 into model nwt
I1005 21:12:43.659451 25919488 processor.cc:820] Processor: start processing batch 663592c4-c376-4a4e-9e99-8b006228477e into model nwt
I1005 21:12:43.813752 28065792 processor.cc:925] Processor: complete processing batch 09732821-7fc5-4100-ae8e-9b5b43c08823 into model nwt
I1005 21:12:43.818190 28065792 cuckoo_watch.h:45] 183ms in ProcessBatch(lectures_batches/aaaaaa.batch) [including 13ms in LoadMessage; 8ms in InitializeSparseNdw; 0ms in FindReuseThetaCacheEntry; 8ms in InitializeTheta; 0ms in CreateRegularizerAgents; 90ms in InferThetaAndUpdateNwtSparse; 0ms in UpdateCacheEntry; 4ms in CalculateScore(sparsity_theta_score); 52ms in CalculateScore(^^^ItemsProcessedScore^^^); ]
I1005 21:12:43.842245 28065792 processor.cc:740] No data in processing queue, waiting...
I1005 21:12:43.989436 25919488 processor.cc:925] Processor: complete processing batch 663592c4-c376-4a4e-9e99-8b006228477e into model nwt
I1005 21:12:43.996932 25919488 cuckoo_watch.h:45] 361ms in ProcessBatch(lectures_batches/aaaaab.batch) [including 24ms in LoadMessage; 22ms in InitializeSparseNdw; 0ms in FindReuseThetaCacheEntry; 3ms in InitializeTheta; 0ms in CreateRegularizerAgents; 187ms in InferThetaAndUpdateNwtSparse; 0ms in UpdateCacheEntry; 5ms in CalculateScore(sparsity_theta_score); 110ms in CalculateScore(^^^ItemsProcessedScore^^^); ]
I1005 21:12:43.997982 2047873024 master_component.cc:1436] RegularizeModelArgs: rwt_target_name=rwt, pwt_source_name=pwt, nwt_source_name=nwt
I1005 21:12:43.998030 2047873024 master_component.cc:976] MasterComponent: start regularizing model pwt
I1005 21:12:44.020556 25919488 processor.cc:740] No data in processing queue, waiting...
I1005 21:12:44.123401 2047873024 master_component.cc:1002] MasterComponent: complete regularizing model pwt
I1005 21:12:44.123425 2047873024 master_component.cc:1449] NormalizeModelArgs: pwt_target_name=pwt, nwt_source_name=nwt, rwt_source_name=rwt
I1005 21:12:44.123432 2047873024 master_component.cc:1006] MasterComponent: start normalizing model nwt
I1005 21:12:44.220180 2047873024 master_component.cc:1034] MasterComponent: complete normalizing model nwt
I1005 21:12:44.322055 2047873024 master_component.cc:1473] DisposeModel rwt
I1005 21:12:44.341078 2047873024 master_component.cc:1059] FitOffline: ItemsProcessed, num_items=1728, num_batches=2, token_weight=808522, token_weight_in_effect=808522
I1005 21:12:44.341312 2047873024 c_interface.cc:389] Pass FitOfflineMasterModelArgs, batch_filename_size=2, batch_weight_size=2, num_collection_passes=1, reset_nwt=yes to MN4artm4core15MasterComponentEFvRKNS_25FitOfflineMasterModelArgsEE
I1005 21:12:44.341325 2047873024 master_component.cc:1398] ProcessBatchesArgs: nwt_target_name=nwt, batch_filename_size=2, batch_size=0, batch_weight_size=2, pwt_source_name=pwt, num_document_passes=1, regularizer=(name:SmoothSparsePhi_bcg, tau:10000), class=(author:1), class=(text:1), reuse_theta=yes, opt_for_avx=yes, predict_class_id=, reset_nwt=yes
I1005 21:12:44.359387 28065792 processor.cc:747] Processing queue has data, processing started
I1005 21:12:44.359387 25382912 processor.cc:747] Processing queue has data, processing started
I1005 21:12:44.373018 28065792 processor.cc:820] Processor: start processing batch 09732821-7fc5-4100-ae8e-9b5b43c08823 into model nwt
I1005 21:12:44.384274 25382912 processor.cc:820] Processor: start processing batch 663592c4-c376-4a4e-9e99-8b006228477e into model nwt
I1005 21:12:44.531111 28065792 processor.cc:925] Processor: complete processing batch 09732821-7fc5-4100-ae8e-9b5b43c08823 into model nwt
I1005 21:12:44.535748 28065792 cuckoo_watch.h:45] 176ms in ProcessBatch(lectures_batches/aaaaaa.batch) [including 13ms in LoadMessage; 7ms in InitializeSparseNdw; 0ms in FindReuseThetaCacheEntry; 7ms in InitializeTheta; 0ms in CreateRegularizerAgents; 85ms in InferThetaAndUpdateNwtSparse; 0ms in UpdateCacheEntry; 3ms in CalculateScore(sparsity_theta_score); 53ms in CalculateScore(^^^ItemsProcessedScore^^^); ]
I1005 21:12:44.560063 28065792 processor.cc:740] No data in processing queue, waiting...
I1005 21:12:44.699980 25382912 processor.cc:925] Processor: complete processing batch 663592c4-c376-4a4e-9e99-8b006228477e into model nwt
I1005 21:12:44.707891 25382912 cuckoo_watch.h:45] 348ms in ProcessBatch(lectures_batches/aaaaab.batch) [including 24ms in LoadMessage; 19ms in InitializeSparseNdw; 0ms in FindReuseThetaCacheEntry; 3ms in InitializeTheta; 0ms in CreateRegularizerAgents; 180ms in InferThetaAndUpdateNwtSparse; 0ms in UpdateCacheEntry; 5ms in CalculateScore(sparsity_theta_score); 107ms in CalculateScore(^^^ItemsProcessedScore^^^); ]
I1005 21:12:44.708614 2047873024 master_component.cc:1436] RegularizeModelArgs: rwt_target_name=rwt, pwt_source_name=pwt, nwt_source_name=nwt
I1005 21:12:44.708667 2047873024 master_component.cc:976] MasterComponent: start regularizing model pwt
I1005 21:12:44.731953 25382912 processor.cc:740] No data in processing queue, waiting...
I1005 21:12:44.836685 2047873024 master_component.cc:1002] MasterComponent: complete regularizing model pwt
I1005 21:12:44.836706 2047873024 master_component.cc:1449] NormalizeModelArgs: pwt_target_name=pwt, nwt_source_name=nwt, rwt_source_name=rwt
I1005 21:12:44.836712 2047873024 master_component.cc:1006] MasterComponent: start normalizing model nwt
I1005 21:12:44.929850 2047873024 master_component.cc:1034] MasterComponent: complete normalizing model nwt
I1005 21:12:45.030333 2047873024 master_component.cc:1473] DisposeModel rwt
I1005 21:12:45.049976 2047873024 master_component.cc:1059] FitOffline: ItemsProcessed, num_items=1728, num_batches=2, token_weight=808522, token_weight_in_effect=808522
I1005 21:12:45.050351 2047873024 c_interface.cc:389] Pass FitOfflineMasterModelArgs, batch_filename_size=2, batch_weight_size=2, num_collection_passes=1, reset_nwt=yes to MN4artm4core15MasterComponentEFvRKNS_25FitOfflineMasterModelArgsEE
I1005 21:12:45.050369 2047873024 master_component.cc:1398] ProcessBatchesArgs: nwt_target_name=nwt, batch_filename_size=2, batch_size=0, batch_weight_size=2, pwt_source_name=pwt, num_document_passes=1, regularizer=(name:SmoothSparsePhi_bcg, tau:10000), class=(author:1), class=(text:1), reuse_theta=yes, opt_for_avx=yes, predict_class_id=, reset_nwt=yes
I1005 21:12:45.073115 28602368 processor.cc:747] Processing queue has data, processing started
I1005 21:12:45.073115 29138944 processor.cc:747] Processing queue has data, processing started
I1005 21:12:45.087329 29138944 processor.cc:820] Processor: start processing batch 09732821-7fc5-4100-ae8e-9b5b43c08823 into model nwt
I1005 21:12:45.098240 28602368 processor.cc:820] Processor: start processing batch 663592c4-c376-4a4e-9e99-8b006228477e into model nwt
I1005 21:12:45.247745 29138944 processor.cc:925] Processor: complete processing batch 09732821-7fc5-4100-ae8e-9b5b43c08823 into model nwt
I1005 21:12:45.253190 29138944 cuckoo_watch.h:45] 180ms in ProcessBatch(lectures_batches/aaaaaa.batch) [including 14ms in LoadMessage; 8ms in InitializeSparseNdw; 0ms in FindReuseThetaCacheEntry; 8ms in InitializeTheta; 0ms in CreateRegularizerAgents; 88ms in InferThetaAndUpdateNwtSparse; 0ms in UpdateCacheEntry; 3ms in CalculateScore(sparsity_theta_score); 50ms in CalculateScore(^^^ItemsProcessedScore^^^); ]
I1005 21:12:45.277587 29138944 processor.cc:740] No data in processing queue, waiting...
I1005 21:12:45.419804 28602368 processor.cc:925] Processor: complete processing batch 663592c4-c376-4a4e-9e99-8b006228477e into model nwt
I1005 21:12:45.426208 28602368 cuckoo_watch.h:45] 353ms in ProcessBatch(lectures_batches/aaaaab.batch) [including 25ms in LoadMessage; 21ms in InitializeSparseNdw; 0ms in FindReuseThetaCacheEntry; 3ms in InitializeTheta; 0ms in CreateRegularizerAgents; 182ms in InferThetaAndUpdateNwtSparse; 0ms in UpdateCacheEntry; 6ms in CalculateScore(sparsity_theta_score); 106ms in CalculateScore(^^^ItemsProcessedScore^^^); ]
I1005 21:12:45.427358 2047873024 master_component.cc:1436] RegularizeModelArgs: rwt_target_name=rwt, pwt_source_name=pwt, nwt_source_name=nwt
I1005 21:12:45.427409 2047873024 master_component.cc:976] MasterComponent: start regularizing model pwt
I1005 21:12:45.449594 28602368 processor.cc:740] No data in processing queue, waiting...
I1005 21:12:45.552361 2047873024 master_component.cc:1002] MasterComponent: complete regularizing model pwt
I1005 21:12:45.552378 2047873024 master_component.cc:1449] NormalizeModelArgs: pwt_target_name=pwt, nwt_source_name=nwt, rwt_source_name=rwt
I1005 21:12:45.552384 2047873024 master_component.cc:1006] MasterComponent: start normalizing model nwt
I1005 21:12:45.644156 2047873024 master_component.cc:1034] MasterComponent: complete normalizing model nwt
I1005 21:12:45.744586 2047873024 master_component.cc:1473] DisposeModel rwt
I1005 21:12:45.765269 2047873024 master_component.cc:1059] FitOffline: ItemsProcessed, num_items=1728, num_batches=2, token_weight=808522, token_weight_in_effect=808522
I1005 21:12:45.765554 2047873024 c_interface.cc:389] Pass FitOfflineMasterModelArgs, batch_filename_size=2, batch_weight_size=2, num_collection_passes=1, reset_nwt=yes to MN4artm4core15MasterComponentEFvRKNS_25FitOfflineMasterModelArgsEE
I1005 21:12:45.765570 2047873024 master_component.cc:1398] ProcessBatchesArgs: nwt_target_name=nwt, batch_filename_size=2, batch_size=0, batch_weight_size=2, pwt_source_name=pwt, num_document_passes=1, regularizer=(name:SmoothSparsePhi_bcg, tau:10000), class=(author:1), class=(text:1), reuse_theta=yes, opt_for_avx=yes, predict_class_id=, reset_nwt=yes
I1005 21:12:45.788157 25382912 processor.cc:747] Processing queue has data, processing started
I1005 21:12:45.788172 27529216 processor.cc:747] Processing queue has data, processing started
I1005 21:12:45.802726 25382912 processor.cc:820] Processor: start processing batch 09732821-7fc5-4100-ae8e-9b5b43c08823 into model nwt
I1005 21:12:45.814072 27529216 processor.cc:820] Processor: start processing batch 663592c4-c376-4a4e-9e99-8b006228477e into model nwt
I1005 21:12:45.970612 25382912 processor.cc:925] Processor: complete processing batch 09732821-7fc5-4100-ae8e-9b5b43c08823 into model nwt
I1005 21:12:45.975492 25382912 cuckoo_watch.h:45] 187ms in ProcessBatch(lectures_batches/aaaaaa.batch) [including 14ms in LoadMessage; 7ms in InitializeSparseNdw; 0ms in FindReuseThetaCacheEntry; 8ms in InitializeTheta; 0ms in CreateRegularizerAgents; 94ms in InferThetaAndUpdateNwtSparse; 0ms in UpdateCacheEntry; 4ms in CalculateScore(sparsity_theta_score); 53ms in CalculateScore(^^^ItemsProcessedScore^^^); ]
I1005 21:12:45.999716 25382912 processor.cc:740] No data in processing queue, waiting...
I1005 21:12:46.134340 27529216 processor.cc:925] Processor: complete processing batch 663592c4-c376-4a4e-9e99-8b006228477e into model nwt
I1005 21:12:46.141824 27529216 cuckoo_watch.h:45] 353ms in ProcessBatch(lectures_batches/aaaaab.batch) [including 25ms in LoadMessage; 20ms in InitializeSparseNdw; 0ms in FindReuseThetaCacheEntry; 3ms in InitializeTheta; 0ms in CreateRegularizerAgents; 187ms in InferThetaAndUpdateNwtSparse; 0ms in UpdateCacheEntry; 5ms in CalculateScore(sparsity_theta_score); 102ms in CalculateScore(^^^ItemsProcessedScore^^^); ]
I1005 21:12:46.141965 2047873024 master_component.cc:1436] RegularizeModelArgs: rwt_target_name=rwt, pwt_source_name=pwt, nwt_source_name=nwt
I1005 21:12:46.141985 2047873024 master_component.cc:976] MasterComponent: start regularizing model pwt
I1005 21:12:46.166113 27529216 processor.cc:740] No data in processing queue, waiting...
I1005 21:12:46.260859 2047873024 master_component.cc:1002] MasterComponent: complete regularizing model pwt
I1005 21:12:46.260879 2047873024 master_component.cc:1449] NormalizeModelArgs: pwt_target_name=pwt, nwt_source_name=nwt, rwt_source_name=rwt
I1005 21:12:46.260886 2047873024 master_component.cc:1006] MasterComponent: start normalizing model nwt
I1005 21:12:46.358569 2047873024 master_component.cc:1034] MasterComponent: complete normalizing model nwt
I1005 21:12:46.448990 2047873024 master_component.cc:1473] DisposeModel rwt
I1005 21:12:46.466300 2047873024 master_component.cc:1059] FitOffline: ItemsProcessed, num_items=1728, num_batches=2, token_weight=808522, token_weight_in_effect=808522
I1005 21:12:46.466531 2047873024 c_interface.cc:389] Pass FitOfflineMasterModelArgs, batch_filename_size=2, batch_weight_size=2, num_collection_passes=1, reset_nwt=yes to MN4artm4core15MasterComponentEFvRKNS_25FitOfflineMasterModelArgsEE
I1005 21:12:46.466543 2047873024 master_component.cc:1398] ProcessBatchesArgs: nwt_target_name=nwt, batch_filename_size=2, batch_size=0, batch_weight_size=2, pwt_source_name=pwt, num_document_passes=1, regularizer=(name:SmoothSparsePhi_bcg, tau:10000), class=(author:1), class=(text:1), reuse_theta=yes, opt_for_avx=yes, predict_class_id=, reset_nwt=yes
I1005 21:12:46.486032 29138944 processor.cc:747] Processing queue has data, processing started
I1005 21:12:46.486066 26456064 processor.cc:747] Processing queue has data, processing started
I1005 21:12:46.500713 29138944 processor.cc:820] Processor: start processing batch 09732821-7fc5-4100-ae8e-9b5b43c08823 into model nwt
I1005 21:12:46.510967 26456064 processor.cc:820] Processor: start processing batch 663592c4-c376-4a4e-9e99-8b006228477e into model nwt
I1005 21:12:46.654747 29138944 processor.cc:925] Processor: complete processing batch 09732821-7fc5-4100-ae8e-9b5b43c08823 into model nwt
I1005 21:12:46.658895 29138944 cuckoo_watch.h:45] 172ms in ProcessBatch(lectures_batches/aaaaaa.batch) [including 14ms in LoadMessage; 7ms in InitializeSparseNdw; 0ms in FindReuseThetaCacheEntry; 7ms in InitializeTheta; 0ms in CreateRegularizerAgents; 85ms in InferThetaAndUpdateNwtSparse; 0ms in UpdateCacheEntry; 4ms in CalculateScore(sparsity_theta_score); 48ms in CalculateScore(^^^ItemsProcessedScore^^^); ]
I1005 21:12:46.683256 29138944 processor.cc:740] No data in processing queue, waiting...
I1005 21:12:46.814203 26456064 processor.cc:925] Processor: complete processing batch 663592c4-c376-4a4e-9e99-8b006228477e into model nwt
I1005 21:12:46.821966 26456064 cuckoo_watch.h:45] 335ms in ProcessBatch(lectures_batches/aaaaab.batch) [including 24ms in LoadMessage; 20ms in InitializeSparseNdw; 0ms in FindReuseThetaCacheEntry; 6ms in InitializeTheta; 0ms in CreateRegularizerAgents; 175ms in InferThetaAndUpdateNwtSparse; 0ms in UpdateCacheEntry; 4ms in CalculateScore(sparsity_theta_score); 95ms in CalculateScore(^^^ItemsProcessedScore^^^); ]
I1005 21:12:46.822129 2047873024 master_component.cc:1436] RegularizeModelArgs: rwt_target_name=rwt, pwt_source_name=pwt, nwt_source_name=nwt
I1005 21:12:46.822150 2047873024 master_component.cc:976] MasterComponent: start regularizing model pwt
I1005 21:12:46.845412 26456064 processor.cc:740] No data in processing queue, waiting...
I1005 21:12:46.952795 2047873024 master_component.cc:1002] MasterComponent: complete regularizing model pwt
I1005 21:12:46.952813 2047873024 master_component.cc:1449] NormalizeModelArgs: pwt_target_name=pwt, nwt_source_name=nwt, rwt_source_name=rwt
I1005 21:12:46.952821 2047873024 master_component.cc:1006] MasterComponent: start normalizing model nwt
I1005 21:12:47.042008 2047873024 master_component.cc:1034] MasterComponent: complete normalizing model nwt
I1005 21:12:47.128163 2047873024 master_component.cc:1473] DisposeModel rwt
I1005 21:12:47.154621 2047873024 master_component.cc:1059] FitOffline: ItemsProcessed, num_items=1728, num_batches=2, token_weight=808522, token_weight_in_effect=808522
I1005 21:12:47.155021 2047873024 c_interface.cc:389] Pass FitOfflineMasterModelArgs, batch_filename_size=2, batch_weight_size=2, num_collection_passes=1, reset_nwt=yes to MN4artm4core15MasterComponentEFvRKNS_25FitOfflineMasterModelArgsEE
I1005 21:12:47.155041 2047873024 master_component.cc:1398] ProcessBatchesArgs: nwt_target_name=nwt, batch_filename_size=2, batch_size=0, batch_weight_size=2, pwt_source_name=pwt, num_document_passes=1, regularizer=(name:SmoothSparsePhi_bcg, tau:10000), class=(author:1), class=(text:1), reuse_theta=yes, opt_for_avx=yes, predict_class_id=, reset_nwt=yes
I1005 21:12:47.176509 25919488 processor.cc:747] Processing queue has data, processing started
I1005 21:12:47.176537 25382912 processor.cc:747] Processing queue has data, processing started
I1005 21:12:47.192061 25919488 processor.cc:820] Processor: start processing batch 09732821-7fc5-4100-ae8e-9b5b43c08823 into model nwt
I1005 21:12:47.202842 25382912 processor.cc:820] Processor: start processing batch 663592c4-c376-4a4e-9e99-8b006228477e into model nwt
I1005 21:12:47.345729 25919488 processor.cc:925] Processor: complete processing batch 09732821-7fc5-4100-ae8e-9b5b43c08823 into model nwt
I1005 21:12:47.350967 25919488 cuckoo_watch.h:45] 174ms in ProcessBatch(lectures_batches/aaaaaa.batch) [including 15ms in LoadMessage; 8ms in InitializeSparseNdw; 0ms in FindReuseThetaCacheEntry; 8ms in InitializeTheta; 0ms in CreateRegularizerAgents; 85ms in InferThetaAndUpdateNwtSparse; 0ms in UpdateCacheEntry; 4ms in CalculateScore(sparsity_theta_score); 47ms in CalculateScore(^^^ItemsProcessedScore^^^); ]
I1005 21:12:47.374835 25919488 processor.cc:740] No data in processing queue, waiting...
I1005 21:12:47.508438 25382912 processor.cc:925] Processor: complete processing batch 663592c4-c376-4a4e-9e99-8b006228477e into model nwt
I1005 21:12:47.515022 25382912 cuckoo_watch.h:45] 338ms in ProcessBatch(lectures_batches/aaaaab.batch) [including 26ms in LoadMessage; 19ms in InitializeSparseNdw; 0ms in FindReuseThetaCacheEntry; 3ms in InitializeTheta; 0ms in CreateRegularizerAgents; 176ms in InferThetaAndUpdateNwtSparse; 0ms in UpdateCacheEntry; 5ms in CalculateScore(sparsity_theta_score); 99ms in CalculateScore(^^^ItemsProcessedScore^^^); ]
I1005 21:12:47.516369 2047873024 master_component.cc:1436] RegularizeModelArgs: rwt_target_name=rwt, pwt_source_name=pwt, nwt_source_name=nwt
I1005 21:12:47.516405 2047873024 master_component.cc:976] MasterComponent: start regularizing model pwt
I1005 21:12:47.538830 25382912 processor.cc:740] No data in processing queue, waiting...
I1005 21:12:47.641991 2047873024 master_component.cc:1002] MasterComponent: complete regularizing model pwt
I1005 21:12:47.642014 2047873024 master_component.cc:1449] NormalizeModelArgs: pwt_target_name=pwt, nwt_source_name=nwt, rwt_source_name=rwt
I1005 21:12:47.642021 2047873024 master_component.cc:1006] MasterComponent: start normalizing model nwt
I1005 21:12:47.737859 2047873024 master_component.cc:1034] MasterComponent: complete normalizing model nwt
I1005 21:12:47.838202 2047873024 master_component.cc:1473] DisposeModel rwt
I1005 21:12:47.859264 2047873024 master_component.cc:1059] FitOffline: ItemsProcessed, num_items=1728, num_batches=2, token_weight=808522, token_weight_in_effect=808522
I1005 21:12:47.859550 2047873024 c_interface.cc:389] Pass FitOfflineMasterModelArgs, batch_filename_size=2, batch_weight_size=2, num_collection_passes=1, reset_nwt=yes to MN4artm4core15MasterComponentEFvRKNS_25FitOfflineMasterModelArgsEE
I1005 21:12:47.859567 2047873024 master_component.cc:1398] ProcessBatchesArgs: nwt_target_name=nwt, batch_filename_size=2, batch_size=0, batch_weight_size=2, pwt_source_name=pwt, num_document_passes=1, regularizer=(name:SmoothSparsePhi_bcg, tau:10000), class=(author:1), class=(text:1), reuse_theta=yes, opt_for_avx=yes, predict_class_id=, reset_nwt=yes
I1005 21:12:47.881953 26456064 processor.cc:747] Processing queue has data, processing started
I1005 21:12:47.882002 26992640 processor.cc:747] Processing queue has data, processing started
I1005 21:12:47.896323 26456064 processor.cc:820] Processor: start processing batch 09732821-7fc5-4100-ae8e-9b5b43c08823 into model nwt
