Log file created at: 2018/10/05 21:16:00
Running on machine: artems-MBP.Dlink
Log line format: [IWEF]mmdd hh:mm:ss.uuuuuu threadid file:line] msg
I1005 21:16:00.480749 2047873024 c_interface.cc:127] Logging enabled to .
I1005 21:16:00.481482 2047873024 c_interface.cc:128] BigARTM version: v0.9.0
I1005 21:16:00.481575 2047873024 c_interface.cc:271] Pass MasterModelConfig: topic_name_size=0, score_config_size=1, num_processors=0, pwt_name=pwt, nwt_name=nwt, num_document_passes=0, reuse_theta=no, cache_theta=no, opt_for_avx=yes, disk_cache_path= to ArtmCreateMasterModel
I1005 21:16:00.481623 2047873024 c_interface.cc:274] Creating MasterModel (id=1)...
I1005 21:16:00.482285 2047873024 collection_parser.cc:557] CollectionParserConfig.num_threads is automatically set to 8
W1005 21:16:01.003939 25382912 helpers.cc:221] File already exists: lectures_batches/aaaaaa.batch
W1005 21:16:01.743598 25919488 helpers.cc:221] File already exists: lectures_batches/aaaaab.batch
I1005 21:16:01.813861 2047873024 c_interface.cc:375] Pass 5451147e-9f99-4157-b8e4-e55057520bb3 to MN4artm4core15MasterComponentEFvRKNSt3__112basic_stringIcNS2_11char_traitsIcEENS2_9allocatorIcEEEEE
I1005 21:16:01.814038 2047873024 c_interface.cc:389] Pass GatherDictionaryArgs: dictionary_target_name=5451147e-9f99-4157-b8e4-e55057520bb3, data_path=lectures_batches, symmetric_cooc_values=0 to MN4artm4core15MasterComponentEFvRKNS_20GatherDictionaryArgsEE
I1005 21:16:01.814133 2047873024 dictionary_operations.cc:261] Found 2 batches in 'lectures_batches' folder
I1005 21:16:01.905666 2047873024 dictionary_operations.cc:325] Find 26866 unique tokens in 1728 items
I1005 21:16:01.940011 2047873024 dictionary_operations.cc:589] Dictionary name='5451147e-9f99-4157-b8e4-e55057520bb3' contains entries: author:539; text:26327; 
I1005 21:16:01.949301 2047873024 c_interface.cc:271] Pass MasterModelConfig: topic_name_size=30, class=(text:1), class=(author:1), score_config_size=1, num_processors=0, pwt_name=pwt, nwt_name=nwt, num_document_passes=10, reuse_theta=yes, cache_theta=yes, opt_for_avx=yes, disk_cache_path= to ArtmCreateMasterModel
I1005 21:16:01.949378 2047873024 instance.cc:401] MasterModelConfig.processors_count is automatically set to 8
I1005 21:16:01.949460 25382912 processor.cc:724] Processor thread started
I1005 21:16:01.949508 25919488 processor.cc:724] Processor thread started
I1005 21:16:01.949532 26456064 processor.cc:724] Processor thread started
I1005 21:16:01.949586 26992640 processor.cc:724] Processor thread started
I1005 21:16:01.949595 27529216 processor.cc:724] Processor thread started
I1005 21:16:01.949622 28065792 processor.cc:724] Processor thread started
I1005 21:16:01.949640 28602368 processor.cc:724] Processor thread started
I1005 21:16:01.949666 29138944 processor.cc:724] Processor thread started
I1005 21:16:01.949661 2047873024 c_interface.cc:274] Creating MasterModel (id=2)...
I1005 21:16:01.957101 2047873024 c_interface.cc:271] Pass MasterModelConfig: topic_name_size=0, score_config_size=1, num_processors=0, pwt_name=pwt, nwt_name=nwt, num_document_passes=0, reuse_theta=no, cache_theta=no, opt_for_avx=yes, disk_cache_path= to ArtmCreateMasterModel
I1005 21:16:01.957118 2047873024 c_interface.cc:274] Creating MasterModel (id=3)...
I1005 21:16:01.957525 2047873024 c_interface.cc:375] Pass dictionary to MN4artm4core15MasterComponentEFvRKNSt3__112basic_stringIcNS2_11char_traitsIcEENS2_9allocatorIcEEEEE
I1005 21:16:01.957664 2047873024 c_interface.cc:389] Pass GatherDictionaryArgs: dictionary_target_name=dictionary, data_path=lectures_batches, symmetric_cooc_values=0 to MN4artm4core15MasterComponentEFvRKNS_20GatherDictionaryArgsEE
I1005 21:16:01.957873 2047873024 dictionary_operations.cc:261] Found 2 batches in 'lectures_batches' folder
I1005 21:16:01.972401 25382912 processor.cc:740] No data in processing queue, waiting...
I1005 21:16:01.972434 26456064 processor.cc:740] No data in processing queue, waiting...
I1005 21:16:01.972437 26992640 processor.cc:740] No data in processing queue, waiting...
I1005 21:16:01.972450 28065792 processor.cc:740] No data in processing queue, waiting...
I1005 21:16:01.972456 29138944 processor.cc:740] No data in processing queue, waiting...
I1005 21:16:01.972457 27529216 processor.cc:740] No data in processing queue, waiting...
I1005 21:16:01.972460 25919488 processor.cc:740] No data in processing queue, waiting...
I1005 21:16:01.972465 28602368 processor.cc:740] No data in processing queue, waiting...
I1005 21:16:02.055622 2047873024 dictionary_operations.cc:325] Find 26866 unique tokens in 1728 items
I1005 21:16:02.084687 2047873024 dictionary_operations.cc:589] Dictionary name='dictionary' contains entries: author:539; text:26327; 
I1005 21:16:02.084964 2047873024 c_interface.cc:375] Pass pwt to MN4artm4core15MasterComponentEFvRKNSt3__112basic_stringIcNS2_11char_traitsIcEENS2_9allocatorIcEEEEE
I1005 21:16:02.085012 2047873024 c_interface.cc:375] Pass nwt to MN4artm4core15MasterComponentEFvRKNSt3__112basic_stringIcNS2_11char_traitsIcEENS2_9allocatorIcEEEEE
I1005 21:16:02.085244 2047873024 c_interface.cc:389] Pass InitializeModelArgs: model_name=pwt, dictionary_name=dictionary, topic_name_size=30, seed=-1 to MN4artm4core15MasterComponentEFvRKNS_19InitializeModelArgsEE
I1005 21:16:02.219789 2047873024 master_component.cc:664] InitializeModel() created matrix pwt with 30 topics and 26866 tokens; 
I1005 21:16:02.220072 2047873024 c_interface.cc:389] Pass InitializeModelArgs: model_name=nwt, dictionary_name=dictionary, topic_name_size=30, seed=-1 to MN4artm4core15MasterComponentEFvRKNS_19InitializeModelArgsEE
I1005 21:16:02.357394 2047873024 master_component.cc:664] InitializeModel() created matrix nwt with 30 topics and 26866 tokens; 
I1005 21:16:02.357591 2047873024 c_interface.cc:231] ArtmCopyRequestedMessage is copying 309 bytes...
I1005 21:16:02.374195 2047873024 c_interface.cc:389] Pass MasterModelConfig: topic_name_size=30, class=(text:1), class=(author:1), score_config_size=2, num_processors=0, pwt_name=pwt, nwt_name=nwt, num_document_passes=10, reuse_theta=yes, cache_theta=yes, opt_for_avx=yes, disk_cache_path= to MN4artm4core15MasterComponentEFvRKNS_17MasterModelConfigEE
I1005 21:16:02.374225 2047873024 instance.cc:401] MasterModelConfig.processors_count is automatically set to 8
I1005 21:16:02.374774 2047873024 c_interface.cc:389] Pass MasterModelConfig: topic_name_size=30, class=(text:1), class=(author:1), score_config_size=3, num_processors=0, pwt_name=pwt, nwt_name=nwt, num_document_passes=10, reuse_theta=yes, cache_theta=yes, opt_for_avx=yes, disk_cache_path= to MN4artm4core15MasterComponentEFvRKNS_17MasterModelConfigEE
I1005 21:16:02.374791 2047873024 instance.cc:401] MasterModelConfig.processors_count is automatically set to 8
I1005 21:16:02.375360 2047873024 c_interface.cc:389] Pass MasterModelConfig: topic_name_size=30, class=(text:1), class=(author:1), score_config_size=4, num_processors=0, pwt_name=pwt, nwt_name=nwt, num_document_passes=10, reuse_theta=yes, cache_theta=yes, opt_for_avx=yes, disk_cache_path= to MN4artm4core15MasterComponentEFvRKNS_17MasterModelConfigEE
I1005 21:16:02.375380 2047873024 instance.cc:401] MasterModelConfig.processors_count is automatically set to 8
I1005 21:16:02.375964 2047873024 c_interface.cc:389] Pass MasterModelConfig: topic_name_size=30, class=(text:1), class=(author:1), score_config_size=5, num_processors=0, pwt_name=pwt, nwt_name=nwt, num_document_passes=10, reuse_theta=yes, cache_theta=yes, opt_for_avx=yes, disk_cache_path= to MN4artm4core15MasterComponentEFvRKNS_17MasterModelConfigEE
I1005 21:16:02.375979 2047873024 instance.cc:401] MasterModelConfig.processors_count is automatically set to 8
I1005 21:16:02.376881 2047873024 c_interface.cc:389] Pass MasterModelConfig: topic_name_size=30, class=(text:1), class=(author:1), score_config_size=6, num_processors=0, pwt_name=pwt, nwt_name=nwt, num_document_passes=10, reuse_theta=yes, cache_theta=yes, opt_for_avx=yes, disk_cache_path= to MN4artm4core15MasterComponentEFvRKNS_17MasterModelConfigEE
I1005 21:16:02.376905 2047873024 instance.cc:401] MasterModelConfig.processors_count is automatically set to 8
I1005 21:16:02.383196 2047873024 c_interface.cc:389] Pass MasterModelConfig: topic_name_size=30, class=(text:1), class=(author:1), score_config_size=6, num_processors=0, pwt_name=pwt, nwt_name=nwt, num_document_passes=10, regularizer=(SmoothSparsePhi_bcg:100000), reuse_theta=yes, cache_theta=yes, opt_for_avx=yes, disk_cache_path= to MN4artm4core15MasterComponentEFvRKNS_17MasterModelConfigEE
I1005 21:16:02.383250 2047873024 instance.cc:401] MasterModelConfig.processors_count is automatically set to 8
I1005 21:16:02.383318 2047873024 instance.cc:232] Regularizer 'SmoothSparsePhi_bcg' was cold-reconfigured
I1005 21:16:02.389915 2047873024 c_interface.cc:389] Pass MasterModelConfig: topic_name_size=30, class=(text:1), class=(author:1), score_config_size=6, num_processors=0, pwt_name=pwt, nwt_name=nwt, num_document_passes=10, regularizer=(SmoothSparsePhi_bcg:100000), reuse_theta=yes, cache_theta=yes, opt_for_avx=yes, disk_cache_path= to MN4artm4core15MasterComponentEFvRKNS_17MasterModelConfigEE
I1005 21:16:02.389945 2047873024 instance.cc:401] MasterModelConfig.processors_count is automatically set to 8
I1005 21:16:02.390012 2047873024 instance.cc:232] Regularizer 'SmoothSparsePhi_bcg' was cold-reconfigured
I1005 21:16:02.397104 2047873024 c_interface.cc:389] Pass MasterModelConfig: topic_name_size=30, class=(text:1), class=(author:1), score_config_size=6, num_processors=0, pwt_name=pwt, nwt_name=nwt, num_document_passes=1, regularizer=(SmoothSparsePhi_bcg:100000), reuse_theta=yes, cache_theta=yes, opt_for_avx=yes, disk_cache_path= to MN4artm4core15MasterComponentEFvRKNS_17MasterModelConfigEE
I1005 21:16:02.397127 2047873024 instance.cc:401] MasterModelConfig.processors_count is automatically set to 8
I1005 21:16:02.397171 2047873024 instance.cc:232] Regularizer 'SmoothSparsePhi_bcg' was cold-reconfigured
I1005 21:16:02.401404 2047873024 c_interface.cc:389] Pass FitOfflineMasterModelArgs, batch_filename_size=2, batch_weight_size=2, num_collection_passes=1, reset_nwt=yes to MN4artm4core15MasterComponentEFvRKNS_25FitOfflineMasterModelArgsEE
I1005 21:16:02.401432 2047873024 master_component.cc:1398] ProcessBatchesArgs: nwt_target_name=nwt, batch_filename_size=2, batch_size=0, batch_weight_size=2, pwt_source_name=pwt, num_document_passes=1, regularizer=(name:SmoothSparsePhi_bcg, tau:100000), class=(text:1), class=(author:1), reuse_theta=yes, opt_for_avx=yes, predict_class_id=, reset_nwt=yes
I1005 21:16:02.412627 2047873024 master_component.cc:826] Batches count (=2) is smaller than num processors (=8), which may cause suboptimal performance.
I1005 21:16:02.413841 29138944 processor.cc:747] Processing queue has data, processing started
I1005 21:16:02.413887 25919488 processor.cc:747] Processing queue has data, processing started
I1005 21:16:02.429332 29138944 processor.cc:820] Processor: start processing batch e5030de3-8abd-4032-8d24-b273d0c8d586 into model nwt
I1005 21:16:02.439263 25919488 processor.cc:820] Processor: start processing batch dcac163a-c52b-4687-930c-dd7115082cba into model nwt
I1005 21:16:02.573643 29138944 processor.cc:925] Processor: complete processing batch e5030de3-8abd-4032-8d24-b273d0c8d586 into model nwt
I1005 21:16:02.577296 29138944 cuckoo_watch.h:45] 163ms in ProcessBatch(lectures_batches/aaaaaa.batch) [including 15ms in LoadMessage; 9ms in InitializeSparseNdw; 0ms in FindReuseThetaCacheEntry; 0ms in InitializeTheta; 0ms in CreateRegularizerAgents; 84ms in InferThetaAndUpdateNwtSparse; 0ms in UpdateCacheEntry; 3ms in CalculateScore(sparsity_theta_score); 45ms in CalculateScore(^^^ItemsProcessedScore^^^); ]
I1005 21:16:02.599292 29138944 processor.cc:740] No data in processing queue, waiting...
I1005 21:16:02.726861 25919488 processor.cc:925] Processor: complete processing batch dcac163a-c52b-4687-930c-dd7115082cba into model nwt
I1005 21:16:02.731395 25919488 cuckoo_watch.h:45] 317ms in ProcessBatch(lectures_batches/aaaaab.batch) [including 25ms in LoadMessage; 24ms in InitializeSparseNdw; 0ms in FindReuseThetaCacheEntry; 0ms in InitializeTheta; 0ms in CreateRegularizerAgents; 166ms in InferThetaAndUpdateNwtSparse; 0ms in UpdateCacheEntry; 4ms in CalculateScore(sparsity_theta_score); 91ms in CalculateScore(^^^ItemsProcessedScore^^^); ]
I1005 21:16:02.731873 2047873024 master_component.cc:1436] RegularizeModelArgs: rwt_target_name=rwt, pwt_source_name=pwt, nwt_source_name=nwt
I1005 21:16:02.731973 2047873024 master_component.cc:976] MasterComponent: start regularizing model pwt
I1005 21:16:02.754904 25919488 processor.cc:740] No data in processing queue, waiting...
I1005 21:16:02.828342 2047873024 master_component.cc:1002] MasterComponent: complete regularizing model pwt
I1005 21:16:02.828361 2047873024 master_component.cc:1449] NormalizeModelArgs: pwt_target_name=pwt, nwt_source_name=nwt, rwt_source_name=rwt
I1005 21:16:02.828367 2047873024 master_component.cc:1006] MasterComponent: start normalizing model nwt
I1005 21:16:02.887122 2047873024 master_component.cc:1034] MasterComponent: complete normalizing model nwt
I1005 21:16:02.966768 2047873024 master_component.cc:1473] DisposeModel rwt
I1005 21:16:02.981978 2047873024 master_component.cc:1059] FitOffline: ItemsProcessed, num_items=1728, num_batches=2, token_weight=808522, token_weight_in_effect=808522
I1005 21:16:02.982283 2047873024 c_interface.cc:389] Pass FitOfflineMasterModelArgs, batch_filename_size=2, batch_weight_size=2, num_collection_passes=1, reset_nwt=yes to MN4artm4core15MasterComponentEFvRKNS_25FitOfflineMasterModelArgsEE
I1005 21:16:02.982296 2047873024 master_component.cc:1398] ProcessBatchesArgs: nwt_target_name=nwt, batch_filename_size=2, batch_size=0, batch_weight_size=2, pwt_source_name=pwt, num_document_passes=1, regularizer=(name:SmoothSparsePhi_bcg, tau:100000), class=(text:1), class=(author:1), reuse_theta=yes, opt_for_avx=yes, predict_class_id=, reset_nwt=yes
I1005 21:16:02.996368 25919488 processor.cc:747] Processing queue has data, processing started
I1005 21:16:02.996368 26456064 processor.cc:747] Processing queue has data, processing started
I1005 21:16:03.009707 26456064 processor.cc:820] Processor: start processing batch e5030de3-8abd-4032-8d24-b273d0c8d586 into model nwt
I1005 21:16:03.020505 25919488 processor.cc:820] Processor: start processing batch dcac163a-c52b-4687-930c-dd7115082cba into model nwt
I1005 21:16:03.163020 26456064 processor.cc:925] Processor: complete processing batch e5030de3-8abd-4032-8d24-b273d0c8d586 into model nwt
I1005 21:16:03.167052 26456064 cuckoo_watch.h:45] 170ms in ProcessBatch(lectures_batches/aaaaaa.batch) [including 13ms in LoadMessage; 7ms in InitializeSparseNdw; 0ms in FindReuseThetaCacheEntry; 8ms in InitializeTheta; 0ms in CreateRegularizerAgents; 84ms in InferThetaAndUpdateNwtSparse; 0ms in UpdateCacheEntry; 3ms in CalculateScore(sparsity_theta_score); 47ms in CalculateScore(^^^ItemsProcessedScore^^^); ]
I1005 21:16:03.188946 26456064 processor.cc:740] No data in processing queue, waiting...
I1005 21:16:03.337862 25919488 processor.cc:925] Processor: complete processing batch dcac163a-c52b-4687-930c-dd7115082cba into model nwt
I1005 21:16:03.345530 25919488 cuckoo_watch.h:45] 349ms in ProcessBatch(lectures_batches/aaaaab.batch) [including 24ms in LoadMessage; 25ms in InitializeSparseNdw; 0ms in FindReuseThetaCacheEntry; 3ms in InitializeTheta; 0ms in CreateRegularizerAgents; 178ms in InferThetaAndUpdateNwtSparse; 0ms in UpdateCacheEntry; 6ms in CalculateScore(sparsity_theta_score); 102ms in CalculateScore(^^^ItemsProcessedScore^^^); ]
I1005 21:16:03.345901 2047873024 master_component.cc:1436] RegularizeModelArgs: rwt_target_name=rwt, pwt_source_name=pwt, nwt_source_name=nwt
I1005 21:16:03.345937 2047873024 master_component.cc:976] MasterComponent: start regularizing model pwt
I1005 21:16:03.368930 25919488 processor.cc:740] No data in processing queue, waiting...
I1005 21:16:03.443167 2047873024 master_component.cc:1002] MasterComponent: complete regularizing model pwt
I1005 21:16:03.443188 2047873024 master_component.cc:1449] NormalizeModelArgs: pwt_target_name=pwt, nwt_source_name=nwt, rwt_source_name=rwt
I1005 21:16:03.443197 2047873024 master_component.cc:1006] MasterComponent: start normalizing model nwt
I1005 21:16:03.509590 2047873024 master_component.cc:1034] MasterComponent: complete normalizing model nwt
I1005 21:16:03.590593 2047873024 master_component.cc:1473] DisposeModel rwt
I1005 21:16:03.607779 2047873024 master_component.cc:1059] FitOffline: ItemsProcessed, num_items=1728, num_batches=2, token_weight=808522, token_weight_in_effect=808522
I1005 21:16:03.608054 2047873024 c_interface.cc:389] Pass FitOfflineMasterModelArgs, batch_filename_size=2, batch_weight_size=2, num_collection_passes=1, reset_nwt=yes to MN4artm4core15MasterComponentEFvRKNS_25FitOfflineMasterModelArgsEE
I1005 21:16:03.608068 2047873024 master_component.cc:1398] ProcessBatchesArgs: nwt_target_name=nwt, batch_filename_size=2, batch_size=0, batch_weight_size=2, pwt_source_name=pwt, num_document_passes=1, regularizer=(name:SmoothSparsePhi_bcg, tau:100000), class=(text:1), class=(author:1), reuse_theta=yes, opt_for_avx=yes, predict_class_id=, reset_nwt=yes
I1005 21:16:03.622017 26992640 processor.cc:747] Processing queue has data, processing started
I1005 21:16:03.622035 28065792 processor.cc:747] Processing queue has data, processing started
I1005 21:16:03.634822 26992640 processor.cc:820] Processor: start processing batch e5030de3-8abd-4032-8d24-b273d0c8d586 into model nwt
I1005 21:16:03.646847 28065792 processor.cc:820] Processor: start processing batch dcac163a-c52b-4687-930c-dd7115082cba into model nwt
I1005 21:16:03.792421 26992640 processor.cc:925] Processor: complete processing batch e5030de3-8abd-4032-8d24-b273d0c8d586 into model nwt
I1005 21:16:03.796072 26992640 cuckoo_watch.h:45] 174ms in ProcessBatch(lectures_batches/aaaaaa.batch) [including 12ms in LoadMessage; 7ms in InitializeSparseNdw; 0ms in FindReuseThetaCacheEntry; 9ms in InitializeTheta; 0ms in CreateRegularizerAgents; 86ms in InferThetaAndUpdateNwtSparse; 0ms in UpdateCacheEntry; 3ms in CalculateScore(sparsity_theta_score); 49ms in CalculateScore(^^^ItemsProcessedScore^^^); ]
I1005 21:16:03.818506 26992640 processor.cc:740] No data in processing queue, waiting...
I1005 21:16:03.946429 28065792 processor.cc:925] Processor: complete processing batch dcac163a-c52b-4687-930c-dd7115082cba into model nwt
I1005 21:16:03.952677 28065792 cuckoo_watch.h:45] 330ms in ProcessBatch(lectures_batches/aaaaab.batch) [including 24ms in LoadMessage; 21ms in InitializeSparseNdw; 0ms in FindReuseThetaCacheEntry; 3ms in InitializeTheta; 0ms in CreateRegularizerAgents; 172ms in InferThetaAndUpdateNwtSparse; 0ms in UpdateCacheEntry; 5ms in CalculateScore(sparsity_theta_score); 95ms in CalculateScore(^^^ItemsProcessedScore^^^); ]
I1005 21:16:03.952741 2047873024 master_component.cc:1436] RegularizeModelArgs: rwt_target_name=rwt, pwt_source_name=pwt, nwt_source_name=nwt
I1005 21:16:03.952754 2047873024 master_component.cc:976] MasterComponent: start regularizing model pwt
I1005 21:16:03.976799 28065792 processor.cc:740] No data in processing queue, waiting...
I1005 21:16:04.048610 2047873024 master_component.cc:1002] MasterComponent: complete regularizing model pwt
I1005 21:16:04.048630 2047873024 master_component.cc:1449] NormalizeModelArgs: pwt_target_name=pwt, nwt_source_name=nwt, rwt_source_name=rwt
I1005 21:16:04.048636 2047873024 master_component.cc:1006] MasterComponent: start normalizing model nwt
I1005 21:16:04.105227 2047873024 master_component.cc:1034] MasterComponent: complete normalizing model nwt
I1005 21:16:04.195592 2047873024 master_component.cc:1473] DisposeModel rwt
I1005 21:16:04.212846 2047873024 master_component.cc:1059] FitOffline: ItemsProcessed, num_items=1728, num_batches=2, token_weight=808522, token_weight_in_effect=808522
I1005 21:16:04.213146 2047873024 c_interface.cc:389] Pass FitOfflineMasterModelArgs, batch_filename_size=2, batch_weight_size=2, num_collection_passes=1, reset_nwt=yes to MN4artm4core15MasterComponentEFvRKNS_25FitOfflineMasterModelArgsEE
I1005 21:16:04.213168 2047873024 master_component.cc:1398] ProcessBatchesArgs: nwt_target_name=nwt, batch_filename_size=2, batch_size=0, batch_weight_size=2, pwt_source_name=pwt, num_document_passes=1, regularizer=(name:SmoothSparsePhi_bcg, tau:100000), class=(text:1), class=(author:1), reuse_theta=yes, opt_for_avx=yes, predict_class_id=, reset_nwt=yes
I1005 21:16:04.231691 26456064 processor.cc:747] Processing queue has data, processing started
I1005 21:16:04.231704 28602368 processor.cc:747] Processing queue has data, processing started
I1005 21:16:04.245126 26456064 processor.cc:820] Processor: start processing batch e5030de3-8abd-4032-8d24-b273d0c8d586 into model nwt
I1005 21:16:04.255298 28602368 processor.cc:820] Processor: start processing batch dcac163a-c52b-4687-930c-dd7115082cba into model nwt
I1005 21:16:04.404258 26456064 processor.cc:925] Processor: complete processing batch e5030de3-8abd-4032-8d24-b273d0c8d586 into model nwt
I1005 21:16:04.408529 26456064 cuckoo_watch.h:45] 176ms in ProcessBatch(lectures_batches/aaaaaa.batch) [including 13ms in LoadMessage; 8ms in InitializeSparseNdw; 0ms in FindReuseThetaCacheEntry; 9ms in InitializeTheta; 0ms in CreateRegularizerAgents; 88ms in InferThetaAndUpdateNwtSparse; 0ms in UpdateCacheEntry; 3ms in CalculateScore(sparsity_theta_score); 48ms in CalculateScore(^^^ItemsProcessedScore^^^); ]
I1005 21:16:04.430326 26456064 processor.cc:740] No data in processing queue, waiting...
I1005 21:16:04.570544 28602368 processor.cc:925] Processor: complete processing batch dcac163a-c52b-4687-930c-dd7115082cba into model nwt
I1005 21:16:04.577221 28602368 cuckoo_watch.h:45] 345ms in ProcessBatch(lectures_batches/aaaaab.batch) [including 23ms in LoadMessage; 21ms in InitializeSparseNdw; 0ms in FindReuseThetaCacheEntry; 3ms in InitializeTheta; 0ms in CreateRegularizerAgents; 177ms in InferThetaAndUpdateNwtSparse; 0ms in UpdateCacheEntry; 4ms in CalculateScore(sparsity_theta_score); 107ms in CalculateScore(^^^ItemsProcessedScore^^^); ]
I1005 21:16:04.578117 2047873024 master_component.cc:1436] RegularizeModelArgs: rwt_target_name=rwt, pwt_source_name=pwt, nwt_source_name=nwt
I1005 21:16:04.578183 2047873024 master_component.cc:976] MasterComponent: start regularizing model pwt
I1005 21:16:04.601389 28602368 processor.cc:740] No data in processing queue, waiting...
I1005 21:16:04.679152 2047873024 master_component.cc:1002] MasterComponent: complete regularizing model pwt
I1005 21:16:04.679170 2047873024 master_component.cc:1449] NormalizeModelArgs: pwt_target_name=pwt, nwt_source_name=nwt, rwt_source_name=rwt
I1005 21:16:04.679177 2047873024 master_component.cc:1006] MasterComponent: start normalizing model nwt
I1005 21:16:04.739742 2047873024 master_component.cc:1034] MasterComponent: complete normalizing model nwt
I1005 21:16:04.824386 2047873024 master_component.cc:1473] DisposeModel rwt
I1005 21:16:04.838614 2047873024 master_component.cc:1059] FitOffline: ItemsProcessed, num_items=1728, num_batches=2, token_weight=808522, token_weight_in_effect=808522
I1005 21:16:04.838841 2047873024 c_interface.cc:389] Pass FitOfflineMasterModelArgs, batch_filename_size=2, batch_weight_size=2, num_collection_passes=1, reset_nwt=yes to MN4artm4core15MasterComponentEFvRKNS_25FitOfflineMasterModelArgsEE
I1005 21:16:04.838855 2047873024 master_component.cc:1398] ProcessBatchesArgs: nwt_target_name=nwt, batch_filename_size=2, batch_size=0, batch_weight_size=2, pwt_source_name=pwt, num_document_passes=1, regularizer=(name:SmoothSparsePhi_bcg, tau:100000), class=(text:1), class=(author:1), reuse_theta=yes, opt_for_avx=yes, predict_class_id=, reset_nwt=yes
I1005 21:16:04.858239 25382912 processor.cc:747] Processing queue has data, processing started
I1005 21:16:04.858239 26992640 processor.cc:747] Processing queue has data, processing started
I1005 21:16:04.873173 25382912 processor.cc:820] Processor: start processing batch e5030de3-8abd-4032-8d24-b273d0c8d586 into model nwt
I1005 21:16:04.884508 26992640 processor.cc:820] Processor: start processing batch dcac163a-c52b-4687-930c-dd7115082cba into model nwt
I1005 21:16:05.027741 25382912 processor.cc:925] Processor: complete processing batch e5030de3-8abd-4032-8d24-b273d0c8d586 into model nwt
I1005 21:16:05.031801 25382912 cuckoo_watch.h:45] 173ms in ProcessBatch(lectures_batches/aaaaaa.batch) [including 14ms in LoadMessage; 8ms in InitializeSparseNdw; 0ms in FindReuseThetaCacheEntry; 8ms in InitializeTheta; 0ms in CreateRegularizerAgents; 84ms in InferThetaAndUpdateNwtSparse; 0ms in UpdateCacheEntry; 3ms in CalculateScore(sparsity_theta_score); 48ms in CalculateScore(^^^ItemsProcessedScore^^^); ]
I1005 21:16:05.055305 25382912 processor.cc:740] No data in processing queue, waiting...
I1005 21:16:05.193714 26992640 processor.cc:925] Processor: complete processing batch dcac163a-c52b-4687-930c-dd7115082cba into model nwt
I1005 21:16:05.201301 26992640 cuckoo_watch.h:45] 342ms in ProcessBatch(lectures_batches/aaaaab.batch) [including 26ms in LoadMessage; 20ms in InitializeSparseNdw; 0ms in FindReuseThetaCacheEntry; 3ms in InitializeTheta; 0ms in CreateRegularizerAgents; 177ms in InferThetaAndUpdateNwtSparse; 0ms in UpdateCacheEntry; 5ms in CalculateScore(sparsity_theta_score); 101ms in CalculateScore(^^^ItemsProcessedScore^^^); ]
I1005 21:16:05.201773 2047873024 master_component.cc:1436] RegularizeModelArgs: rwt_target_name=rwt, pwt_source_name=pwt, nwt_source_name=nwt
I1005 21:16:05.201830 2047873024 master_component.cc:976] MasterComponent: start regularizing model pwt
I1005 21:16:05.225360 26992640 processor.cc:740] No data in processing queue, waiting...
I1005 21:16:05.312005 2047873024 master_component.cc:1002] MasterComponent: complete regularizing model pwt
I1005 21:16:05.312027 2047873024 master_component.cc:1449] NormalizeModelArgs: pwt_target_name=pwt, nwt_source_name=nwt, rwt_source_name=rwt
I1005 21:16:05.312036 2047873024 master_component.cc:1006] MasterComponent: start normalizing model nwt
I1005 21:16:05.379741 2047873024 master_component.cc:1034] MasterComponent: complete normalizing model nwt
I1005 21:16:05.474977 2047873024 master_component.cc:1473] DisposeModel rwt
I1005 21:16:05.492470 2047873024 master_component.cc:1059] FitOffline: ItemsProcessed, num_items=1728, num_batches=2, token_weight=808522, token_weight_in_effect=808522
I1005 21:16:05.492698 2047873024 c_interface.cc:389] Pass FitOfflineMasterModelArgs, batch_filename_size=2, batch_weight_size=2, num_collection_passes=1, reset_nwt=yes to MN4artm4core15MasterComponentEFvRKNS_25FitOfflineMasterModelArgsEE
I1005 21:16:05.492712 2047873024 master_component.cc:1398] ProcessBatchesArgs: nwt_target_name=nwt, batch_filename_size=2, batch_size=0, batch_weight_size=2, pwt_source_name=pwt, num_document_passes=1, regularizer=(name:SmoothSparsePhi_bcg, tau:100000), class=(text:1), class=(author:1), reuse_theta=yes, opt_for_avx=yes, predict_class_id=, reset_nwt=yes
I1005 21:16:05.508713 29138944 processor.cc:747] Processing queue has data, processing started
I1005 21:16:05.508735 28602368 processor.cc:747] Processing queue has data, processing started
I1005 21:16:05.522178 29138944 processor.cc:820] Processor: start processing batch e5030de3-8abd-4032-8d24-b273d0c8d586 into model nwt
I1005 21:16:05.532523 28602368 processor.cc:820] Processor: start processing batch dcac163a-c52b-4687-930c-dd7115082cba into model nwt
I1005 21:16:05.666862 29138944 processor.cc:925] Processor: complete processing batch e5030de3-8abd-4032-8d24-b273d0c8d586 into model nwt
I1005 21:16:05.671281 29138944 cuckoo_watch.h:45] 162ms in ProcessBatch(lectures_batches/aaaaaa.batch) [including 13ms in LoadMessage; 7ms in InitializeSparseNdw; 0ms in FindReuseThetaCacheEntry; 8ms in InitializeTheta; 0ms in CreateRegularizerAgents; 79ms in InferThetaAndUpdateNwtSparse; 0ms in UpdateCacheEntry; 3ms in CalculateScore(sparsity_theta_score); 46ms in CalculateScore(^^^ItemsProcessedScore^^^); ]
I1005 21:16:05.693800 29138944 processor.cc:740] No data in processing queue, waiting...
I1005 21:16:05.836635 28602368 processor.cc:925] Processor: complete processing batch dcac163a-c52b-4687-930c-dd7115082cba into model nwt
I1005 21:16:05.842669 28602368 cuckoo_watch.h:45] 333ms in ProcessBatch(lectures_batches/aaaaab.batch) [including 23ms in LoadMessage; 19ms in InitializeSparseNdw; 0ms in FindReuseThetaCacheEntry; 3ms in InitializeTheta; 0ms in CreateRegularizerAgents; 172ms in InferThetaAndUpdateNwtSparse; 0ms in UpdateCacheEntry; 5ms in CalculateScore(sparsity_theta_score); 102ms in CalculateScore(^^^ItemsProcessedScore^^^); ]
I1005 21:16:05.843250 2047873024 master_component.cc:1436] RegularizeModelArgs: rwt_target_name=rwt, pwt_source_name=pwt, nwt_source_name=nwt
I1005 21:16:05.843343 2047873024 master_component.cc:976] MasterComponent: start regularizing model pwt
I1005 21:16:05.866448 28602368 processor.cc:740] No data in processing queue, waiting...
I1005 21:16:05.938302 2047873024 master_component.cc:1002] MasterComponent: complete regularizing model pwt
I1005 21:16:05.938323 2047873024 master_component.cc:1449] NormalizeModelArgs: pwt_target_name=pwt, nwt_source_name=nwt, rwt_source_name=rwt
I1005 21:16:05.938328 2047873024 master_component.cc:1006] MasterComponent: start normalizing model nwt
I1005 21:16:05.993378 2047873024 master_component.cc:1034] MasterComponent: complete normalizing model nwt
I1005 21:16:06.074107 2047873024 master_component.cc:1473] DisposeModel rwt
I1005 21:16:06.091145 2047873024 master_component.cc:1059] FitOffline: ItemsProcessed, num_items=1728, num_batches=2, token_weight=808522, token_weight_in_effect=808522
I1005 21:16:06.091404 2047873024 c_interface.cc:389] Pass FitOfflineMasterModelArgs, batch_filename_size=2, batch_weight_size=2, num_collection_passes=1, reset_nwt=yes to MN4artm4core15MasterComponentEFvRKNS_25FitOfflineMasterModelArgsEE
I1005 21:16:06.091423 2047873024 master_component.cc:1398] ProcessBatchesArgs: nwt_target_name=nwt, batch_filename_size=2, batch_size=0, batch_weight_size=2, pwt_source_name=pwt, num_document_passes=1, regularizer=(name:SmoothSparsePhi_bcg, tau:100000), class=(text:1), class=(author:1), reuse_theta=yes, opt_for_avx=yes, predict_class_id=, reset_nwt=yes
I1005 21:16:06.106592 25919488 processor.cc:747] Processing queue has data, processing started
I1005 21:16:06.106606 28065792 processor.cc:747] Processing queue has data, processing started
I1005 21:16:06.120163 25919488 processor.cc:820] Processor: start processing batch e5030de3-8abd-4032-8d24-b273d0c8d586 into model nwt
I1005 21:16:06.129906 28065792 processor.cc:820] Processor: start processing batch dcac163a-c52b-4687-930c-dd7115082cba into model nwt
I1005 21:16:06.275422 25919488 processor.cc:925] Processor: complete processing batch e5030de3-8abd-4032-8d24-b273d0c8d586 into model nwt
I1005 21:16:06.279477 25919488 cuckoo_watch.h:45] 172ms in ProcessBatch(lectures_batches/aaaaaa.batch) [including 13ms in LoadMessage; 7ms in InitializeSparseNdw; 0ms in FindReuseThetaCacheEntry; 9ms in InitializeTheta; 0ms in CreateRegularizerAgents; 85ms in InferThetaAndUpdateNwtSparse; 0ms in UpdateCacheEntry; 3ms in CalculateScore(sparsity_theta_score); 48ms in CalculateScore(^^^ItemsProcessedScore^^^); ]
I1005 21:16:06.301967 25919488 processor.cc:740] No data in processing queue, waiting...
I1005 21:16:06.447185 28065792 processor.cc:925] Processor: complete processing batch dcac163a-c52b-4687-930c-dd7115082cba into model nwt
I1005 21:16:06.453111 28065792 cuckoo_watch.h:45] 346ms in ProcessBatch(lectures_batches/aaaaab.batch) [including 23ms in LoadMessage; 22ms in InitializeSparseNdw; 0ms in FindReuseThetaCacheEntry; 3ms in InitializeTheta; 0ms in CreateRegularizerAgents; 185ms in InferThetaAndUpdateNwtSparse; 0ms in UpdateCacheEntry; 5ms in CalculateScore(sparsity_theta_score); 99ms in CalculateScore(^^^ItemsProcessedScore^^^); ]
I1005 21:16:06.453728 2047873024 master_component.cc:1436] RegularizeModelArgs: rwt_target_name=rwt, pwt_source_name=pwt, nwt_source_name=nwt
I1005 21:16:06.453783 2047873024 master_component.cc:976] MasterComponent: start regularizing model pwt
I1005 21:16:06.477413 28065792 processor.cc:740] No data in processing queue, waiting...
I1005 21:16:06.552052 2047873024 master_component.cc:1002] MasterComponent: complete regularizing model pwt
I1005 21:16:06.552073 2047873024 master_component.cc:1449] NormalizeModelArgs: pwt_target_name=pwt, nwt_source_name=nwt, rwt_source_name=rwt
I1005 21:16:06.552079 2047873024 master_component.cc:1006] MasterComponent: start normalizing model nwt
I1005 21:16:06.611459 2047873024 master_component.cc:1034] MasterComponent: complete normalizing model nwt
I1005 21:16:06.693856 2047873024 master_component.cc:1473] DisposeModel rwt
I1005 21:16:06.709506 2047873024 master_component.cc:1059] FitOffline: ItemsProcessed, num_items=1728, num_batches=2, token_weight=808522, token_weight_in_effect=808522
I1005 21:16:06.709838 2047873024 c_interface.cc:389] Pass FitOfflineMasterModelArgs, batch_filename_size=2, batch_weight_size=2, num_collection_passes=1, reset_nwt=yes to MN4artm4core15MasterComponentEFvRKNS_25FitOfflineMasterModelArgsEE
I1005 21:16:06.709854 2047873024 master_component.cc:1398] ProcessBatchesArgs: nwt_target_name=nwt, batch_filename_size=2, batch_size=0, batch_weight_size=2, pwt_source_name=pwt, num_document_passes=1, regularizer=(name:SmoothSparsePhi_bcg, tau:100000), class=(text:1), class=(author:1), reuse_theta=yes, opt_for_avx=yes, predict_class_id=, reset_nwt=yes
I1005 21:16:06.724720 28602368 processor.cc:747] Processing queue has data, processing started
I1005 21:16:06.724735 25382912 processor.cc:747] Processing queue has data, processing started
I1005 21:16:06.737836 28602368 processor.cc:820] Processor: start processing batch e5030de3-8abd-4032-8d24-b273d0c8d586 into model nwt
I1005 21:16:06.749764 25382912 processor.cc:820] Processor: start processing batch dcac163a-c52b-4687-930c-dd7115082cba into model nwt
I1005 21:16:06.892043 28602368 processor.cc:925] Processor: complete processing batch e5030de3-8abd-4032-8d24-b273d0c8d586 into model nwt
I1005 21:16:06.896354 28602368 cuckoo_watch.h:45] 171ms in ProcessBatch(lectures_batches/aaaaaa.batch) [including 13ms in LoadMessage; 8ms in InitializeSparseNdw; 0ms in FindReuseThetaCacheEntry; 9ms in InitializeTheta; 0ms in CreateRegularizerAgents; 85ms in InferThetaAndUpdateNwtSparse; 0ms in UpdateCacheEntry; 3ms in CalculateScore(sparsity_theta_score); 46ms in CalculateScore(^^^ItemsProcessedScore^^^); ]
I1005 21:16:06.918804 28602368 processor.cc:740] No data in processing queue, waiting...
I1005 21:16:07.056766 25382912 processor.cc:925] Processor: complete processing batch dcac163a-c52b-4687-930c-dd7115082cba into model nwt
I1005 21:16:07.062867 25382912 cuckoo_watch.h:45] 338ms in ProcessBatch(lectures_batches/aaaaab.batch) [including 25ms in LoadMessage; 22ms in InitializeSparseNdw; 0ms in FindReuseThetaCacheEntry; 3ms in InitializeTheta; 0ms in CreateRegularizerAgents; 174ms in InferThetaAndUpdateNwtSparse; 0ms in UpdateCacheEntry; 5ms in CalculateScore(sparsity_theta_score); 100ms in CalculateScore(^^^ItemsProcessedScore^^^); ]
I1005 21:16:07.063271 2047873024 master_component.cc:1436] RegularizeModelArgs: rwt_target_name=rwt, pwt_source_name=pwt, nwt_source_name=nwt
I1005 21:16:07.063305 2047873024 master_component.cc:976] MasterComponent: start regularizing model pwt
I1005 21:16:07.086575 25382912 processor.cc:740] No data in processing queue, waiting...
I1005 21:16:07.160148 2047873024 master_component.cc:1002] MasterComponent: complete regularizing model pwt
I1005 21:16:07.160168 2047873024 master_component.cc:1449] NormalizeModelArgs: pwt_target_name=pwt, nwt_source_name=nwt, rwt_source_name=rwt
I1005 21:16:07.160176 2047873024 master_component.cc:1006] MasterComponent: start normalizing model nwt
I1005 21:16:07.224719 2047873024 master_component.cc:1034] MasterComponent: complete normalizing model nwt
I1005 21:16:07.309615 2047873024 master_component.cc:1473] DisposeModel rwt
I1005 21:16:07.325554 2047873024 master_component.cc:1059] FitOffline: ItemsProcessed, num_items=1728, num_batches=2, token_weight=808522, token_weight_in_effect=808522
I1005 21:16:07.325798 2047873024 c_interface.cc:389] Pass FitOfflineMasterModelArgs, batch_filename_size=2, batch_weight_size=2, num_collection_passes=1, reset_nwt=yes to MN4artm4core15MasterComponentEFvRKNS_25FitOfflineMasterModelArgsEE
I1005 21:16:07.325811 2047873024 master_component.cc:1398] ProcessBatchesArgs: nwt_target_name=nwt, batch_filename_size=2, batch_size=0, batch_weight_size=2, pwt_source_name=pwt, num_document_passes=1, regularizer=(name:SmoothSparsePhi_bcg, tau:100000), class=(text:1), class=(author:1), reuse_theta=yes, opt_for_avx=yes, predict_class_id=, reset_nwt=yes
I1005 21:16:07.340904 25919488 processor.cc:747] Processing queue has data, processing started
I1005 21:16:07.340935 28065792 processor.cc:747] Processing queue has data, processing started
I1005 21:16:07.354598 25919488 processor.cc:820] Processor: start processing batch e5030de3-8abd-4032-8d24-b273d0c8d586 into model nwt
I1005 21:16:07.364871 28065792 processor.cc:820] Processor: start processing batch dcac163a-c52b-4687-930c-dd7115082cba into model nwt
I1005 21:16:07.498927 25919488 processor.cc:925] Processor: complete processing batch e5030de3-8abd-4032-8d24-b273d0c8d586 into model nwt
I1005 21:16:07.502802 25919488 cuckoo_watch.h:45] 161ms in ProcessBatch(lectures_batches/aaaaaa.batch) [including 13ms in LoadMessage; 7ms in InitializeSparseNdw; 0ms in FindReuseThetaCacheEntry; 8ms in InitializeTheta; 0ms in CreateRegularizerAgents; 80ms in InferThetaAndUpdateNwtSparse; 0ms in UpdateCacheEntry; 3ms in CalculateScore(sparsity_theta_score); 43ms in CalculateScore(^^^ItemsProcessedScore^^^); ]
I1005 21:16:07.524927 25919488 processor.cc:740] No data in processing queue, waiting...
I1005 21:16:07.658434 28065792 processor.cc:925] Processor: complete processing batch dcac163a-c52b-4687-930c-dd7115082cba into model nwt
I1005 21:16:07.664520 28065792 cuckoo_watch.h:45] 323ms in ProcessBatch(lectures_batches/aaaaab.batch) [including 23ms in LoadMessage; 20ms in InitializeSparseNdw; 0ms in FindReuseThetaCacheEntry; 4ms in InitializeTheta; 0ms in CreateRegularizerAgents; 165ms in InferThetaAndUpdateNwtSparse; 0ms in UpdateCacheEntry; 4ms in CalculateScore(sparsity_theta_score); 99ms in CalculateScore(^^^ItemsProcessedScore^^^); ]
I1005 21:16:07.665573 2047873024 master_component.cc:1436] RegularizeModelArgs: rwt_target_name=rwt, pwt_source_name=pwt, nwt_source_name=nwt
I1005 21:16:07.665601 2047873024 master_component.cc:976] MasterComponent: start regularizing model pwt
I1005 21:16:07.688201 28065792 processor.cc:740] No data in processing queue, waiting...
I1005 21:16:07.762573 2047873024 master_component.cc:1002] MasterComponent: complete regularizing model pwt
I1005 21:16:07.762591 2047873024 master_component.cc:1449] NormalizeModelArgs: pwt_target_name=pwt, nwt_source_name=nwt, rwt_source_name=rwt
I1005 21:16:07.762598 2047873024 master_component.cc:1006] MasterComponent: start normalizing model nwt
I1005 21:16:07.820689 2047873024 master_component.cc:1034] MasterComponent: complete normalizing model nwt
I1005 21:16:07.910280 2047873024 master_component.cc:1473] DisposeModel rwt
I1005 21:16:07.924746 2047873024 master_component.cc:1059] FitOffline: ItemsProcessed, num_items=1728, num_batches=2, token_weight=808522, token_weight_in_effect=808522
I1005 21:16:07.924978 2047873024 c_interface.cc:389] Pass FitOfflineMasterModelArgs, batch_filename_size=2, batch_weight_size=2, num_collection_passes=1, reset_nwt=yes to MN4artm4core15MasterComponentEFvRKNS_25FitOfflineMasterModelArgsEE
I1005 21:16:07.924991 2047873024 master_component.cc:1398] ProcessBatchesArgs: nwt_target_name=nwt, batch_filename_size=2, batch_size=0, batch_weight_size=2, pwt_source_name=pwt, num_document_passes=1, regularizer=(name:SmoothSparsePhi_bcg, tau:100000), class=(text:1), class=(author:1), reuse_theta=yes, opt_for_avx=yes, predict_class_id=, reset_nwt=yes
I1005 21:16:07.939594 26992640 processor.cc:747] Processing queue has data, processing started
I1005 21:16:07.939597 25382912 processor.cc:747] Processing queue has data, processing started
I1005 21:16:07.953968 26992640 processor.cc:820] Processor: start processing batch e5030de3-8abd-4032-8d24-b273d0c8d586 into model nwt
I1005 21:16:07.965813 25382912 processor.cc:820] Processor: start processing batch dcac163a-c52b-4687-930c-dd7115082cba into model nwt
I1005 21:16:08.103297 26992640 processor.cc:925] Processor: complete processing batch e5030de3-8abd-4032-8d24-b273d0c8d586 into model nwt
I1005 21:16:08.107075 26992640 cuckoo_watch.h:45] 167ms in ProcessBatch(lectures_batches/aaaaaa.batch) [including 14ms in LoadMessage; 7ms in InitializeSparseNdw; 0ms in FindReuseThetaCacheEntry; 8ms in InitializeTheta; 0ms in CreateRegularizerAgents; 83ms in InferThetaAndUpdateNwtSparse; 0ms in UpdateCacheEntry; 3ms in CalculateScore(sparsity_theta_score); 45ms in CalculateScore(^^^ItemsProcessedScore^^^); ]
I1005 21:16:08.129555 26992640 processor.cc:740] No data in processing queue, waiting...
I1005 21:16:08.272728 25382912 processor.cc:925] Processor: complete processing batch dcac163a-c52b-4687-930c-dd7115082cba into model nwt
I1005 21:16:08.279260 25382912 cuckoo_watch.h:45] 339ms in ProcessBatch(lectures_batches/aaaaab.batch) [including 26ms in LoadMessage; 20ms in InitializeSparseNdw; 0ms in FindReuseThetaCacheEntry; 3ms in InitializeTheta; 0ms in CreateRegularizerAgents; 168ms in InferThetaAndUpdateNwtSparse; 0ms in UpdateCacheEntry; 5ms in CalculateScore(sparsity_theta_score); 108ms in CalculateScore(^^^ItemsProcessedScore^^^); ]
I1005 21:16:08.279572 2047873024 master_component.cc:1436] RegularizeModelArgs: rwt_target_name=rwt, pwt_source_name=pwt, nwt_source_name=nwt
I1005 21:16:08.279606 2047873024 master_component.cc:976] MasterComponent: start regularizing model pwt
I1005 21:16:08.303452 25382912 processor.cc:740] No data in processing queue, waiting...
I1005 21:16:08.384439 2047873024 master_component.cc:1002] MasterComponent: complete regularizing model pwt
I1005 21:16:08.384459 2047873024 master_component.cc:1449] NormalizeModelArgs: pwt_target_name=pwt, nwt_source_name=nwt, rwt_source_name=rwt
I1005 21:16:08.384464 2047873024 master_component.cc:1006] MasterComponent: start normalizing model nwt
I1005 21:16:08.443127 2047873024 master_component.cc:1034] MasterComponent: complete normalizing model nwt
I1005 21:16:08.522543 2047873024 master_component.cc:1473] DisposeModel rwt
I1005 21:16:08.537838 2047873024 master_component.cc:1059] FitOffline: ItemsProcessed, num_items=1728, num_batches=2, token_weight=808522, token_weight_in_effect=808522
I1005 21:16:08.538089 2047873024 c_interface.cc:389] Pass FitOfflineMasterModelArgs, batch_filename_size=2, batch_weight_size=2, num_collection_passes=1, reset_nwt=yes to MN4artm4core15MasterComponentEFvRKNS_25FitOfflineMasterModelArgsEE
I1005 21:16:08.538105 2047873024 master_component.cc:1398] ProcessBatchesArgs: nwt_target_name=nwt, batch_filename_size=2, batch_size=0, batch_weight_size=2, pwt_source_name=pwt, num_document_passes=1, regularizer=(name:SmoothSparsePhi_bcg, tau:100000), class=(text:1), class=(author:1), reuse_theta=yes, opt_for_avx=yes, predict_class_id=, reset_nwt=yes
I1005 21:16:08.552600 28602368 processor.cc:747] Processing queue has data, processing started
I1005 21:16:08.552621 29138944 processor.cc:747] Processing queue has data, processing started
I1005 21:16:08.566390 28602368 processor.cc:820] Processor: start processing batch e5030de3-8abd-4032-8d24-b273d0c8d586 into model nwt
I1005 21:16:08.578263 29138944 processor.cc:820] Processor: start processing batch dcac163a-c52b-4687-930c-dd7115082cba into model nwt
I1005 21:16:08.716847 28602368 processor.cc:925] Processor: complete processing batch e5030de3-8abd-4032-8d24-b273d0c8d586 into model nwt
I1005 21:16:08.720644 28602368 cuckoo_watch.h:45] 167ms in ProcessBatch(lectures_batches/aaaaaa.batch) [including 13ms in LoadMessage; 9ms in InitializeSparseNdw; 0ms in FindReuseThetaCacheEntry; 9ms in InitializeTheta; 0ms in CreateRegularizerAgents; 82ms in InferThetaAndUpdateNwtSparse; 0ms in UpdateCacheEntry; 3ms in CalculateScore(sparsity_theta_score); 45ms in CalculateScore(^^^ItemsProcessedScore^^^); ]
I1005 21:16:08.742884 28602368 processor.cc:740] No data in processing queue, waiting...
I1005 21:16:08.875061 29138944 processor.cc:925] Processor: complete processing batch dcac163a-c52b-4687-930c-dd7115082cba into model nwt
I1005 21:16:08.880630 29138944 cuckoo_watch.h:45] 327ms in ProcessBatch(lectures_batches/aaaaab.batch) [including 25ms in LoadMessage; 22ms in InitializeSparseNdw; 0ms in FindReuseThetaCacheEntry; 3ms in InitializeTheta; 0ms in CreateRegularizerAgents; 167ms in InferThetaAndUpdateNwtSparse; 0ms in UpdateCacheEntry; 4ms in CalculateScore(sparsity_theta_score); 98ms in CalculateScore(^^^ItemsProcessedScore^^^); ]
I1005 21:16:08.881182 2047873024 master_component.cc:1436] RegularizeModelArgs: rwt_target_name=rwt, pwt_source_name=pwt, nwt_source_name=nwt
I1005 21:16:08.881258 2047873024 master_component.cc:976] MasterComponent: start regularizing model pwt
I1005 21:16:08.904249 29138944 processor.cc:740] No data in processing queue, waiting...
I1005 21:16:08.981709 2047873024 master_component.cc:1002] MasterComponent: complete regularizing model pwt
I1005 21:16:08.981731 2047873024 master_component.cc:1449] NormalizeModelArgs: pwt_target_name=pwt, nwt_source_name=nwt, rwt_source_name=rwt
I1005 21:16:08.981739 2047873024 master_component.cc:1006] MasterComponent: start normalizing model nwt
I1005 21:16:09.047462 2047873024 master_component.cc:1034] MasterComponent: complete normalizing model nwt
I1005 21:16:09.142383 2047873024 master_component.cc:1473] DisposeModel rwt
I1005 21:16:09.157505 2047873024 master_component.cc:1059] FitOffline: ItemsProcessed, num_items=1728, num_batches=2, token_weight=808522, token_weight_in_effect=808522
I1005 21:16:09.157747 2047873024 c_interface.cc:389] Pass FitOfflineMasterModelArgs, batch_filename_size=2, batch_weight_size=2, num_collection_passes=1, reset_nwt=yes to MN4artm4core15MasterComponentEFvRKNS_25FitOfflineMasterModelArgsEE
I1005 21:16:09.157761 2047873024 master_component.cc:1398] ProcessBatchesArgs: nwt_target_name=nwt, batch_filename_size=2, batch_size=0, batch_weight_size=2, pwt_source_name=pwt, num_document_passes=1, regularizer=(name:SmoothSparsePhi_bcg, tau:100000), class=(text:1), class=(author:1), reuse_theta=yes, opt_for_avx=yes, predict_class_id=, reset_nwt=yes
I1005 21:16:09.171372 28065792 processor.cc:747] Processing queue has data, processing started
I1005 21:16:09.171375 25919488 processor.cc:747] Processing queue has data, processing started
I1005 21:16:09.184643 28065792 processor.cc:820] Processor: start processing batch e5030de3-8abd-4032-8d24-b273d0c8d586 into model nwt
I1005 21:16:09.194547 25919488 processor.cc:820] Processor: start processing batch dcac163a-c52b-4687-930c-dd7115082cba into model nwt
I1005 21:16:09.332500 28065792 processor.cc:925] Processor: complete processing batch e5030de3-8abd-4032-8d24-b273d0c8d586 into model nwt
I1005 21:16:09.336297 28065792 cuckoo_watch.h:45] 164ms in ProcessBatch(lectures_batches/aaaaaa.batch) [including 13ms in LoadMessage; 7ms in InitializeSparseNdw; 0ms in FindReuseThetaCacheEntry; 8ms in InitializeTheta; 0ms in CreateRegularizerAgents; 80ms in InferThetaAndUpdateNwtSparse; 0ms in UpdateCacheEntry; 3ms in CalculateScore(sparsity_theta_score); 47ms in CalculateScore(^^^ItemsProcessedScore^^^); ]
I1005 21:16:09.358414 28065792 processor.cc:740] No data in processing queue, waiting...
I1005 21:16:09.493757 25919488 processor.cc:925] Processor: complete processing batch dcac163a-c52b-4687-930c-dd7115082cba into model nwt
I1005 21:16:09.499586 25919488 cuckoo_watch.h:45] 328ms in ProcessBatch(lectures_batches/aaaaab.batch) [including 23ms in LoadMessage; 19ms in InitializeSparseNdw; 0ms in FindReuseThetaCacheEntry; 3ms in InitializeTheta; 0ms in CreateRegularizerAgents; 170ms in InferThetaAndUpdateNwtSparse; 0ms in UpdateCacheEntry; 5ms in CalculateScore(sparsity_theta_score); 99ms in CalculateScore(^^^ItemsProcessedScore^^^); ]
I1005 21:16:09.500252 2047873024 master_component.cc:1436] RegularizeModelArgs: rwt_target_name=rwt, pwt_source_name=pwt, nwt_source_name=nwt
I1005 21:16:09.500294 2047873024 master_component.cc:976] MasterComponent: start regularizing model pwt
I1005 21:16:09.523648 25919488 processor.cc:740] No data in processing queue, waiting...
I1005 21:16:09.596873 2047873024 master_component.cc:1002] MasterComponent: complete regularizing model pwt
I1005 21:16:09.596892 2047873024 master_component.cc:1449] NormalizeModelArgs: pwt_target_name=pwt, nwt_source_name=nwt, rwt_source_name=rwt
I1005 21:16:09.596899 2047873024 master_component.cc:1006] MasterComponent: start normalizing model nwt
I1005 21:16:09.653359 2047873024 master_component.cc:1034] MasterComponent: complete normalizing model nwt
I1005 21:16:09.742331 2047873024 master_component.cc:1473] DisposeModel rwt
I1005 21:16:09.760040 2047873024 master_component.cc:1059] FitOffline: ItemsProcessed, num_items=1728, num_batches=2, token_weight=808522, token_weight_in_effect=808522
I1005 21:16:09.760267 2047873024 c_interface.cc:389] Pass FitOfflineMasterModelArgs, batch_filename_size=2, batch_weight_size=2, num_collection_passes=1, reset_nwt=yes to MN4artm4core15MasterComponentEFvRKNS_25FitOfflineMasterModelArgsEE
