Log file created at: 2018/10/05 21:18:42
Running on machine: artems-MBP.Dlink
Log line format: [IWEF]mmdd hh:mm:ss.uuuuuu threadid file:line] msg
I1005 21:18:42.470824 2047873024 c_interface.cc:127] Logging enabled to .
I1005 21:18:42.471175 2047873024 c_interface.cc:128] BigARTM version: v0.9.0
I1005 21:18:42.471350 2047873024 c_interface.cc:271] Pass MasterModelConfig: topic_name_size=0, score_config_size=1, num_processors=0, pwt_name=pwt, nwt_name=nwt, num_document_passes=0, reuse_theta=no, cache_theta=no, opt_for_avx=yes, disk_cache_path= to ArtmCreateMasterModel
I1005 21:18:42.471388 2047873024 c_interface.cc:274] Creating MasterModel (id=1)...
I1005 21:18:42.472218 2047873024 collection_parser.cc:557] CollectionParserConfig.num_threads is automatically set to 8
W1005 21:18:42.983027 25382912 helpers.cc:221] File already exists: lectures_batches/aaaaaa.batch
W1005 21:18:43.699251 25919488 helpers.cc:221] File already exists: lectures_batches/aaaaab.batch
I1005 21:18:43.763087 2047873024 c_interface.cc:375] Pass 0fe0bcb2-805d-4515-ac09-ac1bb192632e to MN4artm4core15MasterComponentEFvRKNSt3__112basic_stringIcNS2_11char_traitsIcEENS2_9allocatorIcEEEEE
I1005 21:18:43.763228 2047873024 c_interface.cc:389] Pass GatherDictionaryArgs: dictionary_target_name=0fe0bcb2-805d-4515-ac09-ac1bb192632e, data_path=lectures_batches, symmetric_cooc_values=0 to MN4artm4core15MasterComponentEFvRKNS_20GatherDictionaryArgsEE
I1005 21:18:43.763319 2047873024 dictionary_operations.cc:261] Found 2 batches in 'lectures_batches' folder
I1005 21:18:43.863893 2047873024 dictionary_operations.cc:325] Find 26866 unique tokens in 1728 items
I1005 21:18:43.893879 2047873024 dictionary_operations.cc:589] Dictionary name='0fe0bcb2-805d-4515-ac09-ac1bb192632e' contains entries: author:539; text:26327; 
I1005 21:18:47.229012 2047873024 c_interface.cc:271] Pass MasterModelConfig: topic_name_size=30, class=(text:1), class=(author:1), score_config_size=1, num_processors=0, pwt_name=pwt, nwt_name=nwt, num_document_passes=1, reuse_theta=yes, cache_theta=yes, opt_for_avx=yes, disk_cache_path= to ArtmCreateMasterModel
I1005 21:18:47.229034 2047873024 instance.cc:401] MasterModelConfig.processors_count is automatically set to 8
I1005 21:18:47.229113 23773184 processor.cc:724] Processor thread started
I1005 21:18:47.229115 24309760 processor.cc:724] Processor thread started
I1005 21:18:47.229137 24846336 processor.cc:724] Processor thread started
I1005 21:18:47.229141 25382912 processor.cc:724] Processor thread started
I1005 21:18:47.229162 25919488 processor.cc:724] Processor thread started
I1005 21:18:47.229166 26456064 processor.cc:724] Processor thread started
I1005 21:18:47.229187 2047873024 c_interface.cc:274] Creating MasterModel (id=2)...
I1005 21:18:47.229199 26992640 processor.cc:724] Processor thread started
I1005 21:18:47.229212 27529216 processor.cc:724] Processor thread started
I1005 21:18:47.252395 24846336 processor.cc:740] No data in processing queue, waiting...
I1005 21:18:47.252395 26992640 processor.cc:740] No data in processing queue, waiting...
I1005 21:18:47.252403 27529216 processor.cc:740] No data in processing queue, waiting...
I1005 21:18:47.252413 23773184 processor.cc:740] No data in processing queue, waiting...
I1005 21:18:47.252418 25382912 processor.cc:740] No data in processing queue, waiting...
I1005 21:18:47.252420 26456064 processor.cc:740] No data in processing queue, waiting...
I1005 21:18:47.252421 24309760 processor.cc:740] No data in processing queue, waiting...
I1005 21:18:47.252431 25919488 processor.cc:740] No data in processing queue, waiting...
I1005 21:18:49.355607 2047873024 c_interface.cc:271] Pass MasterModelConfig: topic_name_size=0, score_config_size=1, num_processors=0, pwt_name=pwt, nwt_name=nwt, num_document_passes=0, reuse_theta=no, cache_theta=no, opt_for_avx=yes, disk_cache_path= to ArtmCreateMasterModel
I1005 21:18:49.355624 2047873024 c_interface.cc:274] Creating MasterModel (id=3)...
I1005 21:18:49.356091 2047873024 c_interface.cc:375] Pass dictionary to MN4artm4core15MasterComponentEFvRKNSt3__112basic_stringIcNS2_11char_traitsIcEENS2_9allocatorIcEEEEE
I1005 21:18:49.356272 2047873024 c_interface.cc:389] Pass GatherDictionaryArgs: dictionary_target_name=dictionary, data_path=lectures_batches, symmetric_cooc_values=0 to MN4artm4core15MasterComponentEFvRKNS_20GatherDictionaryArgsEE
I1005 21:18:49.356446 2047873024 dictionary_operations.cc:261] Found 2 batches in 'lectures_batches' folder
I1005 21:18:49.450534 2047873024 dictionary_operations.cc:325] Find 26866 unique tokens in 1728 items
I1005 21:18:49.482633 2047873024 dictionary_operations.cc:589] Dictionary name='dictionary' contains entries: author:539; text:26327; 
I1005 21:18:49.482864 2047873024 c_interface.cc:375] Pass pwt to MN4artm4core15MasterComponentEFvRKNSt3__112basic_stringIcNS2_11char_traitsIcEENS2_9allocatorIcEEEEE
I1005 21:18:49.482900 2047873024 c_interface.cc:375] Pass nwt to MN4artm4core15MasterComponentEFvRKNSt3__112basic_stringIcNS2_11char_traitsIcEENS2_9allocatorIcEEEEE
I1005 21:18:49.483170 2047873024 c_interface.cc:389] Pass InitializeModelArgs: model_name=pwt, dictionary_name=dictionary, topic_name_size=30, seed=-1 to MN4artm4core15MasterComponentEFvRKNS_19InitializeModelArgsEE
I1005 21:18:49.627714 2047873024 master_component.cc:664] InitializeModel() created matrix pwt with 30 topics and 26866 tokens; 
I1005 21:18:49.628482 2047873024 c_interface.cc:389] Pass InitializeModelArgs: model_name=nwt, dictionary_name=dictionary, topic_name_size=30, seed=-1 to MN4artm4core15MasterComponentEFvRKNS_19InitializeModelArgsEE
I1005 21:18:49.773249 2047873024 master_component.cc:664] InitializeModel() created matrix nwt with 30 topics and 26866 tokens; 
I1005 21:18:49.773440 2047873024 c_interface.cc:231] ArtmCopyRequestedMessage is copying 309 bytes...
I1005 21:18:54.068511 2047873024 c_interface.cc:389] Pass MasterModelConfig: topic_name_size=30, class=(text:1), class=(author:1), score_config_size=2, num_processors=0, pwt_name=pwt, nwt_name=nwt, num_document_passes=1, reuse_theta=yes, cache_theta=yes, opt_for_avx=yes, disk_cache_path= to MN4artm4core15MasterComponentEFvRKNS_17MasterModelConfigEE
I1005 21:18:54.068533 2047873024 instance.cc:401] MasterModelConfig.processors_count is automatically set to 8
I1005 21:18:54.069114 2047873024 c_interface.cc:389] Pass MasterModelConfig: topic_name_size=30, class=(text:1), class=(author:1), score_config_size=3, num_processors=0, pwt_name=pwt, nwt_name=nwt, num_document_passes=1, reuse_theta=yes, cache_theta=yes, opt_for_avx=yes, disk_cache_path= to MN4artm4core15MasterComponentEFvRKNS_17MasterModelConfigEE
I1005 21:18:54.069136 2047873024 instance.cc:401] MasterModelConfig.processors_count is automatically set to 8
I1005 21:18:54.069689 2047873024 c_interface.cc:389] Pass MasterModelConfig: topic_name_size=30, class=(text:1), class=(author:1), score_config_size=4, num_processors=0, pwt_name=pwt, nwt_name=nwt, num_document_passes=1, reuse_theta=yes, cache_theta=yes, opt_for_avx=yes, disk_cache_path= to MN4artm4core15MasterComponentEFvRKNS_17MasterModelConfigEE
I1005 21:18:54.069712 2047873024 instance.cc:401] MasterModelConfig.processors_count is automatically set to 8
I1005 21:18:54.070261 2047873024 c_interface.cc:389] Pass MasterModelConfig: topic_name_size=30, class=(text:1), class=(author:1), score_config_size=5, num_processors=0, pwt_name=pwt, nwt_name=nwt, num_document_passes=1, reuse_theta=yes, cache_theta=yes, opt_for_avx=yes, disk_cache_path= to MN4artm4core15MasterComponentEFvRKNS_17MasterModelConfigEE
I1005 21:18:54.070286 2047873024 instance.cc:401] MasterModelConfig.processors_count is automatically set to 8
I1005 21:18:54.070785 2047873024 c_interface.cc:389] Pass MasterModelConfig: topic_name_size=30, class=(text:1), class=(author:1), score_config_size=6, num_processors=0, pwt_name=pwt, nwt_name=nwt, num_document_passes=1, reuse_theta=yes, cache_theta=yes, opt_for_avx=yes, disk_cache_path= to MN4artm4core15MasterComponentEFvRKNS_17MasterModelConfigEE
I1005 21:18:54.070817 2047873024 instance.cc:401] MasterModelConfig.processors_count is automatically set to 8
I1005 21:18:59.540118 2047873024 c_interface.cc:389] Pass MasterModelConfig: topic_name_size=30, class=(text:1), class=(author:1), score_config_size=6, num_processors=0, pwt_name=pwt, nwt_name=nwt, num_document_passes=1, regularizer=(SmoothSparsePhi_bcg:100000), reuse_theta=yes, cache_theta=yes, opt_for_avx=yes, disk_cache_path= to MN4artm4core15MasterComponentEFvRKNS_17MasterModelConfigEE
I1005 21:18:59.540184 2047873024 instance.cc:401] MasterModelConfig.processors_count is automatically set to 8
I1005 21:18:59.540240 2047873024 instance.cc:232] Regularizer 'SmoothSparsePhi_bcg' was cold-reconfigured
I1005 21:19:04.952275 2047873024 c_interface.cc:389] Pass FitOfflineMasterModelArgs, batch_filename_size=2, batch_weight_size=2, num_collection_passes=1, reset_nwt=yes to MN4artm4core15MasterComponentEFvRKNS_25FitOfflineMasterModelArgsEE
I1005 21:19:04.952307 2047873024 master_component.cc:1398] ProcessBatchesArgs: nwt_target_name=nwt, batch_filename_size=2, batch_size=0, batch_weight_size=2, pwt_source_name=pwt, num_document_passes=1, regularizer=(name:SmoothSparsePhi_bcg, tau:100000), class=(text:1), class=(author:1), reuse_theta=yes, opt_for_avx=yes, predict_class_id=, reset_nwt=yes
I1005 21:19:04.963436 2047873024 master_component.cc:826] Batches count (=2) is smaller than num processors (=8), which may cause suboptimal performance.
I1005 21:19:04.964336 25919488 processor.cc:747] Processing queue has data, processing started
I1005 21:19:04.964350 26456064 processor.cc:747] Processing queue has data, processing started
I1005 21:19:04.978830 25919488 processor.cc:820] Processor: start processing batch 9c23b95c-f346-4325-b42f-e1077d7eb167 into model nwt
I1005 21:19:04.991560 26456064 processor.cc:820] Processor: start processing batch b9d30a3d-854c-45de-99e2-a3024e15e2e9 into model nwt
I1005 21:19:05.138326 25919488 processor.cc:925] Processor: complete processing batch 9c23b95c-f346-4325-b42f-e1077d7eb167 into model nwt
I1005 21:19:05.142141 25919488 cuckoo_watch.h:45] 177ms in ProcessBatch(lectures_batches/aaaaaa.batch) [including 14ms in LoadMessage; 10ms in InitializeSparseNdw; 0ms in FindReuseThetaCacheEntry; 0ms in InitializeTheta; 0ms in CreateRegularizerAgents; 96ms in InferThetaAndUpdateNwtSparse; 0ms in UpdateCacheEntry; 4ms in CalculateScore(sparsity_theta_score); 47ms in CalculateScore(^^^ItemsProcessedScore^^^); ]
I1005 21:19:05.165953 25919488 processor.cc:740] No data in processing queue, waiting...
I1005 21:19:05.289523 26456064 processor.cc:925] Processor: complete processing batch b9d30a3d-854c-45de-99e2-a3024e15e2e9 into model nwt
I1005 21:19:05.295706 26456064 cuckoo_watch.h:45] 331ms in ProcessBatch(lectures_batches/aaaaab.batch) [including 27ms in LoadMessage; 26ms in InitializeSparseNdw; 0ms in FindReuseThetaCacheEntry; 0ms in InitializeTheta; 0ms in CreateRegularizerAgents; 173ms in InferThetaAndUpdateNwtSparse; 0ms in UpdateCacheEntry; 5ms in CalculateScore(sparsity_theta_score); 92ms in CalculateScore(^^^ItemsProcessedScore^^^); ]
I1005 21:19:05.296023 2047873024 master_component.cc:1436] RegularizeModelArgs: rwt_target_name=rwt, pwt_source_name=pwt, nwt_source_name=nwt
I1005 21:19:05.296069 2047873024 master_component.cc:976] MasterComponent: start regularizing model pwt
I1005 21:19:05.319730 26456064 processor.cc:740] No data in processing queue, waiting...
I1005 21:19:05.402047 2047873024 master_component.cc:1002] MasterComponent: complete regularizing model pwt
I1005 21:19:05.402067 2047873024 master_component.cc:1449] NormalizeModelArgs: pwt_target_name=pwt, nwt_source_name=nwt, rwt_source_name=rwt
I1005 21:19:05.402074 2047873024 master_component.cc:1006] MasterComponent: start normalizing model nwt
I1005 21:19:05.465029 2047873024 master_component.cc:1034] MasterComponent: complete normalizing model nwt
I1005 21:19:05.553591 2047873024 master_component.cc:1473] DisposeModel rwt
I1005 21:19:05.571079 2047873024 master_component.cc:1059] FitOffline: ItemsProcessed, num_items=1728, num_batches=2, token_weight=808522, token_weight_in_effect=808522
I1005 21:19:05.571506 2047873024 c_interface.cc:389] Pass FitOfflineMasterModelArgs, batch_filename_size=2, batch_weight_size=2, num_collection_passes=1, reset_nwt=yes to MN4artm4core15MasterComponentEFvRKNS_25FitOfflineMasterModelArgsEE
I1005 21:19:05.571522 2047873024 master_component.cc:1398] ProcessBatchesArgs: nwt_target_name=nwt, batch_filename_size=2, batch_size=0, batch_weight_size=2, pwt_source_name=pwt, num_document_passes=1, regularizer=(name:SmoothSparsePhi_bcg, tau:100000), class=(text:1), class=(author:1), reuse_theta=yes, opt_for_avx=yes, predict_class_id=, reset_nwt=yes
I1005 21:19:05.589870 25919488 processor.cc:747] Processing queue has data, processing started
I1005 21:19:05.589896 27529216 processor.cc:747] Processing queue has data, processing started
I1005 21:19:05.604530 25919488 processor.cc:820] Processor: start processing batch 9c23b95c-f346-4325-b42f-e1077d7eb167 into model nwt
I1005 21:19:05.615981 27529216 processor.cc:820] Processor: start processing batch b9d30a3d-854c-45de-99e2-a3024e15e2e9 into model nwt
I1005 21:19:05.757201 25919488 processor.cc:925] Processor: complete processing batch 9c23b95c-f346-4325-b42f-e1077d7eb167 into model nwt
I1005 21:19:05.761034 25919488 cuckoo_watch.h:45] 171ms in ProcessBatch(lectures_batches/aaaaaa.batch) [including 14ms in LoadMessage; 8ms in InitializeSparseNdw; 0ms in FindReuseThetaCacheEntry; 8ms in InitializeTheta; 0ms in CreateRegularizerAgents; 85ms in InferThetaAndUpdateNwtSparse; 0ms in UpdateCacheEntry; 3ms in CalculateScore(sparsity_theta_score); 46ms in CalculateScore(^^^ItemsProcessedScore^^^); ]
I1005 21:19:05.783264 25919488 processor.cc:740] No data in processing queue, waiting...
I1005 21:19:05.919178 27529216 processor.cc:925] Processor: complete processing batch b9d30a3d-854c-45de-99e2-a3024e15e2e9 into model nwt
I1005 21:19:05.924810 27529216 cuckoo_watch.h:45] 334ms in ProcessBatch(lectures_batches/aaaaab.batch) [including 26ms in LoadMessage; 22ms in InitializeSparseNdw; 0ms in FindReuseThetaCacheEntry; 3ms in InitializeTheta; 0ms in CreateRegularizerAgents; 174ms in InferThetaAndUpdateNwtSparse; 0ms in UpdateCacheEntry; 4ms in CalculateScore(sparsity_theta_score); 97ms in CalculateScore(^^^ItemsProcessedScore^^^); ]
I1005 21:19:05.925711 2047873024 master_component.cc:1436] RegularizeModelArgs: rwt_target_name=rwt, pwt_source_name=pwt, nwt_source_name=nwt
I1005 21:19:05.925770 2047873024 master_component.cc:976] MasterComponent: start regularizing model pwt
I1005 21:19:05.948788 27529216 processor.cc:740] No data in processing queue, waiting...
I1005 21:19:06.031405 2047873024 master_component.cc:1002] MasterComponent: complete regularizing model pwt
I1005 21:19:06.031425 2047873024 master_component.cc:1449] NormalizeModelArgs: pwt_target_name=pwt, nwt_source_name=nwt, rwt_source_name=rwt
I1005 21:19:06.031432 2047873024 master_component.cc:1006] MasterComponent: start normalizing model nwt
I1005 21:19:06.093175 2047873024 master_component.cc:1034] MasterComponent: complete normalizing model nwt
I1005 21:19:06.180654 2047873024 master_component.cc:1473] DisposeModel rwt
I1005 21:19:06.196226 2047873024 master_component.cc:1059] FitOffline: ItemsProcessed, num_items=1728, num_batches=2, token_weight=808522, token_weight_in_effect=808522
I1005 21:19:06.196455 2047873024 c_interface.cc:389] Pass FitOfflineMasterModelArgs, batch_filename_size=2, batch_weight_size=2, num_collection_passes=1, reset_nwt=yes to MN4artm4core15MasterComponentEFvRKNS_25FitOfflineMasterModelArgsEE
I1005 21:19:06.196465 2047873024 master_component.cc:1398] ProcessBatchesArgs: nwt_target_name=nwt, batch_filename_size=2, batch_size=0, batch_weight_size=2, pwt_source_name=pwt, num_document_passes=1, regularizer=(name:SmoothSparsePhi_bcg, tau:100000), class=(text:1), class=(author:1), reuse_theta=yes, opt_for_avx=yes, predict_class_id=, reset_nwt=yes
I1005 21:19:06.210255 26992640 processor.cc:747] Processing queue has data, processing started
I1005 21:19:06.210255 23773184 processor.cc:747] Processing queue has data, processing started
I1005 21:19:06.223332 23773184 processor.cc:820] Processor: start processing batch 9c23b95c-f346-4325-b42f-e1077d7eb167 into model nwt
I1005 21:19:06.234174 26992640 processor.cc:820] Processor: start processing batch b9d30a3d-854c-45de-99e2-a3024e15e2e9 into model nwt
I1005 21:19:06.380455 23773184 processor.cc:925] Processor: complete processing batch 9c23b95c-f346-4325-b42f-e1077d7eb167 into model nwt
I1005 21:19:06.384483 23773184 cuckoo_watch.h:45] 174ms in ProcessBatch(lectures_batches/aaaaaa.batch) [including 13ms in LoadMessage; 8ms in InitializeSparseNdw; 0ms in FindReuseThetaCacheEntry; 8ms in InitializeTheta; 0ms in CreateRegularizerAgents; 85ms in InferThetaAndUpdateNwtSparse; 0ms in UpdateCacheEntry; 4ms in CalculateScore(sparsity_theta_score); 49ms in CalculateScore(^^^ItemsProcessedScore^^^); ]
I1005 21:19:06.408403 23773184 processor.cc:740] No data in processing queue, waiting...
I1005 21:19:06.532326 26992640 processor.cc:925] Processor: complete processing batch b9d30a3d-854c-45de-99e2-a3024e15e2e9 into model nwt
I1005 21:19:06.539026 26992640 cuckoo_watch.h:45] 328ms in ProcessBatch(lectures_batches/aaaaab.batch) [including 23ms in LoadMessage; 20ms in InitializeSparseNdw; 0ms in FindReuseThetaCacheEntry; 4ms in InitializeTheta; 0ms in CreateRegularizerAgents; 169ms in InferThetaAndUpdateNwtSparse; 0ms in UpdateCacheEntry; 4ms in CalculateScore(sparsity_theta_score); 97ms in CalculateScore(^^^ItemsProcessedScore^^^); ]
I1005 21:19:06.539791 2047873024 master_component.cc:1436] RegularizeModelArgs: rwt_target_name=rwt, pwt_source_name=pwt, nwt_source_name=nwt
I1005 21:19:06.539829 2047873024 master_component.cc:976] MasterComponent: start regularizing model pwt
I1005 21:19:06.563118 26992640 processor.cc:740] No data in processing queue, waiting...
I1005 21:19:06.647590 2047873024 master_component.cc:1002] MasterComponent: complete regularizing model pwt
I1005 21:19:06.647619 2047873024 master_component.cc:1449] NormalizeModelArgs: pwt_target_name=pwt, nwt_source_name=nwt, rwt_source_name=rwt
I1005 21:19:06.647625 2047873024 master_component.cc:1006] MasterComponent: start normalizing model nwt
I1005 21:19:06.707439 2047873024 master_component.cc:1034] MasterComponent: complete normalizing model nwt
I1005 21:19:06.801950 2047873024 master_component.cc:1473] DisposeModel rwt
I1005 21:19:06.822899 2047873024 master_component.cc:1059] FitOffline: ItemsProcessed, num_items=1728, num_batches=2, token_weight=808522, token_weight_in_effect=808522
I1005 21:19:06.823175 2047873024 c_interface.cc:389] Pass FitOfflineMasterModelArgs, batch_filename_size=2, batch_weight_size=2, num_collection_passes=1, reset_nwt=yes to MN4artm4core15MasterComponentEFvRKNS_25FitOfflineMasterModelArgsEE
I1005 21:19:06.823190 2047873024 master_component.cc:1398] ProcessBatchesArgs: nwt_target_name=nwt, batch_filename_size=2, batch_size=0, batch_weight_size=2, pwt_source_name=pwt, num_document_passes=1, regularizer=(name:SmoothSparsePhi_bcg, tau:100000), class=(text:1), class=(author:1), reuse_theta=yes, opt_for_avx=yes, predict_class_id=, reset_nwt=yes
I1005 21:19:06.840411 26456064 processor.cc:747] Processing queue has data, processing started
I1005 21:19:06.840456 25382912 processor.cc:747] Processing queue has data, processing started
I1005 21:19:06.855492 26456064 processor.cc:820] Processor: start processing batch 9c23b95c-f346-4325-b42f-e1077d7eb167 into model nwt
I1005 21:19:06.866739 25382912 processor.cc:820] Processor: start processing batch b9d30a3d-854c-45de-99e2-a3024e15e2e9 into model nwt
I1005 21:19:07.001953 26456064 processor.cc:925] Processor: complete processing batch 9c23b95c-f346-4325-b42f-e1077d7eb167 into model nwt
I1005 21:19:07.005736 26456064 cuckoo_watch.h:45] 165ms in ProcessBatch(lectures_batches/aaaaaa.batch) [including 15ms in LoadMessage; 7ms in InitializeSparseNdw; 0ms in FindReuseThetaCacheEntry; 8ms in InitializeTheta; 0ms in CreateRegularizerAgents; 81ms in InferThetaAndUpdateNwtSparse; 0ms in UpdateCacheEntry; 3ms in CalculateScore(sparsity_theta_score); 45ms in CalculateScore(^^^ItemsProcessedScore^^^); ]
I1005 21:19:07.029472 26456064 processor.cc:740] No data in processing queue, waiting...
I1005 21:19:07.172478 25382912 processor.cc:925] Processor: complete processing batch b9d30a3d-854c-45de-99e2-a3024e15e2e9 into model nwt
I1005 21:19:07.178575 25382912 cuckoo_watch.h:45] 338ms in ProcessBatch(lectures_batches/aaaaab.batch) [including 26ms in LoadMessage; 20ms in InitializeSparseNdw; 0ms in FindReuseThetaCacheEntry; 4ms in InitializeTheta; 0ms in CreateRegularizerAgents; 172ms in InferThetaAndUpdateNwtSparse; 0ms in UpdateCacheEntry; 5ms in CalculateScore(sparsity_theta_score); 101ms in CalculateScore(^^^ItemsProcessedScore^^^); ]
I1005 21:19:07.179234 2047873024 master_component.cc:1436] RegularizeModelArgs: rwt_target_name=rwt, pwt_source_name=pwt, nwt_source_name=nwt
I1005 21:19:07.179280 2047873024 master_component.cc:976] MasterComponent: start regularizing model pwt
I1005 21:19:07.202703 25382912 processor.cc:740] No data in processing queue, waiting...
I1005 21:19:07.289846 2047873024 master_component.cc:1002] MasterComponent: complete regularizing model pwt
I1005 21:19:07.289867 2047873024 master_component.cc:1449] NormalizeModelArgs: pwt_target_name=pwt, nwt_source_name=nwt, rwt_source_name=rwt
I1005 21:19:07.289875 2047873024 master_component.cc:1006] MasterComponent: start normalizing model nwt
I1005 21:19:07.355818 2047873024 master_component.cc:1034] MasterComponent: complete normalizing model nwt
I1005 21:19:07.439172 2047873024 master_component.cc:1473] DisposeModel rwt
I1005 21:19:07.455248 2047873024 master_component.cc:1059] FitOffline: ItemsProcessed, num_items=1728, num_batches=2, token_weight=808522, token_weight_in_effect=808522
I1005 21:19:07.455519 2047873024 c_interface.cc:389] Pass FitOfflineMasterModelArgs, batch_filename_size=2, batch_weight_size=2, num_collection_passes=1, reset_nwt=yes to MN4artm4core15MasterComponentEFvRKNS_25FitOfflineMasterModelArgsEE
I1005 21:19:07.455535 2047873024 master_component.cc:1398] ProcessBatchesArgs: nwt_target_name=nwt, batch_filename_size=2, batch_size=0, batch_weight_size=2, pwt_source_name=pwt, num_document_passes=1, regularizer=(name:SmoothSparsePhi_bcg, tau:100000), class=(text:1), class=(author:1), reuse_theta=yes, opt_for_avx=yes, predict_class_id=, reset_nwt=yes
I1005 21:19:07.471843 27529216 processor.cc:747] Processing queue has data, processing started
I1005 21:19:07.471865 25919488 processor.cc:747] Processing queue has data, processing started
I1005 21:19:07.485560 27529216 processor.cc:820] Processor: start processing batch 9c23b95c-f346-4325-b42f-e1077d7eb167 into model nwt
I1005 21:19:07.496829 25919488 processor.cc:820] Processor: start processing batch b9d30a3d-854c-45de-99e2-a3024e15e2e9 into model nwt
I1005 21:19:07.636744 27529216 processor.cc:925] Processor: complete processing batch 9c23b95c-f346-4325-b42f-e1077d7eb167 into model nwt
I1005 21:19:07.640731 27529216 cuckoo_watch.h:45] 168ms in ProcessBatch(lectures_batches/aaaaaa.batch) [including 13ms in LoadMessage; 7ms in InitializeSparseNdw; 0ms in FindReuseThetaCacheEntry; 8ms in InitializeTheta; 0ms in CreateRegularizerAgents; 85ms in InferThetaAndUpdateNwtSparse; 0ms in UpdateCacheEntry; 3ms in CalculateScore(sparsity_theta_score); 45ms in CalculateScore(^^^ItemsProcessedScore^^^); ]
I1005 21:19:07.664582 27529216 processor.cc:740] No data in processing queue, waiting...
I1005 21:19:07.793560 25919488 processor.cc:925] Processor: complete processing batch b9d30a3d-854c-45de-99e2-a3024e15e2e9 into model nwt
I1005 21:19:07.800868 25919488 cuckoo_watch.h:45] 328ms in ProcessBatch(lectures_batches/aaaaab.batch) [including 24ms in LoadMessage; 21ms in InitializeSparseNdw; 0ms in FindReuseThetaCacheEntry; 4ms in InitializeTheta; 0ms in CreateRegularizerAgents; 169ms in InferThetaAndUpdateNwtSparse; 0ms in UpdateCacheEntry; 4ms in CalculateScore(sparsity_theta_score); 95ms in CalculateScore(^^^ItemsProcessedScore^^^); ]
I1005 21:19:07.801728 2047873024 master_component.cc:1436] RegularizeModelArgs: rwt_target_name=rwt, pwt_source_name=pwt, nwt_source_name=nwt
I1005 21:19:07.801789 2047873024 master_component.cc:976] MasterComponent: start regularizing model pwt
I1005 21:19:07.823771 25919488 processor.cc:740] No data in processing queue, waiting...
I1005 21:19:07.911701 2047873024 master_component.cc:1002] MasterComponent: complete regularizing model pwt
I1005 21:19:07.911721 2047873024 master_component.cc:1449] NormalizeModelArgs: pwt_target_name=pwt, nwt_source_name=nwt, rwt_source_name=rwt
I1005 21:19:07.911761 2047873024 master_component.cc:1006] MasterComponent: start normalizing model nwt
I1005 21:19:07.977169 2047873024 master_component.cc:1034] MasterComponent: complete normalizing model nwt
I1005 21:19:08.072007 2047873024 master_component.cc:1473] DisposeModel rwt
I1005 21:19:08.089900 2047873024 master_component.cc:1059] FitOffline: ItemsProcessed, num_items=1728, num_batches=2, token_weight=808522, token_weight_in_effect=808522
I1005 21:19:08.090162 2047873024 c_interface.cc:389] Pass FitOfflineMasterModelArgs, batch_filename_size=2, batch_weight_size=2, num_collection_passes=1, reset_nwt=yes to MN4artm4core15MasterComponentEFvRKNS_25FitOfflineMasterModelArgsEE
I1005 21:19:08.090219 2047873024 master_component.cc:1398] ProcessBatchesArgs: nwt_target_name=nwt, batch_filename_size=2, batch_size=0, batch_weight_size=2, pwt_source_name=pwt, num_document_passes=1, regularizer=(name:SmoothSparsePhi_bcg, tau:100000), class=(text:1), class=(author:1), reuse_theta=yes, opt_for_avx=yes, predict_class_id=, reset_nwt=yes
I1005 21:19:08.107880 27529216 processor.cc:747] Processing queue has data, processing started
I1005 21:19:08.107916 26992640 processor.cc:747] Processing queue has data, processing started
I1005 21:19:08.121054 27529216 processor.cc:820] Processor: start processing batch 9c23b95c-f346-4325-b42f-e1077d7eb167 into model nwt
I1005 21:19:08.132417 26992640 processor.cc:820] Processor: start processing batch b9d30a3d-854c-45de-99e2-a3024e15e2e9 into model nwt
I1005 21:19:08.266719 27529216 processor.cc:925] Processor: complete processing batch 9c23b95c-f346-4325-b42f-e1077d7eb167 into model nwt
I1005 21:19:08.270694 27529216 cuckoo_watch.h:45] 162ms in ProcessBatch(lectures_batches/aaaaaa.batch) [including 13ms in LoadMessage; 7ms in InitializeSparseNdw; 0ms in FindReuseThetaCacheEntry; 8ms in InitializeTheta; 0ms in CreateRegularizerAgents; 79ms in InferThetaAndUpdateNwtSparse; 0ms in UpdateCacheEntry; 3ms in CalculateScore(sparsity_theta_score); 46ms in CalculateScore(^^^ItemsProcessedScore^^^); ]
I1005 21:19:08.294847 27529216 processor.cc:740] No data in processing queue, waiting...
I1005 21:19:08.441543 26992640 processor.cc:925] Processor: complete processing batch b9d30a3d-854c-45de-99e2-a3024e15e2e9 into model nwt
I1005 21:19:08.447685 26992640 cuckoo_watch.h:45] 339ms in ProcessBatch(lectures_batches/aaaaab.batch) [including 24ms in LoadMessage; 19ms in InitializeSparseNdw; 0ms in FindReuseThetaCacheEntry; 3ms in InitializeTheta; 0ms in CreateRegularizerAgents; 167ms in InferThetaAndUpdateNwtSparse; 0ms in UpdateCacheEntry; 6ms in CalculateScore(sparsity_theta_score); 111ms in CalculateScore(^^^ItemsProcessedScore^^^); ]
I1005 21:19:08.447682 2047873024 master_component.cc:1436] RegularizeModelArgs: rwt_target_name=rwt, pwt_source_name=pwt, nwt_source_name=nwt
I1005 21:19:08.447734 2047873024 master_component.cc:976] MasterComponent: start regularizing model pwt
I1005 21:19:08.471778 26992640 processor.cc:740] No data in processing queue, waiting...
I1005 21:19:08.554167 2047873024 master_component.cc:1002] MasterComponent: complete regularizing model pwt
I1005 21:19:08.554191 2047873024 master_component.cc:1449] NormalizeModelArgs: pwt_target_name=pwt, nwt_source_name=nwt, rwt_source_name=rwt
I1005 21:19:08.554199 2047873024 master_component.cc:1006] MasterComponent: start normalizing model nwt
I1005 21:19:08.621474 2047873024 master_component.cc:1034] MasterComponent: complete normalizing model nwt
I1005 21:19:08.723317 2047873024 master_component.cc:1473] DisposeModel rwt
I1005 21:19:08.740835 2047873024 master_component.cc:1059] FitOffline: ItemsProcessed, num_items=1728, num_batches=2, token_weight=808522, token_weight_in_effect=808522
I1005 21:19:08.741152 2047873024 c_interface.cc:389] Pass FitOfflineMasterModelArgs, batch_filename_size=2, batch_weight_size=2, num_collection_passes=1, reset_nwt=yes to MN4artm4core15MasterComponentEFvRKNS_25FitOfflineMasterModelArgsEE
I1005 21:19:08.741171 2047873024 master_component.cc:1398] ProcessBatchesArgs: nwt_target_name=nwt, batch_filename_size=2, batch_size=0, batch_weight_size=2, pwt_source_name=pwt, num_document_passes=1, regularizer=(name:SmoothSparsePhi_bcg, tau:100000), class=(text:1), class=(author:1), reuse_theta=yes, opt_for_avx=yes, predict_class_id=, reset_nwt=yes
I1005 21:19:08.761401 25919488 processor.cc:747] Processing queue has data, processing started
I1005 21:19:08.761416 26456064 processor.cc:747] Processing queue has data, processing started
I1005 21:19:08.774626 25919488 processor.cc:820] Processor: start processing batch 9c23b95c-f346-4325-b42f-e1077d7eb167 into model nwt
I1005 21:19:08.784978 26456064 processor.cc:820] Processor: start processing batch b9d30a3d-854c-45de-99e2-a3024e15e2e9 into model nwt
I1005 21:19:08.933694 25919488 processor.cc:925] Processor: complete processing batch 9c23b95c-f346-4325-b42f-e1077d7eb167 into model nwt
I1005 21:19:08.938189 25919488 cuckoo_watch.h:45] 176ms in ProcessBatch(lectures_batches/aaaaaa.batch) [including 13ms in LoadMessage; 7ms in InitializeSparseNdw; 0ms in FindReuseThetaCacheEntry; 9ms in InitializeTheta; 0ms in CreateRegularizerAgents; 89ms in InferThetaAndUpdateNwtSparse; 0ms in UpdateCacheEntry; 3ms in CalculateScore(sparsity_theta_score); 48ms in CalculateScore(^^^ItemsProcessedScore^^^); ]
I1005 21:19:08.961993 25919488 processor.cc:740] No data in processing queue, waiting...
I1005 21:19:09.094156 26456064 processor.cc:925] Processor: complete processing batch b9d30a3d-854c-45de-99e2-a3024e15e2e9 into model nwt
I1005 21:19:09.100081 26456064 cuckoo_watch.h:45] 338ms in ProcessBatch(lectures_batches/aaaaab.batch) [including 23ms in LoadMessage; 21ms in InitializeSparseNdw; 0ms in FindReuseThetaCacheEntry; 4ms in InitializeTheta; 0ms in CreateRegularizerAgents; 177ms in InferThetaAndUpdateNwtSparse; 0ms in UpdateCacheEntry; 5ms in CalculateScore(sparsity_theta_score); 100ms in CalculateScore(^^^ItemsProcessedScore^^^); ]
I1005 21:19:09.101457 2047873024 master_component.cc:1436] RegularizeModelArgs: rwt_target_name=rwt, pwt_source_name=pwt, nwt_source_name=nwt
I1005 21:19:09.101492 2047873024 master_component.cc:976] MasterComponent: start regularizing model pwt
I1005 21:19:09.124469 26456064 processor.cc:740] No data in processing queue, waiting...
I1005 21:19:09.218544 2047873024 master_component.cc:1002] MasterComponent: complete regularizing model pwt
I1005 21:19:09.218564 2047873024 master_component.cc:1449] NormalizeModelArgs: pwt_target_name=pwt, nwt_source_name=nwt, rwt_source_name=rwt
I1005 21:19:09.218570 2047873024 master_component.cc:1006] MasterComponent: start normalizing model nwt
I1005 21:19:09.281445 2047873024 master_component.cc:1034] MasterComponent: complete normalizing model nwt
I1005 21:19:09.373942 2047873024 master_component.cc:1473] DisposeModel rwt
I1005 21:19:09.392518 2047873024 master_component.cc:1059] FitOffline: ItemsProcessed, num_items=1728, num_batches=2, token_weight=808522, token_weight_in_effect=808522
I1005 21:19:09.392822 2047873024 c_interface.cc:389] Pass FitOfflineMasterModelArgs, batch_filename_size=2, batch_weight_size=2, num_collection_passes=1, reset_nwt=yes to MN4artm4core15MasterComponentEFvRKNS_25FitOfflineMasterModelArgsEE
I1005 21:19:09.392839 2047873024 master_component.cc:1398] ProcessBatchesArgs: nwt_target_name=nwt, batch_filename_size=2, batch_size=0, batch_weight_size=2, pwt_source_name=pwt, num_document_passes=1, regularizer=(name:SmoothSparsePhi_bcg, tau:100000), class=(text:1), class=(author:1), reuse_theta=yes, opt_for_avx=yes, predict_class_id=, reset_nwt=yes
I1005 21:19:09.412551 24846336 processor.cc:747] Processing queue has data, processing started
I1005 21:19:09.412552 24309760 processor.cc:747] Processing queue has data, processing started
I1005 21:19:09.427667 24846336 processor.cc:820] Processor: start processing batch 9c23b95c-f346-4325-b42f-e1077d7eb167 into model nwt
I1005 21:19:09.438706 24309760 processor.cc:820] Processor: start processing batch b9d30a3d-854c-45de-99e2-a3024e15e2e9 into model nwt
I1005 21:19:09.583925 24846336 processor.cc:925] Processor: complete processing batch 9c23b95c-f346-4325-b42f-e1077d7eb167 into model nwt
I1005 21:19:09.587625 24846336 cuckoo_watch.h:45] 174ms in ProcessBatch(lectures_batches/aaaaaa.batch) [including 15ms in LoadMessage; 8ms in InitializeSparseNdw; 0ms in FindReuseThetaCacheEntry; 8ms in InitializeTheta; 0ms in CreateRegularizerAgents; 84ms in InferThetaAndUpdateNwtSparse; 0ms in UpdateCacheEntry; 3ms in CalculateScore(sparsity_theta_score); 50ms in CalculateScore(^^^ItemsProcessedScore^^^); ]
I1005 21:19:09.611435 24846336 processor.cc:740] No data in processing queue, waiting...
I1005 21:19:09.751751 24309760 processor.cc:925] Processor: complete processing batch b9d30a3d-854c-45de-99e2-a3024e15e2e9 into model nwt
I1005 21:19:09.758081 24309760 cuckoo_watch.h:45] 345ms in ProcessBatch(lectures_batches/aaaaab.batch) [including 26ms in LoadMessage; 20ms in InitializeSparseNdw; 0ms in FindReuseThetaCacheEntry; 4ms in InitializeTheta; 0ms in CreateRegularizerAgents; 177ms in InferThetaAndUpdateNwtSparse; 0ms in UpdateCacheEntry; 4ms in CalculateScore(sparsity_theta_score); 106ms in CalculateScore(^^^ItemsProcessedScore^^^); ]
I1005 21:19:09.759348 2047873024 master_component.cc:1436] RegularizeModelArgs: rwt_target_name=rwt, pwt_source_name=pwt, nwt_source_name=nwt
I1005 21:19:09.759385 2047873024 master_component.cc:976] MasterComponent: start regularizing model pwt
I1005 21:19:09.782368 24309760 processor.cc:740] No data in processing queue, waiting...
I1005 21:19:09.877543 2047873024 master_component.cc:1002] MasterComponent: complete regularizing model pwt
I1005 21:19:09.877563 2047873024 master_component.cc:1449] NormalizeModelArgs: pwt_target_name=pwt, nwt_source_name=nwt, rwt_source_name=rwt
I1005 21:19:09.877570 2047873024 master_component.cc:1006] MasterComponent: start normalizing model nwt
I1005 21:19:09.943599 2047873024 master_component.cc:1034] MasterComponent: complete normalizing model nwt
I1005 21:19:10.043079 2047873024 master_component.cc:1473] DisposeModel rwt
I1005 21:19:10.062451 2047873024 master_component.cc:1059] FitOffline: ItemsProcessed, num_items=1728, num_batches=2, token_weight=808522, token_weight_in_effect=808522
I1005 21:19:10.062711 2047873024 c_interface.cc:389] Pass FitOfflineMasterModelArgs, batch_filename_size=2, batch_weight_size=2, num_collection_passes=1, reset_nwt=yes to MN4artm4core15MasterComponentEFvRKNS_25FitOfflineMasterModelArgsEE
I1005 21:19:10.062788 2047873024 master_component.cc:1398] ProcessBatchesArgs: nwt_target_name=nwt, batch_filename_size=2, batch_size=0, batch_weight_size=2, pwt_source_name=pwt, num_document_passes=1, regularizer=(name:SmoothSparsePhi_bcg, tau:100000), class=(text:1), class=(author:1), reuse_theta=yes, opt_for_avx=yes, predict_class_id=, reset_nwt=yes
I1005 21:19:10.083204 26992640 processor.cc:747] Processing queue has data, processing started
I1005 21:19:10.083202 23773184 processor.cc:747] Processing queue has data, processing started
I1005 21:19:10.098137 23773184 processor.cc:820] Processor: start processing batch 9c23b95c-f346-4325-b42f-e1077d7eb167 into model nwt
I1005 21:19:10.108724 26992640 processor.cc:820] Processor: start processing batch b9d30a3d-854c-45de-99e2-a3024e15e2e9 into model nwt
I1005 21:19:10.257133 23773184 processor.cc:925] Processor: complete processing batch 9c23b95c-f346-4325-b42f-e1077d7eb167 into model nwt
I1005 21:19:10.261260 23773184 cuckoo_watch.h:45] 177ms in ProcessBatch(lectures_batches/aaaaaa.batch) [including 14ms in LoadMessage; 8ms in InitializeSparseNdw; 0ms in FindReuseThetaCacheEntry; 8ms in InitializeTheta; 0ms in CreateRegularizerAgents; 87ms in InferThetaAndUpdateNwtSparse; 0ms in UpdateCacheEntry; 3ms in CalculateScore(sparsity_theta_score); 50ms in CalculateScore(^^^ItemsProcessedScore^^^); ]
I1005 21:19:10.285231 23773184 processor.cc:740] No data in processing queue, waiting...
I1005 21:19:10.422513 26992640 processor.cc:925] Processor: complete processing batch b9d30a3d-854c-45de-99e2-a3024e15e2e9 into model nwt
I1005 21:19:10.429077 26992640 cuckoo_watch.h:45] 345ms in ProcessBatch(lectures_batches/aaaaab.batch) [including 25ms in LoadMessage; 20ms in InitializeSparseNdw; 0ms in FindReuseThetaCacheEntry; 4ms in InitializeTheta; 0ms in CreateRegularizerAgents; 179ms in InferThetaAndUpdateNwtSparse; 0ms in UpdateCacheEntry; 5ms in CalculateScore(sparsity_theta_score); 103ms in CalculateScore(^^^ItemsProcessedScore^^^); ]
I1005 21:19:10.429255 2047873024 master_component.cc:1436] RegularizeModelArgs: rwt_target_name=rwt, pwt_source_name=pwt, nwt_source_name=nwt
I1005 21:19:10.429271 2047873024 master_component.cc:976] MasterComponent: start regularizing model pwt
I1005 21:19:10.453052 26992640 processor.cc:740] No data in processing queue, waiting...
I1005 21:19:10.539299 2047873024 master_component.cc:1002] MasterComponent: complete regularizing model pwt
I1005 21:19:10.539319 2047873024 master_component.cc:1449] NormalizeModelArgs: pwt_target_name=pwt, nwt_source_name=nwt, rwt_source_name=rwt
I1005 21:19:10.539326 2047873024 master_component.cc:1006] MasterComponent: start normalizing model nwt
I1005 21:19:10.605056 2047873024 master_component.cc:1034] MasterComponent: complete normalizing model nwt
I1005 21:19:10.700630 2047873024 master_component.cc:1473] DisposeModel rwt
I1005 21:19:10.716862 2047873024 master_component.cc:1059] FitOffline: ItemsProcessed, num_items=1728, num_batches=2, token_weight=808522, token_weight_in_effect=808522
I1005 21:19:10.717123 2047873024 c_interface.cc:389] Pass FitOfflineMasterModelArgs, batch_filename_size=2, batch_weight_size=2, num_collection_passes=1, reset_nwt=yes to MN4artm4core15MasterComponentEFvRKNS_25FitOfflineMasterModelArgsEE
I1005 21:19:10.717139 2047873024 master_component.cc:1398] ProcessBatchesArgs: nwt_target_name=nwt, batch_filename_size=2, batch_size=0, batch_weight_size=2, pwt_source_name=pwt, num_document_passes=1, regularizer=(name:SmoothSparsePhi_bcg, tau:100000), class=(text:1), class=(author:1), reuse_theta=yes, opt_for_avx=yes, predict_class_id=, reset_nwt=yes
I1005 21:19:10.735308 25919488 processor.cc:747] Processing queue has data, processing started
I1005 21:19:10.735325 26456064 processor.cc:747] Processing queue has data, processing started
I1005 21:19:10.748932 25919488 processor.cc:820] Processor: start processing batch 9c23b95c-f346-4325-b42f-e1077d7eb167 into model nwt
I1005 21:19:10.759307 26456064 processor.cc:820] Processor: start processing batch b9d30a3d-854c-45de-99e2-a3024e15e2e9 into model nwt
I1005 21:19:10.905320 25919488 processor.cc:925] Processor: complete processing batch 9c23b95c-f346-4325-b42f-e1077d7eb167 into model nwt
I1005 21:19:10.909301 25919488 cuckoo_watch.h:45] 173ms in ProcessBatch(lectures_batches/aaaaaa.batch) [including 13ms in LoadMessage; 7ms in InitializeSparseNdw; 0ms in FindReuseThetaCacheEntry; 8ms in InitializeTheta; 0ms in CreateRegularizerAgents; 86ms in InferThetaAndUpdateNwtSparse; 0ms in UpdateCacheEntry; 3ms in CalculateScore(sparsity_theta_score); 49ms in CalculateScore(^^^ItemsProcessedScore^^^); ]
I1005 21:19:10.931344 25919488 processor.cc:740] No data in processing queue, waiting...
I1005 21:19:11.072851 26456064 processor.cc:925] Processor: complete processing batch b9d30a3d-854c-45de-99e2-a3024e15e2e9 into model nwt
I1005 21:19:11.079078 26456064 cuckoo_watch.h:45] 343ms in ProcessBatch(lectures_batches/aaaaab.batch) [including 23ms in LoadMessage; 20ms in InitializeSparseNdw; 0ms in FindReuseThetaCacheEntry; 4ms in InitializeTheta; 0ms in CreateRegularizerAgents; 175ms in InferThetaAndUpdateNwtSparse; 0ms in UpdateCacheEntry; 5ms in CalculateScore(sparsity_theta_score); 107ms in CalculateScore(^^^ItemsProcessedScore^^^); ]
I1005 21:19:11.079533 2047873024 master_component.cc:1436] RegularizeModelArgs: rwt_target_name=rwt, pwt_source_name=pwt, nwt_source_name=nwt
I1005 21:19:11.079566 2047873024 master_component.cc:976] MasterComponent: start regularizing model pwt
I1005 21:19:11.103433 26456064 processor.cc:740] No data in processing queue, waiting...
I1005 21:19:11.194113 2047873024 master_component.cc:1002] MasterComponent: complete regularizing model pwt
I1005 21:19:11.194167 2047873024 master_component.cc:1449] NormalizeModelArgs: pwt_target_name=pwt, nwt_source_name=nwt, rwt_source_name=rwt
I1005 21:19:11.194175 2047873024 master_component.cc:1006] MasterComponent: start normalizing model nwt
I1005 21:19:11.264116 2047873024 master_component.cc:1034] MasterComponent: complete normalizing model nwt
I1005 21:19:11.359473 2047873024 master_component.cc:1473] DisposeModel rwt
I1005 21:19:11.375133 2047873024 master_component.cc:1059] FitOffline: ItemsProcessed, num_items=1728, num_batches=2, token_weight=808522, token_weight_in_effect=808522
I1005 21:19:11.375373 2047873024 c_interface.cc:389] Pass FitOfflineMasterModelArgs, batch_filename_size=2, batch_weight_size=2, num_collection_passes=1, reset_nwt=yes to MN4artm4core15MasterComponentEFvRKNS_25FitOfflineMasterModelArgsEE
I1005 21:19:11.375386 2047873024 master_component.cc:1398] ProcessBatchesArgs: nwt_target_name=nwt, batch_filename_size=2, batch_size=0, batch_weight_size=2, pwt_source_name=pwt, num_document_passes=1, regularizer=(name:SmoothSparsePhi_bcg, tau:100000), class=(text:1), class=(author:1), reuse_theta=yes, opt_for_avx=yes, predict_class_id=, reset_nwt=yes
I1005 21:19:11.391813 24846336 processor.cc:747] Processing queue has data, processing started
I1005 21:19:11.391835 26992640 processor.cc:747] Processing queue has data, processing started
I1005 21:19:11.404911 24846336 processor.cc:820] Processor: start processing batch 9c23b95c-f346-4325-b42f-e1077d7eb167 into model nwt
I1005 21:19:11.417209 26992640 processor.cc:820] Processor: start processing batch b9d30a3d-854c-45de-99e2-a3024e15e2e9 into model nwt
I1005 21:19:11.554381 24846336 processor.cc:925] Processor: complete processing batch 9c23b95c-f346-4325-b42f-e1077d7eb167 into model nwt
I1005 21:19:11.558007 24846336 cuckoo_watch.h:45] 166ms in ProcessBatch(lectures_batches/aaaaaa.batch) [including 13ms in LoadMessage; 7ms in InitializeSparseNdw; 0ms in FindReuseThetaCacheEntry; 8ms in InitializeTheta; 0ms in CreateRegularizerAgents; 84ms in InferThetaAndUpdateNwtSparse; 0ms in UpdateCacheEntry; 3ms in CalculateScore(sparsity_theta_score); 44ms in CalculateScore(^^^ItemsProcessedScore^^^); ]
I1005 21:19:11.581789 24846336 processor.cc:740] No data in processing queue, waiting...
I1005 21:19:11.710872 26992640 processor.cc:925] Processor: complete processing batch b9d30a3d-854c-45de-99e2-a3024e15e2e9 into model nwt
I1005 21:19:11.716429 26992640 cuckoo_watch.h:45] 324ms in ProcessBatch(lectures_batches/aaaaab.batch) [including 25ms in LoadMessage; 20ms in InitializeSparseNdw; 0ms in FindReuseThetaCacheEntry; 4ms in InitializeTheta; 0ms in CreateRegularizerAgents; 164ms in InferThetaAndUpdateNwtSparse; 0ms in UpdateCacheEntry; 5ms in CalculateScore(sparsity_theta_score); 98ms in CalculateScore(^^^ItemsProcessedScore^^^); ]
I1005 21:19:11.716656 2047873024 master_component.cc:1436] RegularizeModelArgs: rwt_target_name=rwt, pwt_source_name=pwt, nwt_source_name=nwt
I1005 21:19:11.716673 2047873024 master_component.cc:976] MasterComponent: start regularizing model pwt
I1005 21:19:11.739704 26992640 processor.cc:740] No data in processing queue, waiting...
I1005 21:19:11.831220 2047873024 master_component.cc:1002] MasterComponent: complete regularizing model pwt
I1005 21:19:11.831238 2047873024 master_component.cc:1449] NormalizeModelArgs: pwt_target_name=pwt, nwt_source_name=nwt, rwt_source_name=rwt
I1005 21:19:11.831244 2047873024 master_component.cc:1006] MasterComponent: start normalizing model nwt
I1005 21:19:11.900843 2047873024 master_component.cc:1034] MasterComponent: complete normalizing model nwt
I1005 21:19:11.996301 2047873024 master_component.cc:1473] DisposeModel rwt
I1005 21:19:12.013887 2047873024 master_component.cc:1059] FitOffline: ItemsProcessed, num_items=1728, num_batches=2, token_weight=808522, token_weight_in_effect=808522
I1005 21:19:12.014118 2047873024 c_interface.cc:389] Pass FitOfflineMasterModelArgs, batch_filename_size=2, batch_weight_size=2, num_collection_passes=1, reset_nwt=yes to MN4artm4core15MasterComponentEFvRKNS_25FitOfflineMasterModelArgsEE
I1005 21:19:12.014168 2047873024 master_component.cc:1398] ProcessBatchesArgs: nwt_target_name=nwt, batch_filename_size=2, batch_size=0, batch_weight_size=2, pwt_source_name=pwt, num_document_passes=1, regularizer=(name:SmoothSparsePhi_bcg, tau:100000), class=(text:1), class=(author:1), reuse_theta=yes, opt_for_avx=yes, predict_class_id=, reset_nwt=yes
I1005 21:19:12.031002 26456064 processor.cc:747] Processing queue has data, processing started
I1005 21:19:12.031044 23773184 processor.cc:747] Processing queue has data, processing started
I1005 21:19:12.044212 26456064 processor.cc:820] Processor: start processing batch 9c23b95c-f346-4325-b42f-e1077d7eb167 into model nwt
I1005 21:19:12.054031 23773184 processor.cc:820] Processor: start processing batch b9d30a3d-854c-45de-99e2-a3024e15e2e9 into model nwt
I1005 21:19:12.193629 26456064 processor.cc:925] Processor: complete processing batch 9c23b95c-f346-4325-b42f-e1077d7eb167 into model nwt
I1005 21:19:12.197434 26456064 cuckoo_watch.h:45] 166ms in ProcessBatch(lectures_batches/aaaaaa.batch) [including 13ms in LoadMessage; 7ms in InitializeSparseNdw; 0ms in FindReuseThetaCacheEntry; 8ms in InitializeTheta; 0ms in CreateRegularizerAgents; 81ms in InferThetaAndUpdateNwtSparse; 0ms in UpdateCacheEntry; 3ms in CalculateScore(sparsity_theta_score); 48ms in CalculateScore(^^^ItemsProcessedScore^^^); ]
I1005 21:19:12.221817 26456064 processor.cc:740] No data in processing queue, waiting...
I1005 21:19:12.347127 23773184 processor.cc:925] Processor: complete processing batch b9d30a3d-854c-45de-99e2-a3024e15e2e9 into model nwt
I1005 21:19:12.354351 23773184 cuckoo_watch.h:45] 323ms in ProcessBatch(lectures_batches/aaaaab.batch) [including 22ms in LoadMessage; 19ms in InitializeSparseNdw; 0ms in FindReuseThetaCacheEntry; 3ms in InitializeTheta; 0ms in CreateRegularizerAgents; 168ms in InferThetaAndUpdateNwtSparse; 0ms in UpdateCacheEntry; 6ms in CalculateScore(sparsity_theta_score); 94ms in CalculateScore(^^^ItemsProcessedScore^^^); ]
I1005 21:19:12.354925 2047873024 master_component.cc:1436] RegularizeModelArgs: rwt_target_name=rwt, pwt_source_name=pwt, nwt_source_name=nwt
I1005 21:19:12.354954 2047873024 master_component.cc:976] MasterComponent: start regularizing model pwt
I1005 21:19:12.377684 23773184 processor.cc:740] No data in processing queue, waiting...
I1005 21:19:12.468775 2047873024 master_component.cc:1002] MasterComponent: complete regularizing model pwt
I1005 21:19:12.468798 2047873024 master_component.cc:1449] NormalizeModelArgs: pwt_target_name=pwt, nwt_source_name=nwt, rwt_source_name=rwt
I1005 21:19:12.468807 2047873024 master_component.cc:1006] MasterComponent: start normalizing model nwt
I1005 21:19:12.535668 2047873024 master_component.cc:1034] MasterComponent: complete normalizing model nwt
I1005 21:19:12.626713 2047873024 master_component.cc:1473] DisposeModel rwt
I1005 21:19:12.643776 2047873024 master_component.cc:1059] FitOffline: ItemsProcessed, num_items=1728, num_batches=2, token_weight=808522, token_weight_in_effect=808522
I1005 21:19:12.644021 2047873024 c_interface.cc:389] Pass FitOfflineMasterModelArgs, batch_filename_size=2, batch_weight_size=2, num_collection_passes=1, reset_nwt=yes to MN4artm4core15MasterComponentEFvRKNS_25FitOfflineMasterModelArgsEE
I1005 21:19:12.644035 2047873024 master_component.cc:1398] ProcessBatchesArgs: nwt_target_name=nwt, batch_filename_size=2, batch_size=0, batch_weight_size=2, pwt_source_name=pwt, num_document_passes=1, regularizer=(name:SmoothSparsePhi_bcg, tau:100000), class=(text:1), class=(author:1), reuse_theta=yes, opt_for_avx=yes, predict_class_id=, reset_nwt=yes
I1005 21:19:12.662415 26992640 processor.cc:747] Processing queue has data, processing started
I1005 21:19:12.662437 23773184 processor.cc:747] Processing queue has data, processing started
I1005 21:19:12.675377 26992640 processor.cc:820] Processor: start processing batch 9c23b95c-f346-4325-b42f-e1077d7eb167 into model nwt
I1005 21:19:12.687088 23773184 processor.cc:820] Processor: start processing batch b9d30a3d-854c-45de-99e2-a3024e15e2e9 into model nwt
I1005 21:19:12.824297 26992640 processor.cc:925] Processor: complete processing batch 9c23b95c-f346-4325-b42f-e1077d7eb167 into model nwt
I1005 21:19:12.828342 26992640 cuckoo_watch.h:45] 165ms in ProcessBatch(lectures_batches/aaaaaa.batch) [including 12ms in LoadMessage; 7ms in InitializeSparseNdw; 0ms in FindReuseThetaCacheEntry; 9ms in InitializeTheta; 0ms in CreateRegularizerAgents; 83ms in InferThetaAndUpdateNwtSparse; 0ms in UpdateCacheEntry; 3ms in CalculateScore(sparsity_theta_score); 45ms in CalculateScore(^^^ItemsProcessedScore^^^); ]
