I1005 21:18:21.279974 2047873024 master_component.cc:1473] DisposeModel rwt
I1005 21:18:21.298151 2047873024 master_component.cc:1059] FitOffline: ItemsProcessed, num_items=1728, num_batches=2, token_weight=808522, token_weight_in_effect=808522
I1005 21:18:21.298399 2047873024 c_interface.cc:389] Pass FitOfflineMasterModelArgs, batch_filename_size=2, batch_weight_size=2, num_collection_passes=1, reset_nwt=yes to MN4artm4core15MasterComponentEFvRKNS_25FitOfflineMasterModelArgsEE
I1005 21:18:21.298413 2047873024 master_component.cc:1398] ProcessBatchesArgs: nwt_target_name=nwt, batch_filename_size=2, batch_size=0, batch_weight_size=2, pwt_source_name=pwt, num_document_passes=1, regularizer=(name:SmoothSparsePhi_bcg, tau:100000), class=(text:1), class=(author:1), reuse_theta=yes, opt_for_avx=yes, predict_class_id=, reset_nwt=yes
I1005 21:18:21.317643 24309760 processor.cc:747] Processing queue has data, processing started
I1005 21:18:21.317639 24846336 processor.cc:747] Processing queue has data, processing started
I1005 21:18:21.331413 24846336 processor.cc:820] Processor: start processing batch e5030de3-8abd-4032-8d24-b273d0c8d586 into model nwt
I1005 21:18:21.342878 24309760 processor.cc:820] Processor: start processing batch dcac163a-c52b-4687-930c-dd7115082cba into model nwt
I1005 21:18:21.495896 24846336 processor.cc:925] Processor: complete processing batch e5030de3-8abd-4032-8d24-b273d0c8d586 into model nwt
I1005 21:18:21.500298 24846336 cuckoo_watch.h:45] 182ms in ProcessBatch(lectures_batches/aaaaaa.batch) [including 13ms in LoadMessage; 9ms in InitializeSparseNdw; 0ms in FindReuseThetaCacheEntry; 8ms in InitializeTheta; 0ms in CreateRegularizerAgents; 91ms in InferThetaAndUpdateNwtSparse; 0ms in UpdateCacheEntry; 4ms in CalculateScore(sparsity_theta_score); 50ms in CalculateScore(^^^ItemsProcessedScore^^^); ]
I1005 21:18:21.523049 24846336 processor.cc:740] No data in processing queue, waiting...
I1005 21:18:21.667476 24309760 processor.cc:925] Processor: complete processing batch dcac163a-c52b-4687-930c-dd7115082cba into model nwt
I1005 21:18:21.674268 24309760 cuckoo_watch.h:45] 356ms in ProcessBatch(lectures_batches/aaaaab.batch) [including 25ms in LoadMessage; 26ms in InitializeSparseNdw; 0ms in FindReuseThetaCacheEntry; 4ms in InitializeTheta; 0ms in CreateRegularizerAgents; 184ms in InferThetaAndUpdateNwtSparse; 0ms in UpdateCacheEntry; 6ms in CalculateScore(sparsity_theta_score); 102ms in CalculateScore(^^^ItemsProcessedScore^^^); ]
I1005 21:18:21.674696 2047873024 master_component.cc:1436] RegularizeModelArgs: rwt_target_name=rwt, pwt_source_name=pwt, nwt_source_name=nwt
I1005 21:18:21.674748 2047873024 master_component.cc:976] MasterComponent: start regularizing model pwt
I1005 21:18:21.696588 24309760 processor.cc:740] No data in processing queue, waiting...
I1005 21:18:21.791486 2047873024 master_component.cc:1002] MasterComponent: complete regularizing model pwt
I1005 21:18:21.791507 2047873024 master_component.cc:1449] NormalizeModelArgs: pwt_target_name=pwt, nwt_source_name=nwt, rwt_source_name=rwt
I1005 21:18:21.791514 2047873024 master_component.cc:1006] MasterComponent: start normalizing model nwt
I1005 21:18:21.877797 2047873024 master_component.cc:1034] MasterComponent: complete normalizing model nwt
I1005 21:18:21.974002 2047873024 master_component.cc:1473] DisposeModel rwt
I1005 21:18:21.996124 2047873024 master_component.cc:1059] FitOffline: ItemsProcessed, num_items=1728, num_batches=2, token_weight=808522, token_weight_in_effect=808522
I1005 21:18:21.996373 2047873024 c_interface.cc:389] Pass FitOfflineMasterModelArgs, batch_filename_size=2, batch_weight_size=2, num_collection_passes=1, reset_nwt=yes to MN4artm4core15MasterComponentEFvRKNS_25FitOfflineMasterModelArgsEE
I1005 21:18:21.996394 2047873024 master_component.cc:1398] ProcessBatchesArgs: nwt_target_name=nwt, batch_filename_size=2, batch_size=0, batch_weight_size=2, pwt_source_name=pwt, num_document_passes=1, regularizer=(name:SmoothSparsePhi_bcg, tau:100000), class=(text:1), class=(author:1), reuse_theta=yes, opt_for_avx=yes, predict_class_id=, reset_nwt=yes
I1005 21:18:22.018131 37076992 processor.cc:747] Processing queue has data, processing started
I1005 21:18:22.018133 23773184 processor.cc:747] Processing queue has data, processing started
I1005 21:18:22.032158 37076992 processor.cc:820] Processor: start processing batch e5030de3-8abd-4032-8d24-b273d0c8d586 into model nwt
I1005 21:18:22.043653 23773184 processor.cc:820] Processor: start processing batch dcac163a-c52b-4687-930c-dd7115082cba into model nwt
I1005 21:18:22.211658 37076992 processor.cc:925] Processor: complete processing batch e5030de3-8abd-4032-8d24-b273d0c8d586 into model nwt
I1005 21:18:22.217032 37076992 cuckoo_watch.h:45] 198ms in ProcessBatch(lectures_batches/aaaaaa.batch) [including 13ms in LoadMessage; 8ms in InitializeSparseNdw; 0ms in FindReuseThetaCacheEntry; 9ms in InitializeTheta; 0ms in CreateRegularizerAgents; 99ms in InferThetaAndUpdateNwtSparse; 0ms in UpdateCacheEntry; 4ms in CalculateScore(sparsity_theta_score); 57ms in CalculateScore(^^^ItemsProcessedScore^^^); ]
I1005 21:18:22.239286 37076992 processor.cc:740] No data in processing queue, waiting...
I1005 21:18:22.428870 23773184 processor.cc:925] Processor: complete processing batch dcac163a-c52b-4687-930c-dd7115082cba into model nwt
I1005 21:18:22.435679 23773184 cuckoo_watch.h:45] 417ms in ProcessBatch(lectures_batches/aaaaab.batch) [including 25ms in LoadMessage; 21ms in InitializeSparseNdw; 0ms in FindReuseThetaCacheEntry; 4ms in InitializeTheta; 0ms in CreateRegularizerAgents; 232ms in InferThetaAndUpdateNwtSparse; 0ms in UpdateCacheEntry; 5ms in CalculateScore(sparsity_theta_score); 120ms in CalculateScore(^^^ItemsProcessedScore^^^); ]
I1005 21:18:22.436313 2047873024 master_component.cc:1436] RegularizeModelArgs: rwt_target_name=rwt, pwt_source_name=pwt, nwt_source_name=nwt
I1005 21:18:22.436331 2047873024 master_component.cc:976] MasterComponent: start regularizing model pwt
I1005 21:18:22.458170 23773184 processor.cc:740] No data in processing queue, waiting...
I1005 21:18:22.553254 2047873024 master_component.cc:1002] MasterComponent: complete regularizing model pwt
I1005 21:18:22.555122 2047873024 master_component.cc:1449] NormalizeModelArgs: pwt_target_name=pwt, nwt_source_name=nwt, rwt_source_name=rwt
I1005 21:18:22.555145 2047873024 master_component.cc:1006] MasterComponent: start normalizing model nwt
I1005 21:18:22.648182 2047873024 master_component.cc:1034] MasterComponent: complete normalizing model nwt
I1005 21:18:22.735168 2047873024 master_component.cc:1473] DisposeModel rwt
I1005 21:18:22.753286 2047873024 master_component.cc:1059] FitOffline: ItemsProcessed, num_items=1728, num_batches=2, token_weight=808522, token_weight_in_effect=808522
I1005 21:18:22.753530 2047873024 c_interface.cc:389] Pass FitOfflineMasterModelArgs, batch_filename_size=2, batch_weight_size=2, num_collection_passes=1, reset_nwt=yes to MN4artm4core15MasterComponentEFvRKNS_25FitOfflineMasterModelArgsEE
I1005 21:18:22.753545 2047873024 master_component.cc:1398] ProcessBatchesArgs: nwt_target_name=nwt, batch_filename_size=2, batch_size=0, batch_weight_size=2, pwt_source_name=pwt, num_document_passes=1, regularizer=(name:SmoothSparsePhi_bcg, tau:100000), class=(text:1), class=(author:1), reuse_theta=yes, opt_for_avx=yes, predict_class_id=, reset_nwt=yes
I1005 21:18:22.770917 35467264 processor.cc:747] Processing queue has data, processing started
I1005 21:18:22.770931 37076992 processor.cc:747] Processing queue has data, processing started
I1005 21:18:22.784306 35467264 processor.cc:820] Processor: start processing batch e5030de3-8abd-4032-8d24-b273d0c8d586 into model nwt
I1005 21:18:22.795048 37076992 processor.cc:820] Processor: start processing batch dcac163a-c52b-4687-930c-dd7115082cba into model nwt
I1005 21:18:22.938208 35467264 processor.cc:925] Processor: complete processing batch e5030de3-8abd-4032-8d24-b273d0c8d586 into model nwt
I1005 21:18:22.942365 35467264 cuckoo_watch.h:45] 171ms in ProcessBatch(lectures_batches/aaaaaa.batch) [including 13ms in LoadMessage; 8ms in InitializeSparseNdw; 0ms in FindReuseThetaCacheEntry; 8ms in InitializeTheta; 0ms in CreateRegularizerAgents; 84ms in InferThetaAndUpdateNwtSparse; 0ms in UpdateCacheEntry; 3ms in CalculateScore(sparsity_theta_score); 48ms in CalculateScore(^^^ItemsProcessedScore^^^); ]
I1005 21:18:22.964860 35467264 processor.cc:740] No data in processing queue, waiting...
I1005 21:18:23.118006 37076992 processor.cc:925] Processor: complete processing batch dcac163a-c52b-4687-930c-dd7115082cba into model nwt
I1005 21:18:23.124150 37076992 cuckoo_watch.h:45] 353ms in ProcessBatch(lectures_batches/aaaaab.batch) [including 24ms in LoadMessage; 20ms in InitializeSparseNdw; 0ms in FindReuseThetaCacheEntry; 3ms in InitializeTheta; 0ms in CreateRegularizerAgents; 179ms in InferThetaAndUpdateNwtSparse; 0ms in UpdateCacheEntry; 7ms in CalculateScore(sparsity_theta_score); 111ms in CalculateScore(^^^ItemsProcessedScore^^^); ]
I1005 21:18:23.124619 2047873024 master_component.cc:1436] RegularizeModelArgs: rwt_target_name=rwt, pwt_source_name=pwt, nwt_source_name=nwt
I1005 21:18:23.124637 2047873024 master_component.cc:976] MasterComponent: start regularizing model pwt
I1005 21:18:23.148051 37076992 processor.cc:740] No data in processing queue, waiting...
I1005 21:18:23.228314 2047873024 master_component.cc:1002] MasterComponent: complete regularizing model pwt
I1005 21:18:23.228332 2047873024 master_component.cc:1449] NormalizeModelArgs: pwt_target_name=pwt, nwt_source_name=nwt, rwt_source_name=rwt
I1005 21:18:23.228338 2047873024 master_component.cc:1006] MasterComponent: start normalizing model nwt
I1005 21:18:23.307495 2047873024 master_component.cc:1034] MasterComponent: complete normalizing model nwt
I1005 21:18:23.381487 2047873024 master_component.cc:1473] DisposeModel rwt
I1005 21:18:23.397614 2047873024 master_component.cc:1059] FitOffline: ItemsProcessed, num_items=1728, num_batches=2, token_weight=808522, token_weight_in_effect=808522
I1005 21:18:23.397852 2047873024 c_interface.cc:389] Pass FitOfflineMasterModelArgs, batch_filename_size=2, batch_weight_size=2, num_collection_passes=1, reset_nwt=yes to MN4artm4core15MasterComponentEFvRKNS_25FitOfflineMasterModelArgsEE
I1005 21:18:23.397895 2047873024 master_component.cc:1398] ProcessBatchesArgs: nwt_target_name=nwt, batch_filename_size=2, batch_size=0, batch_weight_size=2, pwt_source_name=pwt, num_document_passes=1, regularizer=(name:SmoothSparsePhi_bcg, tau:100000), class=(text:1), class=(author:1), reuse_theta=yes, opt_for_avx=yes, predict_class_id=, reset_nwt=yes
I1005 21:18:23.416714 36003840 processor.cc:747] Processing queue has data, processing started
I1005 21:18:23.416743 35467264 processor.cc:747] Processing queue has data, processing started
I1005 21:18:23.430454 36003840 processor.cc:820] Processor: start processing batch e5030de3-8abd-4032-8d24-b273d0c8d586 into model nwt
I1005 21:18:23.440556 35467264 processor.cc:820] Processor: start processing batch dcac163a-c52b-4687-930c-dd7115082cba into model nwt
I1005 21:18:23.577786 36003840 processor.cc:925] Processor: complete processing batch e5030de3-8abd-4032-8d24-b273d0c8d586 into model nwt
I1005 21:18:23.582128 36003840 cuckoo_watch.h:45] 165ms in ProcessBatch(lectures_batches/aaaaaa.batch) [including 13ms in LoadMessage; 7ms in InitializeSparseNdw; 0ms in FindReuseThetaCacheEntry; 8ms in InitializeTheta; 0ms in CreateRegularizerAgents; 82ms in InferThetaAndUpdateNwtSparse; 0ms in UpdateCacheEntry; 3ms in CalculateScore(sparsity_theta_score); 44ms in CalculateScore(^^^ItemsProcessedScore^^^); ]
I1005 21:18:23.604883 36003840 processor.cc:740] No data in processing queue, waiting...
I1005 21:18:23.771955 35467264 processor.cc:925] Processor: complete processing batch dcac163a-c52b-4687-930c-dd7115082cba into model nwt
I1005 21:18:23.778728 35467264 cuckoo_watch.h:45] 361ms in ProcessBatch(lectures_batches/aaaaab.batch) [including 23ms in LoadMessage; 22ms in InitializeSparseNdw; 0ms in FindReuseThetaCacheEntry; 4ms in InitializeTheta; 0ms in CreateRegularizerAgents; 192ms in InferThetaAndUpdateNwtSparse; 0ms in UpdateCacheEntry; 5ms in CalculateScore(sparsity_theta_score); 105ms in CalculateScore(^^^ItemsProcessedScore^^^); ]
I1005 21:18:23.779224 2047873024 master_component.cc:1436] RegularizeModelArgs: rwt_target_name=rwt, pwt_source_name=pwt, nwt_source_name=nwt
I1005 21:18:23.779256 2047873024 master_component.cc:976] MasterComponent: start regularizing model pwt
I1005 21:18:23.802912 35467264 processor.cc:740] No data in processing queue, waiting...
I1005 21:18:23.893133 2047873024 master_component.cc:1002] MasterComponent: complete regularizing model pwt
I1005 21:18:23.893155 2047873024 master_component.cc:1449] NormalizeModelArgs: pwt_target_name=pwt, nwt_source_name=nwt, rwt_source_name=rwt
I1005 21:18:23.893162 2047873024 master_component.cc:1006] MasterComponent: start normalizing model nwt
I1005 21:18:23.973076 2047873024 master_component.cc:1034] MasterComponent: complete normalizing model nwt
I1005 21:18:24.059197 2047873024 master_component.cc:1473] DisposeModel rwt
I1005 21:18:24.077688 2047873024 master_component.cc:1059] FitOffline: ItemsProcessed, num_items=1728, num_batches=2, token_weight=808522, token_weight_in_effect=808522
I1005 21:18:24.077946 2047873024 c_interface.cc:389] Pass FitOfflineMasterModelArgs, batch_filename_size=2, batch_weight_size=2, num_collection_passes=1, reset_nwt=yes to MN4artm4core15MasterComponentEFvRKNS_25FitOfflineMasterModelArgsEE
I1005 21:18:24.077960 2047873024 master_component.cc:1398] ProcessBatchesArgs: nwt_target_name=nwt, batch_filename_size=2, batch_size=0, batch_weight_size=2, pwt_source_name=pwt, num_document_passes=1, regularizer=(name:SmoothSparsePhi_bcg, tau:100000), class=(text:1), class=(author:1), reuse_theta=yes, opt_for_avx=yes, predict_class_id=, reset_nwt=yes
I1005 21:18:24.096596 34930688 processor.cc:747] Processing queue has data, processing started
I1005 21:18:24.096601 24846336 processor.cc:747] Processing queue has data, processing started
I1005 21:18:24.110540 34930688 processor.cc:820] Processor: start processing batch e5030de3-8abd-4032-8d24-b273d0c8d586 into model nwt
I1005 21:18:24.121461 24846336 processor.cc:820] Processor: start processing batch dcac163a-c52b-4687-930c-dd7115082cba into model nwt
I1005 21:18:24.292793 34930688 processor.cc:925] Processor: complete processing batch e5030de3-8abd-4032-8d24-b273d0c8d586 into model nwt
I1005 21:18:24.297333 34930688 cuckoo_watch.h:45] 200ms in ProcessBatch(lectures_batches/aaaaaa.batch) [including 13ms in LoadMessage; 8ms in InitializeSparseNdw; 0ms in FindReuseThetaCacheEntry; 9ms in InitializeTheta; 0ms in CreateRegularizerAgents; 105ms in InferThetaAndUpdateNwtSparse; 0ms in UpdateCacheEntry; 3ms in CalculateScore(sparsity_theta_score); 54ms in CalculateScore(^^^ItemsProcessedScore^^^); ]
I1005 21:18:24.319806 34930688 processor.cc:740] No data in processing queue, waiting...
I1005 21:18:24.452787 24846336 processor.cc:925] Processor: complete processing batch dcac163a-c52b-4687-930c-dd7115082cba into model nwt
I1005 21:18:24.461746 24846336 cuckoo_watch.h:45] 365ms in ProcessBatch(lectures_batches/aaaaab.batch) [including 24ms in LoadMessage; 23ms in InitializeSparseNdw; 0ms in FindReuseThetaCacheEntry; 4ms in InitializeTheta; 0ms in CreateRegularizerAgents; 197ms in InferThetaAndUpdateNwtSparse; 0ms in UpdateCacheEntry; 5ms in CalculateScore(sparsity_theta_score); 100ms in CalculateScore(^^^ItemsProcessedScore^^^); ]
I1005 21:18:24.462590 2047873024 master_component.cc:1436] RegularizeModelArgs: rwt_target_name=rwt, pwt_source_name=pwt, nwt_source_name=nwt
I1005 21:18:24.462635 2047873024 master_component.cc:976] MasterComponent: start regularizing model pwt
I1005 21:18:24.485591 24846336 processor.cc:740] No data in processing queue, waiting...
I1005 21:18:24.572486 2047873024 master_component.cc:1002] MasterComponent: complete regularizing model pwt
I1005 21:18:24.572515 2047873024 master_component.cc:1449] NormalizeModelArgs: pwt_target_name=pwt, nwt_source_name=nwt, rwt_source_name=rwt
I1005 21:18:24.572521 2047873024 master_component.cc:1006] MasterComponent: start normalizing model nwt
I1005 21:18:24.651824 2047873024 master_component.cc:1034] MasterComponent: complete normalizing model nwt
I1005 21:18:24.730310 2047873024 master_component.cc:1473] DisposeModel rwt
I1005 21:18:24.746901 2047873024 master_component.cc:1059] FitOffline: ItemsProcessed, num_items=1728, num_batches=2, token_weight=808522, token_weight_in_effect=808522
I1005 21:18:24.753676 2047873024 c_interface.cc:231] ArtmCopyRequestedMessage is copying 1271 bytes...
I1005 21:18:24.771266 2047873024 c_interface.cc:231] ArtmCopyRequestedMessage is copying 1230 bytes...
I1005 21:18:24.777604 2047873024 c_interface.cc:231] ArtmCopyRequestedMessage is copying 1271 bytes...
I1005 21:18:24.779865 2047873024 c_interface.cc:231] ArtmCopyRequestedMessage is copying 1230 bytes...
I1005 21:18:36.982693 37076992 processor.cc:732] Processor thread stopped
I1005 21:18:36.982728 37076992 processor.cc:733] Total number of processed batches: 6
I1005 21:18:36.984015 36540416 processor.cc:732] Processor thread stopped
I1005 21:18:36.984036 36540416 processor.cc:733] Total number of processed batches: 6
I1005 21:18:36.985436 36003840 processor.cc:732] Processor thread stopped
I1005 21:18:36.985463 36003840 processor.cc:733] Total number of processed batches: 3
I1005 21:18:36.986716 35467264 processor.cc:732] Processor thread stopped
I1005 21:18:36.986757 35467264 processor.cc:733] Total number of processed batches: 13
I1005 21:18:36.988126 34930688 processor.cc:732] Processor thread stopped
I1005 21:18:36.988157 34930688 processor.cc:733] Total number of processed batches: 10
I1005 21:18:36.989518 24846336 processor.cc:732] Processor thread stopped
I1005 21:18:36.989557 24846336 processor.cc:733] Total number of processed batches: 7
I1005 21:18:36.990890 24309760 processor.cc:732] Processor thread stopped
I1005 21:18:36.990926 24309760 processor.cc:733] Total number of processed batches: 8
I1005 21:18:36.992316 23773184 processor.cc:732] Processor thread stopped
I1005 21:18:36.992352 23773184 processor.cc:733] Total number of processed batches: 7
I1005 21:18:37.035403 2047873024 c_interface.cc:339] Disposing MasterComponent (id=4)...
I1005 21:18:37.035620 2047873024 c_interface.cc:375] Pass 5451147e-9f99-4157-b8e4-e55057520bb3 to MN4artm4core15MasterComponentEFvRKNSt3__112basic_stringIcNS2_11char_traitsIcEENS2_9allocatorIcEEEEE
I1005 21:18:37.042970 2047873024 c_interface.cc:339] Disposing MasterComponent (id=1)...
I1005 21:18:37.043066 2047873024 c_interface.cc:375] Pass dictionary to MN4artm4core15MasterComponentEFvRKNSt3__112basic_stringIcNS2_11char_traitsIcEENS2_9allocatorIcEEEEE
I1005 21:18:37.049793 2047873024 c_interface.cc:339] Disposing MasterComponent (id=5)...
