I1005 19:48:15.258384 2047873024 master_component.cc:1398] ProcessBatchesArgs: nwt_target_name=nwt, batch_filename_size=2, batch_size=0, batch_weight_size=2, pwt_source_name=pwt, num_document_passes=10, regularizer=(name:SmoothSparsePhi, tau:100000), class=(author:1), class=(text:1), reuse_theta=no, opt_for_avx=yes, predict_class_id=, reset_nwt=yes
I1005 19:48:15.275668 26456064 processor.cc:747] Processing queue has data, processing started
I1005 19:48:15.275660 26992640 processor.cc:747] Processing queue has data, processing started
I1005 19:48:15.288707 26992640 processor.cc:820] Processor: start processing batch 8e5324c3-60ac-4fe0-8596-6b66efde3474 into model nwt
I1005 19:48:15.299214 26456064 processor.cc:820] Processor: start processing batch f77511fa-f51f-43d7-8787-787d83058187 into model nwt
I1005 19:48:15.506865 26992640 processor.cc:925] Processor: complete processing batch 8e5324c3-60ac-4fe0-8596-6b66efde3474 into model nwt
I1005 19:48:15.510602 26992640 cuckoo_watch.h:45] 234ms in ProcessBatch(lectures_batches/aaaaaa.batch) [including 13ms in LoadMessage; 8ms in InitializeSparseNdw; 0ms in InitializeTheta; 0ms in CreateRegularizerAgents; 163ms in InferThetaAndUpdateNwtSparse; 46ms in CalculateScore(^^^ItemsProcessedScore^^^); ]
I1005 19:48:15.533211 26992640 processor.cc:740] No data in processing queue, waiting...
I1005 19:48:15.784677 26456064 processor.cc:925] Processor: complete processing batch f77511fa-f51f-43d7-8787-787d83058187 into model nwt
I1005 19:48:15.790405 26456064 cuckoo_watch.h:45] 514ms in ProcessBatch(lectures_batches/aaaaab.batch) [including 23ms in LoadMessage; 18ms in InitializeSparseNdw; 0ms in InitializeTheta; 0ms in CreateRegularizerAgents; 365ms in InferThetaAndUpdateNwtSparse; 100ms in CalculateScore(^^^ItemsProcessedScore^^^); ]
I1005 19:48:15.791458 2047873024 master_component.cc:1436] RegularizeModelArgs: rwt_target_name=rwt, pwt_source_name=pwt, nwt_source_name=nwt
I1005 19:48:15.791496 2047873024 master_component.cc:976] MasterComponent: start regularizing model pwt
I1005 19:48:15.814607 26456064 processor.cc:740] No data in processing queue, waiting...
I1005 19:48:15.900390 2047873024 master_component.cc:1002] MasterComponent: complete regularizing model pwt
I1005 19:48:15.900410 2047873024 master_component.cc:1449] NormalizeModelArgs: pwt_target_name=pwt, nwt_source_name=nwt, rwt_source_name=rwt
I1005 19:48:15.900416 2047873024 master_component.cc:1006] MasterComponent: start normalizing model nwt
I1005 19:48:15.976887 2047873024 master_component.cc:1034] MasterComponent: complete normalizing model nwt
I1005 19:48:16.035531 2047873024 master_component.cc:1473] DisposeModel rwt
I1005 19:48:16.049840 2047873024 master_component.cc:1059] FitOffline: ItemsProcessed, num_items=1728, num_batches=2, token_weight=808522, token_weight_in_effect=808522
I1005 19:48:16.050221 2047873024 c_interface.cc:389] Pass FitOfflineMasterModelArgs, batch_filename_size=2, batch_weight_size=2, num_collection_passes=1, reset_nwt=yes to MN4artm4core15MasterComponentEFvRKNS_25FitOfflineMasterModelArgsEE
I1005 19:48:16.050277 2047873024 master_component.cc:1398] ProcessBatchesArgs: nwt_target_name=nwt, batch_filename_size=2, batch_size=0, batch_weight_size=2, pwt_source_name=pwt, num_document_passes=10, regularizer=(name:SmoothSparsePhi, tau:100000), class=(author:1), class=(text:1), reuse_theta=no, opt_for_avx=yes, predict_class_id=, reset_nwt=yes
I1005 19:48:16.069037 27529216 processor.cc:747] Processing queue has data, processing started
I1005 19:48:16.069032 24846336 processor.cc:747] Processing queue has data, processing started
I1005 19:48:16.082453 24846336 processor.cc:820] Processor: start processing batch 8e5324c3-60ac-4fe0-8596-6b66efde3474 into model nwt
I1005 19:48:16.094293 27529216 processor.cc:820] Processor: start processing batch f77511fa-f51f-43d7-8787-787d83058187 into model nwt
I1005 19:48:16.294745 24846336 processor.cc:925] Processor: complete processing batch 8e5324c3-60ac-4fe0-8596-6b66efde3474 into model nwt
I1005 19:48:16.298173 24846336 cuckoo_watch.h:45] 229ms in ProcessBatch(lectures_batches/aaaaaa.batch) [including 13ms in LoadMessage; 9ms in InitializeSparseNdw; 0ms in InitializeTheta; 0ms in CreateRegularizerAgents; 158ms in InferThetaAndUpdateNwtSparse; 44ms in CalculateScore(^^^ItemsProcessedScore^^^); ]
I1005 19:48:16.320919 24846336 processor.cc:740] No data in processing queue, waiting...
I1005 19:48:16.549687 27529216 processor.cc:925] Processor: complete processing batch f77511fa-f51f-43d7-8787-787d83058187 into model nwt
I1005 19:48:16.555529 27529216 cuckoo_watch.h:45] 486ms in ProcessBatch(lectures_batches/aaaaab.batch) [including 25ms in LoadMessage; 19ms in InitializeSparseNdw; 0ms in InitializeTheta; 0ms in CreateRegularizerAgents; 339ms in InferThetaAndUpdateNwtSparse; 96ms in CalculateScore(^^^ItemsProcessedScore^^^); ]
I1005 19:48:16.556437 2047873024 master_component.cc:1436] RegularizeModelArgs: rwt_target_name=rwt, pwt_source_name=pwt, nwt_source_name=nwt
I1005 19:48:16.556484 2047873024 master_component.cc:976] MasterComponent: start regularizing model pwt
I1005 19:48:16.579440 27529216 processor.cc:740] No data in processing queue, waiting...
I1005 19:48:16.659585 2047873024 master_component.cc:1002] MasterComponent: complete regularizing model pwt
I1005 19:48:16.659605 2047873024 master_component.cc:1449] NormalizeModelArgs: pwt_target_name=pwt, nwt_source_name=nwt, rwt_source_name=rwt
I1005 19:48:16.659612 2047873024 master_component.cc:1006] MasterComponent: start normalizing model nwt
I1005 19:48:16.736389 2047873024 master_component.cc:1034] MasterComponent: complete normalizing model nwt
I1005 19:48:16.803192 2047873024 master_component.cc:1473] DisposeModel rwt
I1005 19:48:16.820895 2047873024 master_component.cc:1059] FitOffline: ItemsProcessed, num_items=1728, num_batches=2, token_weight=808522, token_weight_in_effect=808522
I1005 19:48:16.821144 2047873024 c_interface.cc:389] Pass FitOfflineMasterModelArgs, batch_filename_size=2, batch_weight_size=2, num_collection_passes=1, reset_nwt=yes to MN4artm4core15MasterComponentEFvRKNS_25FitOfflineMasterModelArgsEE
I1005 19:48:16.821158 2047873024 master_component.cc:1398] ProcessBatchesArgs: nwt_target_name=nwt, batch_filename_size=2, batch_size=0, batch_weight_size=2, pwt_source_name=pwt, num_document_passes=10, regularizer=(name:SmoothSparsePhi, tau:100000), class=(author:1), class=(text:1), reuse_theta=no, opt_for_avx=yes, predict_class_id=, reset_nwt=yes
I1005 19:48:16.839592 24309760 processor.cc:747] Processing queue has data, processing started
I1005 19:48:16.839601 25919488 processor.cc:747] Processing queue has data, processing started
I1005 19:48:16.853197 24309760 processor.cc:820] Processor: start processing batch 8e5324c3-60ac-4fe0-8596-6b66efde3474 into model nwt
I1005 19:48:16.864936 25919488 processor.cc:820] Processor: start processing batch f77511fa-f51f-43d7-8787-787d83058187 into model nwt
I1005 19:48:17.065250 24309760 processor.cc:925] Processor: complete processing batch 8e5324c3-60ac-4fe0-8596-6b66efde3474 into model nwt
I1005 19:48:17.068667 24309760 cuckoo_watch.h:45] 229ms in ProcessBatch(lectures_batches/aaaaaa.batch) [including 13ms in LoadMessage; 8ms in InitializeSparseNdw; 0ms in InitializeTheta; 0ms in CreateRegularizerAgents; 158ms in InferThetaAndUpdateNwtSparse; 45ms in CalculateScore(^^^ItemsProcessedScore^^^); ]
I1005 19:48:17.091219 24309760 processor.cc:740] No data in processing queue, waiting...
I1005 19:48:17.327312 25919488 processor.cc:925] Processor: complete processing batch f77511fa-f51f-43d7-8787-787d83058187 into model nwt
I1005 19:48:17.333192 25919488 cuckoo_watch.h:45] 493ms in ProcessBatch(lectures_batches/aaaaab.batch) [including 25ms in LoadMessage; 21ms in InitializeSparseNdw; 0ms in InitializeTheta; 0ms in CreateRegularizerAgents; 348ms in InferThetaAndUpdateNwtSparse; 92ms in CalculateScore(^^^ItemsProcessedScore^^^); ]
I1005 19:48:17.333808 2047873024 master_component.cc:1436] RegularizeModelArgs: rwt_target_name=rwt, pwt_source_name=pwt, nwt_source_name=nwt
I1005 19:48:17.333854 2047873024 master_component.cc:976] MasterComponent: start regularizing model pwt
I1005 19:48:17.357301 25919488 processor.cc:740] No data in processing queue, waiting...
I1005 19:48:17.431634 2047873024 master_component.cc:1002] MasterComponent: complete regularizing model pwt
I1005 19:48:17.431654 2047873024 master_component.cc:1449] NormalizeModelArgs: pwt_target_name=pwt, nwt_source_name=nwt, rwt_source_name=rwt
I1005 19:48:17.431660 2047873024 master_component.cc:1006] MasterComponent: start normalizing model nwt
I1005 19:48:17.515594 2047873024 master_component.cc:1034] MasterComponent: complete normalizing model nwt
I1005 19:48:17.577523 2047873024 master_component.cc:1473] DisposeModel rwt
I1005 19:48:17.592799 2047873024 master_component.cc:1059] FitOffline: ItemsProcessed, num_items=1728, num_batches=2, token_weight=808522, token_weight_in_effect=808522
I1005 19:48:17.593039 2047873024 c_interface.cc:389] Pass FitOfflineMasterModelArgs, batch_filename_size=2, batch_weight_size=2, num_collection_passes=1, reset_nwt=yes to MN4artm4core15MasterComponentEFvRKNS_25FitOfflineMasterModelArgsEE
I1005 19:48:17.593055 2047873024 master_component.cc:1398] ProcessBatchesArgs: nwt_target_name=nwt, batch_filename_size=2, batch_size=0, batch_weight_size=2, pwt_source_name=pwt, num_document_passes=10, regularizer=(name:SmoothSparsePhi, tau:100000), class=(author:1), class=(text:1), reuse_theta=no, opt_for_avx=yes, predict_class_id=, reset_nwt=yes
I1005 19:48:17.610249 24846336 processor.cc:747] Processing queue has data, processing started
I1005 19:48:17.610258 26456064 processor.cc:747] Processing queue has data, processing started
I1005 19:48:17.623383 24846336 processor.cc:820] Processor: start processing batch 8e5324c3-60ac-4fe0-8596-6b66efde3474 into model nwt
I1005 19:48:17.634220 26456064 processor.cc:820] Processor: start processing batch f77511fa-f51f-43d7-8787-787d83058187 into model nwt
I1005 19:48:17.840729 24846336 processor.cc:925] Processor: complete processing batch 8e5324c3-60ac-4fe0-8596-6b66efde3474 into model nwt
I1005 19:48:17.844133 24846336 cuckoo_watch.h:45] 233ms in ProcessBatch(lectures_batches/aaaaaa.batch) [including 13ms in LoadMessage; 8ms in InitializeSparseNdw; 0ms in InitializeTheta; 0ms in CreateRegularizerAgents; 164ms in InferThetaAndUpdateNwtSparse; 44ms in CalculateScore(^^^ItemsProcessedScore^^^); ]
I1005 19:48:17.866207 24846336 processor.cc:740] No data in processing queue, waiting...
I1005 19:48:18.126837 26456064 processor.cc:925] Processor: complete processing batch f77511fa-f51f-43d7-8787-787d83058187 into model nwt
I1005 19:48:18.133342 26456064 cuckoo_watch.h:45] 523ms in ProcessBatch(lectures_batches/aaaaab.batch) [including 23ms in LoadMessage; 19ms in InitializeSparseNdw; 0ms in InitializeTheta; 0ms in CreateRegularizerAgents; 367ms in InferThetaAndUpdateNwtSparse; 105ms in CalculateScore(^^^ItemsProcessedScore^^^); ]
I1005 19:48:18.134565 2047873024 master_component.cc:1436] RegularizeModelArgs: rwt_target_name=rwt, pwt_source_name=pwt, nwt_source_name=nwt
I1005 19:48:18.134655 2047873024 master_component.cc:976] MasterComponent: start regularizing model pwt
I1005 19:48:18.157783 26456064 processor.cc:740] No data in processing queue, waiting...
I1005 19:48:18.239056 2047873024 master_component.cc:1002] MasterComponent: complete regularizing model pwt
I1005 19:48:18.239075 2047873024 master_component.cc:1449] NormalizeModelArgs: pwt_target_name=pwt, nwt_source_name=nwt, rwt_source_name=rwt
I1005 19:48:18.239081 2047873024 master_component.cc:1006] MasterComponent: start normalizing model nwt
I1005 19:48:18.316778 2047873024 master_component.cc:1034] MasterComponent: complete normalizing model nwt
I1005 19:48:18.375752 2047873024 master_component.cc:1473] DisposeModel rwt
I1005 19:48:18.392856 2047873024 master_component.cc:1059] FitOffline: ItemsProcessed, num_items=1728, num_batches=2, token_weight=808522, token_weight_in_effect=808522
I1005 19:48:18.393095 2047873024 c_interface.cc:389] Pass FitOfflineMasterModelArgs, batch_filename_size=2, batch_weight_size=2, num_collection_passes=1, reset_nwt=yes to MN4artm4core15MasterComponentEFvRKNS_25FitOfflineMasterModelArgsEE
I1005 19:48:18.393108 2047873024 master_component.cc:1398] ProcessBatchesArgs: nwt_target_name=nwt, batch_filename_size=2, batch_size=0, batch_weight_size=2, pwt_source_name=pwt, num_document_passes=10, regularizer=(name:SmoothSparsePhi, tau:100000), class=(author:1), class=(text:1), reuse_theta=no, opt_for_avx=yes, predict_class_id=, reset_nwt=yes
I1005 19:48:18.410190 24846336 processor.cc:747] Processing queue has data, processing started
I1005 19:48:18.410183 23773184 processor.cc:747] Processing queue has data, processing started
I1005 19:48:18.423382 23773184 processor.cc:820] Processor: start processing batch 8e5324c3-60ac-4fe0-8596-6b66efde3474 into model nwt
I1005 19:48:18.434517 24846336 processor.cc:820] Processor: start processing batch f77511fa-f51f-43d7-8787-787d83058187 into model nwt
I1005 19:48:18.643451 23773184 processor.cc:925] Processor: complete processing batch 8e5324c3-60ac-4fe0-8596-6b66efde3474 into model nwt
I1005 19:48:18.647213 23773184 cuckoo_watch.h:45] 236ms in ProcessBatch(lectures_batches/aaaaaa.batch) [including 13ms in LoadMessage; 7ms in InitializeSparseNdw; 0ms in InitializeTheta; 0ms in CreateRegularizerAgents; 165ms in InferThetaAndUpdateNwtSparse; 46ms in CalculateScore(^^^ItemsProcessedScore^^^); ]
I1005 19:48:18.669553 23773184 processor.cc:740] No data in processing queue, waiting...
I1005 19:48:18.925313 24846336 processor.cc:925] Processor: complete processing batch f77511fa-f51f-43d7-8787-787d83058187 into model nwt
I1005 19:48:18.931505 24846336 cuckoo_watch.h:45] 521ms in ProcessBatch(lectures_batches/aaaaab.batch) [including 24ms in LoadMessage; 21ms in InitializeSparseNdw; 0ms in InitializeTheta; 0ms in CreateRegularizerAgents; 367ms in InferThetaAndUpdateNwtSparse; 101ms in CalculateScore(^^^ItemsProcessedScore^^^); ]
I1005 19:48:18.932461 2047873024 master_component.cc:1436] RegularizeModelArgs: rwt_target_name=rwt, pwt_source_name=pwt, nwt_source_name=nwt
I1005 19:48:18.932509 2047873024 master_component.cc:976] MasterComponent: start regularizing model pwt
I1005 19:48:18.955354 24846336 processor.cc:740] No data in processing queue, waiting...
I1005 19:48:19.038410 2047873024 master_component.cc:1002] MasterComponent: complete regularizing model pwt
I1005 19:48:19.038434 2047873024 master_component.cc:1449] NormalizeModelArgs: pwt_target_name=pwt, nwt_source_name=nwt, rwt_source_name=rwt
I1005 19:48:19.038444 2047873024 master_component.cc:1006] MasterComponent: start normalizing model nwt
I1005 19:48:19.134016 2047873024 master_component.cc:1034] MasterComponent: complete normalizing model nwt
I1005 19:48:19.197906 2047873024 master_component.cc:1473] DisposeModel rwt
I1005 19:48:19.214720 2047873024 master_component.cc:1059] FitOffline: ItemsProcessed, num_items=1728, num_batches=2, token_weight=808522, token_weight_in_effect=808522
I1005 19:48:19.214996 2047873024 c_interface.cc:389] Pass FitOfflineMasterModelArgs, batch_filename_size=2, batch_weight_size=2, num_collection_passes=1, reset_nwt=yes to MN4artm4core15MasterComponentEFvRKNS_25FitOfflineMasterModelArgsEE
I1005 19:48:19.215039 2047873024 master_component.cc:1398] ProcessBatchesArgs: nwt_target_name=nwt, batch_filename_size=2, batch_size=0, batch_weight_size=2, pwt_source_name=pwt, num_document_passes=10, regularizer=(name:SmoothSparsePhi, tau:100000), class=(author:1), class=(text:1), reuse_theta=no, opt_for_avx=yes, predict_class_id=, reset_nwt=yes
I1005 19:48:19.231693 24309760 processor.cc:747] Processing queue has data, processing started
I1005 19:48:19.231675 26992640 processor.cc:747] Processing queue has data, processing started
I1005 19:48:19.244750 26992640 processor.cc:820] Processor: start processing batch 8e5324c3-60ac-4fe0-8596-6b66efde3474 into model nwt
I1005 19:48:19.256301 24309760 processor.cc:820] Processor: start processing batch f77511fa-f51f-43d7-8787-787d83058187 into model nwt
I1005 19:48:19.463838 26992640 processor.cc:925] Processor: complete processing batch 8e5324c3-60ac-4fe0-8596-6b66efde3474 into model nwt
I1005 19:48:19.467388 26992640 cuckoo_watch.h:45] 235ms in ProcessBatch(lectures_batches/aaaaaa.batch) [including 13ms in LoadMessage; 8ms in InitializeSparseNdw; 0ms in InitializeTheta; 0ms in CreateRegularizerAgents; 166ms in InferThetaAndUpdateNwtSparse; 43ms in CalculateScore(^^^ItemsProcessedScore^^^); ]
I1005 19:48:19.490538 26992640 processor.cc:740] No data in processing queue, waiting...
I1005 19:48:19.731458 24309760 processor.cc:925] Processor: complete processing batch f77511fa-f51f-43d7-8787-787d83058187 into model nwt
I1005 19:48:19.736945 24309760 cuckoo_watch.h:45] 505ms in ProcessBatch(lectures_batches/aaaaab.batch) [including 24ms in LoadMessage; 17ms in InitializeSparseNdw; 0ms in InitializeTheta; 0ms in CreateRegularizerAgents; 351ms in InferThetaAndUpdateNwtSparse; 105ms in CalculateScore(^^^ItemsProcessedScore^^^); ]
I1005 19:48:19.737608 2047873024 master_component.cc:1436] RegularizeModelArgs: rwt_target_name=rwt, pwt_source_name=pwt, nwt_source_name=nwt
I1005 19:48:19.737659 2047873024 master_component.cc:976] MasterComponent: start regularizing model pwt
I1005 19:48:19.761139 24309760 processor.cc:740] No data in processing queue, waiting...
I1005 19:48:19.840891 2047873024 master_component.cc:1002] MasterComponent: complete regularizing model pwt
I1005 19:48:19.840911 2047873024 master_component.cc:1449] NormalizeModelArgs: pwt_target_name=pwt, nwt_source_name=nwt, rwt_source_name=rwt
I1005 19:48:19.840919 2047873024 master_component.cc:1006] MasterComponent: start normalizing model nwt
I1005 19:48:19.929883 2047873024 master_component.cc:1034] MasterComponent: complete normalizing model nwt
I1005 19:48:19.990674 2047873024 master_component.cc:1473] DisposeModel rwt
I1005 19:48:20.008507 2047873024 master_component.cc:1059] FitOffline: ItemsProcessed, num_items=1728, num_batches=2, token_weight=808522, token_weight_in_effect=808522
I1005 19:48:20.008769 2047873024 c_interface.cc:389] Pass FitOfflineMasterModelArgs, batch_filename_size=2, batch_weight_size=2, num_collection_passes=1, reset_nwt=yes to MN4artm4core15MasterComponentEFvRKNS_25FitOfflineMasterModelArgsEE
I1005 19:48:20.008785 2047873024 master_component.cc:1398] ProcessBatchesArgs: nwt_target_name=nwt, batch_filename_size=2, batch_size=0, batch_weight_size=2, pwt_source_name=pwt, num_document_passes=10, regularizer=(name:SmoothSparsePhi, tau:100000), class=(author:1), class=(text:1), reuse_theta=no, opt_for_avx=yes, predict_class_id=, reset_nwt=yes
I1005 19:48:20.025846 24846336 processor.cc:747] Processing queue has data, processing started
I1005 19:48:20.025878 25919488 processor.cc:747] Processing queue has data, processing started
I1005 19:48:20.039209 24846336 processor.cc:820] Processor: start processing batch 8e5324c3-60ac-4fe0-8596-6b66efde3474 into model nwt
I1005 19:48:20.050163 25919488 processor.cc:820] Processor: start processing batch f77511fa-f51f-43d7-8787-787d83058187 into model nwt
I1005 19:48:20.283500 24846336 processor.cc:925] Processor: complete processing batch 8e5324c3-60ac-4fe0-8596-6b66efde3474 into model nwt
I1005 19:48:20.286808 24846336 cuckoo_watch.h:45] 260ms in ProcessBatch(lectures_batches/aaaaaa.batch) [including 13ms in LoadMessage; 8ms in InitializeSparseNdw; 0ms in InitializeTheta; 0ms in CreateRegularizerAgents; 187ms in InferThetaAndUpdateNwtSparse; 48ms in CalculateScore(^^^ItemsProcessedScore^^^); ]
I1005 19:48:20.309406 24846336 processor.cc:740] No data in processing queue, waiting...
I1005 19:48:20.552083 25919488 processor.cc:925] Processor: complete processing batch f77511fa-f51f-43d7-8787-787d83058187 into model nwt
I1005 19:48:20.558224 25919488 cuckoo_watch.h:45] 532ms in ProcessBatch(lectures_batches/aaaaab.batch) [including 24ms in LoadMessage; 19ms in InitializeSparseNdw; 0ms in InitializeTheta; 0ms in CreateRegularizerAgents; 374ms in InferThetaAndUpdateNwtSparse; 107ms in CalculateScore(^^^ItemsProcessedScore^^^); ]
I1005 19:48:20.558311 2047873024 master_component.cc:1436] RegularizeModelArgs: rwt_target_name=rwt, pwt_source_name=pwt, nwt_source_name=nwt
I1005 19:48:20.558332 2047873024 master_component.cc:976] MasterComponent: start regularizing model pwt
I1005 19:48:20.582464 25919488 processor.cc:740] No data in processing queue, waiting...
I1005 19:48:20.659234 2047873024 master_component.cc:1002] MasterComponent: complete regularizing model pwt
I1005 19:48:20.659256 2047873024 master_component.cc:1449] NormalizeModelArgs: pwt_target_name=pwt, nwt_source_name=nwt, rwt_source_name=rwt
I1005 19:48:20.659266 2047873024 master_component.cc:1006] MasterComponent: start normalizing model nwt
I1005 19:48:20.734627 2047873024 master_component.cc:1034] MasterComponent: complete normalizing model nwt
I1005 19:48:20.794329 2047873024 master_component.cc:1473] DisposeModel rwt
I1005 19:48:20.814282 2047873024 master_component.cc:1059] FitOffline: ItemsProcessed, num_items=1728, num_batches=2, token_weight=808522, token_weight_in_effect=808522
I1005 19:48:20.814580 2047873024 c_interface.cc:389] Pass FitOfflineMasterModelArgs, batch_filename_size=2, batch_weight_size=2, num_collection_passes=1, reset_nwt=yes to MN4artm4core15MasterComponentEFvRKNS_25FitOfflineMasterModelArgsEE
I1005 19:48:20.814599 2047873024 master_component.cc:1398] ProcessBatchesArgs: nwt_target_name=nwt, batch_filename_size=2, batch_size=0, batch_weight_size=2, pwt_source_name=pwt, num_document_passes=10, regularizer=(name:SmoothSparsePhi, tau:100000), class=(author:1), class=(text:1), reuse_theta=no, opt_for_avx=yes, predict_class_id=, reset_nwt=yes
I1005 19:48:20.834951 26456064 processor.cc:747] Processing queue has data, processing started
I1005 19:48:20.834972 24309760 processor.cc:747] Processing queue has data, processing started
I1005 19:48:20.848881 26456064 processor.cc:820] Processor: start processing batch 8e5324c3-60ac-4fe0-8596-6b66efde3474 into model nwt
I1005 19:48:20.859246 24309760 processor.cc:820] Processor: start processing batch f77511fa-f51f-43d7-8787-787d83058187 into model nwt
I1005 19:48:21.068717 26456064 processor.cc:925] Processor: complete processing batch 8e5324c3-60ac-4fe0-8596-6b66efde3474 into model nwt
I1005 19:48:21.072119 26456064 cuckoo_watch.h:45] 237ms in ProcessBatch(lectures_batches/aaaaaa.batch) [including 13ms in LoadMessage; 7ms in InitializeSparseNdw; 0ms in InitializeTheta; 0ms in CreateRegularizerAgents; 168ms in InferThetaAndUpdateNwtSparse; 43ms in CalculateScore(^^^ItemsProcessedScore^^^); ]
I1005 19:48:21.095705 26456064 processor.cc:740] No data in processing queue, waiting...
I1005 19:48:21.352668 24309760 processor.cc:925] Processor: complete processing batch f77511fa-f51f-43d7-8787-787d83058187 into model nwt
I1005 19:48:21.358960 24309760 cuckoo_watch.h:45] 523ms in ProcessBatch(lectures_batches/aaaaab.batch) [including 24ms in LoadMessage; 18ms in InitializeSparseNdw; 0ms in InitializeTheta; 0ms in CreateRegularizerAgents; 371ms in InferThetaAndUpdateNwtSparse; 103ms in CalculateScore(^^^ItemsProcessedScore^^^); ]
I1005 19:48:21.359349 2047873024 master_component.cc:1436] RegularizeModelArgs: rwt_target_name=rwt, pwt_source_name=pwt, nwt_source_name=nwt
I1005 19:48:21.361346 2047873024 master_component.cc:976] MasterComponent: start regularizing model pwt
I1005 19:48:21.383337 24309760 processor.cc:740] No data in processing queue, waiting...
I1005 19:48:21.468407 2047873024 master_component.cc:1002] MasterComponent: complete regularizing model pwt
I1005 19:48:21.468428 2047873024 master_component.cc:1449] NormalizeModelArgs: pwt_target_name=pwt, nwt_source_name=nwt, rwt_source_name=rwt
I1005 19:48:21.468436 2047873024 master_component.cc:1006] MasterComponent: start normalizing model nwt
I1005 19:48:21.549177 2047873024 master_component.cc:1034] MasterComponent: complete normalizing model nwt
I1005 19:48:21.608986 2047873024 master_component.cc:1473] DisposeModel rwt
I1005 19:48:21.624064 2047873024 master_component.cc:1059] FitOffline: ItemsProcessed, num_items=1728, num_batches=2, token_weight=808522, token_weight_in_effect=808522
I1005 19:48:21.624341 2047873024 c_interface.cc:389] Pass FitOfflineMasterModelArgs, batch_filename_size=2, batch_weight_size=2, num_collection_passes=1, reset_nwt=yes to MN4artm4core15MasterComponentEFvRKNS_25FitOfflineMasterModelArgsEE
I1005 19:48:21.624354 2047873024 master_component.cc:1398] ProcessBatchesArgs: nwt_target_name=nwt, batch_filename_size=2, batch_size=0, batch_weight_size=2, pwt_source_name=pwt, num_document_passes=10, regularizer=(name:SmoothSparsePhi, tau:100000), class=(author:1), class=(text:1), reuse_theta=no, opt_for_avx=yes, predict_class_id=, reset_nwt=yes
I1005 19:48:21.643457 26992640 processor.cc:747] Processing queue has data, processing started
I1005 19:48:21.643465 25382912 processor.cc:747] Processing queue has data, processing started
I1005 19:48:21.656813 26992640 processor.cc:820] Processor: start processing batch 8e5324c3-60ac-4fe0-8596-6b66efde3474 into model nwt
I1005 19:48:21.667336 25382912 processor.cc:820] Processor: start processing batch f77511fa-f51f-43d7-8787-787d83058187 into model nwt
I1005 19:48:21.871310 26992640 processor.cc:925] Processor: complete processing batch 8e5324c3-60ac-4fe0-8596-6b66efde3474 into model nwt
I1005 19:48:21.874944 26992640 cuckoo_watch.h:45] 231ms in ProcessBatch(lectures_batches/aaaaaa.batch) [including 13ms in LoadMessage; 8ms in InitializeSparseNdw; 0ms in InitializeTheta; 0ms in CreateRegularizerAgents; 161ms in InferThetaAndUpdateNwtSparse; 44ms in CalculateScore(^^^ItemsProcessedScore^^^); ]
I1005 19:48:21.897254 26992640 processor.cc:740] No data in processing queue, waiting...
I1005 19:48:22.137224 25382912 processor.cc:925] Processor: complete processing batch f77511fa-f51f-43d7-8787-787d83058187 into model nwt
I1005 19:48:22.142521 25382912 cuckoo_watch.h:45] 499ms in ProcessBatch(lectures_batches/aaaaab.batch) [including 23ms in LoadMessage; 20ms in InitializeSparseNdw; 0ms in InitializeTheta; 0ms in CreateRegularizerAgents; 349ms in InferThetaAndUpdateNwtSparse; 99ms in CalculateScore(^^^ItemsProcessedScore^^^); ]
I1005 19:48:22.143093 2047873024 master_component.cc:1436] RegularizeModelArgs: rwt_target_name=rwt, pwt_source_name=pwt, nwt_source_name=nwt
I1005 19:48:22.143146 2047873024 master_component.cc:976] MasterComponent: start regularizing model pwt
I1005 19:48:22.166149 25382912 processor.cc:740] No data in processing queue, waiting...
I1005 19:48:22.242242 2047873024 master_component.cc:1002] MasterComponent: complete regularizing model pwt
I1005 19:48:22.242261 2047873024 master_component.cc:1449] NormalizeModelArgs: pwt_target_name=pwt, nwt_source_name=nwt, rwt_source_name=rwt
I1005 19:48:22.242266 2047873024 master_component.cc:1006] MasterComponent: start normalizing model nwt
I1005 19:48:22.319633 2047873024 master_component.cc:1034] MasterComponent: complete normalizing model nwt
I1005 19:48:22.384133 2047873024 master_component.cc:1473] DisposeModel rwt
I1005 19:48:22.403108 2047873024 master_component.cc:1059] FitOffline: ItemsProcessed, num_items=1728, num_batches=2, token_weight=808522, token_weight_in_effect=808522
I1005 19:48:22.403340 2047873024 c_interface.cc:389] Pass FitOfflineMasterModelArgs, batch_filename_size=2, batch_weight_size=2, num_collection_passes=1, reset_nwt=yes to MN4artm4core15MasterComponentEFvRKNS_25FitOfflineMasterModelArgsEE
I1005 19:48:22.403384 2047873024 master_component.cc:1398] ProcessBatchesArgs: nwt_target_name=nwt, batch_filename_size=2, batch_size=0, batch_weight_size=2, pwt_source_name=pwt, num_document_passes=10, regularizer=(name:SmoothSparsePhi, tau:100000), class=(author:1), class=(text:1), reuse_theta=no, opt_for_avx=yes, predict_class_id=, reset_nwt=yes
I1005 19:48:22.420871 24846336 processor.cc:747] Processing queue has data, processing started
I1005 19:48:22.420871 26992640 processor.cc:747] Processing queue has data, processing started
I1005 19:48:22.434151 26992640 processor.cc:820] Processor: start processing batch 8e5324c3-60ac-4fe0-8596-6b66efde3474 into model nwt
I1005 19:48:22.443869 24846336 processor.cc:820] Processor: start processing batch f77511fa-f51f-43d7-8787-787d83058187 into model nwt
I1005 19:48:22.654052 26992640 processor.cc:925] Processor: complete processing batch 8e5324c3-60ac-4fe0-8596-6b66efde3474 into model nwt
I1005 19:48:22.658182 26992640 cuckoo_watch.h:45] 237ms in ProcessBatch(lectures_batches/aaaaaa.batch) [including 13ms in LoadMessage; 7ms in InitializeSparseNdw; 0ms in InitializeTheta; 0ms in CreateRegularizerAgents; 164ms in InferThetaAndUpdateNwtSparse; 47ms in CalculateScore(^^^ItemsProcessedScore^^^); ]
I1005 19:48:22.680424 26992640 processor.cc:740] No data in processing queue, waiting...
I1005 19:48:22.937422 24846336 processor.cc:925] Processor: complete processing batch f77511fa-f51f-43d7-8787-787d83058187 into model nwt
I1005 19:48:22.943929 24846336 cuckoo_watch.h:45] 523ms in ProcessBatch(lectures_batches/aaaaab.batch) [including 22ms in LoadMessage; 18ms in InitializeSparseNdw; 0ms in InitializeTheta; 0ms in CreateRegularizerAgents; 365ms in InferThetaAndUpdateNwtSparse; 109ms in CalculateScore(^^^ItemsProcessedScore^^^); ]
I1005 19:48:22.944000 2047873024 master_component.cc:1436] RegularizeModelArgs: rwt_target_name=rwt, pwt_source_name=pwt, nwt_source_name=nwt
I1005 19:48:22.944015 2047873024 master_component.cc:976] MasterComponent: start regularizing model pwt
I1005 19:48:22.967514 24846336 processor.cc:740] No data in processing queue, waiting...
I1005 19:48:23.054411 2047873024 master_component.cc:1002] MasterComponent: complete regularizing model pwt
I1005 19:48:23.054433 2047873024 master_component.cc:1449] NormalizeModelArgs: pwt_target_name=pwt, nwt_source_name=nwt, rwt_source_name=rwt
I1005 19:48:23.054440 2047873024 master_component.cc:1006] MasterComponent: start normalizing model nwt
I1005 19:48:23.146394 2047873024 master_component.cc:1034] MasterComponent: complete normalizing model nwt
I1005 19:48:23.216797 2047873024 master_component.cc:1473] DisposeModel rwt
I1005 19:48:23.234612 2047873024 master_component.cc:1059] FitOffline: ItemsProcessed, num_items=1728, num_batches=2, token_weight=808522, token_weight_in_effect=808522
I1005 19:48:23.234855 2047873024 c_interface.cc:389] Pass FitOfflineMasterModelArgs, batch_filename_size=2, batch_weight_size=2, num_collection_passes=1, reset_nwt=yes to MN4artm4core15MasterComponentEFvRKNS_25FitOfflineMasterModelArgsEE
I1005 19:48:23.234869 2047873024 master_component.cc:1398] ProcessBatchesArgs: nwt_target_name=nwt, batch_filename_size=2, batch_size=0, batch_weight_size=2, pwt_source_name=pwt, num_document_passes=10, regularizer=(name:SmoothSparsePhi, tau:100000), class=(author:1), class=(text:1), reuse_theta=no, opt_for_avx=yes, predict_class_id=, reset_nwt=yes
I1005 19:48:23.253510 24309760 processor.cc:747] Processing queue has data, processing started
I1005 19:48:23.253516 23773184 processor.cc:747] Processing queue has data, processing started
I1005 19:48:23.266788 24309760 processor.cc:820] Processor: start processing batch 8e5324c3-60ac-4fe0-8596-6b66efde3474 into model nwt
I1005 19:48:23.278478 23773184 processor.cc:820] Processor: start processing batch f77511fa-f51f-43d7-8787-787d83058187 into model nwt
I1005 19:48:23.476436 24309760 processor.cc:925] Processor: complete processing batch 8e5324c3-60ac-4fe0-8596-6b66efde3474 into model nwt
I1005 19:48:23.480376 24309760 cuckoo_watch.h:45] 226ms in ProcessBatch(lectures_batches/aaaaaa.batch) [including 13ms in LoadMessage; 9ms in InitializeSparseNdw; 0ms in InitializeTheta; 0ms in CreateRegularizerAgents; 157ms in InferThetaAndUpdateNwtSparse; 42ms in CalculateScore(^^^ItemsProcessedScore^^^); ]
I1005 19:48:23.502161 24309760 processor.cc:740] No data in processing queue, waiting...
I1005 19:48:23.748440 23773184 processor.cc:925] Processor: complete processing batch f77511fa-f51f-43d7-8787-787d83058187 into model nwt
I1005 19:48:23.754634 23773184 cuckoo_watch.h:45] 501ms in ProcessBatch(lectures_batches/aaaaab.batch) [including 24ms in LoadMessage; 18ms in InitializeSparseNdw; 0ms in InitializeTheta; 0ms in CreateRegularizerAgents; 345ms in InferThetaAndUpdateNwtSparse; 106ms in CalculateScore(^^^ItemsProcessedScore^^^); ]
I1005 19:48:23.755897 2047873024 master_component.cc:1436] RegularizeModelArgs: rwt_target_name=rwt, pwt_source_name=pwt, nwt_source_name=nwt
I1005 19:48:23.755929 2047873024 master_component.cc:976] MasterComponent: start regularizing model pwt
I1005 19:48:23.778986 23773184 processor.cc:740] No data in processing queue, waiting...
I1005 19:48:23.859210 2047873024 master_component.cc:1002] MasterComponent: complete regularizing model pwt
I1005 19:48:23.859231 2047873024 master_component.cc:1449] NormalizeModelArgs: pwt_target_name=pwt, nwt_source_name=nwt, rwt_source_name=rwt
I1005 19:48:23.859237 2047873024 master_component.cc:1006] MasterComponent: start normalizing model nwt
I1005 19:48:23.936905 2047873024 master_component.cc:1034] MasterComponent: complete normalizing model nwt
I1005 19:48:23.999883 2047873024 master_component.cc:1473] DisposeModel rwt
I1005 19:48:24.017951 2047873024 master_component.cc:1059] FitOffline: ItemsProcessed, num_items=1728, num_batches=2, token_weight=808522, token_weight_in_effect=808522
I1005 19:48:24.018292 2047873024 c_interface.cc:389] Pass FitOfflineMasterModelArgs, batch_filename_size=2, batch_weight_size=2, num_collection_passes=1, reset_nwt=yes to MN4artm4core15MasterComponentEFvRKNS_25FitOfflineMasterModelArgsEE
I1005 19:48:24.018306 2047873024 master_component.cc:1398] ProcessBatchesArgs: nwt_target_name=nwt, batch_filename_size=2, batch_size=0, batch_weight_size=2, pwt_source_name=pwt, num_document_passes=10, regularizer=(name:SmoothSparsePhi, tau:100000), class=(author:1), class=(text:1), reuse_theta=no, opt_for_avx=yes, predict_class_id=, reset_nwt=yes
I1005 19:48:24.036793 26992640 processor.cc:747] Processing queue has data, processing started
I1005 19:48:24.036813 25382912 processor.cc:747] Processing queue has data, processing started
I1005 19:48:24.051631 26992640 processor.cc:820] Processor: start processing batch 8e5324c3-60ac-4fe0-8596-6b66efde3474 into model nwt
I1005 19:48:24.062506 25382912 processor.cc:820] Processor: start processing batch f77511fa-f51f-43d7-8787-787d83058187 into model nwt
I1005 19:48:24.270264 26992640 processor.cc:925] Processor: complete processing batch 8e5324c3-60ac-4fe0-8596-6b66efde3474 into model nwt
I1005 19:48:24.273733 26992640 cuckoo_watch.h:45] 236ms in ProcessBatch(lectures_batches/aaaaaa.batch) [including 14ms in LoadMessage; 8ms in InitializeSparseNdw; 0ms in InitializeTheta; 0ms in CreateRegularizerAgents; 167ms in InferThetaAndUpdateNwtSparse; 42ms in CalculateScore(^^^ItemsProcessedScore^^^); ]
I1005 19:48:24.295686 26992640 processor.cc:740] No data in processing queue, waiting...
I1005 19:48:24.528518 25382912 processor.cc:925] Processor: complete processing batch f77511fa-f51f-43d7-8787-787d83058187 into model nwt
I1005 19:48:24.534617 25382912 cuckoo_watch.h:45] 497ms in ProcessBatch(lectures_batches/aaaaab.batch) [including 25ms in LoadMessage; 21ms in InitializeSparseNdw; 0ms in InitializeTheta; 0ms in CreateRegularizerAgents; 349ms in InferThetaAndUpdateNwtSparse; 95ms in CalculateScore(^^^ItemsProcessedScore^^^); ]
I1005 19:48:24.535135 2047873024 master_component.cc:1436] RegularizeModelArgs: rwt_target_name=rwt, pwt_source_name=pwt, nwt_source_name=nwt
I1005 19:48:24.535182 2047873024 master_component.cc:976] MasterComponent: start regularizing model pwt
I1005 19:48:24.558751 25382912 processor.cc:740] No data in processing queue, waiting...
I1005 19:48:24.643867 2047873024 master_component.cc:1002] MasterComponent: complete regularizing model pwt
I1005 19:48:24.643887 2047873024 master_component.cc:1449] NormalizeModelArgs: pwt_target_name=pwt, nwt_source_name=nwt, rwt_source_name=rwt
I1005 19:48:24.643894 2047873024 master_component.cc:1006] MasterComponent: start normalizing model nwt
I1005 19:48:24.727182 2047873024 master_component.cc:1034] MasterComponent: complete normalizing model nwt
I1005 19:48:24.795912 2047873024 master_component.cc:1473] DisposeModel rwt
I1005 19:48:24.811612 2047873024 master_component.cc:1059] FitOffline: ItemsProcessed, num_items=1728, num_batches=2, token_weight=808522, token_weight_in_effect=808522
I1005 19:48:24.811841 2047873024 c_interface.cc:389] Pass FitOfflineMasterModelArgs, batch_filename_size=2, batch_weight_size=2, num_collection_passes=1, reset_nwt=yes to MN4artm4core15MasterComponentEFvRKNS_25FitOfflineMasterModelArgsEE
I1005 19:48:24.811854 2047873024 master_component.cc:1398] ProcessBatchesArgs: nwt_target_name=nwt, batch_filename_size=2, batch_size=0, batch_weight_size=2, pwt_source_name=pwt, num_document_passes=10, regularizer=(name:SmoothSparsePhi, tau:100000), class=(author:1), class=(text:1), reuse_theta=no, opt_for_avx=yes, predict_class_id=, reset_nwt=yes
I1005 19:48:24.828915 26992640 processor.cc:747] Processing queue has data, processing started
I1005 19:48:24.828922 24846336 processor.cc:747] Processing queue has data, processing started
I1005 19:48:24.842577 26992640 processor.cc:820] Processor: start processing batch 8e5324c3-60ac-4fe0-8596-6b66efde3474 into model nwt
I1005 19:48:24.852668 24846336 processor.cc:820] Processor: start processing batch f77511fa-f51f-43d7-8787-787d83058187 into model nwt
I1005 19:48:25.053539 26992640 processor.cc:925] Processor: complete processing batch 8e5324c3-60ac-4fe0-8596-6b66efde3474 into model nwt
I1005 19:48:25.056962 26992640 cuckoo_watch.h:45] 228ms in ProcessBatch(lectures_batches/aaaaaa.batch) [including 13ms in LoadMessage; 7ms in InitializeSparseNdw; 0ms in InitializeTheta; 0ms in CreateRegularizerAgents; 158ms in InferThetaAndUpdateNwtSparse; 45ms in CalculateScore(^^^ItemsProcessedScore^^^); ]
I1005 19:48:25.079041 26992640 processor.cc:740] No data in processing queue, waiting...
I1005 19:48:25.320156 24846336 processor.cc:925] Processor: complete processing batch f77511fa-f51f-43d7-8787-787d83058187 into model nwt
I1005 19:48:25.325390 24846336 cuckoo_watch.h:45] 496ms in ProcessBatch(lectures_batches/aaaaab.batch) [including 23ms in LoadMessage; 17ms in InitializeSparseNdw; 0ms in InitializeTheta; 0ms in CreateRegularizerAgents; 347ms in InferThetaAndUpdateNwtSparse; 102ms in CalculateScore(^^^ItemsProcessedScore^^^); ]
I1005 19:48:25.325448 2047873024 master_component.cc:1436] RegularizeModelArgs: rwt_target_name=rwt, pwt_source_name=pwt, nwt_source_name=nwt
I1005 19:48:25.325474 2047873024 master_component.cc:976] MasterComponent: start regularizing model pwt
I1005 19:48:25.349858 24846336 processor.cc:740] No data in processing queue, waiting...
I1005 19:48:25.426398 2047873024 master_component.cc:1002] MasterComponent: complete regularizing model pwt
I1005 19:48:25.426417 2047873024 master_component.cc:1449] NormalizeModelArgs: pwt_target_name=pwt, nwt_source_name=nwt, rwt_source_name=rwt
I1005 19:48:25.426424 2047873024 master_component.cc:1006] MasterComponent: start normalizing model nwt
I1005 19:48:25.500733 2047873024 master_component.cc:1034] MasterComponent: complete normalizing model nwt
I1005 19:48:25.559738 2047873024 master_component.cc:1473] DisposeModel rwt
I1005 19:48:25.576565 2047873024 master_component.cc:1059] FitOffline: ItemsProcessed, num_items=1728, num_batches=2, token_weight=808522, token_weight_in_effect=808522
I1005 19:48:25.576810 2047873024 c_interface.cc:389] Pass FitOfflineMasterModelArgs, batch_filename_size=2, batch_weight_size=2, num_collection_passes=1, reset_nwt=yes to MN4artm4core15MasterComponentEFvRKNS_25FitOfflineMasterModelArgsEE
I1005 19:48:25.576848 2047873024 master_component.cc:1398] ProcessBatchesArgs: nwt_target_name=nwt, batch_filename_size=2, batch_size=0, batch_weight_size=2, pwt_source_name=pwt, num_document_passes=10, regularizer=(name:SmoothSparsePhi, tau:100000), class=(author:1), class=(text:1), reuse_theta=no, opt_for_avx=yes, predict_class_id=, reset_nwt=yes
I1005 19:48:25.593547 25919488 processor.cc:747] Processing queue has data, processing started
I1005 19:48:25.593567 26456064 processor.cc:747] Processing queue has data, processing started
I1005 19:48:25.607699 25919488 processor.cc:820] Processor: start processing batch 8e5324c3-60ac-4fe0-8596-6b66efde3474 into model nwt
I1005 19:48:25.619719 26456064 processor.cc:820] Processor: start processing batch f77511fa-f51f-43d7-8787-787d83058187 into model nwt
I1005 19:48:25.832388 25919488 processor.cc:925] Processor: complete processing batch 8e5324c3-60ac-4fe0-8596-6b66efde3474 into model nwt
I1005 19:48:25.836231 25919488 cuckoo_watch.h:45] 242ms in ProcessBatch(lectures_batches/aaaaaa.batch) [including 14ms in LoadMessage; 9ms in InitializeSparseNdw; 0ms in InitializeTheta; 0ms in CreateRegularizerAgents; 168ms in InferThetaAndUpdateNwtSparse; 46ms in CalculateScore(^^^ItemsProcessedScore^^^); ]
I1005 19:48:25.859025 25919488 processor.cc:740] No data in processing queue, waiting...
I1005 19:48:26.103499 26456064 processor.cc:925] Processor: complete processing batch f77511fa-f51f-43d7-8787-787d83058187 into model nwt
I1005 19:48:26.109333 26456064 cuckoo_watch.h:45] 515ms in ProcessBatch(lectures_batches/aaaaab.batch) [including 26ms in LoadMessage; 21ms in InitializeSparseNdw; 0ms in InitializeTheta; 0ms in CreateRegularizerAgents; 362ms in InferThetaAndUpdateNwtSparse; 99ms in CalculateScore(^^^ItemsProcessedScore^^^); ]
I1005 19:48:26.109935 2047873024 master_component.cc:1436] RegularizeModelArgs: rwt_target_name=rwt, pwt_source_name=pwt, nwt_source_name=nwt
I1005 19:48:26.109966 2047873024 master_component.cc:976] MasterComponent: start regularizing model pwt
I1005 19:48:26.133435 26456064 processor.cc:740] No data in processing queue, waiting...
I1005 19:48:26.210258 2047873024 master_component.cc:1002] MasterComponent: complete regularizing model pwt
I1005 19:48:26.210276 2047873024 master_component.cc:1449] NormalizeModelArgs: pwt_target_name=pwt, nwt_source_name=nwt, rwt_source_name=rwt
I1005 19:48:26.210283 2047873024 master_component.cc:1006] MasterComponent: start normalizing model nwt
I1005 19:48:26.289628 2047873024 master_component.cc:1034] MasterComponent: complete normalizing model nwt
I1005 19:48:26.347959 2047873024 master_component.cc:1473] DisposeModel rwt
I1005 19:48:26.362622 2047873024 master_component.cc:1059] FitOffline: ItemsProcessed, num_items=1728, num_batches=2, token_weight=808522, token_weight_in_effect=808522
I1005 19:48:26.362900 2047873024 c_interface.cc:389] Pass FitOfflineMasterModelArgs, batch_filename_size=2, batch_weight_size=2, num_collection_passes=1, reset_nwt=yes to MN4artm4core15MasterComponentEFvRKNS_25FitOfflineMasterModelArgsEE
I1005 19:48:26.362913 2047873024 master_component.cc:1398] ProcessBatchesArgs: nwt_target_name=nwt, batch_filename_size=2, batch_size=0, batch_weight_size=2, pwt_source_name=pwt, num_document_passes=10, regularizer=(name:SmoothSparsePhi, tau:100000), class=(author:1), class=(text:1), reuse_theta=no, opt_for_avx=yes, predict_class_id=, reset_nwt=yes
I1005 19:48:26.381000 24846336 processor.cc:747] Processing queue has data, processing started
I1005 19:48:26.381017 26992640 processor.cc:747] Processing queue has data, processing started
I1005 19:48:26.394987 24846336 processor.cc:820] Processor: start processing batch 8e5324c3-60ac-4fe0-8596-6b66efde3474 into model nwt
I1005 19:48:26.405411 26992640 processor.cc:820] Processor: start processing batch f77511fa-f51f-43d7-8787-787d83058187 into model nwt
I1005 19:48:26.613966 24846336 processor.cc:925] Processor: complete processing batch 8e5324c3-60ac-4fe0-8596-6b66efde3474 into model nwt
I1005 19:48:26.617640 24846336 cuckoo_watch.h:45] 236ms in ProcessBatch(lectures_batches/aaaaaa.batch) [including 13ms in LoadMessage; 8ms in InitializeSparseNdw; 0ms in InitializeTheta; 0ms in CreateRegularizerAgents; 164ms in InferThetaAndUpdateNwtSparse; 46ms in CalculateScore(^^^ItemsProcessedScore^^^); ]
I1005 19:48:26.639474 24846336 processor.cc:740] No data in processing queue, waiting...
I1005 19:48:26.896852 26992640 processor.cc:925] Processor: complete processing batch f77511fa-f51f-43d7-8787-787d83058187 into model nwt
I1005 19:48:26.902580 26992640 cuckoo_watch.h:45] 521ms in ProcessBatch(lectures_batches/aaaaab.batch) [including 24ms in LoadMessage; 20ms in InitializeSparseNdw; 0ms in InitializeTheta; 0ms in CreateRegularizerAgents; 362ms in InferThetaAndUpdateNwtSparse; 108ms in CalculateScore(^^^ItemsProcessedScore^^^); ]
I1005 19:48:26.902993 2047873024 master_component.cc:1436] RegularizeModelArgs: rwt_target_name=rwt, pwt_source_name=pwt, nwt_source_name=nwt
I1005 19:48:26.903033 2047873024 master_component.cc:976] MasterComponent: start regularizing model pwt
I1005 19:48:26.926857 26992640 processor.cc:740] No data in processing queue, waiting...
I1005 19:48:27.003131 2047873024 master_component.cc:1002] MasterComponent: complete regularizing model pwt
I1005 19:48:27.003151 2047873024 master_component.cc:1449] NormalizeModelArgs: pwt_target_name=pwt, nwt_source_name=nwt, rwt_source_name=rwt
I1005 19:48:27.003157 2047873024 master_component.cc:1006] MasterComponent: start normalizing model nwt
I1005 19:48:27.080924 2047873024 master_component.cc:1034] MasterComponent: complete normalizing model nwt
I1005 19:48:27.138527 2047873024 master_component.cc:1473] DisposeModel rwt
I1005 19:48:27.153488 2047873024 master_component.cc:1059] FitOffline: ItemsProcessed, num_items=1728, num_batches=2, token_weight=808522, token_weight_in_effect=808522
I1005 19:48:27.153741 2047873024 c_interface.cc:389] Pass FitOfflineMasterModelArgs, batch_filename_size=2, batch_weight_size=2, num_collection_passes=1, reset_nwt=yes to MN4artm4core15MasterComponentEFvRKNS_25FitOfflineMasterModelArgsEE
I1005 19:48:27.153755 2047873024 master_component.cc:1398] ProcessBatchesArgs: nwt_target_name=nwt, batch_filename_size=2, batch_size=0, batch_weight_size=2, pwt_source_name=pwt, num_document_passes=10, regularizer=(name:SmoothSparsePhi, tau:100000), class=(author:1), class=(text:1), reuse_theta=no, opt_for_avx=yes, predict_class_id=, reset_nwt=yes
I1005 19:48:27.169872 26456064 processor.cc:747] Processing queue has data, processing started
I1005 19:48:27.169896 26992640 processor.cc:747] Processing queue has data, processing started
I1005 19:48:27.182916 26456064 processor.cc:820] Processor: start processing batch 8e5324c3-60ac-4fe0-8596-6b66efde3474 into model nwt
I1005 19:48:27.194308 26992640 processor.cc:820] Processor: start processing batch f77511fa-f51f-43d7-8787-787d83058187 into model nwt
I1005 19:48:27.407652 26456064 processor.cc:925] Processor: complete processing batch 8e5324c3-60ac-4fe0-8596-6b66efde3474 into model nwt
I1005 19:48:27.411566 26456064 cuckoo_watch.h:45] 241ms in ProcessBatch(lectures_batches/aaaaaa.batch) [including 13ms in LoadMessage; 8ms in InitializeSparseNdw; 0ms in InitializeTheta; 0ms in CreateRegularizerAgents; 169ms in InferThetaAndUpdateNwtSparse; 47ms in CalculateScore(^^^ItemsProcessedScore^^^); ]
I1005 19:48:27.433840 26456064 processor.cc:740] No data in processing queue, waiting...
I1005 19:48:27.692273 26992640 processor.cc:925] Processor: complete processing batch f77511fa-f51f-43d7-8787-787d83058187 into model nwt
I1005 19:48:27.699064 26992640 cuckoo_watch.h:45] 529ms in ProcessBatch(lectures_batches/aaaaab.batch) [including 24ms in LoadMessage; 23ms in InitializeSparseNdw; 0ms in InitializeTheta; 0ms in CreateRegularizerAgents; 362ms in InferThetaAndUpdateNwtSparse; 111ms in CalculateScore(^^^ItemsProcessedScore^^^); ]
I1005 19:48:27.700273 2047873024 master_component.cc:1436] RegularizeModelArgs: rwt_target_name=rwt, pwt_source_name=pwt, nwt_source_name=nwt
I1005 19:48:27.700325 2047873024 master_component.cc:976] MasterComponent: start regularizing model pwt
I1005 19:48:27.723232 26992640 processor.cc:740] No data in processing queue, waiting...
I1005 19:48:27.808488 2047873024 master_component.cc:1002] MasterComponent: complete regularizing model pwt
I1005 19:48:27.808506 2047873024 master_component.cc:1449] NormalizeModelArgs: pwt_target_name=pwt, nwt_source_name=nwt, rwt_source_name=rwt
I1005 19:48:27.808512 2047873024 master_component.cc:1006] MasterComponent: start normalizing model nwt
I1005 19:48:27.890599 2047873024 master_component.cc:1034] MasterComponent: complete normalizing model nwt
I1005 19:48:27.957006 2047873024 master_component.cc:1473] DisposeModel rwt
I1005 19:48:27.974823 2047873024 master_component.cc:1059] FitOffline: ItemsProcessed, num_items=1728, num_batches=2, token_weight=808522, token_weight_in_effect=808522
I1005 19:48:27.975052 2047873024 c_interface.cc:389] Pass FitOfflineMasterModelArgs, batch_filename_size=2, batch_weight_size=2, num_collection_passes=1, reset_nwt=yes to MN4artm4core15MasterComponentEFvRKNS_25FitOfflineMasterModelArgsEE
I1005 19:48:27.975064 2047873024 master_component.cc:1398] ProcessBatchesArgs: nwt_target_name=nwt, batch_filename_size=2, batch_size=0, batch_weight_size=2, pwt_source_name=pwt, num_document_passes=10, regularizer=(name:SmoothSparsePhi, tau:100000), class=(author:1), class=(text:1), reuse_theta=no, opt_for_avx=yes, predict_class_id=, reset_nwt=yes
I1005 19:48:27.992100 27529216 processor.cc:747] Processing queue has data, processing started
I1005 19:48:27.992116 26456064 processor.cc:747] Processing queue has data, processing started
I1005 19:48:28.006106 27529216 processor.cc:820] Processor: start processing batch 8e5324c3-60ac-4fe0-8596-6b66efde3474 into model nwt
