I1005 21:12:57.862561 2047873024 master_component.cc:1436] RegularizeModelArgs: rwt_target_name=rwt, pwt_source_name=pwt, nwt_source_name=nwt
I1005 21:12:57.862583 2047873024 master_component.cc:976] MasterComponent: start regularizing model pwt
I1005 21:12:57.885972 29138944 processor.cc:740] No data in processing queue, waiting...
I1005 21:12:58.034026 2047873024 master_component.cc:1002] MasterComponent: complete regularizing model pwt
I1005 21:12:58.034046 2047873024 master_component.cc:1449] NormalizeModelArgs: pwt_target_name=pwt, nwt_source_name=nwt, rwt_source_name=rwt
I1005 21:12:58.034054 2047873024 master_component.cc:1006] MasterComponent: start normalizing model nwt
I1005 21:12:58.103230 2047873024 master_component.cc:1034] MasterComponent: complete normalizing model nwt
I1005 21:12:58.140337 2047873024 master_component.cc:1473] DisposeModel rwt
I1005 21:12:58.162217 2047873024 master_component.cc:1059] FitOffline: ItemsProcessed, num_items=1728, num_batches=2, token_weight=808522, token_weight_in_effect=808522
I1005 21:12:58.162461 2047873024 c_interface.cc:389] Pass FitOfflineMasterModelArgs, batch_filename_size=2, batch_weight_size=2, num_collection_passes=1, reset_nwt=yes to MN4artm4core15MasterComponentEFvRKNS_25FitOfflineMasterModelArgsEE
I1005 21:12:58.162474 2047873024 master_component.cc:1398] ProcessBatchesArgs: nwt_target_name=nwt, batch_filename_size=2, batch_size=0, batch_weight_size=2, pwt_source_name=pwt, num_document_passes=1, regularizer=(name:SmoothSparsePhi_bcg, tau:10000), regularizer=(name:SmoothSparsePhi_sbj, tau:-1e+10), class=(author:1), class=(text:1), reuse_theta=yes, opt_for_avx=yes, predict_class_id=, reset_nwt=yes
I1005 21:12:58.182054 27529216 processor.cc:747] Processing queue has data, processing started
I1005 21:12:58.182049 25919488 processor.cc:747] Processing queue has data, processing started
I1005 21:12:58.195753 25919488 processor.cc:820] Processor: start processing batch 09732821-7fc5-4100-ae8e-9b5b43c08823 into model nwt
I1005 21:12:58.207381 27529216 processor.cc:820] Processor: start processing batch 663592c4-c376-4a4e-9e99-8b006228477e into model nwt
I1005 21:12:58.366868 25919488 processor.cc:925] Processor: complete processing batch 09732821-7fc5-4100-ae8e-9b5b43c08823 into model nwt
I1005 21:12:58.372315 25919488 cuckoo_watch.h:45] 190ms in ProcessBatch(lectures_batches/aaaaaa.batch) [including 13ms in LoadMessage; 8ms in InitializeSparseNdw; 0ms in FindReuseThetaCacheEntry; 8ms in InitializeTheta; 0ms in CreateRegularizerAgents; 94ms in InferThetaAndUpdateNwtSparse; 0ms in UpdateCacheEntry; 4ms in CalculateScore(sparsity_theta_score); 53ms in CalculateScore(^^^ItemsProcessedScore^^^); ]
I1005 21:12:58.395467 25919488 processor.cc:740] No data in processing queue, waiting...
I1005 21:12:58.527304 27529216 processor.cc:925] Processor: complete processing batch 663592c4-c376-4a4e-9e99-8b006228477e into model nwt
I1005 21:12:58.534032 27529216 cuckoo_watch.h:45] 351ms in ProcessBatch(lectures_batches/aaaaab.batch) [including 25ms in LoadMessage; 21ms in InitializeSparseNdw; 0ms in FindReuseThetaCacheEntry; 3ms in InitializeTheta; 0ms in CreateRegularizerAgents; 180ms in InferThetaAndUpdateNwtSparse; 0ms in UpdateCacheEntry; 7ms in CalculateScore(sparsity_theta_score); 106ms in CalculateScore(^^^ItemsProcessedScore^^^); ]
I1005 21:12:58.534243 2047873024 master_component.cc:1436] RegularizeModelArgs: rwt_target_name=rwt, pwt_source_name=pwt, nwt_source_name=nwt
I1005 21:12:58.534265 2047873024 master_component.cc:976] MasterComponent: start regularizing model pwt
I1005 21:12:58.557507 27529216 processor.cc:740] No data in processing queue, waiting...
I1005 21:12:58.696882 2047873024 master_component.cc:1002] MasterComponent: complete regularizing model pwt
I1005 21:12:58.696902 2047873024 master_component.cc:1449] NormalizeModelArgs: pwt_target_name=pwt, nwt_source_name=nwt, rwt_source_name=rwt
I1005 21:12:58.696909 2047873024 master_component.cc:1006] MasterComponent: start normalizing model nwt
I1005 21:12:58.760529 2047873024 master_component.cc:1034] MasterComponent: complete normalizing model nwt
I1005 21:12:58.803918 2047873024 master_component.cc:1473] DisposeModel rwt
I1005 21:12:58.826566 2047873024 master_component.cc:1059] FitOffline: ItemsProcessed, num_items=1728, num_batches=2, token_weight=808522, token_weight_in_effect=808522
I1005 21:12:58.826824 2047873024 c_interface.cc:389] Pass FitOfflineMasterModelArgs, batch_filename_size=2, batch_weight_size=2, num_collection_passes=1, reset_nwt=yes to MN4artm4core15MasterComponentEFvRKNS_25FitOfflineMasterModelArgsEE
I1005 21:12:58.826838 2047873024 master_component.cc:1398] ProcessBatchesArgs: nwt_target_name=nwt, batch_filename_size=2, batch_size=0, batch_weight_size=2, pwt_source_name=pwt, num_document_passes=1, regularizer=(name:SmoothSparsePhi_bcg, tau:10000), regularizer=(name:SmoothSparsePhi_sbj, tau:-1e+10), class=(author:1), class=(text:1), reuse_theta=yes, opt_for_avx=yes, predict_class_id=, reset_nwt=yes
I1005 21:12:58.846985 28602368 processor.cc:747] Processing queue has data, processing started
I1005 21:12:58.846976 26456064 processor.cc:747] Processing queue has data, processing started
I1005 21:12:58.860572 26456064 processor.cc:820] Processor: start processing batch 09732821-7fc5-4100-ae8e-9b5b43c08823 into model nwt
I1005 21:12:58.870682 28602368 processor.cc:820] Processor: start processing batch 663592c4-c376-4a4e-9e99-8b006228477e into model nwt
I1005 21:12:59.028278 26456064 processor.cc:925] Processor: complete processing batch 09732821-7fc5-4100-ae8e-9b5b43c08823 into model nwt
I1005 21:12:59.033166 26456064 cuckoo_watch.h:45] 186ms in ProcessBatch(lectures_batches/aaaaaa.batch) [including 13ms in LoadMessage; 7ms in InitializeSparseNdw; 0ms in FindReuseThetaCacheEntry; 8ms in InitializeTheta; 0ms in CreateRegularizerAgents; 94ms in InferThetaAndUpdateNwtSparse; 0ms in UpdateCacheEntry; 4ms in CalculateScore(sparsity_theta_score); 51ms in CalculateScore(^^^ItemsProcessedScore^^^); ]
I1005 21:12:59.057114 26456064 processor.cc:740] No data in processing queue, waiting...
I1005 21:12:59.199766 28602368 processor.cc:925] Processor: complete processing batch 663592c4-c376-4a4e-9e99-8b006228477e into model nwt
I1005 21:12:59.207610 28602368 cuckoo_watch.h:45] 360ms in ProcessBatch(lectures_batches/aaaaab.batch) [including 23ms in LoadMessage; 20ms in InitializeSparseNdw; 0ms in FindReuseThetaCacheEntry; 4ms in InitializeTheta; 0ms in CreateRegularizerAgents; 185ms in InferThetaAndUpdateNwtSparse; 0ms in UpdateCacheEntry; 6ms in CalculateScore(sparsity_theta_score); 111ms in CalculateScore(^^^ItemsProcessedScore^^^); ]
I1005 21:12:59.208113 2047873024 master_component.cc:1436] RegularizeModelArgs: rwt_target_name=rwt, pwt_source_name=pwt, nwt_source_name=nwt
I1005 21:12:59.208155 2047873024 master_component.cc:976] MasterComponent: start regularizing model pwt
I1005 21:12:59.231415 28602368 processor.cc:740] No data in processing queue, waiting...
I1005 21:12:59.374197 2047873024 master_component.cc:1002] MasterComponent: complete regularizing model pwt
I1005 21:12:59.374217 2047873024 master_component.cc:1449] NormalizeModelArgs: pwt_target_name=pwt, nwt_source_name=nwt, rwt_source_name=rwt
I1005 21:12:59.374224 2047873024 master_component.cc:1006] MasterComponent: start normalizing model nwt
I1005 21:12:59.438745 2047873024 master_component.cc:1034] MasterComponent: complete normalizing model nwt
I1005 21:12:59.474182 2047873024 master_component.cc:1473] DisposeModel rwt
I1005 21:12:59.497287 2047873024 master_component.cc:1059] FitOffline: ItemsProcessed, num_items=1728, num_batches=2, token_weight=808522, token_weight_in_effect=808522
I1005 21:12:59.497570 2047873024 c_interface.cc:389] Pass FitOfflineMasterModelArgs, batch_filename_size=2, batch_weight_size=2, num_collection_passes=1, reset_nwt=yes to MN4artm4core15MasterComponentEFvRKNS_25FitOfflineMasterModelArgsEE
I1005 21:12:59.497584 2047873024 master_component.cc:1398] ProcessBatchesArgs: nwt_target_name=nwt, batch_filename_size=2, batch_size=0, batch_weight_size=2, pwt_source_name=pwt, num_document_passes=1, regularizer=(name:SmoothSparsePhi_bcg, tau:10000), regularizer=(name:SmoothSparsePhi_sbj, tau:-1e+10), class=(author:1), class=(text:1), reuse_theta=yes, opt_for_avx=yes, predict_class_id=, reset_nwt=yes
I1005 21:12:59.518046 25382912 processor.cc:747] Processing queue has data, processing started
I1005 21:12:59.518046 26456064 processor.cc:747] Processing queue has data, processing started
I1005 21:12:59.531755 26456064 processor.cc:820] Processor: start processing batch 09732821-7fc5-4100-ae8e-9b5b43c08823 into model nwt
I1005 21:12:59.542749 25382912 processor.cc:820] Processor: start processing batch 663592c4-c376-4a4e-9e99-8b006228477e into model nwt
I1005 21:12:59.702201 26456064 processor.cc:925] Processor: complete processing batch 09732821-7fc5-4100-ae8e-9b5b43c08823 into model nwt
I1005 21:12:59.708004 26456064 cuckoo_watch.h:45] 189ms in ProcessBatch(lectures_batches/aaaaaa.batch) [including 13ms in LoadMessage; 8ms in InitializeSparseNdw; 0ms in FindReuseThetaCacheEntry; 8ms in InitializeTheta; 0ms in CreateRegularizerAgents; 91ms in InferThetaAndUpdateNwtSparse; 0ms in UpdateCacheEntry; 4ms in CalculateScore(sparsity_theta_score); 56ms in CalculateScore(^^^ItemsProcessedScore^^^); ]
I1005 21:12:59.731770 26456064 processor.cc:740] No data in processing queue, waiting...
I1005 21:12:59.874058 25382912 processor.cc:925] Processor: complete processing batch 663592c4-c376-4a4e-9e99-8b006228477e into model nwt
I1005 21:12:59.881598 25382912 cuckoo_watch.h:45] 363ms in ProcessBatch(lectures_batches/aaaaab.batch) [including 24ms in LoadMessage; 20ms in InitializeSparseNdw; 0ms in FindReuseThetaCacheEntry; 4ms in InitializeTheta; 0ms in CreateRegularizerAgents; 183ms in InferThetaAndUpdateNwtSparse; 0ms in UpdateCacheEntry; 5ms in CalculateScore(sparsity_theta_score); 116ms in CalculateScore(^^^ItemsProcessedScore^^^); ]
I1005 21:12:59.882369 2047873024 master_component.cc:1436] RegularizeModelArgs: rwt_target_name=rwt, pwt_source_name=pwt, nwt_source_name=nwt
I1005 21:12:59.882421 2047873024 master_component.cc:976] MasterComponent: start regularizing model pwt
I1005 21:12:59.905700 25382912 processor.cc:740] No data in processing queue, waiting...
I1005 21:13:00.045681 2047873024 master_component.cc:1002] MasterComponent: complete regularizing model pwt
I1005 21:13:00.045702 2047873024 master_component.cc:1449] NormalizeModelArgs: pwt_target_name=pwt, nwt_source_name=nwt, rwt_source_name=rwt
I1005 21:13:00.045709 2047873024 master_component.cc:1006] MasterComponent: start normalizing model nwt
I1005 21:13:00.120052 2047873024 master_component.cc:1034] MasterComponent: complete normalizing model nwt
I1005 21:13:00.164155 2047873024 master_component.cc:1473] DisposeModel rwt
I1005 21:13:00.187064 2047873024 master_component.cc:1059] FitOffline: ItemsProcessed, num_items=1728, num_batches=2, token_weight=808522, token_weight_in_effect=808522
I1005 21:13:00.194876 2047873024 c_interface.cc:231] ArtmCopyRequestedMessage is copying 1916 bytes...
I1005 21:13:00.213052 2047873024 c_interface.cc:231] ArtmCopyRequestedMessage is copying 1845 bytes...
I1005 21:13:00.216574 2047873024 c_interface.cc:231] ArtmCopyRequestedMessage is copying 1916 bytes...
I1005 21:13:00.219204 2047873024 c_interface.cc:231] ArtmCopyRequestedMessage is copying 1845 bytes...
I1005 21:13:07.513029 2047873024 c_interface.cc:231] ArtmCopyRequestedMessage is copying 341894 bytes...
I1005 21:13:20.848698 2047873024 c_interface.cc:231] ArtmCopyRequestedMessage is copying 341894 bytes...
I1005 21:15:19.940305 2047873024 c_interface.cc:389] Pass MasterModelConfig: topic_name_size=30, class=(author:1), class=(text:1), score_config_size=6, num_processors=0, pwt_name=pwt, nwt_name=nwt, num_document_passes=1, regularizer=(SmoothSparsePhi_bcg:10000), regularizer=(SmoothSparsePhi_sbj:-100000), reuse_theta=yes, cache_theta=yes, opt_for_avx=yes, disk_cache_path= to MN4artm4core15MasterComponentEFvRKNS_17MasterModelConfigEE
I1005 21:15:19.942153 2047873024 instance.cc:401] MasterModelConfig.processors_count is automatically set to 8
I1005 21:15:19.942270 2047873024 instance.cc:232] Regularizer 'SmoothSparsePhi_bcg' was cold-reconfigured
I1005 21:15:19.942284 2047873024 instance.cc:232] Regularizer 'SmoothSparsePhi_sbj' was cold-reconfigured
I1005 21:15:21.285421 2047873024 c_interface.cc:389] Pass FitOfflineMasterModelArgs, batch_filename_size=2, batch_weight_size=2, num_collection_passes=1, reset_nwt=yes to MN4artm4core15MasterComponentEFvRKNS_25FitOfflineMasterModelArgsEE
I1005 21:15:21.285444 2047873024 master_component.cc:1398] ProcessBatchesArgs: nwt_target_name=nwt, batch_filename_size=2, batch_size=0, batch_weight_size=2, pwt_source_name=pwt, num_document_passes=1, regularizer=(name:SmoothSparsePhi_bcg, tau:10000), regularizer=(name:SmoothSparsePhi_sbj, tau:-100000), class=(author:1), class=(text:1), reuse_theta=yes, opt_for_avx=yes, predict_class_id=, reset_nwt=yes
I1005 21:15:21.306005 26456064 processor.cc:747] Processing queue has data, processing started
I1005 21:15:21.306005 28602368 processor.cc:747] Processing queue has data, processing started
I1005 21:15:21.323966 28602368 processor.cc:820] Processor: start processing batch 09732821-7fc5-4100-ae8e-9b5b43c08823 into model nwt
I1005 21:15:21.334208 26456064 processor.cc:820] Processor: start processing batch 663592c4-c376-4a4e-9e99-8b006228477e into model nwt
I1005 21:15:21.487968 28602368 processor.cc:925] Processor: complete processing batch 09732821-7fc5-4100-ae8e-9b5b43c08823 into model nwt
I1005 21:15:21.492511 28602368 cuckoo_watch.h:45] 186ms in ProcessBatch(lectures_batches/aaaaaa.batch) [including 17ms in LoadMessage; 9ms in InitializeSparseNdw; 0ms in FindReuseThetaCacheEntry; 8ms in InitializeTheta; 0ms in CreateRegularizerAgents; 92ms in InferThetaAndUpdateNwtSparse; 0ms in UpdateCacheEntry; 4ms in CalculateScore(sparsity_theta_score); 48ms in CalculateScore(^^^ItemsProcessedScore^^^); ]
I1005 21:15:21.515851 28602368 processor.cc:740] No data in processing queue, waiting...
I1005 21:15:21.665011 26456064 processor.cc:925] Processor: complete processing batch 663592c4-c376-4a4e-9e99-8b006228477e into model nwt
I1005 21:15:21.671779 26456064 cuckoo_watch.h:45] 365ms in ProcessBatch(lectures_batches/aaaaab.batch) [including 28ms in LoadMessage; 27ms in InitializeSparseNdw; 0ms in FindReuseThetaCacheEntry; 3ms in InitializeTheta; 0ms in CreateRegularizerAgents; 181ms in InferThetaAndUpdateNwtSparse; 0ms in UpdateCacheEntry; 6ms in CalculateScore(sparsity_theta_score); 111ms in CalculateScore(^^^ItemsProcessedScore^^^); ]
I1005 21:15:21.671886 2047873024 master_component.cc:1436] RegularizeModelArgs: rwt_target_name=rwt, pwt_source_name=pwt, nwt_source_name=nwt
I1005 21:15:21.671913 2047873024 master_component.cc:976] MasterComponent: start regularizing model pwt
I1005 21:15:21.695760 26456064 processor.cc:740] No data in processing queue, waiting...
I1005 21:15:21.843416 2047873024 master_component.cc:1002] MasterComponent: complete regularizing model pwt
I1005 21:15:21.843447 2047873024 master_component.cc:1449] NormalizeModelArgs: pwt_target_name=pwt, nwt_source_name=nwt, rwt_source_name=rwt
I1005 21:15:21.843462 2047873024 master_component.cc:1006] MasterComponent: start normalizing model nwt
I1005 21:15:21.909792 2047873024 master_component.cc:1034] MasterComponent: complete normalizing model nwt
I1005 21:15:21.950814 2047873024 master_component.cc:1473] DisposeModel rwt
I1005 21:15:21.973147 2047873024 master_component.cc:1059] FitOffline: ItemsProcessed, num_items=1728, num_batches=2, token_weight=808522, token_weight_in_effect=808522
I1005 21:15:21.973506 2047873024 c_interface.cc:389] Pass FitOfflineMasterModelArgs, batch_filename_size=2, batch_weight_size=2, num_collection_passes=1, reset_nwt=yes to MN4artm4core15MasterComponentEFvRKNS_25FitOfflineMasterModelArgsEE
I1005 21:15:21.973526 2047873024 master_component.cc:1398] ProcessBatchesArgs: nwt_target_name=nwt, batch_filename_size=2, batch_size=0, batch_weight_size=2, pwt_source_name=pwt, num_document_passes=1, regularizer=(name:SmoothSparsePhi_bcg, tau:10000), regularizer=(name:SmoothSparsePhi_sbj, tau:-100000), class=(author:1), class=(text:1), reuse_theta=yes, opt_for_avx=yes, predict_class_id=, reset_nwt=yes
I1005 21:15:21.993795 25382912 processor.cc:747] Processing queue has data, processing started
I1005 21:15:21.993795 29138944 processor.cc:747] Processing queue has data, processing started
I1005 21:15:22.007103 29138944 processor.cc:820] Processor: start processing batch 09732821-7fc5-4100-ae8e-9b5b43c08823 into model nwt
I1005 21:15:22.018157 25382912 processor.cc:820] Processor: start processing batch 663592c4-c376-4a4e-9e99-8b006228477e into model nwt
I1005 21:15:22.161554 29138944 processor.cc:925] Processor: complete processing batch 09732821-7fc5-4100-ae8e-9b5b43c08823 into model nwt
I1005 21:15:22.166916 29138944 cuckoo_watch.h:45] 173ms in ProcessBatch(lectures_batches/aaaaaa.batch) [including 13ms in LoadMessage; 7ms in InitializeSparseNdw; 0ms in FindReuseThetaCacheEntry; 8ms in InitializeTheta; 0ms in CreateRegularizerAgents; 83ms in InferThetaAndUpdateNwtSparse; 0ms in UpdateCacheEntry; 4ms in CalculateScore(sparsity_theta_score); 50ms in CalculateScore(^^^ItemsProcessedScore^^^); ]
I1005 21:15:22.190629 29138944 processor.cc:740] No data in processing queue, waiting...
I1005 21:15:22.334702 25382912 processor.cc:925] Processor: complete processing batch 663592c4-c376-4a4e-9e99-8b006228477e into model nwt
I1005 21:15:22.341460 25382912 cuckoo_watch.h:45] 347ms in ProcessBatch(lectures_batches/aaaaab.batch) [including 24ms in LoadMessage; 18ms in InitializeSparseNdw; 0ms in FindReuseThetaCacheEntry; 3ms in InitializeTheta; 0ms in CreateRegularizerAgents; 177ms in InferThetaAndUpdateNwtSparse; 0ms in UpdateCacheEntry; 5ms in CalculateScore(sparsity_theta_score); 110ms in CalculateScore(^^^ItemsProcessedScore^^^); ]
I1005 21:15:22.342890 2047873024 master_component.cc:1436] RegularizeModelArgs: rwt_target_name=rwt, pwt_source_name=pwt, nwt_source_name=nwt
I1005 21:15:22.342922 2047873024 master_component.cc:976] MasterComponent: start regularizing model pwt
I1005 21:15:22.365068 25382912 processor.cc:740] No data in processing queue, waiting...
I1005 21:15:22.513335 2047873024 master_component.cc:1002] MasterComponent: complete regularizing model pwt
I1005 21:15:22.513356 2047873024 master_component.cc:1449] NormalizeModelArgs: pwt_target_name=pwt, nwt_source_name=nwt, rwt_source_name=rwt
I1005 21:15:22.513362 2047873024 master_component.cc:1006] MasterComponent: start normalizing model nwt
I1005 21:15:22.582993 2047873024 master_component.cc:1034] MasterComponent: complete normalizing model nwt
I1005 21:15:22.623630 2047873024 master_component.cc:1473] DisposeModel rwt
I1005 21:15:22.643975 2047873024 master_component.cc:1059] FitOffline: ItemsProcessed, num_items=1728, num_batches=2, token_weight=808522, token_weight_in_effect=808522
I1005 21:15:22.644315 2047873024 c_interface.cc:389] Pass FitOfflineMasterModelArgs, batch_filename_size=2, batch_weight_size=2, num_collection_passes=1, reset_nwt=yes to MN4artm4core15MasterComponentEFvRKNS_25FitOfflineMasterModelArgsEE
I1005 21:15:22.644330 2047873024 master_component.cc:1398] ProcessBatchesArgs: nwt_target_name=nwt, batch_filename_size=2, batch_size=0, batch_weight_size=2, pwt_source_name=pwt, num_document_passes=1, regularizer=(name:SmoothSparsePhi_bcg, tau:10000), regularizer=(name:SmoothSparsePhi_sbj, tau:-100000), class=(author:1), class=(text:1), reuse_theta=yes, opt_for_avx=yes, predict_class_id=, reset_nwt=yes
I1005 21:15:22.665683 25919488 processor.cc:747] Processing queue has data, processing started
I1005 21:15:22.665732 28602368 processor.cc:747] Processing queue has data, processing started
I1005 21:15:22.679870 25919488 processor.cc:820] Processor: start processing batch 09732821-7fc5-4100-ae8e-9b5b43c08823 into model nwt
I1005 21:15:22.691354 28602368 processor.cc:820] Processor: start processing batch 663592c4-c376-4a4e-9e99-8b006228477e into model nwt
I1005 21:15:22.845377 25919488 processor.cc:925] Processor: complete processing batch 09732821-7fc5-4100-ae8e-9b5b43c08823 into model nwt
I1005 21:15:22.850704 25919488 cuckoo_watch.h:45] 184ms in ProcessBatch(lectures_batches/aaaaaa.batch) [including 14ms in LoadMessage; 7ms in InitializeSparseNdw; 0ms in FindReuseThetaCacheEntry; 9ms in InitializeTheta; 0ms in CreateRegularizerAgents; 87ms in InferThetaAndUpdateNwtSparse; 1ms in UpdateCacheEntry; 3ms in CalculateScore(sparsity_theta_score); 55ms in CalculateScore(^^^ItemsProcessedScore^^^); ]
I1005 21:15:22.875102 25919488 processor.cc:740] No data in processing queue, waiting...
I1005 21:15:22.988270 28602368 processor.cc:925] Processor: complete processing batch 663592c4-c376-4a4e-9e99-8b006228477e into model nwt
I1005 21:15:22.996364 28602368 cuckoo_watch.h:45] 330ms in ProcessBatch(lectures_batches/aaaaab.batch) [including 25ms in LoadMessage; 20ms in InitializeSparseNdw; 0ms in FindReuseThetaCacheEntry; 3ms in InitializeTheta; 0ms in CreateRegularizerAgents; 169ms in InferThetaAndUpdateNwtSparse; 0ms in UpdateCacheEntry; 5ms in CalculateScore(sparsity_theta_score); 97ms in CalculateScore(^^^ItemsProcessedScore^^^); ]
I1005 21:15:22.996438 2047873024 master_component.cc:1436] RegularizeModelArgs: rwt_target_name=rwt, pwt_source_name=pwt, nwt_source_name=nwt
I1005 21:15:22.996459 2047873024 master_component.cc:976] MasterComponent: start regularizing model pwt
I1005 21:15:23.020757 28602368 processor.cc:740] No data in processing queue, waiting...
I1005 21:15:23.169333 2047873024 master_component.cc:1002] MasterComponent: complete regularizing model pwt
I1005 21:15:23.169353 2047873024 master_component.cc:1449] NormalizeModelArgs: pwt_target_name=pwt, nwt_source_name=nwt, rwt_source_name=rwt
I1005 21:15:23.169359 2047873024 master_component.cc:1006] MasterComponent: start normalizing model nwt
I1005 21:15:23.241153 2047873024 master_component.cc:1034] MasterComponent: complete normalizing model nwt
I1005 21:15:23.277655 2047873024 master_component.cc:1473] DisposeModel rwt
I1005 21:15:23.300254 2047873024 master_component.cc:1059] FitOffline: ItemsProcessed, num_items=1728, num_batches=2, token_weight=808522, token_weight_in_effect=808522
I1005 21:15:23.300518 2047873024 c_interface.cc:389] Pass FitOfflineMasterModelArgs, batch_filename_size=2, batch_weight_size=2, num_collection_passes=1, reset_nwt=yes to MN4artm4core15MasterComponentEFvRKNS_25FitOfflineMasterModelArgsEE
I1005 21:15:23.300539 2047873024 master_component.cc:1398] ProcessBatchesArgs: nwt_target_name=nwt, batch_filename_size=2, batch_size=0, batch_weight_size=2, pwt_source_name=pwt, num_document_passes=1, regularizer=(name:SmoothSparsePhi_bcg, tau:10000), regularizer=(name:SmoothSparsePhi_sbj, tau:-100000), class=(author:1), class=(text:1), reuse_theta=yes, opt_for_avx=yes, predict_class_id=, reset_nwt=yes
I1005 21:15:23.323195 25382912 processor.cc:747] Processing queue has data, processing started
I1005 21:15:23.323175 29138944 processor.cc:747] Processing queue has data, processing started
I1005 21:15:23.336719 29138944 processor.cc:820] Processor: start processing batch 09732821-7fc5-4100-ae8e-9b5b43c08823 into model nwt
I1005 21:15:23.346976 25382912 processor.cc:820] Processor: start processing batch 663592c4-c376-4a4e-9e99-8b006228477e into model nwt
I1005 21:15:23.506139 29138944 processor.cc:925] Processor: complete processing batch 09732821-7fc5-4100-ae8e-9b5b43c08823 into model nwt
I1005 21:15:23.510849 29138944 cuckoo_watch.h:45] 187ms in ProcessBatch(lectures_batches/aaaaaa.batch) [including 13ms in LoadMessage; 8ms in InitializeSparseNdw; 0ms in FindReuseThetaCacheEntry; 7ms in InitializeTheta; 0ms in CreateRegularizerAgents; 95ms in InferThetaAndUpdateNwtSparse; 0ms in UpdateCacheEntry; 4ms in CalculateScore(sparsity_theta_score); 53ms in CalculateScore(^^^ItemsProcessedScore^^^); ]
I1005 21:15:23.535043 29138944 processor.cc:740] No data in processing queue, waiting...
I1005 21:15:23.661748 25382912 processor.cc:925] Processor: complete processing batch 663592c4-c376-4a4e-9e99-8b006228477e into model nwt
I1005 21:15:23.670022 25382912 cuckoo_watch.h:45] 346ms in ProcessBatch(lectures_batches/aaaaab.batch) [including 23ms in LoadMessage; 21ms in InitializeSparseNdw; 0ms in FindReuseThetaCacheEntry; 3ms in InitializeTheta; 0ms in CreateRegularizerAgents; 176ms in InferThetaAndUpdateNwtSparse; 0ms in UpdateCacheEntry; 5ms in CalculateScore(sparsity_theta_score); 106ms in CalculateScore(^^^ItemsProcessedScore^^^); ]
I1005 21:15:23.671372 2047873024 master_component.cc:1436] RegularizeModelArgs: rwt_target_name=rwt, pwt_source_name=pwt, nwt_source_name=nwt
I1005 21:15:23.671392 2047873024 master_component.cc:976] MasterComponent: start regularizing model pwt
I1005 21:15:23.693161 25382912 processor.cc:740] No data in processing queue, waiting...
I1005 21:15:23.836735 2047873024 master_component.cc:1002] MasterComponent: complete regularizing model pwt
I1005 21:15:23.836756 2047873024 master_component.cc:1449] NormalizeModelArgs: pwt_target_name=pwt, nwt_source_name=nwt, rwt_source_name=rwt
I1005 21:15:23.836763 2047873024 master_component.cc:1006] MasterComponent: start normalizing model nwt
I1005 21:15:23.905869 2047873024 master_component.cc:1034] MasterComponent: complete normalizing model nwt
I1005 21:15:23.944705 2047873024 master_component.cc:1473] DisposeModel rwt
I1005 21:15:23.968761 2047873024 master_component.cc:1059] FitOffline: ItemsProcessed, num_items=1728, num_batches=2, token_weight=808522, token_weight_in_effect=808522
I1005 21:15:23.969084 2047873024 c_interface.cc:389] Pass FitOfflineMasterModelArgs, batch_filename_size=2, batch_weight_size=2, num_collection_passes=1, reset_nwt=yes to MN4artm4core15MasterComponentEFvRKNS_25FitOfflineMasterModelArgsEE
I1005 21:15:23.969100 2047873024 master_component.cc:1398] ProcessBatchesArgs: nwt_target_name=nwt, batch_filename_size=2, batch_size=0, batch_weight_size=2, pwt_source_name=pwt, num_document_passes=1, regularizer=(name:SmoothSparsePhi_bcg, tau:10000), regularizer=(name:SmoothSparsePhi_sbj, tau:-100000), class=(author:1), class=(text:1), reuse_theta=yes, opt_for_avx=yes, predict_class_id=, reset_nwt=yes
I1005 21:15:23.988353 28065792 processor.cc:747] Processing queue has data, processing started
I1005 21:15:23.988353 26992640 processor.cc:747] Processing queue has data, processing started
I1005 21:15:24.003085 28065792 processor.cc:820] Processor: start processing batch 09732821-7fc5-4100-ae8e-9b5b43c08823 into model nwt
I1005 21:15:24.013042 26992640 processor.cc:820] Processor: start processing batch 663592c4-c376-4a4e-9e99-8b006228477e into model nwt
I1005 21:15:24.159152 28065792 processor.cc:925] Processor: complete processing batch 09732821-7fc5-4100-ae8e-9b5b43c08823 into model nwt
I1005 21:15:24.163480 28065792 cuckoo_watch.h:45] 175ms in ProcessBatch(lectures_batches/aaaaaa.batch) [including 14ms in LoadMessage; 7ms in InitializeSparseNdw; 0ms in FindReuseThetaCacheEntry; 8ms in InitializeTheta; 0ms in CreateRegularizerAgents; 87ms in InferThetaAndUpdateNwtSparse; 0ms in UpdateCacheEntry; 3ms in CalculateScore(sparsity_theta_score); 48ms in CalculateScore(^^^ItemsProcessedScore^^^); ]
I1005 21:15:24.187379 28065792 processor.cc:740] No data in processing queue, waiting...
I1005 21:15:24.322726 26992640 processor.cc:925] Processor: complete processing batch 663592c4-c376-4a4e-9e99-8b006228477e into model nwt
I1005 21:15:24.329619 26992640 cuckoo_watch.h:45] 341ms in ProcessBatch(lectures_batches/aaaaab.batch) [including 24ms in LoadMessage; 20ms in InitializeSparseNdw; 0ms in FindReuseThetaCacheEntry; 3ms in InitializeTheta; 0ms in CreateRegularizerAgents; 170ms in InferThetaAndUpdateNwtSparse; 0ms in UpdateCacheEntry; 5ms in CalculateScore(sparsity_theta_score); 109ms in CalculateScore(^^^ItemsProcessedScore^^^); ]
I1005 21:15:24.330039 2047873024 master_component.cc:1436] RegularizeModelArgs: rwt_target_name=rwt, pwt_source_name=pwt, nwt_source_name=nwt
I1005 21:15:24.330065 2047873024 master_component.cc:976] MasterComponent: start regularizing model pwt
I1005 21:15:24.353387 26992640 processor.cc:740] No data in processing queue, waiting...
I1005 21:15:24.500499 2047873024 master_component.cc:1002] MasterComponent: complete regularizing model pwt
I1005 21:15:24.500550 2047873024 master_component.cc:1449] NormalizeModelArgs: pwt_target_name=pwt, nwt_source_name=nwt, rwt_source_name=rwt
I1005 21:15:24.500560 2047873024 master_component.cc:1006] MasterComponent: start normalizing model nwt
I1005 21:15:24.572279 2047873024 master_component.cc:1034] MasterComponent: complete normalizing model nwt
I1005 21:15:24.609194 2047873024 master_component.cc:1473] DisposeModel rwt
I1005 21:15:24.630980 2047873024 master_component.cc:1059] FitOffline: ItemsProcessed, num_items=1728, num_batches=2, token_weight=808522, token_weight_in_effect=808522
I1005 21:15:24.631346 2047873024 c_interface.cc:389] Pass FitOfflineMasterModelArgs, batch_filename_size=2, batch_weight_size=2, num_collection_passes=1, reset_nwt=yes to MN4artm4core15MasterComponentEFvRKNS_25FitOfflineMasterModelArgsEE
I1005 21:15:24.631366 2047873024 master_component.cc:1398] ProcessBatchesArgs: nwt_target_name=nwt, batch_filename_size=2, batch_size=0, batch_weight_size=2, pwt_source_name=pwt, num_document_passes=1, regularizer=(name:SmoothSparsePhi_bcg, tau:10000), regularizer=(name:SmoothSparsePhi_sbj, tau:-100000), class=(author:1), class=(text:1), reuse_theta=yes, opt_for_avx=yes, predict_class_id=, reset_nwt=yes
I1005 21:15:24.651509 28602368 processor.cc:747] Processing queue has data, processing started
I1005 21:15:24.651527 29138944 processor.cc:747] Processing queue has data, processing started
I1005 21:15:24.665544 28602368 processor.cc:820] Processor: start processing batch 09732821-7fc5-4100-ae8e-9b5b43c08823 into model nwt
I1005 21:15:24.675179 29138944 processor.cc:820] Processor: start processing batch 663592c4-c376-4a4e-9e99-8b006228477e into model nwt
I1005 21:15:24.822566 28602368 processor.cc:925] Processor: complete processing batch 09732821-7fc5-4100-ae8e-9b5b43c08823 into model nwt
I1005 21:15:24.827374 28602368 cuckoo_watch.h:45] 175ms in ProcessBatch(lectures_batches/aaaaaa.batch) [including 14ms in LoadMessage; 7ms in InitializeSparseNdw; 0ms in FindReuseThetaCacheEntry; 8ms in InitializeTheta; 0ms in CreateRegularizerAgents; 81ms in InferThetaAndUpdateNwtSparse; 0ms in UpdateCacheEntry; 4ms in CalculateScore(sparsity_theta_score); 55ms in CalculateScore(^^^ItemsProcessedScore^^^); ]
I1005 21:15:24.851532 28602368 processor.cc:740] No data in processing queue, waiting...
I1005 21:15:24.974289 29138944 processor.cc:925] Processor: complete processing batch 663592c4-c376-4a4e-9e99-8b006228477e into model nwt
I1005 21:15:24.980525 29138944 cuckoo_watch.h:45] 328ms in ProcessBatch(lectures_batches/aaaaab.batch) [including 23ms in LoadMessage; 19ms in InitializeSparseNdw; 0ms in FindReuseThetaCacheEntry; 4ms in InitializeTheta; 0ms in CreateRegularizerAgents; 170ms in InferThetaAndUpdateNwtSparse; 0ms in UpdateCacheEntry; 5ms in CalculateScore(sparsity_theta_score); 99ms in CalculateScore(^^^ItemsProcessedScore^^^); ]
I1005 21:15:24.981710 2047873024 master_component.cc:1436] RegularizeModelArgs: rwt_target_name=rwt, pwt_source_name=pwt, nwt_source_name=nwt
I1005 21:15:24.981760 2047873024 master_component.cc:976] MasterComponent: start regularizing model pwt
I1005 21:15:25.005694 29138944 processor.cc:740] No data in processing queue, waiting...
I1005 21:15:25.144399 2047873024 master_component.cc:1002] MasterComponent: complete regularizing model pwt
I1005 21:15:25.144421 2047873024 master_component.cc:1449] NormalizeModelArgs: pwt_target_name=pwt, nwt_source_name=nwt, rwt_source_name=rwt
I1005 21:15:25.144429 2047873024 master_component.cc:1006] MasterComponent: start normalizing model nwt
I1005 21:15:25.211971 2047873024 master_component.cc:1034] MasterComponent: complete normalizing model nwt
I1005 21:15:25.250068 2047873024 master_component.cc:1473] DisposeModel rwt
I1005 21:15:25.272066 2047873024 master_component.cc:1059] FitOffline: ItemsProcessed, num_items=1728, num_batches=2, token_weight=808522, token_weight_in_effect=808522
I1005 21:15:25.272321 2047873024 c_interface.cc:389] Pass FitOfflineMasterModelArgs, batch_filename_size=2, batch_weight_size=2, num_collection_passes=1, reset_nwt=yes to MN4artm4core15MasterComponentEFvRKNS_25FitOfflineMasterModelArgsEE
I1005 21:15:25.272366 2047873024 master_component.cc:1398] ProcessBatchesArgs: nwt_target_name=nwt, batch_filename_size=2, batch_size=0, batch_weight_size=2, pwt_source_name=pwt, num_document_passes=1, regularizer=(name:SmoothSparsePhi_bcg, tau:10000), regularizer=(name:SmoothSparsePhi_sbj, tau:-100000), class=(author:1), class=(text:1), reuse_theta=yes, opt_for_avx=yes, predict_class_id=, reset_nwt=yes
I1005 21:15:25.291842 25919488 processor.cc:747] Processing queue has data, processing started
I1005 21:15:25.292107 25382912 processor.cc:747] Processing queue has data, processing started
I1005 21:15:25.305725 25919488 processor.cc:820] Processor: start processing batch 09732821-7fc5-4100-ae8e-9b5b43c08823 into model nwt
I1005 21:15:25.317170 25382912 processor.cc:820] Processor: start processing batch 663592c4-c376-4a4e-9e99-8b006228477e into model nwt
I1005 21:15:25.463011 25919488 processor.cc:925] Processor: complete processing batch 09732821-7fc5-4100-ae8e-9b5b43c08823 into model nwt
I1005 21:15:25.467411 25919488 cuckoo_watch.h:45] 175ms in ProcessBatch(lectures_batches/aaaaaa.batch) [including 13ms in LoadMessage; 8ms in InitializeSparseNdw; 0ms in FindReuseThetaCacheEntry; 9ms in InitializeTheta; 0ms in CreateRegularizerAgents; 85ms in InferThetaAndUpdateNwtSparse; 0ms in UpdateCacheEntry; 3ms in CalculateScore(sparsity_theta_score); 49ms in CalculateScore(^^^ItemsProcessedScore^^^); ]
I1005 21:15:25.491467 25919488 processor.cc:740] No data in processing queue, waiting...
I1005 21:15:25.631624 25382912 processor.cc:925] Processor: complete processing batch 663592c4-c376-4a4e-9e99-8b006228477e into model nwt
I1005 21:15:25.638450 25382912 cuckoo_watch.h:45] 346ms in ProcessBatch(lectures_batches/aaaaab.batch) [including 25ms in LoadMessage; 21ms in InitializeSparseNdw; 0ms in FindReuseThetaCacheEntry; 3ms in InitializeTheta; 0ms in CreateRegularizerAgents; 177ms in InferThetaAndUpdateNwtSparse; 0ms in UpdateCacheEntry; 5ms in CalculateScore(sparsity_theta_score); 106ms in CalculateScore(^^^ItemsProcessedScore^^^); ]
I1005 21:15:25.639636 2047873024 master_component.cc:1436] RegularizeModelArgs: rwt_target_name=rwt, pwt_source_name=pwt, nwt_source_name=nwt
I1005 21:15:25.639670 2047873024 master_component.cc:976] MasterComponent: start regularizing model pwt
I1005 21:15:25.662348 25382912 processor.cc:740] No data in processing queue, waiting...
I1005 21:15:25.798424 2047873024 master_component.cc:1002] MasterComponent: complete regularizing model pwt
I1005 21:15:25.798447 2047873024 master_component.cc:1449] NormalizeModelArgs: pwt_target_name=pwt, nwt_source_name=nwt, rwt_source_name=rwt
I1005 21:15:25.798455 2047873024 master_component.cc:1006] MasterComponent: start normalizing model nwt
I1005 21:15:25.871879 2047873024 master_component.cc:1034] MasterComponent: complete normalizing model nwt
I1005 21:15:25.909648 2047873024 master_component.cc:1473] DisposeModel rwt
I1005 21:15:25.935178 2047873024 master_component.cc:1059] FitOffline: ItemsProcessed, num_items=1728, num_batches=2, token_weight=808522, token_weight_in_effect=808522
I1005 21:15:25.935458 2047873024 c_interface.cc:389] Pass FitOfflineMasterModelArgs, batch_filename_size=2, batch_weight_size=2, num_collection_passes=1, reset_nwt=yes to MN4artm4core15MasterComponentEFvRKNS_25FitOfflineMasterModelArgsEE
I1005 21:15:25.935475 2047873024 master_component.cc:1398] ProcessBatchesArgs: nwt_target_name=nwt, batch_filename_size=2, batch_size=0, batch_weight_size=2, pwt_source_name=pwt, num_document_passes=1, regularizer=(name:SmoothSparsePhi_bcg, tau:10000), regularizer=(name:SmoothSparsePhi_sbj, tau:-100000), class=(author:1), class=(text:1), reuse_theta=yes, opt_for_avx=yes, predict_class_id=, reset_nwt=yes
I1005 21:15:25.958411 25919488 processor.cc:747] Processing queue has data, processing started
I1005 21:15:25.958411 29138944 processor.cc:747] Processing queue has data, processing started
I1005 21:15:25.973444 29138944 processor.cc:820] Processor: start processing batch 09732821-7fc5-4100-ae8e-9b5b43c08823 into model nwt
I1005 21:15:25.984208 25919488 processor.cc:820] Processor: start processing batch 663592c4-c376-4a4e-9e99-8b006228477e into model nwt
I1005 21:15:26.136085 29138944 processor.cc:925] Processor: complete processing batch 09732821-7fc5-4100-ae8e-9b5b43c08823 into model nwt
I1005 21:15:26.141216 29138944 cuckoo_watch.h:45] 182ms in ProcessBatch(lectures_batches/aaaaaa.batch) [including 14ms in LoadMessage; 8ms in InitializeSparseNdw; 0ms in FindReuseThetaCacheEntry; 10ms in InitializeTheta; 0ms in CreateRegularizerAgents; 89ms in InferThetaAndUpdateNwtSparse; 0ms in UpdateCacheEntry; 4ms in CalculateScore(sparsity_theta_score); 50ms in CalculateScore(^^^ItemsProcessedScore^^^); ]
I1005 21:15:26.165375 29138944 processor.cc:740] No data in processing queue, waiting...
I1005 21:15:26.298106 25919488 processor.cc:925] Processor: complete processing batch 663592c4-c376-4a4e-9e99-8b006228477e into model nwt
I1005 21:15:26.305989 25919488 cuckoo_watch.h:45] 347ms in ProcessBatch(lectures_batches/aaaaab.batch) [including 25ms in LoadMessage; 20ms in InitializeSparseNdw; 0ms in FindReuseThetaCacheEntry; 3ms in InitializeTheta; 0ms in CreateRegularizerAgents; 174ms in InferThetaAndUpdateNwtSparse; 0ms in UpdateCacheEntry; 6ms in CalculateScore(sparsity_theta_score); 107ms in CalculateScore(^^^ItemsProcessedScore^^^); ]
I1005 21:15:26.306859 2047873024 master_component.cc:1436] RegularizeModelArgs: rwt_target_name=rwt, pwt_source_name=pwt, nwt_source_name=nwt
I1005 21:15:26.306897 2047873024 master_component.cc:976] MasterComponent: start regularizing model pwt
I1005 21:15:26.329794 25919488 processor.cc:740] No data in processing queue, waiting...
I1005 21:15:26.475379 2047873024 master_component.cc:1002] MasterComponent: complete regularizing model pwt
I1005 21:15:26.475399 2047873024 master_component.cc:1449] NormalizeModelArgs: pwt_target_name=pwt, nwt_source_name=nwt, rwt_source_name=rwt
I1005 21:15:26.475404 2047873024 master_component.cc:1006] MasterComponent: start normalizing model nwt
I1005 21:15:26.545621 2047873024 master_component.cc:1034] MasterComponent: complete normalizing model nwt
I1005 21:15:26.585384 2047873024 master_component.cc:1473] DisposeModel rwt
I1005 21:15:26.605921 2047873024 master_component.cc:1059] FitOffline: ItemsProcessed, num_items=1728, num_batches=2, token_weight=808522, token_weight_in_effect=808522
I1005 21:15:26.606159 2047873024 c_interface.cc:389] Pass FitOfflineMasterModelArgs, batch_filename_size=2, batch_weight_size=2, num_collection_passes=1, reset_nwt=yes to MN4artm4core15MasterComponentEFvRKNS_25FitOfflineMasterModelArgsEE
I1005 21:15:26.606220 2047873024 master_component.cc:1398] ProcessBatchesArgs: nwt_target_name=nwt, batch_filename_size=2, batch_size=0, batch_weight_size=2, pwt_source_name=pwt, num_document_passes=1, regularizer=(name:SmoothSparsePhi_bcg, tau:10000), regularizer=(name:SmoothSparsePhi_sbj, tau:-100000), class=(author:1), class=(text:1), reuse_theta=yes, opt_for_avx=yes, predict_class_id=, reset_nwt=yes
I1005 21:15:26.625828 28065792 processor.cc:747] Processing queue has data, processing started
I1005 21:15:26.625823 29138944 processor.cc:747] Processing queue has data, processing started
I1005 21:15:26.639392 29138944 processor.cc:820] Processor: start processing batch 09732821-7fc5-4100-ae8e-9b5b43c08823 into model nwt
I1005 21:15:26.649706 28065792 processor.cc:820] Processor: start processing batch 663592c4-c376-4a4e-9e99-8b006228477e into model nwt
I1005 21:15:26.796377 29138944 processor.cc:925] Processor: complete processing batch 09732821-7fc5-4100-ae8e-9b5b43c08823 into model nwt
I1005 21:15:26.800932 29138944 cuckoo_watch.h:45] 175ms in ProcessBatch(lectures_batches/aaaaaa.batch) [including 13ms in LoadMessage; 8ms in InitializeSparseNdw; 0ms in FindReuseThetaCacheEntry; 7ms in InitializeTheta; 0ms in CreateRegularizerAgents; 84ms in InferThetaAndUpdateNwtSparse; 0ms in UpdateCacheEntry; 4ms in CalculateScore(sparsity_theta_score); 50ms in CalculateScore(^^^ItemsProcessedScore^^^); ]
I1005 21:15:26.824542 29138944 processor.cc:740] No data in processing queue, waiting...
I1005 21:15:26.967730 28065792 processor.cc:925] Processor: complete processing batch 663592c4-c376-4a4e-9e99-8b006228477e into model nwt
I1005 21:15:26.974278 28065792 cuckoo_watch.h:45] 348ms in ProcessBatch(lectures_batches/aaaaab.batch) [including 23ms in LoadMessage; 21ms in InitializeSparseNdw; 0ms in FindReuseThetaCacheEntry; 3ms in InitializeTheta; 0ms in CreateRegularizerAgents; 178ms in InferThetaAndUpdateNwtSparse; 0ms in UpdateCacheEntry; 6ms in CalculateScore(sparsity_theta_score); 107ms in CalculateScore(^^^ItemsProcessedScore^^^); ]
I1005 21:15:26.975407 2047873024 master_component.cc:1436] RegularizeModelArgs: rwt_target_name=rwt, pwt_source_name=pwt, nwt_source_name=nwt
I1005 21:15:26.975447 2047873024 master_component.cc:976] MasterComponent: start regularizing model pwt
I1005 21:15:26.998167 28065792 processor.cc:740] No data in processing queue, waiting...
I1005 21:15:27.131208 2047873024 master_component.cc:1002] MasterComponent: complete regularizing model pwt
I1005 21:15:27.131227 2047873024 master_component.cc:1449] NormalizeModelArgs: pwt_target_name=pwt, nwt_source_name=nwt, rwt_source_name=rwt
I1005 21:15:27.131233 2047873024 master_component.cc:1006] MasterComponent: start normalizing model nwt
I1005 21:15:27.200328 2047873024 master_component.cc:1034] MasterComponent: complete normalizing model nwt
I1005 21:15:27.240134 2047873024 master_component.cc:1473] DisposeModel rwt
I1005 21:15:27.259770 2047873024 master_component.cc:1059] FitOffline: ItemsProcessed, num_items=1728, num_batches=2, token_weight=808522, token_weight_in_effect=808522
I1005 21:15:27.260030 2047873024 c_interface.cc:389] Pass FitOfflineMasterModelArgs, batch_filename_size=2, batch_weight_size=2, num_collection_passes=1, reset_nwt=yes to MN4artm4core15MasterComponentEFvRKNS_25FitOfflineMasterModelArgsEE
I1005 21:15:27.260046 2047873024 master_component.cc:1398] ProcessBatchesArgs: nwt_target_name=nwt, batch_filename_size=2, batch_size=0, batch_weight_size=2, pwt_source_name=pwt, num_document_passes=1, regularizer=(name:SmoothSparsePhi_bcg, tau:10000), regularizer=(name:SmoothSparsePhi_sbj, tau:-100000), class=(author:1), class=(text:1), reuse_theta=yes, opt_for_avx=yes, predict_class_id=, reset_nwt=yes
I1005 21:15:27.277168 26992640 processor.cc:747] Processing queue has data, processing started
I1005 21:15:27.277175 28602368 processor.cc:747] Processing queue has data, processing started
I1005 21:15:27.293145 26992640 processor.cc:820] Processor: start processing batch 09732821-7fc5-4100-ae8e-9b5b43c08823 into model nwt
I1005 21:15:27.303262 28602368 processor.cc:820] Processor: start processing batch 663592c4-c376-4a4e-9e99-8b006228477e into model nwt
I1005 21:15:27.448185 26992640 processor.cc:925] Processor: complete processing batch 09732821-7fc5-4100-ae8e-9b5b43c08823 into model nwt
I1005 21:15:27.452957 26992640 cuckoo_watch.h:45] 175ms in ProcessBatch(lectures_batches/aaaaaa.batch) [including 15ms in LoadMessage; 8ms in InitializeSparseNdw; 0ms in FindReuseThetaCacheEntry; 8ms in InitializeTheta; 0ms in CreateRegularizerAgents; 84ms in InferThetaAndUpdateNwtSparse; 0ms in UpdateCacheEntry; 3ms in CalculateScore(sparsity_theta_score); 49ms in CalculateScore(^^^ItemsProcessedScore^^^); ]
I1005 21:15:27.477202 26992640 processor.cc:740] No data in processing queue, waiting...
I1005 21:15:27.603442 28602368 processor.cc:925] Processor: complete processing batch 663592c4-c376-4a4e-9e99-8b006228477e into model nwt
I1005 21:15:27.610821 28602368 cuckoo_watch.h:45] 333ms in ProcessBatch(lectures_batches/aaaaab.batch) [including 26ms in LoadMessage; 18ms in InitializeSparseNdw; 0ms in FindReuseThetaCacheEntry; 3ms in InitializeTheta; 0ms in CreateRegularizerAgents; 168ms in InferThetaAndUpdateNwtSparse; 0ms in UpdateCacheEntry; 5ms in CalculateScore(sparsity_theta_score); 103ms in CalculateScore(^^^ItemsProcessedScore^^^); ]
I1005 21:15:27.611516 2047873024 master_component.cc:1436] RegularizeModelArgs: rwt_target_name=rwt, pwt_source_name=pwt, nwt_source_name=nwt
I1005 21:15:27.611606 2047873024 master_component.cc:976] MasterComponent: start regularizing model pwt
I1005 21:15:27.635210 28602368 processor.cc:740] No data in processing queue, waiting...
I1005 21:15:27.777060 2047873024 master_component.cc:1002] MasterComponent: complete regularizing model pwt
I1005 21:15:27.777081 2047873024 master_component.cc:1449] NormalizeModelArgs: pwt_target_name=pwt, nwt_source_name=nwt, rwt_source_name=rwt
I1005 21:15:27.777091 2047873024 master_component.cc:1006] MasterComponent: start normalizing model nwt
I1005 21:15:27.847723 2047873024 master_component.cc:1034] MasterComponent: complete normalizing model nwt
I1005 21:15:27.886865 2047873024 master_component.cc:1473] DisposeModel rwt
I1005 21:15:27.908542 2047873024 master_component.cc:1059] FitOffline: ItemsProcessed, num_items=1728, num_batches=2, token_weight=808522, token_weight_in_effect=808522
I1005 21:15:27.908793 2047873024 c_interface.cc:389] Pass FitOfflineMasterModelArgs, batch_filename_size=2, batch_weight_size=2, num_collection_passes=1, reset_nwt=yes to MN4artm4core15MasterComponentEFvRKNS_25FitOfflineMasterModelArgsEE
I1005 21:15:27.908807 2047873024 master_component.cc:1398] ProcessBatchesArgs: nwt_target_name=nwt, batch_filename_size=2, batch_size=0, batch_weight_size=2, pwt_source_name=pwt, num_document_passes=1, regularizer=(name:SmoothSparsePhi_bcg, tau:10000), regularizer=(name:SmoothSparsePhi_sbj, tau:-100000), class=(author:1), class=(text:1), reuse_theta=yes, opt_for_avx=yes, predict_class_id=, reset_nwt=yes
I1005 21:15:27.928005 27529216 processor.cc:747] Processing queue has data, processing started
I1005 21:15:27.928027 25382912 processor.cc:747] Processing queue has data, processing started
I1005 21:15:27.941545 27529216 processor.cc:820] Processor: start processing batch 09732821-7fc5-4100-ae8e-9b5b43c08823 into model nwt
I1005 21:15:27.952314 25382912 processor.cc:820] Processor: start processing batch 663592c4-c376-4a4e-9e99-8b006228477e into model nwt
I1005 21:15:28.105039 27529216 processor.cc:925] Processor: complete processing batch 09732821-7fc5-4100-ae8e-9b5b43c08823 into model nwt
I1005 21:15:28.110446 27529216 cuckoo_watch.h:45] 182ms in ProcessBatch(lectures_batches/aaaaaa.batch) [including 13ms in LoadMessage; 8ms in InitializeSparseNdw; 0ms in FindReuseThetaCacheEntry; 8ms in InitializeTheta; 0ms in CreateRegularizerAgents; 88ms in InferThetaAndUpdateNwtSparse; 0ms in UpdateCacheEntry; 4ms in CalculateScore(sparsity_theta_score); 53ms in CalculateScore(^^^ItemsProcessedScore^^^); ]
I1005 21:15:28.134240 27529216 processor.cc:740] No data in processing queue, waiting...
I1005 21:15:28.269790 25382912 processor.cc:925] Processor: complete processing batch 663592c4-c376-4a4e-9e99-8b006228477e into model nwt
I1005 21:15:28.275686 25382912 cuckoo_watch.h:45] 347ms in ProcessBatch(lectures_batches/aaaaab.batch) [including 24ms in LoadMessage; 22ms in InitializeSparseNdw; 0ms in FindReuseThetaCacheEntry; 3ms in InitializeTheta; 0ms in CreateRegularizerAgents; 177ms in InferThetaAndUpdateNwtSparse; 0ms in UpdateCacheEntry; 5ms in CalculateScore(sparsity_theta_score); 108ms in CalculateScore(^^^ItemsProcessedScore^^^); ]
I1005 21:15:28.275830 2047873024 master_component.cc:1436] RegularizeModelArgs: rwt_target_name=rwt, pwt_source_name=pwt, nwt_source_name=nwt
I1005 21:15:28.275847 2047873024 master_component.cc:976] MasterComponent: start regularizing model pwt
I1005 21:15:28.299687 25382912 processor.cc:740] No data in processing queue, waiting...
I1005 21:15:28.452220 2047873024 master_component.cc:1002] MasterComponent: complete regularizing model pwt
I1005 21:15:28.452239 2047873024 master_component.cc:1449] NormalizeModelArgs: pwt_target_name=pwt, nwt_source_name=nwt, rwt_source_name=rwt
I1005 21:15:28.452245 2047873024 master_component.cc:1006] MasterComponent: start normalizing model nwt
I1005 21:15:28.524731 2047873024 master_component.cc:1034] MasterComponent: complete normalizing model nwt
I1005 21:15:28.565749 2047873024 master_component.cc:1473] DisposeModel rwt
I1005 21:15:28.587309 2047873024 master_component.cc:1059] FitOffline: ItemsProcessed, num_items=1728, num_batches=2, token_weight=808522, token_weight_in_effect=808522
I1005 21:15:28.587568 2047873024 c_interface.cc:389] Pass FitOfflineMasterModelArgs, batch_filename_size=2, batch_weight_size=2, num_collection_passes=1, reset_nwt=yes to MN4artm4core15MasterComponentEFvRKNS_25FitOfflineMasterModelArgsEE
I1005 21:15:28.587584 2047873024 master_component.cc:1398] ProcessBatchesArgs: nwt_target_name=nwt, batch_filename_size=2, batch_size=0, batch_weight_size=2, pwt_source_name=pwt, num_document_passes=1, regularizer=(name:SmoothSparsePhi_bcg, tau:10000), regularizer=(name:SmoothSparsePhi_sbj, tau:-100000), class=(author:1), class=(text:1), reuse_theta=yes, opt_for_avx=yes, predict_class_id=, reset_nwt=yes
I1005 21:15:28.610083 26456064 processor.cc:747] Processing queue has data, processing started
I1005 21:15:28.610076 28602368 processor.cc:747] Processing queue has data, processing started
