I1005 21:16:09.760285 2047873024 master_component.cc:1398] ProcessBatchesArgs: nwt_target_name=nwt, batch_filename_size=2, batch_size=0, batch_weight_size=2, pwt_source_name=pwt, num_document_passes=1, regularizer=(name:SmoothSparsePhi_bcg, tau:100000), class=(text:1), class=(author:1), reuse_theta=yes, opt_for_avx=yes, predict_class_id=, reset_nwt=yes
I1005 21:16:09.776360 28065792 processor.cc:747] Processing queue has data, processing started
I1005 21:16:09.776386 25382912 processor.cc:747] Processing queue has data, processing started
I1005 21:16:09.789767 28065792 processor.cc:820] Processor: start processing batch e5030de3-8abd-4032-8d24-b273d0c8d586 into model nwt
I1005 21:16:09.800326 25382912 processor.cc:820] Processor: start processing batch dcac163a-c52b-4687-930c-dd7115082cba into model nwt
I1005 21:16:09.936828 28065792 processor.cc:925] Processor: complete processing batch e5030de3-8abd-4032-8d24-b273d0c8d586 into model nwt
I1005 21:16:09.940516 28065792 cuckoo_watch.h:45] 164ms in ProcessBatch(lectures_batches/aaaaaa.batch) [including 13ms in LoadMessage; 7ms in InitializeSparseNdw; 0ms in FindReuseThetaCacheEntry; 8ms in InitializeTheta; 0ms in CreateRegularizerAgents; 81ms in InferThetaAndUpdateNwtSparse; 0ms in UpdateCacheEntry; 3ms in CalculateScore(sparsity_theta_score); 45ms in CalculateScore(^^^ItemsProcessedScore^^^); ]
I1005 21:16:09.962589 28065792 processor.cc:740] No data in processing queue, waiting...
I1005 21:16:10.093974 25382912 processor.cc:925] Processor: complete processing batch dcac163a-c52b-4687-930c-dd7115082cba into model nwt
I1005 21:16:10.099335 25382912 cuckoo_watch.h:45] 322ms in ProcessBatch(lectures_batches/aaaaab.batch) [including 23ms in LoadMessage; 19ms in InitializeSparseNdw; 0ms in FindReuseThetaCacheEntry; 3ms in InitializeTheta; 0ms in CreateRegularizerAgents; 165ms in InferThetaAndUpdateNwtSparse; 0ms in UpdateCacheEntry; 4ms in CalculateScore(sparsity_theta_score); 99ms in CalculateScore(^^^ItemsProcessedScore^^^); ]
I1005 21:16:10.099807 2047873024 master_component.cc:1436] RegularizeModelArgs: rwt_target_name=rwt, pwt_source_name=pwt, nwt_source_name=nwt
I1005 21:16:10.099848 2047873024 master_component.cc:976] MasterComponent: start regularizing model pwt
I1005 21:16:10.122226 25382912 processor.cc:740] No data in processing queue, waiting...
I1005 21:16:10.201803 2047873024 master_component.cc:1002] MasterComponent: complete regularizing model pwt
I1005 21:16:10.201822 2047873024 master_component.cc:1449] NormalizeModelArgs: pwt_target_name=pwt, nwt_source_name=nwt, rwt_source_name=rwt
I1005 21:16:10.201829 2047873024 master_component.cc:1006] MasterComponent: start normalizing model nwt
I1005 21:16:10.263806 2047873024 master_component.cc:1034] MasterComponent: complete normalizing model nwt
I1005 21:16:10.347754 2047873024 master_component.cc:1473] DisposeModel rwt
I1005 21:16:10.363279 2047873024 master_component.cc:1059] FitOffline: ItemsProcessed, num_items=1728, num_batches=2, token_weight=808522, token_weight_in_effect=808522
I1005 21:16:10.363536 2047873024 c_interface.cc:389] Pass FitOfflineMasterModelArgs, batch_filename_size=2, batch_weight_size=2, num_collection_passes=1, reset_nwt=yes to MN4artm4core15MasterComponentEFvRKNS_25FitOfflineMasterModelArgsEE
I1005 21:16:10.363549 2047873024 master_component.cc:1398] ProcessBatchesArgs: nwt_target_name=nwt, batch_filename_size=2, batch_size=0, batch_weight_size=2, pwt_source_name=pwt, num_document_passes=1, regularizer=(name:SmoothSparsePhi_bcg, tau:100000), class=(text:1), class=(author:1), reuse_theta=yes, opt_for_avx=yes, predict_class_id=, reset_nwt=yes
I1005 21:16:10.378962 26992640 processor.cc:747] Processing queue has data, processing started
I1005 21:16:10.378973 28065792 processor.cc:747] Processing queue has data, processing started
I1005 21:16:10.392277 26992640 processor.cc:820] Processor: start processing batch e5030de3-8abd-4032-8d24-b273d0c8d586 into model nwt
I1005 21:16:10.402635 28065792 processor.cc:820] Processor: start processing batch dcac163a-c52b-4687-930c-dd7115082cba into model nwt
I1005 21:16:10.539387 26992640 processor.cc:925] Processor: complete processing batch e5030de3-8abd-4032-8d24-b273d0c8d586 into model nwt
I1005 21:16:10.542876 26992640 cuckoo_watch.h:45] 163ms in ProcessBatch(lectures_batches/aaaaaa.batch) [including 13ms in LoadMessage; 7ms in InitializeSparseNdw; 0ms in FindReuseThetaCacheEntry; 8ms in InitializeTheta; 0ms in CreateRegularizerAgents; 81ms in InferThetaAndUpdateNwtSparse; 0ms in UpdateCacheEntry; 3ms in CalculateScore(sparsity_theta_score); 45ms in CalculateScore(^^^ItemsProcessedScore^^^); ]
I1005 21:16:10.564811 26992640 processor.cc:740] No data in processing queue, waiting...
I1005 21:16:10.700789 28065792 processor.cc:925] Processor: complete processing batch dcac163a-c52b-4687-930c-dd7115082cba into model nwt
I1005 21:16:10.707275 28065792 cuckoo_watch.h:45] 328ms in ProcessBatch(lectures_batches/aaaaab.batch) [including 23ms in LoadMessage; 19ms in InitializeSparseNdw; 0ms in FindReuseThetaCacheEntry; 3ms in InitializeTheta; 0ms in CreateRegularizerAgents; 166ms in InferThetaAndUpdateNwtSparse; 0ms in UpdateCacheEntry; 4ms in CalculateScore(sparsity_theta_score); 102ms in CalculateScore(^^^ItemsProcessedScore^^^); ]
I1005 21:16:10.707626 2047873024 master_component.cc:1436] RegularizeModelArgs: rwt_target_name=rwt, pwt_source_name=pwt, nwt_source_name=nwt
I1005 21:16:10.707646 2047873024 master_component.cc:976] MasterComponent: start regularizing model pwt
I1005 21:16:10.731263 28065792 processor.cc:740] No data in processing queue, waiting...
I1005 21:16:10.809382 2047873024 master_component.cc:1002] MasterComponent: complete regularizing model pwt
I1005 21:16:10.809406 2047873024 master_component.cc:1449] NormalizeModelArgs: pwt_target_name=pwt, nwt_source_name=nwt, rwt_source_name=rwt
I1005 21:16:10.809413 2047873024 master_component.cc:1006] MasterComponent: start normalizing model nwt
I1005 21:16:10.881093 2047873024 master_component.cc:1034] MasterComponent: complete normalizing model nwt
I1005 21:16:10.968621 2047873024 master_component.cc:1473] DisposeModel rwt
I1005 21:16:10.983600 2047873024 master_component.cc:1059] FitOffline: ItemsProcessed, num_items=1728, num_batches=2, token_weight=808522, token_weight_in_effect=808522
I1005 21:16:10.983839 2047873024 c_interface.cc:389] Pass FitOfflineMasterModelArgs, batch_filename_size=2, batch_weight_size=2, num_collection_passes=1, reset_nwt=yes to MN4artm4core15MasterComponentEFvRKNS_25FitOfflineMasterModelArgsEE
I1005 21:16:10.983853 2047873024 master_component.cc:1398] ProcessBatchesArgs: nwt_target_name=nwt, batch_filename_size=2, batch_size=0, batch_weight_size=2, pwt_source_name=pwt, num_document_passes=1, regularizer=(name:SmoothSparsePhi_bcg, tau:100000), class=(text:1), class=(author:1), reuse_theta=yes, opt_for_avx=yes, predict_class_id=, reset_nwt=yes
I1005 21:16:10.999083 27529216 processor.cc:747] Processing queue has data, processing started
I1005 21:16:10.999100 29138944 processor.cc:747] Processing queue has data, processing started
I1005 21:16:11.012398 27529216 processor.cc:820] Processor: start processing batch e5030de3-8abd-4032-8d24-b273d0c8d586 into model nwt
I1005 21:16:11.022814 29138944 processor.cc:820] Processor: start processing batch dcac163a-c52b-4687-930c-dd7115082cba into model nwt
I1005 21:16:11.162452 27529216 processor.cc:925] Processor: complete processing batch e5030de3-8abd-4032-8d24-b273d0c8d586 into model nwt
I1005 21:16:11.166026 27529216 cuckoo_watch.h:45] 166ms in ProcessBatch(lectures_batches/aaaaaa.batch) [including 13ms in LoadMessage; 7ms in InitializeSparseNdw; 0ms in FindReuseThetaCacheEntry; 8ms in InitializeTheta; 0ms in CreateRegularizerAgents; 82ms in InferThetaAndUpdateNwtSparse; 0ms in UpdateCacheEntry; 3ms in CalculateScore(sparsity_theta_score); 47ms in CalculateScore(^^^ItemsProcessedScore^^^); ]
I1005 21:16:11.188508 27529216 processor.cc:740] No data in processing queue, waiting...
I1005 21:16:11.339018 29138944 processor.cc:925] Processor: complete processing batch dcac163a-c52b-4687-930c-dd7115082cba into model nwt
I1005 21:16:11.345116 29138944 cuckoo_watch.h:45] 345ms in ProcessBatch(lectures_batches/aaaaab.batch) [including 23ms in LoadMessage; 19ms in InitializeSparseNdw; 0ms in FindReuseThetaCacheEntry; 3ms in InitializeTheta; 0ms in CreateRegularizerAgents; 173ms in InferThetaAndUpdateNwtSparse; 0ms in UpdateCacheEntry; 5ms in CalculateScore(sparsity_theta_score); 113ms in CalculateScore(^^^ItemsProcessedScore^^^); ]
I1005 21:16:11.345491 2047873024 master_component.cc:1436] RegularizeModelArgs: rwt_target_name=rwt, pwt_source_name=pwt, nwt_source_name=nwt
I1005 21:16:11.345510 2047873024 master_component.cc:976] MasterComponent: start regularizing model pwt
I1005 21:16:11.368429 29138944 processor.cc:740] No data in processing queue, waiting...
I1005 21:16:11.444603 2047873024 master_component.cc:1002] MasterComponent: complete regularizing model pwt
I1005 21:16:11.444633 2047873024 master_component.cc:1449] NormalizeModelArgs: pwt_target_name=pwt, nwt_source_name=nwt, rwt_source_name=rwt
I1005 21:16:11.444640 2047873024 master_component.cc:1006] MasterComponent: start normalizing model nwt
I1005 21:16:11.515453 2047873024 master_component.cc:1034] MasterComponent: complete normalizing model nwt
I1005 21:16:11.609335 2047873024 master_component.cc:1473] DisposeModel rwt
I1005 21:16:11.628103 2047873024 master_component.cc:1059] FitOffline: ItemsProcessed, num_items=1728, num_batches=2, token_weight=808522, token_weight_in_effect=808522
I1005 21:16:11.628533 2047873024 c_interface.cc:389] Pass FitOfflineMasterModelArgs, batch_filename_size=2, batch_weight_size=2, num_collection_passes=1, reset_nwt=yes to MN4artm4core15MasterComponentEFvRKNS_25FitOfflineMasterModelArgsEE
I1005 21:16:11.628630 2047873024 master_component.cc:1398] ProcessBatchesArgs: nwt_target_name=nwt, batch_filename_size=2, batch_size=0, batch_weight_size=2, pwt_source_name=pwt, num_document_passes=1, regularizer=(name:SmoothSparsePhi_bcg, tau:100000), class=(text:1), class=(author:1), reuse_theta=yes, opt_for_avx=yes, predict_class_id=, reset_nwt=yes
I1005 21:16:11.645601 26992640 processor.cc:747] Processing queue has data, processing started
I1005 21:16:11.645622 28065792 processor.cc:747] Processing queue has data, processing started
I1005 21:16:11.659500 26992640 processor.cc:820] Processor: start processing batch e5030de3-8abd-4032-8d24-b273d0c8d586 into model nwt
I1005 21:16:11.672293 28065792 processor.cc:820] Processor: start processing batch dcac163a-c52b-4687-930c-dd7115082cba into model nwt
I1005 21:16:11.826933 26992640 processor.cc:925] Processor: complete processing batch e5030de3-8abd-4032-8d24-b273d0c8d586 into model nwt
I1005 21:16:11.830826 26992640 cuckoo_watch.h:45] 185ms in ProcessBatch(lectures_batches/aaaaaa.batch) [including 13ms in LoadMessage; 11ms in InitializeSparseNdw; 0ms in FindReuseThetaCacheEntry; 10ms in InitializeTheta; 0ms in CreateRegularizerAgents; 93ms in InferThetaAndUpdateNwtSparse; 0ms in UpdateCacheEntry; 3ms in CalculateScore(sparsity_theta_score); 47ms in CalculateScore(^^^ItemsProcessedScore^^^); ]
I1005 21:16:11.853291 26992640 processor.cc:740] No data in processing queue, waiting...
I1005 21:16:11.985074 28065792 processor.cc:925] Processor: complete processing batch dcac163a-c52b-4687-930c-dd7115082cba into model nwt
I1005 21:16:11.991169 28065792 cuckoo_watch.h:45] 345ms in ProcessBatch(lectures_batches/aaaaab.batch) [including 26ms in LoadMessage; 27ms in InitializeSparseNdw; 0ms in FindReuseThetaCacheEntry; 3ms in InitializeTheta; 0ms in CreateRegularizerAgents; 175ms in InferThetaAndUpdateNwtSparse; 0ms in UpdateCacheEntry; 5ms in CalculateScore(sparsity_theta_score); 100ms in CalculateScore(^^^ItemsProcessedScore^^^); ]
I1005 21:16:11.991988 2047873024 master_component.cc:1436] RegularizeModelArgs: rwt_target_name=rwt, pwt_source_name=pwt, nwt_source_name=nwt
I1005 21:16:11.992017 2047873024 master_component.cc:976] MasterComponent: start regularizing model pwt
I1005 21:16:12.013669 28065792 processor.cc:740] No data in processing queue, waiting...
I1005 21:16:12.096622 2047873024 master_component.cc:1002] MasterComponent: complete regularizing model pwt
I1005 21:16:12.096642 2047873024 master_component.cc:1449] NormalizeModelArgs: pwt_target_name=pwt, nwt_source_name=nwt, rwt_source_name=rwt
I1005 21:16:12.096649 2047873024 master_component.cc:1006] MasterComponent: start normalizing model nwt
I1005 21:16:12.170073 2047873024 master_component.cc:1034] MasterComponent: complete normalizing model nwt
I1005 21:16:12.256482 2047873024 master_component.cc:1473] DisposeModel rwt
I1005 21:16:12.273047 2047873024 master_component.cc:1059] FitOffline: ItemsProcessed, num_items=1728, num_batches=2, token_weight=808522, token_weight_in_effect=808522
I1005 21:16:12.273294 2047873024 c_interface.cc:389] Pass FitOfflineMasterModelArgs, batch_filename_size=2, batch_weight_size=2, num_collection_passes=1, reset_nwt=yes to MN4artm4core15MasterComponentEFvRKNS_25FitOfflineMasterModelArgsEE
I1005 21:16:12.273309 2047873024 master_component.cc:1398] ProcessBatchesArgs: nwt_target_name=nwt, batch_filename_size=2, batch_size=0, batch_weight_size=2, pwt_source_name=pwt, num_document_passes=1, regularizer=(name:SmoothSparsePhi_bcg, tau:100000), class=(text:1), class=(author:1), reuse_theta=yes, opt_for_avx=yes, predict_class_id=, reset_nwt=yes
I1005 21:16:12.288307 25919488 processor.cc:747] Processing queue has data, processing started
I1005 21:16:12.288312 25382912 processor.cc:747] Processing queue has data, processing started
I1005 21:16:12.301964 25919488 processor.cc:820] Processor: start processing batch e5030de3-8abd-4032-8d24-b273d0c8d586 into model nwt
I1005 21:16:12.312927 25382912 processor.cc:820] Processor: start processing batch dcac163a-c52b-4687-930c-dd7115082cba into model nwt
I1005 21:16:12.455293 25919488 processor.cc:925] Processor: complete processing batch e5030de3-8abd-4032-8d24-b273d0c8d586 into model nwt
I1005 21:16:12.459174 25919488 cuckoo_watch.h:45] 170ms in ProcessBatch(lectures_batches/aaaaaa.batch) [including 13ms in LoadMessage; 8ms in InitializeSparseNdw; 0ms in FindReuseThetaCacheEntry; 8ms in InitializeTheta; 0ms in CreateRegularizerAgents; 86ms in InferThetaAndUpdateNwtSparse; 0ms in UpdateCacheEntry; 3ms in CalculateScore(sparsity_theta_score); 45ms in CalculateScore(^^^ItemsProcessedScore^^^); ]
I1005 21:16:12.480970 25919488 processor.cc:740] No data in processing queue, waiting...
I1005 21:16:12.620354 25382912 processor.cc:925] Processor: complete processing batch dcac163a-c52b-4687-930c-dd7115082cba into model nwt
I1005 21:16:12.626610 25382912 cuckoo_watch.h:45] 338ms in ProcessBatch(lectures_batches/aaaaab.batch) [including 24ms in LoadMessage; 21ms in InitializeSparseNdw; 0ms in FindReuseThetaCacheEntry; 3ms in InitializeTheta; 0ms in CreateRegularizerAgents; 172ms in InferThetaAndUpdateNwtSparse; 0ms in UpdateCacheEntry; 4ms in CalculateScore(sparsity_theta_score); 104ms in CalculateScore(^^^ItemsProcessedScore^^^); ]
I1005 21:16:12.627346 2047873024 master_component.cc:1436] RegularizeModelArgs: rwt_target_name=rwt, pwt_source_name=pwt, nwt_source_name=nwt
I1005 21:16:12.627398 2047873024 master_component.cc:976] MasterComponent: start regularizing model pwt
I1005 21:16:12.649495 25382912 processor.cc:740] No data in processing queue, waiting...
I1005 21:16:12.735435 2047873024 master_component.cc:1002] MasterComponent: complete regularizing model pwt
I1005 21:16:12.735455 2047873024 master_component.cc:1449] NormalizeModelArgs: pwt_target_name=pwt, nwt_source_name=nwt, rwt_source_name=rwt
I1005 21:16:12.735461 2047873024 master_component.cc:1006] MasterComponent: start normalizing model nwt
I1005 21:16:12.805426 2047873024 master_component.cc:1034] MasterComponent: complete normalizing model nwt
I1005 21:16:12.900039 2047873024 master_component.cc:1473] DisposeModel rwt
I1005 21:16:12.914938 2047873024 master_component.cc:1059] FitOffline: ItemsProcessed, num_items=1728, num_batches=2, token_weight=808522, token_weight_in_effect=808522
I1005 21:16:12.915192 2047873024 c_interface.cc:389] Pass FitOfflineMasterModelArgs, batch_filename_size=2, batch_weight_size=2, num_collection_passes=1, reset_nwt=yes to MN4artm4core15MasterComponentEFvRKNS_25FitOfflineMasterModelArgsEE
I1005 21:16:12.915205 2047873024 master_component.cc:1398] ProcessBatchesArgs: nwt_target_name=nwt, batch_filename_size=2, batch_size=0, batch_weight_size=2, pwt_source_name=pwt, num_document_passes=1, regularizer=(name:SmoothSparsePhi_bcg, tau:100000), class=(text:1), class=(author:1), reuse_theta=yes, opt_for_avx=yes, predict_class_id=, reset_nwt=yes
I1005 21:16:12.929307 25382912 processor.cc:747] Processing queue has data, processing started
I1005 21:16:12.929324 28602368 processor.cc:747] Processing queue has data, processing started
I1005 21:16:12.942811 25382912 processor.cc:820] Processor: start processing batch e5030de3-8abd-4032-8d24-b273d0c8d586 into model nwt
I1005 21:16:12.952925 28602368 processor.cc:820] Processor: start processing batch dcac163a-c52b-4687-930c-dd7115082cba into model nwt
I1005 21:16:13.092272 25382912 processor.cc:925] Processor: complete processing batch e5030de3-8abd-4032-8d24-b273d0c8d586 into model nwt
I1005 21:16:13.096520 25382912 cuckoo_watch.h:45] 167ms in ProcessBatch(lectures_batches/aaaaaa.batch) [including 13ms in LoadMessage; 7ms in InitializeSparseNdw; 0ms in FindReuseThetaCacheEntry; 8ms in InitializeTheta; 0ms in CreateRegularizerAgents; 83ms in InferThetaAndUpdateNwtSparse; 0ms in UpdateCacheEntry; 3ms in CalculateScore(sparsity_theta_score); 45ms in CalculateScore(^^^ItemsProcessedScore^^^); ]
I1005 21:16:13.118635 25382912 processor.cc:740] No data in processing queue, waiting...
I1005 21:16:13.261790 28602368 processor.cc:925] Processor: complete processing batch dcac163a-c52b-4687-930c-dd7115082cba into model nwt
I1005 21:16:13.268949 28602368 cuckoo_watch.h:45] 339ms in ProcessBatch(lectures_batches/aaaaab.batch) [including 23ms in LoadMessage; 20ms in InitializeSparseNdw; 0ms in FindReuseThetaCacheEntry; 4ms in InitializeTheta; 0ms in CreateRegularizerAgents; 171ms in InferThetaAndUpdateNwtSparse; 0ms in UpdateCacheEntry; 5ms in CalculateScore(sparsity_theta_score); 106ms in CalculateScore(^^^ItemsProcessedScore^^^); ]
I1005 21:16:13.270231 2047873024 master_component.cc:1436] RegularizeModelArgs: rwt_target_name=rwt, pwt_source_name=pwt, nwt_source_name=nwt
I1005 21:16:13.270284 2047873024 master_component.cc:976] MasterComponent: start regularizing model pwt
I1005 21:16:13.292551 28602368 processor.cc:740] No data in processing queue, waiting...
I1005 21:16:13.373476 2047873024 master_component.cc:1002] MasterComponent: complete regularizing model pwt
I1005 21:16:13.373498 2047873024 master_component.cc:1449] NormalizeModelArgs: pwt_target_name=pwt, nwt_source_name=nwt, rwt_source_name=rwt
I1005 21:16:13.373505 2047873024 master_component.cc:1006] MasterComponent: start normalizing model nwt
I1005 21:16:13.447031 2047873024 master_component.cc:1034] MasterComponent: complete normalizing model nwt
I1005 21:16:13.546679 2047873024 master_component.cc:1473] DisposeModel rwt
I1005 21:16:13.562877 2047873024 master_component.cc:1059] FitOffline: ItemsProcessed, num_items=1728, num_batches=2, token_weight=808522, token_weight_in_effect=808522
I1005 21:16:13.563117 2047873024 c_interface.cc:389] Pass FitOfflineMasterModelArgs, batch_filename_size=2, batch_weight_size=2, num_collection_passes=1, reset_nwt=yes to MN4artm4core15MasterComponentEFvRKNS_25FitOfflineMasterModelArgsEE
I1005 21:16:13.563130 2047873024 master_component.cc:1398] ProcessBatchesArgs: nwt_target_name=nwt, batch_filename_size=2, batch_size=0, batch_weight_size=2, pwt_source_name=pwt, num_document_passes=1, regularizer=(name:SmoothSparsePhi_bcg, tau:100000), class=(text:1), class=(author:1), reuse_theta=yes, opt_for_avx=yes, predict_class_id=, reset_nwt=yes
I1005 21:16:13.579128 29138944 processor.cc:747] Processing queue has data, processing started
I1005 21:16:13.579154 27529216 processor.cc:747] Processing queue has data, processing started
I1005 21:16:13.593111 29138944 processor.cc:820] Processor: start processing batch e5030de3-8abd-4032-8d24-b273d0c8d586 into model nwt
I1005 21:16:13.604018 27529216 processor.cc:820] Processor: start processing batch dcac163a-c52b-4687-930c-dd7115082cba into model nwt
I1005 21:16:13.741173 29138944 processor.cc:925] Processor: complete processing batch e5030de3-8abd-4032-8d24-b273d0c8d586 into model nwt
I1005 21:16:13.745283 29138944 cuckoo_watch.h:45] 166ms in ProcessBatch(lectures_batches/aaaaaa.batch) [including 13ms in LoadMessage; 8ms in InitializeSparseNdw; 0ms in FindReuseThetaCacheEntry; 8ms in InitializeTheta; 0ms in CreateRegularizerAgents; 82ms in InferThetaAndUpdateNwtSparse; 0ms in UpdateCacheEntry; 3ms in CalculateScore(sparsity_theta_score); 45ms in CalculateScore(^^^ItemsProcessedScore^^^); ]
I1005 21:16:13.767827 29138944 processor.cc:740] No data in processing queue, waiting...
I1005 21:16:13.908735 27529216 processor.cc:925] Processor: complete processing batch dcac163a-c52b-4687-930c-dd7115082cba into model nwt
I1005 21:16:13.915460 27529216 cuckoo_watch.h:45] 336ms in ProcessBatch(lectures_batches/aaaaab.batch) [including 24ms in LoadMessage; 20ms in InitializeSparseNdw; 0ms in FindReuseThetaCacheEntry; 3ms in InitializeTheta; 0ms in CreateRegularizerAgents; 167ms in InferThetaAndUpdateNwtSparse; 0ms in UpdateCacheEntry; 6ms in CalculateScore(sparsity_theta_score); 107ms in CalculateScore(^^^ItemsProcessedScore^^^); ]
I1005 21:16:13.916688 2047873024 master_component.cc:1436] RegularizeModelArgs: rwt_target_name=rwt, pwt_source_name=pwt, nwt_source_name=nwt
I1005 21:16:13.916736 2047873024 master_component.cc:976] MasterComponent: start regularizing model pwt
I1005 21:16:13.939682 27529216 processor.cc:740] No data in processing queue, waiting...
I1005 21:16:14.029033 2047873024 master_component.cc:1002] MasterComponent: complete regularizing model pwt
I1005 21:16:14.029121 2047873024 master_component.cc:1449] NormalizeModelArgs: pwt_target_name=pwt, nwt_source_name=nwt, rwt_source_name=rwt
I1005 21:16:14.029130 2047873024 master_component.cc:1006] MasterComponent: start normalizing model nwt
I1005 21:16:14.114732 2047873024 master_component.cc:1034] MasterComponent: complete normalizing model nwt
I1005 21:16:14.224599 2047873024 master_component.cc:1473] DisposeModel rwt
I1005 21:16:14.242744 2047873024 master_component.cc:1059] FitOffline: ItemsProcessed, num_items=1728, num_batches=2, token_weight=808522, token_weight_in_effect=808522
I1005 21:16:14.243037 2047873024 c_interface.cc:389] Pass FitOfflineMasterModelArgs, batch_filename_size=2, batch_weight_size=2, num_collection_passes=1, reset_nwt=yes to MN4artm4core15MasterComponentEFvRKNS_25FitOfflineMasterModelArgsEE
I1005 21:16:14.243062 2047873024 master_component.cc:1398] ProcessBatchesArgs: nwt_target_name=nwt, batch_filename_size=2, batch_size=0, batch_weight_size=2, pwt_source_name=pwt, num_document_passes=1, regularizer=(name:SmoothSparsePhi_bcg, tau:100000), class=(text:1), class=(author:1), reuse_theta=yes, opt_for_avx=yes, predict_class_id=, reset_nwt=yes
I1005 21:16:14.261692 25382912 processor.cc:747] Processing queue has data, processing started
I1005 21:16:14.261714 26992640 processor.cc:747] Processing queue has data, processing started
I1005 21:16:14.276304 25382912 processor.cc:820] Processor: start processing batch e5030de3-8abd-4032-8d24-b273d0c8d586 into model nwt
I1005 21:16:14.287441 26992640 processor.cc:820] Processor: start processing batch dcac163a-c52b-4687-930c-dd7115082cba into model nwt
I1005 21:16:14.440578 25382912 processor.cc:925] Processor: complete processing batch e5030de3-8abd-4032-8d24-b273d0c8d586 into model nwt
I1005 21:16:14.444708 25382912 cuckoo_watch.h:45] 182ms in ProcessBatch(lectures_batches/aaaaaa.batch) [including 14ms in LoadMessage; 7ms in InitializeSparseNdw; 0ms in FindReuseThetaCacheEntry; 8ms in InitializeTheta; 0ms in CreateRegularizerAgents; 91ms in InferThetaAndUpdateNwtSparse; 0ms in UpdateCacheEntry; 4ms in CalculateScore(sparsity_theta_score); 50ms in CalculateScore(^^^ItemsProcessedScore^^^); ]
I1005 21:16:14.467144 25382912 processor.cc:740] No data in processing queue, waiting...
I1005 21:16:14.606155 26992640 processor.cc:925] Processor: complete processing batch dcac163a-c52b-4687-930c-dd7115082cba into model nwt
I1005 21:16:14.613302 26992640 cuckoo_watch.h:45] 351ms in ProcessBatch(lectures_batches/aaaaab.batch) [including 25ms in LoadMessage; 21ms in InitializeSparseNdw; 0ms in FindReuseThetaCacheEntry; 3ms in InitializeTheta; 0ms in CreateRegularizerAgents; 182ms in InferThetaAndUpdateNwtSparse; 0ms in UpdateCacheEntry; 5ms in CalculateScore(sparsity_theta_score); 105ms in CalculateScore(^^^ItemsProcessedScore^^^); ]
I1005 21:16:14.613770 2047873024 master_component.cc:1436] RegularizeModelArgs: rwt_target_name=rwt, pwt_source_name=pwt, nwt_source_name=nwt
I1005 21:16:14.613833 2047873024 master_component.cc:976] MasterComponent: start regularizing model pwt
I1005 21:16:14.637181 26992640 processor.cc:740] No data in processing queue, waiting...
I1005 21:16:14.725452 2047873024 master_component.cc:1002] MasterComponent: complete regularizing model pwt
I1005 21:16:14.725472 2047873024 master_component.cc:1449] NormalizeModelArgs: pwt_target_name=pwt, nwt_source_name=nwt, rwt_source_name=rwt
I1005 21:16:14.725478 2047873024 master_component.cc:1006] MasterComponent: start normalizing model nwt
I1005 21:16:14.799530 2047873024 master_component.cc:1034] MasterComponent: complete normalizing model nwt
I1005 21:16:14.892769 2047873024 master_component.cc:1473] DisposeModel rwt
I1005 21:16:14.910287 2047873024 master_component.cc:1059] FitOffline: ItemsProcessed, num_items=1728, num_batches=2, token_weight=808522, token_weight_in_effect=808522
I1005 21:16:14.910598 2047873024 c_interface.cc:389] Pass FitOfflineMasterModelArgs, batch_filename_size=2, batch_weight_size=2, num_collection_passes=1, reset_nwt=yes to MN4artm4core15MasterComponentEFvRKNS_25FitOfflineMasterModelArgsEE
I1005 21:16:14.910614 2047873024 master_component.cc:1398] ProcessBatchesArgs: nwt_target_name=nwt, batch_filename_size=2, batch_size=0, batch_weight_size=2, pwt_source_name=pwt, num_document_passes=1, regularizer=(name:SmoothSparsePhi_bcg, tau:100000), class=(text:1), class=(author:1), reuse_theta=yes, opt_for_avx=yes, predict_class_id=, reset_nwt=yes
I1005 21:16:14.927207 28602368 processor.cc:747] Processing queue has data, processing started
I1005 21:16:14.927207 27529216 processor.cc:747] Processing queue has data, processing started
I1005 21:16:14.940826 28602368 processor.cc:820] Processor: start processing batch e5030de3-8abd-4032-8d24-b273d0c8d586 into model nwt
I1005 21:16:14.951978 27529216 processor.cc:820] Processor: start processing batch dcac163a-c52b-4687-930c-dd7115082cba into model nwt
I1005 21:16:15.108498 28602368 processor.cc:925] Processor: complete processing batch e5030de3-8abd-4032-8d24-b273d0c8d586 into model nwt
I1005 21:16:15.113126 28602368 cuckoo_watch.h:45] 185ms in ProcessBatch(lectures_batches/aaaaaa.batch) [including 13ms in LoadMessage; 8ms in InitializeSparseNdw; 0ms in FindReuseThetaCacheEntry; 9ms in InitializeTheta; 0ms in CreateRegularizerAgents; 93ms in InferThetaAndUpdateNwtSparse; 0ms in UpdateCacheEntry; 3ms in CalculateScore(sparsity_theta_score); 52ms in CalculateScore(^^^ItemsProcessedScore^^^); ]
I1005 21:16:15.136029 28602368 processor.cc:740] No data in processing queue, waiting...
I1005 21:16:15.267552 27529216 processor.cc:925] Processor: complete processing batch dcac163a-c52b-4687-930c-dd7115082cba into model nwt
I1005 21:16:15.273654 27529216 cuckoo_watch.h:45] 346ms in ProcessBatch(lectures_batches/aaaaab.batch) [including 24ms in LoadMessage; 23ms in InitializeSparseNdw; 0ms in FindReuseThetaCacheEntry; 4ms in InitializeTheta; 0ms in CreateRegularizerAgents; 183ms in InferThetaAndUpdateNwtSparse; 0ms in UpdateCacheEntry; 5ms in CalculateScore(sparsity_theta_score); 98ms in CalculateScore(^^^ItemsProcessedScore^^^); ]
I1005 21:16:15.273919 2047873024 master_component.cc:1436] RegularizeModelArgs: rwt_target_name=rwt, pwt_source_name=pwt, nwt_source_name=nwt
I1005 21:16:15.273947 2047873024 master_component.cc:976] MasterComponent: start regularizing model pwt
I1005 21:16:15.297966 27529216 processor.cc:740] No data in processing queue, waiting...
I1005 21:16:15.386925 2047873024 master_component.cc:1002] MasterComponent: complete regularizing model pwt
I1005 21:16:15.386947 2047873024 master_component.cc:1449] NormalizeModelArgs: pwt_target_name=pwt, nwt_source_name=nwt, rwt_source_name=rwt
I1005 21:16:15.386955 2047873024 master_component.cc:1006] MasterComponent: start normalizing model nwt
I1005 21:16:15.471964 2047873024 master_component.cc:1034] MasterComponent: complete normalizing model nwt
I1005 21:16:15.552906 2047873024 master_component.cc:1473] DisposeModel rwt
I1005 21:16:15.571748 2047873024 master_component.cc:1059] FitOffline: ItemsProcessed, num_items=1728, num_batches=2, token_weight=808522, token_weight_in_effect=808522
I1005 21:16:15.571983 2047873024 c_interface.cc:389] Pass FitOfflineMasterModelArgs, batch_filename_size=2, batch_weight_size=2, num_collection_passes=1, reset_nwt=yes to MN4artm4core15MasterComponentEFvRKNS_25FitOfflineMasterModelArgsEE
I1005 21:16:15.571997 2047873024 master_component.cc:1398] ProcessBatchesArgs: nwt_target_name=nwt, batch_filename_size=2, batch_size=0, batch_weight_size=2, pwt_source_name=pwt, num_document_passes=1, regularizer=(name:SmoothSparsePhi_bcg, tau:100000), class=(text:1), class=(author:1), reuse_theta=yes, opt_for_avx=yes, predict_class_id=, reset_nwt=yes
I1005 21:16:15.590493 26456064 processor.cc:747] Processing queue has data, processing started
I1005 21:16:15.590518 25919488 processor.cc:747] Processing queue has data, processing started
I1005 21:16:15.605042 26456064 processor.cc:820] Processor: start processing batch e5030de3-8abd-4032-8d24-b273d0c8d586 into model nwt
I1005 21:16:15.615530 25919488 processor.cc:820] Processor: start processing batch dcac163a-c52b-4687-930c-dd7115082cba into model nwt
I1005 21:16:15.753865 26456064 processor.cc:925] Processor: complete processing batch e5030de3-8abd-4032-8d24-b273d0c8d586 into model nwt
I1005 21:16:15.758025 26456064 cuckoo_watch.h:45] 167ms in ProcessBatch(lectures_batches/aaaaaa.batch) [including 14ms in LoadMessage; 7ms in InitializeSparseNdw; 0ms in FindReuseThetaCacheEntry; 8ms in InitializeTheta; 0ms in CreateRegularizerAgents; 83ms in InferThetaAndUpdateNwtSparse; 0ms in UpdateCacheEntry; 3ms in CalculateScore(sparsity_theta_score); 45ms in CalculateScore(^^^ItemsProcessedScore^^^); ]
I1005 21:16:15.780684 26456064 processor.cc:740] No data in processing queue, waiting...
I1005 21:16:15.952374 25919488 processor.cc:925] Processor: complete processing batch dcac163a-c52b-4687-930c-dd7115082cba into model nwt
I1005 21:16:15.959105 25919488 cuckoo_watch.h:45] 368ms in ProcessBatch(lectures_batches/aaaaab.batch) [including 24ms in LoadMessage; 22ms in InitializeSparseNdw; 0ms in FindReuseThetaCacheEntry; 4ms in InitializeTheta; 0ms in CreateRegularizerAgents; 200ms in InferThetaAndUpdateNwtSparse; 0ms in UpdateCacheEntry; 5ms in CalculateScore(sparsity_theta_score); 103ms in CalculateScore(^^^ItemsProcessedScore^^^); ]
I1005 21:16:15.959414 2047873024 master_component.cc:1436] RegularizeModelArgs: rwt_target_name=rwt, pwt_source_name=pwt, nwt_source_name=nwt
I1005 21:16:15.959494 2047873024 master_component.cc:976] MasterComponent: start regularizing model pwt
I1005 21:16:15.983435 25919488 processor.cc:740] No data in processing queue, waiting...
I1005 21:16:16.074868 2047873024 master_component.cc:1002] MasterComponent: complete regularizing model pwt
I1005 21:16:16.074889 2047873024 master_component.cc:1449] NormalizeModelArgs: pwt_target_name=pwt, nwt_source_name=nwt, rwt_source_name=rwt
I1005 21:16:16.074896 2047873024 master_component.cc:1006] MasterComponent: start normalizing model nwt
I1005 21:16:16.170445 2047873024 master_component.cc:1034] MasterComponent: complete normalizing model nwt
I1005 21:16:16.252616 2047873024 master_component.cc:1473] DisposeModel rwt
I1005 21:16:16.271893 2047873024 master_component.cc:1059] FitOffline: ItemsProcessed, num_items=1728, num_batches=2, token_weight=808522, token_weight_in_effect=808522
I1005 21:16:16.272130 2047873024 c_interface.cc:389] Pass FitOfflineMasterModelArgs, batch_filename_size=2, batch_weight_size=2, num_collection_passes=1, reset_nwt=yes to MN4artm4core15MasterComponentEFvRKNS_25FitOfflineMasterModelArgsEE
I1005 21:16:16.272142 2047873024 master_component.cc:1398] ProcessBatchesArgs: nwt_target_name=nwt, batch_filename_size=2, batch_size=0, batch_weight_size=2, pwt_source_name=pwt, num_document_passes=1, regularizer=(name:SmoothSparsePhi_bcg, tau:100000), class=(text:1), class=(author:1), reuse_theta=yes, opt_for_avx=yes, predict_class_id=, reset_nwt=yes
I1005 21:16:16.288378 26992640 processor.cc:747] Processing queue has data, processing started
I1005 21:16:16.288386 29138944 processor.cc:747] Processing queue has data, processing started
I1005 21:16:16.301806 26992640 processor.cc:820] Processor: start processing batch e5030de3-8abd-4032-8d24-b273d0c8d586 into model nwt
I1005 21:16:16.313112 29138944 processor.cc:820] Processor: start processing batch dcac163a-c52b-4687-930c-dd7115082cba into model nwt
I1005 21:16:16.470259 26992640 processor.cc:925] Processor: complete processing batch e5030de3-8abd-4032-8d24-b273d0c8d586 into model nwt
I1005 21:16:16.476142 26992640 cuckoo_watch.h:45] 187ms in ProcessBatch(lectures_batches/aaaaaa.batch) [including 13ms in LoadMessage; 8ms in InitializeSparseNdw; 0ms in FindReuseThetaCacheEntry; 9ms in InitializeTheta; 0ms in CreateRegularizerAgents; 96ms in InferThetaAndUpdateNwtSparse; 0ms in UpdateCacheEntry; 3ms in CalculateScore(sparsity_theta_score); 50ms in CalculateScore(^^^ItemsProcessedScore^^^); ]
I1005 21:16:16.499821 26992640 processor.cc:740] No data in processing queue, waiting...
I1005 21:16:16.631615 29138944 processor.cc:925] Processor: complete processing batch dcac163a-c52b-4687-930c-dd7115082cba into model nwt
I1005 21:16:16.638140 29138944 cuckoo_watch.h:45] 349ms in ProcessBatch(lectures_batches/aaaaab.batch) [including 24ms in LoadMessage; 21ms in InitializeSparseNdw; 0ms in FindReuseThetaCacheEntry; 4ms in InitializeTheta; 0ms in CreateRegularizerAgents; 183ms in InferThetaAndUpdateNwtSparse; 0ms in UpdateCacheEntry; 6ms in CalculateScore(sparsity_theta_score); 101ms in CalculateScore(^^^ItemsProcessedScore^^^); ]
I1005 21:16:16.638536 2047873024 master_component.cc:1436] RegularizeModelArgs: rwt_target_name=rwt, pwt_source_name=pwt, nwt_source_name=nwt
I1005 21:16:16.638583 2047873024 master_component.cc:976] MasterComponent: start regularizing model pwt
I1005 21:16:16.662252 29138944 processor.cc:740] No data in processing queue, waiting...
I1005 21:16:16.746700 2047873024 master_component.cc:1002] MasterComponent: complete regularizing model pwt
I1005 21:16:16.746724 2047873024 master_component.cc:1449] NormalizeModelArgs: pwt_target_name=pwt, nwt_source_name=nwt, rwt_source_name=rwt
I1005 21:16:16.746732 2047873024 master_component.cc:1006] MasterComponent: start normalizing model nwt
I1005 21:16:16.834437 2047873024 master_component.cc:1034] MasterComponent: complete normalizing model nwt
I1005 21:16:16.925411 2047873024 master_component.cc:1473] DisposeModel rwt
I1005 21:16:16.945900 2047873024 master_component.cc:1059] FitOffline: ItemsProcessed, num_items=1728, num_batches=2, token_weight=808522, token_weight_in_effect=808522
I1005 21:16:16.946223 2047873024 c_interface.cc:389] Pass FitOfflineMasterModelArgs, batch_filename_size=2, batch_weight_size=2, num_collection_passes=1, reset_nwt=yes to MN4artm4core15MasterComponentEFvRKNS_25FitOfflineMasterModelArgsEE
I1005 21:16:16.946240 2047873024 master_component.cc:1398] ProcessBatchesArgs: nwt_target_name=nwt, batch_filename_size=2, batch_size=0, batch_weight_size=2, pwt_source_name=pwt, num_document_passes=1, regularizer=(name:SmoothSparsePhi_bcg, tau:100000), class=(text:1), class=(author:1), reuse_theta=yes, opt_for_avx=yes, predict_class_id=, reset_nwt=yes
I1005 21:16:16.966140 28065792 processor.cc:747] Processing queue has data, processing started
I1005 21:16:16.966147 26456064 processor.cc:747] Processing queue has data, processing started
I1005 21:16:16.980788 28065792 processor.cc:820] Processor: start processing batch e5030de3-8abd-4032-8d24-b273d0c8d586 into model nwt
I1005 21:16:16.992369 26456064 processor.cc:820] Processor: start processing batch dcac163a-c52b-4687-930c-dd7115082cba into model nwt
I1005 21:16:17.143100 28065792 processor.cc:925] Processor: complete processing batch e5030de3-8abd-4032-8d24-b273d0c8d586 into model nwt
I1005 21:16:17.147294 28065792 cuckoo_watch.h:45] 181ms in ProcessBatch(lectures_batches/aaaaaa.batch) [including 14ms in LoadMessage; 7ms in InitializeSparseNdw; 0ms in FindReuseThetaCacheEntry; 10ms in InitializeTheta; 0ms in CreateRegularizerAgents; 91ms in InferThetaAndUpdateNwtSparse; 0ms in UpdateCacheEntry; 3ms in CalculateScore(sparsity_theta_score); 49ms in CalculateScore(^^^ItemsProcessedScore^^^); ]
I1005 21:16:17.169348 28065792 processor.cc:740] No data in processing queue, waiting...
I1005 21:16:17.312827 26456064 processor.cc:925] Processor: complete processing batch dcac163a-c52b-4687-930c-dd7115082cba into model nwt
I1005 21:16:17.320500 26456064 cuckoo_watch.h:45] 354ms in ProcessBatch(lectures_batches/aaaaab.batch) [including 26ms in LoadMessage; 22ms in InitializeSparseNdw; 0ms in FindReuseThetaCacheEntry; 3ms in InitializeTheta; 0ms in CreateRegularizerAgents; 183ms in InferThetaAndUpdateNwtSparse; 0ms in UpdateCacheEntry; 5ms in CalculateScore(sparsity_theta_score); 105ms in CalculateScore(^^^ItemsProcessedScore^^^); ]
I1005 21:16:17.321353 2047873024 master_component.cc:1436] RegularizeModelArgs: rwt_target_name=rwt, pwt_source_name=pwt, nwt_source_name=nwt
I1005 21:16:17.321409 2047873024 master_component.cc:976] MasterComponent: start regularizing model pwt
I1005 21:16:17.344179 26456064 processor.cc:740] No data in processing queue, waiting...
I1005 21:16:17.434579 2047873024 master_component.cc:1002] MasterComponent: complete regularizing model pwt
I1005 21:16:17.434598 2047873024 master_component.cc:1449] NormalizeModelArgs: pwt_target_name=pwt, nwt_source_name=nwt, rwt_source_name=rwt
I1005 21:16:17.434604 2047873024 master_component.cc:1006] MasterComponent: start normalizing model nwt
I1005 21:16:17.520364 2047873024 master_component.cc:1034] MasterComponent: complete normalizing model nwt
I1005 21:16:17.604950 2047873024 master_component.cc:1473] DisposeModel rwt
I1005 21:16:17.623947 2047873024 master_component.cc:1059] FitOffline: ItemsProcessed, num_items=1728, num_batches=2, token_weight=808522, token_weight_in_effect=808522
I1005 21:16:17.624192 2047873024 c_interface.cc:389] Pass FitOfflineMasterModelArgs, batch_filename_size=2, batch_weight_size=2, num_collection_passes=1, reset_nwt=yes to MN4artm4core15MasterComponentEFvRKNS_25FitOfflineMasterModelArgsEE
I1005 21:16:17.624205 2047873024 master_component.cc:1398] ProcessBatchesArgs: nwt_target_name=nwt, batch_filename_size=2, batch_size=0, batch_weight_size=2, pwt_source_name=pwt, num_document_passes=1, regularizer=(name:SmoothSparsePhi_bcg, tau:100000), class=(text:1), class=(author:1), reuse_theta=yes, opt_for_avx=yes, predict_class_id=, reset_nwt=yes
I1005 21:16:17.641165 26992640 processor.cc:747] Processing queue has data, processing started
I1005 21:16:17.641180 25382912 processor.cc:747] Processing queue has data, processing started
I1005 21:16:17.654491 26992640 processor.cc:820] Processor: start processing batch e5030de3-8abd-4032-8d24-b273d0c8d586 into model nwt
I1005 21:16:17.664801 25382912 processor.cc:820] Processor: start processing batch dcac163a-c52b-4687-930c-dd7115082cba into model nwt
I1005 21:16:17.810940 26992640 processor.cc:925] Processor: complete processing batch e5030de3-8abd-4032-8d24-b273d0c8d586 into model nwt
I1005 21:16:17.815333 26992640 cuckoo_watch.h:45] 174ms in ProcessBatch(lectures_batches/aaaaaa.batch) [including 13ms in LoadMessage; 7ms in InitializeSparseNdw; 0ms in FindReuseThetaCacheEntry; 8ms in InitializeTheta; 0ms in CreateRegularizerAgents; 88ms in InferThetaAndUpdateNwtSparse; 0ms in UpdateCacheEntry; 3ms in CalculateScore(sparsity_theta_score); 47ms in CalculateScore(^^^ItemsProcessedScore^^^); ]
I1005 21:16:17.838500 26992640 processor.cc:740] No data in processing queue, waiting...
I1005 21:16:17.977152 25382912 processor.cc:925] Processor: complete processing batch dcac163a-c52b-4687-930c-dd7115082cba into model nwt
I1005 21:16:17.983680 25382912 cuckoo_watch.h:45] 342ms in ProcessBatch(lectures_batches/aaaaab.batch) [including 23ms in LoadMessage; 22ms in InitializeSparseNdw; 0ms in FindReuseThetaCacheEntry; 4ms in InitializeTheta; 0ms in CreateRegularizerAgents; 180ms in InferThetaAndUpdateNwtSparse; 0ms in UpdateCacheEntry; 5ms in CalculateScore(sparsity_theta_score); 99ms in CalculateScore(^^^ItemsProcessedScore^^^); ]
I1005 21:16:17.984674 2047873024 master_component.cc:1436] RegularizeModelArgs: rwt_target_name=rwt, pwt_source_name=pwt, nwt_source_name=nwt
I1005 21:16:17.984705 2047873024 master_component.cc:976] MasterComponent: start regularizing model pwt
I1005 21:16:18.007745 25382912 processor.cc:740] No data in processing queue, waiting...
I1005 21:16:18.090759 2047873024 master_component.cc:1002] MasterComponent: complete regularizing model pwt
I1005 21:16:18.090778 2047873024 master_component.cc:1449] NormalizeModelArgs: pwt_target_name=pwt, nwt_source_name=nwt, rwt_source_name=rwt
I1005 21:16:18.090785 2047873024 master_component.cc:1006] MasterComponent: start normalizing model nwt
I1005 21:16:18.170078 2047873024 master_component.cc:1034] MasterComponent: complete normalizing model nwt
I1005 21:16:18.253552 2047873024 master_component.cc:1473] DisposeModel rwt
I1005 21:16:18.271790 2047873024 master_component.cc:1059] FitOffline: ItemsProcessed, num_items=1728, num_batches=2, token_weight=808522, token_weight_in_effect=808522
I1005 21:16:18.272022 2047873024 c_interface.cc:389] Pass FitOfflineMasterModelArgs, batch_filename_size=2, batch_weight_size=2, num_collection_passes=1, reset_nwt=yes to MN4artm4core15MasterComponentEFvRKNS_25FitOfflineMasterModelArgsEE
I1005 21:16:18.272034 2047873024 master_component.cc:1398] ProcessBatchesArgs: nwt_target_name=nwt, batch_filename_size=2, batch_size=0, batch_weight_size=2, pwt_source_name=pwt, num_document_passes=1, regularizer=(name:SmoothSparsePhi_bcg, tau:100000), class=(text:1), class=(author:1), reuse_theta=yes, opt_for_avx=yes, predict_class_id=, reset_nwt=yes
I1005 21:16:18.292675 25382912 processor.cc:747] Processing queue has data, processing started
I1005 21:16:18.293769 25919488 processor.cc:747] Processing queue has data, processing started
I1005 21:16:18.307487 25382912 processor.cc:820] Processor: start processing batch e5030de3-8abd-4032-8d24-b273d0c8d586 into model nwt
I1005 21:16:18.317806 25919488 processor.cc:820] Processor: start processing batch dcac163a-c52b-4687-930c-dd7115082cba into model nwt
I1005 21:16:18.475047 25382912 processor.cc:925] Processor: complete processing batch e5030de3-8abd-4032-8d24-b273d0c8d586 into model nwt
I1005 21:16:18.480999 25382912 cuckoo_watch.h:45] 188ms in ProcessBatch(lectures_batches/aaaaaa.batch) [including 14ms in LoadMessage; 8ms in InitializeSparseNdw; 0ms in FindReuseThetaCacheEntry; 9ms in InitializeTheta; 0ms in CreateRegularizerAgents; 93ms in InferThetaAndUpdateNwtSparse; 0ms in UpdateCacheEntry; 4ms in CalculateScore(sparsity_theta_score); 51ms in CalculateScore(^^^ItemsProcessedScore^^^); ]
I1005 21:16:18.503209 25382912 processor.cc:740] No data in processing queue, waiting...
I1005 21:16:18.616101 25919488 processor.cc:925] Processor: complete processing batch dcac163a-c52b-4687-930c-dd7115082cba into model nwt
I1005 21:16:18.621927 25919488 cuckoo_watch.h:45] 328ms in ProcessBatch(lectures_batches/aaaaab.batch) [including 24ms in LoadMessage; 19ms in InitializeSparseNdw; 0ms in FindReuseThetaCacheEntry; 3ms in InitializeTheta; 0ms in CreateRegularizerAgents; 172ms in InferThetaAndUpdateNwtSparse; 0ms in UpdateCacheEntry; 4ms in CalculateScore(sparsity_theta_score); 97ms in CalculateScore(^^^ItemsProcessedScore^^^); ]
I1005 21:16:18.622025 2047873024 master_component.cc:1436] RegularizeModelArgs: rwt_target_name=rwt, pwt_source_name=pwt, nwt_source_name=nwt
I1005 21:16:18.622038 2047873024 master_component.cc:976] MasterComponent: start regularizing model pwt
I1005 21:16:18.646376 25919488 processor.cc:740] No data in processing queue, waiting...
I1005 21:16:18.726933 2047873024 master_component.cc:1002] MasterComponent: complete regularizing model pwt
I1005 21:16:18.726953 2047873024 master_component.cc:1449] NormalizeModelArgs: pwt_target_name=pwt, nwt_source_name=nwt, rwt_source_name=rwt
I1005 21:16:18.726958 2047873024 master_component.cc:1006] MasterComponent: start normalizing model nwt
I1005 21:16:18.804225 2047873024 master_component.cc:1034] MasterComponent: complete normalizing model nwt
I1005 21:16:18.887888 2047873024 master_component.cc:1473] DisposeModel rwt
I1005 21:16:18.907322 2047873024 master_component.cc:1059] FitOffline: ItemsProcessed, num_items=1728, num_batches=2, token_weight=808522, token_weight_in_effect=808522
I1005 21:16:18.907585 2047873024 c_interface.cc:389] Pass FitOfflineMasterModelArgs, batch_filename_size=2, batch_weight_size=2, num_collection_passes=1, reset_nwt=yes to MN4artm4core15MasterComponentEFvRKNS_25FitOfflineMasterModelArgsEE
I1005 21:16:18.907600 2047873024 master_component.cc:1398] ProcessBatchesArgs: nwt_target_name=nwt, batch_filename_size=2, batch_size=0, batch_weight_size=2, pwt_source_name=pwt, num_document_passes=1, regularizer=(name:SmoothSparsePhi_bcg, tau:100000), class=(text:1), class=(author:1), reuse_theta=yes, opt_for_avx=yes, predict_class_id=, reset_nwt=yes
I1005 21:16:18.926240 27529216 processor.cc:747] Processing queue has data, processing started
I1005 21:16:18.926281 26456064 processor.cc:747] Processing queue has data, processing started
I1005 21:16:18.941462 27529216 processor.cc:820] Processor: start processing batch e5030de3-8abd-4032-8d24-b273d0c8d586 into model nwt
I1005 21:16:18.952100 26456064 processor.cc:820] Processor: start processing batch dcac163a-c52b-4687-930c-dd7115082cba into model nwt
I1005 21:16:19.095407 27529216 processor.cc:925] Processor: complete processing batch e5030de3-8abd-4032-8d24-b273d0c8d586 into model nwt
I1005 21:16:19.099580 27529216 cuckoo_watch.h:45] 173ms in ProcessBatch(lectures_batches/aaaaaa.batch) [including 15ms in LoadMessage; 8ms in InitializeSparseNdw; 0ms in FindReuseThetaCacheEntry; 8ms in InitializeTheta; 0ms in CreateRegularizerAgents; 85ms in InferThetaAndUpdateNwtSparse; 0ms in UpdateCacheEntry; 3ms in CalculateScore(sparsity_theta_score); 47ms in CalculateScore(^^^ItemsProcessedScore^^^); ]
I1005 21:16:19.121953 27529216 processor.cc:740] No data in processing queue, waiting...
I1005 21:16:19.258532 26456064 processor.cc:925] Processor: complete processing batch dcac163a-c52b-4687-930c-dd7115082cba into model nwt
I1005 21:16:19.265535 26456064 cuckoo_watch.h:45] 339ms in ProcessBatch(lectures_batches/aaaaab.batch) [including 25ms in LoadMessage; 21ms in InitializeSparseNdw; 0ms in FindReuseThetaCacheEntry; 4ms in InitializeTheta; 0ms in CreateRegularizerAgents; 176ms in InferThetaAndUpdateNwtSparse; 0ms in UpdateCacheEntry; 4ms in CalculateScore(sparsity_theta_score); 99ms in CalculateScore(^^^ItemsProcessedScore^^^); ]
I1005 21:16:19.266711 2047873024 master_component.cc:1436] RegularizeModelArgs: rwt_target_name=rwt, pwt_source_name=pwt, nwt_source_name=nwt
I1005 21:16:19.266755 2047873024 master_component.cc:976] MasterComponent: start regularizing model pwt
I1005 21:16:19.289518 26456064 processor.cc:740] No data in processing queue, waiting...
I1005 21:16:19.373697 2047873024 master_component.cc:1002] MasterComponent: complete regularizing model pwt
I1005 21:16:19.373714 2047873024 master_component.cc:1449] NormalizeModelArgs: pwt_target_name=pwt, nwt_source_name=nwt, rwt_source_name=rwt
I1005 21:16:19.373721 2047873024 master_component.cc:1006] MasterComponent: start normalizing model nwt
I1005 21:16:19.458325 2047873024 master_component.cc:1034] MasterComponent: complete normalizing model nwt
I1005 21:16:19.555306 2047873024 master_component.cc:1473] DisposeModel rwt
I1005 21:16:19.573099 2047873024 master_component.cc:1059] FitOffline: ItemsProcessed, num_items=1728, num_batches=2, token_weight=808522, token_weight_in_effect=808522
I1005 21:16:19.573348 2047873024 c_interface.cc:389] Pass FitOfflineMasterModelArgs, batch_filename_size=2, batch_weight_size=2, num_collection_passes=1, reset_nwt=yes to MN4artm4core15MasterComponentEFvRKNS_25FitOfflineMasterModelArgsEE
I1005 21:16:19.573362 2047873024 master_component.cc:1398] ProcessBatchesArgs: nwt_target_name=nwt, batch_filename_size=2, batch_size=0, batch_weight_size=2, pwt_source_name=pwt, num_document_passes=1, regularizer=(name:SmoothSparsePhi_bcg, tau:100000), class=(text:1), class=(author:1), reuse_theta=yes, opt_for_avx=yes, predict_class_id=, reset_nwt=yes
I1005 21:16:19.589195 29138944 processor.cc:747] Processing queue has data, processing started
I1005 21:16:19.589196 26456064 processor.cc:747] Processing queue has data, processing started
I1005 21:16:19.602697 29138944 processor.cc:820] Processor: start processing batch e5030de3-8abd-4032-8d24-b273d0c8d586 into model nwt
