I1005 20:14:50.209573 2047873024 master_component.cc:1034] MasterComponent: complete normalizing model nwt
I1005 20:14:50.272280 2047873024 master_component.cc:1473] DisposeModel rwt
I1005 20:14:50.292225 2047873024 master_component.cc:1059] FitOffline: ItemsProcessed, num_items=1728, num_batches=2, token_weight=808522, token_weight_in_effect=808522
I1005 20:14:50.292487 2047873024 c_interface.cc:389] Pass FitOfflineMasterModelArgs, batch_filename_size=2, batch_weight_size=2, num_collection_passes=1, reset_nwt=yes to MN4artm4core15MasterComponentEFvRKNS_25FitOfflineMasterModelArgsEE
I1005 20:14:50.292502 2047873024 master_component.cc:1398] ProcessBatchesArgs: nwt_target_name=nwt, batch_filename_size=2, batch_size=0, batch_weight_size=2, pwt_source_name=pwt, num_document_passes=10, regularizer=(name:SmoothSparsePhi, tau:100000), regularizer=(name:SmoothSparcePhi_sbj, tau:-100000), class=(author:1), class=(text:1), reuse_theta=no, opt_for_avx=yes, predict_class_id=, reset_nwt=yes
I1005 20:14:50.313413 25382912 processor.cc:747] Processing queue has data, processing started
I1005 20:14:50.313428 25919488 processor.cc:747] Processing queue has data, processing started
I1005 20:14:50.326910 25382912 processor.cc:820] Processor: start processing batch be1054f3-efc2-41bc-b290-735bd9818d9f into model nwt
I1005 20:14:50.337035 25919488 processor.cc:820] Processor: start processing batch 45c6a40b-a4e0-4742-8204-25aa43dffc56 into model nwt
I1005 20:14:50.553874 25382912 processor.cc:925] Processor: complete processing batch be1054f3-efc2-41bc-b290-735bd9818d9f into model nwt
I1005 20:14:50.557706 25382912 cuckoo_watch.h:45] 244ms in ProcessBatch(lectures_batches/aaaaaa.batch) [including 13ms in LoadMessage; 8ms in InitializeSparseNdw; 0ms in InitializeTheta; 0ms in CreateRegularizerAgents; 165ms in InferThetaAndUpdateNwtSparse; 4ms in CalculateScore(sparsity_theta_score); 48ms in CalculateScore(^^^ItemsProcessedScore^^^); ]
I1005 20:14:50.581770 25382912 processor.cc:740] No data in processing queue, waiting...
I1005 20:14:50.822846 25919488 processor.cc:925] Processor: complete processing batch 45c6a40b-a4e0-4742-8204-25aa43dffc56 into model nwt
I1005 20:14:50.828646 25919488 cuckoo_watch.h:45] 515ms in ProcessBatch(lectures_batches/aaaaab.batch) [including 23ms in LoadMessage; 19ms in InitializeSparseNdw; 0ms in InitializeTheta; 0ms in CreateRegularizerAgents; 357ms in InferThetaAndUpdateNwtSparse; 6ms in CalculateScore(sparsity_theta_score); 102ms in CalculateScore(^^^ItemsProcessedScore^^^); ]
I1005 20:14:50.829167 2047873024 master_component.cc:1436] RegularizeModelArgs: rwt_target_name=rwt, pwt_source_name=pwt, nwt_source_name=nwt
I1005 20:14:50.829217 2047873024 master_component.cc:976] MasterComponent: start regularizing model pwt
I1005 20:14:50.852931 25919488 processor.cc:740] No data in processing queue, waiting...
I1005 20:14:50.990172 2047873024 master_component.cc:1002] MasterComponent: complete regularizing model pwt
I1005 20:14:50.990196 2047873024 master_component.cc:1449] NormalizeModelArgs: pwt_target_name=pwt, nwt_source_name=nwt, rwt_source_name=rwt
I1005 20:14:50.990239 2047873024 master_component.cc:1006] MasterComponent: start normalizing model nwt
I1005 20:14:51.072464 2047873024 master_component.cc:1034] MasterComponent: complete normalizing model nwt
I1005 20:14:51.138267 2047873024 master_component.cc:1473] DisposeModel rwt
I1005 20:14:51.160923 2047873024 master_component.cc:1059] FitOffline: ItemsProcessed, num_items=1728, num_batches=2, token_weight=808522, token_weight_in_effect=808522
I1005 20:14:51.167960 2047873024 c_interface.cc:231] ArtmCopyRequestedMessage is copying 1927 bytes...
I1005 20:14:51.185750 2047873024 c_interface.cc:231] ArtmCopyRequestedMessage is copying 1845 bytes...
I1005 20:14:51.189249 2047873024 c_interface.cc:231] ArtmCopyRequestedMessage is copying 1927 bytes...
I1005 20:14:51.191021 2047873024 c_interface.cc:231] ArtmCopyRequestedMessage is copying 1845 bytes...
I1005 20:21:27.027817 2047873024 c_interface.cc:375] Pass 6f7c0291-3c54-459f-99df-8e14e2aa607b to MN4artm4core15MasterComponentEFvRKNSt3__112basic_stringIcNS2_11char_traitsIcEENS2_9allocatorIcEEEEE
I1005 20:21:27.034313 2047873024 c_interface.cc:339] Disposing MasterComponent (id=1)...
I1005 20:21:27.034418 2047873024 c_interface.cc:375] Pass dictionary to MN4artm4core15MasterComponentEFvRKNSt3__112basic_stringIcNS2_11char_traitsIcEENS2_9allocatorIcEEEEE
I1005 20:21:27.041802 2047873024 c_interface.cc:339] Disposing MasterComponent (id=3)...
I1005 20:21:27.042320 29138944 processor.cc:732] Processor thread stopped
I1005 20:21:27.042356 29138944 processor.cc:733] Total number of processed batches: 10
I1005 20:21:27.043745 28602368 processor.cc:732] Processor thread stopped
I1005 20:21:27.043793 28602368 processor.cc:733] Total number of processed batches: 10
I1005 20:21:27.045106 28065792 processor.cc:732] Processor thread stopped
I1005 20:21:27.045130 28065792 processor.cc:733] Total number of processed batches: 9
I1005 20:21:27.046547 27529216 processor.cc:732] Processor thread stopped
I1005 20:21:27.046571 27529216 processor.cc:733] Total number of processed batches: 12
I1005 20:21:27.047868 26992640 processor.cc:732] Processor thread stopped
I1005 20:21:27.047893 26992640 processor.cc:733] Total number of processed batches: 7
I1005 20:21:27.049084 26456064 processor.cc:732] Processor thread stopped
I1005 20:21:27.049124 26456064 processor.cc:733] Total number of processed batches: 16
I1005 20:21:27.050503 25919488 processor.cc:732] Processor thread stopped
I1005 20:21:27.050537 25919488 processor.cc:733] Total number of processed batches: 11
I1005 20:21:27.051915 25382912 processor.cc:732] Processor thread stopped
I1005 20:21:27.051956 25382912 processor.cc:733] Total number of processed batches: 15
I1005 20:21:27.107098 2047873024 c_interface.cc:339] Disposing MasterComponent (id=2)...
