Log file created at: 2018/10/05 20:40:01
Running on machine: artems-MBP.Dlink
Log line format: [IWEF]mmdd hh:mm:ss.uuuuuu threadid file:line] msg
I1005 20:40:01.538884 2047873024 c_interface.cc:127] Logging enabled to .
I1005 20:40:01.539299 2047873024 c_interface.cc:128] BigARTM version: v0.9.0
I1005 20:40:01.539353 2047873024 c_interface.cc:271] Pass MasterModelConfig: topic_name_size=0, score_config_size=1, num_processors=0, pwt_name=pwt, nwt_name=nwt, num_document_passes=0, reuse_theta=no, cache_theta=no, opt_for_avx=yes, disk_cache_path= to ArtmCreateMasterModel
I1005 20:40:01.539397 2047873024 c_interface.cc:274] Creating MasterModel (id=1)...
I1005 20:40:01.540259 2047873024 collection_parser.cc:557] CollectionParserConfig.num_threads is automatically set to 8
W1005 20:40:02.063277 25919488 helpers.cc:221] File already exists: lectures_batches/aaaaaa.batch
W1005 20:40:02.801939 26456064 helpers.cc:221] File already exists: lectures_batches/aaaaab.batch
I1005 20:40:02.870086 2047873024 c_interface.cc:375] Pass 73c11348-a252-46fe-80da-fd90afd2f810 to MN4artm4core15MasterComponentEFvRKNSt3__112basic_stringIcNS2_11char_traitsIcEENS2_9allocatorIcEEEEE
I1005 20:40:02.870235 2047873024 c_interface.cc:389] Pass GatherDictionaryArgs: dictionary_target_name=73c11348-a252-46fe-80da-fd90afd2f810, data_path=lectures_batches, symmetric_cooc_values=0 to MN4artm4core15MasterComponentEFvRKNS_20GatherDictionaryArgsEE
I1005 20:40:02.870326 2047873024 dictionary_operations.cc:261] Found 2 batches in 'lectures_batches' folder
I1005 20:40:02.959173 2047873024 dictionary_operations.cc:325] Find 26866 unique tokens in 1728 items
I1005 20:40:02.990234 2047873024 dictionary_operations.cc:589] Dictionary name='73c11348-a252-46fe-80da-fd90afd2f810' contains entries: author:539; text:26327; 
I1005 20:40:02.997153 2047873024 c_interface.cc:271] Pass MasterModelConfig: topic_name_size=30, class=(author:1), class=(text:1), score_config_size=1, num_processors=0, pwt_name=pwt, nwt_name=nwt, num_document_passes=10, reuse_theta=yes, cache_theta=yes, opt_for_avx=yes, disk_cache_path= to ArtmCreateMasterModel
I1005 20:40:02.997175 2047873024 instance.cc:401] MasterModelConfig.processors_count is automatically set to 8
I1005 20:40:02.997237 25919488 processor.cc:724] Processor thread started
I1005 20:40:02.997248 26456064 processor.cc:724] Processor thread started
I1005 20:40:02.997256 26992640 processor.cc:724] Processor thread started
I1005 20:40:02.997269 27529216 processor.cc:724] Processor thread started
I1005 20:40:02.997284 28065792 processor.cc:724] Processor thread started
I1005 20:40:02.997293 28602368 processor.cc:724] Processor thread started
I1005 20:40:02.997351 2047873024 c_interface.cc:274] Creating MasterModel (id=2)...
I1005 20:40:02.997359 29138944 processor.cc:724] Processor thread started
I1005 20:40:02.997360 29675520 processor.cc:724] Processor thread started
I1005 20:40:03.003351 2047873024 c_interface.cc:271] Pass MasterModelConfig: topic_name_size=0, score_config_size=1, num_processors=0, pwt_name=pwt, nwt_name=nwt, num_document_passes=0, reuse_theta=no, cache_theta=no, opt_for_avx=yes, disk_cache_path= to ArtmCreateMasterModel
I1005 20:40:03.003371 2047873024 c_interface.cc:274] Creating MasterModel (id=3)...
I1005 20:40:03.003590 2047873024 c_interface.cc:375] Pass dictionary to MN4artm4core15MasterComponentEFvRKNSt3__112basic_stringIcNS2_11char_traitsIcEENS2_9allocatorIcEEEEE
I1005 20:40:03.003695 2047873024 c_interface.cc:389] Pass GatherDictionaryArgs: dictionary_target_name=dictionary, data_path=lectures_batches, symmetric_cooc_values=0 to MN4artm4core15MasterComponentEFvRKNS_20GatherDictionaryArgsEE
I1005 20:40:03.003788 2047873024 dictionary_operations.cc:261] Found 2 batches in 'lectures_batches' folder
I1005 20:40:03.020607 26992640 processor.cc:740] No data in processing queue, waiting...
I1005 20:40:03.020620 25919488 processor.cc:740] No data in processing queue, waiting...
I1005 20:40:03.020634 29675520 processor.cc:740] No data in processing queue, waiting...
I1005 20:40:03.020642 29138944 processor.cc:740] No data in processing queue, waiting...
I1005 20:40:03.020645 28065792 processor.cc:740] No data in processing queue, waiting...
I1005 20:40:03.020645 28602368 processor.cc:740] No data in processing queue, waiting...
I1005 20:40:03.020649 27529216 processor.cc:740] No data in processing queue, waiting...
I1005 20:40:03.020649 26456064 processor.cc:740] No data in processing queue, waiting...
I1005 20:40:03.103945 2047873024 dictionary_operations.cc:325] Find 26866 unique tokens in 1728 items
I1005 20:40:03.137950 2047873024 dictionary_operations.cc:589] Dictionary name='dictionary' contains entries: author:539; text:26327; 
I1005 20:40:03.138177 2047873024 c_interface.cc:375] Pass pwt to MN4artm4core15MasterComponentEFvRKNSt3__112basic_stringIcNS2_11char_traitsIcEENS2_9allocatorIcEEEEE
I1005 20:40:03.138208 2047873024 c_interface.cc:375] Pass nwt to MN4artm4core15MasterComponentEFvRKNSt3__112basic_stringIcNS2_11char_traitsIcEENS2_9allocatorIcEEEEE
I1005 20:40:03.138454 2047873024 c_interface.cc:389] Pass InitializeModelArgs: model_name=pwt, dictionary_name=dictionary, topic_name_size=30, seed=-1 to MN4artm4core15MasterComponentEFvRKNS_19InitializeModelArgsEE
I1005 20:40:03.268003 2047873024 master_component.cc:664] InitializeModel() created matrix pwt with 30 topics and 26866 tokens; 
I1005 20:40:03.268261 2047873024 c_interface.cc:389] Pass InitializeModelArgs: model_name=nwt, dictionary_name=dictionary, topic_name_size=30, seed=-1 to MN4artm4core15MasterComponentEFvRKNS_19InitializeModelArgsEE
I1005 20:40:03.400902 2047873024 master_component.cc:664] InitializeModel() created matrix nwt with 30 topics and 26866 tokens; 
I1005 20:40:03.401099 2047873024 c_interface.cc:231] ArtmCopyRequestedMessage is copying 309 bytes...
I1005 20:40:03.416690 2047873024 c_interface.cc:389] Pass MasterModelConfig: topic_name_size=30, class=(author:1), class=(text:1), score_config_size=2, num_processors=0, pwt_name=pwt, nwt_name=nwt, num_document_passes=10, reuse_theta=yes, cache_theta=yes, opt_for_avx=yes, disk_cache_path= to MN4artm4core15MasterComponentEFvRKNS_17MasterModelConfigEE
I1005 20:40:03.416712 2047873024 instance.cc:401] MasterModelConfig.processors_count is automatically set to 8
I1005 20:40:03.417155 2047873024 c_interface.cc:389] Pass MasterModelConfig: topic_name_size=30, class=(author:1), class=(text:1), score_config_size=3, num_processors=0, pwt_name=pwt, nwt_name=nwt, num_document_passes=10, reuse_theta=yes, cache_theta=yes, opt_for_avx=yes, disk_cache_path= to MN4artm4core15MasterComponentEFvRKNS_17MasterModelConfigEE
I1005 20:40:03.417172 2047873024 instance.cc:401] MasterModelConfig.processors_count is automatically set to 8
I1005 20:40:03.417717 2047873024 c_interface.cc:389] Pass MasterModelConfig: topic_name_size=30, class=(author:1), class=(text:1), score_config_size=4, num_processors=0, pwt_name=pwt, nwt_name=nwt, num_document_passes=10, reuse_theta=yes, cache_theta=yes, opt_for_avx=yes, disk_cache_path= to MN4artm4core15MasterComponentEFvRKNS_17MasterModelConfigEE
I1005 20:40:03.417737 2047873024 instance.cc:401] MasterModelConfig.processors_count is automatically set to 8
I1005 20:40:03.418329 2047873024 c_interface.cc:389] Pass MasterModelConfig: topic_name_size=30, class=(author:1), class=(text:1), score_config_size=5, num_processors=0, pwt_name=pwt, nwt_name=nwt, num_document_passes=10, reuse_theta=yes, cache_theta=yes, opt_for_avx=yes, disk_cache_path= to MN4artm4core15MasterComponentEFvRKNS_17MasterModelConfigEE
I1005 20:40:03.418349 2047873024 instance.cc:401] MasterModelConfig.processors_count is automatically set to 8
I1005 20:40:03.418943 2047873024 c_interface.cc:389] Pass MasterModelConfig: topic_name_size=30, class=(author:1), class=(text:1), score_config_size=6, num_processors=0, pwt_name=pwt, nwt_name=nwt, num_document_passes=10, reuse_theta=yes, cache_theta=yes, opt_for_avx=yes, disk_cache_path= to MN4artm4core15MasterComponentEFvRKNS_17MasterModelConfigEE
I1005 20:40:03.418963 2047873024 instance.cc:401] MasterModelConfig.processors_count is automatically set to 8
I1005 20:40:03.427340 2047873024 c_interface.cc:389] Pass MasterModelConfig: topic_name_size=30, class=(author:1), class=(text:1), score_config_size=6, num_processors=0, pwt_name=pwt, nwt_name=nwt, num_document_passes=10, regularizer=(SmoothSparsePhi_bcg:100000), reuse_theta=yes, cache_theta=yes, opt_for_avx=yes, disk_cache_path= to MN4artm4core15MasterComponentEFvRKNS_17MasterModelConfigEE
I1005 20:40:03.427394 2047873024 instance.cc:401] MasterModelConfig.processors_count is automatically set to 8
I1005 20:40:03.427471 2047873024 instance.cc:232] Regularizer 'SmoothSparsePhi_bcg' was cold-reconfigured
I1005 20:40:03.436985 2047873024 c_interface.cc:389] Pass FitOfflineMasterModelArgs, batch_filename_size=2, batch_weight_size=2, num_collection_passes=1, reset_nwt=yes to MN4artm4core15MasterComponentEFvRKNS_25FitOfflineMasterModelArgsEE
I1005 20:40:03.437007 2047873024 master_component.cc:1398] ProcessBatchesArgs: nwt_target_name=nwt, batch_filename_size=2, batch_size=0, batch_weight_size=2, pwt_source_name=pwt, num_document_passes=10, regularizer=(name:SmoothSparsePhi_bcg, tau:100000), class=(author:1), class=(text:1), reuse_theta=yes, opt_for_avx=yes, predict_class_id=, reset_nwt=yes
I1005 20:40:03.447434 2047873024 master_component.cc:826] Batches count (=2) is smaller than num processors (=8), which may cause suboptimal performance.
I1005 20:40:03.448490 29675520 processor.cc:747] Processing queue has data, processing started
I1005 20:40:03.448493 26992640 processor.cc:747] Processing queue has data, processing started
I1005 20:40:03.461711 29675520 processor.cc:820] Processor: start processing batch 5595bf76-db70-4e76-8078-14ac58e7232f into model nwt
I1005 20:40:03.473843 26992640 processor.cc:820] Processor: start processing batch 2e0d52d3-bce9-4217-b753-7b1e3ea34342 into model nwt
I1005 20:40:03.686094 29675520 processor.cc:925] Processor: complete processing batch 5595bf76-db70-4e76-8078-14ac58e7232f into model nwt
I1005 20:40:03.689832 29675520 cuckoo_watch.h:45] 241ms in ProcessBatch(lectures_batches/aaaaaa.batch) [including 13ms in LoadMessage; 8ms in InitializeSparseNdw; 0ms in FindReuseThetaCacheEntry; 0ms in InitializeTheta; 0ms in CreateRegularizerAgents; 165ms in InferThetaAndUpdateNwtSparse; 0ms in UpdateCacheEntry; 3ms in CalculateScore(sparsity_theta_score); 46ms in CalculateScore(^^^ItemsProcessedScore^^^); ]
I1005 20:40:03.711506 29675520 processor.cc:740] No data in processing queue, waiting...
I1005 20:40:03.931243 26992640 processor.cc:925] Processor: complete processing batch 2e0d52d3-bce9-4217-b753-7b1e3ea34342 into model nwt
I1005 20:40:03.936414 26992640 cuckoo_watch.h:45] 487ms in ProcessBatch(lectures_batches/aaaaab.batch) [including 25ms in LoadMessage; 23ms in InitializeSparseNdw; 0ms in FindReuseThetaCacheEntry; 0ms in InitializeTheta; 0ms in CreateRegularizerAgents; 334ms in InferThetaAndUpdateNwtSparse; 0ms in UpdateCacheEntry; 4ms in CalculateScore(sparsity_theta_score); 94ms in CalculateScore(^^^ItemsProcessedScore^^^); ]
I1005 20:40:03.936957 2047873024 master_component.cc:1436] RegularizeModelArgs: rwt_target_name=rwt, pwt_source_name=pwt, nwt_source_name=nwt
I1005 20:40:03.936976 2047873024 master_component.cc:976] MasterComponent: start regularizing model pwt
I1005 20:40:03.960244 26992640 processor.cc:740] No data in processing queue, waiting...
I1005 20:40:04.032148 2047873024 master_component.cc:1002] MasterComponent: complete regularizing model pwt
I1005 20:40:04.032163 2047873024 master_component.cc:1449] NormalizeModelArgs: pwt_target_name=pwt, nwt_source_name=nwt, rwt_source_name=rwt
I1005 20:40:04.032169 2047873024 master_component.cc:1006] MasterComponent: start normalizing model nwt
I1005 20:40:04.091008 2047873024 master_component.cc:1034] MasterComponent: complete normalizing model nwt
I1005 20:40:04.170763 2047873024 master_component.cc:1473] DisposeModel rwt
I1005 20:40:04.187362 2047873024 master_component.cc:1059] FitOffline: ItemsProcessed, num_items=1728, num_batches=2, token_weight=808522, token_weight_in_effect=808522
I1005 20:40:04.187752 2047873024 c_interface.cc:389] Pass FitOfflineMasterModelArgs, batch_filename_size=2, batch_weight_size=2, num_collection_passes=1, reset_nwt=yes to MN4artm4core15MasterComponentEFvRKNS_25FitOfflineMasterModelArgsEE
I1005 20:40:04.187764 2047873024 master_component.cc:1398] ProcessBatchesArgs: nwt_target_name=nwt, batch_filename_size=2, batch_size=0, batch_weight_size=2, pwt_source_name=pwt, num_document_passes=10, regularizer=(name:SmoothSparsePhi_bcg, tau:100000), class=(author:1), class=(text:1), reuse_theta=yes, opt_for_avx=yes, predict_class_id=, reset_nwt=yes
I1005 20:40:04.204155 26992640 processor.cc:747] Processing queue has data, processing started
I1005 20:40:04.204164 27529216 processor.cc:747] Processing queue has data, processing started
I1005 20:40:04.217713 26992640 processor.cc:820] Processor: start processing batch 5595bf76-db70-4e76-8078-14ac58e7232f into model nwt
I1005 20:40:04.229162 27529216 processor.cc:820] Processor: start processing batch 2e0d52d3-bce9-4217-b753-7b1e3ea34342 into model nwt
I1005 20:40:04.462597 26992640 processor.cc:925] Processor: complete processing batch 5595bf76-db70-4e76-8078-14ac58e7232f into model nwt
I1005 20:40:04.467089 26992640 cuckoo_watch.h:45] 262ms in ProcessBatch(lectures_batches/aaaaaa.batch) [including 13ms in LoadMessage; 7ms in InitializeSparseNdw; 0ms in FindReuseThetaCacheEntry; 9ms in InitializeTheta; 0ms in CreateRegularizerAgents; 170ms in InferThetaAndUpdateNwtSparse; 0ms in UpdateCacheEntry; 3ms in CalculateScore(sparsity_theta_score); 52ms in CalculateScore(^^^ItemsProcessedScore^^^); ]
I1005 20:40:04.490562 26992640 processor.cc:740] No data in processing queue, waiting...
I1005 20:40:04.738787 27529216 processor.cc:925] Processor: complete processing batch 2e0d52d3-bce9-4217-b753-7b1e3ea34342 into model nwt
I1005 20:40:04.747174 27529216 cuckoo_watch.h:45] 542ms in ProcessBatch(lectures_batches/aaaaab.batch) [including 24ms in LoadMessage; 21ms in InitializeSparseNdw; 0ms in FindReuseThetaCacheEntry; 4ms in InitializeTheta; 0ms in CreateRegularizerAgents; 367ms in InferThetaAndUpdateNwtSparse; 0ms in UpdateCacheEntry; 5ms in CalculateScore(sparsity_theta_score); 111ms in CalculateScore(^^^ItemsProcessedScore^^^); ]
I1005 20:40:04.747819 2047873024 master_component.cc:1436] RegularizeModelArgs: rwt_target_name=rwt, pwt_source_name=pwt, nwt_source_name=nwt
I1005 20:40:04.747844 2047873024 master_component.cc:976] MasterComponent: start regularizing model pwt
I1005 20:40:04.771459 27529216 processor.cc:740] No data in processing queue, waiting...
I1005 20:40:04.843845 2047873024 master_component.cc:1002] MasterComponent: complete regularizing model pwt
I1005 20:40:04.843868 2047873024 master_component.cc:1449] NormalizeModelArgs: pwt_target_name=pwt, nwt_source_name=nwt, rwt_source_name=rwt
I1005 20:40:04.843874 2047873024 master_component.cc:1006] MasterComponent: start normalizing model nwt
I1005 20:40:04.905649 2047873024 master_component.cc:1034] MasterComponent: complete normalizing model nwt
I1005 20:40:05.007836 2047873024 master_component.cc:1473] DisposeModel rwt
I1005 20:40:05.028939 2047873024 master_component.cc:1059] FitOffline: ItemsProcessed, num_items=1728, num_batches=2, token_weight=808522, token_weight_in_effect=808522
I1005 20:40:05.029213 2047873024 c_interface.cc:389] Pass FitOfflineMasterModelArgs, batch_filename_size=2, batch_weight_size=2, num_collection_passes=1, reset_nwt=yes to MN4artm4core15MasterComponentEFvRKNS_25FitOfflineMasterModelArgsEE
I1005 20:40:05.029230 2047873024 master_component.cc:1398] ProcessBatchesArgs: nwt_target_name=nwt, batch_filename_size=2, batch_size=0, batch_weight_size=2, pwt_source_name=pwt, num_document_passes=10, regularizer=(name:SmoothSparsePhi_bcg, tau:100000), class=(author:1), class=(text:1), reuse_theta=yes, opt_for_avx=yes, predict_class_id=, reset_nwt=yes
I1005 20:40:05.045739 26456064 processor.cc:747] Processing queue has data, processing started
I1005 20:40:05.045754 28602368 processor.cc:747] Processing queue has data, processing started
I1005 20:40:05.059239 26456064 processor.cc:820] Processor: start processing batch 5595bf76-db70-4e76-8078-14ac58e7232f into model nwt
I1005 20:40:05.070972 28602368 processor.cc:820] Processor: start processing batch 2e0d52d3-bce9-4217-b753-7b1e3ea34342 into model nwt
I1005 20:40:05.291776 26456064 processor.cc:925] Processor: complete processing batch 5595bf76-db70-4e76-8078-14ac58e7232f into model nwt
I1005 20:40:05.295683 26456064 cuckoo_watch.h:45] 249ms in ProcessBatch(lectures_batches/aaaaaa.batch) [including 13ms in LoadMessage; 7ms in InitializeSparseNdw; 0ms in FindReuseThetaCacheEntry; 9ms in InitializeTheta; 0ms in CreateRegularizerAgents; 165ms in InferThetaAndUpdateNwtSparse; 0ms in UpdateCacheEntry; 3ms in CalculateScore(sparsity_theta_score); 45ms in CalculateScore(^^^ItemsProcessedScore^^^); ]
I1005 20:40:05.317967 26456064 processor.cc:740] No data in processing queue, waiting...
I1005 20:40:05.573698 28602368 processor.cc:925] Processor: complete processing batch 2e0d52d3-bce9-4217-b753-7b1e3ea34342 into model nwt
I1005 20:40:05.579733 28602368 cuckoo_watch.h:45] 533ms in ProcessBatch(lectures_batches/aaaaab.batch) [including 25ms in LoadMessage; 21ms in InitializeSparseNdw; 0ms in FindReuseThetaCacheEntry; 3ms in InitializeTheta; 0ms in CreateRegularizerAgents; 360ms in InferThetaAndUpdateNwtSparse; 0ms in UpdateCacheEntry; 5ms in CalculateScore(sparsity_theta_score); 110ms in CalculateScore(^^^ItemsProcessedScore^^^); ]
I1005 20:40:05.580667 2047873024 master_component.cc:1436] RegularizeModelArgs: rwt_target_name=rwt, pwt_source_name=pwt, nwt_source_name=nwt
I1005 20:40:05.580716 2047873024 master_component.cc:976] MasterComponent: start regularizing model pwt
I1005 20:40:05.603832 28602368 processor.cc:740] No data in processing queue, waiting...
I1005 20:40:05.677512 2047873024 master_component.cc:1002] MasterComponent: complete regularizing model pwt
I1005 20:40:05.677532 2047873024 master_component.cc:1449] NormalizeModelArgs: pwt_target_name=pwt, nwt_source_name=nwt, rwt_source_name=rwt
I1005 20:40:05.677538 2047873024 master_component.cc:1006] MasterComponent: start normalizing model nwt
I1005 20:40:05.739076 2047873024 master_component.cc:1034] MasterComponent: complete normalizing model nwt
I1005 20:40:05.821851 2047873024 master_component.cc:1473] DisposeModel rwt
I1005 20:40:05.839316 2047873024 master_component.cc:1059] FitOffline: ItemsProcessed, num_items=1728, num_batches=2, token_weight=808522, token_weight_in_effect=808522
I1005 20:40:05.839555 2047873024 c_interface.cc:389] Pass FitOfflineMasterModelArgs, batch_filename_size=2, batch_weight_size=2, num_collection_passes=1, reset_nwt=yes to MN4artm4core15MasterComponentEFvRKNS_25FitOfflineMasterModelArgsEE
I1005 20:40:05.839570 2047873024 master_component.cc:1398] ProcessBatchesArgs: nwt_target_name=nwt, batch_filename_size=2, batch_size=0, batch_weight_size=2, pwt_source_name=pwt, num_document_passes=10, regularizer=(name:SmoothSparsePhi_bcg, tau:100000), class=(author:1), class=(text:1), reuse_theta=yes, opt_for_avx=yes, predict_class_id=, reset_nwt=yes
I1005 20:40:05.858005 29138944 processor.cc:747] Processing queue has data, processing started
I1005 20:40:05.858005 27529216 processor.cc:747] Processing queue has data, processing started
I1005 20:40:05.871340 29138944 processor.cc:820] Processor: start processing batch 5595bf76-db70-4e76-8078-14ac58e7232f into model nwt
I1005 20:40:05.883019 27529216 processor.cc:820] Processor: start processing batch 2e0d52d3-bce9-4217-b753-7b1e3ea34342 into model nwt
I1005 20:40:06.094503 29138944 processor.cc:925] Processor: complete processing batch 5595bf76-db70-4e76-8078-14ac58e7232f into model nwt
I1005 20:40:06.098208 29138944 cuckoo_watch.h:45] 240ms in ProcessBatch(lectures_batches/aaaaaa.batch) [including 13ms in LoadMessage; 8ms in InitializeSparseNdw; 0ms in FindReuseThetaCacheEntry; 9ms in InitializeTheta; 0ms in CreateRegularizerAgents; 157ms in InferThetaAndUpdateNwtSparse; 0ms in UpdateCacheEntry; 3ms in CalculateScore(sparsity_theta_score); 43ms in CalculateScore(^^^ItemsProcessedScore^^^); ]
I1005 20:40:06.120074 29138944 processor.cc:740] No data in processing queue, waiting...
I1005 20:40:06.377349 27529216 processor.cc:925] Processor: complete processing batch 2e0d52d3-bce9-4217-b753-7b1e3ea34342 into model nwt
I1005 20:40:06.383949 27529216 cuckoo_watch.h:45] 525ms in ProcessBatch(lectures_batches/aaaaab.batch) [including 24ms in LoadMessage; 20ms in InitializeSparseNdw; 0ms in FindReuseThetaCacheEntry; 3ms in InitializeTheta; 0ms in CreateRegularizerAgents; 356ms in InferThetaAndUpdateNwtSparse; 0ms in UpdateCacheEntry; 4ms in CalculateScore(sparsity_theta_score); 107ms in CalculateScore(^^^ItemsProcessedScore^^^); ]
I1005 20:40:06.384927 2047873024 master_component.cc:1436] RegularizeModelArgs: rwt_target_name=rwt, pwt_source_name=pwt, nwt_source_name=nwt
I1005 20:40:06.384944 2047873024 master_component.cc:976] MasterComponent: start regularizing model pwt
I1005 20:40:06.407452 27529216 processor.cc:740] No data in processing queue, waiting...
I1005 20:40:06.492720 2047873024 master_component.cc:1002] MasterComponent: complete regularizing model pwt
I1005 20:40:06.492755 2047873024 master_component.cc:1449] NormalizeModelArgs: pwt_target_name=pwt, nwt_source_name=nwt, rwt_source_name=rwt
I1005 20:40:06.492764 2047873024 master_component.cc:1006] MasterComponent: start normalizing model nwt
I1005 20:40:06.553295 2047873024 master_component.cc:1034] MasterComponent: complete normalizing model nwt
I1005 20:40:06.639170 2047873024 master_component.cc:1473] DisposeModel rwt
I1005 20:40:06.658802 2047873024 master_component.cc:1059] FitOffline: ItemsProcessed, num_items=1728, num_batches=2, token_weight=808522, token_weight_in_effect=808522
I1005 20:40:06.659072 2047873024 c_interface.cc:389] Pass FitOfflineMasterModelArgs, batch_filename_size=2, batch_weight_size=2, num_collection_passes=1, reset_nwt=yes to MN4artm4core15MasterComponentEFvRKNS_25FitOfflineMasterModelArgsEE
I1005 20:40:06.659086 2047873024 master_component.cc:1398] ProcessBatchesArgs: nwt_target_name=nwt, batch_filename_size=2, batch_size=0, batch_weight_size=2, pwt_source_name=pwt, num_document_passes=10, regularizer=(name:SmoothSparsePhi_bcg, tau:100000), class=(author:1), class=(text:1), reuse_theta=yes, opt_for_avx=yes, predict_class_id=, reset_nwt=yes
I1005 20:40:06.672091 28065792 processor.cc:747] Processing queue has data, processing started
I1005 20:40:06.672099 29675520 processor.cc:747] Processing queue has data, processing started
I1005 20:40:06.685163 28065792 processor.cc:820] Processor: start processing batch 5595bf76-db70-4e76-8078-14ac58e7232f into model nwt
I1005 20:40:06.695611 29675520 processor.cc:820] Processor: start processing batch 2e0d52d3-bce9-4217-b753-7b1e3ea34342 into model nwt
I1005 20:40:06.914062 28065792 processor.cc:925] Processor: complete processing batch 5595bf76-db70-4e76-8078-14ac58e7232f into model nwt
I1005 20:40:06.918671 28065792 cuckoo_watch.h:45] 246ms in ProcessBatch(lectures_batches/aaaaaa.batch) [including 13ms in LoadMessage; 7ms in InitializeSparseNdw; 0ms in FindReuseThetaCacheEntry; 8ms in InitializeTheta; 0ms in CreateRegularizerAgents; 162ms in InferThetaAndUpdateNwtSparse; 0ms in UpdateCacheEntry; 3ms in CalculateScore(sparsity_theta_score); 47ms in CalculateScore(^^^ItemsProcessedScore^^^); ]
I1005 20:40:06.941277 28065792 processor.cc:740] No data in processing queue, waiting...
I1005 20:40:07.193655 29675520 processor.cc:925] Processor: complete processing batch 2e0d52d3-bce9-4217-b753-7b1e3ea34342 into model nwt
I1005 20:40:07.199491 29675520 cuckoo_watch.h:45] 527ms in ProcessBatch(lectures_batches/aaaaab.batch) [including 23ms in LoadMessage; 19ms in InitializeSparseNdw; 0ms in FindReuseThetaCacheEntry; 3ms in InitializeTheta; 0ms in CreateRegularizerAgents; 357ms in InferThetaAndUpdateNwtSparse; 0ms in UpdateCacheEntry; 5ms in CalculateScore(sparsity_theta_score); 111ms in CalculateScore(^^^ItemsProcessedScore^^^); ]
I1005 20:40:07.200657 2047873024 master_component.cc:1436] RegularizeModelArgs: rwt_target_name=rwt, pwt_source_name=pwt, nwt_source_name=nwt
I1005 20:40:07.200685 2047873024 master_component.cc:976] MasterComponent: start regularizing model pwt
I1005 20:40:07.223652 29675520 processor.cc:740] No data in processing queue, waiting...
I1005 20:40:07.296471 2047873024 master_component.cc:1002] MasterComponent: complete regularizing model pwt
I1005 20:40:07.296491 2047873024 master_component.cc:1449] NormalizeModelArgs: pwt_target_name=pwt, nwt_source_name=nwt, rwt_source_name=rwt
I1005 20:40:07.296525 2047873024 master_component.cc:1006] MasterComponent: start normalizing model nwt
I1005 20:40:07.358491 2047873024 master_component.cc:1034] MasterComponent: complete normalizing model nwt
I1005 20:40:07.446152 2047873024 master_component.cc:1473] DisposeModel rwt
I1005 20:40:07.460851 2047873024 master_component.cc:1059] FitOffline: ItemsProcessed, num_items=1728, num_batches=2, token_weight=808522, token_weight_in_effect=808522
I1005 20:40:07.461103 2047873024 c_interface.cc:389] Pass FitOfflineMasterModelArgs, batch_filename_size=2, batch_weight_size=2, num_collection_passes=1, reset_nwt=yes to MN4artm4core15MasterComponentEFvRKNS_25FitOfflineMasterModelArgsEE
I1005 20:40:07.461117 2047873024 master_component.cc:1398] ProcessBatchesArgs: nwt_target_name=nwt, batch_filename_size=2, batch_size=0, batch_weight_size=2, pwt_source_name=pwt, num_document_passes=10, regularizer=(name:SmoothSparsePhi_bcg, tau:100000), class=(author:1), class=(text:1), reuse_theta=yes, opt_for_avx=yes, predict_class_id=, reset_nwt=yes
I1005 20:40:07.476919 25919488 processor.cc:747] Processing queue has data, processing started
I1005 20:40:07.476910 27529216 processor.cc:747] Processing queue has data, processing started
I1005 20:40:07.490248 27529216 processor.cc:820] Processor: start processing batch 5595bf76-db70-4e76-8078-14ac58e7232f into model nwt
I1005 20:40:07.501793 25919488 processor.cc:820] Processor: start processing batch 2e0d52d3-bce9-4217-b753-7b1e3ea34342 into model nwt
I1005 20:40:07.729836 27529216 processor.cc:925] Processor: complete processing batch 5595bf76-db70-4e76-8078-14ac58e7232f into model nwt
I1005 20:40:07.733566 27529216 cuckoo_watch.h:45] 256ms in ProcessBatch(lectures_batches/aaaaaa.batch) [including 13ms in LoadMessage; 8ms in InitializeSparseNdw; 0ms in FindReuseThetaCacheEntry; 10ms in InitializeTheta; 0ms in CreateRegularizerAgents; 168ms in InferThetaAndUpdateNwtSparse; 0ms in UpdateCacheEntry; 3ms in CalculateScore(sparsity_theta_score); 48ms in CalculateScore(^^^ItemsProcessedScore^^^); ]
I1005 20:40:07.755671 27529216 processor.cc:740] No data in processing queue, waiting...
I1005 20:40:07.991721 25919488 processor.cc:925] Processor: complete processing batch 2e0d52d3-bce9-4217-b753-7b1e3ea34342 into model nwt
I1005 20:40:07.998090 25919488 cuckoo_watch.h:45] 521ms in ProcessBatch(lectures_batches/aaaaab.batch) [including 24ms in LoadMessage; 22ms in InitializeSparseNdw; 0ms in FindReuseThetaCacheEntry; 3ms in InitializeTheta; 0ms in CreateRegularizerAgents; 349ms in InferThetaAndUpdateNwtSparse; 0ms in UpdateCacheEntry; 4ms in CalculateScore(sparsity_theta_score); 108ms in CalculateScore(^^^ItemsProcessedScore^^^); ]
I1005 20:40:07.999037 2047873024 master_component.cc:1436] RegularizeModelArgs: rwt_target_name=rwt, pwt_source_name=pwt, nwt_source_name=nwt
I1005 20:40:07.999101 2047873024 master_component.cc:976] MasterComponent: start regularizing model pwt
I1005 20:40:08.021821 25919488 processor.cc:740] No data in processing queue, waiting...
I1005 20:40:08.102409 2047873024 master_component.cc:1002] MasterComponent: complete regularizing model pwt
I1005 20:40:08.102430 2047873024 master_component.cc:1449] NormalizeModelArgs: pwt_target_name=pwt, nwt_source_name=nwt, rwt_source_name=rwt
I1005 20:40:08.102437 2047873024 master_component.cc:1006] MasterComponent: start normalizing model nwt
I1005 20:40:08.174607 2047873024 master_component.cc:1034] MasterComponent: complete normalizing model nwt
I1005 20:40:08.274454 2047873024 master_component.cc:1473] DisposeModel rwt
I1005 20:40:08.292465 2047873024 master_component.cc:1059] FitOffline: ItemsProcessed, num_items=1728, num_batches=2, token_weight=808522, token_weight_in_effect=808522
I1005 20:40:08.292722 2047873024 c_interface.cc:389] Pass FitOfflineMasterModelArgs, batch_filename_size=2, batch_weight_size=2, num_collection_passes=1, reset_nwt=yes to MN4artm4core15MasterComponentEFvRKNS_25FitOfflineMasterModelArgsEE
I1005 20:40:08.292762 2047873024 master_component.cc:1398] ProcessBatchesArgs: nwt_target_name=nwt, batch_filename_size=2, batch_size=0, batch_weight_size=2, pwt_source_name=pwt, num_document_passes=10, regularizer=(name:SmoothSparsePhi_bcg, tau:100000), class=(author:1), class=(text:1), reuse_theta=yes, opt_for_avx=yes, predict_class_id=, reset_nwt=yes
I1005 20:40:08.306782 29138944 processor.cc:747] Processing queue has data, processing started
I1005 20:40:08.306782 26992640 processor.cc:747] Processing queue has data, processing started
I1005 20:40:08.320580 26992640 processor.cc:820] Processor: start processing batch 5595bf76-db70-4e76-8078-14ac58e7232f into model nwt
I1005 20:40:08.331636 29138944 processor.cc:820] Processor: start processing batch 2e0d52d3-bce9-4217-b753-7b1e3ea34342 into model nwt
I1005 20:40:08.553748 26992640 processor.cc:925] Processor: complete processing batch 5595bf76-db70-4e76-8078-14ac58e7232f into model nwt
I1005 20:40:08.558029 26992640 cuckoo_watch.h:45] 251ms in ProcessBatch(lectures_batches/aaaaaa.batch) [including 13ms in LoadMessage; 7ms in InitializeSparseNdw; 0ms in FindReuseThetaCacheEntry; 8ms in InitializeTheta; 0ms in CreateRegularizerAgents; 165ms in InferThetaAndUpdateNwtSparse; 0ms in UpdateCacheEntry; 3ms in CalculateScore(sparsity_theta_score); 48ms in CalculateScore(^^^ItemsProcessedScore^^^); ]
I1005 20:40:08.580793 26992640 processor.cc:740] No data in processing queue, waiting...
I1005 20:40:08.820574 29138944 processor.cc:925] Processor: complete processing batch 2e0d52d3-bce9-4217-b753-7b1e3ea34342 into model nwt
I1005 20:40:08.826637 29138944 cuckoo_watch.h:45] 519ms in ProcessBatch(lectures_batches/aaaaab.batch) [including 24ms in LoadMessage; 19ms in InitializeSparseNdw; 0ms in FindReuseThetaCacheEntry; 3ms in InitializeTheta; 0ms in CreateRegularizerAgents; 354ms in InferThetaAndUpdateNwtSparse; 0ms in UpdateCacheEntry; 5ms in CalculateScore(sparsity_theta_score); 106ms in CalculateScore(^^^ItemsProcessedScore^^^); ]
I1005 20:40:08.827620 2047873024 master_component.cc:1436] RegularizeModelArgs: rwt_target_name=rwt, pwt_source_name=pwt, nwt_source_name=nwt
I1005 20:40:08.827661 2047873024 master_component.cc:976] MasterComponent: start regularizing model pwt
I1005 20:40:08.849534 29138944 processor.cc:740] No data in processing queue, waiting...
I1005 20:40:08.931857 2047873024 master_component.cc:1002] MasterComponent: complete regularizing model pwt
I1005 20:40:08.931881 2047873024 master_component.cc:1449] NormalizeModelArgs: pwt_target_name=pwt, nwt_source_name=nwt, rwt_source_name=rwt
I1005 20:40:08.931890 2047873024 master_component.cc:1006] MasterComponent: start normalizing model nwt
I1005 20:40:09.003060 2047873024 master_component.cc:1034] MasterComponent: complete normalizing model nwt
I1005 20:40:09.094095 2047873024 master_component.cc:1473] DisposeModel rwt
I1005 20:40:09.109130 2047873024 master_component.cc:1059] FitOffline: ItemsProcessed, num_items=1728, num_batches=2, token_weight=808522, token_weight_in_effect=808522
I1005 20:40:09.109531 2047873024 c_interface.cc:389] Pass FitOfflineMasterModelArgs, batch_filename_size=2, batch_weight_size=2, num_collection_passes=1, reset_nwt=yes to MN4artm4core15MasterComponentEFvRKNS_25FitOfflineMasterModelArgsEE
I1005 20:40:09.109549 2047873024 master_component.cc:1398] ProcessBatchesArgs: nwt_target_name=nwt, batch_filename_size=2, batch_size=0, batch_weight_size=2, pwt_source_name=pwt, num_document_passes=10, regularizer=(name:SmoothSparsePhi_bcg, tau:100000), class=(author:1), class=(text:1), reuse_theta=yes, opt_for_avx=yes, predict_class_id=, reset_nwt=yes
I1005 20:40:09.124799 27529216 processor.cc:747] Processing queue has data, processing started
I1005 20:40:09.124814 28602368 processor.cc:747] Processing queue has data, processing started
I1005 20:40:09.138424 27529216 processor.cc:820] Processor: start processing batch 5595bf76-db70-4e76-8078-14ac58e7232f into model nwt
I1005 20:40:09.149861 28602368 processor.cc:820] Processor: start processing batch 2e0d52d3-bce9-4217-b753-7b1e3ea34342 into model nwt
I1005 20:40:09.368598 27529216 processor.cc:925] Processor: complete processing batch 5595bf76-db70-4e76-8078-14ac58e7232f into model nwt
I1005 20:40:09.372668 27529216 cuckoo_watch.h:45] 247ms in ProcessBatch(lectures_batches/aaaaaa.batch) [including 13ms in LoadMessage; 8ms in InitializeSparseNdw; 0ms in FindReuseThetaCacheEntry; 8ms in InitializeTheta; 0ms in CreateRegularizerAgents; 163ms in InferThetaAndUpdateNwtSparse; 0ms in UpdateCacheEntry; 3ms in CalculateScore(sparsity_theta_score); 45ms in CalculateScore(^^^ItemsProcessedScore^^^); ]
I1005 20:40:09.395660 27529216 processor.cc:740] No data in processing queue, waiting...
I1005 20:40:09.687360 28602368 processor.cc:925] Processor: complete processing batch 2e0d52d3-bce9-4217-b753-7b1e3ea34342 into model nwt
I1005 20:40:09.693277 28602368 cuckoo_watch.h:45] 568ms in ProcessBatch(lectures_batches/aaaaab.batch) [including 25ms in LoadMessage; 19ms in InitializeSparseNdw; 0ms in FindReuseThetaCacheEntry; 3ms in InitializeTheta; 0ms in CreateRegularizerAgents; 397ms in InferThetaAndUpdateNwtSparse; 0ms in UpdateCacheEntry; 5ms in CalculateScore(sparsity_theta_score); 110ms in CalculateScore(^^^ItemsProcessedScore^^^); ]
I1005 20:40:09.694396 2047873024 master_component.cc:1436] RegularizeModelArgs: rwt_target_name=rwt, pwt_source_name=pwt, nwt_source_name=nwt
I1005 20:40:09.694447 2047873024 master_component.cc:976] MasterComponent: start regularizing model pwt
I1005 20:40:09.716950 28602368 processor.cc:740] No data in processing queue, waiting...
I1005 20:40:09.803895 2047873024 master_component.cc:1002] MasterComponent: complete regularizing model pwt
I1005 20:40:09.803926 2047873024 master_component.cc:1449] NormalizeModelArgs: pwt_target_name=pwt, nwt_source_name=nwt, rwt_source_name=rwt
I1005 20:40:09.803932 2047873024 master_component.cc:1006] MasterComponent: start normalizing model nwt
I1005 20:40:09.881976 2047873024 master_component.cc:1034] MasterComponent: complete normalizing model nwt
I1005 20:40:09.969812 2047873024 master_component.cc:1473] DisposeModel rwt
I1005 20:40:09.983628 2047873024 master_component.cc:1059] FitOffline: ItemsProcessed, num_items=1728, num_batches=2, token_weight=808522, token_weight_in_effect=808522
I1005 20:40:09.983930 2047873024 c_interface.cc:389] Pass FitOfflineMasterModelArgs, batch_filename_size=2, batch_weight_size=2, num_collection_passes=1, reset_nwt=yes to MN4artm4core15MasterComponentEFvRKNS_25FitOfflineMasterModelArgsEE
I1005 20:40:09.983952 2047873024 master_component.cc:1398] ProcessBatchesArgs: nwt_target_name=nwt, batch_filename_size=2, batch_size=0, batch_weight_size=2, pwt_source_name=pwt, num_document_passes=10, regularizer=(name:SmoothSparsePhi_bcg, tau:100000), class=(author:1), class=(text:1), reuse_theta=yes, opt_for_avx=yes, predict_class_id=, reset_nwt=yes
I1005 20:40:09.999702 26456064 processor.cc:747] Processing queue has data, processing started
I1005 20:40:09.999680 29675520 processor.cc:747] Processing queue has data, processing started
I1005 20:40:10.013171 29675520 processor.cc:820] Processor: start processing batch 5595bf76-db70-4e76-8078-14ac58e7232f into model nwt
I1005 20:40:10.024644 26456064 processor.cc:820] Processor: start processing batch 2e0d52d3-bce9-4217-b753-7b1e3ea34342 into model nwt
I1005 20:40:10.273051 29675520 processor.cc:925] Processor: complete processing batch 5595bf76-db70-4e76-8078-14ac58e7232f into model nwt
I1005 20:40:10.277566 29675520 cuckoo_watch.h:45] 277ms in ProcessBatch(lectures_batches/aaaaaa.batch) [including 13ms in LoadMessage; 8ms in InitializeSparseNdw; 0ms in FindReuseThetaCacheEntry; 9ms in InitializeTheta; 0ms in CreateRegularizerAgents; 186ms in InferThetaAndUpdateNwtSparse; 0ms in UpdateCacheEntry; 4ms in CalculateScore(sparsity_theta_score); 50ms in CalculateScore(^^^ItemsProcessedScore^^^); ]
I1005 20:40:10.300009 29675520 processor.cc:740] No data in processing queue, waiting...
I1005 20:40:10.519819 26456064 processor.cc:925] Processor: complete processing batch 2e0d52d3-bce9-4217-b753-7b1e3ea34342 into model nwt
I1005 20:40:10.526537 26456064 cuckoo_watch.h:45] 526ms in ProcessBatch(lectures_batches/aaaaab.batch) [including 24ms in LoadMessage; 20ms in InitializeSparseNdw; 0ms in FindReuseThetaCacheEntry; 3ms in InitializeTheta; 0ms in CreateRegularizerAgents; 358ms in InferThetaAndUpdateNwtSparse; 0ms in UpdateCacheEntry; 5ms in CalculateScore(sparsity_theta_score); 106ms in CalculateScore(^^^ItemsProcessedScore^^^); ]
I1005 20:40:10.527720 2047873024 master_component.cc:1436] RegularizeModelArgs: rwt_target_name=rwt, pwt_source_name=pwt, nwt_source_name=nwt
I1005 20:40:10.527753 2047873024 master_component.cc:976] MasterComponent: start regularizing model pwt
I1005 20:40:10.550662 26456064 processor.cc:740] No data in processing queue, waiting...
I1005 20:40:10.628828 2047873024 master_component.cc:1002] MasterComponent: complete regularizing model pwt
I1005 20:40:10.628849 2047873024 master_component.cc:1449] NormalizeModelArgs: pwt_target_name=pwt, nwt_source_name=nwt, rwt_source_name=rwt
I1005 20:40:10.628855 2047873024 master_component.cc:1006] MasterComponent: start normalizing model nwt
I1005 20:40:10.707388 2047873024 master_component.cc:1034] MasterComponent: complete normalizing model nwt
I1005 20:40:10.812561 2047873024 master_component.cc:1473] DisposeModel rwt
I1005 20:40:10.830229 2047873024 master_component.cc:1059] FitOffline: ItemsProcessed, num_items=1728, num_batches=2, token_weight=808522, token_weight_in_effect=808522
I1005 20:40:10.830472 2047873024 c_interface.cc:389] Pass FitOfflineMasterModelArgs, batch_filename_size=2, batch_weight_size=2, num_collection_passes=1, reset_nwt=yes to MN4artm4core15MasterComponentEFvRKNS_25FitOfflineMasterModelArgsEE
I1005 20:40:10.830488 2047873024 master_component.cc:1398] ProcessBatchesArgs: nwt_target_name=nwt, batch_filename_size=2, batch_size=0, batch_weight_size=2, pwt_source_name=pwt, num_document_passes=10, regularizer=(name:SmoothSparsePhi_bcg, tau:100000), class=(author:1), class=(text:1), reuse_theta=yes, opt_for_avx=yes, predict_class_id=, reset_nwt=yes
I1005 20:40:10.848609 29138944 processor.cc:747] Processing queue has data, processing started
I1005 20:40:10.848649 28065792 processor.cc:747] Processing queue has data, processing started
I1005 20:40:10.864202 29138944 processor.cc:820] Processor: start processing batch 5595bf76-db70-4e76-8078-14ac58e7232f into model nwt
I1005 20:40:10.877377 28065792 processor.cc:820] Processor: start processing batch 2e0d52d3-bce9-4217-b753-7b1e3ea34342 into model nwt
I1005 20:40:11.108234 29138944 processor.cc:925] Processor: complete processing batch 5595bf76-db70-4e76-8078-14ac58e7232f into model nwt
I1005 20:40:11.113126 29138944 cuckoo_watch.h:45] 264ms in ProcessBatch(lectures_batches/aaaaaa.batch) [including 15ms in LoadMessage; 9ms in InitializeSparseNdw; 0ms in FindReuseThetaCacheEntry; 10ms in InitializeTheta; 0ms in CreateRegularizerAgents; 171ms in InferThetaAndUpdateNwtSparse; 0ms in UpdateCacheEntry; 4ms in CalculateScore(sparsity_theta_score); 47ms in CalculateScore(^^^ItemsProcessedScore^^^); ]
I1005 20:40:11.136435 29138944 processor.cc:740] No data in processing queue, waiting...
I1005 20:40:11.386063 28065792 processor.cc:925] Processor: complete processing batch 2e0d52d3-bce9-4217-b753-7b1e3ea34342 into model nwt
I1005 20:40:11.392521 28065792 cuckoo_watch.h:45] 543ms in ProcessBatch(lectures_batches/aaaaab.batch) [including 28ms in LoadMessage; 22ms in InitializeSparseNdw; 0ms in FindReuseThetaCacheEntry; 4ms in InitializeTheta; 0ms in CreateRegularizerAgents; 364ms in InferThetaAndUpdateNwtSparse; 0ms in UpdateCacheEntry; 5ms in CalculateScore(sparsity_theta_score); 110ms in CalculateScore(^^^ItemsProcessedScore^^^); ]
I1005 20:40:11.392647 2047873024 master_component.cc:1436] RegularizeModelArgs: rwt_target_name=rwt, pwt_source_name=pwt, nwt_source_name=nwt
I1005 20:40:11.392669 2047873024 master_component.cc:976] MasterComponent: start regularizing model pwt
I1005 20:40:11.417059 28065792 processor.cc:740] No data in processing queue, waiting...
I1005 20:40:11.501930 2047873024 master_component.cc:1002] MasterComponent: complete regularizing model pwt
I1005 20:40:11.501987 2047873024 master_component.cc:1449] NormalizeModelArgs: pwt_target_name=pwt, nwt_source_name=nwt, rwt_source_name=rwt
I1005 20:40:11.501997 2047873024 master_component.cc:1006] MasterComponent: start normalizing model nwt
I1005 20:40:11.592577 2047873024 master_component.cc:1034] MasterComponent: complete normalizing model nwt
I1005 20:40:11.688261 2047873024 master_component.cc:1473] DisposeModel rwt
I1005 20:40:11.705265 2047873024 master_component.cc:1059] FitOffline: ItemsProcessed, num_items=1728, num_batches=2, token_weight=808522, token_weight_in_effect=808522
I1005 20:40:11.705530 2047873024 c_interface.cc:389] Pass FitOfflineMasterModelArgs, batch_filename_size=2, batch_weight_size=2, num_collection_passes=1, reset_nwt=yes to MN4artm4core15MasterComponentEFvRKNS_25FitOfflineMasterModelArgsEE
I1005 20:40:11.705546 2047873024 master_component.cc:1398] ProcessBatchesArgs: nwt_target_name=nwt, batch_filename_size=2, batch_size=0, batch_weight_size=2, pwt_source_name=pwt, num_document_passes=10, regularizer=(name:SmoothSparsePhi_bcg, tau:100000), class=(author:1), class=(text:1), reuse_theta=yes, opt_for_avx=yes, predict_class_id=, reset_nwt=yes
I1005 20:40:11.722688 26992640 processor.cc:747] Processing queue has data, processing started
I1005 20:40:11.722694 29675520 processor.cc:747] Processing queue has data, processing started
I1005 20:40:11.736418 26992640 processor.cc:820] Processor: start processing batch 5595bf76-db70-4e76-8078-14ac58e7232f into model nwt
I1005 20:40:11.746946 29675520 processor.cc:820] Processor: start processing batch 2e0d52d3-bce9-4217-b753-7b1e3ea34342 into model nwt
I1005 20:40:11.960456 26992640 processor.cc:925] Processor: complete processing batch 5595bf76-db70-4e76-8078-14ac58e7232f into model nwt
I1005 20:40:11.965189 26992640 cuckoo_watch.h:45] 242ms in ProcessBatch(lectures_batches/aaaaaa.batch) [including 13ms in LoadMessage; 8ms in InitializeSparseNdw; 0ms in FindReuseThetaCacheEntry; 8ms in InitializeTheta; 0ms in CreateRegularizerAgents; 160ms in InferThetaAndUpdateNwtSparse; 0ms in UpdateCacheEntry; 3ms in CalculateScore(sparsity_theta_score); 43ms in CalculateScore(^^^ItemsProcessedScore^^^); ]
I1005 20:40:11.988170 26992640 processor.cc:740] No data in processing queue, waiting...
I1005 20:40:12.228849 29675520 processor.cc:925] Processor: complete processing batch 2e0d52d3-bce9-4217-b753-7b1e3ea34342 into model nwt
I1005 20:40:12.236347 29675520 cuckoo_watch.h:45] 513ms in ProcessBatch(lectures_batches/aaaaab.batch) [including 24ms in LoadMessage; 19ms in InitializeSparseNdw; 0ms in FindReuseThetaCacheEntry; 3ms in InitializeTheta; 0ms in CreateRegularizerAgents; 351ms in InferThetaAndUpdateNwtSparse; 0ms in UpdateCacheEntry; 5ms in CalculateScore(sparsity_theta_score); 100ms in CalculateScore(^^^ItemsProcessedScore^^^); ]
I1005 20:40:12.237323 2047873024 master_component.cc:1436] RegularizeModelArgs: rwt_target_name=rwt, pwt_source_name=pwt, nwt_source_name=nwt
I1005 20:40:12.237382 2047873024 master_component.cc:976] MasterComponent: start regularizing model pwt
I1005 20:40:12.260771 29675520 processor.cc:740] No data in processing queue, waiting...
I1005 20:40:12.340085 2047873024 master_component.cc:1002] MasterComponent: complete regularizing model pwt
I1005 20:40:12.340104 2047873024 master_component.cc:1449] NormalizeModelArgs: pwt_target_name=pwt, nwt_source_name=nwt, rwt_source_name=rwt
I1005 20:40:12.340109 2047873024 master_component.cc:1006] MasterComponent: start normalizing model nwt
I1005 20:40:12.425870 2047873024 master_component.cc:1034] MasterComponent: complete normalizing model nwt
I1005 20:40:12.517298 2047873024 master_component.cc:1473] DisposeModel rwt
I1005 20:40:12.534471 2047873024 master_component.cc:1059] FitOffline: ItemsProcessed, num_items=1728, num_batches=2, token_weight=808522, token_weight_in_effect=808522
I1005 20:40:12.534723 2047873024 c_interface.cc:389] Pass FitOfflineMasterModelArgs, batch_filename_size=2, batch_weight_size=2, num_collection_passes=1, reset_nwt=yes to MN4artm4core15MasterComponentEFvRKNS_25FitOfflineMasterModelArgsEE
I1005 20:40:12.534773 2047873024 master_component.cc:1398] ProcessBatchesArgs: nwt_target_name=nwt, batch_filename_size=2, batch_size=0, batch_weight_size=2, pwt_source_name=pwt, num_document_passes=10, regularizer=(name:SmoothSparsePhi_bcg, tau:100000), class=(author:1), class=(text:1), reuse_theta=yes, opt_for_avx=yes, predict_class_id=, reset_nwt=yes
I1005 20:40:12.552196 29675520 processor.cc:747] Processing queue has data, processing started
I1005 20:40:12.552196 28602368 processor.cc:747] Processing queue has data, processing started
I1005 20:40:12.565433 29675520 processor.cc:820] Processor: start processing batch 5595bf76-db70-4e76-8078-14ac58e7232f into model nwt
I1005 20:40:12.576194 28602368 processor.cc:820] Processor: start processing batch 2e0d52d3-bce9-4217-b753-7b1e3ea34342 into model nwt
I1005 20:40:12.804880 29675520 processor.cc:925] Processor: complete processing batch 5595bf76-db70-4e76-8078-14ac58e7232f into model nwt
I1005 20:40:12.809278 29675520 cuckoo_watch.h:45] 257ms in ProcessBatch(lectures_batches/aaaaaa.batch) [including 13ms in LoadMessage; 8ms in InitializeSparseNdw; 0ms in FindReuseThetaCacheEntry; 8ms in InitializeTheta; 0ms in CreateRegularizerAgents; 169ms in InferThetaAndUpdateNwtSparse; 0ms in UpdateCacheEntry; 4ms in CalculateScore(sparsity_theta_score); 47ms in CalculateScore(^^^ItemsProcessedScore^^^); ]
I1005 20:40:12.832451 29675520 processor.cc:740] No data in processing queue, waiting...
I1005 20:40:13.081889 28602368 processor.cc:925] Processor: complete processing batch 2e0d52d3-bce9-4217-b753-7b1e3ea34342 into model nwt
I1005 20:40:13.088476 28602368 cuckoo_watch.h:45] 536ms in ProcessBatch(lectures_batches/aaaaab.batch) [including 23ms in LoadMessage; 21ms in InitializeSparseNdw; 0ms in FindReuseThetaCacheEntry; 3ms in InitializeTheta; 0ms in CreateRegularizerAgents; 364ms in InferThetaAndUpdateNwtSparse; 0ms in UpdateCacheEntry; 5ms in CalculateScore(sparsity_theta_score); 109ms in CalculateScore(^^^ItemsProcessedScore^^^); ]
I1005 20:40:13.089341 2047873024 master_component.cc:1436] RegularizeModelArgs: rwt_target_name=rwt, pwt_source_name=pwt, nwt_source_name=nwt
I1005 20:40:13.089382 2047873024 master_component.cc:976] MasterComponent: start regularizing model pwt
I1005 20:40:13.112329 28602368 processor.cc:740] No data in processing queue, waiting...
I1005 20:40:13.196343 2047873024 master_component.cc:1002] MasterComponent: complete regularizing model pwt
I1005 20:40:13.196363 2047873024 master_component.cc:1449] NormalizeModelArgs: pwt_target_name=pwt, nwt_source_name=nwt, rwt_source_name=rwt
I1005 20:40:13.196370 2047873024 master_component.cc:1006] MasterComponent: start normalizing model nwt
I1005 20:40:13.288467 2047873024 master_component.cc:1034] MasterComponent: complete normalizing model nwt
I1005 20:40:13.384850 2047873024 master_component.cc:1473] DisposeModel rwt
I1005 20:40:13.404883 2047873024 master_component.cc:1059] FitOffline: ItemsProcessed, num_items=1728, num_batches=2, token_weight=808522, token_weight_in_effect=808522
I1005 20:40:13.405228 2047873024 c_interface.cc:389] Pass FitOfflineMasterModelArgs, batch_filename_size=2, batch_weight_size=2, num_collection_passes=1, reset_nwt=yes to MN4artm4core15MasterComponentEFvRKNS_25FitOfflineMasterModelArgsEE
I1005 20:40:13.405249 2047873024 master_component.cc:1398] ProcessBatchesArgs: nwt_target_name=nwt, batch_filename_size=2, batch_size=0, batch_weight_size=2, pwt_source_name=pwt, num_document_passes=10, regularizer=(name:SmoothSparsePhi_bcg, tau:100000), class=(author:1), class=(text:1), reuse_theta=yes, opt_for_avx=yes, predict_class_id=, reset_nwt=yes
I1005 20:40:13.423106 27529216 processor.cc:747] Processing queue has data, processing started
I1005 20:40:13.423106 26992640 processor.cc:747] Processing queue has data, processing started
I1005 20:40:13.436718 27529216 processor.cc:820] Processor: start processing batch 5595bf76-db70-4e76-8078-14ac58e7232f into model nwt
I1005 20:40:13.447671 26992640 processor.cc:820] Processor: start processing batch 2e0d52d3-bce9-4217-b753-7b1e3ea34342 into model nwt
I1005 20:40:13.670917 27529216 processor.cc:925] Processor: complete processing batch 5595bf76-db70-4e76-8078-14ac58e7232f into model nwt
I1005 20:40:13.675560 27529216 cuckoo_watch.h:45] 252ms in ProcessBatch(lectures_batches/aaaaaa.batch) [including 13ms in LoadMessage; 7ms in InitializeSparseNdw; 0ms in FindReuseThetaCacheEntry; 9ms in InitializeTheta; 0ms in CreateRegularizerAgents; 167ms in InferThetaAndUpdateNwtSparse; 0ms in UpdateCacheEntry; 4ms in CalculateScore(sparsity_theta_score); 45ms in CalculateScore(^^^ItemsProcessedScore^^^); ]
