I1005 21:12:47.906782 26992640 processor.cc:820] Processor: start processing batch 663592c4-c376-4a4e-9e99-8b006228477e into model nwt
I1005 21:12:48.047304 26456064 processor.cc:925] Processor: complete processing batch 09732821-7fc5-4100-ae8e-9b5b43c08823 into model nwt
I1005 21:12:48.051385 26456064 cuckoo_watch.h:45] 169ms in ProcessBatch(lectures_batches/aaaaaa.batch) [including 14ms in LoadMessage; 7ms in InitializeSparseNdw; 0ms in FindReuseThetaCacheEntry; 8ms in InitializeTheta; 0ms in CreateRegularizerAgents; 85ms in InferThetaAndUpdateNwtSparse; 0ms in UpdateCacheEntry; 3ms in CalculateScore(sparsity_theta_score); 46ms in CalculateScore(^^^ItemsProcessedScore^^^); ]
I1005 21:12:48.075269 26456064 processor.cc:740] No data in processing queue, waiting...
I1005 21:12:48.205790 26992640 processor.cc:925] Processor: complete processing batch 663592c4-c376-4a4e-9e99-8b006228477e into model nwt
I1005 21:12:48.212674 26992640 cuckoo_watch.h:45] 330ms in ProcessBatch(lectures_batches/aaaaab.batch) [including 24ms in LoadMessage; 21ms in InitializeSparseNdw; 0ms in FindReuseThetaCacheEntry; 4ms in InitializeTheta; 0ms in CreateRegularizerAgents; 168ms in InferThetaAndUpdateNwtSparse; 0ms in UpdateCacheEntry; 6ms in CalculateScore(sparsity_theta_score); 98ms in CalculateScore(^^^ItemsProcessedScore^^^); ]
I1005 21:12:48.213215 2047873024 master_component.cc:1436] RegularizeModelArgs: rwt_target_name=rwt, pwt_source_name=pwt, nwt_source_name=nwt
I1005 21:12:48.213246 2047873024 master_component.cc:976] MasterComponent: start regularizing model pwt
I1005 21:12:48.236629 26992640 processor.cc:740] No data in processing queue, waiting...
I1005 21:12:48.337529 2047873024 master_component.cc:1002] MasterComponent: complete regularizing model pwt
I1005 21:12:48.337553 2047873024 master_component.cc:1449] NormalizeModelArgs: pwt_target_name=pwt, nwt_source_name=nwt, rwt_source_name=rwt
I1005 21:12:48.337560 2047873024 master_component.cc:1006] MasterComponent: start normalizing model nwt
I1005 21:12:48.433344 2047873024 master_component.cc:1034] MasterComponent: complete normalizing model nwt
I1005 21:12:48.521178 2047873024 master_component.cc:1473] DisposeModel rwt
I1005 21:12:48.540558 2047873024 master_component.cc:1059] FitOffline: ItemsProcessed, num_items=1728, num_batches=2, token_weight=808522, token_weight_in_effect=808522
I1005 21:12:48.540933 2047873024 c_interface.cc:389] Pass FitOfflineMasterModelArgs, batch_filename_size=2, batch_weight_size=2, num_collection_passes=1, reset_nwt=yes to MN4artm4core15MasterComponentEFvRKNS_25FitOfflineMasterModelArgsEE
I1005 21:12:48.540951 2047873024 master_component.cc:1398] ProcessBatchesArgs: nwt_target_name=nwt, batch_filename_size=2, batch_size=0, batch_weight_size=2, pwt_source_name=pwt, num_document_passes=1, regularizer=(name:SmoothSparsePhi_bcg, tau:10000), class=(author:1), class=(text:1), reuse_theta=yes, opt_for_avx=yes, predict_class_id=, reset_nwt=yes
I1005 21:12:48.561929 28602368 processor.cc:747] Processing queue has data, processing started
I1005 21:12:48.561957 28065792 processor.cc:747] Processing queue has data, processing started
I1005 21:12:48.575661 28602368 processor.cc:820] Processor: start processing batch 09732821-7fc5-4100-ae8e-9b5b43c08823 into model nwt
I1005 21:12:48.586825 28065792 processor.cc:820] Processor: start processing batch 663592c4-c376-4a4e-9e99-8b006228477e into model nwt
I1005 21:12:48.729113 28602368 processor.cc:925] Processor: complete processing batch 09732821-7fc5-4100-ae8e-9b5b43c08823 into model nwt
I1005 21:12:48.733821 28602368 cuckoo_watch.h:45] 171ms in ProcessBatch(lectures_batches/aaaaaa.batch) [including 13ms in LoadMessage; 7ms in InitializeSparseNdw; 0ms in FindReuseThetaCacheEntry; 8ms in InitializeTheta; 0ms in CreateRegularizerAgents; 85ms in InferThetaAndUpdateNwtSparse; 0ms in UpdateCacheEntry; 3ms in CalculateScore(sparsity_theta_score); 47ms in CalculateScore(^^^ItemsProcessedScore^^^); ]
I1005 21:12:48.758118 28602368 processor.cc:740] No data in processing queue, waiting...
I1005 21:12:48.903810 28065792 processor.cc:925] Processor: complete processing batch 663592c4-c376-4a4e-9e99-8b006228477e into model nwt
I1005 21:12:48.910465 28065792 cuckoo_watch.h:45] 348ms in ProcessBatch(lectures_batches/aaaaab.batch) [including 24ms in LoadMessage; 21ms in InitializeSparseNdw; 0ms in FindReuseThetaCacheEntry; 3ms in InitializeTheta; 0ms in CreateRegularizerAgents; 180ms in InferThetaAndUpdateNwtSparse; 0ms in UpdateCacheEntry; 5ms in CalculateScore(sparsity_theta_score); 104ms in CalculateScore(^^^ItemsProcessedScore^^^); ]
I1005 21:12:48.911114 2047873024 master_component.cc:1436] RegularizeModelArgs: rwt_target_name=rwt, pwt_source_name=pwt, nwt_source_name=nwt
I1005 21:12:48.911149 2047873024 master_component.cc:976] MasterComponent: start regularizing model pwt
I1005 21:12:48.934552 28065792 processor.cc:740] No data in processing queue, waiting...
I1005 21:12:49.033190 2047873024 master_component.cc:1002] MasterComponent: complete regularizing model pwt
I1005 21:12:49.033210 2047873024 master_component.cc:1449] NormalizeModelArgs: pwt_target_name=pwt, nwt_source_name=nwt, rwt_source_name=rwt
I1005 21:12:49.033216 2047873024 master_component.cc:1006] MasterComponent: start normalizing model nwt
I1005 21:12:49.128994 2047873024 master_component.cc:1034] MasterComponent: complete normalizing model nwt
I1005 21:12:49.220480 2047873024 master_component.cc:1473] DisposeModel rwt
I1005 21:12:49.239404 2047873024 master_component.cc:1059] FitOffline: ItemsProcessed, num_items=1728, num_batches=2, token_weight=808522, token_weight_in_effect=808522
I1005 21:12:49.239670 2047873024 c_interface.cc:389] Pass FitOfflineMasterModelArgs, batch_filename_size=2, batch_weight_size=2, num_collection_passes=1, reset_nwt=yes to MN4artm4core15MasterComponentEFvRKNS_25FitOfflineMasterModelArgsEE
I1005 21:12:49.239684 2047873024 master_component.cc:1398] ProcessBatchesArgs: nwt_target_name=nwt, batch_filename_size=2, batch_size=0, batch_weight_size=2, pwt_source_name=pwt, num_document_passes=1, regularizer=(name:SmoothSparsePhi_bcg, tau:10000), class=(author:1), class=(text:1), reuse_theta=yes, opt_for_avx=yes, predict_class_id=, reset_nwt=yes
I1005 21:12:49.258249 27529216 processor.cc:747] Processing queue has data, processing started
I1005 21:12:49.258266 25919488 processor.cc:747] Processing queue has data, processing started
I1005 21:12:49.271467 27529216 processor.cc:820] Processor: start processing batch 09732821-7fc5-4100-ae8e-9b5b43c08823 into model nwt
I1005 21:12:49.282490 25919488 processor.cc:820] Processor: start processing batch 663592c4-c376-4a4e-9e99-8b006228477e into model nwt
I1005 21:12:49.423435 27529216 processor.cc:925] Processor: complete processing batch 09732821-7fc5-4100-ae8e-9b5b43c08823 into model nwt
I1005 21:12:49.427922 27529216 cuckoo_watch.h:45] 169ms in ProcessBatch(lectures_batches/aaaaaa.batch) [including 13ms in LoadMessage; 7ms in InitializeSparseNdw; 0ms in FindReuseThetaCacheEntry; 8ms in InitializeTheta; 0ms in CreateRegularizerAgents; 83ms in InferThetaAndUpdateNwtSparse; 0ms in UpdateCacheEntry; 4ms in CalculateScore(sparsity_theta_score); 47ms in CalculateScore(^^^ItemsProcessedScore^^^); ]
I1005 21:12:49.451537 27529216 processor.cc:740] No data in processing queue, waiting...
I1005 21:12:49.583045 25919488 processor.cc:925] Processor: complete processing batch 663592c4-c376-4a4e-9e99-8b006228477e into model nwt
I1005 21:12:49.590840 25919488 cuckoo_watch.h:45] 332ms in ProcessBatch(lectures_batches/aaaaab.batch) [including 24ms in LoadMessage; 20ms in InitializeSparseNdw; 0ms in FindReuseThetaCacheEntry; 3ms in InitializeTheta; 0ms in CreateRegularizerAgents; 172ms in InferThetaAndUpdateNwtSparse; 0ms in UpdateCacheEntry; 4ms in CalculateScore(sparsity_theta_score); 98ms in CalculateScore(^^^ItemsProcessedScore^^^); ]
I1005 21:12:49.592293 2047873024 master_component.cc:1436] RegularizeModelArgs: rwt_target_name=rwt, pwt_source_name=pwt, nwt_source_name=nwt
I1005 21:12:49.592325 2047873024 master_component.cc:976] MasterComponent: start regularizing model pwt
I1005 21:12:49.615305 25919488 processor.cc:740] No data in processing queue, waiting...
I1005 21:12:49.720474 2047873024 master_component.cc:1002] MasterComponent: complete regularizing model pwt
I1005 21:12:49.720495 2047873024 master_component.cc:1449] NormalizeModelArgs: pwt_target_name=pwt, nwt_source_name=nwt, rwt_source_name=rwt
I1005 21:12:49.720501 2047873024 master_component.cc:1006] MasterComponent: start normalizing model nwt
I1005 21:12:49.809741 2047873024 master_component.cc:1034] MasterComponent: complete normalizing model nwt
I1005 21:12:49.902139 2047873024 master_component.cc:1473] DisposeModel rwt
I1005 21:12:49.922564 2047873024 master_component.cc:1059] FitOffline: ItemsProcessed, num_items=1728, num_batches=2, token_weight=808522, token_weight_in_effect=808522
I1005 21:12:49.930963 2047873024 c_interface.cc:231] ArtmCopyRequestedMessage is copying 1271 bytes...
I1005 21:12:49.950436 2047873024 c_interface.cc:231] ArtmCopyRequestedMessage is copying 1230 bytes...
I1005 21:12:49.955657 2047873024 c_interface.cc:231] ArtmCopyRequestedMessage is copying 1271 bytes...
I1005 21:12:49.957901 2047873024 c_interface.cc:231] ArtmCopyRequestedMessage is copying 1230 bytes...
I1005 21:12:50.151306 2047873024 c_interface.cc:389] Pass MasterModelConfig: topic_name_size=30, class=(author:1), class=(text:1), score_config_size=6, num_processors=0, pwt_name=pwt, nwt_name=nwt, num_document_passes=1, regularizer=(SmoothSparsePhi_bcg:10000), regularizer=(SmoothSparsePhi_sbj:-100000), reuse_theta=yes, cache_theta=yes, opt_for_avx=yes, disk_cache_path= to MN4artm4core15MasterComponentEFvRKNS_17MasterModelConfigEE
I1005 21:12:50.151352 2047873024 instance.cc:401] MasterModelConfig.processors_count is automatically set to 8
I1005 21:12:50.151458 2047873024 instance.cc:232] Regularizer 'SmoothSparsePhi_bcg' was cold-reconfigured
I1005 21:12:50.151486 2047873024 instance.cc:232] Regularizer 'SmoothSparsePhi_sbj' was cold-reconfigured
I1005 21:12:50.157856 2047873024 c_interface.cc:389] Pass MasterModelConfig: topic_name_size=30, class=(author:1), class=(text:1), score_config_size=6, num_processors=0, pwt_name=pwt, nwt_name=nwt, num_document_passes=1, regularizer=(SmoothSparsePhi_bcg:10000), regularizer=(SmoothSparsePhi_sbj:-1e+10), reuse_theta=yes, cache_theta=yes, opt_for_avx=yes, disk_cache_path= to MN4artm4core15MasterComponentEFvRKNS_17MasterModelConfigEE
I1005 21:12:50.157886 2047873024 instance.cc:401] MasterModelConfig.processors_count is automatically set to 8
I1005 21:12:50.157944 2047873024 instance.cc:232] Regularizer 'SmoothSparsePhi_bcg' was cold-reconfigured
I1005 21:12:50.157959 2047873024 instance.cc:232] Regularizer 'SmoothSparsePhi_sbj' was cold-reconfigured
I1005 21:12:50.164233 2047873024 c_interface.cc:389] Pass FitOfflineMasterModelArgs, batch_filename_size=2, batch_weight_size=2, num_collection_passes=1, reset_nwt=yes to MN4artm4core15MasterComponentEFvRKNS_25FitOfflineMasterModelArgsEE
I1005 21:12:50.164273 2047873024 master_component.cc:1398] ProcessBatchesArgs: nwt_target_name=nwt, batch_filename_size=2, batch_size=0, batch_weight_size=2, pwt_source_name=pwt, num_document_passes=1, regularizer=(name:SmoothSparsePhi_bcg, tau:10000), regularizer=(name:SmoothSparsePhi_sbj, tau:-1e+10), class=(author:1), class=(text:1), reuse_theta=yes, opt_for_avx=yes, predict_class_id=, reset_nwt=yes
I1005 21:12:50.183280 26992640 processor.cc:747] Processing queue has data, processing started
I1005 21:12:50.183290 29138944 processor.cc:747] Processing queue has data, processing started
I1005 21:12:50.196576 26992640 processor.cc:820] Processor: start processing batch 09732821-7fc5-4100-ae8e-9b5b43c08823 into model nwt
I1005 21:12:50.209703 29138944 processor.cc:820] Processor: start processing batch 663592c4-c376-4a4e-9e99-8b006228477e into model nwt
I1005 21:12:50.354619 26992640 processor.cc:925] Processor: complete processing batch 09732821-7fc5-4100-ae8e-9b5b43c08823 into model nwt
I1005 21:12:50.358928 26992640 cuckoo_watch.h:45] 175ms in ProcessBatch(lectures_batches/aaaaaa.batch) [including 13ms in LoadMessage; 10ms in InitializeSparseNdw; 0ms in FindReuseThetaCacheEntry; 8ms in InitializeTheta; 0ms in CreateRegularizerAgents; 88ms in InferThetaAndUpdateNwtSparse; 0ms in UpdateCacheEntry; 3ms in CalculateScore(sparsity_theta_score); 46ms in CalculateScore(^^^ItemsProcessedScore^^^); ]
I1005 21:12:50.382669 26992640 processor.cc:740] No data in processing queue, waiting...
I1005 21:12:50.523797 29138944 processor.cc:925] Processor: complete processing batch 663592c4-c376-4a4e-9e99-8b006228477e into model nwt
I1005 21:12:50.530936 29138944 cuckoo_watch.h:45] 347ms in ProcessBatch(lectures_batches/aaaaab.batch) [including 26ms in LoadMessage; 22ms in InitializeSparseNdw; 0ms in FindReuseThetaCacheEntry; 4ms in InitializeTheta; 0ms in CreateRegularizerAgents; 179ms in InferThetaAndUpdateNwtSparse; 0ms in UpdateCacheEntry; 5ms in CalculateScore(sparsity_theta_score); 101ms in CalculateScore(^^^ItemsProcessedScore^^^); ]
I1005 21:12:50.532171 2047873024 master_component.cc:1436] RegularizeModelArgs: rwt_target_name=rwt, pwt_source_name=pwt, nwt_source_name=nwt
I1005 21:12:50.532209 2047873024 master_component.cc:976] MasterComponent: start regularizing model pwt
I1005 21:12:50.555044 29138944 processor.cc:740] No data in processing queue, waiting...
I1005 21:12:50.708317 2047873024 master_component.cc:1002] MasterComponent: complete regularizing model pwt
I1005 21:12:50.708338 2047873024 master_component.cc:1449] NormalizeModelArgs: pwt_target_name=pwt, nwt_source_name=nwt, rwt_source_name=rwt
I1005 21:12:50.708345 2047873024 master_component.cc:1006] MasterComponent: start normalizing model nwt
I1005 21:12:50.781107 2047873024 master_component.cc:1034] MasterComponent: complete normalizing model nwt
I1005 21:12:50.820977 2047873024 master_component.cc:1473] DisposeModel rwt
I1005 21:12:50.842016 2047873024 master_component.cc:1059] FitOffline: ItemsProcessed, num_items=1728, num_batches=2, token_weight=808522, token_weight_in_effect=808522
I1005 21:12:50.842284 2047873024 c_interface.cc:389] Pass FitOfflineMasterModelArgs, batch_filename_size=2, batch_weight_size=2, num_collection_passes=1, reset_nwt=yes to MN4artm4core15MasterComponentEFvRKNS_25FitOfflineMasterModelArgsEE
I1005 21:12:50.842299 2047873024 master_component.cc:1398] ProcessBatchesArgs: nwt_target_name=nwt, batch_filename_size=2, batch_size=0, batch_weight_size=2, pwt_source_name=pwt, num_document_passes=1, regularizer=(name:SmoothSparsePhi_bcg, tau:10000), regularizer=(name:SmoothSparsePhi_sbj, tau:-1e+10), class=(author:1), class=(text:1), reuse_theta=yes, opt_for_avx=yes, predict_class_id=, reset_nwt=yes
I1005 21:12:50.862936 28602368 processor.cc:747] Processing queue has data, processing started
I1005 21:12:50.862936 27529216 processor.cc:747] Processing queue has data, processing started
I1005 21:12:50.876207 28602368 processor.cc:820] Processor: start processing batch 09732821-7fc5-4100-ae8e-9b5b43c08823 into model nwt
I1005 21:12:50.886533 27529216 processor.cc:820] Processor: start processing batch 663592c4-c376-4a4e-9e99-8b006228477e into model nwt
I1005 21:12:51.026407 28602368 processor.cc:925] Processor: complete processing batch 09732821-7fc5-4100-ae8e-9b5b43c08823 into model nwt
I1005 21:12:51.030786 28602368 cuckoo_watch.h:45] 167ms in ProcessBatch(lectures_batches/aaaaaa.batch) [including 13ms in LoadMessage; 7ms in InitializeSparseNdw; 0ms in FindReuseThetaCacheEntry; 7ms in InitializeTheta; 0ms in CreateRegularizerAgents; 82ms in InferThetaAndUpdateNwtSparse; 0ms in UpdateCacheEntry; 3ms in CalculateScore(sparsity_theta_score); 48ms in CalculateScore(^^^ItemsProcessedScore^^^); ]
I1005 21:12:51.055116 28602368 processor.cc:740] No data in processing queue, waiting...
I1005 21:12:51.195518 27529216 processor.cc:925] Processor: complete processing batch 663592c4-c376-4a4e-9e99-8b006228477e into model nwt
I1005 21:12:51.201982 27529216 cuckoo_watch.h:45] 338ms in ProcessBatch(lectures_batches/aaaaab.batch) [including 23ms in LoadMessage; 18ms in InitializeSparseNdw; 0ms in FindReuseThetaCacheEntry; 3ms in InitializeTheta; 0ms in CreateRegularizerAgents; 174ms in InferThetaAndUpdateNwtSparse; 0ms in UpdateCacheEntry; 6ms in CalculateScore(sparsity_theta_score); 105ms in CalculateScore(^^^ItemsProcessedScore^^^); ]
I1005 21:12:51.202515 2047873024 master_component.cc:1436] RegularizeModelArgs: rwt_target_name=rwt, pwt_source_name=pwt, nwt_source_name=nwt
I1005 21:12:51.202533 2047873024 master_component.cc:976] MasterComponent: start regularizing model pwt
I1005 21:12:51.225984 27529216 processor.cc:740] No data in processing queue, waiting...
I1005 21:12:51.375556 2047873024 master_component.cc:1002] MasterComponent: complete regularizing model pwt
I1005 21:12:51.375576 2047873024 master_component.cc:1449] NormalizeModelArgs: pwt_target_name=pwt, nwt_source_name=nwt, rwt_source_name=rwt
I1005 21:12:51.375583 2047873024 master_component.cc:1006] MasterComponent: start normalizing model nwt
I1005 21:12:51.445794 2047873024 master_component.cc:1034] MasterComponent: complete normalizing model nwt
I1005 21:12:51.486682 2047873024 master_component.cc:1473] DisposeModel rwt
I1005 21:12:51.508522 2047873024 master_component.cc:1059] FitOffline: ItemsProcessed, num_items=1728, num_batches=2, token_weight=808522, token_weight_in_effect=808522
I1005 21:12:51.508862 2047873024 c_interface.cc:389] Pass FitOfflineMasterModelArgs, batch_filename_size=2, batch_weight_size=2, num_collection_passes=1, reset_nwt=yes to MN4artm4core15MasterComponentEFvRKNS_25FitOfflineMasterModelArgsEE
I1005 21:12:51.508877 2047873024 master_component.cc:1398] ProcessBatchesArgs: nwt_target_name=nwt, batch_filename_size=2, batch_size=0, batch_weight_size=2, pwt_source_name=pwt, num_document_passes=1, regularizer=(name:SmoothSparsePhi_bcg, tau:10000), regularizer=(name:SmoothSparsePhi_sbj, tau:-1e+10), class=(author:1), class=(text:1), reuse_theta=yes, opt_for_avx=yes, predict_class_id=, reset_nwt=yes
I1005 21:12:51.526819 28602368 processor.cc:747] Processing queue has data, processing started
I1005 21:12:51.526819 26992640 processor.cc:747] Processing queue has data, processing started
I1005 21:12:51.540357 28602368 processor.cc:820] Processor: start processing batch 09732821-7fc5-4100-ae8e-9b5b43c08823 into model nwt
I1005 21:12:51.550958 26992640 processor.cc:820] Processor: start processing batch 663592c4-c376-4a4e-9e99-8b006228477e into model nwt
I1005 21:12:51.699631 28602368 processor.cc:925] Processor: complete processing batch 09732821-7fc5-4100-ae8e-9b5b43c08823 into model nwt
I1005 21:12:51.704772 28602368 cuckoo_watch.h:45] 177ms in ProcessBatch(lectures_batches/aaaaaa.batch) [including 13ms in LoadMessage; 7ms in InitializeSparseNdw; 0ms in FindReuseThetaCacheEntry; 8ms in InitializeTheta; 0ms in CreateRegularizerAgents; 86ms in InferThetaAndUpdateNwtSparse; 0ms in UpdateCacheEntry; 4ms in CalculateScore(sparsity_theta_score); 52ms in CalculateScore(^^^ItemsProcessedScore^^^); ]
I1005 21:12:51.727207 28602368 processor.cc:740] No data in processing queue, waiting...
I1005 21:12:51.867341 26992640 processor.cc:925] Processor: complete processing batch 663592c4-c376-4a4e-9e99-8b006228477e into model nwt
I1005 21:12:51.874840 26992640 cuckoo_watch.h:45] 347ms in ProcessBatch(lectures_batches/aaaaab.batch) [including 24ms in LoadMessage; 18ms in InitializeSparseNdw; 0ms in FindReuseThetaCacheEntry; 3ms in InitializeTheta; 0ms in CreateRegularizerAgents; 178ms in InferThetaAndUpdateNwtSparse; 0ms in UpdateCacheEntry; 5ms in CalculateScore(sparsity_theta_score); 109ms in CalculateScore(^^^ItemsProcessedScore^^^); ]
I1005 21:12:51.874914 2047873024 master_component.cc:1436] RegularizeModelArgs: rwt_target_name=rwt, pwt_source_name=pwt, nwt_source_name=nwt
I1005 21:12:51.874953 2047873024 master_component.cc:976] MasterComponent: start regularizing model pwt
I1005 21:12:51.898597 26992640 processor.cc:740] No data in processing queue, waiting...
I1005 21:12:52.040841 2047873024 master_component.cc:1002] MasterComponent: complete regularizing model pwt
I1005 21:12:52.040859 2047873024 master_component.cc:1449] NormalizeModelArgs: pwt_target_name=pwt, nwt_source_name=nwt, rwt_source_name=rwt
I1005 21:12:52.040866 2047873024 master_component.cc:1006] MasterComponent: start normalizing model nwt
I1005 21:12:52.100805 2047873024 master_component.cc:1034] MasterComponent: complete normalizing model nwt
I1005 21:12:52.135766 2047873024 master_component.cc:1473] DisposeModel rwt
I1005 21:12:52.161273 2047873024 master_component.cc:1059] FitOffline: ItemsProcessed, num_items=1728, num_batches=2, token_weight=808522, token_weight_in_effect=808522
I1005 21:12:52.161617 2047873024 c_interface.cc:389] Pass FitOfflineMasterModelArgs, batch_filename_size=2, batch_weight_size=2, num_collection_passes=1, reset_nwt=yes to MN4artm4core15MasterComponentEFvRKNS_25FitOfflineMasterModelArgsEE
I1005 21:12:52.161633 2047873024 master_component.cc:1398] ProcessBatchesArgs: nwt_target_name=nwt, batch_filename_size=2, batch_size=0, batch_weight_size=2, pwt_source_name=pwt, num_document_passes=1, regularizer=(name:SmoothSparsePhi_bcg, tau:10000), regularizer=(name:SmoothSparsePhi_sbj, tau:-1e+10), class=(author:1), class=(text:1), reuse_theta=yes, opt_for_avx=yes, predict_class_id=, reset_nwt=yes
I1005 21:12:52.182031 26456064 processor.cc:747] Processing queue has data, processing started
I1005 21:12:52.182021 25382912 processor.cc:747] Processing queue has data, processing started
I1005 21:12:52.195747 25382912 processor.cc:820] Processor: start processing batch 09732821-7fc5-4100-ae8e-9b5b43c08823 into model nwt
I1005 21:12:52.206724 26456064 processor.cc:820] Processor: start processing batch 663592c4-c376-4a4e-9e99-8b006228477e into model nwt
I1005 21:12:52.358090 25382912 processor.cc:925] Processor: complete processing batch 09732821-7fc5-4100-ae8e-9b5b43c08823 into model nwt
I1005 21:12:52.363183 25382912 cuckoo_watch.h:45] 181ms in ProcessBatch(lectures_batches/aaaaaa.batch) [including 13ms in LoadMessage; 8ms in InitializeSparseNdw; 0ms in FindReuseThetaCacheEntry; 8ms in InitializeTheta; 0ms in CreateRegularizerAgents; 88ms in InferThetaAndUpdateNwtSparse; 0ms in UpdateCacheEntry; 4ms in CalculateScore(sparsity_theta_score); 51ms in CalculateScore(^^^ItemsProcessedScore^^^); ]
I1005 21:12:52.386529 25382912 processor.cc:740] No data in processing queue, waiting...
I1005 21:12:52.519909 26456064 processor.cc:925] Processor: complete processing batch 663592c4-c376-4a4e-9e99-8b006228477e into model nwt
I1005 21:12:52.526546 26456064 cuckoo_watch.h:45] 344ms in ProcessBatch(lectures_batches/aaaaab.batch) [including 24ms in LoadMessage; 20ms in InitializeSparseNdw; 0ms in FindReuseThetaCacheEntry; 3ms in InitializeTheta; 0ms in CreateRegularizerAgents; 180ms in InferThetaAndUpdateNwtSparse; 0ms in UpdateCacheEntry; 5ms in CalculateScore(sparsity_theta_score); 102ms in CalculateScore(^^^ItemsProcessedScore^^^); ]
I1005 21:12:52.527292 2047873024 master_component.cc:1436] RegularizeModelArgs: rwt_target_name=rwt, pwt_source_name=pwt, nwt_source_name=nwt
I1005 21:12:52.527338 2047873024 master_component.cc:976] MasterComponent: start regularizing model pwt
I1005 21:12:52.550922 26456064 processor.cc:740] No data in processing queue, waiting...
I1005 21:12:52.695024 2047873024 master_component.cc:1002] MasterComponent: complete regularizing model pwt
I1005 21:12:52.695045 2047873024 master_component.cc:1449] NormalizeModelArgs: pwt_target_name=pwt, nwt_source_name=nwt, rwt_source_name=rwt
I1005 21:12:52.695053 2047873024 master_component.cc:1006] MasterComponent: start normalizing model nwt
I1005 21:12:52.766847 2047873024 master_component.cc:1034] MasterComponent: complete normalizing model nwt
I1005 21:12:52.808573 2047873024 master_component.cc:1473] DisposeModel rwt
I1005 21:12:52.831868 2047873024 master_component.cc:1059] FitOffline: ItemsProcessed, num_items=1728, num_batches=2, token_weight=808522, token_weight_in_effect=808522
I1005 21:12:52.832154 2047873024 c_interface.cc:389] Pass FitOfflineMasterModelArgs, batch_filename_size=2, batch_weight_size=2, num_collection_passes=1, reset_nwt=yes to MN4artm4core15MasterComponentEFvRKNS_25FitOfflineMasterModelArgsEE
I1005 21:12:52.832171 2047873024 master_component.cc:1398] ProcessBatchesArgs: nwt_target_name=nwt, batch_filename_size=2, batch_size=0, batch_weight_size=2, pwt_source_name=pwt, num_document_passes=1, regularizer=(name:SmoothSparsePhi_bcg, tau:10000), regularizer=(name:SmoothSparsePhi_sbj, tau:-1e+10), class=(author:1), class=(text:1), reuse_theta=yes, opt_for_avx=yes, predict_class_id=, reset_nwt=yes
I1005 21:12:52.852092 25919488 processor.cc:747] Processing queue has data, processing started
I1005 21:12:52.852102 27529216 processor.cc:747] Processing queue has data, processing started
I1005 21:12:52.865582 25919488 processor.cc:820] Processor: start processing batch 09732821-7fc5-4100-ae8e-9b5b43c08823 into model nwt
I1005 21:12:52.875617 27529216 processor.cc:820] Processor: start processing batch 663592c4-c376-4a4e-9e99-8b006228477e into model nwt
I1005 21:12:53.031281 25919488 processor.cc:925] Processor: complete processing batch 09732821-7fc5-4100-ae8e-9b5b43c08823 into model nwt
I1005 21:12:53.037287 25919488 cuckoo_watch.h:45] 185ms in ProcessBatch(lectures_batches/aaaaaa.batch) [including 13ms in LoadMessage; 7ms in InitializeSparseNdw; 0ms in FindReuseThetaCacheEntry; 8ms in InitializeTheta; 0ms in CreateRegularizerAgents; 90ms in InferThetaAndUpdateNwtSparse; 0ms in UpdateCacheEntry; 4ms in CalculateScore(sparsity_theta_score); 53ms in CalculateScore(^^^ItemsProcessedScore^^^); ]
I1005 21:12:53.061435 25919488 processor.cc:740] No data in processing queue, waiting...
I1005 21:12:53.200242 27529216 processor.cc:925] Processor: complete processing batch 663592c4-c376-4a4e-9e99-8b006228477e into model nwt
I1005 21:12:53.206547 27529216 cuckoo_watch.h:45] 354ms in ProcessBatch(lectures_batches/aaaaab.batch) [including 23ms in LoadMessage; 22ms in InitializeSparseNdw; 0ms in FindReuseThetaCacheEntry; 3ms in InitializeTheta; 0ms in CreateRegularizerAgents; 185ms in InferThetaAndUpdateNwtSparse; 0ms in UpdateCacheEntry; 5ms in CalculateScore(sparsity_theta_score); 106ms in CalculateScore(^^^ItemsProcessedScore^^^); ]
I1005 21:12:53.207387 2047873024 master_component.cc:1436] RegularizeModelArgs: rwt_target_name=rwt, pwt_source_name=pwt, nwt_source_name=nwt
I1005 21:12:53.207434 2047873024 master_component.cc:976] MasterComponent: start regularizing model pwt
I1005 21:12:53.230461 27529216 processor.cc:740] No data in processing queue, waiting...
I1005 21:12:53.369802 2047873024 master_component.cc:1002] MasterComponent: complete regularizing model pwt
I1005 21:12:53.369822 2047873024 master_component.cc:1449] NormalizeModelArgs: pwt_target_name=pwt, nwt_source_name=nwt, rwt_source_name=rwt
I1005 21:12:53.369828 2047873024 master_component.cc:1006] MasterComponent: start normalizing model nwt
I1005 21:12:53.440713 2047873024 master_component.cc:1034] MasterComponent: complete normalizing model nwt
I1005 21:12:53.488742 2047873024 master_component.cc:1473] DisposeModel rwt
I1005 21:12:53.510272 2047873024 master_component.cc:1059] FitOffline: ItemsProcessed, num_items=1728, num_batches=2, token_weight=808522, token_weight_in_effect=808522
I1005 21:12:53.510535 2047873024 c_interface.cc:389] Pass FitOfflineMasterModelArgs, batch_filename_size=2, batch_weight_size=2, num_collection_passes=1, reset_nwt=yes to MN4artm4core15MasterComponentEFvRKNS_25FitOfflineMasterModelArgsEE
I1005 21:12:53.510633 2047873024 master_component.cc:1398] ProcessBatchesArgs: nwt_target_name=nwt, batch_filename_size=2, batch_size=0, batch_weight_size=2, pwt_source_name=pwt, num_document_passes=1, regularizer=(name:SmoothSparsePhi_bcg, tau:10000), regularizer=(name:SmoothSparsePhi_sbj, tau:-1e+10), class=(author:1), class=(text:1), reuse_theta=yes, opt_for_avx=yes, predict_class_id=, reset_nwt=yes
I1005 21:12:53.530834 28065792 processor.cc:747] Processing queue has data, processing started
I1005 21:12:53.530834 28602368 processor.cc:747] Processing queue has data, processing started
I1005 21:12:53.544183 28065792 processor.cc:820] Processor: start processing batch 09732821-7fc5-4100-ae8e-9b5b43c08823 into model nwt
I1005 21:12:53.555127 28602368 processor.cc:820] Processor: start processing batch 663592c4-c376-4a4e-9e99-8b006228477e into model nwt
I1005 21:12:53.700381 28065792 processor.cc:925] Processor: complete processing batch 09732821-7fc5-4100-ae8e-9b5b43c08823 into model nwt
I1005 21:12:53.705276 28065792 cuckoo_watch.h:45] 174ms in ProcessBatch(lectures_batches/aaaaaa.batch) [including 13ms in LoadMessage; 7ms in InitializeSparseNdw; 0ms in FindReuseThetaCacheEntry; 8ms in InitializeTheta; 0ms in CreateRegularizerAgents; 85ms in InferThetaAndUpdateNwtSparse; 0ms in UpdateCacheEntry; 3ms in CalculateScore(sparsity_theta_score); 50ms in CalculateScore(^^^ItemsProcessedScore^^^); ]
I1005 21:12:53.729333 28065792 processor.cc:740] No data in processing queue, waiting...
I1005 21:12:53.868026 28602368 processor.cc:925] Processor: complete processing batch 663592c4-c376-4a4e-9e99-8b006228477e into model nwt
I1005 21:12:53.874740 28602368 cuckoo_watch.h:45] 343ms in ProcessBatch(lectures_batches/aaaaab.batch) [including 24ms in LoadMessage; 19ms in InitializeSparseNdw; 0ms in FindReuseThetaCacheEntry; 3ms in InitializeTheta; 0ms in CreateRegularizerAgents; 181ms in InferThetaAndUpdateNwtSparse; 0ms in UpdateCacheEntry; 5ms in CalculateScore(sparsity_theta_score); 101ms in CalculateScore(^^^ItemsProcessedScore^^^); ]
I1005 21:12:53.875955 2047873024 master_component.cc:1436] RegularizeModelArgs: rwt_target_name=rwt, pwt_source_name=pwt, nwt_source_name=nwt
I1005 21:12:53.875994 2047873024 master_component.cc:976] MasterComponent: start regularizing model pwt
I1005 21:12:53.898833 28602368 processor.cc:740] No data in processing queue, waiting...
I1005 21:12:54.043902 2047873024 master_component.cc:1002] MasterComponent: complete regularizing model pwt
I1005 21:12:54.043923 2047873024 master_component.cc:1449] NormalizeModelArgs: pwt_target_name=pwt, nwt_source_name=nwt, rwt_source_name=rwt
I1005 21:12:54.043931 2047873024 master_component.cc:1006] MasterComponent: start normalizing model nwt
I1005 21:12:54.113368 2047873024 master_component.cc:1034] MasterComponent: complete normalizing model nwt
I1005 21:12:54.150346 2047873024 master_component.cc:1473] DisposeModel rwt
I1005 21:12:54.169908 2047873024 master_component.cc:1059] FitOffline: ItemsProcessed, num_items=1728, num_batches=2, token_weight=808522, token_weight_in_effect=808522
I1005 21:12:54.170159 2047873024 c_interface.cc:389] Pass FitOfflineMasterModelArgs, batch_filename_size=2, batch_weight_size=2, num_collection_passes=1, reset_nwt=yes to MN4artm4core15MasterComponentEFvRKNS_25FitOfflineMasterModelArgsEE
I1005 21:12:54.170173 2047873024 master_component.cc:1398] ProcessBatchesArgs: nwt_target_name=nwt, batch_filename_size=2, batch_size=0, batch_weight_size=2, pwt_source_name=pwt, num_document_passes=1, regularizer=(name:SmoothSparsePhi_bcg, tau:10000), regularizer=(name:SmoothSparsePhi_sbj, tau:-1e+10), class=(author:1), class=(text:1), reuse_theta=yes, opt_for_avx=yes, predict_class_id=, reset_nwt=yes
I1005 21:12:54.189954 26456064 processor.cc:747] Processing queue has data, processing started
I1005 21:12:54.189993 27529216 processor.cc:747] Processing queue has data, processing started
I1005 21:12:54.204788 26456064 processor.cc:820] Processor: start processing batch 09732821-7fc5-4100-ae8e-9b5b43c08823 into model nwt
I1005 21:12:54.216182 27529216 processor.cc:820] Processor: start processing batch 663592c4-c376-4a4e-9e99-8b006228477e into model nwt
I1005 21:12:54.366724 26456064 processor.cc:925] Processor: complete processing batch 09732821-7fc5-4100-ae8e-9b5b43c08823 into model nwt
I1005 21:12:54.371181 26456064 cuckoo_watch.h:45] 181ms in ProcessBatch(lectures_batches/aaaaaa.batch) [including 14ms in LoadMessage; 8ms in InitializeSparseNdw; 0ms in FindReuseThetaCacheEntry; 8ms in InitializeTheta; 0ms in CreateRegularizerAgents; 88ms in InferThetaAndUpdateNwtSparse; 0ms in UpdateCacheEntry; 3ms in CalculateScore(sparsity_theta_score); 51ms in CalculateScore(^^^ItemsProcessedScore^^^); ]
I1005 21:12:54.394865 26456064 processor.cc:740] No data in processing queue, waiting...
I1005 21:12:54.540200 27529216 processor.cc:925] Processor: complete processing batch 663592c4-c376-4a4e-9e99-8b006228477e into model nwt
I1005 21:12:54.548979 27529216 cuckoo_watch.h:45] 358ms in ProcessBatch(lectures_batches/aaaaab.batch) [including 26ms in LoadMessage; 20ms in InitializeSparseNdw; 0ms in FindReuseThetaCacheEntry; 4ms in InitializeTheta; 0ms in CreateRegularizerAgents; 185ms in InferThetaAndUpdateNwtSparse; 0ms in UpdateCacheEntry; 5ms in CalculateScore(sparsity_theta_score); 107ms in CalculateScore(^^^ItemsProcessedScore^^^); ]
I1005 21:12:54.549535 2047873024 master_component.cc:1436] RegularizeModelArgs: rwt_target_name=rwt, pwt_source_name=pwt, nwt_source_name=nwt
I1005 21:12:54.549582 2047873024 master_component.cc:976] MasterComponent: start regularizing model pwt
I1005 21:12:54.573354 27529216 processor.cc:740] No data in processing queue, waiting...
I1005 21:12:54.720309 2047873024 master_component.cc:1002] MasterComponent: complete regularizing model pwt
I1005 21:12:54.720330 2047873024 master_component.cc:1449] NormalizeModelArgs: pwt_target_name=pwt, nwt_source_name=nwt, rwt_source_name=rwt
I1005 21:12:54.720337 2047873024 master_component.cc:1006] MasterComponent: start normalizing model nwt
I1005 21:12:54.790060 2047873024 master_component.cc:1034] MasterComponent: complete normalizing model nwt
I1005 21:12:54.829968 2047873024 master_component.cc:1473] DisposeModel rwt
I1005 21:12:54.851078 2047873024 master_component.cc:1059] FitOffline: ItemsProcessed, num_items=1728, num_batches=2, token_weight=808522, token_weight_in_effect=808522
I1005 21:12:54.851342 2047873024 c_interface.cc:389] Pass FitOfflineMasterModelArgs, batch_filename_size=2, batch_weight_size=2, num_collection_passes=1, reset_nwt=yes to MN4artm4core15MasterComponentEFvRKNS_25FitOfflineMasterModelArgsEE
I1005 21:12:54.851357 2047873024 master_component.cc:1398] ProcessBatchesArgs: nwt_target_name=nwt, batch_filename_size=2, batch_size=0, batch_weight_size=2, pwt_source_name=pwt, num_document_passes=1, regularizer=(name:SmoothSparsePhi_bcg, tau:10000), regularizer=(name:SmoothSparsePhi_sbj, tau:-1e+10), class=(author:1), class=(text:1), reuse_theta=yes, opt_for_avx=yes, predict_class_id=, reset_nwt=yes
I1005 21:12:54.871965 25919488 processor.cc:747] Processing queue has data, processing started
I1005 21:12:54.871965 26992640 processor.cc:747] Processing queue has data, processing started
I1005 21:12:54.886605 26992640 processor.cc:820] Processor: start processing batch 09732821-7fc5-4100-ae8e-9b5b43c08823 into model nwt
I1005 21:12:54.897560 25919488 processor.cc:820] Processor: start processing batch 663592c4-c376-4a4e-9e99-8b006228477e into model nwt
I1005 21:12:55.039222 26992640 processor.cc:925] Processor: complete processing batch 09732821-7fc5-4100-ae8e-9b5b43c08823 into model nwt
I1005 21:12:55.044315 26992640 cuckoo_watch.h:45] 172ms in ProcessBatch(lectures_batches/aaaaaa.batch) [including 14ms in LoadMessage; 8ms in InitializeSparseNdw; 0ms in FindReuseThetaCacheEntry; 7ms in InitializeTheta; 0ms in CreateRegularizerAgents; 85ms in InferThetaAndUpdateNwtSparse; 0ms in UpdateCacheEntry; 3ms in CalculateScore(sparsity_theta_score); 47ms in CalculateScore(^^^ItemsProcessedScore^^^); ]
I1005 21:12:55.068295 26992640 processor.cc:740] No data in processing queue, waiting...
I1005 21:12:55.193769 25919488 processor.cc:925] Processor: complete processing batch 663592c4-c376-4a4e-9e99-8b006228477e into model nwt
I1005 21:12:55.200013 25919488 cuckoo_watch.h:45] 327ms in ProcessBatch(lectures_batches/aaaaab.batch) [including 25ms in LoadMessage; 18ms in InitializeSparseNdw; 0ms in FindReuseThetaCacheEntry; 3ms in InitializeTheta; 0ms in CreateRegularizerAgents; 171ms in InferThetaAndUpdateNwtSparse; 0ms in UpdateCacheEntry; 4ms in CalculateScore(sparsity_theta_score); 97ms in CalculateScore(^^^ItemsProcessedScore^^^); ]
I1005 21:12:55.200718 2047873024 master_component.cc:1436] RegularizeModelArgs: rwt_target_name=rwt, pwt_source_name=pwt, nwt_source_name=nwt
I1005 21:12:55.200752 2047873024 master_component.cc:976] MasterComponent: start regularizing model pwt
I1005 21:12:55.223729 25919488 processor.cc:740] No data in processing queue, waiting...
I1005 21:12:55.372273 2047873024 master_component.cc:1002] MasterComponent: complete regularizing model pwt
I1005 21:12:55.372293 2047873024 master_component.cc:1449] NormalizeModelArgs: pwt_target_name=pwt, nwt_source_name=nwt, rwt_source_name=rwt
I1005 21:12:55.372299 2047873024 master_component.cc:1006] MasterComponent: start normalizing model nwt
I1005 21:12:55.440742 2047873024 master_component.cc:1034] MasterComponent: complete normalizing model nwt
I1005 21:12:55.478147 2047873024 master_component.cc:1473] DisposeModel rwt
I1005 21:12:55.500998 2047873024 master_component.cc:1059] FitOffline: ItemsProcessed, num_items=1728, num_batches=2, token_weight=808522, token_weight_in_effect=808522
I1005 21:12:55.501334 2047873024 c_interface.cc:389] Pass FitOfflineMasterModelArgs, batch_filename_size=2, batch_weight_size=2, num_collection_passes=1, reset_nwt=yes to MN4artm4core15MasterComponentEFvRKNS_25FitOfflineMasterModelArgsEE
I1005 21:12:55.501355 2047873024 master_component.cc:1398] ProcessBatchesArgs: nwt_target_name=nwt, batch_filename_size=2, batch_size=0, batch_weight_size=2, pwt_source_name=pwt, num_document_passes=1, regularizer=(name:SmoothSparsePhi_bcg, tau:10000), regularizer=(name:SmoothSparsePhi_sbj, tau:-1e+10), class=(author:1), class=(text:1), reuse_theta=yes, opt_for_avx=yes, predict_class_id=, reset_nwt=yes
I1005 21:12:55.520462 25919488 processor.cc:747] Processing queue has data, processing started
I1005 21:12:55.520473 26456064 processor.cc:747] Processing queue has data, processing started
I1005 21:12:55.533874 25919488 processor.cc:820] Processor: start processing batch 09732821-7fc5-4100-ae8e-9b5b43c08823 into model nwt
I1005 21:12:55.544095 26456064 processor.cc:820] Processor: start processing batch 663592c4-c376-4a4e-9e99-8b006228477e into model nwt
I1005 21:12:55.683183 25919488 processor.cc:925] Processor: complete processing batch 09732821-7fc5-4100-ae8e-9b5b43c08823 into model nwt
I1005 21:12:55.687511 25919488 cuckoo_watch.h:45] 167ms in ProcessBatch(lectures_batches/aaaaaa.batch) [including 13ms in LoadMessage; 7ms in InitializeSparseNdw; 0ms in FindReuseThetaCacheEntry; 7ms in InitializeTheta; 0ms in CreateRegularizerAgents; 82ms in InferThetaAndUpdateNwtSparse; 0ms in UpdateCacheEntry; 3ms in CalculateScore(sparsity_theta_score); 47ms in CalculateScore(^^^ItemsProcessedScore^^^); ]
I1005 21:12:55.711638 25919488 processor.cc:740] No data in processing queue, waiting...
I1005 21:12:55.843078 26456064 processor.cc:925] Processor: complete processing batch 663592c4-c376-4a4e-9e99-8b006228477e into model nwt
I1005 21:12:55.850034 26456064 cuckoo_watch.h:45] 329ms in ProcessBatch(lectures_batches/aaaaab.batch) [including 23ms in LoadMessage; 18ms in InitializeSparseNdw; 0ms in FindReuseThetaCacheEntry; 3ms in InitializeTheta; 0ms in CreateRegularizerAgents; 168ms in InferThetaAndUpdateNwtSparse; 0ms in UpdateCacheEntry; 5ms in CalculateScore(sparsity_theta_score); 102ms in CalculateScore(^^^ItemsProcessedScore^^^); ]
I1005 21:12:55.851416 2047873024 master_component.cc:1436] RegularizeModelArgs: rwt_target_name=rwt, pwt_source_name=pwt, nwt_source_name=nwt
I1005 21:12:55.851475 2047873024 master_component.cc:976] MasterComponent: start regularizing model pwt
I1005 21:12:55.874209 26456064 processor.cc:740] No data in processing queue, waiting...
I1005 21:12:56.021332 2047873024 master_component.cc:1002] MasterComponent: complete regularizing model pwt
I1005 21:12:56.021353 2047873024 master_component.cc:1449] NormalizeModelArgs: pwt_target_name=pwt, nwt_source_name=nwt, rwt_source_name=rwt
I1005 21:12:56.021360 2047873024 master_component.cc:1006] MasterComponent: start normalizing model nwt
I1005 21:12:56.083735 2047873024 master_component.cc:1034] MasterComponent: complete normalizing model nwt
I1005 21:12:56.122483 2047873024 master_component.cc:1473] DisposeModel rwt
I1005 21:12:56.142298 2047873024 master_component.cc:1059] FitOffline: ItemsProcessed, num_items=1728, num_batches=2, token_weight=808522, token_weight_in_effect=808522
I1005 21:12:56.142549 2047873024 c_interface.cc:389] Pass FitOfflineMasterModelArgs, batch_filename_size=2, batch_weight_size=2, num_collection_passes=1, reset_nwt=yes to MN4artm4core15MasterComponentEFvRKNS_25FitOfflineMasterModelArgsEE
I1005 21:12:56.142563 2047873024 master_component.cc:1398] ProcessBatchesArgs: nwt_target_name=nwt, batch_filename_size=2, batch_size=0, batch_weight_size=2, pwt_source_name=pwt, num_document_passes=1, regularizer=(name:SmoothSparsePhi_bcg, tau:10000), regularizer=(name:SmoothSparsePhi_sbj, tau:-1e+10), class=(author:1), class=(text:1), reuse_theta=yes, opt_for_avx=yes, predict_class_id=, reset_nwt=yes
I1005 21:12:56.160573 29138944 processor.cc:747] Processing queue has data, processing started
I1005 21:12:56.160573 25382912 processor.cc:747] Processing queue has data, processing started
I1005 21:12:56.174507 25382912 processor.cc:820] Processor: start processing batch 09732821-7fc5-4100-ae8e-9b5b43c08823 into model nwt
I1005 21:12:56.185663 29138944 processor.cc:820] Processor: start processing batch 663592c4-c376-4a4e-9e99-8b006228477e into model nwt
I1005 21:12:56.337330 25382912 processor.cc:925] Processor: complete processing batch 09732821-7fc5-4100-ae8e-9b5b43c08823 into model nwt
I1005 21:12:56.343442 25382912 cuckoo_watch.h:45] 182ms in ProcessBatch(lectures_batches/aaaaaa.batch) [including 13ms in LoadMessage; 8ms in InitializeSparseNdw; 0ms in FindReuseThetaCacheEntry; 8ms in InitializeTheta; 0ms in CreateRegularizerAgents; 90ms in InferThetaAndUpdateNwtSparse; 0ms in UpdateCacheEntry; 5ms in CalculateScore(sparsity_theta_score); 50ms in CalculateScore(^^^ItemsProcessedScore^^^); ]
I1005 21:12:56.367650 25382912 processor.cc:740] No data in processing queue, waiting...
I1005 21:12:56.514849 29138944 processor.cc:925] Processor: complete processing batch 663592c4-c376-4a4e-9e99-8b006228477e into model nwt
I1005 21:12:56.522430 29138944 cuckoo_watch.h:45] 361ms in ProcessBatch(lectures_batches/aaaaab.batch) [including 25ms in LoadMessage; 19ms in InitializeSparseNdw; 0ms in FindReuseThetaCacheEntry; 3ms in InitializeTheta; 0ms in CreateRegularizerAgents; 187ms in InferThetaAndUpdateNwtSparse; 0ms in UpdateCacheEntry; 6ms in CalculateScore(sparsity_theta_score); 111ms in CalculateScore(^^^ItemsProcessedScore^^^); ]
I1005 21:12:56.523711 2047873024 master_component.cc:1436] RegularizeModelArgs: rwt_target_name=rwt, pwt_source_name=pwt, nwt_source_name=nwt
I1005 21:12:56.523766 2047873024 master_component.cc:976] MasterComponent: start regularizing model pwt
I1005 21:12:56.546483 29138944 processor.cc:740] No data in processing queue, waiting...
I1005 21:12:56.687444 2047873024 master_component.cc:1002] MasterComponent: complete regularizing model pwt
I1005 21:12:56.687463 2047873024 master_component.cc:1449] NormalizeModelArgs: pwt_target_name=pwt, nwt_source_name=nwt, rwt_source_name=rwt
I1005 21:12:56.687470 2047873024 master_component.cc:1006] MasterComponent: start normalizing model nwt
I1005 21:12:56.756577 2047873024 master_component.cc:1034] MasterComponent: complete normalizing model nwt
I1005 21:12:56.794241 2047873024 master_component.cc:1473] DisposeModel rwt
I1005 21:12:56.819692 2047873024 master_component.cc:1059] FitOffline: ItemsProcessed, num_items=1728, num_batches=2, token_weight=808522, token_weight_in_effect=808522
I1005 21:12:56.819954 2047873024 c_interface.cc:389] Pass FitOfflineMasterModelArgs, batch_filename_size=2, batch_weight_size=2, num_collection_passes=1, reset_nwt=yes to MN4artm4core15MasterComponentEFvRKNS_25FitOfflineMasterModelArgsEE
I1005 21:12:56.819969 2047873024 master_component.cc:1398] ProcessBatchesArgs: nwt_target_name=nwt, batch_filename_size=2, batch_size=0, batch_weight_size=2, pwt_source_name=pwt, num_document_passes=1, regularizer=(name:SmoothSparsePhi_bcg, tau:10000), regularizer=(name:SmoothSparsePhi_sbj, tau:-1e+10), class=(author:1), class=(text:1), reuse_theta=yes, opt_for_avx=yes, predict_class_id=, reset_nwt=yes
I1005 21:12:56.841137 26456064 processor.cc:747] Processing queue has data, processing started
I1005 21:12:56.841172 25919488 processor.cc:747] Processing queue has data, processing started
I1005 21:12:56.855893 26456064 processor.cc:820] Processor: start processing batch 09732821-7fc5-4100-ae8e-9b5b43c08823 into model nwt
I1005 21:12:56.866102 25919488 processor.cc:820] Processor: start processing batch 663592c4-c376-4a4e-9e99-8b006228477e into model nwt
I1005 21:12:57.014870 26456064 processor.cc:925] Processor: complete processing batch 09732821-7fc5-4100-ae8e-9b5b43c08823 into model nwt
I1005 21:12:57.020634 26456064 cuckoo_watch.h:45] 179ms in ProcessBatch(lectures_batches/aaaaaa.batch) [including 14ms in LoadMessage; 8ms in InitializeSparseNdw; 0ms in FindReuseThetaCacheEntry; 7ms in InitializeTheta; 0ms in CreateRegularizerAgents; 88ms in InferThetaAndUpdateNwtSparse; 0ms in UpdateCacheEntry; 3ms in CalculateScore(sparsity_theta_score); 50ms in CalculateScore(^^^ItemsProcessedScore^^^); ]
I1005 21:12:57.044802 26456064 processor.cc:740] No data in processing queue, waiting...
I1005 21:12:57.182616 25919488 processor.cc:925] Processor: complete processing batch 663592c4-c376-4a4e-9e99-8b006228477e into model nwt
I1005 21:12:57.190006 25919488 cuckoo_watch.h:45] 348ms in ProcessBatch(lectures_batches/aaaaab.batch) [including 24ms in LoadMessage; 19ms in InitializeSparseNdw; 0ms in FindReuseThetaCacheEntry; 5ms in InitializeTheta; 0ms in CreateRegularizerAgents; 182ms in InferThetaAndUpdateNwtSparse; 0ms in UpdateCacheEntry; 4ms in CalculateScore(sparsity_theta_score); 103ms in CalculateScore(^^^ItemsProcessedScore^^^); ]
I1005 21:12:57.190359 2047873024 master_component.cc:1436] RegularizeModelArgs: rwt_target_name=rwt, pwt_source_name=pwt, nwt_source_name=nwt
I1005 21:12:57.190394 2047873024 master_component.cc:976] MasterComponent: start regularizing model pwt
I1005 21:12:57.214176 25919488 processor.cc:740] No data in processing queue, waiting...
I1005 21:12:57.360417 2047873024 master_component.cc:1002] MasterComponent: complete regularizing model pwt
I1005 21:12:57.360440 2047873024 master_component.cc:1449] NormalizeModelArgs: pwt_target_name=pwt, nwt_source_name=nwt, rwt_source_name=rwt
I1005 21:12:57.360446 2047873024 master_component.cc:1006] MasterComponent: start normalizing model nwt
I1005 21:12:57.430837 2047873024 master_component.cc:1034] MasterComponent: complete normalizing model nwt
I1005 21:12:57.469681 2047873024 master_component.cc:1473] DisposeModel rwt
I1005 21:12:57.492296 2047873024 master_component.cc:1059] FitOffline: ItemsProcessed, num_items=1728, num_batches=2, token_weight=808522, token_weight_in_effect=808522
I1005 21:12:57.492602 2047873024 c_interface.cc:389] Pass FitOfflineMasterModelArgs, batch_filename_size=2, batch_weight_size=2, num_collection_passes=1, reset_nwt=yes to MN4artm4core15MasterComponentEFvRKNS_25FitOfflineMasterModelArgsEE
I1005 21:12:57.492617 2047873024 master_component.cc:1398] ProcessBatchesArgs: nwt_target_name=nwt, batch_filename_size=2, batch_size=0, batch_weight_size=2, pwt_source_name=pwt, num_document_passes=1, regularizer=(name:SmoothSparsePhi_bcg, tau:10000), regularizer=(name:SmoothSparsePhi_sbj, tau:-1e+10), class=(author:1), class=(text:1), reuse_theta=yes, opt_for_avx=yes, predict_class_id=, reset_nwt=yes
I1005 21:12:57.511181 25382912 processor.cc:747] Processing queue has data, processing started
I1005 21:12:57.511191 29138944 processor.cc:747] Processing queue has data, processing started
I1005 21:12:57.524950 25382912 processor.cc:820] Processor: start processing batch 09732821-7fc5-4100-ae8e-9b5b43c08823 into model nwt
I1005 21:12:57.535293 29138944 processor.cc:820] Processor: start processing batch 663592c4-c376-4a4e-9e99-8b006228477e into model nwt
I1005 21:12:57.675181 25382912 processor.cc:925] Processor: complete processing batch 09732821-7fc5-4100-ae8e-9b5b43c08823 into model nwt
I1005 21:12:57.680207 25382912 cuckoo_watch.h:45] 168ms in ProcessBatch(lectures_batches/aaaaaa.batch) [including 13ms in LoadMessage; 7ms in InitializeSparseNdw; 0ms in FindReuseThetaCacheEntry; 8ms in InitializeTheta; 0ms in CreateRegularizerAgents; 82ms in InferThetaAndUpdateNwtSparse; 0ms in UpdateCacheEntry; 3ms in CalculateScore(sparsity_theta_score); 47ms in CalculateScore(^^^ItemsProcessedScore^^^); ]
I1005 21:12:57.704031 25382912 processor.cc:740] No data in processing queue, waiting...
I1005 21:12:57.854657 29138944 processor.cc:925] Processor: complete processing batch 663592c4-c376-4a4e-9e99-8b006228477e into model nwt
I1005 21:12:57.862391 29138944 cuckoo_watch.h:45] 351ms in ProcessBatch(lectures_batches/aaaaab.batch) [including 24ms in LoadMessage; 18ms in InitializeSparseNdw; 0ms in FindReuseThetaCacheEntry; 3ms in InitializeTheta; 0ms in CreateRegularizerAgents; 178ms in InferThetaAndUpdateNwtSparse; 0ms in UpdateCacheEntry; 6ms in CalculateScore(sparsity_theta_score); 112ms in CalculateScore(^^^ItemsProcessedScore^^^); ]
