I1005 21:19:23.360299 25382912 cuckoo_watch.h:45] 355ms in ProcessBatch(lectures_batches/aaaaab.batch) [including 24ms in LoadMessage; 23ms in InitializeSparseNdw; 0ms in FindReuseThetaCacheEntry; 4ms in InitializeTheta; 0ms in CreateRegularizerAgents; 181ms in InferThetaAndUpdateNwtSparse; 0ms in UpdateCacheEntry; 5ms in CalculateScore(sparsity_theta_score); 110ms in CalculateScore(^^^ItemsProcessedScore^^^); ]
I1005 21:19:23.360306 2047873024 master_component.cc:976] MasterComponent: start regularizing model pwt
I1005 21:19:23.382508 25382912 processor.cc:740] No data in processing queue, waiting...
I1005 21:19:23.484956 2047873024 master_component.cc:1002] MasterComponent: complete regularizing model pwt
I1005 21:19:23.484978 2047873024 master_component.cc:1449] NormalizeModelArgs: pwt_target_name=pwt, nwt_source_name=nwt, rwt_source_name=rwt
I1005 21:19:23.484984 2047873024 master_component.cc:1006] MasterComponent: start normalizing model nwt
I1005 21:19:23.577342 2047873024 master_component.cc:1034] MasterComponent: complete normalizing model nwt
I1005 21:19:23.671350 2047873024 master_component.cc:1473] DisposeModel rwt
I1005 21:19:23.690425 2047873024 master_component.cc:1059] FitOffline: ItemsProcessed, num_items=1728, num_batches=2, token_weight=808522, token_weight_in_effect=808522
I1005 21:19:23.690659 2047873024 c_interface.cc:389] Pass FitOfflineMasterModelArgs, batch_filename_size=2, batch_weight_size=2, num_collection_passes=1, reset_nwt=yes to MN4artm4core15MasterComponentEFvRKNS_25FitOfflineMasterModelArgsEE
I1005 21:19:23.690670 2047873024 master_component.cc:1398] ProcessBatchesArgs: nwt_target_name=nwt, batch_filename_size=2, batch_size=0, batch_weight_size=2, pwt_source_name=pwt, num_document_passes=1, regularizer=(name:SmoothSparsePhi_bcg, tau:100000), class=(text:1), class=(author:1), reuse_theta=yes, opt_for_avx=yes, predict_class_id=, reset_nwt=yes
I1005 21:19:23.710081 24846336 processor.cc:747] Processing queue has data, processing started
I1005 21:19:23.710088 26992640 processor.cc:747] Processing queue has data, processing started
I1005 21:19:23.723691 24846336 processor.cc:820] Processor: start processing batch 9c23b95c-f346-4325-b42f-e1077d7eb167 into model nwt
I1005 21:19:23.735038 26992640 processor.cc:820] Processor: start processing batch b9d30a3d-854c-45de-99e2-a3024e15e2e9 into model nwt
I1005 21:19:23.906388 24846336 processor.cc:925] Processor: complete processing batch 9c23b95c-f346-4325-b42f-e1077d7eb167 into model nwt
I1005 21:19:23.916579 24846336 cuckoo_watch.h:45] 206ms in ProcessBatch(lectures_batches/aaaaaa.batch) [including 13ms in LoadMessage; 8ms in InitializeSparseNdw; 0ms in FindReuseThetaCacheEntry; 10ms in InitializeTheta; 0ms in CreateRegularizerAgents; 96ms in InferThetaAndUpdateNwtSparse; 0ms in UpdateCacheEntry; 3ms in CalculateScore(sparsity_theta_score); 63ms in CalculateScore(^^^ItemsProcessedScore^^^); ]
I1005 21:19:23.947315 24846336 processor.cc:740] No data in processing queue, waiting...
I1005 21:19:24.092288 26992640 processor.cc:925] Processor: complete processing batch b9d30a3d-854c-45de-99e2-a3024e15e2e9 into model nwt
I1005 21:19:24.099669 26992640 cuckoo_watch.h:45] 389ms in ProcessBatch(lectures_batches/aaaaab.batch) [including 24ms in LoadMessage; 22ms in InitializeSparseNdw; 0ms in FindReuseThetaCacheEntry; 4ms in InitializeTheta; 0ms in CreateRegularizerAgents; 208ms in InferThetaAndUpdateNwtSparse; 0ms in UpdateCacheEntry; 6ms in CalculateScore(sparsity_theta_score); 114ms in CalculateScore(^^^ItemsProcessedScore^^^); ]
I1005 21:19:24.100790 2047873024 master_component.cc:1436] RegularizeModelArgs: rwt_target_name=rwt, pwt_source_name=pwt, nwt_source_name=nwt
I1005 21:19:24.100824 2047873024 master_component.cc:976] MasterComponent: start regularizing model pwt
I1005 21:19:24.123401 26992640 processor.cc:740] No data in processing queue, waiting...
I1005 21:19:24.233722 2047873024 master_component.cc:1002] MasterComponent: complete regularizing model pwt
I1005 21:19:24.233743 2047873024 master_component.cc:1449] NormalizeModelArgs: pwt_target_name=pwt, nwt_source_name=nwt, rwt_source_name=rwt
I1005 21:19:24.233749 2047873024 master_component.cc:1006] MasterComponent: start normalizing model nwt
I1005 21:19:24.327617 2047873024 master_component.cc:1034] MasterComponent: complete normalizing model nwt
I1005 21:19:24.421639 2047873024 master_component.cc:1473] DisposeModel rwt
I1005 21:19:24.442647 2047873024 master_component.cc:1059] FitOffline: ItemsProcessed, num_items=1728, num_batches=2, token_weight=808522, token_weight_in_effect=808522
I1005 21:19:24.442945 2047873024 c_interface.cc:389] Pass FitOfflineMasterModelArgs, batch_filename_size=2, batch_weight_size=2, num_collection_passes=1, reset_nwt=yes to MN4artm4core15MasterComponentEFvRKNS_25FitOfflineMasterModelArgsEE
I1005 21:19:24.442961 2047873024 master_component.cc:1398] ProcessBatchesArgs: nwt_target_name=nwt, batch_filename_size=2, batch_size=0, batch_weight_size=2, pwt_source_name=pwt, num_document_passes=1, regularizer=(name:SmoothSparsePhi_bcg, tau:100000), class=(text:1), class=(author:1), reuse_theta=yes, opt_for_avx=yes, predict_class_id=, reset_nwt=yes
I1005 21:19:24.463793 24309760 processor.cc:747] Processing queue has data, processing started
I1005 21:19:24.463805 23773184 processor.cc:747] Processing queue has data, processing started
I1005 21:19:24.478574 24309760 processor.cc:820] Processor: start processing batch 9c23b95c-f346-4325-b42f-e1077d7eb167 into model nwt
I1005 21:19:24.489303 23773184 processor.cc:820] Processor: start processing batch b9d30a3d-854c-45de-99e2-a3024e15e2e9 into model nwt
I1005 21:19:24.656134 24309760 processor.cc:925] Processor: complete processing batch 9c23b95c-f346-4325-b42f-e1077d7eb167 into model nwt
I1005 21:19:24.660908 24309760 cuckoo_watch.h:45] 197ms in ProcessBatch(lectures_batches/aaaaaa.batch) [including 14ms in LoadMessage; 8ms in InitializeSparseNdw; 0ms in FindReuseThetaCacheEntry; 9ms in InitializeTheta; 0ms in CreateRegularizerAgents; 91ms in InferThetaAndUpdateNwtSparse; 0ms in UpdateCacheEntry; 7ms in CalculateScore(sparsity_theta_score); 59ms in CalculateScore(^^^ItemsProcessedScore^^^); ]
I1005 21:19:24.684897 24309760 processor.cc:740] No data in processing queue, waiting...
I1005 21:19:24.814662 23773184 processor.cc:925] Processor: complete processing batch b9d30a3d-854c-45de-99e2-a3024e15e2e9 into model nwt
I1005 21:19:24.821998 23773184 cuckoo_watch.h:45] 358ms in ProcessBatch(lectures_batches/aaaaab.batch) [including 25ms in LoadMessage; 21ms in InitializeSparseNdw; 0ms in FindReuseThetaCacheEntry; 4ms in InitializeTheta; 0ms in CreateRegularizerAgents; 188ms in InferThetaAndUpdateNwtSparse; 0ms in UpdateCacheEntry; 6ms in CalculateScore(sparsity_theta_score); 104ms in CalculateScore(^^^ItemsProcessedScore^^^); ]
I1005 21:19:24.823094 2047873024 master_component.cc:1436] RegularizeModelArgs: rwt_target_name=rwt, pwt_source_name=pwt, nwt_source_name=nwt
I1005 21:19:24.823127 2047873024 master_component.cc:976] MasterComponent: start regularizing model pwt
I1005 21:19:24.845804 23773184 processor.cc:740] No data in processing queue, waiting...
I1005 21:19:24.947242 2047873024 master_component.cc:1002] MasterComponent: complete regularizing model pwt
I1005 21:19:24.947264 2047873024 master_component.cc:1449] NormalizeModelArgs: pwt_target_name=pwt, nwt_source_name=nwt, rwt_source_name=rwt
I1005 21:19:24.947271 2047873024 master_component.cc:1006] MasterComponent: start normalizing model nwt
I1005 21:19:25.039448 2047873024 master_component.cc:1034] MasterComponent: complete normalizing model nwt
I1005 21:19:25.128080 2047873024 master_component.cc:1473] DisposeModel rwt
I1005 21:19:25.146041 2047873024 master_component.cc:1059] FitOffline: ItemsProcessed, num_items=1728, num_batches=2, token_weight=808522, token_weight_in_effect=808522
I1005 21:19:29.530815 2047873024 c_interface.cc:231] ArtmCopyRequestedMessage is copying 1271 bytes...
I1005 21:19:29.550544 2047873024 c_interface.cc:231] ArtmCopyRequestedMessage is copying 1230 bytes...
I1005 21:19:29.557052 2047873024 c_interface.cc:231] ArtmCopyRequestedMessage is copying 1271 bytes...
I1005 21:19:29.559126 2047873024 c_interface.cc:231] ArtmCopyRequestedMessage is copying 1230 bytes...
I1005 21:19:35.650804 2047873024 c_interface.cc:389] Pass MasterModelConfig: topic_name_size=30, class=(text:1), class=(author:1), score_config_size=6, num_processors=0, pwt_name=pwt, nwt_name=nwt, num_document_passes=1, regularizer=(SmoothSparsePhi_bcg:100000), regularizer=(SmoothSparsePhi_sbj:-100000), reuse_theta=yes, cache_theta=yes, opt_for_avx=yes, disk_cache_path= to MN4artm4core15MasterComponentEFvRKNS_17MasterModelConfigEE
I1005 21:19:35.650830 2047873024 instance.cc:401] MasterModelConfig.processors_count is automatically set to 8
I1005 21:19:35.650879 2047873024 instance.cc:232] Regularizer 'SmoothSparsePhi_bcg' was cold-reconfigured
I1005 21:19:35.650893 2047873024 instance.cc:232] Regularizer 'SmoothSparsePhi_sbj' was cold-reconfigured
I1005 21:19:42.457736 2047873024 c_interface.cc:389] Pass FitOfflineMasterModelArgs, batch_filename_size=2, batch_weight_size=2, num_collection_passes=1, reset_nwt=yes to MN4artm4core15MasterComponentEFvRKNS_25FitOfflineMasterModelArgsEE
I1005 21:19:42.457757 2047873024 master_component.cc:1398] ProcessBatchesArgs: nwt_target_name=nwt, batch_filename_size=2, batch_size=0, batch_weight_size=2, pwt_source_name=pwt, num_document_passes=1, regularizer=(name:SmoothSparsePhi_bcg, tau:100000), regularizer=(name:SmoothSparsePhi_sbj, tau:-100000), class=(text:1), class=(author:1), reuse_theta=yes, opt_for_avx=yes, predict_class_id=, reset_nwt=yes
I1005 21:19:42.475064 26992640 processor.cc:747] Processing queue has data, processing started
I1005 21:19:42.476184 24309760 processor.cc:747] Processing queue has data, processing started
I1005 21:19:42.492683 26992640 processor.cc:820] Processor: start processing batch 9c23b95c-f346-4325-b42f-e1077d7eb167 into model nwt
I1005 21:19:42.503732 24309760 processor.cc:820] Processor: start processing batch b9d30a3d-854c-45de-99e2-a3024e15e2e9 into model nwt
I1005 21:19:42.661298 26992640 processor.cc:925] Processor: complete processing batch 9c23b95c-f346-4325-b42f-e1077d7eb167 into model nwt
I1005 21:19:42.667388 26992640 cuckoo_watch.h:45] 192ms in ProcessBatch(lectures_batches/aaaaaa.batch) [including 17ms in LoadMessage; 8ms in InitializeSparseNdw; 0ms in FindReuseThetaCacheEntry; 8ms in InitializeTheta; 0ms in CreateRegularizerAgents; 93ms in InferThetaAndUpdateNwtSparse; 0ms in UpdateCacheEntry; 4ms in CalculateScore(sparsity_theta_score); 53ms in CalculateScore(^^^ItemsProcessedScore^^^); ]
I1005 21:19:42.691797 26992640 processor.cc:740] No data in processing queue, waiting...
I1005 21:19:42.824575 24309760 processor.cc:925] Processor: complete processing batch b9d30a3d-854c-45de-99e2-a3024e15e2e9 into model nwt
I1005 21:19:42.831568 24309760 cuckoo_watch.h:45] 355ms in ProcessBatch(lectures_batches/aaaaab.batch) [including 27ms in LoadMessage; 24ms in InitializeSparseNdw; 0ms in FindReuseThetaCacheEntry; 4ms in InitializeTheta; 0ms in CreateRegularizerAgents; 181ms in InferThetaAndUpdateNwtSparse; 0ms in UpdateCacheEntry; 6ms in CalculateScore(sparsity_theta_score); 104ms in CalculateScore(^^^ItemsProcessedScore^^^); ]
I1005 21:19:42.832774 2047873024 master_component.cc:1436] RegularizeModelArgs: rwt_target_name=rwt, pwt_source_name=pwt, nwt_source_name=nwt
I1005 21:19:42.832828 2047873024 master_component.cc:976] MasterComponent: start regularizing model pwt
I1005 21:19:42.855619 24309760 processor.cc:740] No data in processing queue, waiting...
I1005 21:19:43.010079 2047873024 master_component.cc:1002] MasterComponent: complete regularizing model pwt
I1005 21:19:43.010100 2047873024 master_component.cc:1449] NormalizeModelArgs: pwt_target_name=pwt, nwt_source_name=nwt, rwt_source_name=rwt
I1005 21:19:43.010107 2047873024 master_component.cc:1006] MasterComponent: start normalizing model nwt
I1005 21:19:43.099776 2047873024 master_component.cc:1034] MasterComponent: complete normalizing model nwt
I1005 21:19:43.176347 2047873024 master_component.cc:1473] DisposeModel rwt
I1005 21:19:43.198555 2047873024 master_component.cc:1059] FitOffline: ItemsProcessed, num_items=1728, num_batches=2, token_weight=808522, token_weight_in_effect=808522
I1005 21:19:43.198838 2047873024 c_interface.cc:389] Pass FitOfflineMasterModelArgs, batch_filename_size=2, batch_weight_size=2, num_collection_passes=1, reset_nwt=yes to MN4artm4core15MasterComponentEFvRKNS_25FitOfflineMasterModelArgsEE
I1005 21:19:43.198853 2047873024 master_component.cc:1398] ProcessBatchesArgs: nwt_target_name=nwt, batch_filename_size=2, batch_size=0, batch_weight_size=2, pwt_source_name=pwt, num_document_passes=1, regularizer=(name:SmoothSparsePhi_bcg, tau:100000), regularizer=(name:SmoothSparsePhi_sbj, tau:-100000), class=(text:1), class=(author:1), reuse_theta=yes, opt_for_avx=yes, predict_class_id=, reset_nwt=yes
I1005 21:19:43.218561 25919488 processor.cc:747] Processing queue has data, processing started
I1005 21:19:43.218569 26456064 processor.cc:747] Processing queue has data, processing started
I1005 21:19:43.231732 25919488 processor.cc:820] Processor: start processing batch 9c23b95c-f346-4325-b42f-e1077d7eb167 into model nwt
I1005 21:19:43.242125 26456064 processor.cc:820] Processor: start processing batch b9d30a3d-854c-45de-99e2-a3024e15e2e9 into model nwt
I1005 21:19:43.387979 25919488 processor.cc:925] Processor: complete processing batch 9c23b95c-f346-4325-b42f-e1077d7eb167 into model nwt
I1005 21:19:43.393260 25919488 cuckoo_watch.h:45] 174ms in ProcessBatch(lectures_batches/aaaaaa.batch) [including 13ms in LoadMessage; 7ms in InitializeSparseNdw; 0ms in FindReuseThetaCacheEntry; 8ms in InitializeTheta; 0ms in CreateRegularizerAgents; 83ms in InferThetaAndUpdateNwtSparse; 0ms in UpdateCacheEntry; 4ms in CalculateScore(sparsity_theta_score); 51ms in CalculateScore(^^^ItemsProcessedScore^^^); ]
I1005 21:19:43.416704 25919488 processor.cc:740] No data in processing queue, waiting...
I1005 21:19:43.562273 26456064 processor.cc:925] Processor: complete processing batch b9d30a3d-854c-45de-99e2-a3024e15e2e9 into model nwt
I1005 21:19:43.569658 26456064 cuckoo_watch.h:45] 351ms in ProcessBatch(lectures_batches/aaaaab.batch) [including 23ms in LoadMessage; 20ms in InitializeSparseNdw; 0ms in FindReuseThetaCacheEntry; 4ms in InitializeTheta; 0ms in CreateRegularizerAgents; 180ms in InferThetaAndUpdateNwtSparse; 0ms in UpdateCacheEntry; 6ms in CalculateScore(sparsity_theta_score); 107ms in CalculateScore(^^^ItemsProcessedScore^^^); ]
I1005 21:19:43.570178 2047873024 master_component.cc:1436] RegularizeModelArgs: rwt_target_name=rwt, pwt_source_name=pwt, nwt_source_name=nwt
I1005 21:19:43.570233 2047873024 master_component.cc:976] MasterComponent: start regularizing model pwt
I1005 21:19:43.593478 26456064 processor.cc:740] No data in processing queue, waiting...
I1005 21:19:43.742990 2047873024 master_component.cc:1002] MasterComponent: complete regularizing model pwt
I1005 21:19:43.743010 2047873024 master_component.cc:1449] NormalizeModelArgs: pwt_target_name=pwt, nwt_source_name=nwt, rwt_source_name=rwt
I1005 21:19:43.743016 2047873024 master_component.cc:1006] MasterComponent: start normalizing model nwt
I1005 21:19:43.824470 2047873024 master_component.cc:1034] MasterComponent: complete normalizing model nwt
I1005 21:19:43.894651 2047873024 master_component.cc:1473] DisposeModel rwt
I1005 21:19:43.914505 2047873024 master_component.cc:1059] FitOffline: ItemsProcessed, num_items=1728, num_batches=2, token_weight=808522, token_weight_in_effect=808522
I1005 21:19:43.914865 2047873024 c_interface.cc:389] Pass FitOfflineMasterModelArgs, batch_filename_size=2, batch_weight_size=2, num_collection_passes=1, reset_nwt=yes to MN4artm4core15MasterComponentEFvRKNS_25FitOfflineMasterModelArgsEE
I1005 21:19:43.914883 2047873024 master_component.cc:1398] ProcessBatchesArgs: nwt_target_name=nwt, batch_filename_size=2, batch_size=0, batch_weight_size=2, pwt_source_name=pwt, num_document_passes=1, regularizer=(name:SmoothSparsePhi_bcg, tau:100000), regularizer=(name:SmoothSparsePhi_sbj, tau:-100000), class=(text:1), class=(author:1), reuse_theta=yes, opt_for_avx=yes, predict_class_id=, reset_nwt=yes
I1005 21:19:43.933534 23773184 processor.cc:747] Processing queue has data, processing started
I1005 21:19:43.933527 25382912 processor.cc:747] Processing queue has data, processing started
I1005 21:19:43.946738 25382912 processor.cc:820] Processor: start processing batch 9c23b95c-f346-4325-b42f-e1077d7eb167 into model nwt
I1005 21:19:43.958278 23773184 processor.cc:820] Processor: start processing batch b9d30a3d-854c-45de-99e2-a3024e15e2e9 into model nwt
I1005 21:19:44.103910 25382912 processor.cc:925] Processor: complete processing batch 9c23b95c-f346-4325-b42f-e1077d7eb167 into model nwt
I1005 21:19:44.108600 25382912 cuckoo_watch.h:45] 175ms in ProcessBatch(lectures_batches/aaaaaa.batch) [including 13ms in LoadMessage; 8ms in InitializeSparseNdw; 0ms in FindReuseThetaCacheEntry; 9ms in InitializeTheta; 0ms in CreateRegularizerAgents; 86ms in InferThetaAndUpdateNwtSparse; 0ms in UpdateCacheEntry; 4ms in CalculateScore(sparsity_theta_score); 48ms in CalculateScore(^^^ItemsProcessedScore^^^); ]
I1005 21:19:44.132553 25382912 processor.cc:740] No data in processing queue, waiting...
I1005 21:19:44.281818 23773184 processor.cc:925] Processor: complete processing batch b9d30a3d-854c-45de-99e2-a3024e15e2e9 into model nwt
I1005 21:19:44.290382 23773184 cuckoo_watch.h:45] 356ms in ProcessBatch(lectures_batches/aaaaab.batch) [including 24ms in LoadMessage; 21ms in InitializeSparseNdw; 0ms in FindReuseThetaCacheEntry; 3ms in InitializeTheta; 0ms in CreateRegularizerAgents; 182ms in InferThetaAndUpdateNwtSparse; 0ms in UpdateCacheEntry; 6ms in CalculateScore(sparsity_theta_score); 108ms in CalculateScore(^^^ItemsProcessedScore^^^); ]
I1005 21:19:44.291118 2047873024 master_component.cc:1436] RegularizeModelArgs: rwt_target_name=rwt, pwt_source_name=pwt, nwt_source_name=nwt
I1005 21:19:44.291157 2047873024 master_component.cc:976] MasterComponent: start regularizing model pwt
I1005 21:19:44.314275 23773184 processor.cc:740] No data in processing queue, waiting...
I1005 21:19:44.462724 2047873024 master_component.cc:1002] MasterComponent: complete regularizing model pwt
I1005 21:19:44.462745 2047873024 master_component.cc:1449] NormalizeModelArgs: pwt_target_name=pwt, nwt_source_name=nwt, rwt_source_name=rwt
I1005 21:19:44.462782 2047873024 master_component.cc:1006] MasterComponent: start normalizing model nwt
I1005 21:19:44.546411 2047873024 master_component.cc:1034] MasterComponent: complete normalizing model nwt
I1005 21:19:44.615569 2047873024 master_component.cc:1473] DisposeModel rwt
I1005 21:19:44.637006 2047873024 master_component.cc:1059] FitOffline: ItemsProcessed, num_items=1728, num_batches=2, token_weight=808522, token_weight_in_effect=808522
I1005 21:19:44.637296 2047873024 c_interface.cc:389] Pass FitOfflineMasterModelArgs, batch_filename_size=2, batch_weight_size=2, num_collection_passes=1, reset_nwt=yes to MN4artm4core15MasterComponentEFvRKNS_25FitOfflineMasterModelArgsEE
I1005 21:19:44.637312 2047873024 master_component.cc:1398] ProcessBatchesArgs: nwt_target_name=nwt, batch_filename_size=2, batch_size=0, batch_weight_size=2, pwt_source_name=pwt, num_document_passes=1, regularizer=(name:SmoothSparsePhi_bcg, tau:100000), regularizer=(name:SmoothSparsePhi_sbj, tau:-100000), class=(text:1), class=(author:1), reuse_theta=yes, opt_for_avx=yes, predict_class_id=, reset_nwt=yes
I1005 21:19:44.658751 27529216 processor.cc:747] Processing queue has data, processing started
I1005 21:19:44.658751 24309760 processor.cc:747] Processing queue has data, processing started
I1005 21:19:44.673344 27529216 processor.cc:820] Processor: start processing batch 9c23b95c-f346-4325-b42f-e1077d7eb167 into model nwt
I1005 21:19:44.683571 24309760 processor.cc:820] Processor: start processing batch b9d30a3d-854c-45de-99e2-a3024e15e2e9 into model nwt
I1005 21:19:44.826846 27529216 processor.cc:925] Processor: complete processing batch 9c23b95c-f346-4325-b42f-e1077d7eb167 into model nwt
I1005 21:19:44.832681 27529216 cuckoo_watch.h:45] 173ms in ProcessBatch(lectures_batches/aaaaaa.batch) [including 14ms in LoadMessage; 7ms in InitializeSparseNdw; 0ms in FindReuseThetaCacheEntry; 8ms in InitializeTheta; 0ms in CreateRegularizerAgents; 85ms in InferThetaAndUpdateNwtSparse; 0ms in UpdateCacheEntry; 4ms in CalculateScore(sparsity_theta_score); 46ms in CalculateScore(^^^ItemsProcessedScore^^^); ]
I1005 21:19:44.857039 27529216 processor.cc:740] No data in processing queue, waiting...
I1005 21:19:45.001148 24309760 processor.cc:925] Processor: complete processing batch b9d30a3d-854c-45de-99e2-a3024e15e2e9 into model nwt
I1005 21:19:45.008505 24309760 cuckoo_watch.h:45] 349ms in ProcessBatch(lectures_batches/aaaaab.batch) [including 24ms in LoadMessage; 19ms in InitializeSparseNdw; 0ms in FindReuseThetaCacheEntry; 4ms in InitializeTheta; 0ms in CreateRegularizerAgents; 175ms in InferThetaAndUpdateNwtSparse; 0ms in UpdateCacheEntry; 7ms in CalculateScore(sparsity_theta_score); 109ms in CalculateScore(^^^ItemsProcessedScore^^^); ]
I1005 21:19:45.009040 2047873024 master_component.cc:1436] RegularizeModelArgs: rwt_target_name=rwt, pwt_source_name=pwt, nwt_source_name=nwt
I1005 21:19:45.009064 2047873024 master_component.cc:976] MasterComponent: start regularizing model pwt
I1005 21:19:45.032925 24309760 processor.cc:740] No data in processing queue, waiting...
I1005 21:19:45.189287 2047873024 master_component.cc:1002] MasterComponent: complete regularizing model pwt
I1005 21:19:45.189309 2047873024 master_component.cc:1449] NormalizeModelArgs: pwt_target_name=pwt, nwt_source_name=nwt, rwt_source_name=rwt
I1005 21:19:45.189317 2047873024 master_component.cc:1006] MasterComponent: start normalizing model nwt
I1005 21:19:45.275275 2047873024 master_component.cc:1034] MasterComponent: complete normalizing model nwt
I1005 21:19:45.344025 2047873024 master_component.cc:1473] DisposeModel rwt
I1005 21:19:45.366946 2047873024 master_component.cc:1059] FitOffline: ItemsProcessed, num_items=1728, num_batches=2, token_weight=808522, token_weight_in_effect=808522
I1005 21:19:45.367295 2047873024 c_interface.cc:389] Pass FitOfflineMasterModelArgs, batch_filename_size=2, batch_weight_size=2, num_collection_passes=1, reset_nwt=yes to MN4artm4core15MasterComponentEFvRKNS_25FitOfflineMasterModelArgsEE
I1005 21:19:45.367336 2047873024 master_component.cc:1398] ProcessBatchesArgs: nwt_target_name=nwt, batch_filename_size=2, batch_size=0, batch_weight_size=2, pwt_source_name=pwt, num_document_passes=1, regularizer=(name:SmoothSparsePhi_bcg, tau:100000), regularizer=(name:SmoothSparsePhi_sbj, tau:-100000), class=(text:1), class=(author:1), reuse_theta=yes, opt_for_avx=yes, predict_class_id=, reset_nwt=yes
I1005 21:19:45.387045 26456064 processor.cc:747] Processing queue has data, processing started
I1005 21:19:45.387045 23773184 processor.cc:747] Processing queue has data, processing started
I1005 21:19:45.400796 26456064 processor.cc:820] Processor: start processing batch 9c23b95c-f346-4325-b42f-e1077d7eb167 into model nwt
I1005 21:19:45.412004 23773184 processor.cc:820] Processor: start processing batch b9d30a3d-854c-45de-99e2-a3024e15e2e9 into model nwt
I1005 21:19:45.565047 26456064 processor.cc:925] Processor: complete processing batch 9c23b95c-f346-4325-b42f-e1077d7eb167 into model nwt
I1005 21:19:45.570045 26456064 cuckoo_watch.h:45] 182ms in ProcessBatch(lectures_batches/aaaaaa.batch) [including 13ms in LoadMessage; 8ms in InitializeSparseNdw; 0ms in FindReuseThetaCacheEntry; 8ms in InitializeTheta; 0ms in CreateRegularizerAgents; 89ms in InferThetaAndUpdateNwtSparse; 0ms in UpdateCacheEntry; 4ms in CalculateScore(sparsity_theta_score); 53ms in CalculateScore(^^^ItemsProcessedScore^^^); ]
I1005 21:19:45.594123 26456064 processor.cc:740] No data in processing queue, waiting...
I1005 21:19:45.726373 23773184 processor.cc:925] Processor: complete processing batch b9d30a3d-854c-45de-99e2-a3024e15e2e9 into model nwt
I1005 21:19:45.734591 23773184 cuckoo_watch.h:45] 347ms in ProcessBatch(lectures_batches/aaaaab.batch) [including 24ms in LoadMessage; 20ms in InitializeSparseNdw; 0ms in FindReuseThetaCacheEntry; 4ms in InitializeTheta; 0ms in CreateRegularizerAgents; 183ms in InferThetaAndUpdateNwtSparse; 0ms in UpdateCacheEntry; 6ms in CalculateScore(sparsity_theta_score); 99ms in CalculateScore(^^^ItemsProcessedScore^^^); ]
I1005 21:19:45.734740 2047873024 master_component.cc:1436] RegularizeModelArgs: rwt_target_name=rwt, pwt_source_name=pwt, nwt_source_name=nwt
I1005 21:19:45.734760 2047873024 master_component.cc:976] MasterComponent: start regularizing model pwt
I1005 21:19:45.758695 23773184 processor.cc:740] No data in processing queue, waiting...
I1005 21:19:45.909638 2047873024 master_component.cc:1002] MasterComponent: complete regularizing model pwt
I1005 21:19:45.909659 2047873024 master_component.cc:1449] NormalizeModelArgs: pwt_target_name=pwt, nwt_source_name=nwt, rwt_source_name=rwt
I1005 21:19:45.909667 2047873024 master_component.cc:1006] MasterComponent: start normalizing model nwt
I1005 21:19:45.992938 2047873024 master_component.cc:1034] MasterComponent: complete normalizing model nwt
I1005 21:19:46.063621 2047873024 master_component.cc:1473] DisposeModel rwt
I1005 21:19:46.085583 2047873024 master_component.cc:1059] FitOffline: ItemsProcessed, num_items=1728, num_batches=2, token_weight=808522, token_weight_in_effect=808522
I1005 21:19:46.085832 2047873024 c_interface.cc:389] Pass FitOfflineMasterModelArgs, batch_filename_size=2, batch_weight_size=2, num_collection_passes=1, reset_nwt=yes to MN4artm4core15MasterComponentEFvRKNS_25FitOfflineMasterModelArgsEE
I1005 21:19:46.085846 2047873024 master_component.cc:1398] ProcessBatchesArgs: nwt_target_name=nwt, batch_filename_size=2, batch_size=0, batch_weight_size=2, pwt_source_name=pwt, num_document_passes=1, regularizer=(name:SmoothSparsePhi_bcg, tau:100000), regularizer=(name:SmoothSparsePhi_sbj, tau:-100000), class=(text:1), class=(author:1), reuse_theta=yes, opt_for_avx=yes, predict_class_id=, reset_nwt=yes
I1005 21:19:46.105921 24309760 processor.cc:747] Processing queue has data, processing started
I1005 21:19:46.105942 25382912 processor.cc:747] Processing queue has data, processing started
I1005 21:19:46.119272 24309760 processor.cc:820] Processor: start processing batch 9c23b95c-f346-4325-b42f-e1077d7eb167 into model nwt
I1005 21:19:46.130678 25382912 processor.cc:820] Processor: start processing batch b9d30a3d-854c-45de-99e2-a3024e15e2e9 into model nwt
I1005 21:19:46.283145 24309760 processor.cc:925] Processor: complete processing batch 9c23b95c-f346-4325-b42f-e1077d7eb167 into model nwt
I1005 21:19:46.287752 24309760 cuckoo_watch.h:45] 181ms in ProcessBatch(lectures_batches/aaaaaa.batch) [including 13ms in LoadMessage; 8ms in InitializeSparseNdw; 0ms in FindReuseThetaCacheEntry; 8ms in InitializeTheta; 0ms in CreateRegularizerAgents; 95ms in InferThetaAndUpdateNwtSparse; 0ms in UpdateCacheEntry; 3ms in CalculateScore(sparsity_theta_score); 46ms in CalculateScore(^^^ItemsProcessedScore^^^); ]
I1005 21:19:46.312170 24309760 processor.cc:740] No data in processing queue, waiting...
I1005 21:19:46.440847 25382912 processor.cc:925] Processor: complete processing batch b9d30a3d-854c-45de-99e2-a3024e15e2e9 into model nwt
I1005 21:19:46.449203 25382912 cuckoo_watch.h:45] 343ms in ProcessBatch(lectures_batches/aaaaab.batch) [including 24ms in LoadMessage; 21ms in InitializeSparseNdw; 0ms in FindReuseThetaCacheEntry; 4ms in InitializeTheta; 0ms in CreateRegularizerAgents; 173ms in InferThetaAndUpdateNwtSparse; 0ms in UpdateCacheEntry; 5ms in CalculateScore(sparsity_theta_score); 103ms in CalculateScore(^^^ItemsProcessedScore^^^); ]
I1005 21:19:46.450006 2047873024 master_component.cc:1436] RegularizeModelArgs: rwt_target_name=rwt, pwt_source_name=pwt, nwt_source_name=nwt
I1005 21:19:46.450040 2047873024 master_component.cc:976] MasterComponent: start regularizing model pwt
I1005 21:19:46.472681 25382912 processor.cc:740] No data in processing queue, waiting...
I1005 21:19:46.622860 2047873024 master_component.cc:1002] MasterComponent: complete regularizing model pwt
I1005 21:19:46.622881 2047873024 master_component.cc:1449] NormalizeModelArgs: pwt_target_name=pwt, nwt_source_name=nwt, rwt_source_name=rwt
I1005 21:19:46.622889 2047873024 master_component.cc:1006] MasterComponent: start normalizing model nwt
I1005 21:19:46.702680 2047873024 master_component.cc:1034] MasterComponent: complete normalizing model nwt
I1005 21:19:46.772913 2047873024 master_component.cc:1473] DisposeModel rwt
I1005 21:19:46.796327 2047873024 master_component.cc:1059] FitOffline: ItemsProcessed, num_items=1728, num_batches=2, token_weight=808522, token_weight_in_effect=808522
I1005 21:19:46.796644 2047873024 c_interface.cc:389] Pass FitOfflineMasterModelArgs, batch_filename_size=2, batch_weight_size=2, num_collection_passes=1, reset_nwt=yes to MN4artm4core15MasterComponentEFvRKNS_25FitOfflineMasterModelArgsEE
I1005 21:19:46.796660 2047873024 master_component.cc:1398] ProcessBatchesArgs: nwt_target_name=nwt, batch_filename_size=2, batch_size=0, batch_weight_size=2, pwt_source_name=pwt, num_document_passes=1, regularizer=(name:SmoothSparsePhi_bcg, tau:100000), regularizer=(name:SmoothSparsePhi_sbj, tau:-100000), class=(text:1), class=(author:1), reuse_theta=yes, opt_for_avx=yes, predict_class_id=, reset_nwt=yes
I1005 21:19:46.819043 23773184 processor.cc:747] Processing queue has data, processing started
I1005 21:19:46.819067 26992640 processor.cc:747] Processing queue has data, processing started
I1005 21:19:46.834336 23773184 processor.cc:820] Processor: start processing batch 9c23b95c-f346-4325-b42f-e1077d7eb167 into model nwt
I1005 21:19:46.847005 26992640 processor.cc:820] Processor: start processing batch b9d30a3d-854c-45de-99e2-a3024e15e2e9 into model nwt
I1005 21:19:47.002758 23773184 processor.cc:925] Processor: complete processing batch 9c23b95c-f346-4325-b42f-e1077d7eb167 into model nwt
I1005 21:19:47.007721 23773184 cuckoo_watch.h:45] 188ms in ProcessBatch(lectures_batches/aaaaaa.batch) [including 15ms in LoadMessage; 9ms in InitializeSparseNdw; 0ms in FindReuseThetaCacheEntry; 8ms in InitializeTheta; 0ms in CreateRegularizerAgents; 92ms in InferThetaAndUpdateNwtSparse; 0ms in UpdateCacheEntry; 4ms in CalculateScore(sparsity_theta_score); 51ms in CalculateScore(^^^ItemsProcessedScore^^^); ]
I1005 21:19:47.032099 23773184 processor.cc:740] No data in processing queue, waiting...
I1005 21:19:47.175361 26992640 processor.cc:925] Processor: complete processing batch b9d30a3d-854c-45de-99e2-a3024e15e2e9 into model nwt
I1005 21:19:47.182639 26992640 cuckoo_watch.h:45] 363ms in ProcessBatch(lectures_batches/aaaaab.batch) [including 27ms in LoadMessage; 21ms in InitializeSparseNdw; 0ms in FindReuseThetaCacheEntry; 4ms in InitializeTheta; 0ms in CreateRegularizerAgents; 191ms in InferThetaAndUpdateNwtSparse; 0ms in UpdateCacheEntry; 6ms in CalculateScore(sparsity_theta_score); 104ms in CalculateScore(^^^ItemsProcessedScore^^^); ]
I1005 21:19:47.183523 2047873024 master_component.cc:1436] RegularizeModelArgs: rwt_target_name=rwt, pwt_source_name=pwt, nwt_source_name=nwt
I1005 21:19:47.183554 2047873024 master_component.cc:976] MasterComponent: start regularizing model pwt
I1005 21:19:47.206993 26992640 processor.cc:740] No data in processing queue, waiting...
I1005 21:19:47.356215 2047873024 master_component.cc:1002] MasterComponent: complete regularizing model pwt
I1005 21:19:47.356237 2047873024 master_component.cc:1449] NormalizeModelArgs: pwt_target_name=pwt, nwt_source_name=nwt, rwt_source_name=rwt
I1005 21:19:47.356245 2047873024 master_component.cc:1006] MasterComponent: start normalizing model nwt
I1005 21:19:47.442703 2047873024 master_component.cc:1034] MasterComponent: complete normalizing model nwt
I1005 21:19:47.520555 2047873024 master_component.cc:1473] DisposeModel rwt
I1005 21:19:47.544519 2047873024 master_component.cc:1059] FitOffline: ItemsProcessed, num_items=1728, num_batches=2, token_weight=808522, token_weight_in_effect=808522
I1005 21:19:47.544806 2047873024 c_interface.cc:389] Pass FitOfflineMasterModelArgs, batch_filename_size=2, batch_weight_size=2, num_collection_passes=1, reset_nwt=yes to MN4artm4core15MasterComponentEFvRKNS_25FitOfflineMasterModelArgsEE
I1005 21:19:47.544822 2047873024 master_component.cc:1398] ProcessBatchesArgs: nwt_target_name=nwt, batch_filename_size=2, batch_size=0, batch_weight_size=2, pwt_source_name=pwt, num_document_passes=1, regularizer=(name:SmoothSparsePhi_bcg, tau:100000), regularizer=(name:SmoothSparsePhi_sbj, tau:-100000), class=(text:1), class=(author:1), reuse_theta=yes, opt_for_avx=yes, predict_class_id=, reset_nwt=yes
I1005 21:19:47.565388 24846336 processor.cc:747] Processing queue has data, processing started
I1005 21:19:47.565395 24309760 processor.cc:747] Processing queue has data, processing started
I1005 21:19:47.579836 24846336 processor.cc:820] Processor: start processing batch 9c23b95c-f346-4325-b42f-e1077d7eb167 into model nwt
I1005 21:19:47.589602 24309760 processor.cc:820] Processor: start processing batch b9d30a3d-854c-45de-99e2-a3024e15e2e9 into model nwt
I1005 21:19:47.745254 24846336 processor.cc:925] Processor: complete processing batch 9c23b95c-f346-4325-b42f-e1077d7eb167 into model nwt
I1005 21:19:47.750530 24846336 cuckoo_watch.h:45] 185ms in ProcessBatch(lectures_batches/aaaaaa.batch) [including 14ms in LoadMessage; 8ms in InitializeSparseNdw; 0ms in FindReuseThetaCacheEntry; 8ms in InitializeTheta; 0ms in CreateRegularizerAgents; 90ms in InferThetaAndUpdateNwtSparse; 0ms in UpdateCacheEntry; 4ms in CalculateScore(sparsity_theta_score); 52ms in CalculateScore(^^^ItemsProcessedScore^^^); ]
I1005 21:19:47.774847 24846336 processor.cc:740] No data in processing queue, waiting...
I1005 21:19:47.911018 24309760 processor.cc:925] Processor: complete processing batch b9d30a3d-854c-45de-99e2-a3024e15e2e9 into model nwt
I1005 21:19:47.917207 24309760 cuckoo_watch.h:45] 351ms in ProcessBatch(lectures_batches/aaaaab.batch) [including 24ms in LoadMessage; 20ms in InitializeSparseNdw; 0ms in FindReuseThetaCacheEntry; 3ms in InitializeTheta; 0ms in CreateRegularizerAgents; 182ms in InferThetaAndUpdateNwtSparse; 0ms in UpdateCacheEntry; 6ms in CalculateScore(sparsity_theta_score); 107ms in CalculateScore(^^^ItemsProcessedScore^^^); ]
I1005 21:19:47.918126 2047873024 master_component.cc:1436] RegularizeModelArgs: rwt_target_name=rwt, pwt_source_name=pwt, nwt_source_name=nwt
I1005 21:19:47.918182 2047873024 master_component.cc:976] MasterComponent: start regularizing model pwt
I1005 21:19:47.941594 24309760 processor.cc:740] No data in processing queue, waiting...
I1005 21:19:48.085911 2047873024 master_component.cc:1002] MasterComponent: complete regularizing model pwt
I1005 21:19:48.085934 2047873024 master_component.cc:1449] NormalizeModelArgs: pwt_target_name=pwt, nwt_source_name=nwt, rwt_source_name=rwt
I1005 21:19:48.085942 2047873024 master_component.cc:1006] MasterComponent: start normalizing model nwt
I1005 21:19:48.170712 2047873024 master_component.cc:1034] MasterComponent: complete normalizing model nwt
I1005 21:19:48.242926 2047873024 master_component.cc:1473] DisposeModel rwt
I1005 21:19:48.266492 2047873024 master_component.cc:1059] FitOffline: ItemsProcessed, num_items=1728, num_batches=2, token_weight=808522, token_weight_in_effect=808522
I1005 21:19:48.266831 2047873024 c_interface.cc:389] Pass FitOfflineMasterModelArgs, batch_filename_size=2, batch_weight_size=2, num_collection_passes=1, reset_nwt=yes to MN4artm4core15MasterComponentEFvRKNS_25FitOfflineMasterModelArgsEE
I1005 21:19:48.266855 2047873024 master_component.cc:1398] ProcessBatchesArgs: nwt_target_name=nwt, batch_filename_size=2, batch_size=0, batch_weight_size=2, pwt_source_name=pwt, num_document_passes=1, regularizer=(name:SmoothSparsePhi_bcg, tau:100000), regularizer=(name:SmoothSparsePhi_sbj, tau:-100000), class=(text:1), class=(author:1), reuse_theta=yes, opt_for_avx=yes, predict_class_id=, reset_nwt=yes
I1005 21:19:48.288132 26992640 processor.cc:747] Processing queue has data, processing started
I1005 21:19:48.288148 27529216 processor.cc:747] Processing queue has data, processing started
I1005 21:19:48.302912 26992640 processor.cc:820] Processor: start processing batch 9c23b95c-f346-4325-b42f-e1077d7eb167 into model nwt
I1005 21:19:48.313150 27529216 processor.cc:820] Processor: start processing batch b9d30a3d-854c-45de-99e2-a3024e15e2e9 into model nwt
I1005 21:19:48.468675 26992640 processor.cc:925] Processor: complete processing batch 9c23b95c-f346-4325-b42f-e1077d7eb167 into model nwt
I1005 21:19:48.473726 26992640 cuckoo_watch.h:45] 185ms in ProcessBatch(lectures_batches/aaaaaa.batch) [including 14ms in LoadMessage; 8ms in InitializeSparseNdw; 0ms in FindReuseThetaCacheEntry; 9ms in InitializeTheta; 0ms in CreateRegularizerAgents; 91ms in InferThetaAndUpdateNwtSparse; 0ms in UpdateCacheEntry; 4ms in CalculateScore(sparsity_theta_score); 52ms in CalculateScore(^^^ItemsProcessedScore^^^); ]
I1005 21:19:48.497573 26992640 processor.cc:740] No data in processing queue, waiting...
I1005 21:19:48.637107 27529216 processor.cc:925] Processor: complete processing batch b9d30a3d-854c-45de-99e2-a3024e15e2e9 into model nwt
I1005 21:19:48.643844 27529216 cuckoo_watch.h:45] 355ms in ProcessBatch(lectures_batches/aaaaab.batch) [including 24ms in LoadMessage; 20ms in InitializeSparseNdw; 0ms in FindReuseThetaCacheEntry; 5ms in InitializeTheta; 0ms in CreateRegularizerAgents; 188ms in InferThetaAndUpdateNwtSparse; 0ms in UpdateCacheEntry; 5ms in CalculateScore(sparsity_theta_score); 104ms in CalculateScore(^^^ItemsProcessedScore^^^); ]
I1005 21:19:48.644364 2047873024 master_component.cc:1436] RegularizeModelArgs: rwt_target_name=rwt, pwt_source_name=pwt, nwt_source_name=nwt
I1005 21:19:48.644397 2047873024 master_component.cc:976] MasterComponent: start regularizing model pwt
I1005 21:19:48.666872 27529216 processor.cc:740] No data in processing queue, waiting...
I1005 21:19:48.813776 2047873024 master_component.cc:1002] MasterComponent: complete regularizing model pwt
I1005 21:19:48.813796 2047873024 master_component.cc:1449] NormalizeModelArgs: pwt_target_name=pwt, nwt_source_name=nwt, rwt_source_name=rwt
I1005 21:19:48.813802 2047873024 master_component.cc:1006] MasterComponent: start normalizing model nwt
I1005 21:19:48.895283 2047873024 master_component.cc:1034] MasterComponent: complete normalizing model nwt
I1005 21:19:48.969843 2047873024 master_component.cc:1473] DisposeModel rwt
I1005 21:19:48.991547 2047873024 master_component.cc:1059] FitOffline: ItemsProcessed, num_items=1728, num_batches=2, token_weight=808522, token_weight_in_effect=808522
I1005 21:19:48.991837 2047873024 c_interface.cc:389] Pass FitOfflineMasterModelArgs, batch_filename_size=2, batch_weight_size=2, num_collection_passes=1, reset_nwt=yes to MN4artm4core15MasterComponentEFvRKNS_25FitOfflineMasterModelArgsEE
I1005 21:19:48.991853 2047873024 master_component.cc:1398] ProcessBatchesArgs: nwt_target_name=nwt, batch_filename_size=2, batch_size=0, batch_weight_size=2, pwt_source_name=pwt, num_document_passes=1, regularizer=(name:SmoothSparsePhi_bcg, tau:100000), regularizer=(name:SmoothSparsePhi_sbj, tau:-100000), class=(text:1), class=(author:1), reuse_theta=yes, opt_for_avx=yes, predict_class_id=, reset_nwt=yes
I1005 21:19:49.011840 26456064 processor.cc:747] Processing queue has data, processing started
I1005 21:19:49.011874 23773184 processor.cc:747] Processing queue has data, processing started
I1005 21:19:49.026518 26456064 processor.cc:820] Processor: start processing batch 9c23b95c-f346-4325-b42f-e1077d7eb167 into model nwt
I1005 21:19:49.037164 23773184 processor.cc:820] Processor: start processing batch b9d30a3d-854c-45de-99e2-a3024e15e2e9 into model nwt
I1005 21:19:49.193646 26456064 processor.cc:925] Processor: complete processing batch 9c23b95c-f346-4325-b42f-e1077d7eb167 into model nwt
I1005 21:19:49.198981 26456064 cuckoo_watch.h:45] 187ms in ProcessBatch(lectures_batches/aaaaaa.batch) [including 14ms in LoadMessage; 8ms in InitializeSparseNdw; 0ms in FindReuseThetaCacheEntry; 8ms in InitializeTheta; 0ms in CreateRegularizerAgents; 93ms in InferThetaAndUpdateNwtSparse; 0ms in UpdateCacheEntry; 4ms in CalculateScore(sparsity_theta_score); 51ms in CalculateScore(^^^ItemsProcessedScore^^^); ]
I1005 21:19:49.222777 26456064 processor.cc:740] No data in processing queue, waiting...
I1005 21:19:49.363754 23773184 processor.cc:925] Processor: complete processing batch b9d30a3d-854c-45de-99e2-a3024e15e2e9 into model nwt
I1005 21:19:49.371789 23773184 cuckoo_watch.h:45] 359ms in ProcessBatch(lectures_batches/aaaaab.batch) [including 25ms in LoadMessage; 20ms in InitializeSparseNdw; 0ms in FindReuseThetaCacheEntry; 4ms in InitializeTheta; 0ms in CreateRegularizerAgents; 182ms in InferThetaAndUpdateNwtSparse; 0ms in UpdateCacheEntry; 6ms in CalculateScore(sparsity_theta_score); 111ms in CalculateScore(^^^ItemsProcessedScore^^^); ]
I1005 21:19:49.372020 2047873024 master_component.cc:1436] RegularizeModelArgs: rwt_target_name=rwt, pwt_source_name=pwt, nwt_source_name=nwt
I1005 21:19:49.372046 2047873024 master_component.cc:976] MasterComponent: start regularizing model pwt
I1005 21:19:49.395877 23773184 processor.cc:740] No data in processing queue, waiting...
I1005 21:19:49.545083 2047873024 master_component.cc:1002] MasterComponent: complete regularizing model pwt
I1005 21:19:49.545109 2047873024 master_component.cc:1449] NormalizeModelArgs: pwt_target_name=pwt, nwt_source_name=nwt, rwt_source_name=rwt
I1005 21:19:49.545116 2047873024 master_component.cc:1006] MasterComponent: start normalizing model nwt
I1005 21:19:49.636168 2047873024 master_component.cc:1034] MasterComponent: complete normalizing model nwt
I1005 21:19:49.707628 2047873024 master_component.cc:1473] DisposeModel rwt
I1005 21:19:49.729421 2047873024 master_component.cc:1059] FitOffline: ItemsProcessed, num_items=1728, num_batches=2, token_weight=808522, token_weight_in_effect=808522
I1005 21:19:49.729683 2047873024 c_interface.cc:389] Pass FitOfflineMasterModelArgs, batch_filename_size=2, batch_weight_size=2, num_collection_passes=1, reset_nwt=yes to MN4artm4core15MasterComponentEFvRKNS_25FitOfflineMasterModelArgsEE
I1005 21:19:49.729699 2047873024 master_component.cc:1398] ProcessBatchesArgs: nwt_target_name=nwt, batch_filename_size=2, batch_size=0, batch_weight_size=2, pwt_source_name=pwt, num_document_passes=1, regularizer=(name:SmoothSparsePhi_bcg, tau:100000), regularizer=(name:SmoothSparsePhi_sbj, tau:-100000), class=(text:1), class=(author:1), reuse_theta=yes, opt_for_avx=yes, predict_class_id=, reset_nwt=yes
I1005 21:19:49.748790 24309760 processor.cc:747] Processing queue has data, processing started
I1005 21:19:49.748803 25919488 processor.cc:747] Processing queue has data, processing started
I1005 21:19:49.762234 24309760 processor.cc:820] Processor: start processing batch 9c23b95c-f346-4325-b42f-e1077d7eb167 into model nwt
I1005 21:19:49.773270 25919488 processor.cc:820] Processor: start processing batch b9d30a3d-854c-45de-99e2-a3024e15e2e9 into model nwt
I1005 21:19:49.918815 24309760 processor.cc:925] Processor: complete processing batch 9c23b95c-f346-4325-b42f-e1077d7eb167 into model nwt
I1005 21:19:49.923233 24309760 cuckoo_watch.h:45] 174ms in ProcessBatch(lectures_batches/aaaaaa.batch) [including 13ms in LoadMessage; 8ms in InitializeSparseNdw; 0ms in FindReuseThetaCacheEntry; 9ms in InitializeTheta; 0ms in CreateRegularizerAgents; 88ms in InferThetaAndUpdateNwtSparse; 0ms in UpdateCacheEntry; 3ms in CalculateScore(sparsity_theta_score); 46ms in CalculateScore(^^^ItemsProcessedScore^^^); ]
I1005 21:19:49.947589 24309760 processor.cc:740] No data in processing queue, waiting...
I1005 21:19:50.085088 25919488 processor.cc:925] Processor: complete processing batch b9d30a3d-854c-45de-99e2-a3024e15e2e9 into model nwt
I1005 21:19:50.091784 25919488 cuckoo_watch.h:45] 342ms in ProcessBatch(lectures_batches/aaaaab.batch) [including 24ms in LoadMessage; 21ms in InitializeSparseNdw; 0ms in FindReuseThetaCacheEntry; 5ms in InitializeTheta; 0ms in CreateRegularizerAgents; 172ms in InferThetaAndUpdateNwtSparse; 0ms in UpdateCacheEntry; 5ms in CalculateScore(sparsity_theta_score); 106ms in CalculateScore(^^^ItemsProcessedScore^^^); ]
I1005 21:19:50.092387 2047873024 master_component.cc:1436] RegularizeModelArgs: rwt_target_name=rwt, pwt_source_name=pwt, nwt_source_name=nwt
I1005 21:19:50.092418 2047873024 master_component.cc:976] MasterComponent: start regularizing model pwt
I1005 21:19:50.116055 25919488 processor.cc:740] No data in processing queue, waiting...
I1005 21:19:50.260025 2047873024 master_component.cc:1002] MasterComponent: complete regularizing model pwt
I1005 21:19:50.260046 2047873024 master_component.cc:1449] NormalizeModelArgs: pwt_target_name=pwt, nwt_source_name=nwt, rwt_source_name=rwt
I1005 21:19:50.260052 2047873024 master_component.cc:1006] MasterComponent: start normalizing model nwt
I1005 21:19:50.348836 2047873024 master_component.cc:1034] MasterComponent: complete normalizing model nwt
I1005 21:19:50.424207 2047873024 master_component.cc:1473] DisposeModel rwt
I1005 21:19:50.448056 2047873024 master_component.cc:1059] FitOffline: ItemsProcessed, num_items=1728, num_batches=2, token_weight=808522, token_weight_in_effect=808522
I1005 21:19:50.448393 2047873024 c_interface.cc:389] Pass FitOfflineMasterModelArgs, batch_filename_size=2, batch_weight_size=2, num_collection_passes=1, reset_nwt=yes to MN4artm4core15MasterComponentEFvRKNS_25FitOfflineMasterModelArgsEE
I1005 21:19:50.448411 2047873024 master_component.cc:1398] ProcessBatchesArgs: nwt_target_name=nwt, batch_filename_size=2, batch_size=0, batch_weight_size=2, pwt_source_name=pwt, num_document_passes=1, regularizer=(name:SmoothSparsePhi_bcg, tau:100000), regularizer=(name:SmoothSparsePhi_sbj, tau:-100000), class=(text:1), class=(author:1), reuse_theta=yes, opt_for_avx=yes, predict_class_id=, reset_nwt=yes
I1005 21:19:50.467550 26992640 processor.cc:747] Processing queue has data, processing started
I1005 21:19:50.467537 23773184 processor.cc:747] Processing queue has data, processing started
I1005 21:19:50.482136 23773184 processor.cc:820] Processor: start processing batch 9c23b95c-f346-4325-b42f-e1077d7eb167 into model nwt
I1005 21:19:50.493022 26992640 processor.cc:820] Processor: start processing batch b9d30a3d-854c-45de-99e2-a3024e15e2e9 into model nwt
I1005 21:19:50.635053 23773184 processor.cc:925] Processor: complete processing batch 9c23b95c-f346-4325-b42f-e1077d7eb167 into model nwt
I1005 21:19:50.640866 23773184 cuckoo_watch.h:45] 173ms in ProcessBatch(lectures_batches/aaaaaa.batch) [including 14ms in LoadMessage; 8ms in InitializeSparseNdw; 0ms in FindReuseThetaCacheEntry; 8ms in InitializeTheta; 0ms in CreateRegularizerAgents; 82ms in InferThetaAndUpdateNwtSparse; 0ms in UpdateCacheEntry; 3ms in CalculateScore(sparsity_theta_score); 48ms in CalculateScore(^^^ItemsProcessedScore^^^); ]
I1005 21:19:50.664750 23773184 processor.cc:740] No data in processing queue, waiting...
I1005 21:19:50.802546 26992640 processor.cc:925] Processor: complete processing batch b9d30a3d-854c-45de-99e2-a3024e15e2e9 into model nwt
I1005 21:19:50.809540 26992640 cuckoo_watch.h:45] 341ms in ProcessBatch(lectures_batches/aaaaab.batch) [including 25ms in LoadMessage; 18ms in InitializeSparseNdw; 0ms in FindReuseThetaCacheEntry; 3ms in InitializeTheta; 0ms in CreateRegularizerAgents; 173ms in InferThetaAndUpdateNwtSparse; 0ms in UpdateCacheEntry; 5ms in CalculateScore(sparsity_theta_score); 107ms in CalculateScore(^^^ItemsProcessedScore^^^); ]
I1005 21:19:50.810564 2047873024 master_component.cc:1436] RegularizeModelArgs: rwt_target_name=rwt, pwt_source_name=pwt, nwt_source_name=nwt
I1005 21:19:50.810602 2047873024 master_component.cc:976] MasterComponent: start regularizing model pwt
I1005 21:19:50.833554 26992640 processor.cc:740] No data in processing queue, waiting...
I1005 21:19:50.980348 2047873024 master_component.cc:1002] MasterComponent: complete regularizing model pwt
I1005 21:19:50.980370 2047873024 master_component.cc:1449] NormalizeModelArgs: pwt_target_name=pwt, nwt_source_name=nwt, rwt_source_name=rwt
I1005 21:19:50.980376 2047873024 master_component.cc:1006] MasterComponent: start normalizing model nwt
I1005 21:19:51.059331 2047873024 master_component.cc:1034] MasterComponent: complete normalizing model nwt
I1005 21:19:51.119340 2047873024 master_component.cc:1473] DisposeModel rwt
I1005 21:19:51.138861 2047873024 master_component.cc:1059] FitOffline: ItemsProcessed, num_items=1728, num_batches=2, token_weight=808522, token_weight_in_effect=808522
I1005 21:19:51.139134 2047873024 c_interface.cc:389] Pass FitOfflineMasterModelArgs, batch_filename_size=2, batch_weight_size=2, num_collection_passes=1, reset_nwt=yes to MN4artm4core15MasterComponentEFvRKNS_25FitOfflineMasterModelArgsEE
I1005 21:19:51.139473 2047873024 master_component.cc:1398] ProcessBatchesArgs: nwt_target_name=nwt, batch_filename_size=2, batch_size=0, batch_weight_size=2, pwt_source_name=pwt, num_document_passes=1, regularizer=(name:SmoothSparsePhi_bcg, tau:100000), regularizer=(name:SmoothSparsePhi_sbj, tau:-100000), class=(text:1), class=(author:1), reuse_theta=yes, opt_for_avx=yes, predict_class_id=, reset_nwt=yes
I1005 21:19:51.156924 24846336 processor.cc:747] Processing queue has data, processing started
I1005 21:19:51.156926 26456064 processor.cc:747] Processing queue has data, processing started
