I1005 20:44:12.986577 24309760 processor.cc:747] Processing queue has data, processing started
I1005 20:44:12.986596 24846336 processor.cc:747] Processing queue has data, processing started
I1005 20:44:12.999888 24309760 processor.cc:820] Processor: start processing batch ce56aeaa-c45a-44d3-94bb-0576c2c86967 into model nwt
I1005 20:44:13.010771 24846336 processor.cc:820] Processor: start processing batch 7a20de0e-9086-4daf-9f2f-5d8ba23ddbcb into model nwt
I1005 20:44:13.158941 24309760 processor.cc:925] Processor: complete processing batch ce56aeaa-c45a-44d3-94bb-0576c2c86967 into model nwt
I1005 20:44:13.163877 24309760 cuckoo_watch.h:45] 177ms in ProcessBatch(lectures_batches/aaaaaa.batch) [including 13ms in LoadMessage; 7ms in InitializeSparseNdw; 0ms in FindReuseThetaCacheEntry; 9ms in InitializeTheta; 0ms in CreateRegularizerAgents; 90ms in InferThetaAndUpdateNwtSparse; 0ms in UpdateCacheEntry; 50ms in CalculateScore(^^^ItemsProcessedScore^^^); ]
I1005 20:44:13.187456 24309760 processor.cc:740] No data in processing queue, waiting...
I1005 20:44:13.335809 24846336 processor.cc:925] Processor: complete processing batch 7a20de0e-9086-4daf-9f2f-5d8ba23ddbcb into model nwt
I1005 20:44:13.342414 24846336 cuckoo_watch.h:45] 355ms in ProcessBatch(lectures_batches/aaaaab.batch) [including 24ms in LoadMessage; 21ms in InitializeSparseNdw; 0ms in FindReuseThetaCacheEntry; 4ms in InitializeTheta; 0ms in CreateRegularizerAgents; 192ms in InferThetaAndUpdateNwtSparse; 0ms in UpdateCacheEntry; 106ms in CalculateScore(^^^ItemsProcessedScore^^^); ]
I1005 20:44:13.343291 2047873024 master_component.cc:1436] RegularizeModelArgs: rwt_target_name=rwt, pwt_source_name=pwt, nwt_source_name=nwt
I1005 20:44:13.343333 2047873024 master_component.cc:976] MasterComponent: start regularizing model pwt
I1005 20:44:13.366310 24846336 processor.cc:740] No data in processing queue, waiting...
I1005 20:44:13.444602 2047873024 master_component.cc:1002] MasterComponent: complete regularizing model pwt
I1005 20:44:13.444622 2047873024 master_component.cc:1449] NormalizeModelArgs: pwt_target_name=pwt, nwt_source_name=nwt, rwt_source_name=rwt
I1005 20:44:13.444628 2047873024 master_component.cc:1006] MasterComponent: start normalizing model nwt
I1005 20:44:13.535955 2047873024 master_component.cc:1034] MasterComponent: complete normalizing model nwt
I1005 20:44:13.618767 2047873024 master_component.cc:1473] DisposeModel rwt
I1005 20:44:13.634981 2047873024 master_component.cc:1059] FitOffline: ItemsProcessed, num_items=1728, num_batches=2, token_weight=808522, token_weight_in_effect=808522
I1005 20:44:13.635537 2047873024 c_interface.cc:389] Pass FitOfflineMasterModelArgs, batch_filename_size=2, batch_weight_size=2, num_collection_passes=1, reset_nwt=yes to MN4artm4core15MasterComponentEFvRKNS_25FitOfflineMasterModelArgsEE
I1005 20:44:13.635562 2047873024 master_component.cc:1398] ProcessBatchesArgs: nwt_target_name=nwt, batch_filename_size=2, batch_size=0, batch_weight_size=2, pwt_source_name=pwt, num_document_passes=1, regularizer=(name:SmoothPhi, tau:100000), class=(author:1), class=(text:1), reuse_theta=yes, opt_for_avx=yes, predict_class_id=, reset_nwt=yes
I1005 20:44:13.654268 23773184 processor.cc:747] Processing queue has data, processing started
I1005 20:44:13.654268 25919488 processor.cc:747] Processing queue has data, processing started
I1005 20:44:13.667696 23773184 processor.cc:820] Processor: start processing batch ce56aeaa-c45a-44d3-94bb-0576c2c86967 into model nwt
I1005 20:44:13.677791 25919488 processor.cc:820] Processor: start processing batch 7a20de0e-9086-4daf-9f2f-5d8ba23ddbcb into model nwt
I1005 20:44:13.825556 23773184 processor.cc:925] Processor: complete processing batch ce56aeaa-c45a-44d3-94bb-0576c2c86967 into model nwt
I1005 20:44:13.830683 23773184 cuckoo_watch.h:45] 176ms in ProcessBatch(lectures_batches/aaaaaa.batch) [including 13ms in LoadMessage; 7ms in InitializeSparseNdw; 0ms in FindReuseThetaCacheEntry; 7ms in InitializeTheta; 0ms in CreateRegularizerAgents; 90ms in InferThetaAndUpdateNwtSparse; 0ms in UpdateCacheEntry; 51ms in CalculateScore(^^^ItemsProcessedScore^^^); ]
I1005 20:44:13.855017 23773184 processor.cc:740] No data in processing queue, waiting...
I1005 20:44:14.003093 25919488 processor.cc:925] Processor: complete processing batch 7a20de0e-9086-4daf-9f2f-5d8ba23ddbcb into model nwt
I1005 20:44:14.011011 25919488 cuckoo_watch.h:45] 356ms in ProcessBatch(lectures_batches/aaaaab.batch) [including 23ms in LoadMessage; 21ms in InitializeSparseNdw; 0ms in FindReuseThetaCacheEntry; 3ms in InitializeTheta; 0ms in CreateRegularizerAgents; 189ms in InferThetaAndUpdateNwtSparse; 0ms in UpdateCacheEntry; 110ms in CalculateScore(^^^ItemsProcessedScore^^^); ]
I1005 20:44:14.011587 2047873024 master_component.cc:1436] RegularizeModelArgs: rwt_target_name=rwt, pwt_source_name=pwt, nwt_source_name=nwt
I1005 20:44:14.011622 2047873024 master_component.cc:976] MasterComponent: start regularizing model pwt
I1005 20:44:14.035205 25919488 processor.cc:740] No data in processing queue, waiting...
I1005 20:44:14.112814 2047873024 master_component.cc:1002] MasterComponent: complete regularizing model pwt
I1005 20:44:14.112836 2047873024 master_component.cc:1449] NormalizeModelArgs: pwt_target_name=pwt, nwt_source_name=nwt, rwt_source_name=rwt
I1005 20:44:14.112844 2047873024 master_component.cc:1006] MasterComponent: start normalizing model nwt
I1005 20:44:14.199365 2047873024 master_component.cc:1034] MasterComponent: complete normalizing model nwt
I1005 20:44:14.290750 2047873024 master_component.cc:1473] DisposeModel rwt
I1005 20:44:14.303613 2047873024 master_component.cc:1059] FitOffline: ItemsProcessed, num_items=1728, num_batches=2, token_weight=808522, token_weight_in_effect=808522
I1005 20:44:19.060988 2047873024 c_interface.cc:231] ArtmCopyRequestedMessage is copying 1271 bytes...
I1005 20:44:19.080844 2047873024 c_interface.cc:231] ArtmCopyRequestedMessage is copying 1261 bytes...
I1005 20:44:19.082155 2047873024 c_interface.cc:375] Pass 08ad44f6-cc8d-426a-9bf4-b7176ca5d1b0 to MN4artm4core15MasterComponentEFvRKNSt3__112basic_stringIcNS2_11char_traitsIcEENS2_9allocatorIcEEEEE
I1005 20:44:19.082186 2047873024 c_interface.cc:339] Disposing MasterComponent (id=1)...
I1005 20:44:19.082212 2047873024 c_interface.cc:375] Pass 9bd837ea-f956-4630-b0d7-55d9201213b7 to MN4artm4core15MasterComponentEFvRKNSt3__112basic_stringIcNS2_11char_traitsIcEENS2_9allocatorIcEEEEE
I1005 20:44:19.082226 2047873024 c_interface.cc:339] Disposing MasterComponent (id=2)...
I1005 20:44:19.087302 2047873024 c_interface.cc:231] ArtmCopyRequestedMessage is copying 1271 bytes...
I1005 20:44:19.089407 2047873024 c_interface.cc:231] ArtmCopyRequestedMessage is copying 1261 bytes...
I1006 00:15:48.259790 2047873024 c_interface.cc:271] Pass MasterModelConfig: topic_name_size=0, score_config_size=1, num_processors=0, pwt_name=pwt, nwt_name=nwt, num_document_passes=0, reuse_theta=no, cache_theta=no, opt_for_avx=yes, disk_cache_path= to ArtmCreateMasterModel
I1006 00:15:48.261574 2047873024 c_interface.cc:274] Creating MasterModel (id=6)...
I1006 00:15:48.263376 2047873024 collection_parser.cc:557] CollectionParserConfig.num_threads is automatically set to 8
W1006 00:15:48.838668 25382912 helpers.cc:221] File already exists: lectures_batches/aaaaaa.batch
W1006 00:15:49.588182 33857536 helpers.cc:221] File already exists: lectures_batches/aaaaab.batch
I1006 00:15:49.666005 2047873024 c_interface.cc:375] Pass 7482d393-88e9-4da3-8e30-e8af127759a8 to MN4artm4core15MasterComponentEFvRKNSt3__112basic_stringIcNS2_11char_traitsIcEENS2_9allocatorIcEEEEE
I1006 00:15:49.666373 2047873024 c_interface.cc:389] Pass GatherDictionaryArgs: dictionary_target_name=7482d393-88e9-4da3-8e30-e8af127759a8, data_path=lectures_batches, symmetric_cooc_values=0 to MN4artm4core15MasterComponentEFvRKNS_20GatherDictionaryArgsEE
I1006 00:15:49.666446 2047873024 dictionary_operations.cc:261] Found 2 batches in 'lectures_batches' folder
I1006 00:15:49.763123 2047873024 dictionary_operations.cc:325] Find 26866 unique tokens in 1728 items
I1006 00:15:49.802907 2047873024 dictionary_operations.cc:589] Dictionary name='7482d393-88e9-4da3-8e30-e8af127759a8' contains entries: author:539; text:26327; 
I1006 00:15:49.803104 2047873024 c_interface.cc:375] Pass adb3c194-959d-4d00-9e6f-e28380eb04c8 to MN4artm4core15MasterComponentEFvRKNSt3__112basic_stringIcNS2_11char_traitsIcEENS2_9allocatorIcEEEEE
I1006 00:15:49.820782 2047873024 c_interface.cc:339] Disposing MasterComponent (id=3)...
I1006 00:15:49.828258 2047873024 c_interface.cc:271] Pass MasterModelConfig: topic_name_size=30, class=(author:1), class=(text:1), score_config_size=1, num_processors=0, pwt_name=pwt, nwt_name=nwt, num_document_passes=10, reuse_theta=yes, cache_theta=yes, opt_for_avx=yes, disk_cache_path= to ArtmCreateMasterModel
I1006 00:15:49.828284 2047873024 instance.cc:401] MasterModelConfig.processors_count is automatically set to 8
I1006 00:15:49.828367 25382912 processor.cc:724] Processor thread started
I1006 00:15:49.828375 33857536 processor.cc:724] Processor thread started
I1006 00:15:49.828388 34394112 processor.cc:724] Processor thread started
I1006 00:15:49.828392 34930688 processor.cc:724] Processor thread started
I1006 00:15:49.828408 35467264 processor.cc:724] Processor thread started
I1006 00:15:49.828418 36003840 processor.cc:724] Processor thread started
I1006 00:15:49.828439 2047873024 c_interface.cc:274] Creating MasterModel (id=7)...
I1006 00:15:49.828434 36540416 processor.cc:724] Processor thread started
I1006 00:15:49.828447 37076992 processor.cc:724] Processor thread started
I1006 00:15:49.828999 28065792 processor.cc:732] Processor thread stopped
I1006 00:15:49.829022 28065792 processor.cc:733] Total number of processed batches: 6
I1006 00:15:49.830281 27529216 processor.cc:732] Processor thread stopped
I1006 00:15:49.830302 27529216 processor.cc:733] Total number of processed batches: 4
I1006 00:15:49.831485 26992640 processor.cc:732] Processor thread stopped
I1006 00:15:49.831506 26992640 processor.cc:733] Total number of processed batches: 12
I1006 00:15:49.832763 26456064 processor.cc:732] Processor thread stopped
I1006 00:15:49.832784 26456064 processor.cc:733] Total number of processed batches: 10
I1006 00:15:49.834036 25919488 processor.cc:732] Processor thread stopped
I1006 00:15:49.834058 25919488 processor.cc:733] Total number of processed batches: 10
I1006 00:15:49.835228 24846336 processor.cc:732] Processor thread stopped
I1006 00:15:49.835247 24846336 processor.cc:733] Total number of processed batches: 6
I1006 00:15:49.836535 24309760 processor.cc:732] Processor thread stopped
I1006 00:15:49.836556 24309760 processor.cc:733] Total number of processed batches: 7
I1006 00:15:49.837821 23773184 processor.cc:732] Processor thread stopped
I1006 00:15:49.837842 23773184 processor.cc:733] Total number of processed batches: 5
I1006 00:15:49.851883 36003840 processor.cc:740] No data in processing queue, waiting...
I1006 00:15:49.851928 34394112 processor.cc:740] No data in processing queue, waiting...
I1006 00:15:49.852207 35467264 processor.cc:740] No data in processing queue, waiting...
I1006 00:15:49.852224 33857536 processor.cc:740] No data in processing queue, waiting...
I1006 00:15:49.852236 25382912 processor.cc:740] No data in processing queue, waiting...
I1006 00:15:49.852239 37076992 processor.cc:740] No data in processing queue, waiting...
I1006 00:15:49.852246 34930688 processor.cc:740] No data in processing queue, waiting...
I1006 00:15:49.852241 36540416 processor.cc:740] No data in processing queue, waiting...
I1006 00:15:49.925381 2047873024 c_interface.cc:339] Disposing MasterComponent (id=4)...
I1006 00:15:49.934537 2047873024 c_interface.cc:271] Pass MasterModelConfig: topic_name_size=0, score_config_size=1, num_processors=0, pwt_name=pwt, nwt_name=nwt, num_document_passes=0, reuse_theta=no, cache_theta=no, opt_for_avx=yes, disk_cache_path= to ArtmCreateMasterModel
I1006 00:15:49.934557 2047873024 c_interface.cc:274] Creating MasterModel (id=8)...
I1006 00:15:49.935246 2047873024 c_interface.cc:375] Pass dictionary to MN4artm4core15MasterComponentEFvRKNSt3__112basic_stringIcNS2_11char_traitsIcEENS2_9allocatorIcEEEEE
I1006 00:15:49.947949 2047873024 c_interface.cc:339] Disposing MasterComponent (id=5)...
I1006 00:15:49.948096 2047873024 c_interface.cc:375] Pass dictionary to MN4artm4core15MasterComponentEFvRKNSt3__112basic_stringIcNS2_11char_traitsIcEENS2_9allocatorIcEEEEE
I1006 00:15:49.948251 2047873024 c_interface.cc:389] Pass GatherDictionaryArgs: dictionary_target_name=dictionary, data_path=lectures_batches, symmetric_cooc_values=0 to MN4artm4core15MasterComponentEFvRKNS_20GatherDictionaryArgsEE
I1006 00:15:49.948323 2047873024 dictionary_operations.cc:261] Found 2 batches in 'lectures_batches' folder
I1006 00:15:50.052500 2047873024 dictionary_operations.cc:325] Find 26866 unique tokens in 1728 items
I1006 00:15:50.091388 2047873024 dictionary_operations.cc:589] Dictionary name='dictionary' contains entries: author:539; text:26327; 
I1006 00:15:50.091869 2047873024 c_interface.cc:375] Pass pwt to MN4artm4core15MasterComponentEFvRKNSt3__112basic_stringIcNS2_11char_traitsIcEENS2_9allocatorIcEEEEE
I1006 00:15:50.091913 2047873024 c_interface.cc:375] Pass nwt to MN4artm4core15MasterComponentEFvRKNSt3__112basic_stringIcNS2_11char_traitsIcEENS2_9allocatorIcEEEEE
I1006 00:15:50.092474 2047873024 c_interface.cc:389] Pass InitializeModelArgs: model_name=pwt, dictionary_name=dictionary, topic_name_size=30, seed=-1 to MN4artm4core15MasterComponentEFvRKNS_19InitializeModelArgsEE
I1006 00:15:50.238287 2047873024 master_component.cc:664] InitializeModel() created matrix pwt with 30 topics and 26866 tokens; 
I1006 00:15:50.238652 2047873024 c_interface.cc:389] Pass InitializeModelArgs: model_name=nwt, dictionary_name=dictionary, topic_name_size=30, seed=-1 to MN4artm4core15MasterComponentEFvRKNS_19InitializeModelArgsEE
I1006 00:15:50.387120 2047873024 master_component.cc:664] InitializeModel() created matrix nwt with 30 topics and 26866 tokens; 
I1006 00:15:50.387373 2047873024 c_interface.cc:231] ArtmCopyRequestedMessage is copying 311 bytes...
I1006 00:15:50.395562 2047873024 c_interface.cc:389] Pass MasterModelConfig: topic_name_size=30, class=(author:1), class=(text:1), score_config_size=2, num_processors=0, pwt_name=pwt, nwt_name=nwt, num_document_passes=10, reuse_theta=yes, cache_theta=yes, opt_for_avx=yes, disk_cache_path= to MN4artm4core15MasterComponentEFvRKNS_17MasterModelConfigEE
I1006 00:15:50.395591 2047873024 instance.cc:401] MasterModelConfig.processors_count is automatically set to 8
I1006 00:15:50.396162 2047873024 c_interface.cc:389] Pass MasterModelConfig: topic_name_size=30, class=(author:1), class=(text:1), score_config_size=3, num_processors=0, pwt_name=pwt, nwt_name=nwt, num_document_passes=10, reuse_theta=yes, cache_theta=yes, opt_for_avx=yes, disk_cache_path= to MN4artm4core15MasterComponentEFvRKNS_17MasterModelConfigEE
I1006 00:15:50.396186 2047873024 instance.cc:401] MasterModelConfig.processors_count is automatically set to 8
I1006 00:15:50.404134 2047873024 c_interface.cc:389] Pass MasterModelConfig: topic_name_size=30, class=(author:1), class=(text:1), score_config_size=4, num_processors=0, pwt_name=pwt, nwt_name=nwt, num_document_passes=10, reuse_theta=yes, cache_theta=yes, opt_for_avx=yes, disk_cache_path= to MN4artm4core15MasterComponentEFvRKNS_17MasterModelConfigEE
I1006 00:15:50.404181 2047873024 instance.cc:401] MasterModelConfig.processors_count is automatically set to 8
I1006 00:15:50.404862 2047873024 c_interface.cc:389] Pass MasterModelConfig: topic_name_size=30, class=(author:1), class=(text:1), score_config_size=5, num_processors=0, pwt_name=pwt, nwt_name=nwt, num_document_passes=10, reuse_theta=yes, cache_theta=yes, opt_for_avx=yes, disk_cache_path= to MN4artm4core15MasterComponentEFvRKNS_17MasterModelConfigEE
I1006 00:15:50.404880 2047873024 instance.cc:401] MasterModelConfig.processors_count is automatically set to 8
I1006 00:15:50.411355 2047873024 c_interface.cc:389] Pass MasterModelConfig: topic_name_size=30, class=(author:1), class=(text:1), score_config_size=5, num_processors=0, pwt_name=pwt, nwt_name=nwt, num_document_passes=10, regularizer=(SmoothPhi:100000), reuse_theta=yes, cache_theta=yes, opt_for_avx=yes, disk_cache_path= to MN4artm4core15MasterComponentEFvRKNS_17MasterModelConfigEE
I1006 00:15:50.411377 2047873024 instance.cc:401] MasterModelConfig.processors_count is automatically set to 8
I1006 00:15:50.411418 2047873024 instance.cc:232] Regularizer 'SmoothPhi' was cold-reconfigured
I1006 00:15:50.417006 2047873024 c_interface.cc:389] Pass MasterModelConfig: topic_name_size=30, class=(author:1), class=(text:1), score_config_size=5, num_processors=0, pwt_name=pwt, nwt_name=nwt, num_document_passes=1, regularizer=(SmoothPhi:100000), reuse_theta=yes, cache_theta=yes, opt_for_avx=yes, disk_cache_path= to MN4artm4core15MasterComponentEFvRKNS_17MasterModelConfigEE
I1006 00:15:50.417027 2047873024 instance.cc:401] MasterModelConfig.processors_count is automatically set to 8
I1006 00:15:50.417068 2047873024 instance.cc:232] Regularizer 'SmoothPhi' was cold-reconfigured
I1006 00:15:50.417959 2047873024 c_interface.cc:389] Pass FitOfflineMasterModelArgs, batch_filename_size=2, batch_weight_size=2, num_collection_passes=1, reset_nwt=yes to MN4artm4core15MasterComponentEFvRKNS_25FitOfflineMasterModelArgsEE
I1006 00:15:50.417971 2047873024 master_component.cc:1398] ProcessBatchesArgs: nwt_target_name=nwt, batch_filename_size=2, batch_size=0, batch_weight_size=2, pwt_source_name=pwt, num_document_passes=1, regularizer=(name:SmoothPhi, tau:100000), class=(author:1), class=(text:1), reuse_theta=yes, opt_for_avx=yes, predict_class_id=, reset_nwt=yes
I1006 00:15:50.430421 35467264 processor.cc:747] Processing queue has data, processing started
I1006 00:15:50.430418 36540416 processor.cc:747] Processing queue has data, processing started
I1006 00:15:50.445482 36540416 processor.cc:820] Processor: start processing batch cd6bbe5d-eae0-4d51-8376-eeffa300e5b5 into model nwt
I1006 00:15:50.456187 35467264 processor.cc:820] Processor: start processing batch a1431b18-19ba-4f2a-809f-5f0b45464dee into model nwt
I1006 00:15:50.591871 36540416 processor.cc:925] Processor: complete processing batch cd6bbe5d-eae0-4d51-8376-eeffa300e5b5 into model nwt
I1006 00:15:50.595448 36540416 cuckoo_watch.h:45] 164ms in ProcessBatch(lectures_batches/aaaaaa.batch) [including 15ms in LoadMessage; 9ms in InitializeSparseNdw; 0ms in FindReuseThetaCacheEntry; 0ms in InitializeTheta; 0ms in CreateRegularizerAgents; 87ms in InferThetaAndUpdateNwtSparse; 0ms in UpdateCacheEntry; 48ms in CalculateScore(^^^ItemsProcessedScore^^^); ]
I1006 00:15:50.619071 36540416 processor.cc:740] No data in processing queue, waiting...
I1006 00:15:50.747534 35467264 processor.cc:925] Processor: complete processing batch a1431b18-19ba-4f2a-809f-5f0b45464dee into model nwt
I1006 00:15:50.752576 35467264 cuckoo_watch.h:45] 322ms in ProcessBatch(lectures_batches/aaaaab.batch) [including 25ms in LoadMessage; 24ms in InitializeSparseNdw; 0ms in FindReuseThetaCacheEntry; 0ms in InitializeTheta; 0ms in CreateRegularizerAgents; 172ms in InferThetaAndUpdateNwtSparse; 0ms in UpdateCacheEntry; 94ms in CalculateScore(^^^ItemsProcessedScore^^^); ]
I1006 00:15:50.753010 2047873024 master_component.cc:1436] RegularizeModelArgs: rwt_target_name=rwt, pwt_source_name=pwt, nwt_source_name=nwt
I1006 00:15:50.753056 2047873024 master_component.cc:976] MasterComponent: start regularizing model pwt
I1006 00:15:50.776973 35467264 processor.cc:740] No data in processing queue, waiting...
I1006 00:15:50.845958 2047873024 master_component.cc:1002] MasterComponent: complete regularizing model pwt
I1006 00:15:50.845979 2047873024 master_component.cc:1449] NormalizeModelArgs: pwt_target_name=pwt, nwt_source_name=nwt, rwt_source_name=rwt
I1006 00:15:50.845985 2047873024 master_component.cc:1006] MasterComponent: start normalizing model nwt
I1006 00:15:50.912343 2047873024 master_component.cc:1034] MasterComponent: complete normalizing model nwt
I1006 00:15:51.005901 2047873024 master_component.cc:1473] DisposeModel rwt
I1006 00:15:51.020149 2047873024 master_component.cc:1059] FitOffline: ItemsProcessed, num_items=1728, num_batches=2, token_weight=808522, token_weight_in_effect=808522
I1006 00:15:51.020551 2047873024 c_interface.cc:389] Pass FitOfflineMasterModelArgs, batch_filename_size=2, batch_weight_size=2, num_collection_passes=1, reset_nwt=yes to MN4artm4core15MasterComponentEFvRKNS_25FitOfflineMasterModelArgsEE
I1006 00:15:51.020565 2047873024 master_component.cc:1398] ProcessBatchesArgs: nwt_target_name=nwt, batch_filename_size=2, batch_size=0, batch_weight_size=2, pwt_source_name=pwt, num_document_passes=1, regularizer=(name:SmoothPhi, tau:100000), class=(author:1), class=(text:1), reuse_theta=yes, opt_for_avx=yes, predict_class_id=, reset_nwt=yes
I1006 00:15:51.039955 36540416 processor.cc:747] Processing queue has data, processing started
I1006 00:15:51.039950 37076992 processor.cc:747] Processing queue has data, processing started
I1006 00:15:51.054517 37076992 processor.cc:820] Processor: start processing batch cd6bbe5d-eae0-4d51-8376-eeffa300e5b5 into model nwt
I1006 00:15:51.066061 36540416 processor.cc:820] Processor: start processing batch a1431b18-19ba-4f2a-809f-5f0b45464dee into model nwt
I1006 00:15:51.200443 37076992 processor.cc:925] Processor: complete processing batch cd6bbe5d-eae0-4d51-8376-eeffa300e5b5 into model nwt
I1006 00:15:51.204718 37076992 cuckoo_watch.h:45] 164ms in ProcessBatch(lectures_batches/aaaaaa.batch) [including 14ms in LoadMessage; 8ms in InitializeSparseNdw; 0ms in FindReuseThetaCacheEntry; 7ms in InitializeTheta; 0ms in CreateRegularizerAgents; 80ms in InferThetaAndUpdateNwtSparse; 0ms in UpdateCacheEntry; 48ms in CalculateScore(^^^ItemsProcessedScore^^^); ]
I1006 00:15:51.228785 37076992 processor.cc:740] No data in processing queue, waiting...
I1006 00:15:51.361618 36540416 processor.cc:925] Processor: complete processing batch a1431b18-19ba-4f2a-809f-5f0b45464dee into model nwt
I1006 00:15:51.368221 36540416 cuckoo_watch.h:45] 328ms in ProcessBatch(lectures_batches/aaaaab.batch) [including 26ms in LoadMessage; 17ms in InitializeSparseNdw; 0ms in FindReuseThetaCacheEntry; 3ms in InitializeTheta; 0ms in CreateRegularizerAgents; 170ms in InferThetaAndUpdateNwtSparse; 0ms in UpdateCacheEntry; 103ms in CalculateScore(^^^ItemsProcessedScore^^^); ]
I1006 00:15:51.369195 2047873024 master_component.cc:1436] RegularizeModelArgs: rwt_target_name=rwt, pwt_source_name=pwt, nwt_source_name=nwt
I1006 00:15:51.369256 2047873024 master_component.cc:976] MasterComponent: start regularizing model pwt
I1006 00:15:51.392031 36540416 processor.cc:740] No data in processing queue, waiting...
I1006 00:15:51.460083 2047873024 master_component.cc:1002] MasterComponent: complete regularizing model pwt
I1006 00:15:51.460101 2047873024 master_component.cc:1449] NormalizeModelArgs: pwt_target_name=pwt, nwt_source_name=nwt, rwt_source_name=rwt
I1006 00:15:51.460108 2047873024 master_component.cc:1006] MasterComponent: start normalizing model nwt
I1006 00:15:51.524124 2047873024 master_component.cc:1034] MasterComponent: complete normalizing model nwt
I1006 00:15:51.614212 2047873024 master_component.cc:1473] DisposeModel rwt
I1006 00:15:51.630210 2047873024 master_component.cc:1059] FitOffline: ItemsProcessed, num_items=1728, num_batches=2, token_weight=808522, token_weight_in_effect=808522
I1006 00:15:51.630455 2047873024 c_interface.cc:389] Pass FitOfflineMasterModelArgs, batch_filename_size=2, batch_weight_size=2, num_collection_passes=1, reset_nwt=yes to MN4artm4core15MasterComponentEFvRKNS_25FitOfflineMasterModelArgsEE
I1006 00:15:51.630466 2047873024 master_component.cc:1398] ProcessBatchesArgs: nwt_target_name=nwt, batch_filename_size=2, batch_size=0, batch_weight_size=2, pwt_source_name=pwt, num_document_passes=1, regularizer=(name:SmoothPhi, tau:100000), class=(author:1), class=(text:1), reuse_theta=yes, opt_for_avx=yes, predict_class_id=, reset_nwt=yes
I1006 00:15:51.647806 35467264 processor.cc:747] Processing queue has data, processing started
I1006 00:15:51.647814 25382912 processor.cc:747] Processing queue has data, processing started
I1006 00:15:51.662199 35467264 processor.cc:820] Processor: start processing batch cd6bbe5d-eae0-4d51-8376-eeffa300e5b5 into model nwt
I1006 00:15:51.672973 25382912 processor.cc:820] Processor: start processing batch a1431b18-19ba-4f2a-809f-5f0b45464dee into model nwt
I1006 00:15:51.817378 35467264 processor.cc:925] Processor: complete processing batch cd6bbe5d-eae0-4d51-8376-eeffa300e5b5 into model nwt
I1006 00:15:51.820958 35467264 cuckoo_watch.h:45] 173ms in ProcessBatch(lectures_batches/aaaaaa.batch) [including 14ms in LoadMessage; 7ms in InitializeSparseNdw; 0ms in FindReuseThetaCacheEntry; 8ms in InitializeTheta; 0ms in CreateRegularizerAgents; 90ms in InferThetaAndUpdateNwtSparse; 0ms in UpdateCacheEntry; 48ms in CalculateScore(^^^ItemsProcessedScore^^^); ]
I1006 00:15:51.843693 35467264 processor.cc:740] No data in processing queue, waiting...
I1006 00:15:51.968369 25382912 processor.cc:925] Processor: complete processing batch a1431b18-19ba-4f2a-809f-5f0b45464dee into model nwt
I1006 00:15:51.975029 25382912 cuckoo_watch.h:45] 327ms in ProcessBatch(lectures_batches/aaaaab.batch) [including 25ms in LoadMessage; 20ms in InitializeSparseNdw; 0ms in FindReuseThetaCacheEntry; 3ms in InitializeTheta; 0ms in CreateRegularizerAgents; 168ms in InferThetaAndUpdateNwtSparse; 0ms in UpdateCacheEntry; 101ms in CalculateScore(^^^ItemsProcessedScore^^^); ]
I1006 00:15:51.976212 2047873024 master_component.cc:1436] RegularizeModelArgs: rwt_target_name=rwt, pwt_source_name=pwt, nwt_source_name=nwt
I1006 00:15:51.976241 2047873024 master_component.cc:976] MasterComponent: start regularizing model pwt
I1006 00:15:51.998051 25382912 processor.cc:740] No data in processing queue, waiting...
I1006 00:15:52.063777 2047873024 master_component.cc:1002] MasterComponent: complete regularizing model pwt
I1006 00:15:52.063798 2047873024 master_component.cc:1449] NormalizeModelArgs: pwt_target_name=pwt, nwt_source_name=nwt, rwt_source_name=rwt
I1006 00:15:52.063804 2047873024 master_component.cc:1006] MasterComponent: start normalizing model nwt
I1006 00:15:52.132946 2047873024 master_component.cc:1034] MasterComponent: complete normalizing model nwt
I1006 00:15:52.225214 2047873024 master_component.cc:1473] DisposeModel rwt
I1006 00:15:52.237175 2047873024 master_component.cc:1059] FitOffline: ItemsProcessed, num_items=1728, num_batches=2, token_weight=808522, token_weight_in_effect=808522
I1006 00:15:52.237422 2047873024 c_interface.cc:389] Pass FitOfflineMasterModelArgs, batch_filename_size=2, batch_weight_size=2, num_collection_passes=1, reset_nwt=yes to MN4artm4core15MasterComponentEFvRKNS_25FitOfflineMasterModelArgsEE
I1006 00:15:52.237435 2047873024 master_component.cc:1398] ProcessBatchesArgs: nwt_target_name=nwt, batch_filename_size=2, batch_size=0, batch_weight_size=2, pwt_source_name=pwt, num_document_passes=1, regularizer=(name:SmoothPhi, tau:100000), class=(author:1), class=(text:1), reuse_theta=yes, opt_for_avx=yes, predict_class_id=, reset_nwt=yes
I1006 00:15:52.253597 35467264 processor.cc:747] Processing queue has data, processing started
I1006 00:15:52.253657 36003840 processor.cc:747] Processing queue has data, processing started
I1006 00:15:52.267524 35467264 processor.cc:820] Processor: start processing batch cd6bbe5d-eae0-4d51-8376-eeffa300e5b5 into model nwt
I1006 00:15:52.278040 36003840 processor.cc:820] Processor: start processing batch a1431b18-19ba-4f2a-809f-5f0b45464dee into model nwt
I1006 00:15:52.422297 35467264 processor.cc:925] Processor: complete processing batch cd6bbe5d-eae0-4d51-8376-eeffa300e5b5 into model nwt
I1006 00:15:52.426519 35467264 cuckoo_watch.h:45] 172ms in ProcessBatch(lectures_batches/aaaaaa.batch) [including 13ms in LoadMessage; 8ms in InitializeSparseNdw; 0ms in FindReuseThetaCacheEntry; 8ms in InitializeTheta; 0ms in CreateRegularizerAgents; 86ms in InferThetaAndUpdateNwtSparse; 0ms in UpdateCacheEntry; 51ms in CalculateScore(^^^ItemsProcessedScore^^^); ]
I1006 00:15:52.450119 35467264 processor.cc:740] No data in processing queue, waiting...
I1006 00:15:52.587930 36003840 processor.cc:925] Processor: complete processing batch a1431b18-19ba-4f2a-809f-5f0b45464dee into model nwt
I1006 00:15:52.594358 36003840 cuckoo_watch.h:45] 340ms in ProcessBatch(lectures_batches/aaaaab.batch) [including 24ms in LoadMessage; 20ms in InitializeSparseNdw; 0ms in FindReuseThetaCacheEntry; 3ms in InitializeTheta; 0ms in CreateRegularizerAgents; 176ms in InferThetaAndUpdateNwtSparse; 0ms in UpdateCacheEntry; 109ms in CalculateScore(^^^ItemsProcessedScore^^^); ]
I1006 00:15:52.595455 2047873024 master_component.cc:1436] RegularizeModelArgs: rwt_target_name=rwt, pwt_source_name=pwt, nwt_source_name=nwt
I1006 00:15:52.595490 2047873024 master_component.cc:976] MasterComponent: start regularizing model pwt
I1006 00:15:52.618237 36003840 processor.cc:740] No data in processing queue, waiting...
I1006 00:15:52.685467 2047873024 master_component.cc:1002] MasterComponent: complete regularizing model pwt
I1006 00:15:52.685488 2047873024 master_component.cc:1449] NormalizeModelArgs: pwt_target_name=pwt, nwt_source_name=nwt, rwt_source_name=rwt
I1006 00:15:52.685497 2047873024 master_component.cc:1006] MasterComponent: start normalizing model nwt
I1006 00:15:52.751132 2047873024 master_component.cc:1034] MasterComponent: complete normalizing model nwt
I1006 00:15:52.846424 2047873024 master_component.cc:1473] DisposeModel rwt
I1006 00:15:52.860802 2047873024 master_component.cc:1059] FitOffline: ItemsProcessed, num_items=1728, num_batches=2, token_weight=808522, token_weight_in_effect=808522
I1006 00:15:52.861029 2047873024 c_interface.cc:389] Pass FitOfflineMasterModelArgs, batch_filename_size=2, batch_weight_size=2, num_collection_passes=1, reset_nwt=yes to MN4artm4core15MasterComponentEFvRKNS_25FitOfflineMasterModelArgsEE
I1006 00:15:52.861042 2047873024 master_component.cc:1398] ProcessBatchesArgs: nwt_target_name=nwt, batch_filename_size=2, batch_size=0, batch_weight_size=2, pwt_source_name=pwt, num_document_passes=1, regularizer=(name:SmoothPhi, tau:100000), class=(author:1), class=(text:1), reuse_theta=yes, opt_for_avx=yes, predict_class_id=, reset_nwt=yes
I1006 00:15:52.880432 34930688 processor.cc:747] Processing queue has data, processing started
I1006 00:15:52.880432 25382912 processor.cc:747] Processing queue has data, processing started
I1006 00:15:52.893936 25382912 processor.cc:820] Processor: start processing batch cd6bbe5d-eae0-4d51-8376-eeffa300e5b5 into model nwt
I1006 00:15:52.905664 34930688 processor.cc:820] Processor: start processing batch a1431b18-19ba-4f2a-809f-5f0b45464dee into model nwt
I1006 00:15:53.042368 25382912 processor.cc:925] Processor: complete processing batch cd6bbe5d-eae0-4d51-8376-eeffa300e5b5 into model nwt
I1006 00:15:53.047466 25382912 cuckoo_watch.h:45] 166ms in ProcessBatch(lectures_batches/aaaaaa.batch) [including 13ms in LoadMessage; 7ms in InitializeSparseNdw; 0ms in FindReuseThetaCacheEntry; 8ms in InitializeTheta; 0ms in CreateRegularizerAgents; 85ms in InferThetaAndUpdateNwtSparse; 0ms in UpdateCacheEntry; 46ms in CalculateScore(^^^ItemsProcessedScore^^^); ]
I1006 00:15:53.070199 25382912 processor.cc:740] No data in processing queue, waiting...
I1006 00:15:53.203877 34930688 processor.cc:925] Processor: complete processing batch a1431b18-19ba-4f2a-809f-5f0b45464dee into model nwt
I1006 00:15:53.210158 34930688 cuckoo_watch.h:45] 329ms in ProcessBatch(lectures_batches/aaaaab.batch) [including 25ms in LoadMessage; 20ms in InitializeSparseNdw; 0ms in FindReuseThetaCacheEntry; 3ms in InitializeTheta; 0ms in CreateRegularizerAgents; 174ms in InferThetaAndUpdateNwtSparse; 0ms in UpdateCacheEntry; 99ms in CalculateScore(^^^ItemsProcessedScore^^^); ]
I1006 00:15:53.210515 2047873024 master_component.cc:1436] RegularizeModelArgs: rwt_target_name=rwt, pwt_source_name=pwt, nwt_source_name=nwt
I1006 00:15:53.210542 2047873024 master_component.cc:976] MasterComponent: start regularizing model pwt
I1006 00:15:53.234014 34930688 processor.cc:740] No data in processing queue, waiting...
I1006 00:15:53.303064 2047873024 master_component.cc:1002] MasterComponent: complete regularizing model pwt
I1006 00:15:53.303086 2047873024 master_component.cc:1449] NormalizeModelArgs: pwt_target_name=pwt, nwt_source_name=nwt, rwt_source_name=rwt
I1006 00:15:53.303094 2047873024 master_component.cc:1006] MasterComponent: start normalizing model nwt
I1006 00:15:53.374467 2047873024 master_component.cc:1034] MasterComponent: complete normalizing model nwt
I1006 00:15:53.471873 2047873024 master_component.cc:1473] DisposeModel rwt
I1006 00:15:53.486026 2047873024 master_component.cc:1059] FitOffline: ItemsProcessed, num_items=1728, num_batches=2, token_weight=808522, token_weight_in_effect=808522
I1006 00:15:53.486289 2047873024 c_interface.cc:389] Pass FitOfflineMasterModelArgs, batch_filename_size=2, batch_weight_size=2, num_collection_passes=1, reset_nwt=yes to MN4artm4core15MasterComponentEFvRKNS_25FitOfflineMasterModelArgsEE
I1006 00:15:53.486302 2047873024 master_component.cc:1398] ProcessBatchesArgs: nwt_target_name=nwt, batch_filename_size=2, batch_size=0, batch_weight_size=2, pwt_source_name=pwt, num_document_passes=1, regularizer=(name:SmoothPhi, tau:100000), class=(author:1), class=(text:1), reuse_theta=yes, opt_for_avx=yes, predict_class_id=, reset_nwt=yes
I1006 00:15:53.505101 36540416 processor.cc:747] Processing queue has data, processing started
I1006 00:15:53.505131 33857536 processor.cc:747] Processing queue has data, processing started
I1006 00:15:53.518821 36540416 processor.cc:820] Processor: start processing batch cd6bbe5d-eae0-4d51-8376-eeffa300e5b5 into model nwt
I1006 00:15:53.529593 33857536 processor.cc:820] Processor: start processing batch a1431b18-19ba-4f2a-809f-5f0b45464dee into model nwt
I1006 00:15:53.662701 36540416 processor.cc:925] Processor: complete processing batch cd6bbe5d-eae0-4d51-8376-eeffa300e5b5 into model nwt
I1006 00:15:53.666712 36540416 cuckoo_watch.h:45] 161ms in ProcessBatch(lectures_batches/aaaaaa.batch) [including 13ms in LoadMessage; 7ms in InitializeSparseNdw; 0ms in FindReuseThetaCacheEntry; 9ms in InitializeTheta; 0ms in CreateRegularizerAgents; 81ms in InferThetaAndUpdateNwtSparse; 0ms in UpdateCacheEntry; 45ms in CalculateScore(^^^ItemsProcessedScore^^^); ]
I1006 00:15:53.691004 36540416 processor.cc:740] No data in processing queue, waiting...
I1006 00:15:53.831564 33857536 processor.cc:925] Processor: complete processing batch a1431b18-19ba-4f2a-809f-5f0b45464dee into model nwt
I1006 00:15:53.839233 33857536 cuckoo_watch.h:45] 334ms in ProcessBatch(lectures_batches/aaaaab.batch) [including 24ms in LoadMessage; 21ms in InitializeSparseNdw; 0ms in FindReuseThetaCacheEntry; 3ms in InitializeTheta; 0ms in CreateRegularizerAgents; 166ms in InferThetaAndUpdateNwtSparse; 0ms in UpdateCacheEntry; 109ms in CalculateScore(^^^ItemsProcessedScore^^^); ]
I1006 00:15:53.839854 2047873024 master_component.cc:1436] RegularizeModelArgs: rwt_target_name=rwt, pwt_source_name=pwt, nwt_source_name=nwt
I1006 00:15:53.839891 2047873024 master_component.cc:976] MasterComponent: start regularizing model pwt
I1006 00:15:53.863605 33857536 processor.cc:740] No data in processing queue, waiting...
I1006 00:15:53.942095 2047873024 master_component.cc:1002] MasterComponent: complete regularizing model pwt
I1006 00:15:53.942147 2047873024 master_component.cc:1449] NormalizeModelArgs: pwt_target_name=pwt, nwt_source_name=nwt, rwt_source_name=rwt
I1006 00:15:53.942154 2047873024 master_component.cc:1006] MasterComponent: start normalizing model nwt
I1006 00:15:54.009743 2047873024 master_component.cc:1034] MasterComponent: complete normalizing model nwt
I1006 00:15:54.107343 2047873024 master_component.cc:1473] DisposeModel rwt
I1006 00:15:54.121742 2047873024 master_component.cc:1059] FitOffline: ItemsProcessed, num_items=1728, num_batches=2, token_weight=808522, token_weight_in_effect=808522
I1006 00:15:54.122112 2047873024 c_interface.cc:389] Pass FitOfflineMasterModelArgs, batch_filename_size=2, batch_weight_size=2, num_collection_passes=1, reset_nwt=yes to MN4artm4core15MasterComponentEFvRKNS_25FitOfflineMasterModelArgsEE
I1006 00:15:54.122129 2047873024 master_component.cc:1398] ProcessBatchesArgs: nwt_target_name=nwt, batch_filename_size=2, batch_size=0, batch_weight_size=2, pwt_source_name=pwt, num_document_passes=1, regularizer=(name:SmoothPhi, tau:100000), class=(author:1), class=(text:1), reuse_theta=yes, opt_for_avx=yes, predict_class_id=, reset_nwt=yes
I1006 00:15:54.142104 34394112 processor.cc:747] Processing queue has data, processing started
I1006 00:15:54.142127 34930688 processor.cc:747] Processing queue has data, processing started
I1006 00:15:54.156925 34394112 processor.cc:820] Processor: start processing batch cd6bbe5d-eae0-4d51-8376-eeffa300e5b5 into model nwt
I1006 00:15:54.167897 34930688 processor.cc:820] Processor: start processing batch a1431b18-19ba-4f2a-809f-5f0b45464dee into model nwt
I1006 00:15:54.316910 34394112 processor.cc:925] Processor: complete processing batch cd6bbe5d-eae0-4d51-8376-eeffa300e5b5 into model nwt
I1006 00:15:54.321141 34394112 cuckoo_watch.h:45] 178ms in ProcessBatch(lectures_batches/aaaaaa.batch) [including 14ms in LoadMessage; 8ms in InitializeSparseNdw; 0ms in FindReuseThetaCacheEntry; 9ms in InitializeTheta; 0ms in CreateRegularizerAgents; 90ms in InferThetaAndUpdateNwtSparse; 0ms in UpdateCacheEntry; 51ms in CalculateScore(^^^ItemsProcessedScore^^^); ]
I1006 00:15:54.345492 34394112 processor.cc:740] No data in processing queue, waiting...
I1006 00:15:54.483006 34930688 processor.cc:925] Processor: complete processing batch a1431b18-19ba-4f2a-809f-5f0b45464dee into model nwt
I1006 00:15:54.489840 34930688 cuckoo_watch.h:45] 347ms in ProcessBatch(lectures_batches/aaaaab.batch) [including 25ms in LoadMessage; 22ms in InitializeSparseNdw; 0ms in FindReuseThetaCacheEntry; 3ms in InitializeTheta; 0ms in CreateRegularizerAgents; 177ms in InferThetaAndUpdateNwtSparse; 0ms in UpdateCacheEntry; 110ms in CalculateScore(^^^ItemsProcessedScore^^^); ]
I1006 00:15:54.489935 2047873024 master_component.cc:1436] RegularizeModelArgs: rwt_target_name=rwt, pwt_source_name=pwt, nwt_source_name=nwt
I1006 00:15:54.489953 2047873024 master_component.cc:976] MasterComponent: start regularizing model pwt
I1006 00:15:54.513662 34930688 processor.cc:740] No data in processing queue, waiting...
I1006 00:15:54.583266 2047873024 master_component.cc:1002] MasterComponent: complete regularizing model pwt
I1006 00:15:54.583289 2047873024 master_component.cc:1449] NormalizeModelArgs: pwt_target_name=pwt, nwt_source_name=nwt, rwt_source_name=rwt
I1006 00:15:54.583297 2047873024 master_component.cc:1006] MasterComponent: start normalizing model nwt
I1006 00:15:54.653679 2047873024 master_component.cc:1034] MasterComponent: complete normalizing model nwt
I1006 00:15:54.755132 2047873024 master_component.cc:1473] DisposeModel rwt
I1006 00:15:54.767726 2047873024 master_component.cc:1059] FitOffline: ItemsProcessed, num_items=1728, num_batches=2, token_weight=808522, token_weight_in_effect=808522
I1006 00:15:54.767971 2047873024 c_interface.cc:389] Pass FitOfflineMasterModelArgs, batch_filename_size=2, batch_weight_size=2, num_collection_passes=1, reset_nwt=yes to MN4artm4core15MasterComponentEFvRKNS_25FitOfflineMasterModelArgsEE
I1006 00:15:54.768013 2047873024 master_component.cc:1398] ProcessBatchesArgs: nwt_target_name=nwt, batch_filename_size=2, batch_size=0, batch_weight_size=2, pwt_source_name=pwt, num_document_passes=1, regularizer=(name:SmoothPhi, tau:100000), class=(author:1), class=(text:1), reuse_theta=yes, opt_for_avx=yes, predict_class_id=, reset_nwt=yes
I1006 00:15:54.784090 37076992 processor.cc:747] Processing queue has data, processing started
I1006 00:15:54.784106 35467264 processor.cc:747] Processing queue has data, processing started
I1006 00:15:54.797834 37076992 processor.cc:820] Processor: start processing batch cd6bbe5d-eae0-4d51-8376-eeffa300e5b5 into model nwt
I1006 00:15:54.807894 35467264 processor.cc:820] Processor: start processing batch a1431b18-19ba-4f2a-809f-5f0b45464dee into model nwt
I1006 00:15:54.954788 37076992 processor.cc:925] Processor: complete processing batch cd6bbe5d-eae0-4d51-8376-eeffa300e5b5 into model nwt
I1006 00:15:54.959131 37076992 cuckoo_watch.h:45] 175ms in ProcessBatch(lectures_batches/aaaaaa.batch) [including 13ms in LoadMessage; 7ms in InitializeSparseNdw; 0ms in FindReuseThetaCacheEntry; 8ms in InitializeTheta; 0ms in CreateRegularizerAgents; 89ms in InferThetaAndUpdateNwtSparse; 0ms in UpdateCacheEntry; 50ms in CalculateScore(^^^ItemsProcessedScore^^^); ]
I1006 00:15:54.981603 37076992 processor.cc:740] No data in processing queue, waiting...
I1006 00:15:55.116897 35467264 processor.cc:925] Processor: complete processing batch a1431b18-19ba-4f2a-809f-5f0b45464dee into model nwt
I1006 00:15:55.123852 35467264 cuckoo_watch.h:45] 339ms in ProcessBatch(lectures_batches/aaaaab.batch) [including 23ms in LoadMessage; 21ms in InitializeSparseNdw; 0ms in FindReuseThetaCacheEntry; 3ms in InitializeTheta; 0ms in CreateRegularizerAgents; 174ms in InferThetaAndUpdateNwtSparse; 0ms in UpdateCacheEntry; 108ms in CalculateScore(^^^ItemsProcessedScore^^^); ]
I1006 00:15:55.124042 2047873024 master_component.cc:1436] RegularizeModelArgs: rwt_target_name=rwt, pwt_source_name=pwt, nwt_source_name=nwt
I1006 00:15:55.124064 2047873024 master_component.cc:976] MasterComponent: start regularizing model pwt
I1006 00:15:55.147918 35467264 processor.cc:740] No data in processing queue, waiting...
I1006 00:15:55.222759 2047873024 master_component.cc:1002] MasterComponent: complete regularizing model pwt
I1006 00:15:55.222779 2047873024 master_component.cc:1449] NormalizeModelArgs: pwt_target_name=pwt, nwt_source_name=nwt, rwt_source_name=rwt
I1006 00:15:55.222785 2047873024 master_component.cc:1006] MasterComponent: start normalizing model nwt
I1006 00:15:55.289782 2047873024 master_component.cc:1034] MasterComponent: complete normalizing model nwt
I1006 00:15:55.383265 2047873024 master_component.cc:1473] DisposeModel rwt
I1006 00:15:55.395586 2047873024 master_component.cc:1059] FitOffline: ItemsProcessed, num_items=1728, num_batches=2, token_weight=808522, token_weight_in_effect=808522
I1006 00:15:55.395849 2047873024 c_interface.cc:389] Pass FitOfflineMasterModelArgs, batch_filename_size=2, batch_weight_size=2, num_collection_passes=1, reset_nwt=yes to MN4artm4core15MasterComponentEFvRKNS_25FitOfflineMasterModelArgsEE
I1006 00:15:55.395861 2047873024 master_component.cc:1398] ProcessBatchesArgs: nwt_target_name=nwt, batch_filename_size=2, batch_size=0, batch_weight_size=2, pwt_source_name=pwt, num_document_passes=1, regularizer=(name:SmoothPhi, tau:100000), class=(author:1), class=(text:1), reuse_theta=yes, opt_for_avx=yes, predict_class_id=, reset_nwt=yes
I1006 00:15:55.412266 36540416 processor.cc:747] Processing queue has data, processing started
I1006 00:15:55.412276 25382912 processor.cc:747] Processing queue has data, processing started
I1006 00:15:55.425153 36540416 processor.cc:820] Processor: start processing batch cd6bbe5d-eae0-4d51-8376-eeffa300e5b5 into model nwt
I1006 00:15:55.435334 25382912 processor.cc:820] Processor: start processing batch a1431b18-19ba-4f2a-809f-5f0b45464dee into model nwt
I1006 00:15:55.581415 36540416 processor.cc:925] Processor: complete processing batch cd6bbe5d-eae0-4d51-8376-eeffa300e5b5 into model nwt
I1006 00:15:55.585652 36540416 cuckoo_watch.h:45] 173ms in ProcessBatch(lectures_batches/aaaaaa.batch) [including 12ms in LoadMessage; 7ms in InitializeSparseNdw; 0ms in FindReuseThetaCacheEntry; 8ms in InitializeTheta; 0ms in CreateRegularizerAgents; 88ms in InferThetaAndUpdateNwtSparse; 0ms in UpdateCacheEntry; 51ms in CalculateScore(^^^ItemsProcessedScore^^^); ]
I1006 00:15:55.609655 36540416 processor.cc:740] No data in processing queue, waiting...
I1006 00:15:55.744153 25382912 processor.cc:925] Processor: complete processing batch a1431b18-19ba-4f2a-809f-5f0b45464dee into model nwt
I1006 00:15:55.749970 25382912 cuckoo_watch.h:45] 337ms in ProcessBatch(lectures_batches/aaaaab.batch) [including 23ms in LoadMessage; 19ms in InitializeSparseNdw; 0ms in FindReuseThetaCacheEntry; 3ms in InitializeTheta; 0ms in CreateRegularizerAgents; 181ms in InferThetaAndUpdateNwtSparse; 0ms in UpdateCacheEntry; 103ms in CalculateScore(^^^ItemsProcessedScore^^^); ]
I1006 00:15:55.750727 2047873024 master_component.cc:1436] RegularizeModelArgs: rwt_target_name=rwt, pwt_source_name=pwt, nwt_source_name=nwt
I1006 00:15:55.750757 2047873024 master_component.cc:976] MasterComponent: start regularizing model pwt
I1006 00:15:55.773625 25382912 processor.cc:740] No data in processing queue, waiting...
I1006 00:15:55.840942 2047873024 master_component.cc:1002] MasterComponent: complete regularizing model pwt
I1006 00:15:55.840965 2047873024 master_component.cc:1449] NormalizeModelArgs: pwt_target_name=pwt, nwt_source_name=nwt, rwt_source_name=rwt
I1006 00:15:55.840970 2047873024 master_component.cc:1006] MasterComponent: start normalizing model nwt
I1006 00:15:55.906148 2047873024 master_component.cc:1034] MasterComponent: complete normalizing model nwt
I1006 00:15:55.999511 2047873024 master_component.cc:1473] DisposeModel rwt
I1006 00:15:56.012477 2047873024 master_component.cc:1059] FitOffline: ItemsProcessed, num_items=1728, num_batches=2, token_weight=808522, token_weight_in_effect=808522
I1006 00:15:56.012785 2047873024 c_interface.cc:389] Pass FitOfflineMasterModelArgs, batch_filename_size=2, batch_weight_size=2, num_collection_passes=1, reset_nwt=yes to MN4artm4core15MasterComponentEFvRKNS_25FitOfflineMasterModelArgsEE
I1006 00:15:56.012800 2047873024 master_component.cc:1398] ProcessBatchesArgs: nwt_target_name=nwt, batch_filename_size=2, batch_size=0, batch_weight_size=2, pwt_source_name=pwt, num_document_passes=1, regularizer=(name:SmoothPhi, tau:100000), class=(author:1), class=(text:1), reuse_theta=yes, opt_for_avx=yes, predict_class_id=, reset_nwt=yes
I1006 00:15:56.028726 33857536 processor.cc:747] Processing queue has data, processing started
I1006 00:15:56.028709 37076992 processor.cc:747] Processing queue has data, processing started
I1006 00:15:56.042412 37076992 processor.cc:820] Processor: start processing batch cd6bbe5d-eae0-4d51-8376-eeffa300e5b5 into model nwt
I1006 00:15:56.052685 33857536 processor.cc:820] Processor: start processing batch a1431b18-19ba-4f2a-809f-5f0b45464dee into model nwt
I1006 00:15:56.195217 37076992 processor.cc:925] Processor: complete processing batch cd6bbe5d-eae0-4d51-8376-eeffa300e5b5 into model nwt
I1006 00:15:56.199676 37076992 cuckoo_watch.h:45] 170ms in ProcessBatch(lectures_batches/aaaaaa.batch) [including 13ms in LoadMessage; 7ms in InitializeSparseNdw; 0ms in FindReuseThetaCacheEntry; 9ms in InitializeTheta; 0ms in CreateRegularizerAgents; 85ms in InferThetaAndUpdateNwtSparse; 0ms in UpdateCacheEntry; 50ms in CalculateScore(^^^ItemsProcessedScore^^^); ]
I1006 00:15:56.223491 37076992 processor.cc:740] No data in processing queue, waiting...
I1006 00:15:56.370448 33857536 processor.cc:925] Processor: complete processing batch a1431b18-19ba-4f2a-809f-5f0b45464dee into model nwt
I1006 00:15:56.376626 33857536 cuckoo_watch.h:45] 347ms in ProcessBatch(lectures_batches/aaaaab.batch) [including 23ms in LoadMessage; 20ms in InitializeSparseNdw; 0ms in FindReuseThetaCacheEntry; 3ms in InitializeTheta; 0ms in CreateRegularizerAgents; 179ms in InferThetaAndUpdateNwtSparse; 0ms in UpdateCacheEntry; 114ms in CalculateScore(^^^ItemsProcessedScore^^^); ]
I1006 00:15:56.376838 2047873024 master_component.cc:1436] RegularizeModelArgs: rwt_target_name=rwt, pwt_source_name=pwt, nwt_source_name=nwt
I1006 00:15:56.376862 2047873024 master_component.cc:976] MasterComponent: start regularizing model pwt
I1006 00:15:56.400633 33857536 processor.cc:740] No data in processing queue, waiting...
I1006 00:15:56.476227 2047873024 master_component.cc:1002] MasterComponent: complete regularizing model pwt
I1006 00:15:56.476248 2047873024 master_component.cc:1449] NormalizeModelArgs: pwt_target_name=pwt, nwt_source_name=nwt, rwt_source_name=rwt
I1006 00:15:56.476253 2047873024 master_component.cc:1006] MasterComponent: start normalizing model nwt
I1006 00:15:56.541720 2047873024 master_component.cc:1034] MasterComponent: complete normalizing model nwt
I1006 00:15:56.635884 2047873024 master_component.cc:1473] DisposeModel rwt
I1006 00:15:56.647613 2047873024 master_component.cc:1059] FitOffline: ItemsProcessed, num_items=1728, num_batches=2, token_weight=808522, token_weight_in_effect=808522
I1006 00:15:56.647845 2047873024 c_interface.cc:389] Pass FitOfflineMasterModelArgs, batch_filename_size=2, batch_weight_size=2, num_collection_passes=1, reset_nwt=yes to MN4artm4core15MasterComponentEFvRKNS_25FitOfflineMasterModelArgsEE
I1006 00:15:56.647856 2047873024 master_component.cc:1398] ProcessBatchesArgs: nwt_target_name=nwt, batch_filename_size=2, batch_size=0, batch_weight_size=2, pwt_source_name=pwt, num_document_passes=1, regularizer=(name:SmoothPhi, tau:100000), class=(author:1), class=(text:1), reuse_theta=yes, opt_for_avx=yes, predict_class_id=, reset_nwt=yes
I1006 00:15:56.663619 36003840 processor.cc:747] Processing queue has data, processing started
I1006 00:15:56.663619 35467264 processor.cc:747] Processing queue has data, processing started
