I1006 00:16:07.050515 2047873024 master_component.cc:1473] DisposeModel rwt
I1006 00:16:07.066606 2047873024 master_component.cc:1059] FitOffline: ItemsProcessed, num_items=1728, num_batches=2, token_weight=808522, token_weight_in_effect=808522
I1006 00:16:07.066844 2047873024 c_interface.cc:389] Pass FitOfflineMasterModelArgs, batch_filename_size=2, batch_weight_size=2, num_collection_passes=1, reset_nwt=yes to MN4artm4core15MasterComponentEFvRKNS_25FitOfflineMasterModelArgsEE
I1006 00:16:07.066855 2047873024 master_component.cc:1398] ProcessBatchesArgs: nwt_target_name=nwt, batch_filename_size=2, batch_size=0, batch_weight_size=2, pwt_source_name=pwt, num_document_passes=1, regularizer=(name:SmoothPhi, tau:100000), class=(author:1), class=(text:1), reuse_theta=yes, opt_for_avx=yes, predict_class_id=, reset_nwt=yes
I1006 00:16:07.086071 37076992 processor.cc:747] Processing queue has data, processing started
I1006 00:16:07.086107 35467264 processor.cc:747] Processing queue has data, processing started
I1006 00:16:07.101871 37076992 processor.cc:820] Processor: start processing batch cd6bbe5d-eae0-4d51-8376-eeffa300e5b5 into model nwt
I1006 00:16:07.114553 35467264 processor.cc:820] Processor: start processing batch a1431b18-19ba-4f2a-809f-5f0b45464dee into model nwt
I1006 00:16:07.268980 37076992 processor.cc:925] Processor: complete processing batch cd6bbe5d-eae0-4d51-8376-eeffa300e5b5 into model nwt
I1006 00:16:07.273792 37076992 cuckoo_watch.h:45] 187ms in ProcessBatch(lectures_batches/aaaaaa.batch) [including 15ms in LoadMessage; 9ms in InitializeSparseNdw; 0ms in FindReuseThetaCacheEntry; 8ms in InitializeTheta; 0ms in CreateRegularizerAgents; 94ms in InferThetaAndUpdateNwtSparse; 0ms in UpdateCacheEntry; 54ms in CalculateScore(^^^ItemsProcessedScore^^^); ]
I1006 00:16:07.297839 37076992 processor.cc:740] No data in processing queue, waiting...
I1006 00:16:07.443363 35467264 processor.cc:925] Processor: complete processing batch a1431b18-19ba-4f2a-809f-5f0b45464dee into model nwt
I1006 00:16:07.451350 35467264 cuckoo_watch.h:45] 365ms in ProcessBatch(lectures_batches/aaaaab.batch) [including 28ms in LoadMessage; 24ms in InitializeSparseNdw; 0ms in FindReuseThetaCacheEntry; 5ms in InitializeTheta; 0ms in CreateRegularizerAgents; 188ms in InferThetaAndUpdateNwtSparse; 0ms in UpdateCacheEntry; 110ms in CalculateScore(^^^ItemsProcessedScore^^^); ]
I1006 00:16:07.451360 2047873024 master_component.cc:1436] RegularizeModelArgs: rwt_target_name=rwt, pwt_source_name=pwt, nwt_source_name=nwt
I1006 00:16:07.451380 2047873024 master_component.cc:976] MasterComponent: start regularizing model pwt
I1006 00:16:07.475703 35467264 processor.cc:740] No data in processing queue, waiting...
I1006 00:16:07.564028 2047873024 master_component.cc:1002] MasterComponent: complete regularizing model pwt
I1006 00:16:07.564054 2047873024 master_component.cc:1449] NormalizeModelArgs: pwt_target_name=pwt, nwt_source_name=nwt, rwt_source_name=rwt
I1006 00:16:07.564060 2047873024 master_component.cc:1006] MasterComponent: start normalizing model nwt
I1006 00:16:07.654897 2047873024 master_component.cc:1034] MasterComponent: complete normalizing model nwt
I1006 00:16:07.742256 2047873024 master_component.cc:1473] DisposeModel rwt
I1006 00:16:07.757313 2047873024 master_component.cc:1059] FitOffline: ItemsProcessed, num_items=1728, num_batches=2, token_weight=808522, token_weight_in_effect=808522
I1006 00:16:07.757571 2047873024 c_interface.cc:389] Pass FitOfflineMasterModelArgs, batch_filename_size=2, batch_weight_size=2, num_collection_passes=1, reset_nwt=yes to MN4artm4core15MasterComponentEFvRKNS_25FitOfflineMasterModelArgsEE
I1006 00:16:07.757586 2047873024 master_component.cc:1398] ProcessBatchesArgs: nwt_target_name=nwt, batch_filename_size=2, batch_size=0, batch_weight_size=2, pwt_source_name=pwt, num_document_passes=1, regularizer=(name:SmoothPhi, tau:100000), class=(author:1), class=(text:1), reuse_theta=yes, opt_for_avx=yes, predict_class_id=, reset_nwt=yes
I1006 00:16:07.778163 34394112 processor.cc:747] Processing queue has data, processing started
I1006 00:16:07.778177 36003840 processor.cc:747] Processing queue has data, processing started
I1006 00:16:07.792920 34394112 processor.cc:820] Processor: start processing batch cd6bbe5d-eae0-4d51-8376-eeffa300e5b5 into model nwt
I1006 00:16:07.802891 36003840 processor.cc:820] Processor: start processing batch a1431b18-19ba-4f2a-809f-5f0b45464dee into model nwt
I1006 00:16:07.949436 34394112 processor.cc:925] Processor: complete processing batch cd6bbe5d-eae0-4d51-8376-eeffa300e5b5 into model nwt
I1006 00:16:07.953642 34394112 cuckoo_watch.h:45] 175ms in ProcessBatch(lectures_batches/aaaaaa.batch) [including 14ms in LoadMessage; 7ms in InitializeSparseNdw; 0ms in FindReuseThetaCacheEntry; 7ms in InitializeTheta; 0ms in CreateRegularizerAgents; 87ms in InferThetaAndUpdateNwtSparse; 0ms in UpdateCacheEntry; 53ms in CalculateScore(^^^ItemsProcessedScore^^^); ]
I1006 00:16:07.976807 34394112 processor.cc:740] No data in processing queue, waiting...
I1006 00:16:08.104336 36003840 processor.cc:925] Processor: complete processing batch a1431b18-19ba-4f2a-809f-5f0b45464dee into model nwt
I1006 00:16:08.110934 36003840 cuckoo_watch.h:45] 332ms in ProcessBatch(lectures_batches/aaaaab.batch) [including 24ms in LoadMessage; 21ms in InitializeSparseNdw; 0ms in FindReuseThetaCacheEntry; 3ms in InitializeTheta; 0ms in CreateRegularizerAgents; 179ms in InferThetaAndUpdateNwtSparse; 0ms in UpdateCacheEntry; 96ms in CalculateScore(^^^ItemsProcessedScore^^^); ]
I1006 00:16:08.111697 2047873024 master_component.cc:1436] RegularizeModelArgs: rwt_target_name=rwt, pwt_source_name=pwt, nwt_source_name=nwt
I1006 00:16:08.111745 2047873024 master_component.cc:976] MasterComponent: start regularizing model pwt
I1006 00:16:08.134678 36003840 processor.cc:740] No data in processing queue, waiting...
I1006 00:16:08.225488 2047873024 master_component.cc:1002] MasterComponent: complete regularizing model pwt
I1006 00:16:08.225512 2047873024 master_component.cc:1449] NormalizeModelArgs: pwt_target_name=pwt, nwt_source_name=nwt, rwt_source_name=rwt
I1006 00:16:08.225520 2047873024 master_component.cc:1006] MasterComponent: start normalizing model nwt
I1006 00:16:08.313917 2047873024 master_component.cc:1034] MasterComponent: complete normalizing model nwt
I1006 00:16:08.401798 2047873024 master_component.cc:1473] DisposeModel rwt
I1006 00:16:08.417863 2047873024 master_component.cc:1059] FitOffline: ItemsProcessed, num_items=1728, num_batches=2, token_weight=808522, token_weight_in_effect=808522
I1006 00:16:08.418107 2047873024 c_interface.cc:389] Pass FitOfflineMasterModelArgs, batch_filename_size=2, batch_weight_size=2, num_collection_passes=1, reset_nwt=yes to MN4artm4core15MasterComponentEFvRKNS_25FitOfflineMasterModelArgsEE
I1006 00:16:08.418119 2047873024 master_component.cc:1398] ProcessBatchesArgs: nwt_target_name=nwt, batch_filename_size=2, batch_size=0, batch_weight_size=2, pwt_source_name=pwt, num_document_passes=1, regularizer=(name:SmoothPhi, tau:100000), class=(author:1), class=(text:1), reuse_theta=yes, opt_for_avx=yes, predict_class_id=, reset_nwt=yes
I1006 00:16:08.437363 34930688 processor.cc:747] Processing queue has data, processing started
I1006 00:16:08.437367 25382912 processor.cc:747] Processing queue has data, processing started
I1006 00:16:08.451148 34930688 processor.cc:820] Processor: start processing batch cd6bbe5d-eae0-4d51-8376-eeffa300e5b5 into model nwt
I1006 00:16:08.461941 25382912 processor.cc:820] Processor: start processing batch a1431b18-19ba-4f2a-809f-5f0b45464dee into model nwt
I1006 00:16:08.605077 34930688 processor.cc:925] Processor: complete processing batch cd6bbe5d-eae0-4d51-8376-eeffa300e5b5 into model nwt
I1006 00:16:08.609305 34930688 cuckoo_watch.h:45] 171ms in ProcessBatch(lectures_batches/aaaaaa.batch) [including 13ms in LoadMessage; 7ms in InitializeSparseNdw; 0ms in FindReuseThetaCacheEntry; 8ms in InitializeTheta; 0ms in CreateRegularizerAgents; 88ms in InferThetaAndUpdateNwtSparse; 0ms in UpdateCacheEntry; 48ms in CalculateScore(^^^ItemsProcessedScore^^^); ]
I1006 00:16:08.633106 34930688 processor.cc:740] No data in processing queue, waiting...
I1006 00:16:08.764313 25382912 processor.cc:925] Processor: complete processing batch a1431b18-19ba-4f2a-809f-5f0b45464dee into model nwt
I1006 00:16:08.771430 25382912 cuckoo_watch.h:45] 334ms in ProcessBatch(lectures_batches/aaaaab.batch) [including 24ms in LoadMessage; 20ms in InitializeSparseNdw; 0ms in FindReuseThetaCacheEntry; 3ms in InitializeTheta; 0ms in CreateRegularizerAgents; 176ms in InferThetaAndUpdateNwtSparse; 0ms in UpdateCacheEntry; 102ms in CalculateScore(^^^ItemsProcessedScore^^^); ]
I1006 00:16:08.771737 2047873024 master_component.cc:1436] RegularizeModelArgs: rwt_target_name=rwt, pwt_source_name=pwt, nwt_source_name=nwt
I1006 00:16:08.771766 2047873024 master_component.cc:976] MasterComponent: start regularizing model pwt
I1006 00:16:08.795630 25382912 processor.cc:740] No data in processing queue, waiting...
I1006 00:16:08.880378 2047873024 master_component.cc:1002] MasterComponent: complete regularizing model pwt
I1006 00:16:08.880398 2047873024 master_component.cc:1449] NormalizeModelArgs: pwt_target_name=pwt, nwt_source_name=nwt, rwt_source_name=rwt
I1006 00:16:08.880404 2047873024 master_component.cc:1006] MasterComponent: start normalizing model nwt
I1006 00:16:08.973927 2047873024 master_component.cc:1034] MasterComponent: complete normalizing model nwt
I1006 00:16:09.065680 2047873024 master_component.cc:1473] DisposeModel rwt
I1006 00:16:09.085007 2047873024 master_component.cc:1059] FitOffline: ItemsProcessed, num_items=1728, num_batches=2, token_weight=808522, token_weight_in_effect=808522
I1006 00:16:09.085300 2047873024 c_interface.cc:389] Pass FitOfflineMasterModelArgs, batch_filename_size=2, batch_weight_size=2, num_collection_passes=1, reset_nwt=yes to MN4artm4core15MasterComponentEFvRKNS_25FitOfflineMasterModelArgsEE
I1006 00:16:09.085317 2047873024 master_component.cc:1398] ProcessBatchesArgs: nwt_target_name=nwt, batch_filename_size=2, batch_size=0, batch_weight_size=2, pwt_source_name=pwt, num_document_passes=1, regularizer=(name:SmoothPhi, tau:100000), class=(author:1), class=(text:1), reuse_theta=yes, opt_for_avx=yes, predict_class_id=, reset_nwt=yes
I1006 00:16:09.110200 34930688 processor.cc:747] Processing queue has data, processing started
I1006 00:16:09.110211 34394112 processor.cc:747] Processing queue has data, processing started
I1006 00:16:09.125152 34930688 processor.cc:820] Processor: start processing batch cd6bbe5d-eae0-4d51-8376-eeffa300e5b5 into model nwt
I1006 00:16:09.135864 34394112 processor.cc:820] Processor: start processing batch a1431b18-19ba-4f2a-809f-5f0b45464dee into model nwt
I1006 00:16:09.285369 34930688 processor.cc:925] Processor: complete processing batch cd6bbe5d-eae0-4d51-8376-eeffa300e5b5 into model nwt
I1006 00:16:09.290547 34930688 cuckoo_watch.h:45] 180ms in ProcessBatch(lectures_batches/aaaaaa.batch) [including 14ms in LoadMessage; 8ms in InitializeSparseNdw; 0ms in FindReuseThetaCacheEntry; 8ms in InitializeTheta; 0ms in CreateRegularizerAgents; 91ms in InferThetaAndUpdateNwtSparse; 0ms in UpdateCacheEntry; 51ms in CalculateScore(^^^ItemsProcessedScore^^^); ]
I1006 00:16:09.314854 34930688 processor.cc:740] No data in processing queue, waiting...
I1006 00:16:09.450454 34394112 processor.cc:925] Processor: complete processing batch a1431b18-19ba-4f2a-809f-5f0b45464dee into model nwt
I1006 00:16:09.457393 34394112 cuckoo_watch.h:45] 347ms in ProcessBatch(lectures_batches/aaaaab.batch) [including 25ms in LoadMessage; 20ms in InitializeSparseNdw; 0ms in FindReuseThetaCacheEntry; 3ms in InitializeTheta; 0ms in CreateRegularizerAgents; 184ms in InferThetaAndUpdateNwtSparse; 0ms in UpdateCacheEntry; 104ms in CalculateScore(^^^ItemsProcessedScore^^^); ]
I1006 00:16:09.458608 2047873024 master_component.cc:1436] RegularizeModelArgs: rwt_target_name=rwt, pwt_source_name=pwt, nwt_source_name=nwt
I1006 00:16:09.458652 2047873024 master_component.cc:976] MasterComponent: start regularizing model pwt
I1006 00:16:09.481209 34394112 processor.cc:740] No data in processing queue, waiting...
I1006 00:16:09.557355 2047873024 master_component.cc:1002] MasterComponent: complete regularizing model pwt
I1006 00:16:09.557374 2047873024 master_component.cc:1449] NormalizeModelArgs: pwt_target_name=pwt, nwt_source_name=nwt, rwt_source_name=rwt
I1006 00:16:09.557379 2047873024 master_component.cc:1006] MasterComponent: start normalizing model nwt
I1006 00:16:09.650944 2047873024 master_component.cc:1034] MasterComponent: complete normalizing model nwt
I1006 00:16:09.737253 2047873024 master_component.cc:1473] DisposeModel rwt
I1006 00:16:09.751925 2047873024 master_component.cc:1059] FitOffline: ItemsProcessed, num_items=1728, num_batches=2, token_weight=808522, token_weight_in_effect=808522
I1006 00:16:09.759219 2047873024 c_interface.cc:231] ArtmCopyRequestedMessage is copying 1271 bytes...
I1006 00:16:09.788209 2047873024 c_interface.cc:231] ArtmCopyRequestedMessage is copying 1261 bytes...
I1006 00:16:09.795053 2047873024 c_interface.cc:231] ArtmCopyRequestedMessage is copying 1271 bytes...
I1006 00:16:09.797637 2047873024 c_interface.cc:231] ArtmCopyRequestedMessage is copying 1261 bytes...
I1006 00:16:09.979166 2047873024 c_interface.cc:389] Pass MasterModelConfig: topic_name_size=30, class=(author:1), class=(text:1), score_config_size=5, num_processors=0, pwt_name=pwt, nwt_name=nwt, num_document_passes=1, regularizer=(SmoothPhi:100000), regularizer=(SparsePhi:-100000), reuse_theta=yes, cache_theta=yes, opt_for_avx=yes, disk_cache_path= to MN4artm4core15MasterComponentEFvRKNS_17MasterModelConfigEE
I1006 00:16:09.979223 2047873024 instance.cc:401] MasterModelConfig.processors_count is automatically set to 8
I1006 00:16:09.979281 2047873024 instance.cc:232] Regularizer 'SmoothPhi' was cold-reconfigured
I1006 00:16:09.979295 2047873024 instance.cc:232] Regularizer 'SparsePhi' was cold-reconfigured
I1006 00:16:09.984818 2047873024 c_interface.cc:389] Pass FitOfflineMasterModelArgs, batch_filename_size=2, batch_weight_size=2, num_collection_passes=1, reset_nwt=yes to MN4artm4core15MasterComponentEFvRKNS_25FitOfflineMasterModelArgsEE
I1006 00:16:09.984838 2047873024 master_component.cc:1398] ProcessBatchesArgs: nwt_target_name=nwt, batch_filename_size=2, batch_size=0, batch_weight_size=2, pwt_source_name=pwt, num_document_passes=1, regularizer=(name:SmoothPhi, tau:100000), regularizer=(name:SparsePhi, tau:-100000), class=(author:1), class=(text:1), reuse_theta=yes, opt_for_avx=yes, predict_class_id=, reset_nwt=yes
I1006 00:16:10.003679 34394112 processor.cc:747] Processing queue has data, processing started
I1006 00:16:10.003818 37076992 processor.cc:747] Processing queue has data, processing started
I1006 00:16:10.018234 34394112 processor.cc:820] Processor: start processing batch cd6bbe5d-eae0-4d51-8376-eeffa300e5b5 into model nwt
I1006 00:16:10.029506 37076992 processor.cc:820] Processor: start processing batch a1431b18-19ba-4f2a-809f-5f0b45464dee into model nwt
I1006 00:16:10.187420 34394112 processor.cc:925] Processor: complete processing batch cd6bbe5d-eae0-4d51-8376-eeffa300e5b5 into model nwt
I1006 00:16:10.193169 34394112 cuckoo_watch.h:45] 189ms in ProcessBatch(lectures_batches/aaaaaa.batch) [including 14ms in LoadMessage; 10ms in InitializeSparseNdw; 0ms in FindReuseThetaCacheEntry; 8ms in InitializeTheta; 0ms in CreateRegularizerAgents; 96ms in InferThetaAndUpdateNwtSparse; 0ms in UpdateCacheEntry; 52ms in CalculateScore(^^^ItemsProcessedScore^^^); ]
I1006 00:16:10.216755 34394112 processor.cc:740] No data in processing queue, waiting...
I1006 00:16:10.339362 37076992 processor.cc:925] Processor: complete processing batch a1431b18-19ba-4f2a-809f-5f0b45464dee into model nwt
I1006 00:16:10.345983 37076992 cuckoo_watch.h:45] 342ms in ProcessBatch(lectures_batches/aaaaab.batch) [including 25ms in LoadMessage; 21ms in InitializeSparseNdw; 0ms in FindReuseThetaCacheEntry; 3ms in InitializeTheta; 0ms in CreateRegularizerAgents; 180ms in InferThetaAndUpdateNwtSparse; 0ms in UpdateCacheEntry; 104ms in CalculateScore(^^^ItemsProcessedScore^^^); ]
I1006 00:16:10.346765 2047873024 master_component.cc:1436] RegularizeModelArgs: rwt_target_name=rwt, pwt_source_name=pwt, nwt_source_name=nwt
I1006 00:16:10.346801 2047873024 master_component.cc:976] MasterComponent: start regularizing model pwt
I1006 00:16:10.370342 37076992 processor.cc:740] No data in processing queue, waiting...
I1006 00:16:10.498209 2047873024 master_component.cc:1002] MasterComponent: complete regularizing model pwt
I1006 00:16:10.498234 2047873024 master_component.cc:1449] NormalizeModelArgs: pwt_target_name=pwt, nwt_source_name=nwt, rwt_source_name=rwt
I1006 00:16:10.498241 2047873024 master_component.cc:1006] MasterComponent: start normalizing model nwt
I1006 00:16:10.590615 2047873024 master_component.cc:1034] MasterComponent: complete normalizing model nwt
I1006 00:16:10.666168 2047873024 master_component.cc:1473] DisposeModel rwt
I1006 00:16:10.683012 2047873024 master_component.cc:1059] FitOffline: ItemsProcessed, num_items=1728, num_batches=2, token_weight=808522, token_weight_in_effect=808522
I1006 00:16:10.683280 2047873024 c_interface.cc:389] Pass FitOfflineMasterModelArgs, batch_filename_size=2, batch_weight_size=2, num_collection_passes=1, reset_nwt=yes to MN4artm4core15MasterComponentEFvRKNS_25FitOfflineMasterModelArgsEE
I1006 00:16:10.683295 2047873024 master_component.cc:1398] ProcessBatchesArgs: nwt_target_name=nwt, batch_filename_size=2, batch_size=0, batch_weight_size=2, pwt_source_name=pwt, num_document_passes=1, regularizer=(name:SmoothPhi, tau:100000), regularizer=(name:SparsePhi, tau:-100000), class=(author:1), class=(text:1), reuse_theta=yes, opt_for_avx=yes, predict_class_id=, reset_nwt=yes
I1006 00:16:10.707922 36003840 processor.cc:747] Processing queue has data, processing started
I1006 00:16:10.707983 25382912 processor.cc:747] Processing queue has data, processing started
I1006 00:16:10.723032 36003840 processor.cc:820] Processor: start processing batch cd6bbe5d-eae0-4d51-8376-eeffa300e5b5 into model nwt
I1006 00:16:10.733429 25382912 processor.cc:820] Processor: start processing batch a1431b18-19ba-4f2a-809f-5f0b45464dee into model nwt
I1006 00:16:10.886673 36003840 processor.cc:925] Processor: complete processing batch cd6bbe5d-eae0-4d51-8376-eeffa300e5b5 into model nwt
I1006 00:16:10.891279 36003840 cuckoo_watch.h:45] 183ms in ProcessBatch(lectures_batches/aaaaaa.batch) [including 15ms in LoadMessage; 8ms in InitializeSparseNdw; 0ms in FindReuseThetaCacheEntry; 8ms in InitializeTheta; 0ms in CreateRegularizerAgents; 93ms in InferThetaAndUpdateNwtSparse; 0ms in UpdateCacheEntry; 52ms in CalculateScore(^^^ItemsProcessedScore^^^); ]
I1006 00:16:10.915099 36003840 processor.cc:740] No data in processing queue, waiting...
I1006 00:16:11.055485 25382912 processor.cc:925] Processor: complete processing batch a1431b18-19ba-4f2a-809f-5f0b45464dee into model nwt
I1006 00:16:11.062719 25382912 cuckoo_watch.h:45] 354ms in ProcessBatch(lectures_batches/aaaaab.batch) [including 25ms in LoadMessage; 20ms in InitializeSparseNdw; 0ms in FindReuseThetaCacheEntry; 3ms in InitializeTheta; 0ms in CreateRegularizerAgents; 191ms in InferThetaAndUpdateNwtSparse; 0ms in UpdateCacheEntry; 106ms in CalculateScore(^^^ItemsProcessedScore^^^); ]
I1006 00:16:11.062911 2047873024 master_component.cc:1436] RegularizeModelArgs: rwt_target_name=rwt, pwt_source_name=pwt, nwt_source_name=nwt
I1006 00:16:11.062933 2047873024 master_component.cc:976] MasterComponent: start regularizing model pwt
I1006 00:16:11.086684 25382912 processor.cc:740] No data in processing queue, waiting...
I1006 00:16:11.202231 2047873024 master_component.cc:1002] MasterComponent: complete regularizing model pwt
I1006 00:16:11.202250 2047873024 master_component.cc:1449] NormalizeModelArgs: pwt_target_name=pwt, nwt_source_name=nwt, rwt_source_name=rwt
I1006 00:16:11.202256 2047873024 master_component.cc:1006] MasterComponent: start normalizing model nwt
I1006 00:16:11.286377 2047873024 master_component.cc:1034] MasterComponent: complete normalizing model nwt
I1006 00:16:11.354823 2047873024 master_component.cc:1473] DisposeModel rwt
I1006 00:16:11.375039 2047873024 master_component.cc:1059] FitOffline: ItemsProcessed, num_items=1728, num_batches=2, token_weight=808522, token_weight_in_effect=808522
I1006 00:16:11.375310 2047873024 c_interface.cc:389] Pass FitOfflineMasterModelArgs, batch_filename_size=2, batch_weight_size=2, num_collection_passes=1, reset_nwt=yes to MN4artm4core15MasterComponentEFvRKNS_25FitOfflineMasterModelArgsEE
I1006 00:16:11.375325 2047873024 master_component.cc:1398] ProcessBatchesArgs: nwt_target_name=nwt, batch_filename_size=2, batch_size=0, batch_weight_size=2, pwt_source_name=pwt, num_document_passes=1, regularizer=(name:SmoothPhi, tau:100000), regularizer=(name:SparsePhi, tau:-100000), class=(author:1), class=(text:1), reuse_theta=yes, opt_for_avx=yes, predict_class_id=, reset_nwt=yes
I1006 00:16:11.395931 37076992 processor.cc:747] Processing queue has data, processing started
I1006 00:16:11.395928 33857536 processor.cc:747] Processing queue has data, processing started
I1006 00:16:11.410641 33857536 processor.cc:820] Processor: start processing batch cd6bbe5d-eae0-4d51-8376-eeffa300e5b5 into model nwt
I1006 00:16:11.421211 37076992 processor.cc:820] Processor: start processing batch a1431b18-19ba-4f2a-809f-5f0b45464dee into model nwt
I1006 00:16:11.563710 33857536 processor.cc:925] Processor: complete processing batch cd6bbe5d-eae0-4d51-8376-eeffa300e5b5 into model nwt
I1006 00:16:11.568536 33857536 cuckoo_watch.h:45] 172ms in ProcessBatch(lectures_batches/aaaaaa.batch) [including 14ms in LoadMessage; 7ms in InitializeSparseNdw; 0ms in FindReuseThetaCacheEntry; 7ms in InitializeTheta; 0ms in CreateRegularizerAgents; 85ms in InferThetaAndUpdateNwtSparse; 0ms in UpdateCacheEntry; 51ms in CalculateScore(^^^ItemsProcessedScore^^^); ]
I1006 00:16:11.592635 33857536 processor.cc:740] No data in processing queue, waiting...
I1006 00:16:11.735074 37076992 processor.cc:925] Processor: complete processing batch a1431b18-19ba-4f2a-809f-5f0b45464dee into model nwt
I1006 00:16:11.742758 37076992 cuckoo_watch.h:45] 346ms in ProcessBatch(lectures_batches/aaaaab.batch) [including 25ms in LoadMessage; 18ms in InitializeSparseNdw; 0ms in FindReuseThetaCacheEntry; 3ms in InitializeTheta; 0ms in CreateRegularizerAgents; 177ms in InferThetaAndUpdateNwtSparse; 0ms in UpdateCacheEntry; 113ms in CalculateScore(^^^ItemsProcessedScore^^^); ]
I1006 00:16:11.743394 2047873024 master_component.cc:1436] RegularizeModelArgs: rwt_target_name=rwt, pwt_source_name=pwt, nwt_source_name=nwt
I1006 00:16:11.743446 2047873024 master_component.cc:976] MasterComponent: start regularizing model pwt
I1006 00:16:11.767148 37076992 processor.cc:740] No data in processing queue, waiting...
I1006 00:16:11.897331 2047873024 master_component.cc:1002] MasterComponent: complete regularizing model pwt
I1006 00:16:11.897354 2047873024 master_component.cc:1449] NormalizeModelArgs: pwt_target_name=pwt, nwt_source_name=nwt, rwt_source_name=rwt
I1006 00:16:11.897363 2047873024 master_component.cc:1006] MasterComponent: start normalizing model nwt
I1006 00:16:11.975265 2047873024 master_component.cc:1034] MasterComponent: complete normalizing model nwt
I1006 00:16:12.036814 2047873024 master_component.cc:1473] DisposeModel rwt
I1006 00:16:12.053989 2047873024 master_component.cc:1059] FitOffline: ItemsProcessed, num_items=1728, num_batches=2, token_weight=808522, token_weight_in_effect=808522
I1006 00:16:12.054219 2047873024 c_interface.cc:389] Pass FitOfflineMasterModelArgs, batch_filename_size=2, batch_weight_size=2, num_collection_passes=1, reset_nwt=yes to MN4artm4core15MasterComponentEFvRKNS_25FitOfflineMasterModelArgsEE
I1006 00:16:12.054230 2047873024 master_component.cc:1398] ProcessBatchesArgs: nwt_target_name=nwt, batch_filename_size=2, batch_size=0, batch_weight_size=2, pwt_source_name=pwt, num_document_passes=1, regularizer=(name:SmoothPhi, tau:100000), regularizer=(name:SparsePhi, tau:-100000), class=(author:1), class=(text:1), reuse_theta=yes, opt_for_avx=yes, predict_class_id=, reset_nwt=yes
I1006 00:16:12.073611 36003840 processor.cc:747] Processing queue has data, processing started
I1006 00:16:12.073648 36540416 processor.cc:747] Processing queue has data, processing started
I1006 00:16:12.087693 36003840 processor.cc:820] Processor: start processing batch cd6bbe5d-eae0-4d51-8376-eeffa300e5b5 into model nwt
I1006 00:16:12.098390 36540416 processor.cc:820] Processor: start processing batch a1431b18-19ba-4f2a-809f-5f0b45464dee into model nwt
I1006 00:16:12.235016 36003840 processor.cc:925] Processor: complete processing batch cd6bbe5d-eae0-4d51-8376-eeffa300e5b5 into model nwt
I1006 00:16:12.239163 36003840 cuckoo_watch.h:45] 165ms in ProcessBatch(lectures_batches/aaaaaa.batch) [including 14ms in LoadMessage; 8ms in InitializeSparseNdw; 0ms in FindReuseThetaCacheEntry; 7ms in InitializeTheta; 0ms in CreateRegularizerAgents; 85ms in InferThetaAndUpdateNwtSparse; 0ms in UpdateCacheEntry; 45ms in CalculateScore(^^^ItemsProcessedScore^^^); ]
I1006 00:16:12.263445 36003840 processor.cc:740] No data in processing queue, waiting...
I1006 00:16:12.394096 36540416 processor.cc:925] Processor: complete processing batch a1431b18-19ba-4f2a-809f-5f0b45464dee into model nwt
I1006 00:16:12.400812 36540416 cuckoo_watch.h:45] 327ms in ProcessBatch(lectures_batches/aaaaab.batch) [including 24ms in LoadMessage; 18ms in InitializeSparseNdw; 0ms in FindReuseThetaCacheEntry; 3ms in InitializeTheta; 0ms in CreateRegularizerAgents; 172ms in InferThetaAndUpdateNwtSparse; 0ms in UpdateCacheEntry; 100ms in CalculateScore(^^^ItemsProcessedScore^^^); ]
I1006 00:16:12.402109 2047873024 master_component.cc:1436] RegularizeModelArgs: rwt_target_name=rwt, pwt_source_name=pwt, nwt_source_name=nwt
I1006 00:16:12.402150 2047873024 master_component.cc:976] MasterComponent: start regularizing model pwt
I1006 00:16:12.424460 36540416 processor.cc:740] No data in processing queue, waiting...
I1006 00:16:12.535689 2047873024 master_component.cc:1002] MasterComponent: complete regularizing model pwt
I1006 00:16:12.535709 2047873024 master_component.cc:1449] NormalizeModelArgs: pwt_target_name=pwt, nwt_source_name=nwt, rwt_source_name=rwt
I1006 00:16:12.535717 2047873024 master_component.cc:1006] MasterComponent: start normalizing model nwt
I1006 00:16:12.611199 2047873024 master_component.cc:1034] MasterComponent: complete normalizing model nwt
I1006 00:16:12.675487 2047873024 master_component.cc:1473] DisposeModel rwt
I1006 00:16:12.693786 2047873024 master_component.cc:1059] FitOffline: ItemsProcessed, num_items=1728, num_batches=2, token_weight=808522, token_weight_in_effect=808522
I1006 00:16:12.694025 2047873024 c_interface.cc:389] Pass FitOfflineMasterModelArgs, batch_filename_size=2, batch_weight_size=2, num_collection_passes=1, reset_nwt=yes to MN4artm4core15MasterComponentEFvRKNS_25FitOfflineMasterModelArgsEE
I1006 00:16:12.694038 2047873024 master_component.cc:1398] ProcessBatchesArgs: nwt_target_name=nwt, batch_filename_size=2, batch_size=0, batch_weight_size=2, pwt_source_name=pwt, num_document_passes=1, regularizer=(name:SmoothPhi, tau:100000), regularizer=(name:SparsePhi, tau:-100000), class=(author:1), class=(text:1), reuse_theta=yes, opt_for_avx=yes, predict_class_id=, reset_nwt=yes
I1006 00:16:12.710839 34930688 processor.cc:747] Processing queue has data, processing started
I1006 00:16:12.711704 33857536 processor.cc:747] Processing queue has data, processing started
I1006 00:16:12.724051 34930688 processor.cc:820] Processor: start processing batch cd6bbe5d-eae0-4d51-8376-eeffa300e5b5 into model nwt
I1006 00:16:12.735620 33857536 processor.cc:820] Processor: start processing batch a1431b18-19ba-4f2a-809f-5f0b45464dee into model nwt
I1006 00:16:12.880576 34930688 processor.cc:925] Processor: complete processing batch cd6bbe5d-eae0-4d51-8376-eeffa300e5b5 into model nwt
I1006 00:16:12.885439 34930688 cuckoo_watch.h:45] 174ms in ProcessBatch(lectures_batches/aaaaaa.batch) [including 13ms in LoadMessage; 7ms in InitializeSparseNdw; 0ms in FindReuseThetaCacheEntry; 7ms in InitializeTheta; 0ms in CreateRegularizerAgents; 90ms in InferThetaAndUpdateNwtSparse; 0ms in UpdateCacheEntry; 50ms in CalculateScore(^^^ItemsProcessedScore^^^); ]
I1006 00:16:12.909198 34930688 processor.cc:740] No data in processing queue, waiting...
I1006 00:16:13.042472 33857536 processor.cc:925] Processor: complete processing batch a1431b18-19ba-4f2a-809f-5f0b45464dee into model nwt
I1006 00:16:13.048882 33857536 cuckoo_watch.h:45] 337ms in ProcessBatch(lectures_batches/aaaaab.batch) [including 23ms in LoadMessage; 19ms in InitializeSparseNdw; 0ms in FindReuseThetaCacheEntry; 3ms in InitializeTheta; 0ms in CreateRegularizerAgents; 180ms in InferThetaAndUpdateNwtSparse; 0ms in UpdateCacheEntry; 102ms in CalculateScore(^^^ItemsProcessedScore^^^); ]
I1006 00:16:13.049120 2047873024 master_component.cc:1436] RegularizeModelArgs: rwt_target_name=rwt, pwt_source_name=pwt, nwt_source_name=nwt
I1006 00:16:13.049140 2047873024 master_component.cc:976] MasterComponent: start regularizing model pwt
I1006 00:16:13.073105 33857536 processor.cc:740] No data in processing queue, waiting...
I1006 00:16:13.189112 2047873024 master_component.cc:1002] MasterComponent: complete regularizing model pwt
I1006 00:16:13.189134 2047873024 master_component.cc:1449] NormalizeModelArgs: pwt_target_name=pwt, nwt_source_name=nwt, rwt_source_name=rwt
I1006 00:16:13.189141 2047873024 master_component.cc:1006] MasterComponent: start normalizing model nwt
I1006 00:16:13.275990 2047873024 master_component.cc:1034] MasterComponent: complete normalizing model nwt
I1006 00:16:13.344491 2047873024 master_component.cc:1473] DisposeModel rwt
I1006 00:16:13.360254 2047873024 master_component.cc:1059] FitOffline: ItemsProcessed, num_items=1728, num_batches=2, token_weight=808522, token_weight_in_effect=808522
I1006 00:16:13.360507 2047873024 c_interface.cc:389] Pass FitOfflineMasterModelArgs, batch_filename_size=2, batch_weight_size=2, num_collection_passes=1, reset_nwt=yes to MN4artm4core15MasterComponentEFvRKNS_25FitOfflineMasterModelArgsEE
I1006 00:16:13.360520 2047873024 master_component.cc:1398] ProcessBatchesArgs: nwt_target_name=nwt, batch_filename_size=2, batch_size=0, batch_weight_size=2, pwt_source_name=pwt, num_document_passes=1, regularizer=(name:SmoothPhi, tau:100000), regularizer=(name:SparsePhi, tau:-100000), class=(author:1), class=(text:1), reuse_theta=yes, opt_for_avx=yes, predict_class_id=, reset_nwt=yes
I1006 00:16:13.380308 36003840 processor.cc:747] Processing queue has data, processing started
I1006 00:16:13.380349 34930688 processor.cc:747] Processing queue has data, processing started
I1006 00:16:13.395593 36003840 processor.cc:820] Processor: start processing batch cd6bbe5d-eae0-4d51-8376-eeffa300e5b5 into model nwt
I1006 00:16:13.406407 34930688 processor.cc:820] Processor: start processing batch a1431b18-19ba-4f2a-809f-5f0b45464dee into model nwt
I1006 00:16:13.557420 36003840 processor.cc:925] Processor: complete processing batch cd6bbe5d-eae0-4d51-8376-eeffa300e5b5 into model nwt
I1006 00:16:13.562578 36003840 cuckoo_watch.h:45] 182ms in ProcessBatch(lectures_batches/aaaaaa.batch) [including 15ms in LoadMessage; 8ms in InitializeSparseNdw; 0ms in FindReuseThetaCacheEntry; 8ms in InitializeTheta; 0ms in CreateRegularizerAgents; 90ms in InferThetaAndUpdateNwtSparse; 0ms in UpdateCacheEntry; 53ms in CalculateScore(^^^ItemsProcessedScore^^^); ]
I1006 00:16:13.586369 36003840 processor.cc:740] No data in processing queue, waiting...
I1006 00:16:13.711702 34930688 processor.cc:925] Processor: complete processing batch a1431b18-19ba-4f2a-809f-5f0b45464dee into model nwt
I1006 00:16:13.718988 34930688 cuckoo_watch.h:45] 338ms in ProcessBatch(lectures_batches/aaaaab.batch) [including 26ms in LoadMessage; 21ms in InitializeSparseNdw; 0ms in FindReuseThetaCacheEntry; 4ms in InitializeTheta; 0ms in CreateRegularizerAgents; 179ms in InferThetaAndUpdateNwtSparse; 0ms in UpdateCacheEntry; 99ms in CalculateScore(^^^ItemsProcessedScore^^^); ]
I1006 00:16:13.719240 2047873024 master_component.cc:1436] RegularizeModelArgs: rwt_target_name=rwt, pwt_source_name=pwt, nwt_source_name=nwt
I1006 00:16:13.719267 2047873024 master_component.cc:976] MasterComponent: start regularizing model pwt
I1006 00:16:13.741492 34930688 processor.cc:740] No data in processing queue, waiting...
I1006 00:16:13.869869 2047873024 master_component.cc:1002] MasterComponent: complete regularizing model pwt
I1006 00:16:13.869890 2047873024 master_component.cc:1449] NormalizeModelArgs: pwt_target_name=pwt, nwt_source_name=nwt, rwt_source_name=rwt
I1006 00:16:13.869897 2047873024 master_component.cc:1006] MasterComponent: start normalizing model nwt
I1006 00:16:13.955171 2047873024 master_component.cc:1034] MasterComponent: complete normalizing model nwt
I1006 00:16:14.021031 2047873024 master_component.cc:1473] DisposeModel rwt
I1006 00:16:14.040391 2047873024 master_component.cc:1059] FitOffline: ItemsProcessed, num_items=1728, num_batches=2, token_weight=808522, token_weight_in_effect=808522
I1006 00:16:14.040634 2047873024 c_interface.cc:389] Pass FitOfflineMasterModelArgs, batch_filename_size=2, batch_weight_size=2, num_collection_passes=1, reset_nwt=yes to MN4artm4core15MasterComponentEFvRKNS_25FitOfflineMasterModelArgsEE
I1006 00:16:14.040647 2047873024 master_component.cc:1398] ProcessBatchesArgs: nwt_target_name=nwt, batch_filename_size=2, batch_size=0, batch_weight_size=2, pwt_source_name=pwt, num_document_passes=1, regularizer=(name:SmoothPhi, tau:100000), regularizer=(name:SparsePhi, tau:-100000), class=(author:1), class=(text:1), reuse_theta=yes, opt_for_avx=yes, predict_class_id=, reset_nwt=yes
I1006 00:16:14.061202 34930688 processor.cc:747] Processing queue has data, processing started
I1006 00:16:14.061242 35467264 processor.cc:747] Processing queue has data, processing started
I1006 00:16:14.075664 34930688 processor.cc:820] Processor: start processing batch cd6bbe5d-eae0-4d51-8376-eeffa300e5b5 into model nwt
I1006 00:16:14.086666 35467264 processor.cc:820] Processor: start processing batch a1431b18-19ba-4f2a-809f-5f0b45464dee into model nwt
I1006 00:16:14.225395 34930688 processor.cc:925] Processor: complete processing batch cd6bbe5d-eae0-4d51-8376-eeffa300e5b5 into model nwt
I1006 00:16:14.230695 34930688 cuckoo_watch.h:45] 169ms in ProcessBatch(lectures_batches/aaaaaa.batch) [including 14ms in LoadMessage; 8ms in InitializeSparseNdw; 0ms in FindReuseThetaCacheEntry; 7ms in InitializeTheta; 0ms in CreateRegularizerAgents; 85ms in InferThetaAndUpdateNwtSparse; 0ms in UpdateCacheEntry; 47ms in CalculateScore(^^^ItemsProcessedScore^^^); ]
I1006 00:16:14.254379 34930688 processor.cc:740] No data in processing queue, waiting...
I1006 00:16:14.391629 35467264 processor.cc:925] Processor: complete processing batch a1431b18-19ba-4f2a-809f-5f0b45464dee into model nwt
I1006 00:16:14.399549 35467264 cuckoo_watch.h:45] 338ms in ProcessBatch(lectures_batches/aaaaab.batch) [including 25ms in LoadMessage; 20ms in InitializeSparseNdw; 0ms in FindReuseThetaCacheEntry; 3ms in InitializeTheta; 0ms in CreateRegularizerAgents; 167ms in InferThetaAndUpdateNwtSparse; 0ms in UpdateCacheEntry; 112ms in CalculateScore(^^^ItemsProcessedScore^^^); ]
I1006 00:16:14.400554 2047873024 master_component.cc:1436] RegularizeModelArgs: rwt_target_name=rwt, pwt_source_name=pwt, nwt_source_name=nwt
I1006 00:16:14.400606 2047873024 master_component.cc:976] MasterComponent: start regularizing model pwt
I1006 00:16:14.422570 35467264 processor.cc:740] No data in processing queue, waiting...
I1006 00:16:14.548571 2047873024 master_component.cc:1002] MasterComponent: complete regularizing model pwt
I1006 00:16:14.548590 2047873024 master_component.cc:1449] NormalizeModelArgs: pwt_target_name=pwt, nwt_source_name=nwt, rwt_source_name=rwt
I1006 00:16:14.548597 2047873024 master_component.cc:1006] MasterComponent: start normalizing model nwt
I1006 00:16:14.631870 2047873024 master_component.cc:1034] MasterComponent: complete normalizing model nwt
I1006 00:16:14.705830 2047873024 master_component.cc:1473] DisposeModel rwt
I1006 00:16:14.723618 2047873024 master_component.cc:1059] FitOffline: ItemsProcessed, num_items=1728, num_batches=2, token_weight=808522, token_weight_in_effect=808522
I1006 00:16:14.723883 2047873024 c_interface.cc:389] Pass FitOfflineMasterModelArgs, batch_filename_size=2, batch_weight_size=2, num_collection_passes=1, reset_nwt=yes to MN4artm4core15MasterComponentEFvRKNS_25FitOfflineMasterModelArgsEE
I1006 00:16:14.723896 2047873024 master_component.cc:1398] ProcessBatchesArgs: nwt_target_name=nwt, batch_filename_size=2, batch_size=0, batch_weight_size=2, pwt_source_name=pwt, num_document_passes=1, regularizer=(name:SmoothPhi, tau:100000), regularizer=(name:SparsePhi, tau:-100000), class=(author:1), class=(text:1), reuse_theta=yes, opt_for_avx=yes, predict_class_id=, reset_nwt=yes
I1006 00:16:14.743432 37076992 processor.cc:747] Processing queue has data, processing started
I1006 00:16:14.743428 36003840 processor.cc:747] Processing queue has data, processing started
I1006 00:16:14.758327 36003840 processor.cc:820] Processor: start processing batch cd6bbe5d-eae0-4d51-8376-eeffa300e5b5 into model nwt
I1006 00:16:14.768538 37076992 processor.cc:820] Processor: start processing batch a1431b18-19ba-4f2a-809f-5f0b45464dee into model nwt
I1006 00:16:14.910425 36003840 processor.cc:925] Processor: complete processing batch cd6bbe5d-eae0-4d51-8376-eeffa300e5b5 into model nwt
I1006 00:16:14.915334 36003840 cuckoo_watch.h:45] 171ms in ProcessBatch(lectures_batches/aaaaaa.batch) [including 14ms in LoadMessage; 7ms in InitializeSparseNdw; 0ms in FindReuseThetaCacheEntry; 7ms in InitializeTheta; 0ms in CreateRegularizerAgents; 85ms in InferThetaAndUpdateNwtSparse; 0ms in UpdateCacheEntry; 50ms in CalculateScore(^^^ItemsProcessedScore^^^); ]
I1006 00:16:14.939433 36003840 processor.cc:740] No data in processing queue, waiting...
I1006 00:16:15.076342 37076992 processor.cc:925] Processor: complete processing batch a1431b18-19ba-4f2a-809f-5f0b45464dee into model nwt
I1006 00:16:15.084102 37076992 cuckoo_watch.h:45] 340ms in ProcessBatch(lectures_batches/aaaaab.batch) [including 25ms in LoadMessage; 19ms in InitializeSparseNdw; 0ms in FindReuseThetaCacheEntry; 3ms in InitializeTheta; 0ms in CreateRegularizerAgents; 177ms in InferThetaAndUpdateNwtSparse; 0ms in UpdateCacheEntry; 106ms in CalculateScore(^^^ItemsProcessedScore^^^); ]
I1006 00:16:15.084332 2047873024 master_component.cc:1436] RegularizeModelArgs: rwt_target_name=rwt, pwt_source_name=pwt, nwt_source_name=nwt
I1006 00:16:15.084352 2047873024 master_component.cc:976] MasterComponent: start regularizing model pwt
I1006 00:16:15.105391 37076992 processor.cc:740] No data in processing queue, waiting...
I1006 00:16:15.236681 2047873024 master_component.cc:1002] MasterComponent: complete regularizing model pwt
I1006 00:16:15.236701 2047873024 master_component.cc:1449] NormalizeModelArgs: pwt_target_name=pwt, nwt_source_name=nwt, rwt_source_name=rwt
I1006 00:16:15.236707 2047873024 master_component.cc:1006] MasterComponent: start normalizing model nwt
I1006 00:16:15.321552 2047873024 master_component.cc:1034] MasterComponent: complete normalizing model nwt
I1006 00:16:15.385506 2047873024 master_component.cc:1473] DisposeModel rwt
I1006 00:16:15.404443 2047873024 master_component.cc:1059] FitOffline: ItemsProcessed, num_items=1728, num_batches=2, token_weight=808522, token_weight_in_effect=808522
I1006 00:16:15.404717 2047873024 c_interface.cc:389] Pass FitOfflineMasterModelArgs, batch_filename_size=2, batch_weight_size=2, num_collection_passes=1, reset_nwt=yes to MN4artm4core15MasterComponentEFvRKNS_25FitOfflineMasterModelArgsEE
I1006 00:16:15.404731 2047873024 master_component.cc:1398] ProcessBatchesArgs: nwt_target_name=nwt, batch_filename_size=2, batch_size=0, batch_weight_size=2, pwt_source_name=pwt, num_document_passes=1, regularizer=(name:SmoothPhi, tau:100000), regularizer=(name:SparsePhi, tau:-100000), class=(author:1), class=(text:1), reuse_theta=yes, opt_for_avx=yes, predict_class_id=, reset_nwt=yes
I1006 00:16:15.423631 36003840 processor.cc:747] Processing queue has data, processing started
I1006 00:16:15.423620 34930688 processor.cc:747] Processing queue has data, processing started
I1006 00:16:15.438508 34930688 processor.cc:820] Processor: start processing batch cd6bbe5d-eae0-4d51-8376-eeffa300e5b5 into model nwt
I1006 00:16:15.448916 36003840 processor.cc:820] Processor: start processing batch a1431b18-19ba-4f2a-809f-5f0b45464dee into model nwt
I1006 00:16:15.590174 34930688 processor.cc:925] Processor: complete processing batch cd6bbe5d-eae0-4d51-8376-eeffa300e5b5 into model nwt
I1006 00:16:15.594854 34930688 cuckoo_watch.h:45] 171ms in ProcessBatch(lectures_batches/aaaaaa.batch) [including 14ms in LoadMessage; 7ms in InitializeSparseNdw; 0ms in FindReuseThetaCacheEntry; 8ms in InitializeTheta; 0ms in CreateRegularizerAgents; 86ms in InferThetaAndUpdateNwtSparse; 0ms in UpdateCacheEntry; 48ms in CalculateScore(^^^ItemsProcessedScore^^^); ]
I1006 00:16:15.618100 34930688 processor.cc:740] No data in processing queue, waiting...
I1006 00:16:15.768087 36003840 processor.cc:925] Processor: complete processing batch a1431b18-19ba-4f2a-809f-5f0b45464dee into model nwt
I1006 00:16:15.775833 36003840 cuckoo_watch.h:45] 352ms in ProcessBatch(lectures_batches/aaaaab.batch) [including 25ms in LoadMessage; 20ms in InitializeSparseNdw; 0ms in FindReuseThetaCacheEntry; 3ms in InitializeTheta; 0ms in CreateRegularizerAgents; 176ms in InferThetaAndUpdateNwtSparse; 0ms in UpdateCacheEntry; 119ms in CalculateScore(^^^ItemsProcessedScore^^^); ]
I1006 00:16:15.776137 2047873024 master_component.cc:1436] RegularizeModelArgs: rwt_target_name=rwt, pwt_source_name=pwt, nwt_source_name=nwt
I1006 00:16:15.776167 2047873024 master_component.cc:976] MasterComponent: start regularizing model pwt
I1006 00:16:15.800043 36003840 processor.cc:740] No data in processing queue, waiting...
I1006 00:16:15.911396 2047873024 master_component.cc:1002] MasterComponent: complete regularizing model pwt
I1006 00:16:15.911413 2047873024 master_component.cc:1449] NormalizeModelArgs: pwt_target_name=pwt, nwt_source_name=nwt, rwt_source_name=rwt
I1006 00:16:15.911422 2047873024 master_component.cc:1006] MasterComponent: start normalizing model nwt
I1006 00:16:15.994875 2047873024 master_component.cc:1034] MasterComponent: complete normalizing model nwt
I1006 00:16:16.058763 2047873024 master_component.cc:1473] DisposeModel rwt
I1006 00:16:16.076441 2047873024 master_component.cc:1059] FitOffline: ItemsProcessed, num_items=1728, num_batches=2, token_weight=808522, token_weight_in_effect=808522
I1006 00:16:16.076742 2047873024 c_interface.cc:389] Pass FitOfflineMasterModelArgs, batch_filename_size=2, batch_weight_size=2, num_collection_passes=1, reset_nwt=yes to MN4artm4core15MasterComponentEFvRKNS_25FitOfflineMasterModelArgsEE
I1006 00:16:16.076759 2047873024 master_component.cc:1398] ProcessBatchesArgs: nwt_target_name=nwt, batch_filename_size=2, batch_size=0, batch_weight_size=2, pwt_source_name=pwt, num_document_passes=1, regularizer=(name:SmoothPhi, tau:100000), regularizer=(name:SparsePhi, tau:-100000), class=(author:1), class=(text:1), reuse_theta=yes, opt_for_avx=yes, predict_class_id=, reset_nwt=yes
I1006 00:16:16.096698 33857536 processor.cc:747] Processing queue has data, processing started
I1006 00:16:16.096709 35467264 processor.cc:747] Processing queue has data, processing started
I1006 00:16:16.111564 33857536 processor.cc:820] Processor: start processing batch cd6bbe5d-eae0-4d51-8376-eeffa300e5b5 into model nwt
I1006 00:16:16.121232 35467264 processor.cc:820] Processor: start processing batch a1431b18-19ba-4f2a-809f-5f0b45464dee into model nwt
I1006 00:16:16.270107 33857536 processor.cc:925] Processor: complete processing batch cd6bbe5d-eae0-4d51-8376-eeffa300e5b5 into model nwt
I1006 00:16:16.274252 33857536 cuckoo_watch.h:45] 177ms in ProcessBatch(lectures_batches/aaaaaa.batch) [including 14ms in LoadMessage; 7ms in InitializeSparseNdw; 0ms in FindReuseThetaCacheEntry; 7ms in InitializeTheta; 0ms in CreateRegularizerAgents; 89ms in InferThetaAndUpdateNwtSparse; 0ms in UpdateCacheEntry; 53ms in CalculateScore(^^^ItemsProcessedScore^^^); ]
I1006 00:16:16.298004 33857536 processor.cc:740] No data in processing queue, waiting...
I1006 00:16:16.441304 35467264 processor.cc:925] Processor: complete processing batch a1431b18-19ba-4f2a-809f-5f0b45464dee into model nwt
I1006 00:16:16.448614 35467264 cuckoo_watch.h:45] 351ms in ProcessBatch(lectures_batches/aaaaab.batch) [including 24ms in LoadMessage; 18ms in InitializeSparseNdw; 0ms in FindReuseThetaCacheEntry; 3ms in InitializeTheta; 0ms in CreateRegularizerAgents; 187ms in InferThetaAndUpdateNwtSparse; 0ms in UpdateCacheEntry; 109ms in CalculateScore(^^^ItemsProcessedScore^^^); ]
I1006 00:16:16.449618 2047873024 master_component.cc:1436] RegularizeModelArgs: rwt_target_name=rwt, pwt_source_name=pwt, nwt_source_name=nwt
I1006 00:16:16.449666 2047873024 master_component.cc:976] MasterComponent: start regularizing model pwt
I1006 00:16:16.473014 35467264 processor.cc:740] No data in processing queue, waiting...
I1006 00:16:16.598623 2047873024 master_component.cc:1002] MasterComponent: complete regularizing model pwt
I1006 00:16:16.598645 2047873024 master_component.cc:1449] NormalizeModelArgs: pwt_target_name=pwt, nwt_source_name=nwt, rwt_source_name=rwt
I1006 00:16:16.598659 2047873024 master_component.cc:1006] MasterComponent: start normalizing model nwt
I1006 00:16:16.683934 2047873024 master_component.cc:1034] MasterComponent: complete normalizing model nwt
I1006 00:16:16.752678 2047873024 master_component.cc:1473] DisposeModel rwt
I1006 00:16:16.772367 2047873024 master_component.cc:1059] FitOffline: ItemsProcessed, num_items=1728, num_batches=2, token_weight=808522, token_weight_in_effect=808522
I1006 00:16:16.772696 2047873024 c_interface.cc:389] Pass FitOfflineMasterModelArgs, batch_filename_size=2, batch_weight_size=2, num_collection_passes=1, reset_nwt=yes to MN4artm4core15MasterComponentEFvRKNS_25FitOfflineMasterModelArgsEE
I1006 00:16:16.772745 2047873024 master_component.cc:1398] ProcessBatchesArgs: nwt_target_name=nwt, batch_filename_size=2, batch_size=0, batch_weight_size=2, pwt_source_name=pwt, num_document_passes=1, regularizer=(name:SmoothPhi, tau:100000), regularizer=(name:SparsePhi, tau:-100000), class=(author:1), class=(text:1), reuse_theta=yes, opt_for_avx=yes, predict_class_id=, reset_nwt=yes
I1006 00:16:16.791749 36003840 processor.cc:747] Processing queue has data, processing started
I1006 00:16:16.791771 37076992 processor.cc:747] Processing queue has data, processing started
I1006 00:16:16.806087 36003840 processor.cc:820] Processor: start processing batch cd6bbe5d-eae0-4d51-8376-eeffa300e5b5 into model nwt
I1006 00:16:16.816568 37076992 processor.cc:820] Processor: start processing batch a1431b18-19ba-4f2a-809f-5f0b45464dee into model nwt
I1006 00:16:16.955272 36003840 processor.cc:925] Processor: complete processing batch cd6bbe5d-eae0-4d51-8376-eeffa300e5b5 into model nwt
I1006 00:16:16.959745 36003840 cuckoo_watch.h:45] 167ms in ProcessBatch(lectures_batches/aaaaaa.batch) [including 14ms in LoadMessage; 8ms in InitializeSparseNdw; 0ms in FindReuseThetaCacheEntry; 7ms in InitializeTheta; 0ms in CreateRegularizerAgents; 84ms in InferThetaAndUpdateNwtSparse; 0ms in UpdateCacheEntry; 48ms in CalculateScore(^^^ItemsProcessedScore^^^); ]
I1006 00:16:16.983112 36003840 processor.cc:740] No data in processing queue, waiting...
I1006 00:16:17.112025 37076992 processor.cc:925] Processor: complete processing batch a1431b18-19ba-4f2a-809f-5f0b45464dee into model nwt
I1006 00:16:17.120394 37076992 cuckoo_watch.h:45] 328ms in ProcessBatch(lectures_batches/aaaaab.batch) [including 24ms in LoadMessage; 19ms in InitializeSparseNdw; 0ms in FindReuseThetaCacheEntry; 3ms in InitializeTheta; 0ms in CreateRegularizerAgents; 167ms in InferThetaAndUpdateNwtSparse; 0ms in UpdateCacheEntry; 104ms in CalculateScore(^^^ItemsProcessedScore^^^); ]
I1006 00:16:17.121356 2047873024 master_component.cc:1436] RegularizeModelArgs: rwt_target_name=rwt, pwt_source_name=pwt, nwt_source_name=nwt
I1006 00:16:17.121403 2047873024 master_component.cc:976] MasterComponent: start regularizing model pwt
I1006 00:16:17.144611 37076992 processor.cc:740] No data in processing queue, waiting...
I1006 00:16:17.265099 2047873024 master_component.cc:1002] MasterComponent: complete regularizing model pwt
I1006 00:16:17.265120 2047873024 master_component.cc:1449] NormalizeModelArgs: pwt_target_name=pwt, nwt_source_name=nwt, rwt_source_name=rwt
I1006 00:16:17.265125 2047873024 master_component.cc:1006] MasterComponent: start normalizing model nwt
I1006 00:16:17.343166 2047873024 master_component.cc:1034] MasterComponent: complete normalizing model nwt
I1006 00:16:17.409863 2047873024 master_component.cc:1473] DisposeModel rwt
I1006 00:16:17.427139 2047873024 master_component.cc:1059] FitOffline: ItemsProcessed, num_items=1728, num_batches=2, token_weight=808522, token_weight_in_effect=808522
I1006 00:16:17.427407 2047873024 c_interface.cc:389] Pass FitOfflineMasterModelArgs, batch_filename_size=2, batch_weight_size=2, num_collection_passes=1, reset_nwt=yes to MN4artm4core15MasterComponentEFvRKNS_25FitOfflineMasterModelArgsEE
