I1006 00:15:56.677039 36003840 processor.cc:820] Processor: start processing batch cd6bbe5d-eae0-4d51-8376-eeffa300e5b5 into model nwt
I1006 00:15:56.687669 35467264 processor.cc:820] Processor: start processing batch a1431b18-19ba-4f2a-809f-5f0b45464dee into model nwt
I1006 00:15:56.831737 36003840 processor.cc:925] Processor: complete processing batch cd6bbe5d-eae0-4d51-8376-eeffa300e5b5 into model nwt
I1006 00:15:56.836086 36003840 cuckoo_watch.h:45] 172ms in ProcessBatch(lectures_batches/aaaaaa.batch) [including 13ms in LoadMessage; 7ms in InitializeSparseNdw; 0ms in FindReuseThetaCacheEntry; 8ms in InitializeTheta; 0ms in CreateRegularizerAgents; 85ms in InferThetaAndUpdateNwtSparse; 0ms in UpdateCacheEntry; 52ms in CalculateScore(^^^ItemsProcessedScore^^^); ]
I1006 00:15:56.860162 36003840 processor.cc:740] No data in processing queue, waiting...
I1006 00:15:56.999781 35467264 processor.cc:925] Processor: complete processing batch a1431b18-19ba-4f2a-809f-5f0b45464dee into model nwt
I1006 00:15:57.006235 35467264 cuckoo_watch.h:45] 342ms in ProcessBatch(lectures_batches/aaaaab.batch) [including 23ms in LoadMessage; 20ms in InitializeSparseNdw; 0ms in FindReuseThetaCacheEntry; 3ms in InitializeTheta; 0ms in CreateRegularizerAgents; 179ms in InferThetaAndUpdateNwtSparse; 0ms in UpdateCacheEntry; 107ms in CalculateScore(^^^ItemsProcessedScore^^^); ]
I1006 00:15:57.006682 2047873024 master_component.cc:1436] RegularizeModelArgs: rwt_target_name=rwt, pwt_source_name=pwt, nwt_source_name=nwt
I1006 00:15:57.006743 2047873024 master_component.cc:976] MasterComponent: start regularizing model pwt
I1006 00:15:57.029986 35467264 processor.cc:740] No data in processing queue, waiting...
I1006 00:15:57.101797 2047873024 master_component.cc:1002] MasterComponent: complete regularizing model pwt
I1006 00:15:57.101819 2047873024 master_component.cc:1449] NormalizeModelArgs: pwt_target_name=pwt, nwt_source_name=nwt, rwt_source_name=rwt
I1006 00:15:57.101827 2047873024 master_component.cc:1006] MasterComponent: start normalizing model nwt
I1006 00:15:57.173400 2047873024 master_component.cc:1034] MasterComponent: complete normalizing model nwt
I1006 00:15:57.266993 2047873024 master_component.cc:1473] DisposeModel rwt
I1006 00:15:57.281333 2047873024 master_component.cc:1059] FitOffline: ItemsProcessed, num_items=1728, num_batches=2, token_weight=808522, token_weight_in_effect=808522
I1006 00:15:57.281575 2047873024 c_interface.cc:389] Pass FitOfflineMasterModelArgs, batch_filename_size=2, batch_weight_size=2, num_collection_passes=1, reset_nwt=yes to MN4artm4core15MasterComponentEFvRKNS_25FitOfflineMasterModelArgsEE
I1006 00:15:57.281589 2047873024 master_component.cc:1398] ProcessBatchesArgs: nwt_target_name=nwt, batch_filename_size=2, batch_size=0, batch_weight_size=2, pwt_source_name=pwt, num_document_passes=1, regularizer=(name:SmoothPhi, tau:100000), class=(author:1), class=(text:1), reuse_theta=yes, opt_for_avx=yes, predict_class_id=, reset_nwt=yes
I1006 00:15:57.299810 34930688 processor.cc:747] Processing queue has data, processing started
I1006 00:15:57.299818 34394112 processor.cc:747] Processing queue has data, processing started
I1006 00:15:57.312827 34930688 processor.cc:820] Processor: start processing batch cd6bbe5d-eae0-4d51-8376-eeffa300e5b5 into model nwt
I1006 00:15:57.323550 34394112 processor.cc:820] Processor: start processing batch a1431b18-19ba-4f2a-809f-5f0b45464dee into model nwt
I1006 00:15:57.460907 34930688 processor.cc:925] Processor: complete processing batch cd6bbe5d-eae0-4d51-8376-eeffa300e5b5 into model nwt
I1006 00:15:57.464637 34930688 cuckoo_watch.h:45] 164ms in ProcessBatch(lectures_batches/aaaaaa.batch) [including 12ms in LoadMessage; 7ms in InitializeSparseNdw; 0ms in FindReuseThetaCacheEntry; 9ms in InitializeTheta; 0ms in CreateRegularizerAgents; 83ms in InferThetaAndUpdateNwtSparse; 0ms in UpdateCacheEntry; 46ms in CalculateScore(^^^ItemsProcessedScore^^^); ]
I1006 00:15:57.488796 34930688 processor.cc:740] No data in processing queue, waiting...
I1006 00:15:57.614648 34394112 processor.cc:925] Processor: complete processing batch a1431b18-19ba-4f2a-809f-5f0b45464dee into model nwt
I1006 00:15:57.621361 34394112 cuckoo_watch.h:45] 321ms in ProcessBatch(lectures_batches/aaaaab.batch) [including 23ms in LoadMessage; 20ms in InitializeSparseNdw; 0ms in FindReuseThetaCacheEntry; 3ms in InitializeTheta; 0ms in CreateRegularizerAgents; 169ms in InferThetaAndUpdateNwtSparse; 0ms in UpdateCacheEntry; 97ms in CalculateScore(^^^ItemsProcessedScore^^^); ]
I1006 00:15:57.621968 2047873024 master_component.cc:1436] RegularizeModelArgs: rwt_target_name=rwt, pwt_source_name=pwt, nwt_source_name=nwt
I1006 00:15:57.622009 2047873024 master_component.cc:976] MasterComponent: start regularizing model pwt
I1006 00:15:57.645411 34394112 processor.cc:740] No data in processing queue, waiting...
I1006 00:15:57.714754 2047873024 master_component.cc:1002] MasterComponent: complete regularizing model pwt
I1006 00:15:57.714774 2047873024 master_component.cc:1449] NormalizeModelArgs: pwt_target_name=pwt, nwt_source_name=nwt, rwt_source_name=rwt
I1006 00:15:57.714781 2047873024 master_component.cc:1006] MasterComponent: start normalizing model nwt
I1006 00:15:57.779616 2047873024 master_component.cc:1034] MasterComponent: complete normalizing model nwt
I1006 00:15:57.875059 2047873024 master_component.cc:1473] DisposeModel rwt
I1006 00:15:57.888367 2047873024 master_component.cc:1059] FitOffline: ItemsProcessed, num_items=1728, num_batches=2, token_weight=808522, token_weight_in_effect=808522
I1006 00:15:57.888619 2047873024 c_interface.cc:389] Pass FitOfflineMasterModelArgs, batch_filename_size=2, batch_weight_size=2, num_collection_passes=1, reset_nwt=yes to MN4artm4core15MasterComponentEFvRKNS_25FitOfflineMasterModelArgsEE
I1006 00:15:57.888633 2047873024 master_component.cc:1398] ProcessBatchesArgs: nwt_target_name=nwt, batch_filename_size=2, batch_size=0, batch_weight_size=2, pwt_source_name=pwt, num_document_passes=1, regularizer=(name:SmoothPhi, tau:100000), class=(author:1), class=(text:1), reuse_theta=yes, opt_for_avx=yes, predict_class_id=, reset_nwt=yes
I1006 00:15:57.907059 35467264 processor.cc:747] Processing queue has data, processing started
I1006 00:15:57.907084 34930688 processor.cc:747] Processing queue has data, processing started
I1006 00:15:57.922533 35467264 processor.cc:820] Processor: start processing batch cd6bbe5d-eae0-4d51-8376-eeffa300e5b5 into model nwt
I1006 00:15:57.933382 34930688 processor.cc:820] Processor: start processing batch a1431b18-19ba-4f2a-809f-5f0b45464dee into model nwt
I1006 00:15:58.081128 35467264 processor.cc:925] Processor: complete processing batch cd6bbe5d-eae0-4d51-8376-eeffa300e5b5 into model nwt
I1006 00:15:58.085430 35467264 cuckoo_watch.h:45] 178ms in ProcessBatch(lectures_batches/aaaaaa.batch) [including 15ms in LoadMessage; 8ms in InitializeSparseNdw; 0ms in FindReuseThetaCacheEntry; 8ms in InitializeTheta; 0ms in CreateRegularizerAgents; 89ms in InferThetaAndUpdateNwtSparse; 0ms in UpdateCacheEntry; 52ms in CalculateScore(^^^ItemsProcessedScore^^^); ]
I1006 00:15:58.109746 35467264 processor.cc:740] No data in processing queue, waiting...
I1006 00:15:58.228639 34930688 processor.cc:925] Processor: complete processing batch a1431b18-19ba-4f2a-809f-5f0b45464dee into model nwt
I1006 00:15:58.234604 34930688 cuckoo_watch.h:45] 327ms in ProcessBatch(lectures_batches/aaaaab.batch) [including 26ms in LoadMessage; 20ms in InitializeSparseNdw; 0ms in FindReuseThetaCacheEntry; 3ms in InitializeTheta; 0ms in CreateRegularizerAgents; 170ms in InferThetaAndUpdateNwtSparse; 0ms in UpdateCacheEntry; 100ms in CalculateScore(^^^ItemsProcessedScore^^^); ]
I1006 00:15:58.235533 2047873024 master_component.cc:1436] RegularizeModelArgs: rwt_target_name=rwt, pwt_source_name=pwt, nwt_source_name=nwt
I1006 00:15:58.235565 2047873024 master_component.cc:976] MasterComponent: start regularizing model pwt
I1006 00:15:58.258787 34930688 processor.cc:740] No data in processing queue, waiting...
I1006 00:15:58.324033 2047873024 master_component.cc:1002] MasterComponent: complete regularizing model pwt
I1006 00:15:58.324054 2047873024 master_component.cc:1449] NormalizeModelArgs: pwt_target_name=pwt, nwt_source_name=nwt, rwt_source_name=rwt
I1006 00:15:58.324059 2047873024 master_component.cc:1006] MasterComponent: start normalizing model nwt
I1006 00:15:58.393326 2047873024 master_component.cc:1034] MasterComponent: complete normalizing model nwt
I1006 00:15:58.493252 2047873024 master_component.cc:1473] DisposeModel rwt
I1006 00:15:58.507998 2047873024 master_component.cc:1059] FitOffline: ItemsProcessed, num_items=1728, num_batches=2, token_weight=808522, token_weight_in_effect=808522
I1006 00:15:58.508246 2047873024 c_interface.cc:389] Pass FitOfflineMasterModelArgs, batch_filename_size=2, batch_weight_size=2, num_collection_passes=1, reset_nwt=yes to MN4artm4core15MasterComponentEFvRKNS_25FitOfflineMasterModelArgsEE
I1006 00:15:58.508260 2047873024 master_component.cc:1398] ProcessBatchesArgs: nwt_target_name=nwt, batch_filename_size=2, batch_size=0, batch_weight_size=2, pwt_source_name=pwt, num_document_passes=1, regularizer=(name:SmoothPhi, tau:100000), class=(author:1), class=(text:1), reuse_theta=yes, opt_for_avx=yes, predict_class_id=, reset_nwt=yes
I1006 00:15:58.524039 36540416 processor.cc:747] Processing queue has data, processing started
I1006 00:15:58.524039 37076992 processor.cc:747] Processing queue has data, processing started
I1006 00:15:58.538635 37076992 processor.cc:820] Processor: start processing batch cd6bbe5d-eae0-4d51-8376-eeffa300e5b5 into model nwt
I1006 00:15:58.549278 36540416 processor.cc:820] Processor: start processing batch a1431b18-19ba-4f2a-809f-5f0b45464dee into model nwt
I1006 00:15:58.693053 37076992 processor.cc:925] Processor: complete processing batch cd6bbe5d-eae0-4d51-8376-eeffa300e5b5 into model nwt
I1006 00:15:58.697861 37076992 cuckoo_watch.h:45] 173ms in ProcessBatch(lectures_batches/aaaaaa.batch) [including 14ms in LoadMessage; 7ms in InitializeSparseNdw; 0ms in FindReuseThetaCacheEntry; 8ms in InitializeTheta; 0ms in CreateRegularizerAgents; 86ms in InferThetaAndUpdateNwtSparse; 0ms in UpdateCacheEntry; 51ms in CalculateScore(^^^ItemsProcessedScore^^^); ]
I1006 00:15:58.722108 37076992 processor.cc:740] No data in processing queue, waiting...
I1006 00:15:58.862383 36540416 processor.cc:925] Processor: complete processing batch a1431b18-19ba-4f2a-809f-5f0b45464dee into model nwt
I1006 00:15:58.868687 36540416 cuckoo_watch.h:45] 344ms in ProcessBatch(lectures_batches/aaaaab.batch) [including 25ms in LoadMessage; 20ms in InitializeSparseNdw; 0ms in FindReuseThetaCacheEntry; 3ms in InitializeTheta; 0ms in CreateRegularizerAgents; 177ms in InferThetaAndUpdateNwtSparse; 0ms in UpdateCacheEntry; 110ms in CalculateScore(^^^ItemsProcessedScore^^^); ]
I1006 00:15:58.869520 2047873024 master_component.cc:1436] RegularizeModelArgs: rwt_target_name=rwt, pwt_source_name=pwt, nwt_source_name=nwt
I1006 00:15:58.869570 2047873024 master_component.cc:976] MasterComponent: start regularizing model pwt
I1006 00:15:58.892566 36540416 processor.cc:740] No data in processing queue, waiting...
I1006 00:15:58.966140 2047873024 master_component.cc:1002] MasterComponent: complete regularizing model pwt
I1006 00:15:58.966161 2047873024 master_component.cc:1449] NormalizeModelArgs: pwt_target_name=pwt, nwt_source_name=nwt, rwt_source_name=rwt
I1006 00:15:58.966167 2047873024 master_component.cc:1006] MasterComponent: start normalizing model nwt
I1006 00:15:59.035250 2047873024 master_component.cc:1034] MasterComponent: complete normalizing model nwt
I1006 00:15:59.142633 2047873024 master_component.cc:1473] DisposeModel rwt
I1006 00:15:59.158172 2047873024 master_component.cc:1059] FitOffline: ItemsProcessed, num_items=1728, num_batches=2, token_weight=808522, token_weight_in_effect=808522
I1006 00:15:59.158438 2047873024 c_interface.cc:389] Pass FitOfflineMasterModelArgs, batch_filename_size=2, batch_weight_size=2, num_collection_passes=1, reset_nwt=yes to MN4artm4core15MasterComponentEFvRKNS_25FitOfflineMasterModelArgsEE
I1006 00:15:59.158452 2047873024 master_component.cc:1398] ProcessBatchesArgs: nwt_target_name=nwt, batch_filename_size=2, batch_size=0, batch_weight_size=2, pwt_source_name=pwt, num_document_passes=1, regularizer=(name:SmoothPhi, tau:100000), class=(author:1), class=(text:1), reuse_theta=yes, opt_for_avx=yes, predict_class_id=, reset_nwt=yes
I1006 00:15:59.177829 36003840 processor.cc:747] Processing queue has data, processing started
I1006 00:15:59.177860 35467264 processor.cc:747] Processing queue has data, processing started
I1006 00:15:59.192344 36003840 processor.cc:820] Processor: start processing batch cd6bbe5d-eae0-4d51-8376-eeffa300e5b5 into model nwt
I1006 00:15:59.203321 35467264 processor.cc:820] Processor: start processing batch a1431b18-19ba-4f2a-809f-5f0b45464dee into model nwt
I1006 00:15:59.338117 36003840 processor.cc:925] Processor: complete processing batch cd6bbe5d-eae0-4d51-8376-eeffa300e5b5 into model nwt
I1006 00:15:59.342161 36003840 cuckoo_watch.h:45] 164ms in ProcessBatch(lectures_batches/aaaaaa.batch) [including 14ms in LoadMessage; 7ms in InitializeSparseNdw; 0ms in FindReuseThetaCacheEntry; 8ms in InitializeTheta; 0ms in CreateRegularizerAgents; 81ms in InferThetaAndUpdateNwtSparse; 0ms in UpdateCacheEntry; 46ms in CalculateScore(^^^ItemsProcessedScore^^^); ]
I1006 00:15:59.366183 36003840 processor.cc:740] No data in processing queue, waiting...
I1006 00:15:59.492651 35467264 processor.cc:925] Processor: complete processing batch a1431b18-19ba-4f2a-809f-5f0b45464dee into model nwt
I1006 00:15:59.498803 35467264 cuckoo_watch.h:45] 320ms in ProcessBatch(lectures_batches/aaaaab.batch) [including 25ms in LoadMessage; 19ms in InitializeSparseNdw; 0ms in FindReuseThetaCacheEntry; 3ms in InitializeTheta; 0ms in CreateRegularizerAgents; 168ms in InferThetaAndUpdateNwtSparse; 0ms in UpdateCacheEntry; 98ms in CalculateScore(^^^ItemsProcessedScore^^^); ]
I1006 00:15:59.499260 2047873024 master_component.cc:1436] RegularizeModelArgs: rwt_target_name=rwt, pwt_source_name=pwt, nwt_source_name=nwt
I1006 00:15:59.499305 2047873024 master_component.cc:976] MasterComponent: start regularizing model pwt
I1006 00:15:59.522770 35467264 processor.cc:740] No data in processing queue, waiting...
I1006 00:15:59.592514 2047873024 master_component.cc:1002] MasterComponent: complete regularizing model pwt
I1006 00:15:59.592574 2047873024 master_component.cc:1449] NormalizeModelArgs: pwt_target_name=pwt, nwt_source_name=nwt, rwt_source_name=rwt
I1006 00:15:59.592584 2047873024 master_component.cc:1006] MasterComponent: start normalizing model nwt
I1006 00:15:59.665591 2047873024 master_component.cc:1034] MasterComponent: complete normalizing model nwt
I1006 00:15:59.764947 2047873024 master_component.cc:1473] DisposeModel rwt
I1006 00:15:59.777663 2047873024 master_component.cc:1059] FitOffline: ItemsProcessed, num_items=1728, num_batches=2, token_weight=808522, token_weight_in_effect=808522
I1006 00:15:59.777923 2047873024 c_interface.cc:389] Pass FitOfflineMasterModelArgs, batch_filename_size=2, batch_weight_size=2, num_collection_passes=1, reset_nwt=yes to MN4artm4core15MasterComponentEFvRKNS_25FitOfflineMasterModelArgsEE
I1006 00:15:59.777937 2047873024 master_component.cc:1398] ProcessBatchesArgs: nwt_target_name=nwt, batch_filename_size=2, batch_size=0, batch_weight_size=2, pwt_source_name=pwt, num_document_passes=1, regularizer=(name:SmoothPhi, tau:100000), class=(author:1), class=(text:1), reuse_theta=yes, opt_for_avx=yes, predict_class_id=, reset_nwt=yes
I1006 00:15:59.794103 34394112 processor.cc:747] Processing queue has data, processing started
I1006 00:15:59.794143 25382912 processor.cc:747] Processing queue has data, processing started
I1006 00:15:59.808483 34394112 processor.cc:820] Processor: start processing batch cd6bbe5d-eae0-4d51-8376-eeffa300e5b5 into model nwt
I1006 00:15:59.818625 25382912 processor.cc:820] Processor: start processing batch a1431b18-19ba-4f2a-809f-5f0b45464dee into model nwt
I1006 00:15:59.963534 34394112 processor.cc:925] Processor: complete processing batch cd6bbe5d-eae0-4d51-8376-eeffa300e5b5 into model nwt
I1006 00:15:59.967695 34394112 cuckoo_watch.h:45] 173ms in ProcessBatch(lectures_batches/aaaaaa.batch) [including 14ms in LoadMessage; 7ms in InitializeSparseNdw; 0ms in FindReuseThetaCacheEntry; 8ms in InitializeTheta; 0ms in CreateRegularizerAgents; 86ms in InferThetaAndUpdateNwtSparse; 0ms in UpdateCacheEntry; 51ms in CalculateScore(^^^ItemsProcessedScore^^^); ]
I1006 00:15:59.990830 34394112 processor.cc:740] No data in processing queue, waiting...
I1006 00:16:00.128391 25382912 processor.cc:925] Processor: complete processing batch a1431b18-19ba-4f2a-809f-5f0b45464dee into model nwt
I1006 00:16:00.135318 25382912 cuckoo_watch.h:45] 341ms in ProcessBatch(lectures_batches/aaaaab.batch) [including 24ms in LoadMessage; 20ms in InitializeSparseNdw; 0ms in FindReuseThetaCacheEntry; 3ms in InitializeTheta; 0ms in CreateRegularizerAgents; 181ms in InferThetaAndUpdateNwtSparse; 0ms in UpdateCacheEntry; 102ms in CalculateScore(^^^ItemsProcessedScore^^^); ]
I1006 00:16:00.136382 2047873024 master_component.cc:1436] RegularizeModelArgs: rwt_target_name=rwt, pwt_source_name=pwt, nwt_source_name=nwt
I1006 00:16:00.136443 2047873024 master_component.cc:976] MasterComponent: start regularizing model pwt
I1006 00:16:00.159221 25382912 processor.cc:740] No data in processing queue, waiting...
I1006 00:16:00.236241 2047873024 master_component.cc:1002] MasterComponent: complete regularizing model pwt
I1006 00:16:00.236296 2047873024 master_component.cc:1449] NormalizeModelArgs: pwt_target_name=pwt, nwt_source_name=nwt, rwt_source_name=rwt
I1006 00:16:00.236310 2047873024 master_component.cc:1006] MasterComponent: start normalizing model nwt
I1006 00:16:00.314719 2047873024 master_component.cc:1034] MasterComponent: complete normalizing model nwt
I1006 00:16:00.413437 2047873024 master_component.cc:1473] DisposeModel rwt
I1006 00:16:00.425945 2047873024 master_component.cc:1059] FitOffline: ItemsProcessed, num_items=1728, num_batches=2, token_weight=808522, token_weight_in_effect=808522
I1006 00:16:00.426301 2047873024 c_interface.cc:389] Pass FitOfflineMasterModelArgs, batch_filename_size=2, batch_weight_size=2, num_collection_passes=1, reset_nwt=yes to MN4artm4core15MasterComponentEFvRKNS_25FitOfflineMasterModelArgsEE
I1006 00:16:00.426347 2047873024 master_component.cc:1398] ProcessBatchesArgs: nwt_target_name=nwt, batch_filename_size=2, batch_size=0, batch_weight_size=2, pwt_source_name=pwt, num_document_passes=1, regularizer=(name:SmoothPhi, tau:100000), class=(author:1), class=(text:1), reuse_theta=yes, opt_for_avx=yes, predict_class_id=, reset_nwt=yes
I1006 00:16:00.443720 33857536 processor.cc:747] Processing queue has data, processing started
I1006 00:16:00.443720 35467264 processor.cc:747] Processing queue has data, processing started
I1006 00:16:00.457090 33857536 processor.cc:820] Processor: start processing batch cd6bbe5d-eae0-4d51-8376-eeffa300e5b5 into model nwt
I1006 00:16:00.467566 35467264 processor.cc:820] Processor: start processing batch a1431b18-19ba-4f2a-809f-5f0b45464dee into model nwt
I1006 00:16:00.612269 33857536 processor.cc:925] Processor: complete processing batch cd6bbe5d-eae0-4d51-8376-eeffa300e5b5 into model nwt
I1006 00:16:00.616279 33857536 cuckoo_watch.h:45] 172ms in ProcessBatch(lectures_batches/aaaaaa.batch) [including 13ms in LoadMessage; 7ms in InitializeSparseNdw; 0ms in FindReuseThetaCacheEntry; 7ms in InitializeTheta; 0ms in CreateRegularizerAgents; 91ms in InferThetaAndUpdateNwtSparse; 0ms in UpdateCacheEntry; 47ms in CalculateScore(^^^ItemsProcessedScore^^^); ]
I1006 00:16:00.640122 33857536 processor.cc:740] No data in processing queue, waiting...
I1006 00:16:00.763622 35467264 processor.cc:925] Processor: complete processing batch a1431b18-19ba-4f2a-809f-5f0b45464dee into model nwt
I1006 00:16:00.770848 35467264 cuckoo_watch.h:45] 327ms in ProcessBatch(lectures_batches/aaaaab.batch) [including 23ms in LoadMessage; 20ms in InitializeSparseNdw; 0ms in FindReuseThetaCacheEntry; 3ms in InitializeTheta; 0ms in CreateRegularizerAgents; 175ms in InferThetaAndUpdateNwtSparse; 0ms in UpdateCacheEntry; 96ms in CalculateScore(^^^ItemsProcessedScore^^^); ]
I1006 00:16:00.772040 2047873024 master_component.cc:1436] RegularizeModelArgs: rwt_target_name=rwt, pwt_source_name=pwt, nwt_source_name=nwt
I1006 00:16:00.772090 2047873024 master_component.cc:976] MasterComponent: start regularizing model pwt
I1006 00:16:00.794999 35467264 processor.cc:740] No data in processing queue, waiting...
I1006 00:16:00.874953 2047873024 master_component.cc:1002] MasterComponent: complete regularizing model pwt
I1006 00:16:00.874974 2047873024 master_component.cc:1449] NormalizeModelArgs: pwt_target_name=pwt, nwt_source_name=nwt, rwt_source_name=rwt
I1006 00:16:00.874981 2047873024 master_component.cc:1006] MasterComponent: start normalizing model nwt
I1006 00:16:00.959815 2047873024 master_component.cc:1034] MasterComponent: complete normalizing model nwt
I1006 00:16:01.056634 2047873024 master_component.cc:1473] DisposeModel rwt
I1006 00:16:01.070823 2047873024 master_component.cc:1059] FitOffline: ItemsProcessed, num_items=1728, num_batches=2, token_weight=808522, token_weight_in_effect=808522
I1006 00:16:01.071102 2047873024 c_interface.cc:389] Pass FitOfflineMasterModelArgs, batch_filename_size=2, batch_weight_size=2, num_collection_passes=1, reset_nwt=yes to MN4artm4core15MasterComponentEFvRKNS_25FitOfflineMasterModelArgsEE
I1006 00:16:01.071118 2047873024 master_component.cc:1398] ProcessBatchesArgs: nwt_target_name=nwt, batch_filename_size=2, batch_size=0, batch_weight_size=2, pwt_source_name=pwt, num_document_passes=1, regularizer=(name:SmoothPhi, tau:100000), class=(author:1), class=(text:1), reuse_theta=yes, opt_for_avx=yes, predict_class_id=, reset_nwt=yes
I1006 00:16:01.090373 35467264 processor.cc:747] Processing queue has data, processing started
I1006 00:16:01.090354 36540416 processor.cc:747] Processing queue has data, processing started
I1006 00:16:01.103981 36540416 processor.cc:820] Processor: start processing batch cd6bbe5d-eae0-4d51-8376-eeffa300e5b5 into model nwt
I1006 00:16:01.114537 35467264 processor.cc:820] Processor: start processing batch a1431b18-19ba-4f2a-809f-5f0b45464dee into model nwt
I1006 00:16:01.260169 36540416 processor.cc:925] Processor: complete processing batch cd6bbe5d-eae0-4d51-8376-eeffa300e5b5 into model nwt
I1006 00:16:01.265094 36540416 cuckoo_watch.h:45] 174ms in ProcessBatch(lectures_batches/aaaaaa.batch) [including 13ms in LoadMessage; 7ms in InitializeSparseNdw; 0ms in FindReuseThetaCacheEntry; 8ms in InitializeTheta; 0ms in CreateRegularizerAgents; 89ms in InferThetaAndUpdateNwtSparse; 0ms in UpdateCacheEntry; 50ms in CalculateScore(^^^ItemsProcessedScore^^^); ]
I1006 00:16:01.289460 36540416 processor.cc:740] No data in processing queue, waiting...
I1006 00:16:01.417917 35467264 processor.cc:925] Processor: complete processing batch a1431b18-19ba-4f2a-809f-5f0b45464dee into model nwt
I1006 00:16:01.424633 35467264 cuckoo_watch.h:45] 334ms in ProcessBatch(lectures_batches/aaaaab.batch) [including 24ms in LoadMessage; 20ms in InitializeSparseNdw; 0ms in FindReuseThetaCacheEntry; 3ms in InitializeTheta; 0ms in CreateRegularizerAgents; 178ms in InferThetaAndUpdateNwtSparse; 0ms in UpdateCacheEntry; 100ms in CalculateScore(^^^ItemsProcessedScore^^^); ]
I1006 00:16:01.425688 2047873024 master_component.cc:1436] RegularizeModelArgs: rwt_target_name=rwt, pwt_source_name=pwt, nwt_source_name=nwt
I1006 00:16:01.425706 2047873024 master_component.cc:976] MasterComponent: start regularizing model pwt
I1006 00:16:01.448550 35467264 processor.cc:740] No data in processing queue, waiting...
I1006 00:16:01.529711 2047873024 master_component.cc:1002] MasterComponent: complete regularizing model pwt
I1006 00:16:01.529732 2047873024 master_component.cc:1449] NormalizeModelArgs: pwt_target_name=pwt, nwt_source_name=nwt, rwt_source_name=rwt
I1006 00:16:01.529739 2047873024 master_component.cc:1006] MasterComponent: start normalizing model nwt
I1006 00:16:01.618068 2047873024 master_component.cc:1034] MasterComponent: complete normalizing model nwt
I1006 00:16:01.721109 2047873024 master_component.cc:1473] DisposeModel rwt
I1006 00:16:01.738198 2047873024 master_component.cc:1059] FitOffline: ItemsProcessed, num_items=1728, num_batches=2, token_weight=808522, token_weight_in_effect=808522
I1006 00:16:01.738481 2047873024 c_interface.cc:389] Pass FitOfflineMasterModelArgs, batch_filename_size=2, batch_weight_size=2, num_collection_passes=1, reset_nwt=yes to MN4artm4core15MasterComponentEFvRKNS_25FitOfflineMasterModelArgsEE
I1006 00:16:01.738497 2047873024 master_component.cc:1398] ProcessBatchesArgs: nwt_target_name=nwt, batch_filename_size=2, batch_size=0, batch_weight_size=2, pwt_source_name=pwt, num_document_passes=1, regularizer=(name:SmoothPhi, tau:100000), class=(author:1), class=(text:1), reuse_theta=yes, opt_for_avx=yes, predict_class_id=, reset_nwt=yes
I1006 00:16:01.758335 25382912 processor.cc:747] Processing queue has data, processing started
I1006 00:16:01.758359 34394112 processor.cc:747] Processing queue has data, processing started
I1006 00:16:01.772027 25382912 processor.cc:820] Processor: start processing batch cd6bbe5d-eae0-4d51-8376-eeffa300e5b5 into model nwt
I1006 00:16:01.783459 34394112 processor.cc:820] Processor: start processing batch a1431b18-19ba-4f2a-809f-5f0b45464dee into model nwt
I1006 00:16:01.934137 25382912 processor.cc:925] Processor: complete processing batch cd6bbe5d-eae0-4d51-8376-eeffa300e5b5 into model nwt
I1006 00:16:01.939046 25382912 cuckoo_watch.h:45] 180ms in ProcessBatch(lectures_batches/aaaaaa.batch) [including 13ms in LoadMessage; 8ms in InitializeSparseNdw; 0ms in FindReuseThetaCacheEntry; 8ms in InitializeTheta; 0ms in CreateRegularizerAgents; 94ms in InferThetaAndUpdateNwtSparse; 0ms in UpdateCacheEntry; 50ms in CalculateScore(^^^ItemsProcessedScore^^^); ]
I1006 00:16:01.962958 25382912 processor.cc:740] No data in processing queue, waiting...
I1006 00:16:02.100383 34394112 processor.cc:925] Processor: complete processing batch a1431b18-19ba-4f2a-809f-5f0b45464dee into model nwt
I1006 00:16:02.106994 34394112 cuckoo_watch.h:45] 348ms in ProcessBatch(lectures_batches/aaaaab.batch) [including 25ms in LoadMessage; 21ms in InitializeSparseNdw; 0ms in FindReuseThetaCacheEntry; 3ms in InitializeTheta; 0ms in CreateRegularizerAgents; 183ms in InferThetaAndUpdateNwtSparse; 0ms in UpdateCacheEntry; 107ms in CalculateScore(^^^ItemsProcessedScore^^^); ]
I1006 00:16:02.108415 2047873024 master_component.cc:1436] RegularizeModelArgs: rwt_target_name=rwt, pwt_source_name=pwt, nwt_source_name=nwt
I1006 00:16:02.108446 2047873024 master_component.cc:976] MasterComponent: start regularizing model pwt
I1006 00:16:02.130940 34394112 processor.cc:740] No data in processing queue, waiting...
I1006 00:16:02.203483 2047873024 master_component.cc:1002] MasterComponent: complete regularizing model pwt
I1006 00:16:02.203557 2047873024 master_component.cc:1449] NormalizeModelArgs: pwt_target_name=pwt, nwt_source_name=nwt, rwt_source_name=rwt
I1006 00:16:02.203564 2047873024 master_component.cc:1006] MasterComponent: start normalizing model nwt
I1006 00:16:02.285372 2047873024 master_component.cc:1034] MasterComponent: complete normalizing model nwt
I1006 00:16:02.387636 2047873024 master_component.cc:1473] DisposeModel rwt
I1006 00:16:02.402240 2047873024 master_component.cc:1059] FitOffline: ItemsProcessed, num_items=1728, num_batches=2, token_weight=808522, token_weight_in_effect=808522
I1006 00:16:02.402498 2047873024 c_interface.cc:389] Pass FitOfflineMasterModelArgs, batch_filename_size=2, batch_weight_size=2, num_collection_passes=1, reset_nwt=yes to MN4artm4core15MasterComponentEFvRKNS_25FitOfflineMasterModelArgsEE
I1006 00:16:02.402513 2047873024 master_component.cc:1398] ProcessBatchesArgs: nwt_target_name=nwt, batch_filename_size=2, batch_size=0, batch_weight_size=2, pwt_source_name=pwt, num_document_passes=1, regularizer=(name:SmoothPhi, tau:100000), class=(author:1), class=(text:1), reuse_theta=yes, opt_for_avx=yes, predict_class_id=, reset_nwt=yes
I1006 00:16:02.421102 34930688 processor.cc:747] Processing queue has data, processing started
I1006 00:16:02.421103 33857536 processor.cc:747] Processing queue has data, processing started
I1006 00:16:02.435317 34930688 processor.cc:820] Processor: start processing batch cd6bbe5d-eae0-4d51-8376-eeffa300e5b5 into model nwt
I1006 00:16:02.445524 33857536 processor.cc:820] Processor: start processing batch a1431b18-19ba-4f2a-809f-5f0b45464dee into model nwt
I1006 00:16:02.584311 34930688 processor.cc:925] Processor: complete processing batch cd6bbe5d-eae0-4d51-8376-eeffa300e5b5 into model nwt
I1006 00:16:02.588773 34930688 cuckoo_watch.h:45] 167ms in ProcessBatch(lectures_batches/aaaaaa.batch) [including 14ms in LoadMessage; 7ms in InitializeSparseNdw; 0ms in FindReuseThetaCacheEntry; 8ms in InitializeTheta; 0ms in CreateRegularizerAgents; 85ms in InferThetaAndUpdateNwtSparse; 0ms in UpdateCacheEntry; 46ms in CalculateScore(^^^ItemsProcessedScore^^^); ]
I1006 00:16:02.612977 34930688 processor.cc:740] No data in processing queue, waiting...
I1006 00:16:02.742786 33857536 processor.cc:925] Processor: complete processing batch a1431b18-19ba-4f2a-809f-5f0b45464dee into model nwt
I1006 00:16:02.749552 33857536 cuckoo_watch.h:45] 328ms in ProcessBatch(lectures_batches/aaaaab.batch) [including 24ms in LoadMessage; 20ms in InitializeSparseNdw; 0ms in FindReuseThetaCacheEntry; 3ms in InitializeTheta; 0ms in CreateRegularizerAgents; 171ms in InferThetaAndUpdateNwtSparse; 0ms in UpdateCacheEntry; 102ms in CalculateScore(^^^ItemsProcessedScore^^^); ]
I1006 00:16:02.750047 2047873024 master_component.cc:1436] RegularizeModelArgs: rwt_target_name=rwt, pwt_source_name=pwt, nwt_source_name=nwt
I1006 00:16:02.750085 2047873024 master_component.cc:976] MasterComponent: start regularizing model pwt
I1006 00:16:02.773295 33857536 processor.cc:740] No data in processing queue, waiting...
I1006 00:16:02.859524 2047873024 master_component.cc:1002] MasterComponent: complete regularizing model pwt
I1006 00:16:02.859547 2047873024 master_component.cc:1449] NormalizeModelArgs: pwt_target_name=pwt, nwt_source_name=nwt, rwt_source_name=rwt
I1006 00:16:02.859555 2047873024 master_component.cc:1006] MasterComponent: start normalizing model nwt
I1006 00:16:02.949214 2047873024 master_component.cc:1034] MasterComponent: complete normalizing model nwt
I1006 00:16:03.051661 2047873024 master_component.cc:1473] DisposeModel rwt
I1006 00:16:03.066305 2047873024 master_component.cc:1059] FitOffline: ItemsProcessed, num_items=1728, num_batches=2, token_weight=808522, token_weight_in_effect=808522
I1006 00:16:03.066553 2047873024 c_interface.cc:389] Pass FitOfflineMasterModelArgs, batch_filename_size=2, batch_weight_size=2, num_collection_passes=1, reset_nwt=yes to MN4artm4core15MasterComponentEFvRKNS_25FitOfflineMasterModelArgsEE
I1006 00:16:03.066565 2047873024 master_component.cc:1398] ProcessBatchesArgs: nwt_target_name=nwt, batch_filename_size=2, batch_size=0, batch_weight_size=2, pwt_source_name=pwt, num_document_passes=1, regularizer=(name:SmoothPhi, tau:100000), class=(author:1), class=(text:1), reuse_theta=yes, opt_for_avx=yes, predict_class_id=, reset_nwt=yes
I1006 00:16:03.085357 34930688 processor.cc:747] Processing queue has data, processing started
I1006 00:16:03.085400 36003840 processor.cc:747] Processing queue has data, processing started
I1006 00:16:03.098793 34930688 processor.cc:820] Processor: start processing batch cd6bbe5d-eae0-4d51-8376-eeffa300e5b5 into model nwt
I1006 00:16:03.108940 36003840 processor.cc:820] Processor: start processing batch a1431b18-19ba-4f2a-809f-5f0b45464dee into model nwt
I1006 00:16:03.248128 34930688 processor.cc:925] Processor: complete processing batch cd6bbe5d-eae0-4d51-8376-eeffa300e5b5 into model nwt
I1006 00:16:03.252014 34930688 cuckoo_watch.h:45] 166ms in ProcessBatch(lectures_batches/aaaaaa.batch) [including 13ms in LoadMessage; 7ms in InitializeSparseNdw; 0ms in FindReuseThetaCacheEntry; 7ms in InitializeTheta; 0ms in CreateRegularizerAgents; 84ms in InferThetaAndUpdateNwtSparse; 0ms in UpdateCacheEntry; 48ms in CalculateScore(^^^ItemsProcessedScore^^^); ]
I1006 00:16:03.276331 34930688 processor.cc:740] No data in processing queue, waiting...
I1006 00:16:03.408957 36003840 processor.cc:925] Processor: complete processing batch a1431b18-19ba-4f2a-809f-5f0b45464dee into model nwt
I1006 00:16:03.416451 36003840 cuckoo_watch.h:45] 331ms in ProcessBatch(lectures_batches/aaaaab.batch) [including 23ms in LoadMessage; 18ms in InitializeSparseNdw; 0ms in FindReuseThetaCacheEntry; 3ms in InitializeTheta; 0ms in CreateRegularizerAgents; 169ms in InferThetaAndUpdateNwtSparse; 0ms in UpdateCacheEntry; 107ms in CalculateScore(^^^ItemsProcessedScore^^^); ]
I1006 00:16:03.417764 2047873024 master_component.cc:1436] RegularizeModelArgs: rwt_target_name=rwt, pwt_source_name=pwt, nwt_source_name=nwt
I1006 00:16:03.417800 2047873024 master_component.cc:976] MasterComponent: start regularizing model pwt
I1006 00:16:03.440474 36003840 processor.cc:740] No data in processing queue, waiting...
I1006 00:16:03.517379 2047873024 master_component.cc:1002] MasterComponent: complete regularizing model pwt
I1006 00:16:03.517400 2047873024 master_component.cc:1449] NormalizeModelArgs: pwt_target_name=pwt, nwt_source_name=nwt, rwt_source_name=rwt
I1006 00:16:03.517405 2047873024 master_component.cc:1006] MasterComponent: start normalizing model nwt
I1006 00:16:03.602313 2047873024 master_component.cc:1034] MasterComponent: complete normalizing model nwt
I1006 00:16:03.704239 2047873024 master_component.cc:1473] DisposeModel rwt
I1006 00:16:03.718806 2047873024 master_component.cc:1059] FitOffline: ItemsProcessed, num_items=1728, num_batches=2, token_weight=808522, token_weight_in_effect=808522
I1006 00:16:03.719143 2047873024 c_interface.cc:389] Pass FitOfflineMasterModelArgs, batch_filename_size=2, batch_weight_size=2, num_collection_passes=1, reset_nwt=yes to MN4artm4core15MasterComponentEFvRKNS_25FitOfflineMasterModelArgsEE
I1006 00:16:03.719159 2047873024 master_component.cc:1398] ProcessBatchesArgs: nwt_target_name=nwt, batch_filename_size=2, batch_size=0, batch_weight_size=2, pwt_source_name=pwt, num_document_passes=1, regularizer=(name:SmoothPhi, tau:100000), class=(author:1), class=(text:1), reuse_theta=yes, opt_for_avx=yes, predict_class_id=, reset_nwt=yes
I1006 00:16:03.740131 36540416 processor.cc:747] Processing queue has data, processing started
I1006 00:16:03.740160 37076992 processor.cc:747] Processing queue has data, processing started
I1006 00:16:03.755350 36540416 processor.cc:820] Processor: start processing batch cd6bbe5d-eae0-4d51-8376-eeffa300e5b5 into model nwt
I1006 00:16:03.766038 37076992 processor.cc:820] Processor: start processing batch a1431b18-19ba-4f2a-809f-5f0b45464dee into model nwt
I1006 00:16:03.913174 36540416 processor.cc:925] Processor: complete processing batch cd6bbe5d-eae0-4d51-8376-eeffa300e5b5 into model nwt
I1006 00:16:03.917435 36540416 cuckoo_watch.h:45] 177ms in ProcessBatch(lectures_batches/aaaaaa.batch) [including 15ms in LoadMessage; 8ms in InitializeSparseNdw; 0ms in FindReuseThetaCacheEntry; 8ms in InitializeTheta; 0ms in CreateRegularizerAgents; 89ms in InferThetaAndUpdateNwtSparse; 0ms in UpdateCacheEntry; 50ms in CalculateScore(^^^ItemsProcessedScore^^^); ]
I1006 00:16:03.941287 36540416 processor.cc:740] No data in processing queue, waiting...
I1006 00:16:04.084838 37076992 processor.cc:925] Processor: complete processing batch a1431b18-19ba-4f2a-809f-5f0b45464dee into model nwt
I1006 00:16:04.091684 37076992 cuckoo_watch.h:45] 351ms in ProcessBatch(lectures_batches/aaaaab.batch) [including 25ms in LoadMessage; 21ms in InitializeSparseNdw; 0ms in FindReuseThetaCacheEntry; 4ms in InitializeTheta; 0ms in CreateRegularizerAgents; 181ms in InferThetaAndUpdateNwtSparse; 0ms in UpdateCacheEntry; 111ms in CalculateScore(^^^ItemsProcessedScore^^^); ]
I1006 00:16:04.092173 2047873024 master_component.cc:1436] RegularizeModelArgs: rwt_target_name=rwt, pwt_source_name=pwt, nwt_source_name=nwt
I1006 00:16:04.092205 2047873024 master_component.cc:976] MasterComponent: start regularizing model pwt
I1006 00:16:04.115556 37076992 processor.cc:740] No data in processing queue, waiting...
I1006 00:16:04.190623 2047873024 master_component.cc:1002] MasterComponent: complete regularizing model pwt
I1006 00:16:04.190644 2047873024 master_component.cc:1449] NormalizeModelArgs: pwt_target_name=pwt, nwt_source_name=nwt, rwt_source_name=rwt
I1006 00:16:04.190649 2047873024 master_component.cc:1006] MasterComponent: start normalizing model nwt
I1006 00:16:04.290844 2047873024 master_component.cc:1034] MasterComponent: complete normalizing model nwt
I1006 00:16:04.390364 2047873024 master_component.cc:1473] DisposeModel rwt
I1006 00:16:04.405999 2047873024 master_component.cc:1059] FitOffline: ItemsProcessed, num_items=1728, num_batches=2, token_weight=808522, token_weight_in_effect=808522
I1006 00:16:04.406250 2047873024 c_interface.cc:389] Pass FitOfflineMasterModelArgs, batch_filename_size=2, batch_weight_size=2, num_collection_passes=1, reset_nwt=yes to MN4artm4core15MasterComponentEFvRKNS_25FitOfflineMasterModelArgsEE
I1006 00:16:04.406262 2047873024 master_component.cc:1398] ProcessBatchesArgs: nwt_target_name=nwt, batch_filename_size=2, batch_size=0, batch_weight_size=2, pwt_source_name=pwt, num_document_passes=1, regularizer=(name:SmoothPhi, tau:100000), class=(author:1), class=(text:1), reuse_theta=yes, opt_for_avx=yes, predict_class_id=, reset_nwt=yes
I1006 00:16:04.424321 34394112 processor.cc:747] Processing queue has data, processing started
I1006 00:16:04.424350 33857536 processor.cc:747] Processing queue has data, processing started
I1006 00:16:04.438015 34394112 processor.cc:820] Processor: start processing batch cd6bbe5d-eae0-4d51-8376-eeffa300e5b5 into model nwt
I1006 00:16:04.448642 33857536 processor.cc:820] Processor: start processing batch a1431b18-19ba-4f2a-809f-5f0b45464dee into model nwt
I1006 00:16:04.588119 34394112 processor.cc:925] Processor: complete processing batch cd6bbe5d-eae0-4d51-8376-eeffa300e5b5 into model nwt
I1006 00:16:04.592406 34394112 cuckoo_watch.h:45] 168ms in ProcessBatch(lectures_batches/aaaaaa.batch) [including 13ms in LoadMessage; 8ms in InitializeSparseNdw; 0ms in FindReuseThetaCacheEntry; 8ms in InitializeTheta; 0ms in CreateRegularizerAgents; 85ms in InferThetaAndUpdateNwtSparse; 0ms in UpdateCacheEntry; 47ms in CalculateScore(^^^ItemsProcessedScore^^^); ]
I1006 00:16:04.616657 34394112 processor.cc:740] No data in processing queue, waiting...
I1006 00:16:04.759578 33857536 processor.cc:925] Processor: complete processing batch a1431b18-19ba-4f2a-809f-5f0b45464dee into model nwt
I1006 00:16:04.766451 33857536 cuckoo_watch.h:45] 342ms in ProcessBatch(lectures_batches/aaaaab.batch) [including 24ms in LoadMessage; 19ms in InitializeSparseNdw; 0ms in FindReuseThetaCacheEntry; 3ms in InitializeTheta; 0ms in CreateRegularizerAgents; 180ms in InferThetaAndUpdateNwtSparse; 0ms in UpdateCacheEntry; 106ms in CalculateScore(^^^ItemsProcessedScore^^^); ]
I1006 00:16:04.767638 2047873024 master_component.cc:1436] RegularizeModelArgs: rwt_target_name=rwt, pwt_source_name=pwt, nwt_source_name=nwt
I1006 00:16:04.767673 2047873024 master_component.cc:976] MasterComponent: start regularizing model pwt
I1006 00:16:04.790179 33857536 processor.cc:740] No data in processing queue, waiting...
I1006 00:16:04.877475 2047873024 master_component.cc:1002] MasterComponent: complete regularizing model pwt
I1006 00:16:04.877496 2047873024 master_component.cc:1449] NormalizeModelArgs: pwt_target_name=pwt, nwt_source_name=nwt, rwt_source_name=rwt
I1006 00:16:04.877501 2047873024 master_component.cc:1006] MasterComponent: start normalizing model nwt
I1006 00:16:04.966719 2047873024 master_component.cc:1034] MasterComponent: complete normalizing model nwt
I1006 00:16:05.059136 2047873024 master_component.cc:1473] DisposeModel rwt
I1006 00:16:05.074337 2047873024 master_component.cc:1059] FitOffline: ItemsProcessed, num_items=1728, num_batches=2, token_weight=808522, token_weight_in_effect=808522
I1006 00:16:05.074576 2047873024 c_interface.cc:389] Pass FitOfflineMasterModelArgs, batch_filename_size=2, batch_weight_size=2, num_collection_passes=1, reset_nwt=yes to MN4artm4core15MasterComponentEFvRKNS_25FitOfflineMasterModelArgsEE
I1006 00:16:05.074590 2047873024 master_component.cc:1398] ProcessBatchesArgs: nwt_target_name=nwt, batch_filename_size=2, batch_size=0, batch_weight_size=2, pwt_source_name=pwt, num_document_passes=1, regularizer=(name:SmoothPhi, tau:100000), class=(author:1), class=(text:1), reuse_theta=yes, opt_for_avx=yes, predict_class_id=, reset_nwt=yes
I1006 00:16:05.093133 34394112 processor.cc:747] Processing queue has data, processing started
I1006 00:16:05.093148 34930688 processor.cc:747] Processing queue has data, processing started
I1006 00:16:05.106910 34394112 processor.cc:820] Processor: start processing batch cd6bbe5d-eae0-4d51-8376-eeffa300e5b5 into model nwt
I1006 00:16:05.117238 34930688 processor.cc:820] Processor: start processing batch a1431b18-19ba-4f2a-809f-5f0b45464dee into model nwt
I1006 00:16:05.268175 34394112 processor.cc:925] Processor: complete processing batch cd6bbe5d-eae0-4d51-8376-eeffa300e5b5 into model nwt
I1006 00:16:05.272650 34394112 cuckoo_watch.h:45] 179ms in ProcessBatch(lectures_batches/aaaaaa.batch) [including 13ms in LoadMessage; 7ms in InitializeSparseNdw; 0ms in FindReuseThetaCacheEntry; 7ms in InitializeTheta; 0ms in CreateRegularizerAgents; 92ms in InferThetaAndUpdateNwtSparse; 1ms in UpdateCacheEntry; 52ms in CalculateScore(^^^ItemsProcessedScore^^^); ]
I1006 00:16:05.296362 34394112 processor.cc:740] No data in processing queue, waiting...
I1006 00:16:05.434624 34930688 processor.cc:925] Processor: complete processing batch a1431b18-19ba-4f2a-809f-5f0b45464dee into model nwt
I1006 00:16:05.442376 34930688 cuckoo_watch.h:45] 349ms in ProcessBatch(lectures_batches/aaaaab.batch) [including 24ms in LoadMessage; 20ms in InitializeSparseNdw; 0ms in FindReuseThetaCacheEntry; 4ms in InitializeTheta; 0ms in CreateRegularizerAgents; 187ms in InferThetaAndUpdateNwtSparse; 0ms in UpdateCacheEntry; 105ms in CalculateScore(^^^ItemsProcessedScore^^^); ]
I1006 00:16:05.443070 2047873024 master_component.cc:1436] RegularizeModelArgs: rwt_target_name=rwt, pwt_source_name=pwt, nwt_source_name=nwt
I1006 00:16:05.443109 2047873024 master_component.cc:976] MasterComponent: start regularizing model pwt
I1006 00:16:05.466466 34930688 processor.cc:740] No data in processing queue, waiting...
I1006 00:16:05.546195 2047873024 master_component.cc:1002] MasterComponent: complete regularizing model pwt
I1006 00:16:05.546250 2047873024 master_component.cc:1449] NormalizeModelArgs: pwt_target_name=pwt, nwt_source_name=nwt, rwt_source_name=rwt
I1006 00:16:05.546259 2047873024 master_component.cc:1006] MasterComponent: start normalizing model nwt
I1006 00:16:05.635547 2047873024 master_component.cc:1034] MasterComponent: complete normalizing model nwt
I1006 00:16:05.733144 2047873024 master_component.cc:1473] DisposeModel rwt
I1006 00:16:05.749861 2047873024 master_component.cc:1059] FitOffline: ItemsProcessed, num_items=1728, num_batches=2, token_weight=808522, token_weight_in_effect=808522
I1006 00:16:05.750128 2047873024 c_interface.cc:389] Pass FitOfflineMasterModelArgs, batch_filename_size=2, batch_weight_size=2, num_collection_passes=1, reset_nwt=yes to MN4artm4core15MasterComponentEFvRKNS_25FitOfflineMasterModelArgsEE
I1006 00:16:05.750142 2047873024 master_component.cc:1398] ProcessBatchesArgs: nwt_target_name=nwt, batch_filename_size=2, batch_size=0, batch_weight_size=2, pwt_source_name=pwt, num_document_passes=1, regularizer=(name:SmoothPhi, tau:100000), class=(author:1), class=(text:1), reuse_theta=yes, opt_for_avx=yes, predict_class_id=, reset_nwt=yes
I1006 00:16:05.771337 36003840 processor.cc:747] Processing queue has data, processing started
I1006 00:16:05.771337 25382912 processor.cc:747] Processing queue has data, processing started
I1006 00:16:05.786288 25382912 processor.cc:820] Processor: start processing batch cd6bbe5d-eae0-4d51-8376-eeffa300e5b5 into model nwt
I1006 00:16:05.796890 36003840 processor.cc:820] Processor: start processing batch a1431b18-19ba-4f2a-809f-5f0b45464dee into model nwt
I1006 00:16:05.943639 25382912 processor.cc:925] Processor: complete processing batch cd6bbe5d-eae0-4d51-8376-eeffa300e5b5 into model nwt
I1006 00:16:05.948505 25382912 cuckoo_watch.h:45] 177ms in ProcessBatch(lectures_batches/aaaaaa.batch) [including 14ms in LoadMessage; 7ms in InitializeSparseNdw; 0ms in FindReuseThetaCacheEntry; 9ms in InitializeTheta; 0ms in CreateRegularizerAgents; 91ms in InferThetaAndUpdateNwtSparse; 0ms in UpdateCacheEntry; 48ms in CalculateScore(^^^ItemsProcessedScore^^^); ]
I1006 00:16:05.972738 25382912 processor.cc:740] No data in processing queue, waiting...
I1006 00:16:06.098580 36003840 processor.cc:925] Processor: complete processing batch a1431b18-19ba-4f2a-809f-5f0b45464dee into model nwt
I1006 00:16:06.105418 36003840 cuckoo_watch.h:45] 333ms in ProcessBatch(lectures_batches/aaaaab.batch) [including 25ms in LoadMessage; 20ms in InitializeSparseNdw; 0ms in FindReuseThetaCacheEntry; 4ms in InitializeTheta; 0ms in CreateRegularizerAgents; 178ms in InferThetaAndUpdateNwtSparse; 0ms in UpdateCacheEntry; 97ms in CalculateScore(^^^ItemsProcessedScore^^^); ]
I1006 00:16:06.106730 2047873024 master_component.cc:1436] RegularizeModelArgs: rwt_target_name=rwt, pwt_source_name=pwt, nwt_source_name=nwt
I1006 00:16:06.106762 2047873024 master_component.cc:976] MasterComponent: start regularizing model pwt
I1006 00:16:06.129467 36003840 processor.cc:740] No data in processing queue, waiting...
I1006 00:16:06.214026 2047873024 master_component.cc:1002] MasterComponent: complete regularizing model pwt
I1006 00:16:06.214049 2047873024 master_component.cc:1449] NormalizeModelArgs: pwt_target_name=pwt, nwt_source_name=nwt, rwt_source_name=rwt
I1006 00:16:06.214058 2047873024 master_component.cc:1006] MasterComponent: start normalizing model nwt
I1006 00:16:06.301476 2047873024 master_component.cc:1034] MasterComponent: complete normalizing model nwt
I1006 00:16:06.393014 2047873024 master_component.cc:1473] DisposeModel rwt
I1006 00:16:06.407974 2047873024 master_component.cc:1059] FitOffline: ItemsProcessed, num_items=1728, num_batches=2, token_weight=808522, token_weight_in_effect=808522
I1006 00:16:06.408222 2047873024 c_interface.cc:389] Pass FitOfflineMasterModelArgs, batch_filename_size=2, batch_weight_size=2, num_collection_passes=1, reset_nwt=yes to MN4artm4core15MasterComponentEFvRKNS_25FitOfflineMasterModelArgsEE
I1006 00:16:06.408263 2047873024 master_component.cc:1398] ProcessBatchesArgs: nwt_target_name=nwt, batch_filename_size=2, batch_size=0, batch_weight_size=2, pwt_source_name=pwt, num_document_passes=1, regularizer=(name:SmoothPhi, tau:100000), class=(author:1), class=(text:1), reuse_theta=yes, opt_for_avx=yes, predict_class_id=, reset_nwt=yes
I1006 00:16:06.426726 35467264 processor.cc:747] Processing queue has data, processing started
I1006 00:16:06.426738 33857536 processor.cc:747] Processing queue has data, processing started
I1006 00:16:06.440304 35467264 processor.cc:820] Processor: start processing batch cd6bbe5d-eae0-4d51-8376-eeffa300e5b5 into model nwt
I1006 00:16:06.451470 33857536 processor.cc:820] Processor: start processing batch a1431b18-19ba-4f2a-809f-5f0b45464dee into model nwt
I1006 00:16:06.593210 35467264 processor.cc:925] Processor: complete processing batch cd6bbe5d-eae0-4d51-8376-eeffa300e5b5 into model nwt
I1006 00:16:06.597527 35467264 cuckoo_watch.h:45] 170ms in ProcessBatch(lectures_batches/aaaaaa.batch) [including 13ms in LoadMessage; 8ms in InitializeSparseNdw; 0ms in FindReuseThetaCacheEntry; 8ms in InitializeTheta; 0ms in CreateRegularizerAgents; 85ms in InferThetaAndUpdateNwtSparse; 0ms in UpdateCacheEntry; 49ms in CalculateScore(^^^ItemsProcessedScore^^^); ]
I1006 00:16:06.621773 35467264 processor.cc:740] No data in processing queue, waiting...
I1006 00:16:06.761401 33857536 processor.cc:925] Processor: complete processing batch a1431b18-19ba-4f2a-809f-5f0b45464dee into model nwt
I1006 00:16:06.767544 33857536 cuckoo_watch.h:45] 340ms in ProcessBatch(lectures_batches/aaaaab.batch) [including 24ms in LoadMessage; 20ms in InitializeSparseNdw; 0ms in FindReuseThetaCacheEntry; 3ms in InitializeTheta; 0ms in CreateRegularizerAgents; 180ms in InferThetaAndUpdateNwtSparse; 0ms in UpdateCacheEntry; 104ms in CalculateScore(^^^ItemsProcessedScore^^^); ]
I1006 00:16:06.767653 2047873024 master_component.cc:1436] RegularizeModelArgs: rwt_target_name=rwt, pwt_source_name=pwt, nwt_source_name=nwt
I1006 00:16:06.767673 2047873024 master_component.cc:976] MasterComponent: start regularizing model pwt
I1006 00:16:06.791899 33857536 processor.cc:740] No data in processing queue, waiting...
I1006 00:16:06.869941 2047873024 master_component.cc:1002] MasterComponent: complete regularizing model pwt
I1006 00:16:06.869962 2047873024 master_component.cc:1449] NormalizeModelArgs: pwt_target_name=pwt, nwt_source_name=nwt, rwt_source_name=rwt
I1006 00:16:06.869971 2047873024 master_component.cc:1006] MasterComponent: start normalizing model nwt
I1006 00:16:06.959682 2047873024 master_component.cc:1034] MasterComponent: complete normalizing model nwt
