Log file created at: 2018/10/05 20:38:34
Running on machine: artems-MBP.Dlink
Log line format: [IWEF]mmdd hh:mm:ss.uuuuuu threadid file:line] msg
I1005 20:38:34.732455 2047873024 c_interface.cc:127] Logging enabled to .
I1005 20:38:34.732836 2047873024 c_interface.cc:128] BigARTM version: v0.9.0
I1005 20:38:34.732888 2047873024 c_interface.cc:271] Pass MasterModelConfig: topic_name_size=0, score_config_size=1, num_processors=0, pwt_name=pwt, nwt_name=nwt, num_document_passes=0, reuse_theta=no, cache_theta=no, opt_for_avx=yes, disk_cache_path= to ArtmCreateMasterModel
I1005 20:38:34.732931 2047873024 c_interface.cc:274] Creating MasterModel (id=1)...
E1005 20:38:34.733911 2047873024 c_interface.cc:59] DiskReadException :  File ../data/lectures.txt does not exist.
I1005 20:38:39.035951 2047873024 c_interface.cc:271] Pass MasterModelConfig: topic_name_size=0, score_config_size=1, num_processors=0, pwt_name=pwt, nwt_name=nwt, num_document_passes=0, reuse_theta=no, cache_theta=no, opt_for_avx=yes, disk_cache_path= to ArtmCreateMasterModel
I1005 20:38:39.035979 2047873024 c_interface.cc:274] Creating MasterModel (id=2)...
E1005 20:38:39.036728 2047873024 c_interface.cc:59] DiskReadException :  File /data/lectures.txt does not exist.
I1005 20:38:45.004443 2047873024 c_interface.cc:271] Pass MasterModelConfig: topic_name_size=0, score_config_size=1, num_processors=0, pwt_name=pwt, nwt_name=nwt, num_document_passes=0, reuse_theta=no, cache_theta=no, opt_for_avx=yes, disk_cache_path= to ArtmCreateMasterModel
I1005 20:38:45.004462 2047873024 c_interface.cc:274] Creating MasterModel (id=3)...
I1005 20:38:45.005304 2047873024 collection_parser.cc:557] CollectionParserConfig.num_threads is automatically set to 8
I1005 20:38:46.284548 2047873024 c_interface.cc:375] Pass adb3c194-959d-4d00-9e6f-e28380eb04c8 to MN4artm4core15MasterComponentEFvRKNSt3__112basic_stringIcNS2_11char_traitsIcEENS2_9allocatorIcEEEEE
I1005 20:38:46.284695 2047873024 c_interface.cc:389] Pass GatherDictionaryArgs: dictionary_target_name=adb3c194-959d-4d00-9e6f-e28380eb04c8, data_path=lectures_batches, symmetric_cooc_values=0 to MN4artm4core15MasterComponentEFvRKNS_20GatherDictionaryArgsEE
I1005 20:38:46.284785 2047873024 dictionary_operations.cc:261] Found 2 batches in 'lectures_batches' folder
I1005 20:38:46.386607 2047873024 dictionary_operations.cc:325] Find 26866 unique tokens in 1728 items
I1005 20:38:46.420626 2047873024 dictionary_operations.cc:589] Dictionary name='adb3c194-959d-4d00-9e6f-e28380eb04c8' contains entries: author:539; text:26327; 
I1005 20:38:51.328357 2047873024 c_interface.cc:271] Pass MasterModelConfig: topic_name_size=30, class=(author:1), class=(text:1), score_config_size=1, num_processors=0, pwt_name=pwt, nwt_name=nwt, num_document_passes=10, reuse_theta=yes, cache_theta=yes, opt_for_avx=yes, disk_cache_path= to ArtmCreateMasterModel
I1005 20:38:51.328380 2047873024 instance.cc:401] MasterModelConfig.processors_count is automatically set to 8
I1005 20:38:51.328451 24309760 processor.cc:724] Processor thread started
I1005 20:38:51.328449 23773184 processor.cc:724] Processor thread started
I1005 20:38:51.328464 24846336 processor.cc:724] Processor thread started
I1005 20:38:51.328485 25919488 processor.cc:724] Processor thread started
I1005 20:38:51.328495 26456064 processor.cc:724] Processor thread started
I1005 20:38:51.328511 26992640 processor.cc:724] Processor thread started
I1005 20:38:51.328516 27529216 processor.cc:724] Processor thread started
I1005 20:38:51.328522 2047873024 c_interface.cc:274] Creating MasterModel (id=4)...
I1005 20:38:51.328533 28065792 processor.cc:724] Processor thread started
I1005 20:38:51.351166 24846336 processor.cc:740] No data in processing queue, waiting...
I1005 20:38:51.351179 26992640 processor.cc:740] No data in processing queue, waiting...
I1005 20:38:51.351191 24309760 processor.cc:740] No data in processing queue, waiting...
I1005 20:38:51.351617 23773184 processor.cc:740] No data in processing queue, waiting...
I1005 20:38:51.351635 27529216 processor.cc:740] No data in processing queue, waiting...
I1005 20:38:51.351641 26456064 processor.cc:740] No data in processing queue, waiting...
I1005 20:38:51.351653 28065792 processor.cc:740] No data in processing queue, waiting...
I1005 20:38:51.351649 25919488 processor.cc:740] No data in processing queue, waiting...
I1005 20:38:54.543627 2047873024 c_interface.cc:271] Pass MasterModelConfig: topic_name_size=0, score_config_size=1, num_processors=0, pwt_name=pwt, nwt_name=nwt, num_document_passes=0, reuse_theta=no, cache_theta=no, opt_for_avx=yes, disk_cache_path= to ArtmCreateMasterModel
I1005 20:38:54.543644 2047873024 c_interface.cc:274] Creating MasterModel (id=5)...
I1005 20:38:54.543982 2047873024 c_interface.cc:375] Pass dictionary to MN4artm4core15MasterComponentEFvRKNSt3__112basic_stringIcNS2_11char_traitsIcEENS2_9allocatorIcEEEEE
I1005 20:38:54.544266 2047873024 c_interface.cc:389] Pass GatherDictionaryArgs: dictionary_target_name=dictionary, data_path=lectures_batches, symmetric_cooc_values=0 to MN4artm4core15MasterComponentEFvRKNS_20GatherDictionaryArgsEE
I1005 20:38:54.544383 2047873024 dictionary_operations.cc:261] Found 2 batches in 'lectures_batches' folder
I1005 20:38:54.640269 2047873024 dictionary_operations.cc:325] Find 26866 unique tokens in 1728 items
I1005 20:38:54.672925 2047873024 dictionary_operations.cc:589] Dictionary name='dictionary' contains entries: author:539; text:26327; 
I1005 20:38:54.673135 2047873024 c_interface.cc:375] Pass pwt to MN4artm4core15MasterComponentEFvRKNSt3__112basic_stringIcNS2_11char_traitsIcEENS2_9allocatorIcEEEEE
I1005 20:38:54.673164 2047873024 c_interface.cc:375] Pass nwt to MN4artm4core15MasterComponentEFvRKNSt3__112basic_stringIcNS2_11char_traitsIcEENS2_9allocatorIcEEEEE
I1005 20:38:54.673383 2047873024 c_interface.cc:389] Pass InitializeModelArgs: model_name=pwt, dictionary_name=dictionary, topic_name_size=30, seed=-1 to MN4artm4core15MasterComponentEFvRKNS_19InitializeModelArgsEE
I1005 20:38:54.819888 2047873024 master_component.cc:664] InitializeModel() created matrix pwt with 30 topics and 26866 tokens; 
I1005 20:38:54.820178 2047873024 c_interface.cc:389] Pass InitializeModelArgs: model_name=nwt, dictionary_name=dictionary, topic_name_size=30, seed=-1 to MN4artm4core15MasterComponentEFvRKNS_19InitializeModelArgsEE
I1005 20:38:54.973132 2047873024 master_component.cc:664] InitializeModel() created matrix nwt with 30 topics and 26866 tokens; 
I1005 20:38:54.973348 2047873024 c_interface.cc:231] ArtmCopyRequestedMessage is copying 311 bytes...
I1005 20:39:16.286991 2047873024 c_interface.cc:389] Pass MasterModelConfig: topic_name_size=30, class=(author:1), class=(text:1), score_config_size=2, num_processors=0, pwt_name=pwt, nwt_name=nwt, num_document_passes=10, reuse_theta=yes, cache_theta=yes, opt_for_avx=yes, disk_cache_path= to MN4artm4core15MasterComponentEFvRKNS_17MasterModelConfigEE
I1005 20:39:16.287037 2047873024 instance.cc:401] MasterModelConfig.processors_count is automatically set to 8
I1005 20:39:16.287580 2047873024 c_interface.cc:389] Pass MasterModelConfig: topic_name_size=30, class=(author:1), class=(text:1), score_config_size=3, num_processors=0, pwt_name=pwt, nwt_name=nwt, num_document_passes=10, reuse_theta=yes, cache_theta=yes, opt_for_avx=yes, disk_cache_path= to MN4artm4core15MasterComponentEFvRKNS_17MasterModelConfigEE
I1005 20:39:16.287596 2047873024 instance.cc:401] MasterModelConfig.processors_count is automatically set to 8
I1005 20:40:07.555817 2047873024 c_interface.cc:389] Pass MasterModelConfig: topic_name_size=30, class=(author:1), class=(text:1), score_config_size=3, num_processors=0, pwt_name=pwt, nwt_name=nwt, num_document_passes=10, regularizer=(SmoothPhi:100000), reuse_theta=yes, cache_theta=yes, opt_for_avx=yes, disk_cache_path= to MN4artm4core15MasterComponentEFvRKNS_17MasterModelConfigEE
I1005 20:40:07.557652 2047873024 instance.cc:401] MasterModelConfig.processors_count is automatically set to 8
I1005 20:40:07.557709 2047873024 instance.cc:232] Regularizer 'SmoothPhi' was cold-reconfigured
I1005 20:43:44.948765 2047873024 c_interface.cc:389] Pass MasterModelConfig: topic_name_size=30, class=(author:1), class=(text:1), score_config_size=4, num_processors=0, pwt_name=pwt, nwt_name=nwt, num_document_passes=10, regularizer=(SmoothPhi:100000), reuse_theta=yes, cache_theta=yes, opt_for_avx=yes, disk_cache_path= to MN4artm4core15MasterComponentEFvRKNS_17MasterModelConfigEE
I1005 20:43:44.948822 2047873024 instance.cc:401] MasterModelConfig.processors_count is automatically set to 8
I1005 20:43:44.948866 2047873024 instance.cc:232] Regularizer 'SmoothPhi' was cold-reconfigured
I1005 20:43:44.949393 2047873024 c_interface.cc:389] Pass MasterModelConfig: topic_name_size=30, class=(author:1), class=(text:1), score_config_size=5, num_processors=0, pwt_name=pwt, nwt_name=nwt, num_document_passes=10, regularizer=(SmoothPhi:100000), reuse_theta=yes, cache_theta=yes, opt_for_avx=yes, disk_cache_path= to MN4artm4core15MasterComponentEFvRKNS_17MasterModelConfigEE
I1005 20:43:44.949414 2047873024 instance.cc:401] MasterModelConfig.processors_count is automatically set to 8
I1005 20:43:44.949455 2047873024 instance.cc:232] Regularizer 'SmoothPhi' was cold-reconfigured
I1005 20:43:55.195276 2047873024 c_interface.cc:389] Pass MasterModelConfig: topic_name_size=30, class=(author:1), class=(text:1), score_config_size=5, num_processors=0, pwt_name=pwt, nwt_name=nwt, num_document_passes=1, regularizer=(SmoothPhi:100000), reuse_theta=yes, cache_theta=yes, opt_for_avx=yes, disk_cache_path= to MN4artm4core15MasterComponentEFvRKNS_17MasterModelConfigEE
I1005 20:43:55.195303 2047873024 instance.cc:401] MasterModelConfig.processors_count is automatically set to 8
I1005 20:43:55.195355 2047873024 instance.cc:232] Regularizer 'SmoothPhi' was cold-reconfigured
I1005 20:43:55.200583 2047873024 c_interface.cc:389] Pass FitOfflineMasterModelArgs, batch_filename_size=2, batch_weight_size=2, num_collection_passes=1, reset_nwt=yes to MN4artm4core15MasterComponentEFvRKNS_25FitOfflineMasterModelArgsEE
I1005 20:43:55.200606 2047873024 master_component.cc:1398] ProcessBatchesArgs: nwt_target_name=nwt, batch_filename_size=2, batch_size=0, batch_weight_size=2, pwt_source_name=pwt, num_document_passes=1, regularizer=(name:SmoothPhi, tau:100000), class=(author:1), class=(text:1), reuse_theta=yes, opt_for_avx=yes, predict_class_id=, reset_nwt=yes
I1005 20:43:55.211782 2047873024 master_component.cc:826] Batches count (=2) is smaller than num processors (=8), which may cause suboptimal performance.
I1005 20:43:55.212471 25919488 processor.cc:747] Processing queue has data, processing started
I1005 20:43:55.212491 26992640 processor.cc:747] Processing queue has data, processing started
I1005 20:43:55.229087 25919488 processor.cc:820] Processor: start processing batch ce56aeaa-c45a-44d3-94bb-0576c2c86967 into model nwt
I1005 20:43:55.240568 26992640 processor.cc:820] Processor: start processing batch 7a20de0e-9086-4daf-9f2f-5d8ba23ddbcb into model nwt
I1005 20:43:55.368289 25919488 processor.cc:925] Processor: complete processing batch ce56aeaa-c45a-44d3-94bb-0576c2c86967 into model nwt
I1005 20:43:55.371503 25919488 cuckoo_watch.h:45] 159ms in ProcessBatch(lectures_batches/aaaaaa.batch) [including 16ms in LoadMessage; 8ms in InitializeSparseNdw; 0ms in FindReuseThetaCacheEntry; 0ms in InitializeTheta; 0ms in CreateRegularizerAgents; 83ms in InferThetaAndUpdateNwtSparse; 0ms in UpdateCacheEntry; 46ms in CalculateScore(^^^ItemsProcessedScore^^^); ]
I1005 20:43:55.395786 25919488 processor.cc:740] No data in processing queue, waiting...
I1005 20:43:55.525880 26992640 processor.cc:925] Processor: complete processing batch 7a20de0e-9086-4daf-9f2f-5d8ba23ddbcb into model nwt
I1005 20:43:55.530611 26992640 cuckoo_watch.h:45] 318ms in ProcessBatch(lectures_batches/aaaaab.batch) [including 28ms in LoadMessage; 23ms in InitializeSparseNdw; 0ms in FindReuseThetaCacheEntry; 0ms in InitializeTheta; 0ms in CreateRegularizerAgents; 162ms in InferThetaAndUpdateNwtSparse; 0ms in UpdateCacheEntry; 98ms in CalculateScore(^^^ItemsProcessedScore^^^); ]
I1005 20:43:55.531889 2047873024 master_component.cc:1436] RegularizeModelArgs: rwt_target_name=rwt, pwt_source_name=pwt, nwt_source_name=nwt
I1005 20:43:55.531931 2047873024 master_component.cc:976] MasterComponent: start regularizing model pwt
I1005 20:43:55.554821 26992640 processor.cc:740] No data in processing queue, waiting...
I1005 20:43:55.633019 2047873024 master_component.cc:1002] MasterComponent: complete regularizing model pwt
I1005 20:43:55.633069 2047873024 master_component.cc:1449] NormalizeModelArgs: pwt_target_name=pwt, nwt_source_name=nwt, rwt_source_name=rwt
I1005 20:43:55.633077 2047873024 master_component.cc:1006] MasterComponent: start normalizing model nwt
I1005 20:43:55.697531 2047873024 master_component.cc:1034] MasterComponent: complete normalizing model nwt
I1005 20:43:55.788257 2047873024 master_component.cc:1473] DisposeModel rwt
I1005 20:43:55.799908 2047873024 master_component.cc:1059] FitOffline: ItemsProcessed, num_items=1728, num_batches=2, token_weight=808522, token_weight_in_effect=808522
I1005 20:43:55.800195 2047873024 c_interface.cc:389] Pass FitOfflineMasterModelArgs, batch_filename_size=2, batch_weight_size=2, num_collection_passes=1, reset_nwt=yes to MN4artm4core15MasterComponentEFvRKNS_25FitOfflineMasterModelArgsEE
I1005 20:43:55.800209 2047873024 master_component.cc:1398] ProcessBatchesArgs: nwt_target_name=nwt, batch_filename_size=2, batch_size=0, batch_weight_size=2, pwt_source_name=pwt, num_document_passes=1, regularizer=(name:SmoothPhi, tau:100000), class=(author:1), class=(text:1), reuse_theta=yes, opt_for_avx=yes, predict_class_id=, reset_nwt=yes
I1005 20:43:55.821828 23773184 processor.cc:747] Processing queue has data, processing started
I1005 20:43:55.821841 26456064 processor.cc:747] Processing queue has data, processing started
I1005 20:43:55.835045 23773184 processor.cc:820] Processor: start processing batch ce56aeaa-c45a-44d3-94bb-0576c2c86967 into model nwt
I1005 20:43:55.846541 26456064 processor.cc:820] Processor: start processing batch 7a20de0e-9086-4daf-9f2f-5d8ba23ddbcb into model nwt
I1005 20:43:55.989785 23773184 processor.cc:925] Processor: complete processing batch ce56aeaa-c45a-44d3-94bb-0576c2c86967 into model nwt
I1005 20:43:55.993270 23773184 cuckoo_watch.h:45] 171ms in ProcessBatch(lectures_batches/aaaaaa.batch) [including 13ms in LoadMessage; 7ms in InitializeSparseNdw; 0ms in FindReuseThetaCacheEntry; 8ms in InitializeTheta; 0ms in CreateRegularizerAgents; 90ms in InferThetaAndUpdateNwtSparse; 0ms in UpdateCacheEntry; 47ms in CalculateScore(^^^ItemsProcessedScore^^^); ]
I1005 20:43:56.016166 23773184 processor.cc:740] No data in processing queue, waiting...
I1005 20:43:56.158021 26456064 processor.cc:925] Processor: complete processing batch 7a20de0e-9086-4daf-9f2f-5d8ba23ddbcb into model nwt
I1005 20:43:56.165176 26456064 cuckoo_watch.h:45] 343ms in ProcessBatch(lectures_batches/aaaaab.batch) [including 24ms in LoadMessage; 22ms in InitializeSparseNdw; 0ms in FindReuseThetaCacheEntry; 3ms in InitializeTheta; 0ms in CreateRegularizerAgents; 177ms in InferThetaAndUpdateNwtSparse; 0ms in UpdateCacheEntry; 108ms in CalculateScore(^^^ItemsProcessedScore^^^); ]
I1005 20:43:56.165976 2047873024 master_component.cc:1436] RegularizeModelArgs: rwt_target_name=rwt, pwt_source_name=pwt, nwt_source_name=nwt
I1005 20:43:56.166007 2047873024 master_component.cc:976] MasterComponent: start regularizing model pwt
I1005 20:43:56.188995 26456064 processor.cc:740] No data in processing queue, waiting...
I1005 20:43:56.260021 2047873024 master_component.cc:1002] MasterComponent: complete regularizing model pwt
I1005 20:43:56.260042 2047873024 master_component.cc:1449] NormalizeModelArgs: pwt_target_name=pwt, nwt_source_name=nwt, rwt_source_name=rwt
I1005 20:43:56.260049 2047873024 master_component.cc:1006] MasterComponent: start normalizing model nwt
I1005 20:43:56.326134 2047873024 master_component.cc:1034] MasterComponent: complete normalizing model nwt
I1005 20:43:56.416357 2047873024 master_component.cc:1473] DisposeModel rwt
I1005 20:43:56.431258 2047873024 master_component.cc:1059] FitOffline: ItemsProcessed, num_items=1728, num_batches=2, token_weight=808522, token_weight_in_effect=808522
I1005 20:43:56.431682 2047873024 c_interface.cc:389] Pass FitOfflineMasterModelArgs, batch_filename_size=2, batch_weight_size=2, num_collection_passes=1, reset_nwt=yes to MN4artm4core15MasterComponentEFvRKNS_25FitOfflineMasterModelArgsEE
I1005 20:43:56.431696 2047873024 master_component.cc:1398] ProcessBatchesArgs: nwt_target_name=nwt, batch_filename_size=2, batch_size=0, batch_weight_size=2, pwt_source_name=pwt, num_document_passes=1, regularizer=(name:SmoothPhi, tau:100000), class=(author:1), class=(text:1), reuse_theta=yes, opt_for_avx=yes, predict_class_id=, reset_nwt=yes
I1005 20:43:56.447667 23773184 processor.cc:747] Processing queue has data, processing started
I1005 20:43:56.447656 26992640 processor.cc:747] Processing queue has data, processing started
I1005 20:43:56.460979 26992640 processor.cc:820] Processor: start processing batch ce56aeaa-c45a-44d3-94bb-0576c2c86967 into model nwt
I1005 20:43:56.471989 23773184 processor.cc:820] Processor: start processing batch 7a20de0e-9086-4daf-9f2f-5d8ba23ddbcb into model nwt
I1005 20:43:56.612551 26992640 processor.cc:925] Processor: complete processing batch ce56aeaa-c45a-44d3-94bb-0576c2c86967 into model nwt
I1005 20:43:56.616565 26992640 cuckoo_watch.h:45] 168ms in ProcessBatch(lectures_batches/aaaaaa.batch) [including 13ms in LoadMessage; 7ms in InitializeSparseNdw; 0ms in FindReuseThetaCacheEntry; 7ms in InitializeTheta; 0ms in CreateRegularizerAgents; 82ms in InferThetaAndUpdateNwtSparse; 0ms in UpdateCacheEntry; 53ms in CalculateScore(^^^ItemsProcessedScore^^^); ]
I1005 20:43:56.640677 26992640 processor.cc:740] No data in processing queue, waiting...
I1005 20:43:56.775437 23773184 processor.cc:925] Processor: complete processing batch 7a20de0e-9086-4daf-9f2f-5d8ba23ddbcb into model nwt
I1005 20:43:56.781044 23773184 cuckoo_watch.h:45] 333ms in ProcessBatch(lectures_batches/aaaaab.batch) [including 24ms in LoadMessage; 19ms in InitializeSparseNdw; 0ms in FindReuseThetaCacheEntry; 3ms in InitializeTheta; 0ms in CreateRegularizerAgents; 176ms in InferThetaAndUpdateNwtSparse; 0ms in UpdateCacheEntry; 103ms in CalculateScore(^^^ItemsProcessedScore^^^); ]
I1005 20:43:56.781157 2047873024 master_component.cc:1436] RegularizeModelArgs: rwt_target_name=rwt, pwt_source_name=pwt, nwt_source_name=nwt
I1005 20:43:56.781196 2047873024 master_component.cc:976] MasterComponent: start regularizing model pwt
I1005 20:43:56.804280 23773184 processor.cc:740] No data in processing queue, waiting...
I1005 20:43:56.874048 2047873024 master_component.cc:1002] MasterComponent: complete regularizing model pwt
I1005 20:43:56.874069 2047873024 master_component.cc:1449] NormalizeModelArgs: pwt_target_name=pwt, nwt_source_name=nwt, rwt_source_name=rwt
I1005 20:43:56.874076 2047873024 master_component.cc:1006] MasterComponent: start normalizing model nwt
I1005 20:43:56.936650 2047873024 master_component.cc:1034] MasterComponent: complete normalizing model nwt
I1005 20:43:57.036363 2047873024 master_component.cc:1473] DisposeModel rwt
I1005 20:43:57.052335 2047873024 master_component.cc:1059] FitOffline: ItemsProcessed, num_items=1728, num_batches=2, token_weight=808522, token_weight_in_effect=808522
I1005 20:43:57.052722 2047873024 c_interface.cc:389] Pass FitOfflineMasterModelArgs, batch_filename_size=2, batch_weight_size=2, num_collection_passes=1, reset_nwt=yes to MN4artm4core15MasterComponentEFvRKNS_25FitOfflineMasterModelArgsEE
I1005 20:43:57.052737 2047873024 master_component.cc:1398] ProcessBatchesArgs: nwt_target_name=nwt, batch_filename_size=2, batch_size=0, batch_weight_size=2, pwt_source_name=pwt, num_document_passes=1, regularizer=(name:SmoothPhi, tau:100000), class=(author:1), class=(text:1), reuse_theta=yes, opt_for_avx=yes, predict_class_id=, reset_nwt=yes
I1005 20:43:57.072753 25919488 processor.cc:747] Processing queue has data, processing started
I1005 20:43:57.072751 28065792 processor.cc:747] Processing queue has data, processing started
I1005 20:43:57.085988 28065792 processor.cc:820] Processor: start processing batch ce56aeaa-c45a-44d3-94bb-0576c2c86967 into model nwt
I1005 20:43:57.097877 25919488 processor.cc:820] Processor: start processing batch 7a20de0e-9086-4daf-9f2f-5d8ba23ddbcb into model nwt
I1005 20:43:57.261234 28065792 processor.cc:925] Processor: complete processing batch ce56aeaa-c45a-44d3-94bb-0576c2c86967 into model nwt
I1005 20:43:57.265841 28065792 cuckoo_watch.h:45] 193ms in ProcessBatch(lectures_batches/aaaaaa.batch) [including 13ms in LoadMessage; 8ms in InitializeSparseNdw; 0ms in FindReuseThetaCacheEntry; 8ms in InitializeTheta; 0ms in CreateRegularizerAgents; 99ms in InferThetaAndUpdateNwtSparse; 0ms in UpdateCacheEntry; 57ms in CalculateScore(^^^ItemsProcessedScore^^^); ]
I1005 20:43:57.287546 28065792 processor.cc:740] No data in processing queue, waiting...
I1005 20:43:57.441242 25919488 processor.cc:925] Processor: complete processing batch 7a20de0e-9086-4daf-9f2f-5d8ba23ddbcb into model nwt
I1005 20:43:57.449697 25919488 cuckoo_watch.h:45] 376ms in ProcessBatch(lectures_batches/aaaaab.batch) [including 25ms in LoadMessage; 23ms in InitializeSparseNdw; 0ms in FindReuseThetaCacheEntry; 4ms in InitializeTheta; 0ms in CreateRegularizerAgents; 187ms in InferThetaAndUpdateNwtSparse; 0ms in UpdateCacheEntry; 127ms in CalculateScore(^^^ItemsProcessedScore^^^); ]
I1005 20:43:57.450146 2047873024 master_component.cc:1436] RegularizeModelArgs: rwt_target_name=rwt, pwt_source_name=pwt, nwt_source_name=nwt
I1005 20:43:57.450170 2047873024 master_component.cc:976] MasterComponent: start regularizing model pwt
I1005 20:43:57.471796 25919488 processor.cc:740] No data in processing queue, waiting...
I1005 20:43:57.551764 2047873024 master_component.cc:1002] MasterComponent: complete regularizing model pwt
I1005 20:43:57.551781 2047873024 master_component.cc:1449] NormalizeModelArgs: pwt_target_name=pwt, nwt_source_name=nwt, rwt_source_name=rwt
I1005 20:43:57.551789 2047873024 master_component.cc:1006] MasterComponent: start normalizing model nwt
I1005 20:43:57.622176 2047873024 master_component.cc:1034] MasterComponent: complete normalizing model nwt
I1005 20:43:57.715340 2047873024 master_component.cc:1473] DisposeModel rwt
I1005 20:43:57.729629 2047873024 master_component.cc:1059] FitOffline: ItemsProcessed, num_items=1728, num_batches=2, token_weight=808522, token_weight_in_effect=808522
I1005 20:43:57.729867 2047873024 c_interface.cc:389] Pass FitOfflineMasterModelArgs, batch_filename_size=2, batch_weight_size=2, num_collection_passes=1, reset_nwt=yes to MN4artm4core15MasterComponentEFvRKNS_25FitOfflineMasterModelArgsEE
I1005 20:43:57.729885 2047873024 master_component.cc:1398] ProcessBatchesArgs: nwt_target_name=nwt, batch_filename_size=2, batch_size=0, batch_weight_size=2, pwt_source_name=pwt, num_document_passes=1, regularizer=(name:SmoothPhi, tau:100000), class=(author:1), class=(text:1), reuse_theta=yes, opt_for_avx=yes, predict_class_id=, reset_nwt=yes
I1005 20:43:57.747006 25919488 processor.cc:747] Processing queue has data, processing started
I1005 20:43:57.747017 24309760 processor.cc:747] Processing queue has data, processing started
I1005 20:43:57.760764 25919488 processor.cc:820] Processor: start processing batch ce56aeaa-c45a-44d3-94bb-0576c2c86967 into model nwt
I1005 20:43:57.772861 24309760 processor.cc:820] Processor: start processing batch 7a20de0e-9086-4daf-9f2f-5d8ba23ddbcb into model nwt
I1005 20:43:57.916653 25919488 processor.cc:925] Processor: complete processing batch ce56aeaa-c45a-44d3-94bb-0576c2c86967 into model nwt
I1005 20:43:57.920368 25919488 cuckoo_watch.h:45] 173ms in ProcessBatch(lectures_batches/aaaaaa.batch) [including 13ms in LoadMessage; 8ms in InitializeSparseNdw; 0ms in FindReuseThetaCacheEntry; 8ms in InitializeTheta; 0ms in CreateRegularizerAgents; 88ms in InferThetaAndUpdateNwtSparse; 0ms in UpdateCacheEntry; 49ms in CalculateScore(^^^ItemsProcessedScore^^^); ]
I1005 20:43:57.942867 25919488 processor.cc:740] No data in processing queue, waiting...
I1005 20:43:58.073140 24309760 processor.cc:925] Processor: complete processing batch 7a20de0e-9086-4daf-9f2f-5d8ba23ddbcb into model nwt
I1005 20:43:58.078666 24309760 cuckoo_watch.h:45] 331ms in ProcessBatch(lectures_batches/aaaaab.batch) [including 25ms in LoadMessage; 23ms in InitializeSparseNdw; 0ms in FindReuseThetaCacheEntry; 3ms in InitializeTheta; 0ms in CreateRegularizerAgents; 168ms in InferThetaAndUpdateNwtSparse; 0ms in UpdateCacheEntry; 104ms in CalculateScore(^^^ItemsProcessedScore^^^); ]
I1005 20:43:58.079556 2047873024 master_component.cc:1436] RegularizeModelArgs: rwt_target_name=rwt, pwt_source_name=pwt, nwt_source_name=nwt
I1005 20:43:58.079614 2047873024 master_component.cc:976] MasterComponent: start regularizing model pwt
I1005 20:43:58.101655 24309760 processor.cc:740] No data in processing queue, waiting...
I1005 20:43:58.167526 2047873024 master_component.cc:1002] MasterComponent: complete regularizing model pwt
I1005 20:43:58.167546 2047873024 master_component.cc:1449] NormalizeModelArgs: pwt_target_name=pwt, nwt_source_name=nwt, rwt_source_name=rwt
I1005 20:43:58.167552 2047873024 master_component.cc:1006] MasterComponent: start normalizing model nwt
I1005 20:43:58.230082 2047873024 master_component.cc:1034] MasterComponent: complete normalizing model nwt
I1005 20:43:58.327049 2047873024 master_component.cc:1473] DisposeModel rwt
I1005 20:43:58.342630 2047873024 master_component.cc:1059] FitOffline: ItemsProcessed, num_items=1728, num_batches=2, token_weight=808522, token_weight_in_effect=808522
I1005 20:43:58.342876 2047873024 c_interface.cc:389] Pass FitOfflineMasterModelArgs, batch_filename_size=2, batch_weight_size=2, num_collection_passes=1, reset_nwt=yes to MN4artm4core15MasterComponentEFvRKNS_25FitOfflineMasterModelArgsEE
I1005 20:43:58.342890 2047873024 master_component.cc:1398] ProcessBatchesArgs: nwt_target_name=nwt, batch_filename_size=2, batch_size=0, batch_weight_size=2, pwt_source_name=pwt, num_document_passes=1, regularizer=(name:SmoothPhi, tau:100000), class=(author:1), class=(text:1), reuse_theta=yes, opt_for_avx=yes, predict_class_id=, reset_nwt=yes
I1005 20:43:58.360190 24846336 processor.cc:747] Processing queue has data, processing started
I1005 20:43:58.360229 26456064 processor.cc:747] Processing queue has data, processing started
I1005 20:43:58.375761 24846336 processor.cc:820] Processor: start processing batch ce56aeaa-c45a-44d3-94bb-0576c2c86967 into model nwt
I1005 20:43:58.386765 26456064 processor.cc:820] Processor: start processing batch 7a20de0e-9086-4daf-9f2f-5d8ba23ddbcb into model nwt
I1005 20:43:58.531863 24846336 processor.cc:925] Processor: complete processing batch ce56aeaa-c45a-44d3-94bb-0576c2c86967 into model nwt
I1005 20:43:58.535776 24846336 cuckoo_watch.h:45] 175ms in ProcessBatch(lectures_batches/aaaaaa.batch) [including 15ms in LoadMessage; 8ms in InitializeSparseNdw; 0ms in FindReuseThetaCacheEntry; 7ms in InitializeTheta; 0ms in CreateRegularizerAgents; 87ms in InferThetaAndUpdateNwtSparse; 0ms in UpdateCacheEntry; 51ms in CalculateScore(^^^ItemsProcessedScore^^^); ]
I1005 20:43:58.559635 24846336 processor.cc:740] No data in processing queue, waiting...
I1005 20:43:58.699182 26456064 processor.cc:925] Processor: complete processing batch 7a20de0e-9086-4daf-9f2f-5d8ba23ddbcb into model nwt
I1005 20:43:58.705273 26456064 cuckoo_watch.h:45] 345ms in ProcessBatch(lectures_batches/aaaaab.batch) [including 26ms in LoadMessage; 19ms in InitializeSparseNdw; 0ms in FindReuseThetaCacheEntry; 3ms in InitializeTheta; 0ms in CreateRegularizerAgents; 175ms in InferThetaAndUpdateNwtSparse; 0ms in UpdateCacheEntry; 114ms in CalculateScore(^^^ItemsProcessedScore^^^); ]
I1005 20:43:58.706255 2047873024 master_component.cc:1436] RegularizeModelArgs: rwt_target_name=rwt, pwt_source_name=pwt, nwt_source_name=nwt
I1005 20:43:58.706286 2047873024 master_component.cc:976] MasterComponent: start regularizing model pwt
I1005 20:43:58.729144 26456064 processor.cc:740] No data in processing queue, waiting...
I1005 20:43:58.796470 2047873024 master_component.cc:1002] MasterComponent: complete regularizing model pwt
I1005 20:43:58.796490 2047873024 master_component.cc:1449] NormalizeModelArgs: pwt_target_name=pwt, nwt_source_name=nwt, rwt_source_name=rwt
I1005 20:43:58.796496 2047873024 master_component.cc:1006] MasterComponent: start normalizing model nwt
I1005 20:43:58.857830 2047873024 master_component.cc:1034] MasterComponent: complete normalizing model nwt
I1005 20:43:58.951071 2047873024 master_component.cc:1473] DisposeModel rwt
I1005 20:43:58.962894 2047873024 master_component.cc:1059] FitOffline: ItemsProcessed, num_items=1728, num_batches=2, token_weight=808522, token_weight_in_effect=808522
I1005 20:43:58.963122 2047873024 c_interface.cc:389] Pass FitOfflineMasterModelArgs, batch_filename_size=2, batch_weight_size=2, num_collection_passes=1, reset_nwt=yes to MN4artm4core15MasterComponentEFvRKNS_25FitOfflineMasterModelArgsEE
I1005 20:43:58.963133 2047873024 master_component.cc:1398] ProcessBatchesArgs: nwt_target_name=nwt, batch_filename_size=2, batch_size=0, batch_weight_size=2, pwt_source_name=pwt, num_document_passes=1, regularizer=(name:SmoothPhi, tau:100000), class=(author:1), class=(text:1), reuse_theta=yes, opt_for_avx=yes, predict_class_id=, reset_nwt=yes
I1005 20:43:58.979045 26456064 processor.cc:747] Processing queue has data, processing started
I1005 20:43:58.979652 26992640 processor.cc:747] Processing queue has data, processing started
I1005 20:43:58.992951 26456064 processor.cc:820] Processor: start processing batch ce56aeaa-c45a-44d3-94bb-0576c2c86967 into model nwt
I1005 20:43:59.003473 26992640 processor.cc:820] Processor: start processing batch 7a20de0e-9086-4daf-9f2f-5d8ba23ddbcb into model nwt
I1005 20:43:59.151010 26456064 processor.cc:925] Processor: complete processing batch ce56aeaa-c45a-44d3-94bb-0576c2c86967 into model nwt
I1005 20:43:59.155457 26456064 cuckoo_watch.h:45] 176ms in ProcessBatch(lectures_batches/aaaaaa.batch) [including 13ms in LoadMessage; 8ms in InitializeSparseNdw; 0ms in FindReuseThetaCacheEntry; 8ms in InitializeTheta; 0ms in CreateRegularizerAgents; 89ms in InferThetaAndUpdateNwtSparse; 0ms in UpdateCacheEntry; 51ms in CalculateScore(^^^ItemsProcessedScore^^^); ]
I1005 20:43:59.179631 26456064 processor.cc:740] No data in processing queue, waiting...
I1005 20:43:59.290877 26992640 processor.cc:925] Processor: complete processing batch 7a20de0e-9086-4daf-9f2f-5d8ba23ddbcb into model nwt
I1005 20:43:59.296880 26992640 cuckoo_watch.h:45] 317ms in ProcessBatch(lectures_batches/aaaaab.batch) [including 23ms in LoadMessage; 18ms in InitializeSparseNdw; 0ms in FindReuseThetaCacheEntry; 3ms in InitializeTheta; 0ms in CreateRegularizerAgents; 170ms in InferThetaAndUpdateNwtSparse; 0ms in UpdateCacheEntry; 94ms in CalculateScore(^^^ItemsProcessedScore^^^); ]
I1005 20:43:59.297865 2047873024 master_component.cc:1436] RegularizeModelArgs: rwt_target_name=rwt, pwt_source_name=pwt, nwt_source_name=nwt
I1005 20:43:59.297905 2047873024 master_component.cc:976] MasterComponent: start regularizing model pwt
I1005 20:43:59.321139 26992640 processor.cc:740] No data in processing queue, waiting...
I1005 20:43:59.385529 2047873024 master_component.cc:1002] MasterComponent: complete regularizing model pwt
I1005 20:43:59.385550 2047873024 master_component.cc:1449] NormalizeModelArgs: pwt_target_name=pwt, nwt_source_name=nwt, rwt_source_name=rwt
I1005 20:43:59.385556 2047873024 master_component.cc:1006] MasterComponent: start normalizing model nwt
I1005 20:43:59.447621 2047873024 master_component.cc:1034] MasterComponent: complete normalizing model nwt
I1005 20:43:59.540622 2047873024 master_component.cc:1473] DisposeModel rwt
I1005 20:43:59.556635 2047873024 master_component.cc:1059] FitOffline: ItemsProcessed, num_items=1728, num_batches=2, token_weight=808522, token_weight_in_effect=808522
I1005 20:43:59.557011 2047873024 c_interface.cc:389] Pass FitOfflineMasterModelArgs, batch_filename_size=2, batch_weight_size=2, num_collection_passes=1, reset_nwt=yes to MN4artm4core15MasterComponentEFvRKNS_25FitOfflineMasterModelArgsEE
I1005 20:43:59.557031 2047873024 master_component.cc:1398] ProcessBatchesArgs: nwt_target_name=nwt, batch_filename_size=2, batch_size=0, batch_weight_size=2, pwt_source_name=pwt, num_document_passes=1, regularizer=(name:SmoothPhi, tau:100000), class=(author:1), class=(text:1), reuse_theta=yes, opt_for_avx=yes, predict_class_id=, reset_nwt=yes
I1005 20:43:59.575361 27529216 processor.cc:747] Processing queue has data, processing started
I1005 20:43:59.575369 26992640 processor.cc:747] Processing queue has data, processing started
I1005 20:43:59.588701 27529216 processor.cc:820] Processor: start processing batch ce56aeaa-c45a-44d3-94bb-0576c2c86967 into model nwt
I1005 20:43:59.600972 26992640 processor.cc:820] Processor: start processing batch 7a20de0e-9086-4daf-9f2f-5d8ba23ddbcb into model nwt
I1005 20:43:59.742336 27529216 processor.cc:925] Processor: complete processing batch ce56aeaa-c45a-44d3-94bb-0576c2c86967 into model nwt
I1005 20:43:59.746714 27529216 cuckoo_watch.h:45] 171ms in ProcessBatch(lectures_batches/aaaaaa.batch) [including 13ms in LoadMessage; 8ms in InitializeSparseNdw; 0ms in FindReuseThetaCacheEntry; 8ms in InitializeTheta; 0ms in CreateRegularizerAgents; 86ms in InferThetaAndUpdateNwtSparse; 0ms in UpdateCacheEntry; 50ms in CalculateScore(^^^ItemsProcessedScore^^^); ]
I1005 20:43:59.770561 27529216 processor.cc:740] No data in processing queue, waiting...
I1005 20:43:59.911603 26992640 processor.cc:925] Processor: complete processing batch 7a20de0e-9086-4daf-9f2f-5d8ba23ddbcb into model nwt
I1005 20:43:59.919332 26992640 cuckoo_watch.h:45] 343ms in ProcessBatch(lectures_batches/aaaaab.batch) [including 25ms in LoadMessage; 20ms in InitializeSparseNdw; 0ms in FindReuseThetaCacheEntry; 3ms in InitializeTheta; 0ms in CreateRegularizerAgents; 178ms in InferThetaAndUpdateNwtSparse; 0ms in UpdateCacheEntry; 107ms in CalculateScore(^^^ItemsProcessedScore^^^); ]
I1005 20:43:59.920140 2047873024 master_component.cc:1436] RegularizeModelArgs: rwt_target_name=rwt, pwt_source_name=pwt, nwt_source_name=nwt
I1005 20:43:59.920176 2047873024 master_component.cc:976] MasterComponent: start regularizing model pwt
I1005 20:43:59.943440 26992640 processor.cc:740] No data in processing queue, waiting...
I1005 20:44:00.012500 2047873024 master_component.cc:1002] MasterComponent: complete regularizing model pwt
I1005 20:44:00.012521 2047873024 master_component.cc:1449] NormalizeModelArgs: pwt_target_name=pwt, nwt_source_name=nwt, rwt_source_name=rwt
I1005 20:44:00.012527 2047873024 master_component.cc:1006] MasterComponent: start normalizing model nwt
I1005 20:44:00.081753 2047873024 master_component.cc:1034] MasterComponent: complete normalizing model nwt
I1005 20:44:00.184284 2047873024 master_component.cc:1473] DisposeModel rwt
I1005 20:44:00.197059 2047873024 master_component.cc:1059] FitOffline: ItemsProcessed, num_items=1728, num_batches=2, token_weight=808522, token_weight_in_effect=808522
I1005 20:44:00.197314 2047873024 c_interface.cc:389] Pass FitOfflineMasterModelArgs, batch_filename_size=2, batch_weight_size=2, num_collection_passes=1, reset_nwt=yes to MN4artm4core15MasterComponentEFvRKNS_25FitOfflineMasterModelArgsEE
I1005 20:44:00.197326 2047873024 master_component.cc:1398] ProcessBatchesArgs: nwt_target_name=nwt, batch_filename_size=2, batch_size=0, batch_weight_size=2, pwt_source_name=pwt, num_document_passes=1, regularizer=(name:SmoothPhi, tau:100000), class=(author:1), class=(text:1), reuse_theta=yes, opt_for_avx=yes, predict_class_id=, reset_nwt=yes
I1005 20:44:00.214275 23773184 processor.cc:747] Processing queue has data, processing started
I1005 20:44:00.214283 28065792 processor.cc:747] Processing queue has data, processing started
I1005 20:44:00.227319 23773184 processor.cc:820] Processor: start processing batch ce56aeaa-c45a-44d3-94bb-0576c2c86967 into model nwt
I1005 20:44:00.239183 28065792 processor.cc:820] Processor: start processing batch 7a20de0e-9086-4daf-9f2f-5d8ba23ddbcb into model nwt
I1005 20:44:00.380079 23773184 processor.cc:925] Processor: complete processing batch ce56aeaa-c45a-44d3-94bb-0576c2c86967 into model nwt
I1005 20:44:00.384181 23773184 cuckoo_watch.h:45] 169ms in ProcessBatch(lectures_batches/aaaaaa.batch) [including 13ms in LoadMessage; 8ms in InitializeSparseNdw; 0ms in FindReuseThetaCacheEntry; 9ms in InitializeTheta; 0ms in CreateRegularizerAgents; 89ms in InferThetaAndUpdateNwtSparse; 0ms in UpdateCacheEntry; 44ms in CalculateScore(^^^ItemsProcessedScore^^^); ]
I1005 20:44:00.407872 23773184 processor.cc:740] No data in processing queue, waiting...
I1005 20:44:00.538931 28065792 processor.cc:925] Processor: complete processing batch 7a20de0e-9086-4daf-9f2f-5d8ba23ddbcb into model nwt
I1005 20:44:00.545488 28065792 cuckoo_watch.h:45] 331ms in ProcessBatch(lectures_batches/aaaaab.batch) [including 24ms in LoadMessage; 19ms in InitializeSparseNdw; 0ms in FindReuseThetaCacheEntry; 4ms in InitializeTheta; 0ms in CreateRegularizerAgents; 167ms in InferThetaAndUpdateNwtSparse; 0ms in UpdateCacheEntry; 108ms in CalculateScore(^^^ItemsProcessedScore^^^); ]
I1005 20:44:00.546243 2047873024 master_component.cc:1436] RegularizeModelArgs: rwt_target_name=rwt, pwt_source_name=pwt, nwt_source_name=nwt
I1005 20:44:00.546304 2047873024 master_component.cc:976] MasterComponent: start regularizing model pwt
I1005 20:44:00.569346 28065792 processor.cc:740] No data in processing queue, waiting...
I1005 20:44:00.641238 2047873024 master_component.cc:1002] MasterComponent: complete regularizing model pwt
I1005 20:44:00.641258 2047873024 master_component.cc:1449] NormalizeModelArgs: pwt_target_name=pwt, nwt_source_name=nwt, rwt_source_name=rwt
I1005 20:44:00.641264 2047873024 master_component.cc:1006] MasterComponent: start normalizing model nwt
I1005 20:44:00.707867 2047873024 master_component.cc:1034] MasterComponent: complete normalizing model nwt
I1005 20:44:00.802667 2047873024 master_component.cc:1473] DisposeModel rwt
I1005 20:44:00.816125 2047873024 master_component.cc:1059] FitOffline: ItemsProcessed, num_items=1728, num_batches=2, token_weight=808522, token_weight_in_effect=808522
I1005 20:44:00.816366 2047873024 c_interface.cc:389] Pass FitOfflineMasterModelArgs, batch_filename_size=2, batch_weight_size=2, num_collection_passes=1, reset_nwt=yes to MN4artm4core15MasterComponentEFvRKNS_25FitOfflineMasterModelArgsEE
I1005 20:44:00.816380 2047873024 master_component.cc:1398] ProcessBatchesArgs: nwt_target_name=nwt, batch_filename_size=2, batch_size=0, batch_weight_size=2, pwt_source_name=pwt, num_document_passes=1, regularizer=(name:SmoothPhi, tau:100000), class=(author:1), class=(text:1), reuse_theta=yes, opt_for_avx=yes, predict_class_id=, reset_nwt=yes
I1005 20:44:00.834218 26456064 processor.cc:747] Processing queue has data, processing started
I1005 20:44:00.834218 25919488 processor.cc:747] Processing queue has data, processing started
I1005 20:44:00.847762 26456064 processor.cc:820] Processor: start processing batch ce56aeaa-c45a-44d3-94bb-0576c2c86967 into model nwt
I1005 20:44:00.858345 25919488 processor.cc:820] Processor: start processing batch 7a20de0e-9086-4daf-9f2f-5d8ba23ddbcb into model nwt
I1005 20:44:00.991667 26456064 processor.cc:925] Processor: complete processing batch ce56aeaa-c45a-44d3-94bb-0576c2c86967 into model nwt
I1005 20:44:00.995420 26456064 cuckoo_watch.h:45] 161ms in ProcessBatch(lectures_batches/aaaaaa.batch) [including 13ms in LoadMessage; 7ms in InitializeSparseNdw; 0ms in FindReuseThetaCacheEntry; 7ms in InitializeTheta; 0ms in CreateRegularizerAgents; 81ms in InferThetaAndUpdateNwtSparse; 0ms in UpdateCacheEntry; 46ms in CalculateScore(^^^ItemsProcessedScore^^^); ]
I1005 20:44:01.019233 26456064 processor.cc:740] No data in processing queue, waiting...
I1005 20:44:01.142748 25919488 processor.cc:925] Processor: complete processing batch 7a20de0e-9086-4daf-9f2f-5d8ba23ddbcb into model nwt
I1005 20:44:01.148983 25919488 cuckoo_watch.h:45] 314ms in ProcessBatch(lectures_batches/aaaaab.batch) [including 24ms in LoadMessage; 19ms in InitializeSparseNdw; 0ms in FindReuseThetaCacheEntry; 3ms in InitializeTheta; 0ms in CreateRegularizerAgents; 163ms in InferThetaAndUpdateNwtSparse; 0ms in UpdateCacheEntry; 97ms in CalculateScore(^^^ItemsProcessedScore^^^); ]
I1005 20:44:01.149893 2047873024 master_component.cc:1436] RegularizeModelArgs: rwt_target_name=rwt, pwt_source_name=pwt, nwt_source_name=nwt
I1005 20:44:01.149909 2047873024 master_component.cc:976] MasterComponent: start regularizing model pwt
I1005 20:44:01.172472 25919488 processor.cc:740] No data in processing queue, waiting...
I1005 20:44:01.234354 2047873024 master_component.cc:1002] MasterComponent: complete regularizing model pwt
I1005 20:44:01.234423 2047873024 master_component.cc:1449] NormalizeModelArgs: pwt_target_name=pwt, nwt_source_name=nwt, rwt_source_name=rwt
I1005 20:44:01.234431 2047873024 master_component.cc:1006] MasterComponent: start normalizing model nwt
I1005 20:44:01.291513 2047873024 master_component.cc:1034] MasterComponent: complete normalizing model nwt
I1005 20:44:01.377830 2047873024 master_component.cc:1473] DisposeModel rwt
I1005 20:44:01.388345 2047873024 master_component.cc:1059] FitOffline: ItemsProcessed, num_items=1728, num_batches=2, token_weight=808522, token_weight_in_effect=808522
I1005 20:44:01.388571 2047873024 c_interface.cc:389] Pass FitOfflineMasterModelArgs, batch_filename_size=2, batch_weight_size=2, num_collection_passes=1, reset_nwt=yes to MN4artm4core15MasterComponentEFvRKNS_25FitOfflineMasterModelArgsEE
I1005 20:44:01.388582 2047873024 master_component.cc:1398] ProcessBatchesArgs: nwt_target_name=nwt, batch_filename_size=2, batch_size=0, batch_weight_size=2, pwt_source_name=pwt, num_document_passes=1, regularizer=(name:SmoothPhi, tau:100000), class=(author:1), class=(text:1), reuse_theta=yes, opt_for_avx=yes, predict_class_id=, reset_nwt=yes
I1005 20:44:01.402693 26456064 processor.cc:747] Processing queue has data, processing started
I1005 20:44:01.402719 24846336 processor.cc:747] Processing queue has data, processing started
I1005 20:44:01.416270 26456064 processor.cc:820] Processor: start processing batch ce56aeaa-c45a-44d3-94bb-0576c2c86967 into model nwt
I1005 20:44:01.428882 24846336 processor.cc:820] Processor: start processing batch 7a20de0e-9086-4daf-9f2f-5d8ba23ddbcb into model nwt
I1005 20:44:01.567456 26456064 processor.cc:925] Processor: complete processing batch ce56aeaa-c45a-44d3-94bb-0576c2c86967 into model nwt
I1005 20:44:01.571182 26456064 cuckoo_watch.h:45] 168ms in ProcessBatch(lectures_batches/aaaaaa.batch) [including 13ms in LoadMessage; 9ms in InitializeSparseNdw; 0ms in FindReuseThetaCacheEntry; 9ms in InitializeTheta; 0ms in CreateRegularizerAgents; 83ms in InferThetaAndUpdateNwtSparse; 0ms in UpdateCacheEntry; 48ms in CalculateScore(^^^ItemsProcessedScore^^^); ]
I1005 20:44:01.594303 26456064 processor.cc:740] No data in processing queue, waiting...
I1005 20:44:01.733042 24846336 processor.cc:925] Processor: complete processing batch 7a20de0e-9086-4daf-9f2f-5d8ba23ddbcb into model nwt
I1005 20:44:01.739375 24846336 cuckoo_watch.h:45] 336ms in ProcessBatch(lectures_batches/aaaaab.batch) [including 26ms in LoadMessage; 21ms in InitializeSparseNdw; 0ms in FindReuseThetaCacheEntry; 3ms in InitializeTheta; 0ms in CreateRegularizerAgents; 171ms in InferThetaAndUpdateNwtSparse; 0ms in UpdateCacheEntry; 107ms in CalculateScore(^^^ItemsProcessedScore^^^); ]
I1005 20:44:01.739756 2047873024 master_component.cc:1436] RegularizeModelArgs: rwt_target_name=rwt, pwt_source_name=pwt, nwt_source_name=nwt
I1005 20:44:01.739778 2047873024 master_component.cc:976] MasterComponent: start regularizing model pwt
I1005 20:44:01.763535 24846336 processor.cc:740] No data in processing queue, waiting...
I1005 20:44:01.832463 2047873024 master_component.cc:1002] MasterComponent: complete regularizing model pwt
I1005 20:44:01.832482 2047873024 master_component.cc:1449] NormalizeModelArgs: pwt_target_name=pwt, nwt_source_name=nwt, rwt_source_name=rwt
I1005 20:44:01.832489 2047873024 master_component.cc:1006] MasterComponent: start normalizing model nwt
I1005 20:44:01.896102 2047873024 master_component.cc:1034] MasterComponent: complete normalizing model nwt
I1005 20:44:01.983903 2047873024 master_component.cc:1473] DisposeModel rwt
I1005 20:44:01.996258 2047873024 master_component.cc:1059] FitOffline: ItemsProcessed, num_items=1728, num_batches=2, token_weight=808522, token_weight_in_effect=808522
I1005 20:44:01.996495 2047873024 c_interface.cc:389] Pass FitOfflineMasterModelArgs, batch_filename_size=2, batch_weight_size=2, num_collection_passes=1, reset_nwt=yes to MN4artm4core15MasterComponentEFvRKNS_25FitOfflineMasterModelArgsEE
I1005 20:44:01.996510 2047873024 master_component.cc:1398] ProcessBatchesArgs: nwt_target_name=nwt, batch_filename_size=2, batch_size=0, batch_weight_size=2, pwt_source_name=pwt, num_document_passes=1, regularizer=(name:SmoothPhi, tau:100000), class=(author:1), class=(text:1), reuse_theta=yes, opt_for_avx=yes, predict_class_id=, reset_nwt=yes
I1005 20:44:02.011590 26456064 processor.cc:747] Processing queue has data, processing started
I1005 20:44:02.011620 26992640 processor.cc:747] Processing queue has data, processing started
I1005 20:44:02.025032 26456064 processor.cc:820] Processor: start processing batch ce56aeaa-c45a-44d3-94bb-0576c2c86967 into model nwt
I1005 20:44:02.036749 26992640 processor.cc:820] Processor: start processing batch 7a20de0e-9086-4daf-9f2f-5d8ba23ddbcb into model nwt
I1005 20:44:02.176198 26456064 processor.cc:925] Processor: complete processing batch ce56aeaa-c45a-44d3-94bb-0576c2c86967 into model nwt
I1005 20:44:02.180315 26456064 cuckoo_watch.h:45] 168ms in ProcessBatch(lectures_batches/aaaaaa.batch) [including 13ms in LoadMessage; 8ms in InitializeSparseNdw; 0ms in FindReuseThetaCacheEntry; 7ms in InitializeTheta; 0ms in CreateRegularizerAgents; 83ms in InferThetaAndUpdateNwtSparse; 0ms in UpdateCacheEntry; 50ms in CalculateScore(^^^ItemsProcessedScore^^^); ]
I1005 20:44:02.204565 26456064 processor.cc:740] No data in processing queue, waiting...
I1005 20:44:02.346987 26992640 processor.cc:925] Processor: complete processing batch 7a20de0e-9086-4daf-9f2f-5d8ba23ddbcb into model nwt
I1005 20:44:02.353052 26992640 cuckoo_watch.h:45] 341ms in ProcessBatch(lectures_batches/aaaaab.batch) [including 25ms in LoadMessage; 19ms in InitializeSparseNdw; 0ms in FindReuseThetaCacheEntry; 3ms in InitializeTheta; 0ms in CreateRegularizerAgents; 175ms in InferThetaAndUpdateNwtSparse; 0ms in UpdateCacheEntry; 112ms in CalculateScore(^^^ItemsProcessedScore^^^); ]
I1005 20:44:02.354274 2047873024 master_component.cc:1436] RegularizeModelArgs: rwt_target_name=rwt, pwt_source_name=pwt, nwt_source_name=nwt
I1005 20:44:02.354313 2047873024 master_component.cc:976] MasterComponent: start regularizing model pwt
I1005 20:44:02.376637 26992640 processor.cc:740] No data in processing queue, waiting...
I1005 20:44:02.436813 2047873024 master_component.cc:1002] MasterComponent: complete regularizing model pwt
I1005 20:44:02.436830 2047873024 master_component.cc:1449] NormalizeModelArgs: pwt_target_name=pwt, nwt_source_name=nwt, rwt_source_name=rwt
I1005 20:44:02.436836 2047873024 master_component.cc:1006] MasterComponent: start normalizing model nwt
I1005 20:44:02.504215 2047873024 master_component.cc:1034] MasterComponent: complete normalizing model nwt
I1005 20:44:02.594288 2047873024 master_component.cc:1473] DisposeModel rwt
I1005 20:44:02.604766 2047873024 master_component.cc:1059] FitOffline: ItemsProcessed, num_items=1728, num_batches=2, token_weight=808522, token_weight_in_effect=808522
I1005 20:44:02.604990 2047873024 c_interface.cc:389] Pass FitOfflineMasterModelArgs, batch_filename_size=2, batch_weight_size=2, num_collection_passes=1, reset_nwt=yes to MN4artm4core15MasterComponentEFvRKNS_25FitOfflineMasterModelArgsEE
I1005 20:44:02.605001 2047873024 master_component.cc:1398] ProcessBatchesArgs: nwt_target_name=nwt, batch_filename_size=2, batch_size=0, batch_weight_size=2, pwt_source_name=pwt, num_document_passes=1, regularizer=(name:SmoothPhi, tau:100000), class=(author:1), class=(text:1), reuse_theta=yes, opt_for_avx=yes, predict_class_id=, reset_nwt=yes
I1005 20:44:02.622073 25919488 processor.cc:747] Processing queue has data, processing started
I1005 20:44:02.622066 26992640 processor.cc:747] Processing queue has data, processing started
I1005 20:44:02.635283 26992640 processor.cc:820] Processor: start processing batch ce56aeaa-c45a-44d3-94bb-0576c2c86967 into model nwt
I1005 20:44:02.645229 25919488 processor.cc:820] Processor: start processing batch 7a20de0e-9086-4daf-9f2f-5d8ba23ddbcb into model nwt
I1005 20:44:02.786092 26992640 processor.cc:925] Processor: complete processing batch ce56aeaa-c45a-44d3-94bb-0576c2c86967 into model nwt
I1005 20:44:02.790369 26992640 cuckoo_watch.h:45] 168ms in ProcessBatch(lectures_batches/aaaaaa.batch) [including 13ms in LoadMessage; 7ms in InitializeSparseNdw; 0ms in FindReuseThetaCacheEntry; 8ms in InitializeTheta; 0ms in CreateRegularizerAgents; 84ms in InferThetaAndUpdateNwtSparse; 0ms in UpdateCacheEntry; 50ms in CalculateScore(^^^ItemsProcessedScore^^^); ]
I1005 20:44:02.813601 26992640 processor.cc:740] No data in processing queue, waiting...
